[0.002s][warning][gc] -XX:+PrintGCDetails is deprecated. Will use -Xlog:gc* instead.
[0.008s][info   ][gc,init] Initializing The Z Garbage Collector
[0.008s][info   ][gc,init] Version: 12.0.1+12 (release)
[0.008s][info   ][gc,init] NUMA Support: Enabled
[0.008s][info   ][gc,init] NUMA Nodes: 2
[0.008s][info   ][gc,init] CPUs: 40 total, 40 available
[0.008s][info   ][gc,init] Memory: 161170M
[0.008s][info   ][gc,init] Large Page Support: Enabled (Explicit)
[0.008s][info   ][gc,init] Workers: 24 parallel, 14 concurrent
[0.013s][info   ][gc,init] Heap backed by file: /memfd:java_heap.hugetlb
[0.013s][info   ][gc,init] Available space on backing filesystem: N/A
[0.013s][info   ][gc,init] Pre-touching: Disabled
[0.013s][info   ][gc,init] Pre-mapping: 10240M
[0.035s][info   ][gc,init] Runtime Workers: 24 parallel
[0.039s][info   ][gc     ] Using The Z Garbage Collector
[3.744s][info   ][gc,start] GC(0) Garbage Collection (Metadata GC Threshold)
[3.745s][info   ][gc,phases] GC(0) Pause Mark Start 0.637ms
[3.749s][info   ][gc,phases] GC(0) Concurrent Mark 4.311ms
[3.750s][info   ][gc,phases] GC(0) Pause Mark End 0.804ms
[3.751s][info   ][gc,phases] GC(0) Concurrent Process Non-Strong References 0.823ms
[3.751s][info   ][gc,phases] GC(0) Concurrent Reset Relocation Set 0.001ms
[3.751s][info   ][gc,phases] GC(0) Concurrent Destroy Detached Pages 0.001ms
[3.756s][info   ][gc,phases] GC(0) Concurrent Select Relocation Set 4.904ms
[3.758s][info   ][gc,phases] GC(0) Concurrent Prepare Relocation Set 1.628ms
[3.759s][info   ][gc,phases] GC(0) Pause Relocate Start 1.025ms
[3.764s][info   ][gc,phases] GC(0) Concurrent Relocate 4.701ms
[3.764s][info   ][gc,load  ] GC(0) Load: 0.29/0.08/0.02
[3.764s][info   ][gc,mmu   ] GC(0) MMU: 2ms/48.8%, 5ms/79.5%, 10ms/81.7%, 20ms/87.7%, 50ms/95.1%, 100ms/97.5%
[3.764s][info   ][gc,marking] GC(0) Mark: 8 stripe(s), 3 proactive flush(es), 1 terminate flush(es), 1 completion(s), 0 continuation(s) 
[3.764s][info   ][gc,reloc  ] GC(0) Relocation: Successful, 8M relocated
[3.764s][info   ][gc,nmethod] GC(0) NMethods: 1975 registered, 0 unregistered
[3.764s][info   ][gc,metaspace] GC(0) Metaspace: 20M used, 20M capacity, 21M committed, 22M reserved
[3.764s][info   ][gc,ref      ] GC(0) Soft: 2750 encountered, 0 discovered, 0 enqueued
[3.764s][info   ][gc,ref      ] GC(0) Weak: 989 encountered, 341 discovered, 156 enqueued
[3.764s][info   ][gc,ref      ] GC(0) Final: 2 encountered, 1 discovered, 1 enqueued
[3.764s][info   ][gc,ref      ] GC(0) Phantom: 217 encountered, 206 discovered, 136 enqueued
[3.764s][info   ][gc,heap     ] GC(0)                Mark Start          Mark End        Relocate Start      Relocate End           High               Low         
[3.764s][info   ][gc,heap     ] GC(0)  Capacity:    10320M (10%)       10320M (10%)       10320M (10%)       10320M (10%)       10320M (10%)       10320M (10%)    
[3.764s][info   ][gc,heap     ] GC(0)   Reserve:       80M (0%)           80M (0%)           80M (0%)           80M (0%)           80M (0%)           80M (0%)     
[3.764s][info   ][gc,heap     ] GC(0)      Free:   100156M (100%)     100154M (100%)     100154M (100%)     100204M (100%)     100204M (100%)     100120M (100%)   
[3.764s][info   ][gc,heap     ] GC(0)      Used:      116M (0%)          118M (0%)          118M (0%)           68M (0%)          152M (0%)           68M (0%)     
[3.764s][info   ][gc,heap     ] GC(0)      Live:         -                 8M (0%)            8M (0%)            8M (0%)             -                  -          
[3.764s][info   ][gc,heap     ] GC(0) Allocated:         -                 2M (0%)            2M (0%)           36M (0%)             -                  -          
[3.764s][info   ][gc,heap     ] GC(0)   Garbage:         -               107M (0%)          107M (0%)           57M (0%)             -                  -          
[3.764s][info   ][gc,heap     ] GC(0) Reclaimed:         -                  -                 0M (0%)           50M (0%)             -                  -          
[3.764s][info   ][gc          ] GC(0) Garbage Collection (Metadata GC Threshold) 116M(0%)->68M(0%)
[6.681s][info   ][gc,start    ] GC(1) Garbage Collection (Metadata GC Threshold)
[6.681s][info   ][gc,phases   ] GC(1) Pause Mark Start 0.517ms
[6.688s][info   ][gc,phases   ] GC(1) Concurrent Mark 6.406ms
[6.689s][info   ][gc,phases   ] GC(1) Pause Mark End 0.927ms
[6.699s][info   ][gc,phases   ] GC(1) Concurrent Process Non-Strong References 10.246ms
[6.699s][info   ][gc,phases   ] GC(1) Concurrent Reset Relocation Set 0.013ms
[6.699s][info   ][gc,phases   ] GC(1) Concurrent Destroy Detached Pages 0.001ms
[6.701s][info   ][gc,phases   ] GC(1) Concurrent Select Relocation Set 1.815ms
[6.703s][info   ][gc,phases   ] GC(1) Concurrent Prepare Relocation Set 1.354ms
[6.703s][info   ][gc,phases   ] GC(1) Pause Relocate Start 0.195ms
[6.707s][info   ][gc,phases   ] GC(1) Concurrent Relocate 4.160ms
[6.707s][info   ][gc,load     ] GC(1) Load: 0.29/0.08/0.02
[6.707s][info   ][gc,mmu      ] GC(1) MMU: 2ms/48.8%, 5ms/79.5%, 10ms/81.7%, 20ms/87.7%, 50ms/95.1%, 100ms/97.5%
[6.707s][info   ][gc,marking  ] GC(1) Mark: 8 stripe(s), 3 proactive flush(es), 1 terminate flush(es), 1 completion(s), 0 continuation(s) 
[6.707s][info   ][gc,reloc    ] GC(1) Relocation: Successful, 12M relocated
[6.707s][info   ][gc,nmethod  ] GC(1) NMethods: 3093 registered, 837 unregistered
[6.707s][info   ][gc,metaspace] GC(1) Metaspace: 34M used, 35M capacity, 35M committed, 36M reserved
[6.707s][info   ][gc,ref      ] GC(1) Soft: 3076 encountered, 0 discovered, 0 enqueued
[6.707s][info   ][gc,ref      ] GC(1) Weak: 1462 encountered, 451 discovered, 177 enqueued
[6.707s][info   ][gc,ref      ] GC(1) Final: 68 encountered, 57 discovered, 57 enqueued
[6.707s][info   ][gc,ref      ] GC(1) Phantom: 409 encountered, 381 discovered, 312 enqueued
[6.707s][info   ][gc,heap     ] GC(1)                Mark Start          Mark End        Relocate Start      Relocate End           High               Low         
[6.707s][info   ][gc,heap     ] GC(1)  Capacity:    10320M (10%)       10320M (10%)       10320M (10%)       10320M (10%)       10320M (10%)       10320M (10%)    
[6.707s][info   ][gc,heap     ] GC(1)   Reserve:       80M (0%)           80M (0%)           80M (0%)           80M (0%)           80M (0%)           80M (0%)     
[6.707s][info   ][gc,heap     ] GC(1)      Free:    99650M (99%)       99646M (99%)       99948M (100%)     100188M (100%)     100188M (100%)      99642M (99%)    
[6.707s][info   ][gc,heap     ] GC(1)      Used:      622M (1%)          626M (1%)          324M (0%)           84M (0%)          630M (1%)           84M (0%)     
[6.707s][info   ][gc,heap     ] GC(1)      Live:         -                14M (0%)           14M (0%)           14M (0%)             -                  -          
[6.707s][info   ][gc,heap     ] GC(1) Allocated:         -                 4M (0%)           12M (0%)          114M (0%)             -                  -          
[6.707s][info   ][gc,heap     ] GC(1)   Garbage:         -               607M (1%)          297M (0%)           89M (0%)             -                  -          
[6.707s][info   ][gc,heap     ] GC(1) Reclaimed:         -                  -               310M (0%)          518M (1%)             -                  -          
[6.707s][info   ][gc          ] GC(1) Garbage Collection (Metadata GC Threshold) 622M(1%)->84M(0%)
[10.170s][info   ][gc,stats    ] === Garbage Collection Statistics =======================================================================================================================
[10.170s][info   ][gc,stats    ]                                                              Last 10s              Last 10m              Last 10h                Total
[10.170s][info   ][gc,stats    ]                                                              Avg / Max             Avg / Max             Avg / Max             Avg / Max
[10.170s][info   ][gc,stats    ]   Collector: Garbage Collection Cycle                     23.399 / 26.592       23.399 / 26.592       23.399 / 26.592       23.399 / 26.592      ms
[10.170s][info   ][gc,stats    ]  Contention: Mark Segment Reset Contention                     0 / 6                 0 / 6                 0 / 6                 0 / 6           ops/s
[10.170s][info   ][gc,stats    ]  Contention: Mark SeqNum Reset Contention                      0 / 0                 0 / 0                 0 / 0                 0 / 0           ops/s
[10.170s][info   ][gc,stats    ]  Contention: Relocation Contention                             0 / 6                 0 / 6                 0 / 6                 0 / 6           ops/s
[10.170s][info   ][gc,stats    ]    Critical: Allocation Stall                              0.000 / 0.000         0.000 / 0.000         0.000 / 0.000         0.000 / 0.000       ms
[10.170s][info   ][gc,stats    ]    Critical: Allocation Stall                                  0 / 0                 0 / 0                 0 / 0                 0 / 0           ops/s
[10.170s][info   ][gc,stats    ]    Critical: GC Locker Stall                               0.000 / 0.000         0.000 / 0.000         0.000 / 0.000         0.000 / 0.000       ms
[10.170s][info   ][gc,stats    ]    Critical: GC Locker Stall                                   0 / 0                 0 / 0                 0 / 0                 0 / 0           ops/s
[10.170s][info   ][gc,stats    ]      Memory: Allocation Rate                                 233 / 596             233 / 596             233 / 596             233 / 596         MB/s
[10.170s][info   ][gc,stats    ]      Memory: Heap Used After Mark                            372 / 626             372 / 626             372 / 626             372 / 626         MB
[10.170s][info   ][gc,stats    ]      Memory: Heap Used After Relocation                       76 / 84               76 / 84               76 / 84               76 / 84          MB
[10.170s][info   ][gc,stats    ]      Memory: Heap Used Before Mark                           369 / 622             369 / 622             369 / 622             369 / 622         MB
[10.170s][info   ][gc,stats    ]      Memory: Heap Used Before Relocation                     221 / 324             221 / 324             221 / 324             221 / 324         MB
[10.170s][info   ][gc,stats    ]      Memory: Out Of Memory                                     0 / 0                 0 / 0                 0 / 0                 0 / 0           ops/s
[10.170s][info   ][gc,stats    ]      Memory: Page Cache Flush                                  0 / 0                 0 / 0                 0 / 0                 0 / 0           MB/s
[10.170s][info   ][gc,stats    ]      Memory: Page Cache Hit L1                                31 / 142              31 / 142              31 / 142              31 / 142         ops/s
[10.170s][info   ][gc,stats    ]      Memory: Page Cache Hit L2                                 7 / 41                7 / 41                7 / 41                7 / 41          ops/s
[10.170s][info   ][gc,stats    ]      Memory: Page Cache Miss                                  76 / 282              76 / 282              76 / 282              76 / 282         ops/s
[10.170s][info   ][gc,stats    ]      Memory: Undo Object Allocation Failed                     0 / 0                 0 / 0                 0 / 0                 0 / 0           ops/s
[10.170s][info   ][gc,stats    ]      Memory: Undo Object Allocation Succeeded                  0 / 6                 0 / 6                 0 / 6                 0 / 6           ops/s
[10.170s][info   ][gc,stats    ]      Memory: Undo Page Allocation                              7 / 69                7 / 69                7 / 69                7 / 69          ops/s
[10.170s][info   ][gc,stats    ]       Phase: Concurrent Destroy Detached Pages             0.001 / 0.001         0.001 / 0.001         0.001 / 0.001         0.001 / 0.001       ms
[10.170s][info   ][gc,stats    ]       Phase: Concurrent Mark                               5.358 / 6.406         5.358 / 6.406         5.358 / 6.406         5.358 / 6.406       ms
[10.170s][info   ][gc,stats    ]       Phase: Concurrent Mark Continue                      0.000 / 0.000         0.000 / 0.000         0.000 / 0.000         0.000 / 0.000       ms
[10.170s][info   ][gc,stats    ]       Phase: Concurrent Prepare Relocation Set             1.491 / 1.628         1.491 / 1.628         1.491 / 1.628         1.491 / 1.628       ms
[10.170s][info   ][gc,stats    ]       Phase: Concurrent Process Non-Strong References      5.535 / 10.246        5.535 / 10.246        5.535 / 10.246        5.535 / 10.246      ms
[10.170s][info   ][gc,stats    ]       Phase: Concurrent Relocate                           4.431 / 4.701         4.431 / 4.701         4.431 / 4.701         4.431 / 4.701       ms
[10.170s][info   ][gc,stats    ]       Phase: Concurrent Reset Relocation Set               0.007 / 0.013         0.007 / 0.013         0.007 / 0.013         0.007 / 0.013       ms
[10.170s][info   ][gc,stats    ]       Phase: Concurrent Select Relocation Set              3.360 / 4.904         3.360 / 4.904         3.360 / 4.904         3.360 / 4.904       ms
[10.170s][info   ][gc,stats    ]       Phase: Pause Mark End                                0.865 / 0.927         0.865 / 0.927         0.865 / 0.927         0.865 / 0.927       ms
[10.170s][info   ][gc,stats    ]       Phase: Pause Mark Start                              0.577 / 0.637         0.577 / 0.637         0.577 / 0.637         0.577 / 0.637       ms
[10.170s][info   ][gc,stats    ]       Phase: Pause Relocate Start                          0.610 / 1.025         0.610 / 1.025         0.610 / 1.025         0.610 / 1.025       ms
[10.170s][info   ][gc,stats    ]       Phase: Pause Verify                                  0.000 / 0.000         0.000 / 0.000         0.000 / 0.000         0.000 / 0.000       ms
[10.170s][info   ][gc,stats    ]    Subphase: Concurrent Classes Unload                     5.353 / 10.031        5.353 / 10.031        5.353 / 10.031        5.353 / 10.031      ms
[10.170s][info   ][gc,stats    ]    Subphase: Concurrent Mark                               4.605 / 5.880         4.605 / 5.880         4.605 / 5.880         4.605 / 5.880       ms
[10.170s][info   ][gc,stats    ]    Subphase: Concurrent Mark Idle                          1.134 / 1.181         1.134 / 1.181         1.134 / 1.181         1.134 / 1.181       ms
[10.170s][info   ][gc,stats    ]    Subphase: Concurrent Mark Try Flush                     0.046 / 0.080         0.046 / 0.080         0.046 / 0.080         0.046 / 0.080       ms
[10.170s][info   ][gc,stats    ]    Subphase: Concurrent Mark Try Terminate                 1.016 / 1.186         1.016 / 1.186         1.016 / 1.186         1.016 / 1.186       ms
[10.170s][info   ][gc,stats    ]    Subphase: Concurrent References Enqueue                 0.004 / 0.004         0.004 / 0.004         0.004 / 0.004         0.004 / 0.004       ms
[10.170s][info   ][gc,stats    ]    Subphase: Concurrent References Process                 0.058 / 0.058         0.058 / 0.058         0.058 / 0.058         0.058 / 0.058       ms
[10.170s][info   ][gc,stats    ]    Subphase: Concurrent Roots                              0.027 / 0.236         0.027 / 0.236         0.027 / 0.236         0.027 / 0.236       ms
[10.170s][info   ][gc,stats    ]    Subphase: Concurrent Roots ClassLoaderDataGraph         0.034 / 0.234         0.034 / 0.234         0.034 / 0.234         0.034 / 0.234       ms
[10.170s][info   ][gc,stats    ]    Subphase: Concurrent Roots JNIHandles                   0.008 / 0.019         0.008 / 0.019         0.008 / 0.019         0.008 / 0.019       ms
[10.170s][info   ][gc,stats    ]    Subphase: Concurrent Roots Setup                        0.138 / 0.177         0.138 / 0.177         0.138 / 0.177         0.138 / 0.177       ms
[10.170s][info   ][gc,stats    ]    Subphase: Concurrent Roots Teardown                     0.001 / 0.001         0.001 / 0.001         0.001 / 0.001         0.001 / 0.001       ms
[10.170s][info   ][gc,stats    ]    Subphase: Concurrent Weak Roots                         0.070 / 0.118         0.070 / 0.118         0.070 / 0.118         0.070 / 0.118       ms
[10.170s][info   ][gc,stats    ]    Subphase: Concurrent Weak Roots JNIWeakHandles          0.001 / 0.003         0.001 / 0.003         0.001 / 0.003         0.001 / 0.003       ms
[10.170s][info   ][gc,stats    ]    Subphase: Concurrent Weak Roots StringTable             0.059 / 0.092         0.059 / 0.092         0.059 / 0.092         0.059 / 0.092       ms
[10.170s][info   ][gc,stats    ]    Subphase: Concurrent Weak Roots VMWeakHandles           0.011 / 0.023         0.011 / 0.023         0.011 / 0.023         0.011 / 0.023       ms
[10.170s][info   ][gc,stats    ]    Subphase: Pause Mark Try Complete                       0.224 / 0.589         0.224 / 0.589         0.224 / 0.589         0.224 / 0.589       ms
[10.170s][info   ][gc,stats    ]    Subphase: Pause Roots                                   0.121 / 0.937         0.121 / 0.937         0.121 / 0.937         0.121 / 0.937       ms
[10.170s][info   ][gc,stats    ]    Subphase: Pause Roots CodeCache                         0.000 / 0.000         0.000 / 0.000         0.000 / 0.000         0.000 / 0.000       ms
[10.170s][info   ][gc,stats    ]    Subphase: Pause Roots JVMTIExport                       0.001 / 0.001         0.001 / 0.001         0.001 / 0.001         0.001 / 0.001       ms
[10.170s][info   ][gc,stats    ]    Subphase: Pause Roots JVMTIWeakExport                   0.001 / 0.001         0.001 / 0.001         0.001 / 0.001         0.001 / 0.001       ms
[10.170s][info   ][gc,stats    ]    Subphase: Pause Roots Management                        0.113 / 0.430         0.113 / 0.430         0.113 / 0.430         0.113 / 0.430       ms
[10.170s][info   ][gc,stats    ]    Subphase: Pause Roots ObjectSynchronizer                0.004 / 0.011         0.004 / 0.011         0.004 / 0.011         0.004 / 0.011       ms
[10.171s][info   ][gc,stats    ]    Subphase: Pause Roots Setup                             0.001 / 0.002         0.001 / 0.002         0.001 / 0.002         0.001 / 0.002       ms
[10.171s][info   ][gc,stats    ]    Subphase: Pause Roots SystemDictionary                  0.166 / 0.604         0.166 / 0.604         0.166 / 0.604         0.166 / 0.604       ms
[10.171s][info   ][gc,stats    ]    Subphase: Pause Roots Teardown                          0.002 / 0.003         0.002 / 0.003         0.002 / 0.003         0.002 / 0.003       ms
[10.171s][info   ][gc,stats    ]    Subphase: Pause Roots Threads                           0.198 / 0.934         0.198 / 0.934         0.198 / 0.934         0.198 / 0.934       ms
[10.171s][info   ][gc,stats    ]    Subphase: Pause Roots Universe                          0.163 / 0.626         0.163 / 0.626         0.163 / 0.626         0.163 / 0.626       ms
[10.171s][info   ][gc,stats    ]    Subphase: Pause Weak Roots                              0.001 / 0.005         0.001 / 0.005         0.001 / 0.005         0.001 / 0.005       ms
[10.171s][info   ][gc,stats    ]    Subphase: Pause Weak Roots JFRWeak                      0.001 / 0.001         0.001 / 0.001         0.001 / 0.001         0.001 / 0.001       ms
[10.171s][info   ][gc,stats    ]    Subphase: Pause Weak Roots JVMTIWeakExport              0.001 / 0.001         0.001 / 0.001         0.001 / 0.001         0.001 / 0.001       ms
[10.171s][info   ][gc,stats    ]    Subphase: Pause Weak Roots Setup                        0.001 / 0.001         0.001 / 0.001         0.001 / 0.001         0.001 / 0.001       ms
[10.171s][info   ][gc,stats    ]    Subphase: Pause Weak Roots Teardown                     0.001 / 0.001         0.001 / 0.001         0.001 / 0.001         0.001 / 0.001       ms
[10.171s][info   ][gc,stats    ]      System: Java Threads                                     23 / 33               23 / 33               23 / 33               23 / 33          threads
[10.171s][info   ][gc,stats    ] =========================================================================================================================================================
[20.170s][info   ][gc,stats    ] === Garbage Collection Statistics =======================================================================================================================
[20.170s][info   ][gc,stats    ]                                                              Last 10s              Last 10m              Last 10h                Total
[20.170s][info   ][gc,stats    ]                                                              Avg / Max             Avg / Max             Avg / Max             Avg / Max
[20.170s][info   ][gc,stats    ]   Collector: Garbage Collection Cycle                      0.000 / 0.000        23.399 / 26.592       23.399 / 26.592       23.399 / 26.592      ms
[20.170s][info   ][gc,stats    ]  Contention: Mark Segment Reset Contention                     0 / 0                 0 / 6                 0 / 6                 0 / 6           ops/s
[20.170s][info   ][gc,stats    ]  Contention: Mark SeqNum Reset Contention                      0 / 0                 0 / 0                 0 / 0                 0 / 0           ops/s
[20.170s][info   ][gc,stats    ]  Contention: Relocation Contention                             0 / 0                 0 / 6                 0 / 6                 0 / 6           ops/s
[20.170s][info   ][gc,stats    ]    Critical: Allocation Stall                              0.000 / 0.000         0.000 / 0.000         0.000 / 0.000         0.000 / 0.000       ms
[20.170s][info   ][gc,stats    ]    Critical: Allocation Stall                                  0 / 0                 0 / 0                 0 / 0                 0 / 0           ops/s
[20.170s][info   ][gc,stats    ]    Critical: GC Locker Stall                               0.000 / 0.000         0.000 / 0.000         0.000 / 0.000         0.000 / 0.000       ms
[20.170s][info   ][gc,stats    ]    Critical: GC Locker Stall                                   0 / 0                 0 / 0                 0 / 0                 0 / 0           ops/s
[20.170s][info   ][gc,stats    ]      Memory: Allocation Rate                                 640 / 690             437 / 690             437 / 690             437 / 690         MB/s
[20.170s][info   ][gc,stats    ]      Memory: Heap Used After Mark                              0 / 0               372 / 626             372 / 626             372 / 626         MB
[20.170s][info   ][gc,stats    ]      Memory: Heap Used After Relocation                        0 / 0                76 / 84               76 / 84               76 / 84          MB
[20.170s][info   ][gc,stats    ]      Memory: Heap Used Before Mark                             0 / 0               369 / 622             369 / 622             369 / 622         MB
[20.170s][info   ][gc,stats    ]      Memory: Heap Used Before Relocation                       0 / 0               221 / 324             221 / 324             221 / 324         MB
[20.170s][info   ][gc,stats    ]      Memory: Out Of Memory                                     0 / 0                 0 / 0                 0 / 0                 0 / 0           ops/s
[20.170s][info   ][gc,stats    ]      Memory: Page Cache Flush                                  0 / 0                 0 / 0                 0 / 0                 0 / 0           MB/s
[20.170s][info   ][gc,stats    ]      Memory: Page Cache Hit L1                                 0 / 1                16 / 142              16 / 142              16 / 142         ops/s
[20.170s][info   ][gc,stats    ]      Memory: Page Cache Hit L2                                 0 / 0                 3 / 41                3 / 41                3 / 41          ops/s
[20.170s][info   ][gc,stats    ]      Memory: Page Cache Miss                                 309 / 333             193 / 333             193 / 333             193 / 333         ops/s
[20.170s][info   ][gc,stats    ]      Memory: Undo Object Allocation Failed                     0 / 0                 0 / 0                 0 / 0                 0 / 0           ops/s
[20.170s][info   ][gc,stats    ]      Memory: Undo Object Allocation Succeeded                  0 / 0                 0 / 6                 0 / 6                 0 / 6           ops/s
[20.170s][info   ][gc,stats    ]      Memory: Undo Page Allocation                              0 / 0                 3 / 69                3 / 69                3 / 69          ops/s
[20.170s][info   ][gc,stats    ]       Phase: Concurrent Destroy Detached Pages             0.000 / 0.000         0.001 / 0.001         0.001 / 0.001         0.001 / 0.001       ms
[20.170s][info   ][gc,stats    ]       Phase: Concurrent Mark                               0.000 / 0.000         5.358 / 6.406         5.358 / 6.406         5.358 / 6.406       ms
[20.170s][info   ][gc,stats    ]       Phase: Concurrent Mark Continue                      0.000 / 0.000         0.000 / 0.000         0.000 / 0.000         0.000 / 0.000       ms
[20.170s][info   ][gc,stats    ]       Phase: Concurrent Prepare Relocation Set             0.000 / 0.000         1.491 / 1.628         1.491 / 1.628         1.491 / 1.628       ms
[20.170s][info   ][gc,stats    ]       Phase: Concurrent Process Non-Strong References      0.000 / 0.000         5.535 / 10.246        5.535 / 10.246        5.535 / 10.246      ms
[20.170s][info   ][gc,stats    ]       Phase: Concurrent Relocate                           0.000 / 0.000         4.431 / 4.701         4.431 / 4.701         4.431 / 4.701       ms
[20.170s][info   ][gc,stats    ]       Phase: Concurrent Reset Relocation Set               0.000 / 0.000         0.007 / 0.013         0.007 / 0.013         0.007 / 0.013       ms
[20.170s][info   ][gc,stats    ]       Phase: Concurrent Select Relocation Set              0.000 / 0.000         3.360 / 4.904         3.360 / 4.904         3.360 / 4.904       ms
[20.170s][info   ][gc,stats    ]       Phase: Pause Mark End                                0.000 / 0.000         0.865 / 0.927         0.865 / 0.927         0.865 / 0.927       ms
[20.170s][info   ][gc,stats    ]       Phase: Pause Mark Start                              0.000 / 0.000         0.577 / 0.637         0.577 / 0.637         0.577 / 0.637       ms
[20.170s][info   ][gc,stats    ]       Phase: Pause Relocate Start                          0.000 / 0.000         0.610 / 1.025         0.610 / 1.025         0.610 / 1.025       ms
[20.170s][info   ][gc,stats    ]       Phase: Pause Verify                                  0.000 / 0.000         0.000 / 0.000         0.000 / 0.000         0.000 / 0.000       ms
[20.170s][info   ][gc,stats    ]    Subphase: Concurrent Classes Unload                     0.000 / 0.000         5.353 / 10.031        5.353 / 10.031        5.353 / 10.031      ms
[20.170s][info   ][gc,stats    ]    Subphase: Concurrent Mark                               0.000 / 0.000         4.605 / 5.880         4.605 / 5.880         4.605 / 5.880       ms
[20.170s][info   ][gc,stats    ]    Subphase: Concurrent Mark Idle                          0.000 / 0.000         1.134 / 1.181         1.134 / 1.181         1.134 / 1.181       ms
[20.170s][info   ][gc,stats    ]    Subphase: Concurrent Mark Try Flush                     0.000 / 0.000         0.046 / 0.080         0.046 / 0.080         0.046 / 0.080       ms
[20.170s][info   ][gc,stats    ]    Subphase: Concurrent Mark Try Terminate                 0.000 / 0.000         1.016 / 1.186         1.016 / 1.186         1.016 / 1.186       ms
[20.170s][info   ][gc,stats    ]    Subphase: Concurrent References Enqueue                 0.000 / 0.000         0.004 / 0.004         0.004 / 0.004         0.004 / 0.004       ms
[20.170s][info   ][gc,stats    ]    Subphase: Concurrent References Process                 0.000 / 0.000         0.058 / 0.058         0.058 / 0.058         0.058 / 0.058       ms
[20.170s][info   ][gc,stats    ]    Subphase: Concurrent Roots                              0.000 / 0.000         0.027 / 0.236         0.027 / 0.236         0.027 / 0.236       ms
[20.170s][info   ][gc,stats    ]    Subphase: Concurrent Roots ClassLoaderDataGraph         0.000 / 0.000         0.034 / 0.234         0.034 / 0.234         0.034 / 0.234       ms
[20.170s][info   ][gc,stats    ]    Subphase: Concurrent Roots JNIHandles                   0.000 / 0.000         0.008 / 0.019         0.008 / 0.019         0.008 / 0.019       ms
[20.170s][info   ][gc,stats    ]    Subphase: Concurrent Roots Setup                        0.000 / 0.000         0.138 / 0.177         0.138 / 0.177         0.138 / 0.177       ms
[20.170s][info   ][gc,stats    ]    Subphase: Concurrent Roots Teardown                     0.000 / 0.000         0.001 / 0.001         0.001 / 0.001         0.001 / 0.001       ms
[20.170s][info   ][gc,stats    ]    Subphase: Concurrent Weak Roots                         0.000 / 0.000         0.070 / 0.118         0.070 / 0.118         0.070 / 0.118       ms
[20.170s][info   ][gc,stats    ]    Subphase: Concurrent Weak Roots JNIWeakHandles          0.000 / 0.000         0.001 / 0.003         0.001 / 0.003         0.001 / 0.003       ms
[20.170s][info   ][gc,stats    ]    Subphase: Concurrent Weak Roots StringTable             0.000 / 0.000         0.059 / 0.092         0.059 / 0.092         0.059 / 0.092       ms
[20.170s][info   ][gc,stats    ]    Subphase: Concurrent Weak Roots VMWeakHandles           0.000 / 0.000         0.011 / 0.023         0.011 / 0.023         0.011 / 0.023       ms
[20.170s][info   ][gc,stats    ]    Subphase: Pause Mark Try Complete                       0.000 / 0.000         0.224 / 0.589         0.224 / 0.589         0.224 / 0.589       ms
[20.171s][info   ][gc,stats    ]    Subphase: Pause Roots                                   0.000 / 0.000         0.121 / 0.937         0.121 / 0.937         0.121 / 0.937       ms
[20.171s][info   ][gc,stats    ]    Subphase: Pause Roots CodeCache                         0.000 / 0.000         0.000 / 0.000         0.000 / 0.000         0.000 / 0.000       ms
[20.171s][info   ][gc,stats    ]    Subphase: Pause Roots JVMTIExport                       0.000 / 0.000         0.001 / 0.001         0.001 / 0.001         0.001 / 0.001       ms
[20.171s][info   ][gc,stats    ]    Subphase: Pause Roots JVMTIWeakExport                   0.000 / 0.000         0.001 / 0.001         0.001 / 0.001         0.001 / 0.001       ms
[20.171s][info   ][gc,stats    ]    Subphase: Pause Roots Management                        0.000 / 0.000         0.113 / 0.430         0.113 / 0.430         0.113 / 0.430       ms
[20.171s][info   ][gc,stats    ]    Subphase: Pause Roots ObjectSynchronizer                0.000 / 0.000         0.004 / 0.011         0.004 / 0.011         0.004 / 0.011       ms
[20.171s][info   ][gc,stats    ]    Subphase: Pause Roots Setup                             0.000 / 0.000         0.001 / 0.002         0.001 / 0.002         0.001 / 0.002       ms
[20.171s][info   ][gc,stats    ]    Subphase: Pause Roots SystemDictionary                  0.000 / 0.000         0.166 / 0.604         0.166 / 0.604         0.166 / 0.604       ms
[20.171s][info   ][gc,stats    ]    Subphase: Pause Roots Teardown                          0.000 / 0.000         0.002 / 0.003         0.002 / 0.003         0.002 / 0.003       ms
[20.171s][info   ][gc,stats    ]    Subphase: Pause Roots Threads                           0.000 / 0.000         0.198 / 0.934         0.198 / 0.934         0.198 / 0.934       ms
[20.171s][info   ][gc,stats    ]    Subphase: Pause Roots Universe                          0.000 / 0.000         0.163 / 0.626         0.163 / 0.626         0.163 / 0.626       ms
[20.171s][info   ][gc,stats    ]    Subphase: Pause Weak Roots                              0.000 / 0.000         0.001 / 0.005         0.001 / 0.005         0.001 / 0.005       ms
[20.171s][info   ][gc,stats    ]    Subphase: Pause Weak Roots JFRWeak                      0.000 / 0.000         0.001 / 0.001         0.001 / 0.001         0.001 / 0.001       ms
[20.171s][info   ][gc,stats    ]    Subphase: Pause Weak Roots JVMTIWeakExport              0.000 / 0.000         0.001 / 0.001         0.001 / 0.001         0.001 / 0.001       ms
[20.171s][info   ][gc,stats    ]    Subphase: Pause Weak Roots Setup                        0.000 / 0.000         0.001 / 0.001         0.001 / 0.001         0.001 / 0.001       ms
[20.171s][info   ][gc,stats    ]    Subphase: Pause Weak Roots Teardown                     0.000 / 0.000         0.001 / 0.001         0.001 / 0.001         0.001 / 0.001       ms
[20.171s][info   ][gc,stats    ]      System: Java Threads                                      0 / 0                23 / 33               23 / 33               23 / 33          threads
[20.171s][info   ][gc,stats    ] =========================================================================================================================================================
[30.170s][info   ][gc,stats    ] === Garbage Collection Statistics =======================================================================================================================
[30.170s][info   ][gc,stats    ]                                                              Last 10s              Last 10m              Last 10h                Total
[30.170s][info   ][gc,stats    ]                                                              Avg / Max             Avg / Max             Avg / Max             Avg / Max
[30.170s][info   ][gc,stats    ]   Collector: Garbage Collection Cycle                      0.000 / 0.000        23.399 / 26.592       23.399 / 26.592       23.399 / 26.592      ms
[30.170s][info   ][gc,stats    ]  Contention: Mark Segment Reset Contention                     0 / 0                 0 / 6                 0 / 6                 0 / 6           ops/s
[30.170s][info   ][gc,stats    ]  Contention: Mark SeqNum Reset Contention                      0 / 0                 0 / 0                 0 / 0                 0 / 0           ops/s
[30.170s][info   ][gc,stats    ]  Contention: Relocation Contention                             0 / 0                 0 / 6                 0 / 6                 0 / 6           ops/s
[30.170s][info   ][gc,stats    ]    Critical: Allocation Stall                              0.000 / 0.000         0.000 / 0.000         0.000 / 0.000         0.000 / 0.000       ms
[30.170s][info   ][gc,stats    ]    Critical: Allocation Stall                                  0 / 0                 0 / 0                 0 / 0                 0 / 0           ops/s
[30.170s][info   ][gc,stats    ]    Critical: GC Locker Stall                               0.000 / 0.000         0.000 / 0.000         0.000 / 0.000         0.000 / 0.000       ms
[30.170s][info   ][gc,stats    ]    Critical: GC Locker Stall                                   0 / 0                 0 / 0                 0 / 0                 0 / 0           ops/s
[30.170s][info   ][gc,stats    ]      Memory: Allocation Rate                                 630 / 702             501 / 702             501 / 702             501 / 702         MB/s
[30.170s][info   ][gc,stats    ]      Memory: Heap Used After Mark                              0 / 0               372 / 626             372 / 626             372 / 626         MB
[30.170s][info   ][gc,stats    ]      Memory: Heap Used After Relocation                        0 / 0                76 / 84               76 / 84               76 / 84          MB
[30.170s][info   ][gc,stats    ]      Memory: Heap Used Before Mark                             0 / 0               369 / 622             369 / 622             369 / 622         MB
[30.170s][info   ][gc,stats    ]      Memory: Heap Used Before Relocation                       0 / 0               221 / 324             221 / 324             221 / 324         MB
[30.170s][info   ][gc,stats    ]      Memory: Out Of Memory                                     0 / 0                 0 / 0                 0 / 0                 0 / 0           ops/s
[30.170s][info   ][gc,stats    ]      Memory: Page Cache Flush                                  0 / 0                 0 / 0                 0 / 0                 0 / 0           MB/s
[30.170s][info   ][gc,stats    ]      Memory: Page Cache Hit L1                                 0 / 0                10 / 142              10 / 142              10 / 142         ops/s
[30.170s][info   ][gc,stats    ]      Memory: Page Cache Hit L2                                 0 / 0                 2 / 41                2 / 41                2 / 41          ops/s
[30.170s][info   ][gc,stats    ]      Memory: Page Cache Miss                                 304 / 336             230 / 336             230 / 336             230 / 336         ops/s
[30.170s][info   ][gc,stats    ]      Memory: Undo Object Allocation Failed                     0 / 0                 0 / 0                 0 / 0                 0 / 0           ops/s
[30.170s][info   ][gc,stats    ]      Memory: Undo Object Allocation Succeeded                  0 / 0                 0 / 6                 0 / 6                 0 / 6           ops/s
[30.170s][info   ][gc,stats    ]      Memory: Undo Page Allocation                              0 / 0                 2 / 69                2 / 69                2 / 69          ops/s
[30.171s][info   ][gc,stats    ]       Phase: Concurrent Destroy Detached Pages             0.000 / 0.000         0.001 / 0.001         0.001 / 0.001         0.001 / 0.001       ms
[30.171s][info   ][gc,stats    ]       Phase: Concurrent Mark                               0.000 / 0.000         5.358 / 6.406         5.358 / 6.406         5.358 / 6.406       ms
[30.171s][info   ][gc,stats    ]       Phase: Concurrent Mark Continue                      0.000 / 0.000         0.000 / 0.000         0.000 / 0.000         0.000 / 0.000       ms
[30.171s][info   ][gc,stats    ]       Phase: Concurrent Prepare Relocation Set             0.000 / 0.000         1.491 / 1.628         1.491 / 1.628         1.491 / 1.628       ms
[30.171s][info   ][gc,stats    ]       Phase: Concurrent Process Non-Strong References      0.000 / 0.000         5.535 / 10.246        5.535 / 10.246        5.535 / 10.246      ms
[30.171s][info   ][gc,stats    ]       Phase: Concurrent Relocate                           0.000 / 0.000         4.431 / 4.701         4.431 / 4.701         4.431 / 4.701       ms
[30.171s][info   ][gc,stats    ]       Phase: Concurrent Reset Relocation Set               0.000 / 0.000         0.007 / 0.013         0.007 / 0.013         0.007 / 0.013       ms
[30.171s][info   ][gc,stats    ]       Phase: Concurrent Select Relocation Set              0.000 / 0.000         3.360 / 4.904         3.360 / 4.904         3.360 / 4.904       ms
[30.171s][info   ][gc,stats    ]       Phase: Pause Mark End                                0.000 / 0.000         0.865 / 0.927         0.865 / 0.927         0.865 / 0.927       ms
[30.171s][info   ][gc,stats    ]       Phase: Pause Mark Start                              0.000 / 0.000         0.577 / 0.637         0.577 / 0.637         0.577 / 0.637       ms
[30.171s][info   ][gc,stats    ]       Phase: Pause Relocate Start                          0.000 / 0.000         0.610 / 1.025         0.610 / 1.025         0.610 / 1.025       ms
[30.171s][info   ][gc,stats    ]       Phase: Pause Verify                                  0.000 / 0.000         0.000 / 0.000         0.000 / 0.000         0.000 / 0.000       ms
[30.171s][info   ][gc,stats    ]    Subphase: Concurrent Classes Unload                     0.000 / 0.000         5.353 / 10.031        5.353 / 10.031        5.353 / 10.031      ms
[30.171s][info   ][gc,stats    ]    Subphase: Concurrent Mark                               0.000 / 0.000         4.605 / 5.880         4.605 / 5.880         4.605 / 5.880       ms
[30.171s][info   ][gc,stats    ]    Subphase: Concurrent Mark Idle                          0.000 / 0.000         1.134 / 1.181         1.134 / 1.181         1.134 / 1.181       ms
[30.171s][info   ][gc,stats    ]    Subphase: Concurrent Mark Try Flush                     0.000 / 0.000         0.046 / 0.080         0.046 / 0.080         0.046 / 0.080       ms
[30.171s][info   ][gc,stats    ]    Subphase: Concurrent Mark Try Terminate                 0.000 / 0.000         1.016 / 1.186         1.016 / 1.186         1.016 / 1.186       ms
[30.171s][info   ][gc,stats    ]    Subphase: Concurrent References Enqueue                 0.000 / 0.000         0.004 / 0.004         0.004 / 0.004         0.004 / 0.004       ms
[30.171s][info   ][gc,stats    ]    Subphase: Concurrent References Process                 0.000 / 0.000         0.058 / 0.058         0.058 / 0.058         0.058 / 0.058       ms
[30.171s][info   ][gc,stats    ]    Subphase: Concurrent Roots                              0.000 / 0.000         0.027 / 0.236         0.027 / 0.236         0.027 / 0.236       ms
[30.171s][info   ][gc,stats    ]    Subphase: Concurrent Roots ClassLoaderDataGraph         0.000 / 0.000         0.034 / 0.234         0.034 / 0.234         0.034 / 0.234       ms
[30.171s][info   ][gc,stats    ]    Subphase: Concurrent Roots JNIHandles                   0.000 / 0.000         0.008 / 0.019         0.008 / 0.019         0.008 / 0.019       ms
[30.171s][info   ][gc,stats    ]    Subphase: Concurrent Roots Setup                        0.000 / 0.000         0.138 / 0.177         0.138 / 0.177         0.138 / 0.177       ms
[30.171s][info   ][gc,stats    ]    Subphase: Concurrent Roots Teardown                     0.000 / 0.000         0.001 / 0.001         0.001 / 0.001         0.001 / 0.001       ms
[30.171s][info   ][gc,stats    ]    Subphase: Concurrent Weak Roots                         0.000 / 0.000         0.070 / 0.118         0.070 / 0.118         0.070 / 0.118       ms
[30.171s][info   ][gc,stats    ]    Subphase: Concurrent Weak Roots JNIWeakHandles          0.000 / 0.000         0.001 / 0.003         0.001 / 0.003         0.001 / 0.003       ms
[30.171s][info   ][gc,stats    ]    Subphase: Concurrent Weak Roots StringTable             0.000 / 0.000         0.059 / 0.092         0.059 / 0.092         0.059 / 0.092       ms
[30.171s][info   ][gc,stats    ]    Subphase: Concurrent Weak Roots VMWeakHandles           0.000 / 0.000         0.011 / 0.023         0.011 / 0.023         0.011 / 0.023       ms
[30.171s][info   ][gc,stats    ]    Subphase: Pause Mark Try Complete                       0.000 / 0.000         0.224 / 0.589         0.224 / 0.589         0.224 / 0.589       ms
[30.171s][info   ][gc,stats    ]    Subphase: Pause Roots                                   0.000 / 0.000         0.121 / 0.937         0.121 / 0.937         0.121 / 0.937       ms
[30.171s][info   ][gc,stats    ]    Subphase: Pause Roots CodeCache                         0.000 / 0.000         0.000 / 0.000         0.000 / 0.000         0.000 / 0.000       ms
[30.171s][info   ][gc,stats    ]    Subphase: Pause Roots JVMTIExport                       0.000 / 0.000         0.001 / 0.001         0.001 / 0.001         0.001 / 0.001       ms
[30.171s][info   ][gc,stats    ]    Subphase: Pause Roots JVMTIWeakExport                   0.000 / 0.000         0.001 / 0.001         0.001 / 0.001         0.001 / 0.001       ms
[30.171s][info   ][gc,stats    ]    Subphase: Pause Roots Management                        0.000 / 0.000         0.113 / 0.430         0.113 / 0.430         0.113 / 0.430       ms
[30.171s][info   ][gc,stats    ]    Subphase: Pause Roots ObjectSynchronizer                0.000 / 0.000         0.004 / 0.011         0.004 / 0.011         0.004 / 0.011       ms
[30.171s][info   ][gc,stats    ]    Subphase: Pause Roots Setup                             0.000 / 0.000         0.001 / 0.002         0.001 / 0.002         0.001 / 0.002       ms
[30.171s][info   ][gc,stats    ]    Subphase: Pause Roots SystemDictionary                  0.000 / 0.000         0.166 / 0.604         0.166 / 0.604         0.166 / 0.604       ms
[30.171s][info   ][gc,stats    ]    Subphase: Pause Roots Teardown                          0.000 / 0.000         0.002 / 0.003         0.002 / 0.003         0.002 / 0.003       ms
[30.171s][info   ][gc,stats    ]    Subphase: Pause Roots Threads                           0.000 / 0.000         0.198 / 0.934         0.198 / 0.934         0.198 / 0.934       ms
[30.171s][info   ][gc,stats    ]    Subphase: Pause Roots Universe                          0.000 / 0.000         0.163 / 0.626         0.163 / 0.626         0.163 / 0.626       ms
[30.171s][info   ][gc,stats    ]    Subphase: Pause Weak Roots                              0.000 / 0.000         0.001 / 0.005         0.001 / 0.005         0.001 / 0.005       ms
[30.171s][info   ][gc,stats    ]    Subphase: Pause Weak Roots JFRWeak                      0.000 / 0.000         0.001 / 0.001         0.001 / 0.001         0.001 / 0.001       ms
[30.171s][info   ][gc,stats    ]    Subphase: Pause Weak Roots JVMTIWeakExport              0.000 / 0.000         0.001 / 0.001         0.001 / 0.001         0.001 / 0.001       ms
[30.171s][info   ][gc,stats    ]    Subphase: Pause Weak Roots Setup                        0.000 / 0.000         0.001 / 0.001         0.001 / 0.001         0.001 / 0.001       ms
[30.171s][info   ][gc,stats    ]    Subphase: Pause Weak Roots Teardown                     0.000 / 0.000         0.001 / 0.001         0.001 / 0.001         0.001 / 0.001       ms
[30.171s][info   ][gc,stats    ]      System: Java Threads                                      0 / 0                23 / 33               23 / 33               23 / 33          threads
[30.171s][info   ][gc,stats    ] =========================================================================================================================================================
[40.169s][info   ][gc,stats    ] === Garbage Collection Statistics =======================================================================================================================
[40.169s][info   ][gc,stats    ]                                                              Last 10s              Last 10m              Last 10h                Total
[40.169s][info   ][gc,stats    ]                                                              Avg / Max             Avg / Max             Avg / Max             Avg / Max
[40.169s][info   ][gc,stats    ]   Collector: Garbage Collection Cycle                      0.000 / 0.000        23.399 / 26.592       23.399 / 26.592       23.399 / 26.592      ms
[40.169s][info   ][gc,stats    ]  Contention: Mark Segment Reset Contention                     0 / 0                 0 / 6                 0 / 6                 0 / 6           ops/s
[40.169s][info   ][gc,stats    ]  Contention: Mark SeqNum Reset Contention                      0 / 0                 0 / 0                 0 / 0                 0 / 0           ops/s
[40.169s][info   ][gc,stats    ]  Contention: Relocation Contention                             0 / 0                 0 / 6                 0 / 6                 0 / 6           ops/s
[40.169s][info   ][gc,stats    ]    Critical: Allocation Stall                              0.000 / 0.000         0.000 / 0.000         0.000 / 0.000         0.000 / 0.000       ms
[40.169s][info   ][gc,stats    ]    Critical: Allocation Stall                                  0 / 0                 0 / 0                 0 / 0                 0 / 0           ops/s
[40.169s][info   ][gc,stats    ]    Critical: GC Locker Stall                               0.000 / 0.000         0.000 / 0.000         0.000 / 0.000         0.000 / 0.000       ms
[40.169s][info   ][gc,stats    ]    Critical: GC Locker Stall                                   0 / 0                 0 / 0                 0 / 0                 0 / 0           ops/s
[40.169s][info   ][gc,stats    ]      Memory: Allocation Rate                                 634 / 676             534 / 702             534 / 702             534 / 702         MB/s
[40.169s][info   ][gc,stats    ]      Memory: Heap Used After Mark                              0 / 0               372 / 626             372 / 626             372 / 626         MB
[40.169s][info   ][gc,stats    ]      Memory: Heap Used After Relocation                        0 / 0                76 / 84               76 / 84               76 / 84          MB
[40.169s][info   ][gc,stats    ]      Memory: Heap Used Before Mark                             0 / 0               369 / 622             369 / 622             369 / 622         MB
[40.169s][info   ][gc,stats    ]      Memory: Heap Used Before Relocation                       0 / 0               221 / 324             221 / 324             221 / 324         MB
[40.169s][info   ][gc,stats    ]      Memory: Out Of Memory                                     0 / 0                 0 / 0                 0 / 0                 0 / 0           ops/s
[40.169s][info   ][gc,stats    ]      Memory: Page Cache Flush                                  0 / 0                 0 / 0                 0 / 0                 0 / 0           MB/s
[40.169s][info   ][gc,stats    ]      Memory: Page Cache Hit L1                                 0 / 0                 8 / 142               8 / 142               8 / 142         ops/s
[40.169s][info   ][gc,stats    ]      Memory: Page Cache Hit L2                                 0 / 0                 1 / 41                1 / 41                1 / 41          ops/s
[40.169s][info   ][gc,stats    ]      Memory: Page Cache Miss                                 306 / 323             249 / 336             249 / 336             249 / 336         ops/s
[40.169s][info   ][gc,stats    ]      Memory: Undo Object Allocation Failed                     0 / 0                 0 / 0                 0 / 0                 0 / 0           ops/s
[40.169s][info   ][gc,stats    ]      Memory: Undo Object Allocation Succeeded                  0 / 0                 0 / 6                 0 / 6                 0 / 6           ops/s
[40.169s][info   ][gc,stats    ]      Memory: Undo Page Allocation                              0 / 0                 1 / 69                1 / 69                1 / 69          ops/s
[40.169s][info   ][gc,stats    ]       Phase: Concurrent Destroy Detached Pages             0.000 / 0.000         0.001 / 0.001         0.001 / 0.001         0.001 / 0.001       ms
[40.169s][info   ][gc,stats    ]       Phase: Concurrent Mark                               0.000 / 0.000         5.358 / 6.406         5.358 / 6.406         5.358 / 6.406       ms
[40.169s][info   ][gc,stats    ]       Phase: Concurrent Mark Continue                      0.000 / 0.000         0.000 / 0.000         0.000 / 0.000         0.000 / 0.000       ms
[40.169s][info   ][gc,stats    ]       Phase: Concurrent Prepare Relocation Set             0.000 / 0.000         1.491 / 1.628         1.491 / 1.628         1.491 / 1.628       ms
[40.169s][info   ][gc,stats    ]       Phase: Concurrent Process Non-Strong References      0.000 / 0.000         5.535 / 10.246        5.535 / 10.246        5.535 / 10.246      ms
[40.169s][info   ][gc,stats    ]       Phase: Concurrent Relocate                           0.000 / 0.000         4.431 / 4.701         4.431 / 4.701         4.431 / 4.701       ms
[40.170s][info   ][gc,stats    ]       Phase: Concurrent Reset Relocation Set               0.000 / 0.000         0.007 / 0.013         0.007 / 0.013         0.007 / 0.013       ms
[40.170s][info   ][gc,stats    ]       Phase: Concurrent Select Relocation Set              0.000 / 0.000         3.360 / 4.904         3.360 / 4.904         3.360 / 4.904       ms
[40.170s][info   ][gc,stats    ]       Phase: Pause Mark End                                0.000 / 0.000         0.865 / 0.927         0.865 / 0.927         0.865 / 0.927       ms
[40.170s][info   ][gc,stats    ]       Phase: Pause Mark Start                              0.000 / 0.000         0.577 / 0.637         0.577 / 0.637         0.577 / 0.637       ms
[40.170s][info   ][gc,stats    ]       Phase: Pause Relocate Start                          0.000 / 0.000         0.610 / 1.025         0.610 / 1.025         0.610 / 1.025       ms
[40.170s][info   ][gc,stats    ]       Phase: Pause Verify                                  0.000 / 0.000         0.000 / 0.000         0.000 / 0.000         0.000 / 0.000       ms
[40.170s][info   ][gc,stats    ]    Subphase: Concurrent Classes Unload                     0.000 / 0.000         5.353 / 10.031        5.353 / 10.031        5.353 / 10.031      ms
[40.170s][info   ][gc,stats    ]    Subphase: Concurrent Mark                               0.000 / 0.000         4.605 / 5.880         4.605 / 5.880         4.605 / 5.880       ms
[40.170s][info   ][gc,stats    ]    Subphase: Concurrent Mark Idle                          0.000 / 0.000         1.134 / 1.181         1.134 / 1.181         1.134 / 1.181       ms
[40.170s][info   ][gc,stats    ]    Subphase: Concurrent Mark Try Flush                     0.000 / 0.000         0.046 / 0.080         0.046 / 0.080         0.046 / 0.080       ms
[40.170s][info   ][gc,stats    ]    Subphase: Concurrent Mark Try Terminate                 0.000 / 0.000         1.016 / 1.186         1.016 / 1.186         1.016 / 1.186       ms
[40.170s][info   ][gc,stats    ]    Subphase: Concurrent References Enqueue                 0.000 / 0.000         0.004 / 0.004         0.004 / 0.004         0.004 / 0.004       ms
[40.170s][info   ][gc,stats    ]    Subphase: Concurrent References Process                 0.000 / 0.000         0.058 / 0.058         0.058 / 0.058         0.058 / 0.058       ms
[40.170s][info   ][gc,stats    ]    Subphase: Concurrent Roots                              0.000 / 0.000         0.027 / 0.236         0.027 / 0.236         0.027 / 0.236       ms
[40.170s][info   ][gc,stats    ]    Subphase: Concurrent Roots ClassLoaderDataGraph         0.000 / 0.000         0.034 / 0.234         0.034 / 0.234         0.034 / 0.234       ms
[40.170s][info   ][gc,stats    ]    Subphase: Concurrent Roots JNIHandles                   0.000 / 0.000         0.008 / 0.019         0.008 / 0.019         0.008 / 0.019       ms
[40.170s][info   ][gc,stats    ]    Subphase: Concurrent Roots Setup                        0.000 / 0.000         0.138 / 0.177         0.138 / 0.177         0.138 / 0.177       ms
[40.170s][info   ][gc,stats    ]    Subphase: Concurrent Roots Teardown                     0.000 / 0.000         0.001 / 0.001         0.001 / 0.001         0.001 / 0.001       ms
[40.170s][info   ][gc,stats    ]    Subphase: Concurrent Weak Roots                         0.000 / 0.000         0.070 / 0.118         0.070 / 0.118         0.070 / 0.118       ms
[40.170s][info   ][gc,stats    ]    Subphase: Concurrent Weak Roots JNIWeakHandles          0.000 / 0.000         0.001 / 0.003         0.001 / 0.003         0.001 / 0.003       ms
[40.170s][info   ][gc,stats    ]    Subphase: Concurrent Weak Roots StringTable             0.000 / 0.000         0.059 / 0.092         0.059 / 0.092         0.059 / 0.092       ms
[40.170s][info   ][gc,stats    ]    Subphase: Concurrent Weak Roots VMWeakHandles           0.000 / 0.000         0.011 / 0.023         0.011 / 0.023         0.011 / 0.023       ms
[40.170s][info   ][gc,stats    ]    Subphase: Pause Mark Try Complete                       0.000 / 0.000         0.224 / 0.589         0.224 / 0.589         0.224 / 0.589       ms
[40.170s][info   ][gc,stats    ]    Subphase: Pause Roots                                   0.000 / 0.000         0.121 / 0.937         0.121 / 0.937         0.121 / 0.937       ms
[40.170s][info   ][gc,stats    ]    Subphase: Pause Roots CodeCache                         0.000 / 0.000         0.000 / 0.000         0.000 / 0.000         0.000 / 0.000       ms
[40.170s][info   ][gc,stats    ]    Subphase: Pause Roots JVMTIExport                       0.000 / 0.000         0.001 / 0.001         0.001 / 0.001         0.001 / 0.001       ms
[40.170s][info   ][gc,stats    ]    Subphase: Pause Roots JVMTIWeakExport                   0.000 / 0.000         0.001 / 0.001         0.001 / 0.001         0.001 / 0.001       ms
[40.170s][info   ][gc,stats    ]    Subphase: Pause Roots Management                        0.000 / 0.000         0.113 / 0.430         0.113 / 0.430         0.113 / 0.430       ms
[40.170s][info   ][gc,stats    ]    Subphase: Pause Roots ObjectSynchronizer                0.000 / 0.000         0.004 / 0.011         0.004 / 0.011         0.004 / 0.011       ms
[40.170s][info   ][gc,stats    ]    Subphase: Pause Roots Setup                             0.000 / 0.000         0.001 / 0.002         0.001 / 0.002         0.001 / 0.002       ms
[40.170s][info   ][gc,stats    ]    Subphase: Pause Roots SystemDictionary                  0.000 / 0.000         0.166 / 0.604         0.166 / 0.604         0.166 / 0.604       ms
[40.170s][info   ][gc,stats    ]    Subphase: Pause Roots Teardown                          0.000 / 0.000         0.002 / 0.003         0.002 / 0.003         0.002 / 0.003       ms
[40.170s][info   ][gc,stats    ]    Subphase: Pause Roots Threads                           0.000 / 0.000         0.198 / 0.934         0.198 / 0.934         0.198 / 0.934       ms
[40.170s][info   ][gc,stats    ]    Subphase: Pause Roots Universe                          0.000 / 0.000         0.163 / 0.626         0.163 / 0.626         0.163 / 0.626       ms
[40.170s][info   ][gc,stats    ]    Subphase: Pause Weak Roots                              0.000 / 0.000         0.001 / 0.005         0.001 / 0.005         0.001 / 0.005       ms
[40.170s][info   ][gc,stats    ]    Subphase: Pause Weak Roots JFRWeak                      0.000 / 0.000         0.001 / 0.001         0.001 / 0.001         0.001 / 0.001       ms
[40.170s][info   ][gc,stats    ]    Subphase: Pause Weak Roots JVMTIWeakExport              0.000 / 0.000         0.001 / 0.001         0.001 / 0.001         0.001 / 0.001       ms
[40.170s][info   ][gc,stats    ]    Subphase: Pause Weak Roots Setup                        0.000 / 0.000         0.001 / 0.001         0.001 / 0.001         0.001 / 0.001       ms
[40.170s][info   ][gc,stats    ]    Subphase: Pause Weak Roots Teardown                     0.000 / 0.000         0.001 / 0.001         0.001 / 0.001         0.001 / 0.001       ms
[40.170s][info   ][gc,stats    ]      System: Java Threads                                      0 / 0                23 / 33               23 / 33               23 / 33          threads
[40.170s][info   ][gc,stats    ] =========================================================================================================================================================
[50.170s][info   ][gc,stats    ] === Garbage Collection Statistics =======================================================================================================================
[50.170s][info   ][gc,stats    ]                                                              Last 10s              Last 10m              Last 10h                Total
[50.170s][info   ][gc,stats    ]                                                              Avg / Max             Avg / Max             Avg / Max             Avg / Max
[50.170s][info   ][gc,stats    ]   Collector: Garbage Collection Cycle                      0.000 / 0.000        23.399 / 26.592       23.399 / 26.592       23.399 / 26.592      ms
[50.170s][info   ][gc,stats    ]  Contention: Mark Segment Reset Contention                     0 / 0                 0 / 6                 0 / 6                 0 / 6           ops/s
[50.170s][info   ][gc,stats    ]  Contention: Mark SeqNum Reset Contention                      0 / 0                 0 / 0                 0 / 0                 0 / 0           ops/s
[50.170s][info   ][gc,stats    ]  Contention: Relocation Contention                             0 / 0                 0 / 6                 0 / 6                 0 / 6           ops/s
[50.170s][info   ][gc,stats    ]    Critical: Allocation Stall                              0.000 / 0.000         0.000 / 0.000         0.000 / 0.000         0.000 / 0.000       ms
[50.170s][info   ][gc,stats    ]    Critical: Allocation Stall                                  0 / 0                 0 / 0                 0 / 0                 0 / 0           ops/s
[50.170s][info   ][gc,stats    ]    Critical: GC Locker Stall                               0.000 / 0.000         0.000 / 0.000         0.000 / 0.000         0.000 / 0.000       ms
[50.170s][info   ][gc,stats    ]    Critical: GC Locker Stall                                   0 / 0                 0 / 0                 0 / 0                 0 / 0           ops/s
[50.170s][info   ][gc,stats    ]      Memory: Allocation Rate                                 640 / 712             555 / 712             555 / 712             555 / 712         MB/s
[50.170s][info   ][gc,stats    ]      Memory: Heap Used After Mark                              0 / 0               372 / 626             372 / 626             372 / 626         MB
[50.170s][info   ][gc,stats    ]      Memory: Heap Used After Relocation                        0 / 0                76 / 84               76 / 84               76 / 84          MB
[50.170s][info   ][gc,stats    ]      Memory: Heap Used Before Mark                             0 / 0               369 / 622             369 / 622             369 / 622         MB
[50.170s][info   ][gc,stats    ]      Memory: Heap Used Before Relocation                       0 / 0               221 / 324             221 / 324             221 / 324         MB
[50.170s][info   ][gc,stats    ]      Memory: Out Of Memory                                     0 / 0                 0 / 0                 0 / 0                 0 / 0           ops/s
[50.170s][info   ][gc,stats    ]      Memory: Page Cache Flush                                  0 / 0                 0 / 0                 0 / 0                 0 / 0           MB/s
[50.170s][info   ][gc,stats    ]      Memory: Page Cache Hit L1                                 0 / 0                 6 / 142               6 / 142               6 / 142         ops/s
[50.170s][info   ][gc,stats    ]      Memory: Page Cache Hit L2                                 0 / 0                 1 / 41                1 / 41                1 / 41          ops/s
[50.170s][info   ][gc,stats    ]      Memory: Page Cache Miss                                 309 / 341             261 / 341             261 / 341             261 / 341         ops/s
[50.170s][info   ][gc,stats    ]      Memory: Undo Object Allocation Failed                     0 / 0                 0 / 0                 0 / 0                 0 / 0           ops/s
[50.170s][info   ][gc,stats    ]      Memory: Undo Object Allocation Succeeded                  0 / 0                 0 / 6                 0 / 6                 0 / 6           ops/s
[50.170s][info   ][gc,stats    ]      Memory: Undo Page Allocation                              0 / 0                 1 / 69                1 / 69                1 / 69          ops/s
[50.170s][info   ][gc,stats    ]       Phase: Concurrent Destroy Detached Pages             0.000 / 0.000         0.001 / 0.001         0.001 / 0.001         0.001 / 0.001       ms
[50.170s][info   ][gc,stats    ]       Phase: Concurrent Mark                               0.000 / 0.000         5.358 / 6.406         5.358 / 6.406         5.358 / 6.406       ms
[50.170s][info   ][gc,stats    ]       Phase: Concurrent Mark Continue                      0.000 / 0.000         0.000 / 0.000         0.000 / 0.000         0.000 / 0.000       ms
[50.170s][info   ][gc,stats    ]       Phase: Concurrent Prepare Relocation Set             0.000 / 0.000         1.491 / 1.628         1.491 / 1.628         1.491 / 1.628       ms
[50.170s][info   ][gc,stats    ]       Phase: Concurrent Process Non-Strong References      0.000 / 0.000         5.535 / 10.246        5.535 / 10.246        5.535 / 10.246      ms
[50.170s][info   ][gc,stats    ]       Phase: Concurrent Relocate                           0.000 / 0.000         4.431 / 4.701         4.431 / 4.701         4.431 / 4.701       ms
[50.170s][info   ][gc,stats    ]       Phase: Concurrent Reset Relocation Set               0.000 / 0.000         0.007 / 0.013         0.007 / 0.013         0.007 / 0.013       ms
[50.170s][info   ][gc,stats    ]       Phase: Concurrent Select Relocation Set              0.000 / 0.000         3.360 / 4.904         3.360 / 4.904         3.360 / 4.904       ms
[50.170s][info   ][gc,stats    ]       Phase: Pause Mark End                                0.000 / 0.000         0.865 / 0.927         0.865 / 0.927         0.865 / 0.927       ms
[50.170s][info   ][gc,stats    ]       Phase: Pause Mark Start                              0.000 / 0.000         0.577 / 0.637         0.577 / 0.637         0.577 / 0.637       ms
[50.170s][info   ][gc,stats    ]       Phase: Pause Relocate Start                          0.000 / 0.000         0.610 / 1.025         0.610 / 1.025         0.610 / 1.025       ms
[50.170s][info   ][gc,stats    ]       Phase: Pause Verify                                  0.000 / 0.000         0.000 / 0.000         0.000 / 0.000         0.000 / 0.000       ms
[50.170s][info   ][gc,stats    ]    Subphase: Concurrent Classes Unload                     0.000 / 0.000         5.353 / 10.031        5.353 / 10.031        5.353 / 10.031      ms
[50.170s][info   ][gc,stats    ]    Subphase: Concurrent Mark                               0.000 / 0.000         4.605 / 5.880         4.605 / 5.880         4.605 / 5.880       ms
[50.170s][info   ][gc,stats    ]    Subphase: Concurrent Mark Idle                          0.000 / 0.000         1.134 / 1.181         1.134 / 1.181         1.134 / 1.181       ms
[50.170s][info   ][gc,stats    ]    Subphase: Concurrent Mark Try Flush                     0.000 / 0.000         0.046 / 0.080         0.046 / 0.080         0.046 / 0.080       ms
[50.170s][info   ][gc,stats    ]    Subphase: Concurrent Mark Try Terminate                 0.000 / 0.000         1.016 / 1.186         1.016 / 1.186         1.016 / 1.186       ms
[50.170s][info   ][gc,stats    ]    Subphase: Concurrent References Enqueue                 0.000 / 0.000         0.004 / 0.004         0.004 / 0.004         0.004 / 0.004       ms
[50.170s][info   ][gc,stats    ]    Subphase: Concurrent References Process                 0.000 / 0.000         0.058 / 0.058         0.058 / 0.058         0.058 / 0.058       ms
[50.170s][info   ][gc,stats    ]    Subphase: Concurrent Roots                              0.000 / 0.000         0.027 / 0.236         0.027 / 0.236         0.027 / 0.236       ms
[50.170s][info   ][gc,stats    ]    Subphase: Concurrent Roots ClassLoaderDataGraph         0.000 / 0.000         0.034 / 0.234         0.034 / 0.234         0.034 / 0.234       ms
[50.170s][info   ][gc,stats    ]    Subphase: Concurrent Roots JNIHandles                   0.000 / 0.000         0.008 / 0.019         0.008 / 0.019         0.008 / 0.019       ms
[50.170s][info   ][gc,stats    ]    Subphase: Concurrent Roots Setup                        0.000 / 0.000         0.138 / 0.177         0.138 / 0.177         0.138 / 0.177       ms
[50.170s][info   ][gc,stats    ]    Subphase: Concurrent Roots Teardown                     0.000 / 0.000         0.001 / 0.001         0.001 / 0.001         0.001 / 0.001       ms
[50.170s][info   ][gc,stats    ]    Subphase: Concurrent Weak Roots                         0.000 / 0.000         0.070 / 0.118         0.070 / 0.118         0.070 / 0.118       ms
[50.170s][info   ][gc,stats    ]    Subphase: Concurrent Weak Roots JNIWeakHandles          0.000 / 0.000         0.001 / 0.003         0.001 / 0.003         0.001 / 0.003       ms
[50.170s][info   ][gc,stats    ]    Subphase: Concurrent Weak Roots StringTable             0.000 / 0.000         0.059 / 0.092         0.059 / 0.092         0.059 / 0.092       ms
[50.170s][info   ][gc,stats    ]    Subphase: Concurrent Weak Roots VMWeakHandles           0.000 / 0.000         0.011 / 0.023         0.011 / 0.023         0.011 / 0.023       ms
[50.170s][info   ][gc,stats    ]    Subphase: Pause Mark Try Complete                       0.000 / 0.000         0.224 / 0.589         0.224 / 0.589         0.224 / 0.589       ms
[50.170s][info   ][gc,stats    ]    Subphase: Pause Roots                                   0.000 / 0.000         0.121 / 0.937         0.121 / 0.937         0.121 / 0.937       ms
[50.170s][info   ][gc,stats    ]    Subphase: Pause Roots CodeCache                         0.000 / 0.000         0.000 / 0.000         0.000 / 0.000         0.000 / 0.000       ms
[50.170s][info   ][gc,stats    ]    Subphase: Pause Roots JVMTIExport                       0.000 / 0.000         0.001 / 0.001         0.001 / 0.001         0.001 / 0.001       ms
[50.170s][info   ][gc,stats    ]    Subphase: Pause Roots JVMTIWeakExport                   0.000 / 0.000         0.001 / 0.001         0.001 / 0.001         0.001 / 0.001       ms
[50.170s][info   ][gc,stats    ]    Subphase: Pause Roots Management                        0.000 / 0.000         0.113 / 0.430         0.113 / 0.430         0.113 / 0.430       ms
[50.170s][info   ][gc,stats    ]    Subphase: Pause Roots ObjectSynchronizer                0.000 / 0.000         0.004 / 0.011         0.004 / 0.011         0.004 / 0.011       ms
[50.170s][info   ][gc,stats    ]    Subphase: Pause Roots Setup                             0.000 / 0.000         0.001 / 0.002         0.001 / 0.002         0.001 / 0.002       ms
[50.170s][info   ][gc,stats    ]    Subphase: Pause Roots SystemDictionary                  0.000 / 0.000         0.166 / 0.604         0.166 / 0.604         0.166 / 0.604       ms
[50.170s][info   ][gc,stats    ]    Subphase: Pause Roots Teardown                          0.000 / 0.000         0.002 / 0.003         0.002 / 0.003         0.002 / 0.003       ms
[50.170s][info   ][gc,stats    ]    Subphase: Pause Roots Threads                           0.000 / 0.000         0.198 / 0.934         0.198 / 0.934         0.198 / 0.934       ms
[50.170s][info   ][gc,stats    ]    Subphase: Pause Roots Universe                          0.000 / 0.000         0.163 / 0.626         0.163 / 0.626         0.163 / 0.626       ms
[50.170s][info   ][gc,stats    ]    Subphase: Pause Weak Roots                              0.000 / 0.000         0.001 / 0.005         0.001 / 0.005         0.001 / 0.005       ms
[50.170s][info   ][gc,stats    ]    Subphase: Pause Weak Roots JFRWeak                      0.000 / 0.000         0.001 / 0.001         0.001 / 0.001         0.001 / 0.001       ms
[50.171s][info   ][gc,stats    ]    Subphase: Pause Weak Roots JVMTIWeakExport              0.000 / 0.000         0.001 / 0.001         0.001 / 0.001         0.001 / 0.001       ms
[50.171s][info   ][gc,stats    ]    Subphase: Pause Weak Roots Setup                        0.000 / 0.000         0.001 / 0.001         0.001 / 0.001         0.001 / 0.001       ms
[50.171s][info   ][gc,stats    ]    Subphase: Pause Weak Roots Teardown                     0.000 / 0.000         0.001 / 0.001         0.001 / 0.001         0.001 / 0.001       ms
[50.171s][info   ][gc,stats    ]      System: Java Threads                                      0 / 0                23 / 33               23 / 33               23 / 33          threads
[50.171s][info   ][gc,stats    ] =========================================================================================================================================================
[55.270s][info   ][gc,start    ] GC(2) Garbage Collection (Warmup)
[55.271s][info   ][gc,phases   ] GC(2) Pause Mark Start 0.495ms
[55.477s][info   ][gc,phases   ] GC(2) Concurrent Mark 205.962ms
[55.478s][info   ][gc,phases   ] GC(2) Pause Mark End 1.253ms
[55.480s][info   ][gc,phases   ] GC(2) Concurrent Mark Continue 1.416ms
[55.480s][info   ][gc,phases   ] GC(2) Pause Mark End 0.252ms
[55.500s][info   ][gc,phases   ] GC(2) Concurrent Process Non-Strong References 19.270ms
[55.500s][info   ][gc,phases   ] GC(2) Concurrent Reset Relocation Set 0.042ms
[55.500s][info   ][gc,phases   ] GC(2) Concurrent Destroy Detached Pages 0.001ms
[55.512s][info   ][gc,phases   ] GC(2) Concurrent Select Relocation Set 12.148ms
[55.602s][info   ][gc,phases   ] GC(2) Concurrent Prepare Relocation Set 89.649ms
[55.602s][info   ][gc,phases   ] GC(2) Pause Relocate Start 0.217ms
[55.756s][info   ][gc,phases   ] GC(2) Concurrent Relocate 154.013ms
[55.756s][info   ][gc,load     ] GC(2) Load: 2.69/0.76/0.26
[55.756s][info   ][gc,mmu      ] GC(2) MMU: 2ms/37.3%, 5ms/69.9%, 10ms/81.7%, 20ms/87.7%, 50ms/95.1%, 100ms/97.5%
[55.756s][info   ][gc,marking  ] GC(2) Mark: 8 stripe(s), 12 proactive flush(es), 3 terminate flush(es), 1 completion(s), 1 continuation(s) 
[55.756s][info   ][gc,reloc    ] GC(2) Relocation: Successful, 2638M relocated
[55.756s][info   ][gc,nmethod  ] GC(2) NMethods: 5657 registered, 667 unregistered
[55.756s][info   ][gc,metaspace] GC(2) Metaspace: 40M used, 41M capacity, 41M committed, 42M reserved
[55.756s][info   ][gc,ref      ] GC(2) Soft: 3327 encountered, 0 discovered, 0 enqueued
[55.756s][info   ][gc,ref      ] GC(2) Weak: 3669 encountered, 2462 discovered, 2140 enqueued
[55.756s][info   ][gc,ref      ] GC(2) Final: 1063 encountered, 1036 discovered, 1036 enqueued
[55.756s][info   ][gc,ref      ] GC(2) Phantom: 276 encountered, 257 discovered, 144 enqueued
[55.756s][info   ][gc,heap     ] GC(2)                Mark Start          Mark End        Relocate Start      Relocate End           High               Low         
[55.756s][info   ][gc,heap     ] GC(2)  Capacity:    30192M (30%)       30368M (30%)       30390M (30%)       30390M (30%)       30390M (30%)       30192M (30%)    
[55.756s][info   ][gc,heap     ] GC(2)   Reserve:       80M (0%)           80M (0%)           80M (0%)           80M (0%)           80M (0%)           80M (0%)     
[55.756s][info   ][gc,heap     ] GC(2)      Free:    70160M (70%)       69984M (70%)       79894M (80%)       96714M (96%)       96714M (96%)       69962M (70%)    
[55.756s][info   ][gc,heap     ] GC(2)      Used:    30112M (30%)       30288M (30%)       20378M (20%)        3558M (4%)        30310M (30%)        3558M (4%)     
[55.756s][info   ][gc,heap     ] GC(2)      Live:         -              3048M (3%)         3048M (3%)         3048M (3%)             -                  -          
[55.756s][info   ][gc,heap     ] GC(2) Allocated:         -               176M (0%)          250M (0%)         2852M (3%)             -                  -          
[55.756s][info   ][gc,heap     ] GC(2)   Garbage:         -             27063M (27%)       17079M (17%)         199M (0%)             -                  -          
[55.756s][info   ][gc,heap     ] GC(2) Reclaimed:         -                  -              9984M (10%)       26864M (27%)            -                  -          
[55.756s][info   ][gc          ] GC(2) Garbage Collection (Warmup) 30112M(30%)->3558M(4%)
[60.170s][info   ][gc,stats    ] === Garbage Collection Statistics =======================================================================================================================
[60.170s][info   ][gc,stats    ]                                                              Last 10s              Last 10m              Last 10h                Total
[60.170s][info   ][gc,stats    ]                                                              Avg / Max             Avg / Max             Avg / Max             Avg / Max
[60.170s][info   ][gc,stats    ]   Collector: Garbage Collection Cycle                    486.472 / 486.472     177.757 / 486.472     177.757 / 486.472     177.757 / 486.472     ms
[60.170s][info   ][gc,stats    ]  Contention: Mark Segment Reset Contention                    42 / 424               7 / 424               7 / 424               7 / 424         ops/s
[60.170s][info   ][gc,stats    ]  Contention: Mark SeqNum Reset Contention                      0 / 7                 0 / 7                 0 / 7                 0 / 7           ops/s
[60.170s][info   ][gc,stats    ]  Contention: Relocation Contention                             0 / 8                 0 / 8                 0 / 8                 0 / 8           ops/s
[60.170s][info   ][gc,stats    ]    Critical: Allocation Stall                              0.000 / 0.000         0.000 / 0.000         0.000 / 0.000         0.000 / 0.000       ms
[60.170s][info   ][gc,stats    ]    Critical: Allocation Stall                                  0 / 0                 0 / 0                 0 / 0                 0 / 0           ops/s
[60.170s][info   ][gc,stats    ]    Critical: GC Locker Stall                               0.000 / 0.000         0.000 / 0.000         0.000 / 0.000         0.000 / 0.000       ms
[60.170s][info   ][gc,stats    ]    Critical: GC Locker Stall                                   0 / 0                 0 / 0                 0 / 0                 0 / 0           ops/s
[60.170s][info   ][gc,stats    ]      Memory: Allocation Rate                                 611 / 696             565 / 712             565 / 712             565 / 712         MB/s
[60.170s][info   ][gc,stats    ]      Memory: Heap Used After Mark                          30288 / 30288         10344 / 30288         10344 / 30288         10344 / 30288       MB
[60.170s][info   ][gc,stats    ]      Memory: Heap Used After Relocation                     3558 / 3558           1236 / 3558           1236 / 3558           1236 / 3558        MB
[60.170s][info   ][gc,stats    ]      Memory: Heap Used Before Mark                         30112 / 30112         10283 / 30112         10283 / 30112         10283 / 30112       MB
[60.170s][info   ][gc,stats    ]      Memory: Heap Used Before Relocation                   20378 / 20378          6940 / 20378          6940 / 20378          6940 / 20378       MB
[60.170s][info   ][gc,stats    ]      Memory: Out Of Memory                                     0 / 0                 0 / 0                 0 / 0                 0 / 0           ops/s
[60.170s][info   ][gc,stats    ]      Memory: Page Cache Flush                                  0 / 0                 0 / 0                 0 / 0                 0 / 0           MB/s
[60.170s][info   ][gc,stats    ]      Memory: Page Cache Hit L1                               264 / 1469             49 / 1469             49 / 1469             49 / 1469        ops/s
[60.170s][info   ][gc,stats    ]      Memory: Page Cache Hit L2                                 0 / 0                 1 / 41                1 / 41                1 / 41          ops/s
[60.170s][info   ][gc,stats    ]      Memory: Page Cache Miss                                 156 / 330             244 / 341             244 / 341             244 / 341         ops/s
[60.170s][info   ][gc,stats    ]      Memory: Undo Object Allocation Failed                     0 / 0                 0 / 0                 0 / 0                 0 / 0           ops/s
[60.170s][info   ][gc,stats    ]      Memory: Undo Object Allocation Succeeded                  0 / 8                 0 / 8                 0 / 8                 0 / 8           ops/s
[60.170s][info   ][gc,stats    ]      Memory: Undo Page Allocation                              0 / 0                 1 / 69                1 / 69                1 / 69          ops/s
[60.170s][info   ][gc,stats    ]       Phase: Concurrent Destroy Detached Pages             0.001 / 0.001         0.001 / 0.001         0.001 / 0.001         0.001 / 0.001       ms
[60.170s][info   ][gc,stats    ]       Phase: Concurrent Mark                             205.962 / 205.962      72.226 / 205.962      72.226 / 205.962      72.226 / 205.962     ms
[60.170s][info   ][gc,stats    ]       Phase: Concurrent Mark Continue                      1.416 / 1.416         1.416 / 1.416         1.416 / 1.416         1.416 / 1.416       ms
[60.170s][info   ][gc,stats    ]       Phase: Concurrent Prepare Relocation Set            89.649 / 89.649       30.877 / 89.649       30.877 / 89.649       30.877 / 89.649      ms
[60.170s][info   ][gc,stats    ]       Phase: Concurrent Process Non-Strong References     19.270 / 19.270       10.113 / 19.270       10.113 / 19.270       10.113 / 19.270      ms
[60.170s][info   ][gc,stats    ]       Phase: Concurrent Relocate                         154.013 / 154.013      54.291 / 154.013      54.291 / 154.013      54.291 / 154.013     ms
[60.170s][info   ][gc,stats    ]       Phase: Concurrent Reset Relocation Set               0.042 / 0.042         0.019 / 0.042         0.019 / 0.042         0.019 / 0.042       ms
[60.170s][info   ][gc,stats    ]       Phase: Concurrent Select Relocation Set             12.148 / 12.148        6.289 / 12.148        6.289 / 12.148        6.289 / 12.148      ms
[60.170s][info   ][gc,stats    ]       Phase: Pause Mark End                                0.752 / 1.253         0.809 / 1.253         0.809 / 1.253         0.809 / 1.253       ms
[60.170s][info   ][gc,stats    ]       Phase: Pause Mark Start                              0.495 / 0.495         0.550 / 0.637         0.550 / 0.637         0.550 / 0.637       ms
[60.170s][info   ][gc,stats    ]       Phase: Pause Relocate Start                          0.217 / 0.217         0.479 / 1.025         0.479 / 1.025         0.479 / 1.025       ms
[60.170s][info   ][gc,stats    ]       Phase: Pause Verify                                  0.000 / 0.000         0.000 / 0.000         0.000 / 0.000         0.000 / 0.000       ms
[60.170s][info   ][gc,stats    ]    Subphase: Concurrent Classes Unload                    18.723 / 18.723        9.810 / 18.723        9.810 / 18.723        9.810 / 18.723      ms
[60.170s][info   ][gc,stats    ]    Subphase: Concurrent Mark                             101.314 / 201.793      52.959 / 201.793      52.959 / 201.793      52.959 / 201.793     ms
[60.170s][info   ][gc,stats    ]    Subphase: Concurrent Mark Idle                          1.135 / 1.179         1.135 / 1.181         1.135 / 1.181         1.135 / 1.181       ms
[60.170s][info   ][gc,stats    ]    Subphase: Concurrent Mark Try Flush                     0.077 / 0.168         0.067 / 0.168         0.067 / 0.168         0.067 / 0.168       ms
[60.170s][info   ][gc,stats    ]    Subphase: Concurrent Mark Try Terminate                 1.129 / 1.184         1.123 / 1.186         1.123 / 1.186         1.123 / 1.186       ms
[60.170s][info   ][gc,stats    ]    Subphase: Concurrent References Enqueue                 0.004 / 0.004         0.004 / 0.004         0.004 / 0.004         0.004 / 0.004       ms
[60.170s][info   ][gc,stats    ]    Subphase: Concurrent References Process                 0.140 / 0.140         0.085 / 0.140         0.085 / 0.140         0.085 / 0.140       ms
[60.171s][info   ][gc,stats    ]    Subphase: Concurrent Roots                              0.272 / 2.807         0.108 / 2.807         0.108 / 2.807         0.108 / 2.807       ms
[60.171s][info   ][gc,stats    ]    Subphase: Concurrent Roots ClassLoaderDataGraph         0.256 / 2.804         0.128 / 2.804         0.128 / 2.804         0.128 / 2.804       ms
[60.171s][info   ][gc,stats    ]    Subphase: Concurrent Roots JNIHandles                   0.027 / 0.042         0.021 / 0.042         0.021 / 0.042         0.021 / 0.042       ms
[60.171s][info   ][gc,stats    ]    Subphase: Concurrent Roots Setup                        1.117 / 1.117         0.464 / 1.117         0.464 / 1.117         0.464 / 1.117       ms
[60.171s][info   ][gc,stats    ]    Subphase: Concurrent Roots Teardown                     0.001 / 0.001         0.001 / 0.001         0.001 / 0.001         0.001 / 0.001       ms
[60.171s][info   ][gc,stats    ]    Subphase: Concurrent Weak Roots                         0.304 / 0.340         0.148 / 0.340         0.148 / 0.340         0.148 / 0.340       ms
[60.171s][info   ][gc,stats    ]    Subphase: Concurrent Weak Roots JNIWeakHandles          0.005 / 0.012         0.002 / 0.012         0.002 / 0.012         0.002 / 0.012       ms
[60.171s][info   ][gc,stats    ]    Subphase: Concurrent Weak Roots StringTable             0.269 / 0.322         0.129 / 0.322         0.129 / 0.322         0.129 / 0.322       ms
[60.171s][info   ][gc,stats    ]    Subphase: Concurrent Weak Roots VMWeakHandles           0.028 / 0.044         0.019 / 0.044         0.019 / 0.044         0.019 / 0.044       ms
[60.171s][info   ][gc,stats    ]    Subphase: Pause Mark Try Complete                       0.335 / 1.009         0.261 / 1.009         0.261 / 1.009         0.261 / 1.009       ms
[60.171s][info   ][gc,stats    ]    Subphase: Pause Roots                                   0.063 / 0.331         0.098 / 0.937         0.098 / 0.937         0.098 / 0.937       ms
[60.171s][info   ][gc,stats    ]    Subphase: Pause Roots CodeCache                         0.000 / 0.000         0.000 / 0.000         0.000 / 0.000         0.000 / 0.000       ms
[60.171s][info   ][gc,stats    ]    Subphase: Pause Roots JVMTIExport                       0.002 / 0.002         0.001 / 0.002         0.001 / 0.002         0.001 / 0.002       ms
[60.171s][info   ][gc,stats    ]    Subphase: Pause Roots JVMTIWeakExport                   0.001 / 0.001         0.001 / 0.001         0.001 / 0.001         0.001 / 0.001       ms
[60.171s][info   ][gc,stats    ]    Subphase: Pause Roots Management                        0.007 / 0.009         0.078 / 0.430         0.078 / 0.430         0.078 / 0.430       ms
[60.171s][info   ][gc,stats    ]    Subphase: Pause Roots ObjectSynchronizer                0.001 / 0.001         0.003 / 0.011         0.003 / 0.011         0.003 / 0.011       ms
[60.171s][info   ][gc,stats    ]    Subphase: Pause Roots Setup                             0.001 / 0.001         0.001 / 0.002         0.001 / 0.002         0.001 / 0.002       ms
[60.171s][info   ][gc,stats    ]    Subphase: Pause Roots SystemDictionary                  0.031 / 0.038         0.121 / 0.604         0.121 / 0.604         0.121 / 0.604       ms
[60.171s][info   ][gc,stats    ]    Subphase: Pause Roots Teardown                          0.004 / 0.006         0.003 / 0.006         0.003 / 0.006         0.003 / 0.006       ms
[60.171s][info   ][gc,stats    ]    Subphase: Pause Roots Threads                           0.077 / 0.326         0.139 / 0.934         0.139 / 0.934         0.139 / 0.934       ms
[60.171s][info   ][gc,stats    ]    Subphase: Pause Roots Universe                          0.010 / 0.015         0.112 / 0.626         0.112 / 0.626         0.112 / 0.626       ms
[60.171s][info   ][gc,stats    ]    Subphase: Pause Weak Roots                              0.001 / 0.007         0.001 / 0.007         0.001 / 0.007         0.001 / 0.007       ms
[60.171s][info   ][gc,stats    ]    Subphase: Pause Weak Roots JFRWeak                      0.001 / 0.001         0.001 / 0.001         0.001 / 0.001         0.001 / 0.001       ms
[60.171s][info   ][gc,stats    ]    Subphase: Pause Weak Roots JVMTIWeakExport              0.001 / 0.001         0.001 / 0.001         0.001 / 0.001         0.001 / 0.001       ms
[60.171s][info   ][gc,stats    ]    Subphase: Pause Weak Roots Setup                        0.001 / 0.001         0.001 / 0.001         0.001 / 0.001         0.001 / 0.001       ms
[60.171s][info   ][gc,stats    ]    Subphase: Pause Weak Roots Teardown                     0.001 / 0.001         0.001 / 0.001         0.001 / 0.001         0.001 / 0.001       ms
[60.171s][info   ][gc,stats    ]      System: Java Threads                                     65 / 65               40 / 65               40 / 65               40 / 65          threads
[60.171s][info   ][gc,stats    ] =========================================================================================================================================================
[70.170s][info   ][gc,stats    ] === Garbage Collection Statistics =======================================================================================================================
[70.170s][info   ][gc,stats    ]                                                              Last 10s              Last 10m              Last 10h                Total
[70.170s][info   ][gc,stats    ]                                                              Avg / Max             Avg / Max             Avg / Max             Avg / Max
[70.170s][info   ][gc,stats    ]   Collector: Garbage Collection Cycle                      0.000 / 0.000       177.757 / 486.472     177.757 / 486.472     177.757 / 486.472     ms
[70.170s][info   ][gc,stats    ]  Contention: Mark Segment Reset Contention                     0 / 0                 6 / 424               6 / 424               6 / 424         ops/s
[70.170s][info   ][gc,stats    ]  Contention: Mark SeqNum Reset Contention                      0 / 0                 0 / 7                 0 / 7                 0 / 7           ops/s
[70.170s][info   ][gc,stats    ]  Contention: Relocation Contention                             0 / 0                 0 / 8                 0 / 8                 0 / 8           ops/s
[70.170s][info   ][gc,stats    ]    Critical: Allocation Stall                              0.000 / 0.000         0.000 / 0.000         0.000 / 0.000         0.000 / 0.000       ms
[70.170s][info   ][gc,stats    ]    Critical: Allocation Stall                                  0 / 0                 0 / 0                 0 / 0                 0 / 0           ops/s
[70.170s][info   ][gc,stats    ]    Critical: GC Locker Stall                               0.000 / 0.000         0.000 / 0.000         0.000 / 0.000         0.000 / 0.000       ms
[70.170s][info   ][gc,stats    ]    Critical: GC Locker Stall                                   0 / 0                 0 / 0                 0 / 0                 0 / 0           ops/s
[70.170s][info   ][gc,stats    ]      Memory: Allocation Rate                                 598 / 1436            569 / 1436            569 / 1436            569 / 1436        MB/s
[70.170s][info   ][gc,stats    ]      Memory: Heap Used After Mark                              0 / 0             10344 / 30288         10344 / 30288         10344 / 30288       MB
[70.170s][info   ][gc,stats    ]      Memory: Heap Used After Relocation                        0 / 0              1236 / 3558           1236 / 3558           1236 / 3558        MB
[70.170s][info   ][gc,stats    ]      Memory: Heap Used Before Mark                             0 / 0             10283 / 30112         10283 / 30112         10283 / 30112       MB
[70.170s][info   ][gc,stats    ]      Memory: Heap Used Before Relocation                       0 / 0              6940 / 20378          6940 / 20378          6940 / 20378       MB
[70.170s][info   ][gc,stats    ]      Memory: Out Of Memory                                     0 / 0                 0 / 0                 0 / 0                 0 / 0           ops/s
[70.170s][info   ][gc,stats    ]      Memory: Page Cache Flush                                  0 / 0                 0 / 0                 0 / 0                 0 / 0           MB/s
[70.170s][info   ][gc,stats    ]      Memory: Page Cache Hit L1                               291 / 718              84 / 1469             84 / 1469             84 / 1469        ops/s
[70.170s][info   ][gc,stats    ]      Memory: Page Cache Hit L2                                 0 / 0                 1 / 41                1 / 41                1 / 41          ops/s
[70.170s][info   ][gc,stats    ]      Memory: Page Cache Miss                                   0 / 0               209 / 341             209 / 341             209 / 341         ops/s
[70.170s][info   ][gc,stats    ]      Memory: Undo Object Allocation Failed                     0 / 0                 0 / 0                 0 / 0                 0 / 0           ops/s
[70.171s][info   ][gc,stats    ]      Memory: Undo Object Allocation Succeeded                  0 / 0                 0 / 8                 0 / 8                 0 / 8           ops/s
[70.171s][info   ][gc,stats    ]      Memory: Undo Page Allocation                              0 / 0                 1 / 69                1 / 69                1 / 69          ops/s
[70.171s][info   ][gc,stats    ]       Phase: Concurrent Destroy Detached Pages             0.000 / 0.000         0.001 / 0.001         0.001 / 0.001         0.001 / 0.001       ms
[70.171s][info   ][gc,stats    ]       Phase: Concurrent Mark                               0.000 / 0.000        72.226 / 205.962      72.226 / 205.962      72.226 / 205.962     ms
[70.171s][info   ][gc,stats    ]       Phase: Concurrent Mark Continue                      0.000 / 0.000         1.416 / 1.416         1.416 / 1.416         1.416 / 1.416       ms
[70.171s][info   ][gc,stats    ]       Phase: Concurrent Prepare Relocation Set             0.000 / 0.000        30.877 / 89.649       30.877 / 89.649       30.877 / 89.649      ms
[70.171s][info   ][gc,stats    ]       Phase: Concurrent Process Non-Strong References      0.000 / 0.000        10.113 / 19.270       10.113 / 19.270       10.113 / 19.270      ms
[70.171s][info   ][gc,stats    ]       Phase: Concurrent Relocate                           0.000 / 0.000        54.291 / 154.013      54.291 / 154.013      54.291 / 154.013     ms
[70.171s][info   ][gc,stats    ]       Phase: Concurrent Reset Relocation Set               0.000 / 0.000         0.019 / 0.042         0.019 / 0.042         0.019 / 0.042       ms
[70.171s][info   ][gc,stats    ]       Phase: Concurrent Select Relocation Set              0.000 / 0.000         6.289 / 12.148        6.289 / 12.148        6.289 / 12.148      ms
[70.171s][info   ][gc,stats    ]       Phase: Pause Mark End                                0.000 / 0.000         0.809 / 1.253         0.809 / 1.253         0.809 / 1.253       ms
[70.171s][info   ][gc,stats    ]       Phase: Pause Mark Start                              0.000 / 0.000         0.550 / 0.637         0.550 / 0.637         0.550 / 0.637       ms
[70.171s][info   ][gc,stats    ]       Phase: Pause Relocate Start                          0.000 / 0.000         0.479 / 1.025         0.479 / 1.025         0.479 / 1.025       ms
[70.171s][info   ][gc,stats    ]       Phase: Pause Verify                                  0.000 / 0.000         0.000 / 0.000         0.000 / 0.000         0.000 / 0.000       ms
[70.171s][info   ][gc,stats    ]    Subphase: Concurrent Classes Unload                     0.000 / 0.000         9.810 / 18.723        9.810 / 18.723        9.810 / 18.723      ms
[70.171s][info   ][gc,stats    ]    Subphase: Concurrent Mark                               0.000 / 0.000        52.959 / 201.793      52.959 / 201.793      52.959 / 201.793     ms
[70.171s][info   ][gc,stats    ]    Subphase: Concurrent Mark Idle                          0.000 / 0.000         1.135 / 1.181         1.135 / 1.181         1.135 / 1.181       ms
[70.171s][info   ][gc,stats    ]    Subphase: Concurrent Mark Try Flush                     0.000 / 0.000         0.067 / 0.168         0.067 / 0.168         0.067 / 0.168       ms
[70.171s][info   ][gc,stats    ]    Subphase: Concurrent Mark Try Terminate                 0.000 / 0.000         1.123 / 1.186         1.123 / 1.186         1.123 / 1.186       ms
[70.171s][info   ][gc,stats    ]    Subphase: Concurrent References Enqueue                 0.000 / 0.000         0.004 / 0.004         0.004 / 0.004         0.004 / 0.004       ms
[70.171s][info   ][gc,stats    ]    Subphase: Concurrent References Process                 0.000 / 0.000         0.085 / 0.140         0.085 / 0.140         0.085 / 0.140       ms
[70.171s][info   ][gc,stats    ]    Subphase: Concurrent Roots                              0.000 / 0.000         0.108 / 2.807         0.108 / 2.807         0.108 / 2.807       ms
[70.171s][info   ][gc,stats    ]    Subphase: Concurrent Roots ClassLoaderDataGraph         0.000 / 0.000         0.128 / 2.804         0.128 / 2.804         0.128 / 2.804       ms
[70.171s][info   ][gc,stats    ]    Subphase: Concurrent Roots JNIHandles                   0.000 / 0.000         0.021 / 0.042         0.021 / 0.042         0.021 / 0.042       ms
[70.171s][info   ][gc,stats    ]    Subphase: Concurrent Roots Setup                        0.000 / 0.000         0.464 / 1.117         0.464 / 1.117         0.464 / 1.117       ms
[70.171s][info   ][gc,stats    ]    Subphase: Concurrent Roots Teardown                     0.000 / 0.000         0.001 / 0.001         0.001 / 0.001         0.001 / 0.001       ms
[70.171s][info   ][gc,stats    ]    Subphase: Concurrent Weak Roots                         0.000 / 0.000         0.148 / 0.340         0.148 / 0.340         0.148 / 0.340       ms
[70.171s][info   ][gc,stats    ]    Subphase: Concurrent Weak Roots JNIWeakHandles          0.000 / 0.000         0.002 / 0.012         0.002 / 0.012         0.002 / 0.012       ms
[70.171s][info   ][gc,stats    ]    Subphase: Concurrent Weak Roots StringTable             0.000 / 0.000         0.129 / 0.322         0.129 / 0.322         0.129 / 0.322       ms
[70.171s][info   ][gc,stats    ]    Subphase: Concurrent Weak Roots VMWeakHandles           0.000 / 0.000         0.019 / 0.044         0.019 / 0.044         0.019 / 0.044       ms
[70.171s][info   ][gc,stats    ]    Subphase: Pause Mark Try Complete                       0.000 / 0.000         0.261 / 1.009         0.261 / 1.009         0.261 / 1.009       ms
[70.171s][info   ][gc,stats    ]    Subphase: Pause Roots                                   0.000 / 0.000         0.098 / 0.937         0.098 / 0.937         0.098 / 0.937       ms
[70.171s][info   ][gc,stats    ]    Subphase: Pause Roots CodeCache                         0.000 / 0.000         0.000 / 0.000         0.000 / 0.000         0.000 / 0.000       ms
[70.171s][info   ][gc,stats    ]    Subphase: Pause Roots JVMTIExport                       0.000 / 0.000         0.001 / 0.002         0.001 / 0.002         0.001 / 0.002       ms
[70.171s][info   ][gc,stats    ]    Subphase: Pause Roots JVMTIWeakExport                   0.000 / 0.000         0.001 / 0.001         0.001 / 0.001         0.001 / 0.001       ms
[70.171s][info   ][gc,stats    ]    Subphase: Pause Roots Management                        0.000 / 0.000         0.078 / 0.430         0.078 / 0.430         0.078 / 0.430       ms
[70.171s][info   ][gc,stats    ]    Subphase: Pause Roots ObjectSynchronizer                0.000 / 0.000         0.003 / 0.011         0.003 / 0.011         0.003 / 0.011       ms
[70.171s][info   ][gc,stats    ]    Subphase: Pause Roots Setup                             0.000 / 0.000         0.001 / 0.002         0.001 / 0.002         0.001 / 0.002       ms
[70.171s][info   ][gc,stats    ]    Subphase: Pause Roots SystemDictionary                  0.000 / 0.000         0.121 / 0.604         0.121 / 0.604         0.121 / 0.604       ms
[70.171s][info   ][gc,stats    ]    Subphase: Pause Roots Teardown                          0.000 / 0.000         0.003 / 0.006         0.003 / 0.006         0.003 / 0.006       ms
[70.171s][info   ][gc,stats    ]    Subphase: Pause Roots Threads                           0.000 / 0.000         0.139 / 0.934         0.139 / 0.934         0.139 / 0.934       ms
[70.171s][info   ][gc,stats    ]    Subphase: Pause Roots Universe                          0.000 / 0.000         0.112 / 0.626         0.112 / 0.626         0.112 / 0.626       ms
[70.171s][info   ][gc,stats    ]    Subphase: Pause Weak Roots                              0.000 / 0.000         0.001 / 0.007         0.001 / 0.007         0.001 / 0.007       ms
[70.171s][info   ][gc,stats    ]    Subphase: Pause Weak Roots JFRWeak                      0.000 / 0.000         0.001 / 0.001         0.001 / 0.001         0.001 / 0.001       ms
[70.171s][info   ][gc,stats    ]    Subphase: Pause Weak Roots JVMTIWeakExport              0.000 / 0.000         0.001 / 0.001         0.001 / 0.001         0.001 / 0.001       ms
[70.171s][info   ][gc,stats    ]    Subphase: Pause Weak Roots Setup                        0.000 / 0.000         0.001 / 0.001         0.001 / 0.001         0.001 / 0.001       ms
[70.171s][info   ][gc,stats    ]    Subphase: Pause Weak Roots Teardown                     0.000 / 0.000         0.001 / 0.001         0.001 / 0.001         0.001 / 0.001       ms
[70.171s][info   ][gc,stats    ]      System: Java Threads                                      0 / 0                40 / 65               40 / 65               40 / 65          threads
[70.171s][info   ][gc,stats    ] =========================================================================================================================================================
[80.169s][info   ][gc,stats    ] === Garbage Collection Statistics =======================================================================================================================
[80.169s][info   ][gc,stats    ]                                                              Last 10s              Last 10m              Last 10h                Total
[80.169s][info   ][gc,stats    ]                                                              Avg / Max             Avg / Max             Avg / Max             Avg / Max
[80.169s][info   ][gc,stats    ]   Collector: Garbage Collection Cycle                      0.000 / 0.000       177.757 / 486.472     177.757 / 486.472     177.757 / 486.472     ms
[80.169s][info   ][gc,stats    ]  Contention: Mark Segment Reset Contention                     0 / 0                 5 / 424               5 / 424               5 / 424         ops/s
[80.169s][info   ][gc,stats    ]  Contention: Mark SeqNum Reset Contention                      0 / 0                 0 / 7                 0 / 7                 0 / 7           ops/s
[80.169s][info   ][gc,stats    ]  Contention: Relocation Contention                             0 / 0                 0 / 8                 0 / 8                 0 / 8           ops/s
[80.169s][info   ][gc,stats    ]    Critical: Allocation Stall                              0.000 / 0.000         0.000 / 0.000         0.000 / 0.000         0.000 / 0.000       ms
[80.169s][info   ][gc,stats    ]    Critical: Allocation Stall                                  0 / 0                 0 / 0                 0 / 0                 0 / 0           ops/s
[80.169s][info   ][gc,stats    ]    Critical: GC Locker Stall                               0.000 / 0.000         0.000 / 0.000         0.000 / 0.000         0.000 / 0.000       ms
[80.169s][info   ][gc,stats    ]    Critical: GC Locker Stall                                   0 / 0                 0 / 0                 0 / 0                 0 / 0           ops/s
[80.169s][info   ][gc,stats    ]      Memory: Allocation Rate                                 653 / 1070            580 / 1436            580 / 1436            580 / 1436        MB/s
[80.169s][info   ][gc,stats    ]      Memory: Heap Used After Mark                              0 / 0             10344 / 30288         10344 / 30288         10344 / 30288       MB
[80.169s][info   ][gc,stats    ]      Memory: Heap Used After Relocation                        0 / 0              1236 / 3558           1236 / 3558           1236 / 3558        MB
[80.169s][info   ][gc,stats    ]      Memory: Heap Used Before Mark                             0 / 0             10283 / 30112         10283 / 30112         10283 / 30112       MB
[80.169s][info   ][gc,stats    ]      Memory: Heap Used Before Relocation                       0 / 0              6940 / 20378          6940 / 20378          6940 / 20378       MB
[80.169s][info   ][gc,stats    ]      Memory: Out Of Memory                                     0 / 0                 0 / 0                 0 / 0                 0 / 0           ops/s
[80.169s][info   ][gc,stats    ]      Memory: Page Cache Flush                                  0 / 0                 0 / 0                 0 / 0                 0 / 0           MB/s
[80.169s][info   ][gc,stats    ]      Memory: Page Cache Hit L1                               316 / 520             113 / 1469            113 / 1469            113 / 1469        ops/s
[80.169s][info   ][gc,stats    ]      Memory: Page Cache Hit L2                                 0 / 0                 0 / 41                0 / 41                0 / 41          ops/s
[80.169s][info   ][gc,stats    ]      Memory: Page Cache Miss                                   0 / 0               183 / 341             183 / 341             183 / 341         ops/s
[80.169s][info   ][gc,stats    ]      Memory: Undo Object Allocation Failed                     0 / 0                 0 / 0                 0 / 0                 0 / 0           ops/s
[80.169s][info   ][gc,stats    ]      Memory: Undo Object Allocation Succeeded                  0 / 0                 0 / 8                 0 / 8                 0 / 8           ops/s
[80.169s][info   ][gc,stats    ]      Memory: Undo Page Allocation                              0 / 0                 0 / 69                0 / 69                0 / 69          ops/s
[80.170s][info   ][gc,stats    ]       Phase: Concurrent Destroy Detached Pages             0.000 / 0.000         0.001 / 0.001         0.001 / 0.001         0.001 / 0.001       ms
[80.170s][info   ][gc,stats    ]       Phase: Concurrent Mark                               0.000 / 0.000        72.226 / 205.962      72.226 / 205.962      72.226 / 205.962     ms
[80.170s][info   ][gc,stats    ]       Phase: Concurrent Mark Continue                      0.000 / 0.000         1.416 / 1.416         1.416 / 1.416         1.416 / 1.416       ms
[80.170s][info   ][gc,stats    ]       Phase: Concurrent Prepare Relocation Set             0.000 / 0.000        30.877 / 89.649       30.877 / 89.649       30.877 / 89.649      ms
[80.170s][info   ][gc,stats    ]       Phase: Concurrent Process Non-Strong References      0.000 / 0.000        10.113 / 19.270       10.113 / 19.270       10.113 / 19.270      ms
[80.170s][info   ][gc,stats    ]       Phase: Concurrent Relocate                           0.000 / 0.000        54.291 / 154.013      54.291 / 154.013      54.291 / 154.013     ms
[80.170s][info   ][gc,stats    ]       Phase: Concurrent Reset Relocation Set               0.000 / 0.000         0.019 / 0.042         0.019 / 0.042         0.019 / 0.042       ms
[80.170s][info   ][gc,stats    ]       Phase: Concurrent Select Relocation Set              0.000 / 0.000         6.289 / 12.148        6.289 / 12.148        6.289 / 12.148      ms
[80.170s][info   ][gc,stats    ]       Phase: Pause Mark End                                0.000 / 0.000         0.809 / 1.253         0.809 / 1.253         0.809 / 1.253       ms
[80.170s][info   ][gc,stats    ]       Phase: Pause Mark Start                              0.000 / 0.000         0.550 / 0.637         0.550 / 0.637         0.550 / 0.637       ms
[80.170s][info   ][gc,stats    ]       Phase: Pause Relocate Start                          0.000 / 0.000         0.479 / 1.025         0.479 / 1.025         0.479 / 1.025       ms
[80.170s][info   ][gc,stats    ]       Phase: Pause Verify                                  0.000 / 0.000         0.000 / 0.000         0.000 / 0.000         0.000 / 0.000       ms
[80.170s][info   ][gc,stats    ]    Subphase: Concurrent Classes Unload                     0.000 / 0.000         9.810 / 18.723        9.810 / 18.723        9.810 / 18.723      ms
[80.170s][info   ][gc,stats    ]    Subphase: Concurrent Mark                               0.000 / 0.000        52.959 / 201.793      52.959 / 201.793      52.959 / 201.793     ms
[80.170s][info   ][gc,stats    ]    Subphase: Concurrent Mark Idle                          0.000 / 0.000         1.135 / 1.181         1.135 / 1.181         1.135 / 1.181       ms
[80.170s][info   ][gc,stats    ]    Subphase: Concurrent Mark Try Flush                     0.000 / 0.000         0.067 / 0.168         0.067 / 0.168         0.067 / 0.168       ms
[80.170s][info   ][gc,stats    ]    Subphase: Concurrent Mark Try Terminate                 0.000 / 0.000         1.123 / 1.186         1.123 / 1.186         1.123 / 1.186       ms
[80.170s][info   ][gc,stats    ]    Subphase: Concurrent References Enqueue                 0.000 / 0.000         0.004 / 0.004         0.004 / 0.004         0.004 / 0.004       ms
[80.170s][info   ][gc,stats    ]    Subphase: Concurrent References Process                 0.000 / 0.000         0.085 / 0.140         0.085 / 0.140         0.085 / 0.140       ms
[80.170s][info   ][gc,stats    ]    Subphase: Concurrent Roots                              0.000 / 0.000         0.108 / 2.807         0.108 / 2.807         0.108 / 2.807       ms
[80.170s][info   ][gc,stats    ]    Subphase: Concurrent Roots ClassLoaderDataGraph         0.000 / 0.000         0.128 / 2.804         0.128 / 2.804         0.128 / 2.804       ms
[80.170s][info   ][gc,stats    ]    Subphase: Concurrent Roots JNIHandles                   0.000 / 0.000         0.021 / 0.042         0.021 / 0.042         0.021 / 0.042       ms
[80.170s][info   ][gc,stats    ]    Subphase: Concurrent Roots Setup                        0.000 / 0.000         0.464 / 1.117         0.464 / 1.117         0.464 / 1.117       ms
[80.170s][info   ][gc,stats    ]    Subphase: Concurrent Roots Teardown                     0.000 / 0.000         0.001 / 0.001         0.001 / 0.001         0.001 / 0.001       ms
[80.170s][info   ][gc,stats    ]    Subphase: Concurrent Weak Roots                         0.000 / 0.000         0.148 / 0.340         0.148 / 0.340         0.148 / 0.340       ms
[80.170s][info   ][gc,stats    ]    Subphase: Concurrent Weak Roots JNIWeakHandles          0.000 / 0.000         0.002 / 0.012         0.002 / 0.012         0.002 / 0.012       ms
[80.170s][info   ][gc,stats    ]    Subphase: Concurrent Weak Roots StringTable             0.000 / 0.000         0.129 / 0.322         0.129 / 0.322         0.129 / 0.322       ms
[80.170s][info   ][gc,stats    ]    Subphase: Concurrent Weak Roots VMWeakHandles           0.000 / 0.000         0.019 / 0.044         0.019 / 0.044         0.019 / 0.044       ms
[80.170s][info   ][gc,stats    ]    Subphase: Pause Mark Try Complete                       0.000 / 0.000         0.261 / 1.009         0.261 / 1.009         0.261 / 1.009       ms
[80.170s][info   ][gc,stats    ]    Subphase: Pause Roots                                   0.000 / 0.000         0.098 / 0.937         0.098 / 0.937         0.098 / 0.937       ms
[80.170s][info   ][gc,stats    ]    Subphase: Pause Roots CodeCache                         0.000 / 0.000         0.000 / 0.000         0.000 / 0.000         0.000 / 0.000       ms
[80.170s][info   ][gc,stats    ]    Subphase: Pause Roots JVMTIExport                       0.000 / 0.000         0.001 / 0.002         0.001 / 0.002         0.001 / 0.002       ms
[80.170s][info   ][gc,stats    ]    Subphase: Pause Roots JVMTIWeakExport                   0.000 / 0.000         0.001 / 0.001         0.001 / 0.001         0.001 / 0.001       ms
[80.170s][info   ][gc,stats    ]    Subphase: Pause Roots Management                        0.000 / 0.000         0.078 / 0.430         0.078 / 0.430         0.078 / 0.430       ms
[80.170s][info   ][gc,stats    ]    Subphase: Pause Roots ObjectSynchronizer                0.000 / 0.000         0.003 / 0.011         0.003 / 0.011         0.003 / 0.011       ms
[80.170s][info   ][gc,stats    ]    Subphase: Pause Roots Setup                             0.000 / 0.000         0.001 / 0.002         0.001 / 0.002         0.001 / 0.002       ms
[80.170s][info   ][gc,stats    ]    Subphase: Pause Roots SystemDictionary                  0.000 / 0.000         0.121 / 0.604         0.121 / 0.604         0.121 / 0.604       ms
[80.170s][info   ][gc,stats    ]    Subphase: Pause Roots Teardown                          0.000 / 0.000         0.003 / 0.006         0.003 / 0.006         0.003 / 0.006       ms
[80.170s][info   ][gc,stats    ]    Subphase: Pause Roots Threads                           0.000 / 0.000         0.139 / 0.934         0.139 / 0.934         0.139 / 0.934       ms
[80.170s][info   ][gc,stats    ]    Subphase: Pause Roots Universe                          0.000 / 0.000         0.112 / 0.626         0.112 / 0.626         0.112 / 0.626       ms
[80.170s][info   ][gc,stats    ]    Subphase: Pause Weak Roots                              0.000 / 0.000         0.001 / 0.007         0.001 / 0.007         0.001 / 0.007       ms
[80.170s][info   ][gc,stats    ]    Subphase: Pause Weak Roots JFRWeak                      0.000 / 0.000         0.001 / 0.001         0.001 / 0.001         0.001 / 0.001       ms
[80.170s][info   ][gc,stats    ]    Subphase: Pause Weak Roots JVMTIWeakExport              0.000 / 0.000         0.001 / 0.001         0.001 / 0.001         0.001 / 0.001       ms
[80.170s][info   ][gc,stats    ]    Subphase: Pause Weak Roots Setup                        0.000 / 0.000         0.001 / 0.001         0.001 / 0.001         0.001 / 0.001       ms
[80.170s][info   ][gc,stats    ]    Subphase: Pause Weak Roots Teardown                     0.000 / 0.000         0.001 / 0.001         0.001 / 0.001         0.001 / 0.001       ms
[80.170s][info   ][gc,stats    ]      System: Java Threads                                      0 / 0                40 / 65               40 / 65               40 / 65          threads
[80.170s][info   ][gc,stats    ] =========================================================================================================================================================
[90.170s][info   ][gc,stats    ] === Garbage Collection Statistics =======================================================================================================================
[90.170s][info   ][gc,stats    ]                                                              Last 10s              Last 10m              Last 10h                Total
[90.170s][info   ][gc,stats    ]                                                              Avg / Max             Avg / Max             Avg / Max             Avg / Max
[90.170s][info   ][gc,stats    ]   Collector: Garbage Collection Cycle                      0.000 / 0.000       177.757 / 486.472     177.757 / 486.472     177.757 / 486.472     ms
[90.170s][info   ][gc,stats    ]  Contention: Mark Segment Reset Contention                     0 / 0                 4 / 424               4 / 424               4 / 424         ops/s
[90.170s][info   ][gc,stats    ]  Contention: Mark SeqNum Reset Contention                      0 / 0                 0 / 7                 0 / 7                 0 / 7           ops/s
[90.170s][info   ][gc,stats    ]  Contention: Relocation Contention                             0 / 0                 0 / 8                 0 / 8                 0 / 8           ops/s
[90.170s][info   ][gc,stats    ]    Critical: Allocation Stall                              0.000 / 0.000         0.000 / 0.000         0.000 / 0.000         0.000 / 0.000       ms
[90.170s][info   ][gc,stats    ]    Critical: Allocation Stall                                  0 / 0                 0 / 0                 0 / 0                 0 / 0           ops/s
[90.170s][info   ][gc,stats    ]    Critical: GC Locker Stall                               0.000 / 0.000         0.000 / 0.000         0.000 / 0.000         0.000 / 0.000       ms
[90.170s][info   ][gc,stats    ]    Critical: GC Locker Stall                                   0 / 0                 0 / 0                 0 / 0                 0 / 0           ops/s
[90.170s][info   ][gc,stats    ]      Memory: Allocation Rate                                 612 / 658             583 / 1436            583 / 1436            583 / 1436        MB/s
[90.170s][info   ][gc,stats    ]      Memory: Heap Used After Mark                              0 / 0             10344 / 30288         10344 / 30288         10344 / 30288       MB
[90.170s][info   ][gc,stats    ]      Memory: Heap Used After Relocation                        0 / 0              1236 / 3558           1236 / 3558           1236 / 3558        MB
[90.170s][info   ][gc,stats    ]      Memory: Heap Used Before Mark                             0 / 0             10283 / 30112         10283 / 30112         10283 / 30112       MB
[90.170s][info   ][gc,stats    ]      Memory: Heap Used Before Relocation                       0 / 0              6940 / 20378          6940 / 20378          6940 / 20378       MB
[90.170s][info   ][gc,stats    ]      Memory: Out Of Memory                                     0 / 0                 0 / 0                 0 / 0                 0 / 0           ops/s
[90.170s][info   ][gc,stats    ]      Memory: Page Cache Flush                                  0 / 0                 0 / 0                 0 / 0                 0 / 0           MB/s
[90.170s][info   ][gc,stats    ]      Memory: Page Cache Hit L1                               295 / 314             133 / 1469            133 / 1469            133 / 1469        ops/s
[90.170s][info   ][gc,stats    ]      Memory: Page Cache Hit L2                                 0 / 0                 0 / 41                0 / 41                0 / 41          ops/s
[90.170s][info   ][gc,stats    ]      Memory: Page Cache Miss                                   0 / 0               162 / 341             162 / 341             162 / 341         ops/s
[90.170s][info   ][gc,stats    ]      Memory: Undo Object Allocation Failed                     0 / 0                 0 / 0                 0 / 0                 0 / 0           ops/s
[90.170s][info   ][gc,stats    ]      Memory: Undo Object Allocation Succeeded                  0 / 0                 0 / 8                 0 / 8                 0 / 8           ops/s
[90.170s][info   ][gc,stats    ]      Memory: Undo Page Allocation                              0 / 0                 0 / 69                0 / 69                0 / 69          ops/s
[90.170s][info   ][gc,stats    ]       Phase: Concurrent Destroy Detached Pages             0.000 / 0.000         0.001 / 0.001         0.001 / 0.001         0.001 / 0.001       ms
[90.170s][info   ][gc,stats    ]       Phase: Concurrent Mark                               0.000 / 0.000        72.226 / 205.962      72.226 / 205.962      72.226 / 205.962     ms
[90.170s][info   ][gc,stats    ]       Phase: Concurrent Mark Continue                      0.000 / 0.000         1.416 / 1.416         1.416 / 1.416         1.416 / 1.416       ms
[90.170s][info   ][gc,stats    ]       Phase: Concurrent Prepare Relocation Set             0.000 / 0.000        30.877 / 89.649       30.877 / 89.649       30.877 / 89.649      ms
[90.170s][info   ][gc,stats    ]       Phase: Concurrent Process Non-Strong References      0.000 / 0.000        10.113 / 19.270       10.113 / 19.270       10.113 / 19.270      ms
[90.170s][info   ][gc,stats    ]       Phase: Concurrent Relocate                           0.000 / 0.000        54.291 / 154.013      54.291 / 154.013      54.291 / 154.013     ms
[90.170s][info   ][gc,stats    ]       Phase: Concurrent Reset Relocation Set               0.000 / 0.000         0.019 / 0.042         0.019 / 0.042         0.019 / 0.042       ms
[90.170s][info   ][gc,stats    ]       Phase: Concurrent Select Relocation Set              0.000 / 0.000         6.289 / 12.148        6.289 / 12.148        6.289 / 12.148      ms
[90.170s][info   ][gc,stats    ]       Phase: Pause Mark End                                0.000 / 0.000         0.809 / 1.253         0.809 / 1.253         0.809 / 1.253       ms
[90.170s][info   ][gc,stats    ]       Phase: Pause Mark Start                              0.000 / 0.000         0.550 / 0.637         0.550 / 0.637         0.550 / 0.637       ms
[90.170s][info   ][gc,stats    ]       Phase: Pause Relocate Start                          0.000 / 0.000         0.479 / 1.025         0.479 / 1.025         0.479 / 1.025       ms
[90.170s][info   ][gc,stats    ]       Phase: Pause Verify                                  0.000 / 0.000         0.000 / 0.000         0.000 / 0.000         0.000 / 0.000       ms
[90.170s][info   ][gc,stats    ]    Subphase: Concurrent Classes Unload                     0.000 / 0.000         9.810 / 18.723        9.810 / 18.723        9.810 / 18.723      ms
[90.170s][info   ][gc,stats    ]    Subphase: Concurrent Mark                               0.000 / 0.000        52.959 / 201.793      52.959 / 201.793      52.959 / 201.793     ms
[90.170s][info   ][gc,stats    ]    Subphase: Concurrent Mark Idle                          0.000 / 0.000         1.135 / 1.181         1.135 / 1.181         1.135 / 1.181       ms
[90.170s][info   ][gc,stats    ]    Subphase: Concurrent Mark Try Flush                     0.000 / 0.000         0.067 / 0.168         0.067 / 0.168         0.067 / 0.168       ms
[90.170s][info   ][gc,stats    ]    Subphase: Concurrent Mark Try Terminate                 0.000 / 0.000         1.123 / 1.186         1.123 / 1.186         1.123 / 1.186       ms
[90.170s][info   ][gc,stats    ]    Subphase: Concurrent References Enqueue                 0.000 / 0.000         0.004 / 0.004         0.004 / 0.004         0.004 / 0.004       ms
[90.170s][info   ][gc,stats    ]    Subphase: Concurrent References Process                 0.000 / 0.000         0.085 / 0.140         0.085 / 0.140         0.085 / 0.140       ms
[90.170s][info   ][gc,stats    ]    Subphase: Concurrent Roots                              0.000 / 0.000         0.108 / 2.807         0.108 / 2.807         0.108 / 2.807       ms
[90.170s][info   ][gc,stats    ]    Subphase: Concurrent Roots ClassLoaderDataGraph         0.000 / 0.000         0.128 / 2.804         0.128 / 2.804         0.128 / 2.804       ms
[90.171s][info   ][gc,stats    ]    Subphase: Concurrent Roots JNIHandles                   0.000 / 0.000         0.021 / 0.042         0.021 / 0.042         0.021 / 0.042       ms
[90.171s][info   ][gc,stats    ]    Subphase: Concurrent Roots Setup                        0.000 / 0.000         0.464 / 1.117         0.464 / 1.117         0.464 / 1.117       ms
[90.171s][info   ][gc,stats    ]    Subphase: Concurrent Roots Teardown                     0.000 / 0.000         0.001 / 0.001         0.001 / 0.001         0.001 / 0.001       ms
[90.171s][info   ][gc,stats    ]    Subphase: Concurrent Weak Roots                         0.000 / 0.000         0.148 / 0.340         0.148 / 0.340         0.148 / 0.340       ms
[90.171s][info   ][gc,stats    ]    Subphase: Concurrent Weak Roots JNIWeakHandles          0.000 / 0.000         0.002 / 0.012         0.002 / 0.012         0.002 / 0.012       ms
[90.171s][info   ][gc,stats    ]    Subphase: Concurrent Weak Roots StringTable             0.000 / 0.000         0.129 / 0.322         0.129 / 0.322         0.129 / 0.322       ms
[90.171s][info   ][gc,stats    ]    Subphase: Concurrent Weak Roots VMWeakHandles           0.000 / 0.000         0.019 / 0.044         0.019 / 0.044         0.019 / 0.044       ms
[90.171s][info   ][gc,stats    ]    Subphase: Pause Mark Try Complete                       0.000 / 0.000         0.261 / 1.009         0.261 / 1.009         0.261 / 1.009       ms
[90.171s][info   ][gc,stats    ]    Subphase: Pause Roots                                   0.000 / 0.000         0.098 / 0.937         0.098 / 0.937         0.098 / 0.937       ms
[90.171s][info   ][gc,stats    ]    Subphase: Pause Roots CodeCache                         0.000 / 0.000         0.000 / 0.000         0.000 / 0.000         0.000 / 0.000       ms
[90.171s][info   ][gc,stats    ]    Subphase: Pause Roots JVMTIExport                       0.000 / 0.000         0.001 / 0.002         0.001 / 0.002         0.001 / 0.002       ms
[90.171s][info   ][gc,stats    ]    Subphase: Pause Roots JVMTIWeakExport                   0.000 / 0.000         0.001 / 0.001         0.001 / 0.001         0.001 / 0.001       ms
[90.171s][info   ][gc,stats    ]    Subphase: Pause Roots Management                        0.000 / 0.000         0.078 / 0.430         0.078 / 0.430         0.078 / 0.430       ms
[90.171s][info   ][gc,stats    ]    Subphase: Pause Roots ObjectSynchronizer                0.000 / 0.000         0.003 / 0.011         0.003 / 0.011         0.003 / 0.011       ms
[90.171s][info   ][gc,stats    ]    Subphase: Pause Roots Setup                             0.000 / 0.000         0.001 / 0.002         0.001 / 0.002         0.001 / 0.002       ms
[90.171s][info   ][gc,stats    ]    Subphase: Pause Roots SystemDictionary                  0.000 / 0.000         0.121 / 0.604         0.121 / 0.604         0.121 / 0.604       ms
[90.171s][info   ][gc,stats    ]    Subphase: Pause Roots Teardown                          0.000 / 0.000         0.003 / 0.006         0.003 / 0.006         0.003 / 0.006       ms
[90.171s][info   ][gc,stats    ]    Subphase: Pause Roots Threads                           0.000 / 0.000         0.139 / 0.934         0.139 / 0.934         0.139 / 0.934       ms
[90.171s][info   ][gc,stats    ]    Subphase: Pause Roots Universe                          0.000 / 0.000         0.112 / 0.626         0.112 / 0.626         0.112 / 0.626       ms
[90.171s][info   ][gc,stats    ]    Subphase: Pause Weak Roots                              0.000 / 0.000         0.001 / 0.007         0.001 / 0.007         0.001 / 0.007       ms
[90.171s][info   ][gc,stats    ]    Subphase: Pause Weak Roots JFRWeak                      0.000 / 0.000         0.001 / 0.001         0.001 / 0.001         0.001 / 0.001       ms
[90.171s][info   ][gc,stats    ]    Subphase: Pause Weak Roots JVMTIWeakExport              0.000 / 0.000         0.001 / 0.001         0.001 / 0.001         0.001 / 0.001       ms
[90.171s][info   ][gc,stats    ]    Subphase: Pause Weak Roots Setup                        0.000 / 0.000         0.001 / 0.001         0.001 / 0.001         0.001 / 0.001       ms
[90.171s][info   ][gc,stats    ]    Subphase: Pause Weak Roots Teardown                     0.000 / 0.000         0.001 / 0.001         0.001 / 0.001         0.001 / 0.001       ms
[90.171s][info   ][gc,stats    ]      System: Java Threads                                      0 / 0                40 / 65               40 / 65               40 / 65          threads
[90.171s][info   ][gc,stats    ] =========================================================================================================================================================
[91.570s][info   ][gc,start    ] GC(3) Garbage Collection (Proactive)
[91.572s][info   ][gc,phases   ] GC(3) Pause Mark Start 1.400ms
[91.829s][info   ][gc,phases   ] GC(3) Concurrent Mark 257.431ms
[91.830s][info   ][gc,phases   ] GC(3) Pause Mark End 0.713ms
[91.834s][info   ][gc,phases   ] GC(3) Concurrent Process Non-Strong References 4.142ms
[91.849s][info   ][gc,phases   ] GC(3) Concurrent Reset Relocation Set 14.653ms
[91.849s][info   ][gc,phases   ] GC(3) Concurrent Destroy Detached Pages 0.001ms
[91.856s][info   ][gc,phases   ] GC(3) Concurrent Select Relocation Set 7.239ms
[91.931s][info   ][gc,phases   ] GC(3) Concurrent Prepare Relocation Set 74.912ms
[91.932s][info   ][gc,phases   ] GC(3) Pause Relocate Start 0.232ms
[92.074s][info   ][gc,phases   ] GC(3) Concurrent Relocate 142.105ms
[92.074s][info   ][gc,load     ] GC(3) Load: 2.95/1.05/0.38
[92.074s][info   ][gc,mmu      ] GC(3) MMU: 2ms/30.0%, 5ms/69.9%, 10ms/81.7%, 20ms/87.7%, 50ms/95.1%, 100ms/97.5%
[92.074s][info   ][gc,marking  ] GC(3) Mark: 8 stripe(s), 10 proactive flush(es), 2 terminate flush(es), 1 completion(s), 0 continuation(s) 
[92.074s][info   ][gc,reloc    ] GC(3) Relocation: Successful, 2328M relocated
[92.074s][info   ][gc,nmethod  ] GC(3) NMethods: 5739 registered, 667 unregistered
[92.074s][info   ][gc,metaspace] GC(3) Metaspace: 40M used, 41M capacity, 41M committed, 42M reserved
[92.074s][info   ][gc,ref      ] GC(3) Soft: 3327 encountered, 0 discovered, 0 enqueued
[92.074s][info   ][gc,ref      ] GC(3) Weak: 1536 encountered, 262 discovered, 6 enqueued
[92.074s][info   ][gc,ref      ] GC(3) Final: 34 encountered, 7 discovered, 7 enqueued
[92.074s][info   ][gc,ref      ] GC(3) Phantom: 124 encountered, 87 discovered, 4 enqueued
[92.074s][info   ][gc,heap     ] GC(3)                Mark Start          Mark End        Relocate Start      Relocate End           High               Low         
[92.074s][info   ][gc,heap     ] GC(3)  Capacity:    30390M (30%)       30390M (30%)       30390M (30%)       30390M (30%)       30390M (30%)       30390M (30%)    
[92.074s][info   ][gc,heap     ] GC(3)   Reserve:       80M (0%)           80M (0%)           80M (0%)           80M (0%)           80M (0%)           80M (0%)     
[92.074s][info   ][gc,heap     ] GC(3)      Free:    74446M (74%)       74214M (74%)       83362M (83%)       96268M (96%)       96268M (96%)       74202M (74%)    
[92.074s][info   ][gc,heap     ] GC(3)      Used:    25826M (26%)       26058M (26%)       16910M (17%)        4004M (4%)        26070M (26%)        4004M (4%)     
[92.074s][info   ][gc,heap     ] GC(3)      Live:         -              3471M (3%)         3471M (3%)         3471M (3%)             -                  -          
[92.074s][info   ][gc,heap     ] GC(3) Allocated:         -               232M (0%)          286M (0%)         2628M (3%)             -                  -          
[92.074s][info   ][gc,heap     ] GC(3)   Garbage:         -             22354M (22%)       13152M (13%)         190M (0%)             -                  -          
[92.074s][info   ][gc,heap     ] GC(3) Reclaimed:         -                  -              9202M (9%)        22164M (22%)            -                  -          
[92.074s][info   ][gc          ] GC(3) Garbage Collection (Proactive) 25826M(26%)->4004M(4%)
[100.170s][info   ][gc,stats    ] === Garbage Collection Statistics =======================================================================================================================
[100.170s][info   ][gc,stats    ]                                                              Last 10s              Last 10m              Last 10h                Total
[100.170s][info   ][gc,stats    ]                                                              Avg / Max             Avg / Max             Avg / Max             Avg / Max
[100.170s][info   ][gc,stats    ]   Collector: Garbage Collection Cycle                    504.069 / 504.069     259.335 / 504.069     259.335 / 504.069     259.335 / 504.069     ms
[100.170s][info   ][gc,stats    ]  Contention: Mark Segment Reset Contention                    60 / 609              10 / 609              10 / 609              10 / 609         ops/s
[100.170s][info   ][gc,stats    ]  Contention: Mark SeqNum Reset Contention                      0 / 9                 0 / 9                 0 / 9                 0 / 9           ops/s
[100.170s][info   ][gc,stats    ]  Contention: Relocation Contention                             0 / 7                 0 / 8                 0 / 8                 0 / 8           ops/s
[100.170s][info   ][gc,stats    ]    Critical: Allocation Stall                              0.000 / 0.000         0.000 / 0.000         0.000 / 0.000         0.000 / 0.000       ms
[100.170s][info   ][gc,stats    ]    Critical: Allocation Stall                                  0 / 0                 0 / 0                 0 / 0                 0 / 0           ops/s
[100.170s][info   ][gc,stats    ]    Critical: GC Locker Stall                               0.000 / 0.000         0.000 / 0.000         0.000 / 0.000         0.000 / 0.000       ms
[100.170s][info   ][gc,stats    ]    Critical: GC Locker Stall                                   0 / 0                 0 / 0                 0 / 0                 0 / 0           ops/s
[100.170s][info   ][gc,stats    ]      Memory: Allocation Rate                                 638 / 728             589 / 1436            589 / 1436            589 / 1436        MB/s
[100.170s][info   ][gc,stats    ]      Memory: Heap Used After Mark                          26058 / 26058         14272 / 30288         14272 / 30288         14272 / 30288       MB
[100.170s][info   ][gc,stats    ]      Memory: Heap Used After Relocation                     4004 / 4004           1928 / 4004           1928 / 4004           1928 / 4004        MB
[100.170s][info   ][gc,stats    ]      Memory: Heap Used Before Mark                         25826 / 25826         14169 / 30112         14169 / 30112         14169 / 30112       MB
[100.170s][info   ][gc,stats    ]      Memory: Heap Used Before Relocation                   16910 / 16910          9432 / 20378          9432 / 20378          9432 / 20378       MB
[100.170s][info   ][gc,stats    ]      Memory: Out Of Memory                                     0 / 0                 0 / 0                 0 / 0                 0 / 0           ops/s
[100.170s][info   ][gc,stats    ]      Memory: Page Cache Flush                                  0 / 0                 0 / 0                 0 / 0                 0 / 0           MB/s
[100.170s][info   ][gc,stats    ]      Memory: Page Cache Hit L1                               421 / 1471            162 / 1471            162 / 1471            162 / 1471        ops/s
[100.170s][info   ][gc,stats    ]      Memory: Page Cache Hit L2                                 0 / 0                 0 / 41                0 / 41                0 / 41          ops/s
[100.170s][info   ][gc,stats    ]      Memory: Page Cache Miss                                   0 / 0               146 / 341             146 / 341             146 / 341         ops/s
[100.170s][info   ][gc,stats    ]      Memory: Undo Object Allocation Failed                     0 / 0                 0 / 0                 0 / 0                 0 / 0           ops/s
[100.170s][info   ][gc,stats    ]      Memory: Undo Object Allocation Succeeded                  0 / 7                 0 / 8                 0 / 8                 0 / 8           ops/s
[100.170s][info   ][gc,stats    ]      Memory: Undo Page Allocation                              0 / 0                 0 / 69                0 / 69                0 / 69          ops/s
[100.170s][info   ][gc,stats    ]       Phase: Concurrent Destroy Detached Pages             0.001 / 0.001         0.001 / 0.001         0.001 / 0.001         0.001 / 0.001       ms
[100.170s][info   ][gc,stats    ]       Phase: Concurrent Mark                             257.431 / 257.431     118.528 / 257.431     118.528 / 257.431     118.528 / 257.431     ms
[100.170s][info   ][gc,stats    ]       Phase: Concurrent Mark Continue                      0.000 / 0.000         1.416 / 1.416         1.416 / 1.416         1.416 / 1.416       ms
[100.170s][info   ][gc,stats    ]       Phase: Concurrent Prepare Relocation Set            74.912 / 74.912       41.886 / 89.649       41.886 / 89.649       41.886 / 89.649      ms
[100.170s][info   ][gc,stats    ]       Phase: Concurrent Process Non-Strong References      4.142 / 4.142         8.620 / 19.270        8.620 / 19.270        8.620 / 19.270      ms
[100.170s][info   ][gc,stats    ]       Phase: Concurrent Relocate                         142.105 / 142.105      76.245 / 154.013      76.245 / 154.013      76.245 / 154.013     ms
[100.170s][info   ][gc,stats    ]       Phase: Concurrent Reset Relocation Set              14.653 / 14.653        3.677 / 14.653        3.677 / 14.653        3.677 / 14.653      ms
[100.170s][info   ][gc,stats    ]       Phase: Concurrent Select Relocation Set              7.239 / 7.239         6.527 / 12.148        6.527 / 12.148        6.527 / 12.148      ms
[100.170s][info   ][gc,stats    ]       Phase: Pause Mark End                                0.713 / 0.713         0.790 / 1.253         0.790 / 1.253         0.790 / 1.253       ms
[100.170s][info   ][gc,stats    ]       Phase: Pause Mark Start                              1.400 / 1.400         0.762 / 1.400         0.762 / 1.400         0.762 / 1.400       ms
[100.170s][info   ][gc,stats    ]       Phase: Pause Relocate Start                          0.232 / 0.232         0.417 / 1.025         0.417 / 1.025         0.417 / 1.025       ms
[100.170s][info   ][gc,stats    ]       Phase: Pause Verify                                  0.000 / 0.000         0.000 / 0.000         0.000 / 0.000         0.000 / 0.000       ms
[100.170s][info   ][gc,stats    ]    Subphase: Concurrent Classes Unload                     2.676 / 2.676         8.026 / 18.723        8.026 / 18.723        8.026 / 18.723      ms
[100.170s][info   ][gc,stats    ]    Subphase: Concurrent Mark                             253.226 / 253.552      93.013 / 253.552      93.013 / 253.552      93.013 / 253.552     ms
[100.170s][info   ][gc,stats    ]    Subphase: Concurrent Mark Idle                          1.134 / 1.177         1.135 / 1.181         1.135 / 1.181         1.135 / 1.181       ms
[100.170s][info   ][gc,stats    ]    Subphase: Concurrent Mark Try Flush                     0.067 / 0.150         0.067 / 0.168         0.067 / 0.168         0.067 / 0.168       ms
[100.170s][info   ][gc,stats    ]    Subphase: Concurrent Mark Try Terminate                 1.130 / 1.183         1.126 / 1.186         1.126 / 1.186         1.126 / 1.186       ms
[100.170s][info   ][gc,stats    ]    Subphase: Concurrent References Enqueue                 0.004 / 0.004         0.004 / 0.004         0.004 / 0.004         0.004 / 0.004       ms
[100.170s][info   ][gc,stats    ]    Subphase: Concurrent References Process                 0.053 / 0.053         0.077 / 0.140         0.077 / 0.140         0.077 / 0.140       ms
[100.170s][info   ][gc,stats    ]    Subphase: Concurrent Roots                              0.202 / 1.959         0.132 / 2.807         0.132 / 2.807         0.132 / 2.807       ms
[100.170s][info   ][gc,stats    ]    Subphase: Concurrent Roots ClassLoaderDataGraph         0.221 / 1.954         0.151 / 2.804         0.151 / 2.804         0.151 / 2.804       ms
[100.170s][info   ][gc,stats    ]    Subphase: Concurrent Roots JNIHandles                   0.032 / 0.080         0.027 / 0.080         0.027 / 0.080         0.027 / 0.080       ms
[100.170s][info   ][gc,stats    ]    Subphase: Concurrent Roots Setup                        1.622 / 1.622         0.754 / 1.622         0.754 / 1.622         0.754 / 1.622       ms
[100.170s][info   ][gc,stats    ]    Subphase: Concurrent Roots Teardown                     0.001 / 0.001         0.001 / 0.001         0.001 / 0.001         0.001 / 0.001       ms
[100.170s][info   ][gc,stats    ]    Subphase: Concurrent Weak Roots                         1.257 / 1.376         0.425 / 1.376         0.425 / 1.376         0.425 / 1.376       ms
[100.170s][info   ][gc,stats    ]    Subphase: Concurrent Weak Roots JNIWeakHandles          0.025 / 0.073         0.006 / 0.073         0.006 / 0.073         0.006 / 0.073       ms
[100.170s][info   ][gc,stats    ]    Subphase: Concurrent Weak Roots StringTable             1.216 / 1.327         0.401 / 1.327         0.401 / 1.327         0.401 / 1.327       ms
[100.170s][info   ][gc,stats    ]    Subphase: Concurrent Weak Roots VMWeakHandles           0.031 / 0.051         0.023 / 0.051         0.023 / 0.051         0.023 / 0.051       ms
[100.170s][info   ][gc,stats    ]    Subphase: Pause Mark Try Complete                       0.179 / 0.418         0.240 / 1.009         0.240 / 1.009         0.240 / 1.009       ms
[100.170s][info   ][gc,stats    ]    Subphase: Pause Roots                                   0.086 / 1.060         0.095 / 1.060         0.095 / 1.060         0.095 / 1.060       ms
[100.170s][info   ][gc,stats    ]    Subphase: Pause Roots CodeCache                         0.000 / 0.000         0.000 / 0.000         0.000 / 0.000         0.000 / 0.000       ms
[100.170s][info   ][gc,stats    ]    Subphase: Pause Roots JVMTIExport                       0.009 / 0.017         0.003 / 0.017         0.003 / 0.017         0.003 / 0.017       ms
[100.170s][info   ][gc,stats    ]    Subphase: Pause Roots JVMTIWeakExport                   0.001 / 0.001         0.001 / 0.001         0.001 / 0.001         0.001 / 0.001       ms
[100.170s][info   ][gc,stats    ]    Subphase: Pause Roots Management                        0.010 / 0.010         0.061 / 0.430         0.061 / 0.430         0.061 / 0.430       ms
[100.170s][info   ][gc,stats    ]    Subphase: Pause Roots ObjectSynchronizer                0.001 / 0.001         0.002 / 0.011         0.002 / 0.011         0.002 / 0.011       ms
[100.170s][info   ][gc,stats    ]    Subphase: Pause Roots Setup                             0.001 / 0.001         0.001 / 0.002         0.001 / 0.002         0.001 / 0.002       ms
[100.170s][info   ][gc,stats    ]    Subphase: Pause Roots SystemDictionary                  0.389 / 0.734         0.188 / 0.734         0.188 / 0.734         0.188 / 0.734       ms
[100.170s][info   ][gc,stats    ]    Subphase: Pause Roots Teardown                          0.006 / 0.009         0.003 / 0.009         0.003 / 0.009         0.003 / 0.009       ms
[100.170s][info   ][gc,stats    ]    Subphase: Pause Roots Threads                           0.103 / 1.042         0.130 / 1.042         0.130 / 1.042         0.130 / 1.042       ms
[100.170s][info   ][gc,stats    ]    Subphase: Pause Roots Universe                          0.017 / 0.027         0.088 / 0.626         0.088 / 0.626         0.088 / 0.626       ms
[100.170s][info   ][gc,stats    ]    Subphase: Pause Weak Roots                              0.001 / 0.003         0.001 / 0.007         0.001 / 0.007         0.001 / 0.007       ms
[100.170s][info   ][gc,stats    ]    Subphase: Pause Weak Roots JFRWeak                      0.001 / 0.001         0.001 / 0.001         0.001 / 0.001         0.001 / 0.001       ms
[100.170s][info   ][gc,stats    ]    Subphase: Pause Weak Roots JVMTIWeakExport              0.001 / 0.001         0.001 / 0.001         0.001 / 0.001         0.001 / 0.001       ms
[100.171s][info   ][gc,stats    ]    Subphase: Pause Weak Roots Setup                        0.001 / 0.001         0.001 / 0.001         0.001 / 0.001         0.001 / 0.001       ms
[100.171s][info   ][gc,stats    ]    Subphase: Pause Weak Roots Teardown                     0.001 / 0.001         0.001 / 0.001         0.001 / 0.001         0.001 / 0.001       ms
[100.171s][info   ][gc,stats    ]      System: Java Threads                                     62 / 62               45 / 65               45 / 65               45 / 65          threads
[100.171s][info   ][gc,stats    ] =========================================================================================================================================================
[110.169s][info   ][gc,stats    ] === Garbage Collection Statistics =======================================================================================================================
[110.169s][info   ][gc,stats    ]                                                              Last 10s              Last 10m              Last 10h                Total
[110.169s][info   ][gc,stats    ]                                                              Avg / Max             Avg / Max             Avg / Max             Avg / Max
[110.169s][info   ][gc,stats    ]   Collector: Garbage Collection Cycle                      0.000 / 0.000       259.335 / 504.069     259.335 / 504.069     259.335 / 504.069     ms
[110.170s][info   ][gc,stats    ]  Contention: Mark Segment Reset Contention                     0 / 0                 9 / 609               9 / 609               9 / 609         ops/s
[110.170s][info   ][gc,stats    ]  Contention: Mark SeqNum Reset Contention                      0 / 0                 0 / 9                 0 / 9                 0 / 9           ops/s
[110.170s][info   ][gc,stats    ]  Contention: Relocation Contention                             0 / 0                 0 / 8                 0 / 8                 0 / 8           ops/s
[110.170s][info   ][gc,stats    ]    Critical: Allocation Stall                              0.000 / 0.000         0.000 / 0.000         0.000 / 0.000         0.000 / 0.000       ms
[110.170s][info   ][gc,stats    ]    Critical: Allocation Stall                                  0 / 0                 0 / 0                 0 / 0                 0 / 0           ops/s
[110.170s][info   ][gc,stats    ]    Critical: GC Locker Stall                               0.000 / 0.000         0.000 / 0.000         0.000 / 0.000         0.000 / 0.000       ms
[110.170s][info   ][gc,stats    ]    Critical: GC Locker Stall                                   0 / 0                 0 / 0                 0 / 0                 0 / 0           ops/s
[110.170s][info   ][gc,stats    ]      Memory: Allocation Rate                                 621 / 708             592 / 1436            592 / 1436            592 / 1436        MB/s
[110.170s][info   ][gc,stats    ]      Memory: Heap Used After Mark                              0 / 0             14272 / 30288         14272 / 30288         14272 / 30288       MB
[110.170s][info   ][gc,stats    ]      Memory: Heap Used After Relocation                        0 / 0              1928 / 4004           1928 / 4004           1928 / 4004        MB
[110.170s][info   ][gc,stats    ]      Memory: Heap Used Before Mark                             0 / 0             14169 / 30112         14169 / 30112         14169 / 30112       MB
[110.170s][info   ][gc,stats    ]      Memory: Heap Used Before Relocation                       0 / 0              9432 / 20378          9432 / 20378          9432 / 20378       MB
[110.170s][info   ][gc,stats    ]      Memory: Out Of Memory                                     0 / 0                 0 / 0                 0 / 0                 0 / 0           ops/s
[110.170s][info   ][gc,stats    ]      Memory: Page Cache Flush                                  0 / 0                 0 / 0                 0 / 0                 0 / 0           MB/s
[110.170s][info   ][gc,stats    ]      Memory: Page Cache Hit L1                               300 / 339             174 / 1471            174 / 1471            174 / 1471        ops/s
[110.170s][info   ][gc,stats    ]      Memory: Page Cache Hit L2                                 0 / 0                 0 / 41                0 / 41                0 / 41          ops/s
[110.170s][info   ][gc,stats    ]      Memory: Page Cache Miss                                   0 / 0               133 / 341             133 / 341             133 / 341         ops/s
[110.170s][info   ][gc,stats    ]      Memory: Undo Object Allocation Failed                     0 / 0                 0 / 0                 0 / 0                 0 / 0           ops/s
[110.170s][info   ][gc,stats    ]      Memory: Undo Object Allocation Succeeded                  0 / 0                 0 / 8                 0 / 8                 0 / 8           ops/s
[110.170s][info   ][gc,stats    ]      Memory: Undo Page Allocation                              0 / 0                 0 / 69                0 / 69                0 / 69          ops/s
[110.170s][info   ][gc,stats    ]       Phase: Concurrent Destroy Detached Pages             0.000 / 0.000         0.001 / 0.001         0.001 / 0.001         0.001 / 0.001       ms
[110.170s][info   ][gc,stats    ]       Phase: Concurrent Mark                               0.000 / 0.000       118.528 / 257.431     118.528 / 257.431     118.528 / 257.431     ms
[110.170s][info   ][gc,stats    ]       Phase: Concurrent Mark Continue                      0.000 / 0.000         1.416 / 1.416         1.416 / 1.416         1.416 / 1.416       ms
[110.170s][info   ][gc,stats    ]       Phase: Concurrent Prepare Relocation Set             0.000 / 0.000        41.886 / 89.649       41.886 / 89.649       41.886 / 89.649      ms
[110.170s][info   ][gc,stats    ]       Phase: Concurrent Process Non-Strong References      0.000 / 0.000         8.620 / 19.270        8.620 / 19.270        8.620 / 19.270      ms
[110.170s][info   ][gc,stats    ]       Phase: Concurrent Relocate                           0.000 / 0.000        76.245 / 154.013      76.245 / 154.013      76.245 / 154.013     ms
[110.170s][info   ][gc,stats    ]       Phase: Concurrent Reset Relocation Set               0.000 / 0.000         3.677 / 14.653        3.677 / 14.653        3.677 / 14.653      ms
[110.170s][info   ][gc,stats    ]       Phase: Concurrent Select Relocation Set              0.000 / 0.000         6.527 / 12.148        6.527 / 12.148        6.527 / 12.148      ms
[110.170s][info   ][gc,stats    ]       Phase: Pause Mark End                                0.000 / 0.000         0.790 / 1.253         0.790 / 1.253         0.790 / 1.253       ms
[110.170s][info   ][gc,stats    ]       Phase: Pause Mark Start                              0.000 / 0.000         0.762 / 1.400         0.762 / 1.400         0.762 / 1.400       ms
[110.170s][info   ][gc,stats    ]       Phase: Pause Relocate Start                          0.000 / 0.000         0.417 / 1.025         0.417 / 1.025         0.417 / 1.025       ms
[110.170s][info   ][gc,stats    ]       Phase: Pause Verify                                  0.000 / 0.000         0.000 / 0.000         0.000 / 0.000         0.000 / 0.000       ms
[110.170s][info   ][gc,stats    ]    Subphase: Concurrent Classes Unload                     0.000 / 0.000         8.026 / 18.723        8.026 / 18.723        8.026 / 18.723      ms
[110.170s][info   ][gc,stats    ]    Subphase: Concurrent Mark                               0.000 / 0.000        93.013 / 253.552      93.013 / 253.552      93.013 / 253.552     ms
[110.170s][info   ][gc,stats    ]    Subphase: Concurrent Mark Idle                          0.000 / 0.000         1.135 / 1.181         1.135 / 1.181         1.135 / 1.181       ms
[110.170s][info   ][gc,stats    ]    Subphase: Concurrent Mark Try Flush                     0.000 / 0.000         0.067 / 0.168         0.067 / 0.168         0.067 / 0.168       ms
[110.170s][info   ][gc,stats    ]    Subphase: Concurrent Mark Try Terminate                 0.000 / 0.000         1.126 / 1.186         1.126 / 1.186         1.126 / 1.186       ms
[110.170s][info   ][gc,stats    ]    Subphase: Concurrent References Enqueue                 0.000 / 0.000         0.004 / 0.004         0.004 / 0.004         0.004 / 0.004       ms
[110.170s][info   ][gc,stats    ]    Subphase: Concurrent References Process                 0.000 / 0.000         0.077 / 0.140         0.077 / 0.140         0.077 / 0.140       ms
[110.170s][info   ][gc,stats    ]    Subphase: Concurrent Roots                              0.000 / 0.000         0.132 / 2.807         0.132 / 2.807         0.132 / 2.807       ms
[110.170s][info   ][gc,stats    ]    Subphase: Concurrent Roots ClassLoaderDataGraph         0.000 / 0.000         0.151 / 2.804         0.151 / 2.804         0.151 / 2.804       ms
[110.170s][info   ][gc,stats    ]    Subphase: Concurrent Roots JNIHandles                   0.000 / 0.000         0.027 / 0.080         0.027 / 0.080         0.027 / 0.080       ms
[110.170s][info   ][gc,stats    ]    Subphase: Concurrent Roots Setup                        0.000 / 0.000         0.754 / 1.622         0.754 / 1.622         0.754 / 1.622       ms
[110.170s][info   ][gc,stats    ]    Subphase: Concurrent Roots Teardown                     0.000 / 0.000         0.001 / 0.001         0.001 / 0.001         0.001 / 0.001       ms
[110.170s][info   ][gc,stats    ]    Subphase: Concurrent Weak Roots                         0.000 / 0.000         0.425 / 1.376         0.425 / 1.376         0.425 / 1.376       ms
[110.170s][info   ][gc,stats    ]    Subphase: Concurrent Weak Roots JNIWeakHandles          0.000 / 0.000         0.006 / 0.073         0.006 / 0.073         0.006 / 0.073       ms
[110.170s][info   ][gc,stats    ]    Subphase: Concurrent Weak Roots StringTable             0.000 / 0.000         0.401 / 1.327         0.401 / 1.327         0.401 / 1.327       ms
[110.170s][info   ][gc,stats    ]    Subphase: Concurrent Weak Roots VMWeakHandles           0.000 / 0.000         0.023 / 0.051         0.023 / 0.051         0.023 / 0.051       ms
[110.170s][info   ][gc,stats    ]    Subphase: Pause Mark Try Complete                       0.000 / 0.000         0.240 / 1.009         0.240 / 1.009         0.240 / 1.009       ms
[110.170s][info   ][gc,stats    ]    Subphase: Pause Roots                                   0.000 / 0.000         0.095 / 1.060         0.095 / 1.060         0.095 / 1.060       ms
[110.170s][info   ][gc,stats    ]    Subphase: Pause Roots CodeCache                         0.000 / 0.000         0.000 / 0.000         0.000 / 0.000         0.000 / 0.000       ms
[110.170s][info   ][gc,stats    ]    Subphase: Pause Roots JVMTIExport                       0.000 / 0.000         0.003 / 0.017         0.003 / 0.017         0.003 / 0.017       ms
[110.170s][info   ][gc,stats    ]    Subphase: Pause Roots JVMTIWeakExport                   0.000 / 0.000         0.001 / 0.001         0.001 / 0.001         0.001 / 0.001       ms
[110.170s][info   ][gc,stats    ]    Subphase: Pause Roots Management                        0.000 / 0.000         0.061 / 0.430         0.061 / 0.430         0.061 / 0.430       ms
[110.170s][info   ][gc,stats    ]    Subphase: Pause Roots ObjectSynchronizer                0.000 / 0.000         0.002 / 0.011         0.002 / 0.011         0.002 / 0.011       ms
[110.170s][info   ][gc,stats    ]    Subphase: Pause Roots Setup                             0.000 / 0.000         0.001 / 0.002         0.001 / 0.002         0.001 / 0.002       ms
[110.170s][info   ][gc,stats    ]    Subphase: Pause Roots SystemDictionary                  0.000 / 0.000         0.188 / 0.734         0.188 / 0.734         0.188 / 0.734       ms
[110.170s][info   ][gc,stats    ]    Subphase: Pause Roots Teardown                          0.000 / 0.000         0.003 / 0.009         0.003 / 0.009         0.003 / 0.009       ms
[110.170s][info   ][gc,stats    ]    Subphase: Pause Roots Threads                           0.000 / 0.000         0.130 / 1.042         0.130 / 1.042         0.130 / 1.042       ms
[110.170s][info   ][gc,stats    ]    Subphase: Pause Roots Universe                          0.000 / 0.000         0.088 / 0.626         0.088 / 0.626         0.088 / 0.626       ms
[110.170s][info   ][gc,stats    ]    Subphase: Pause Weak Roots                              0.000 / 0.000         0.001 / 0.007         0.001 / 0.007         0.001 / 0.007       ms
[110.170s][info   ][gc,stats    ]    Subphase: Pause Weak Roots JFRWeak                      0.000 / 0.000         0.001 / 0.001         0.001 / 0.001         0.001 / 0.001       ms
[110.170s][info   ][gc,stats    ]    Subphase: Pause Weak Roots JVMTIWeakExport              0.000 / 0.000         0.001 / 0.001         0.001 / 0.001         0.001 / 0.001       ms
[110.170s][info   ][gc,stats    ]    Subphase: Pause Weak Roots Setup                        0.000 / 0.000         0.001 / 0.001         0.001 / 0.001         0.001 / 0.001       ms
[110.170s][info   ][gc,stats    ]    Subphase: Pause Weak Roots Teardown                     0.000 / 0.000         0.001 / 0.001         0.001 / 0.001         0.001 / 0.001       ms
[110.170s][info   ][gc,stats    ]      System: Java Threads                                      0 / 0                45 / 65               45 / 65               45 / 65          threads
[110.170s][info   ][gc,stats    ] =========================================================================================================================================================
[120.169s][info   ][gc,stats    ] === Garbage Collection Statistics =======================================================================================================================
[120.170s][info   ][gc,stats    ]                                                              Last 10s              Last 10m              Last 10h                Total
[120.170s][info   ][gc,stats    ]                                                              Avg / Max             Avg / Max             Avg / Max             Avg / Max
[120.170s][info   ][gc,stats    ]   Collector: Garbage Collection Cycle                      0.000 / 0.000       259.335 / 504.069     259.335 / 504.069     259.335 / 504.069     ms
[120.170s][info   ][gc,stats    ]  Contention: Mark Segment Reset Contention                     0 / 0                 8 / 609               8 / 609               8 / 609         ops/s
[120.170s][info   ][gc,stats    ]  Contention: Mark SeqNum Reset Contention                      0 / 0                 0 / 9                 0 / 9                 0 / 9           ops/s
[120.170s][info   ][gc,stats    ]  Contention: Relocation Contention                             0 / 0                 0 / 8                 0 / 8                 0 / 8           ops/s
[120.170s][info   ][gc,stats    ]    Critical: Allocation Stall                              0.000 / 0.000         0.000 / 0.000         0.000 / 0.000         0.000 / 0.000       ms
[120.170s][info   ][gc,stats    ]    Critical: Allocation Stall                                  0 / 0                 0 / 0                 0 / 0                 0 / 0           ops/s
[120.170s][info   ][gc,stats    ]    Critical: GC Locker Stall                               0.000 / 0.000         0.000 / 0.000         0.000 / 0.000         0.000 / 0.000       ms
[120.170s][info   ][gc,stats    ]    Critical: GC Locker Stall                                   0 / 0                 0 / 0                 0 / 0                 0 / 0           ops/s
[120.170s][info   ][gc,stats    ]      Memory: Allocation Rate                                 618 / 706             594 / 1436            594 / 1436            594 / 1436        MB/s
[120.170s][info   ][gc,stats    ]      Memory: Heap Used After Mark                              0 / 0             14272 / 30288         14272 / 30288         14272 / 30288       MB
[120.170s][info   ][gc,stats    ]      Memory: Heap Used After Relocation                        0 / 0              1928 / 4004           1928 / 4004           1928 / 4004        MB
[120.170s][info   ][gc,stats    ]      Memory: Heap Used Before Mark                             0 / 0             14169 / 30112         14169 / 30112         14169 / 30112       MB
[120.170s][info   ][gc,stats    ]      Memory: Heap Used Before Relocation                       0 / 0              9432 / 20378          9432 / 20378          9432 / 20378       MB
[120.170s][info   ][gc,stats    ]      Memory: Out Of Memory                                     0 / 0                 0 / 0                 0 / 0                 0 / 0           ops/s
[120.170s][info   ][gc,stats    ]      Memory: Page Cache Flush                                  0 / 0                 0 / 0                 0 / 0                 0 / 0           MB/s
[120.170s][info   ][gc,stats    ]      Memory: Page Cache Hit L1                               298 / 338             185 / 1471            185 / 1471            185 / 1471        ops/s
[120.170s][info   ][gc,stats    ]      Memory: Page Cache Hit L2                                 0 / 0                 0 / 41                0 / 41                0 / 41          ops/s
[120.170s][info   ][gc,stats    ]      Memory: Page Cache Miss                                   0 / 0               122 / 341             122 / 341             122 / 341         ops/s
[120.170s][info   ][gc,stats    ]      Memory: Undo Object Allocation Failed                     0 / 0                 0 / 0                 0 / 0                 0 / 0           ops/s
[120.170s][info   ][gc,stats    ]      Memory: Undo Object Allocation Succeeded                  0 / 0                 0 / 8                 0 / 8                 0 / 8           ops/s
[120.170s][info   ][gc,stats    ]      Memory: Undo Page Allocation                              0 / 0                 0 / 69                0 / 69                0 / 69          ops/s
[120.170s][info   ][gc,stats    ]       Phase: Concurrent Destroy Detached Pages             0.000 / 0.000         0.001 / 0.001         0.001 / 0.001         0.001 / 0.001       ms
[120.170s][info   ][gc,stats    ]       Phase: Concurrent Mark                               0.000 / 0.000       118.528 / 257.431     118.528 / 257.431     118.528 / 257.431     ms
[120.170s][info   ][gc,stats    ]       Phase: Concurrent Mark Continue                      0.000 / 0.000         1.416 / 1.416         1.416 / 1.416         1.416 / 1.416       ms
[120.170s][info   ][gc,stats    ]       Phase: Concurrent Prepare Relocation Set             0.000 / 0.000        41.886 / 89.649       41.886 / 89.649       41.886 / 89.649      ms
[120.170s][info   ][gc,stats    ]       Phase: Concurrent Process Non-Strong References      0.000 / 0.000         8.620 / 19.270        8.620 / 19.270        8.620 / 19.270      ms
[120.170s][info   ][gc,stats    ]       Phase: Concurrent Relocate                           0.000 / 0.000        76.245 / 154.013      76.245 / 154.013      76.245 / 154.013     ms
[120.170s][info   ][gc,stats    ]       Phase: Concurrent Reset Relocation Set               0.000 / 0.000         3.677 / 14.653        3.677 / 14.653        3.677 / 14.653      ms
[120.170s][info   ][gc,stats    ]       Phase: Concurrent Select Relocation Set              0.000 / 0.000         6.527 / 12.148        6.527 / 12.148        6.527 / 12.148      ms
[120.170s][info   ][gc,stats    ]       Phase: Pause Mark End                                0.000 / 0.000         0.790 / 1.253         0.790 / 1.253         0.790 / 1.253       ms
[120.170s][info   ][gc,stats    ]       Phase: Pause Mark Start                              0.000 / 0.000         0.762 / 1.400         0.762 / 1.400         0.762 / 1.400       ms
[120.170s][info   ][gc,stats    ]       Phase: Pause Relocate Start                          0.000 / 0.000         0.417 / 1.025         0.417 / 1.025         0.417 / 1.025       ms
[120.170s][info   ][gc,stats    ]       Phase: Pause Verify                                  0.000 / 0.000         0.000 / 0.000         0.000 / 0.000         0.000 / 0.000       ms
[120.170s][info   ][gc,stats    ]    Subphase: Concurrent Classes Unload                     0.000 / 0.000         8.026 / 18.723        8.026 / 18.723        8.026 / 18.723      ms
[120.170s][info   ][gc,stats    ]    Subphase: Concurrent Mark                               0.000 / 0.000        93.013 / 253.552      93.013 / 253.552      93.013 / 253.552     ms
[120.170s][info   ][gc,stats    ]    Subphase: Concurrent Mark Idle                          0.000 / 0.000         1.135 / 1.181         1.135 / 1.181         1.135 / 1.181       ms
[120.170s][info   ][gc,stats    ]    Subphase: Concurrent Mark Try Flush                     0.000 / 0.000         0.067 / 0.168         0.067 / 0.168         0.067 / 0.168       ms
[120.170s][info   ][gc,stats    ]    Subphase: Concurrent Mark Try Terminate                 0.000 / 0.000         1.126 / 1.186         1.126 / 1.186         1.126 / 1.186       ms
[120.170s][info   ][gc,stats    ]    Subphase: Concurrent References Enqueue                 0.000 / 0.000         0.004 / 0.004         0.004 / 0.004         0.004 / 0.004       ms
[120.170s][info   ][gc,stats    ]    Subphase: Concurrent References Process                 0.000 / 0.000         0.077 / 0.140         0.077 / 0.140         0.077 / 0.140       ms
[120.170s][info   ][gc,stats    ]    Subphase: Concurrent Roots                              0.000 / 0.000         0.132 / 2.807         0.132 / 2.807         0.132 / 2.807       ms
[120.170s][info   ][gc,stats    ]    Subphase: Concurrent Roots ClassLoaderDataGraph         0.000 / 0.000         0.151 / 2.804         0.151 / 2.804         0.151 / 2.804       ms
[120.170s][info   ][gc,stats    ]    Subphase: Concurrent Roots JNIHandles                   0.000 / 0.000         0.027 / 0.080         0.027 / 0.080         0.027 / 0.080       ms
[120.170s][info   ][gc,stats    ]    Subphase: Concurrent Roots Setup                        0.000 / 0.000         0.754 / 1.622         0.754 / 1.622         0.754 / 1.622       ms
[120.170s][info   ][gc,stats    ]    Subphase: Concurrent Roots Teardown                     0.000 / 0.000         0.001 / 0.001         0.001 / 0.001         0.001 / 0.001       ms
[120.170s][info   ][gc,stats    ]    Subphase: Concurrent Weak Roots                         0.000 / 0.000         0.425 / 1.376         0.425 / 1.376         0.425 / 1.376       ms
[120.170s][info   ][gc,stats    ]    Subphase: Concurrent Weak Roots JNIWeakHandles          0.000 / 0.000         0.006 / 0.073         0.006 / 0.073         0.006 / 0.073       ms
[120.170s][info   ][gc,stats    ]    Subphase: Concurrent Weak Roots StringTable             0.000 / 0.000         0.401 / 1.327         0.401 / 1.327         0.401 / 1.327       ms
[120.170s][info   ][gc,stats    ]    Subphase: Concurrent Weak Roots VMWeakHandles           0.000 / 0.000         0.023 / 0.051         0.023 / 0.051         0.023 / 0.051       ms
[120.170s][info   ][gc,stats    ]    Subphase: Pause Mark Try Complete                       0.000 / 0.000         0.240 / 1.009         0.240 / 1.009         0.240 / 1.009       ms
[120.170s][info   ][gc,stats    ]    Subphase: Pause Roots                                   0.000 / 0.000         0.095 / 1.060         0.095 / 1.060         0.095 / 1.060       ms
[120.170s][info   ][gc,stats    ]    Subphase: Pause Roots CodeCache                         0.000 / 0.000         0.000 / 0.000         0.000 / 0.000         0.000 / 0.000       ms
[120.170s][info   ][gc,stats    ]    Subphase: Pause Roots JVMTIExport                       0.000 / 0.000         0.003 / 0.017         0.003 / 0.017         0.003 / 0.017       ms
[120.170s][info   ][gc,stats    ]    Subphase: Pause Roots JVMTIWeakExport                   0.000 / 0.000         0.001 / 0.001         0.001 / 0.001         0.001 / 0.001       ms
[120.170s][info   ][gc,stats    ]    Subphase: Pause Roots Management                        0.000 / 0.000         0.061 / 0.430         0.061 / 0.430         0.061 / 0.430       ms
[120.170s][info   ][gc,stats    ]    Subphase: Pause Roots ObjectSynchronizer                0.000 / 0.000         0.002 / 0.011         0.002 / 0.011         0.002 / 0.011       ms
[120.170s][info   ][gc,stats    ]    Subphase: Pause Roots Setup                             0.000 / 0.000         0.001 / 0.002         0.001 / 0.002         0.001 / 0.002       ms
[120.170s][info   ][gc,stats    ]    Subphase: Pause Roots SystemDictionary                  0.000 / 0.000         0.188 / 0.734         0.188 / 0.734         0.188 / 0.734       ms
[120.170s][info   ][gc,stats    ]    Subphase: Pause Roots Teardown                          0.000 / 0.000         0.003 / 0.009         0.003 / 0.009         0.003 / 0.009       ms
[120.170s][info   ][gc,stats    ]    Subphase: Pause Roots Threads                           0.000 / 0.000         0.130 / 1.042         0.130 / 1.042         0.130 / 1.042       ms
[120.170s][info   ][gc,stats    ]    Subphase: Pause Roots Universe                          0.000 / 0.000         0.088 / 0.626         0.088 / 0.626         0.088 / 0.626       ms
[120.170s][info   ][gc,stats    ]    Subphase: Pause Weak Roots                              0.000 / 0.000         0.001 / 0.007         0.001 / 0.007         0.001 / 0.007       ms
[120.170s][info   ][gc,stats    ]    Subphase: Pause Weak Roots JFRWeak                      0.000 / 0.000         0.001 / 0.001         0.001 / 0.001         0.001 / 0.001       ms
[120.170s][info   ][gc,stats    ]    Subphase: Pause Weak Roots JVMTIWeakExport              0.000 / 0.000         0.001 / 0.001         0.001 / 0.001         0.001 / 0.001       ms
[120.170s][info   ][gc,stats    ]    Subphase: Pause Weak Roots Setup                        0.000 / 0.000         0.001 / 0.001         0.001 / 0.001         0.001 / 0.001       ms
[120.170s][info   ][gc,stats    ]    Subphase: Pause Weak Roots Teardown                     0.000 / 0.000         0.001 / 0.001         0.001 / 0.001         0.001 / 0.001       ms
[120.170s][info   ][gc,stats    ]      System: Java Threads                                      0 / 0                45 / 65               45 / 65               45 / 65          threads
[120.170s][info   ][gc,stats    ] =========================================================================================================================================================
[126.570s][info   ][gc,start    ] GC(4) Garbage Collection (Proactive)
[126.571s][info   ][gc,phases   ] GC(4) Pause Mark Start 0.352ms
[126.842s][info   ][gc,phases   ] GC(4) Concurrent Mark 270.637ms
[126.843s][info   ][gc,phases   ] GC(4) Pause Mark End 0.815ms
[126.846s][info   ][gc,phases   ] GC(4) Concurrent Process Non-Strong References 3.107ms
[126.852s][info   ][gc,phases   ] GC(4) Concurrent Reset Relocation Set 6.631ms
[126.852s][info   ][gc,phases   ] GC(4) Concurrent Destroy Detached Pages 0.001ms
[126.858s][info   ][gc,phases   ] GC(4) Concurrent Select Relocation Set 5.294ms
[126.920s][info   ][gc,phases   ] GC(4) Concurrent Prepare Relocation Set 61.718ms
[126.920s][info   ][gc,phases   ] GC(4) Pause Relocate Start 0.184ms
[127.086s][info   ][gc,phases   ] GC(4) Concurrent Relocate 165.671ms
[127.086s][info   ][gc,load     ] GC(4) Load: 2.79/1.22/0.46
[127.086s][info   ][gc,mmu      ] GC(4) MMU: 2ms/30.0%, 5ms/69.9%, 10ms/81.7%, 20ms/87.7%, 50ms/95.1%, 100ms/97.5%
[127.086s][info   ][gc,marking  ] GC(4) Mark: 8 stripe(s), 10 proactive flush(es), 2 terminate flush(es), 1 completion(s), 0 continuation(s) 
[127.086s][info   ][gc,reloc    ] GC(4) Relocation: Successful, 2884M relocated
[127.086s][info   ][gc,nmethod  ] GC(4) NMethods: 5811 registered, 667 unregistered
[127.086s][info   ][gc,metaspace] GC(4) Metaspace: 40M used, 41M capacity, 41M committed, 42M reserved
[127.086s][info   ][gc,ref      ] GC(4) Soft: 3327 encountered, 0 discovered, 0 enqueued
[127.086s][info   ][gc,ref      ] GC(4) Weak: 1530 encountered, 692 discovered, 0 enqueued
[127.086s][info   ][gc,ref      ] GC(4) Final: 34 encountered, 7 discovered, 7 enqueued
[127.086s][info   ][gc,ref      ] GC(4) Phantom: 120 encountered, 93 discovered, 0 enqueued
[127.086s][info   ][gc,heap     ] GC(4)                Mark Start          Mark End        Relocate Start      Relocate End           High               Low         
[127.086s][info   ][gc,heap     ] GC(4)  Capacity:    30390M (30%)       30390M (30%)       30390M (30%)       30390M (30%)       30390M (30%)       30390M (30%)    
[127.086s][info   ][gc,heap     ] GC(4)   Reserve:       80M (0%)           80M (0%)           80M (0%)           80M (0%)           80M (0%)           80M (0%)     
[127.086s][info   ][gc,heap     ] GC(4)      Free:    74724M (74%)       74520M (74%)       82650M (82%)       96154M (96%)       96154M (96%)       74498M (74%)    
[127.086s][info   ][gc,heap     ] GC(4)      Used:    25548M (25%)       25752M (26%)       17622M (18%)        4118M (4%)        25774M (26%)        4118M (4%)     
[127.086s][info   ][gc,heap     ] GC(4)      Live:         -              3499M (3%)         3499M (3%)         3499M (3%)             -                  -          
[127.086s][info   ][gc,heap     ] GC(4) Allocated:         -               204M (0%)          266M (0%)         3000M (3%)             -                  -          
[127.086s][info   ][gc,heap     ] GC(4)   Garbage:         -             22048M (22%)       13856M (14%)         270M (0%)             -                  -          
[127.086s][info   ][gc,heap     ] GC(4) Reclaimed:         -                  -              8192M (8%)        21778M (22%)            -                  -          
[127.086s][info   ][gc          ] GC(4) Garbage Collection (Proactive) 25548M(25%)->4118M(4%)
[130.169s][info   ][gc,stats    ] === Garbage Collection Statistics =======================================================================================================================
[130.169s][info   ][gc,stats    ]                                                              Last 10s              Last 10m              Last 10h                Total
[130.169s][info   ][gc,stats    ]                                                              Avg / Max             Avg / Max             Avg / Max             Avg / Max
[130.169s][info   ][gc,stats    ]   Collector: Garbage Collection Cycle                    515.532 / 515.532     310.574 / 515.532     310.574 / 515.532     310.574 / 515.532     ms
[130.169s][info   ][gc,stats    ]  Contention: Mark Segment Reset Contention                    63 / 634              12 / 634              12 / 634              12 / 634         ops/s
[130.169s][info   ][gc,stats    ]  Contention: Mark SeqNum Reset Contention                      0 / 2                 0 / 9                 0 / 9                 0 / 9           ops/s
[130.169s][info   ][gc,stats    ]  Contention: Relocation Contention                             0 / 9                 0 / 9                 0 / 9                 0 / 9           ops/s
[130.169s][info   ][gc,stats    ]    Critical: Allocation Stall                              0.000 / 0.000         0.000 / 0.000         0.000 / 0.000         0.000 / 0.000       ms
[130.169s][info   ][gc,stats    ]    Critical: Allocation Stall                                  0 / 0                 0 / 0                 0 / 0                 0 / 0           ops/s
[130.169s][info   ][gc,stats    ]    Critical: GC Locker Stall                               0.000 / 0.000         0.000 / 0.000         0.000 / 0.000         0.000 / 0.000       ms
[130.169s][info   ][gc,stats    ]    Critical: GC Locker Stall                                   0 / 0                 0 / 0                 0 / 0                 0 / 0           ops/s
[130.169s][info   ][gc,stats    ]      Memory: Allocation Rate                                 625 / 710             596 / 1436            596 / 1436            596 / 1436        MB/s
[130.169s][info   ][gc,stats    ]      Memory: Heap Used After Mark                          25752 / 25752         16568 / 30288         16568 / 30288         16568 / 30288       MB
[130.169s][info   ][gc,stats    ]      Memory: Heap Used After Relocation                     4118 / 4118           2366 / 4118           2366 / 4118           2366 / 4118        MB
[130.169s][info   ][gc,stats    ]      Memory: Heap Used Before Mark                         25548 / 25548         16444 / 30112         16444 / 30112         16444 / 30112       MB
[130.169s][info   ][gc,stats    ]      Memory: Heap Used Before Relocation                   17622 / 17622         11070 / 20378         11070 / 20378         11070 / 20378       MB
[130.169s][info   ][gc,stats    ]      Memory: Out Of Memory                                     0 / 0                 0 / 0                 0 / 0                 0 / 0           ops/s
[130.169s][info   ][gc,stats    ]      Memory: Page Cache Flush                                  0 / 0                 0 / 0                 0 / 0                 0 / 0           MB/s
[130.169s][info   ][gc,stats    ]      Memory: Page Cache Hit L1                               433 / 1642            204 / 1642            204 / 1642            204 / 1642        ops/s
[130.169s][info   ][gc,stats    ]      Memory: Page Cache Hit L2                                 0 / 0                 0 / 41                0 / 41                0 / 41          ops/s
[130.169s][info   ][gc,stats    ]      Memory: Page Cache Miss                                   0 / 0               112 / 341             112 / 341             112 / 341         ops/s
[130.169s][info   ][gc,stats    ]      Memory: Undo Object Allocation Failed                     0 / 0                 0 / 0                 0 / 0                 0 / 0           ops/s
[130.169s][info   ][gc,stats    ]      Memory: Undo Object Allocation Succeeded                  0 / 9                 0 / 9                 0 / 9                 0 / 9           ops/s
[130.169s][info   ][gc,stats    ]      Memory: Undo Page Allocation                              0 / 0                 0 / 69                0 / 69                0 / 69          ops/s
[130.169s][info   ][gc,stats    ]       Phase: Concurrent Destroy Detached Pages             0.001 / 0.001         0.001 / 0.001         0.001 / 0.001         0.001 / 0.001       ms
[130.169s][info   ][gc,stats    ]       Phase: Concurrent Mark                             270.637 / 270.637     148.950 / 270.637     148.950 / 270.637     148.950 / 270.637     ms
[130.169s][info   ][gc,stats    ]       Phase: Concurrent Mark Continue                      0.000 / 0.000         1.416 / 1.416         1.416 / 1.416         1.416 / 1.416       ms
[130.169s][info   ][gc,stats    ]       Phase: Concurrent Prepare Relocation Set            61.718 / 61.718       45.852 / 89.649       45.852 / 89.649       45.852 / 89.649      ms
[130.170s][info   ][gc,stats    ]       Phase: Concurrent Process Non-Strong References      3.107 / 3.107         7.518 / 19.270        7.518 / 19.270        7.518 / 19.270      ms
[130.170s][info   ][gc,stats    ]       Phase: Concurrent Relocate                         165.671 / 165.671      94.130 / 165.671      94.130 / 165.671      94.130 / 165.671     ms
[130.170s][info   ][gc,stats    ]       Phase: Concurrent Reset Relocation Set               6.631 / 6.631         4.268 / 14.653        4.268 / 14.653        4.268 / 14.653      ms
[130.170s][info   ][gc,stats    ]       Phase: Concurrent Select Relocation Set              5.294 / 5.294         6.280 / 12.148        6.280 / 12.148        6.280 / 12.148      ms
[130.170s][info   ][gc,stats    ]       Phase: Pause Mark End                                0.815 / 0.815         0.794 / 1.253         0.794 / 1.253         0.794 / 1.253       ms
[130.170s][info   ][gc,stats    ]       Phase: Pause Mark Start                              0.352 / 0.352         0.680 / 1.400         0.680 / 1.400         0.680 / 1.400       ms
[130.170s][info   ][gc,stats    ]       Phase: Pause Relocate Start                          0.184 / 0.184         0.371 / 1.025         0.371 / 1.025         0.371 / 1.025       ms
[130.170s][info   ][gc,stats    ]       Phase: Pause Verify                                  0.000 / 0.000         0.000 / 0.000         0.000 / 0.000         0.000 / 0.000       ms
[130.170s][info   ][gc,stats    ]    Subphase: Concurrent Classes Unload                     2.585 / 2.585         6.938 / 18.723        6.938 / 18.723        6.938 / 18.723      ms
[130.170s][info   ][gc,stats    ]    Subphase: Concurrent Mark                             268.995 / 269.448     122.343 / 269.448     122.343 / 269.448     122.343 / 269.448     ms
[130.170s][info   ][gc,stats    ]    Subphase: Concurrent Mark Idle                          1.136 / 1.194         1.135 / 1.194         1.135 / 1.194         1.135 / 1.194       ms
[130.170s][info   ][gc,stats    ]    Subphase: Concurrent Mark Try Flush                     0.158 / 0.545         0.090 / 0.545         0.090 / 0.545         0.090 / 0.545       ms
[130.170s][info   ][gc,stats    ]    Subphase: Concurrent Mark Try Terminate                 1.134 / 1.197         1.129 / 1.197         1.129 / 1.197         1.129 / 1.197       ms
[130.170s][info   ][gc,stats    ]    Subphase: Concurrent References Enqueue                 0.005 / 0.005         0.004 / 0.005         0.004 / 0.005         0.004 / 0.005       ms
[130.170s][info   ][gc,stats    ]    Subphase: Concurrent References Process                 0.079 / 0.079         0.078 / 0.140         0.078 / 0.140         0.078 / 0.140       ms
[130.170s][info   ][gc,stats    ]    Subphase: Concurrent Roots                              0.115 / 0.632         0.129 / 2.807         0.129 / 2.807         0.129 / 2.807       ms
[130.170s][info   ][gc,stats    ]    Subphase: Concurrent Roots ClassLoaderDataGraph         0.117 / 0.629         0.145 / 2.804         0.145 / 2.804         0.145 / 2.804       ms
[130.170s][info   ][gc,stats    ]    Subphase: Concurrent Roots JNIHandles                   0.087 / 0.151         0.041 / 0.151         0.041 / 0.151         0.041 / 0.151       ms
[130.170s][info   ][gc,stats    ]    Subphase: Concurrent Roots Setup                        0.319 / 0.319         0.667 / 1.622         0.667 / 1.622         0.667 / 1.622       ms
[130.170s][info   ][gc,stats    ]    Subphase: Concurrent Roots Teardown                     0.001 / 0.001         0.001 / 0.001         0.001 / 0.001         0.001 / 0.001       ms
[130.170s][info   ][gc,stats    ]    Subphase: Concurrent Weak Roots                         0.342 / 0.398         0.409 / 1.376         0.409 / 1.376         0.409 / 1.376       ms
[130.170s][info   ][gc,stats    ]    Subphase: Concurrent Weak Roots JNIWeakHandles          0.003 / 0.010         0.005 / 0.073         0.005 / 0.073         0.005 / 0.073       ms
[130.170s][info   ][gc,stats    ]    Subphase: Concurrent Weak Roots StringTable             0.318 / 0.368         0.384 / 1.327         0.384 / 1.327         0.384 / 1.327       ms
[130.170s][info   ][gc,stats    ]    Subphase: Concurrent Weak Roots VMWeakHandles           0.019 / 0.032         0.022 / 0.051         0.022 / 0.051         0.022 / 0.051       ms
[130.170s][info   ][gc,stats    ]    Subphase: Pause Mark Try Complete                       0.131 / 0.524         0.218 / 1.009         0.218 / 1.009         0.218 / 1.009       ms
[130.170s][info   ][gc,stats    ]    Subphase: Pause Roots                                   0.051 / 0.170         0.087 / 1.060         0.087 / 1.060         0.087 / 1.060       ms
[130.170s][info   ][gc,stats    ]    Subphase: Pause Roots CodeCache                         0.000 / 0.000         0.000 / 0.000         0.000 / 0.000         0.000 / 0.000       ms
[130.170s][info   ][gc,stats    ]    Subphase: Pause Roots JVMTIExport                       0.002 / 0.002         0.003 / 0.017         0.003 / 0.017         0.003 / 0.017       ms
[130.170s][info   ][gc,stats    ]    Subphase: Pause Roots JVMTIWeakExport                   0.001 / 0.001         0.001 / 0.001         0.001 / 0.001         0.001 / 0.001       ms
[130.170s][info   ][gc,stats    ]    Subphase: Pause Roots Management                        0.002 / 0.003         0.049 / 0.430         0.049 / 0.430         0.049 / 0.430       ms
[130.170s][info   ][gc,stats    ]    Subphase: Pause Roots ObjectSynchronizer                0.001 / 0.002         0.002 / 0.011         0.002 / 0.011         0.002 / 0.011       ms
[130.170s][info   ][gc,stats    ]    Subphase: Pause Roots Setup                             0.001 / 0.001         0.001 / 0.002         0.001 / 0.002         0.001 / 0.002       ms
[130.170s][info   ][gc,stats    ]    Subphase: Pause Roots SystemDictionary                  0.014 / 0.017         0.153 / 0.734         0.153 / 0.734         0.153 / 0.734       ms
[130.170s][info   ][gc,stats    ]    Subphase: Pause Roots Teardown                          0.004 / 0.007         0.004 / 0.009         0.004 / 0.009         0.004 / 0.009       ms
[130.170s][info   ][gc,stats    ]    Subphase: Pause Roots Threads                           0.058 / 0.167         0.114 / 1.042         0.114 / 1.042         0.114 / 1.042       ms
[130.170s][info   ][gc,stats    ]    Subphase: Pause Roots Universe                          0.010 / 0.015         0.072 / 0.626         0.072 / 0.626         0.072 / 0.626       ms
[130.170s][info   ][gc,stats    ]    Subphase: Pause Weak Roots                              0.001 / 0.005         0.001 / 0.007         0.001 / 0.007         0.001 / 0.007       ms
[130.170s][info   ][gc,stats    ]    Subphase: Pause Weak Roots JFRWeak                      0.001 / 0.001         0.001 / 0.001         0.001 / 0.001         0.001 / 0.001       ms
[130.170s][info   ][gc,stats    ]    Subphase: Pause Weak Roots JVMTIWeakExport              0.001 / 0.001         0.001 / 0.001         0.001 / 0.001         0.001 / 0.001       ms
[130.170s][info   ][gc,stats    ]    Subphase: Pause Weak Roots Setup                        0.001 / 0.001         0.001 / 0.001         0.001 / 0.001         0.001 / 0.001       ms
[130.170s][info   ][gc,stats    ]    Subphase: Pause Weak Roots Teardown                     0.002 / 0.002         0.001 / 0.002         0.001 / 0.002         0.001 / 0.002       ms
[130.170s][info   ][gc,stats    ]      System: Java Threads                                     62 / 62               48 / 65               48 / 65               48 / 65          threads
[130.170s][info   ][gc,stats    ] =========================================================================================================================================================
[140.170s][info   ][gc,stats    ] === Garbage Collection Statistics =======================================================================================================================
[140.170s][info   ][gc,stats    ]                                                              Last 10s              Last 10m              Last 10h                Total
[140.170s][info   ][gc,stats    ]                                                              Avg / Max             Avg / Max             Avg / Max             Avg / Max
[140.170s][info   ][gc,stats    ]   Collector: Garbage Collection Cycle                      0.000 / 0.000       310.574 / 515.532     310.574 / 515.532     310.574 / 515.532     ms
[140.170s][info   ][gc,stats    ]  Contention: Mark Segment Reset Contention                     0 / 0                11 / 634              11 / 634              11 / 634         ops/s
[140.170s][info   ][gc,stats    ]  Contention: Mark SeqNum Reset Contention                      0 / 0                 0 / 9                 0 / 9                 0 / 9           ops/s
[140.170s][info   ][gc,stats    ]  Contention: Relocation Contention                             0 / 0                 0 / 9                 0 / 9                 0 / 9           ops/s
[140.170s][info   ][gc,stats    ]    Critical: Allocation Stall                              0.000 / 0.000         0.000 / 0.000         0.000 / 0.000         0.000 / 0.000       ms
[140.170s][info   ][gc,stats    ]    Critical: Allocation Stall                                  0 / 0                 0 / 0                 0 / 0                 0 / 0           ops/s
[140.170s][info   ][gc,stats    ]    Critical: GC Locker Stall                               0.000 / 0.000         0.000 / 0.000         0.000 / 0.000         0.000 / 0.000       ms
[140.170s][info   ][gc,stats    ]    Critical: GC Locker Stall                                   0 / 0                 0 / 0                 0 / 0                 0 / 0           ops/s
[140.170s][info   ][gc,stats    ]      Memory: Allocation Rate                                 636 / 684             599 / 1436            599 / 1436            599 / 1436        MB/s
[140.170s][info   ][gc,stats    ]      Memory: Heap Used After Mark                              0 / 0             16568 / 30288         16568 / 30288         16568 / 30288       MB
[140.170s][info   ][gc,stats    ]      Memory: Heap Used After Relocation                        0 / 0              2366 / 4118           2366 / 4118           2366 / 4118        MB
[140.170s][info   ][gc,stats    ]      Memory: Heap Used Before Mark                             0 / 0             16444 / 30112         16444 / 30112         16444 / 30112       MB
[140.170s][info   ][gc,stats    ]      Memory: Heap Used Before Relocation                       0 / 0             11070 / 20378         11070 / 20378         11070 / 20378       MB
[140.170s][info   ][gc,stats    ]      Memory: Out Of Memory                                     0 / 0                 0 / 0                 0 / 0                 0 / 0           ops/s
[140.170s][info   ][gc,stats    ]      Memory: Page Cache Flush                                  0 / 0                 0 / 0                 0 / 0                 0 / 0           MB/s
[140.170s][info   ][gc,stats    ]      Memory: Page Cache Hit L1                               307 / 335             211 / 1642            211 / 1642            211 / 1642        ops/s
[140.170s][info   ][gc,stats    ]      Memory: Page Cache Hit L2                                 0 / 0                 0 / 41                0 / 41                0 / 41          ops/s
[140.170s][info   ][gc,stats    ]      Memory: Page Cache Miss                                   0 / 0               104 / 341             104 / 341             104 / 341         ops/s
[140.170s][info   ][gc,stats    ]      Memory: Undo Object Allocation Failed                     0 / 0                 0 / 0                 0 / 0                 0 / 0           ops/s
[140.170s][info   ][gc,stats    ]      Memory: Undo Object Allocation Succeeded                  0 / 0                 0 / 9                 0 / 9                 0 / 9           ops/s
[140.170s][info   ][gc,stats    ]      Memory: Undo Page Allocation                              0 / 0                 0 / 69                0 / 69                0 / 69          ops/s
[140.170s][info   ][gc,stats    ]       Phase: Concurrent Destroy Detached Pages             0.000 / 0.000         0.001 / 0.001         0.001 / 0.001         0.001 / 0.001       ms
[140.170s][info   ][gc,stats    ]       Phase: Concurrent Mark                               0.000 / 0.000       148.950 / 270.637     148.950 / 270.637     148.950 / 270.637     ms
[140.170s][info   ][gc,stats    ]       Phase: Concurrent Mark Continue                      0.000 / 0.000         1.416 / 1.416         1.416 / 1.416         1.416 / 1.416       ms
[140.170s][info   ][gc,stats    ]       Phase: Concurrent Prepare Relocation Set             0.000 / 0.000        45.852 / 89.649       45.852 / 89.649       45.852 / 89.649      ms
[140.170s][info   ][gc,stats    ]       Phase: Concurrent Process Non-Strong References      0.000 / 0.000         7.518 / 19.270        7.518 / 19.270        7.518 / 19.270      ms
[140.170s][info   ][gc,stats    ]       Phase: Concurrent Relocate                           0.000 / 0.000        94.130 / 165.671      94.130 / 165.671      94.130 / 165.671     ms
[140.170s][info   ][gc,stats    ]       Phase: Concurrent Reset Relocation Set               0.000 / 0.000         4.268 / 14.653        4.268 / 14.653        4.268 / 14.653      ms
[140.170s][info   ][gc,stats    ]       Phase: Concurrent Select Relocation Set              0.000 / 0.000         6.280 / 12.148        6.280 / 12.148        6.280 / 12.148      ms
[140.170s][info   ][gc,stats    ]       Phase: Pause Mark End                                0.000 / 0.000         0.794 / 1.253         0.794 / 1.253         0.794 / 1.253       ms
[140.170s][info   ][gc,stats    ]       Phase: Pause Mark Start                              0.000 / 0.000         0.680 / 1.400         0.680 / 1.400         0.680 / 1.400       ms
[140.170s][info   ][gc,stats    ]       Phase: Pause Relocate Start                          0.000 / 0.000         0.371 / 1.025         0.371 / 1.025         0.371 / 1.025       ms
[140.170s][info   ][gc,stats    ]       Phase: Pause Verify                                  0.000 / 0.000         0.000 / 0.000         0.000 / 0.000         0.000 / 0.000       ms
[140.170s][info   ][gc,stats    ]    Subphase: Concurrent Classes Unload                     0.000 / 0.000         6.938 / 18.723        6.938 / 18.723        6.938 / 18.723      ms
[140.170s][info   ][gc,stats    ]    Subphase: Concurrent Mark                               0.000 / 0.000       122.343 / 269.448     122.343 / 269.448     122.343 / 269.448     ms
[140.170s][info   ][gc,stats    ]    Subphase: Concurrent Mark Idle                          0.000 / 0.000         1.135 / 1.194         1.135 / 1.194         1.135 / 1.194       ms
[140.170s][info   ][gc,stats    ]    Subphase: Concurrent Mark Try Flush                     0.000 / 0.000         0.090 / 0.545         0.090 / 0.545         0.090 / 0.545       ms
[140.170s][info   ][gc,stats    ]    Subphase: Concurrent Mark Try Terminate                 0.000 / 0.000         1.129 / 1.197         1.129 / 1.197         1.129 / 1.197       ms
[140.170s][info   ][gc,stats    ]    Subphase: Concurrent References Enqueue                 0.000 / 0.000         0.004 / 0.005         0.004 / 0.005         0.004 / 0.005       ms
[140.170s][info   ][gc,stats    ]    Subphase: Concurrent References Process                 0.000 / 0.000         0.078 / 0.140         0.078 / 0.140         0.078 / 0.140       ms
[140.170s][info   ][gc,stats    ]    Subphase: Concurrent Roots                              0.000 / 0.000         0.129 / 2.807         0.129 / 2.807         0.129 / 2.807       ms
[140.170s][info   ][gc,stats    ]    Subphase: Concurrent Roots ClassLoaderDataGraph         0.000 / 0.000         0.145 / 2.804         0.145 / 2.804         0.145 / 2.804       ms
[140.170s][info   ][gc,stats    ]    Subphase: Concurrent Roots JNIHandles                   0.000 / 0.000         0.041 / 0.151         0.041 / 0.151         0.041 / 0.151       ms
[140.170s][info   ][gc,stats    ]    Subphase: Concurrent Roots Setup                        0.000 / 0.000         0.667 / 1.622         0.667 / 1.622         0.667 / 1.622       ms
[140.170s][info   ][gc,stats    ]    Subphase: Concurrent Roots Teardown                     0.000 / 0.000         0.001 / 0.001         0.001 / 0.001         0.001 / 0.001       ms
[140.170s][info   ][gc,stats    ]    Subphase: Concurrent Weak Roots                         0.000 / 0.000         0.409 / 1.376         0.409 / 1.376         0.409 / 1.376       ms
[140.170s][info   ][gc,stats    ]    Subphase: Concurrent Weak Roots JNIWeakHandles          0.000 / 0.000         0.005 / 0.073         0.005 / 0.073         0.005 / 0.073       ms
[140.170s][info   ][gc,stats    ]    Subphase: Concurrent Weak Roots StringTable             0.000 / 0.000         0.384 / 1.327         0.384 / 1.327         0.384 / 1.327       ms
[140.170s][info   ][gc,stats    ]    Subphase: Concurrent Weak Roots VMWeakHandles           0.000 / 0.000         0.022 / 0.051         0.022 / 0.051         0.022 / 0.051       ms
[140.170s][info   ][gc,stats    ]    Subphase: Pause Mark Try Complete                       0.000 / 0.000         0.218 / 1.009         0.218 / 1.009         0.218 / 1.009       ms
[140.170s][info   ][gc,stats    ]    Subphase: Pause Roots                                   0.000 / 0.000         0.087 / 1.060         0.087 / 1.060         0.087 / 1.060       ms
[140.170s][info   ][gc,stats    ]    Subphase: Pause Roots CodeCache                         0.000 / 0.000         0.000 / 0.000         0.000 / 0.000         0.000 / 0.000       ms
[140.170s][info   ][gc,stats    ]    Subphase: Pause Roots JVMTIExport                       0.000 / 0.000         0.003 / 0.017         0.003 / 0.017         0.003 / 0.017       ms
[140.170s][info   ][gc,stats    ]    Subphase: Pause Roots JVMTIWeakExport                   0.000 / 0.000         0.001 / 0.001         0.001 / 0.001         0.001 / 0.001       ms
[140.170s][info   ][gc,stats    ]    Subphase: Pause Roots Management                        0.000 / 0.000         0.049 / 0.430         0.049 / 0.430         0.049 / 0.430       ms
[140.170s][info   ][gc,stats    ]    Subphase: Pause Roots ObjectSynchronizer                0.000 / 0.000         0.002 / 0.011         0.002 / 0.011         0.002 / 0.011       ms
[140.170s][info   ][gc,stats    ]    Subphase: Pause Roots Setup                             0.000 / 0.000         0.001 / 0.002         0.001 / 0.002         0.001 / 0.002       ms
[140.170s][info   ][gc,stats    ]    Subphase: Pause Roots SystemDictionary                  0.000 / 0.000         0.153 / 0.734         0.153 / 0.734         0.153 / 0.734       ms
[140.170s][info   ][gc,stats    ]    Subphase: Pause Roots Teardown                          0.000 / 0.000         0.004 / 0.009         0.004 / 0.009         0.004 / 0.009       ms
[140.170s][info   ][gc,stats    ]    Subphase: Pause Roots Threads                           0.000 / 0.000         0.114 / 1.042         0.114 / 1.042         0.114 / 1.042       ms
[140.170s][info   ][gc,stats    ]    Subphase: Pause Roots Universe                          0.000 / 0.000         0.072 / 0.626         0.072 / 0.626         0.072 / 0.626       ms
[140.171s][info   ][gc,stats    ]    Subphase: Pause Weak Roots                              0.000 / 0.000         0.001 / 0.007         0.001 / 0.007         0.001 / 0.007       ms
[140.171s][info   ][gc,stats    ]    Subphase: Pause Weak Roots JFRWeak                      0.000 / 0.000         0.001 / 0.001         0.001 / 0.001         0.001 / 0.001       ms
[140.171s][info   ][gc,stats    ]    Subphase: Pause Weak Roots JVMTIWeakExport              0.000 / 0.000         0.001 / 0.001         0.001 / 0.001         0.001 / 0.001       ms
[140.171s][info   ][gc,stats    ]    Subphase: Pause Weak Roots Setup                        0.000 / 0.000         0.001 / 0.001         0.001 / 0.001         0.001 / 0.001       ms
[140.171s][info   ][gc,stats    ]    Subphase: Pause Weak Roots Teardown                     0.000 / 0.000         0.001 / 0.002         0.001 / 0.002         0.001 / 0.002       ms
[140.171s][info   ][gc,stats    ]      System: Java Threads                                      0 / 0                48 / 65               48 / 65               48 / 65          threads
[140.171s][info   ][gc,stats    ] =========================================================================================================================================================
[150.169s][info   ][gc,stats    ] === Garbage Collection Statistics =======================================================================================================================
[150.169s][info   ][gc,stats    ]                                                              Last 10s              Last 10m              Last 10h                Total
[150.170s][info   ][gc,stats    ]                                                              Avg / Max             Avg / Max             Avg / Max             Avg / Max
[150.170s][info   ][gc,stats    ]   Collector: Garbage Collection Cycle                      0.000 / 0.000       310.574 / 515.532     310.574 / 515.532     310.574 / 515.532     ms
[150.170s][info   ][gc,stats    ]  Contention: Mark Segment Reset Contention                     0 / 0                11 / 634              11 / 634              11 / 634         ops/s
[150.170s][info   ][gc,stats    ]  Contention: Mark SeqNum Reset Contention                      0 / 0                 0 / 9                 0 / 9                 0 / 9           ops/s
[150.170s][info   ][gc,stats    ]  Contention: Relocation Contention                             0 / 0                 0 / 9                 0 / 9                 0 / 9           ops/s
[150.170s][info   ][gc,stats    ]    Critical: Allocation Stall                              0.000 / 0.000         0.000 / 0.000         0.000 / 0.000         0.000 / 0.000       ms
[150.170s][info   ][gc,stats    ]    Critical: Allocation Stall                                  0 / 0                 0 / 0                 0 / 0                 0 / 0           ops/s
[150.170s][info   ][gc,stats    ]    Critical: GC Locker Stall                               0.000 / 0.000         0.000 / 0.000         0.000 / 0.000         0.000 / 0.000       ms
[150.170s][info   ][gc,stats    ]    Critical: GC Locker Stall                                   0 / 0                 0 / 0                 0 / 0                 0 / 0           ops/s
[150.170s][info   ][gc,stats    ]      Memory: Allocation Rate                                 607 / 666             600 / 1436            600 / 1436            600 / 1436        MB/s
[150.170s][info   ][gc,stats    ]      Memory: Heap Used After Mark                              0 / 0             16568 / 30288         16568 / 30288         16568 / 30288       MB
[150.170s][info   ][gc,stats    ]      Memory: Heap Used After Relocation                        0 / 0              2366 / 4118           2366 / 4118           2366 / 4118        MB
[150.170s][info   ][gc,stats    ]      Memory: Heap Used Before Mark                             0 / 0             16444 / 30112         16444 / 30112         16444 / 30112       MB
[150.170s][info   ][gc,stats    ]      Memory: Heap Used Before Relocation                       0 / 0             11070 / 20378         11070 / 20378         11070 / 20378       MB
[150.170s][info   ][gc,stats    ]      Memory: Out Of Memory                                     0 / 0                 0 / 0                 0 / 0                 0 / 0           ops/s
[150.170s][info   ][gc,stats    ]      Memory: Page Cache Flush                                  0 / 0                 0 / 0                 0 / 0                 0 / 0           MB/s
[150.170s][info   ][gc,stats    ]      Memory: Page Cache Hit L1                               294 / 318             217 / 1642            217 / 1642            217 / 1642        ops/s
[150.170s][info   ][gc,stats    ]      Memory: Page Cache Hit L2                                 0 / 0                 0 / 41                0 / 41                0 / 41          ops/s
[150.170s][info   ][gc,stats    ]      Memory: Page Cache Miss                                   0 / 0                97 / 341              97 / 341              97 / 341         ops/s
[150.170s][info   ][gc,stats    ]      Memory: Undo Object Allocation Failed                     0 / 0                 0 / 0                 0 / 0                 0 / 0           ops/s
[150.170s][info   ][gc,stats    ]      Memory: Undo Object Allocation Succeeded                  0 / 0                 0 / 9                 0 / 9                 0 / 9           ops/s
[150.170s][info   ][gc,stats    ]      Memory: Undo Page Allocation                              0 / 0                 0 / 69                0 / 69                0 / 69          ops/s
[150.170s][info   ][gc,stats    ]       Phase: Concurrent Destroy Detached Pages             0.000 / 0.000         0.001 / 0.001         0.001 / 0.001         0.001 / 0.001       ms
[150.170s][info   ][gc,stats    ]       Phase: Concurrent Mark                               0.000 / 0.000       148.950 / 270.637     148.950 / 270.637     148.950 / 270.637     ms
[150.170s][info   ][gc,stats    ]       Phase: Concurrent Mark Continue                      0.000 / 0.000         1.416 / 1.416         1.416 / 1.416         1.416 / 1.416       ms
[150.170s][info   ][gc,stats    ]       Phase: Concurrent Prepare Relocation Set             0.000 / 0.000        45.852 / 89.649       45.852 / 89.649       45.852 / 89.649      ms
[150.170s][info   ][gc,stats    ]       Phase: Concurrent Process Non-Strong References      0.000 / 0.000         7.518 / 19.270        7.518 / 19.270        7.518 / 19.270      ms
[150.170s][info   ][gc,stats    ]       Phase: Concurrent Relocate                           0.000 / 0.000        94.130 / 165.671      94.130 / 165.671      94.130 / 165.671     ms
[150.170s][info   ][gc,stats    ]       Phase: Concurrent Reset Relocation Set               0.000 / 0.000         4.268 / 14.653        4.268 / 14.653        4.268 / 14.653      ms
[150.170s][info   ][gc,stats    ]       Phase: Concurrent Select Relocation Set              0.000 / 0.000         6.280 / 12.148        6.280 / 12.148        6.280 / 12.148      ms
[150.170s][info   ][gc,stats    ]       Phase: Pause Mark End                                0.000 / 0.000         0.794 / 1.253         0.794 / 1.253         0.794 / 1.253       ms
[150.170s][info   ][gc,stats    ]       Phase: Pause Mark Start                              0.000 / 0.000         0.680 / 1.400         0.680 / 1.400         0.680 / 1.400       ms
[150.170s][info   ][gc,stats    ]       Phase: Pause Relocate Start                          0.000 / 0.000         0.371 / 1.025         0.371 / 1.025         0.371 / 1.025       ms
[150.170s][info   ][gc,stats    ]       Phase: Pause Verify                                  0.000 / 0.000         0.000 / 0.000         0.000 / 0.000         0.000 / 0.000       ms
[150.170s][info   ][gc,stats    ]    Subphase: Concurrent Classes Unload                     0.000 / 0.000         6.938 / 18.723        6.938 / 18.723        6.938 / 18.723      ms
[150.170s][info   ][gc,stats    ]    Subphase: Concurrent Mark                               0.000 / 0.000       122.343 / 269.448     122.343 / 269.448     122.343 / 269.448     ms
[150.170s][info   ][gc,stats    ]    Subphase: Concurrent Mark Idle                          0.000 / 0.000         1.135 / 1.194         1.135 / 1.194         1.135 / 1.194       ms
[150.170s][info   ][gc,stats    ]    Subphase: Concurrent Mark Try Flush                     0.000 / 0.000         0.090 / 0.545         0.090 / 0.545         0.090 / 0.545       ms
[150.170s][info   ][gc,stats    ]    Subphase: Concurrent Mark Try Terminate                 0.000 / 0.000         1.129 / 1.197         1.129 / 1.197         1.129 / 1.197       ms
[150.170s][info   ][gc,stats    ]    Subphase: Concurrent References Enqueue                 0.000 / 0.000         0.004 / 0.005         0.004 / 0.005         0.004 / 0.005       ms
[150.170s][info   ][gc,stats    ]    Subphase: Concurrent References Process                 0.000 / 0.000         0.078 / 0.140         0.078 / 0.140         0.078 / 0.140       ms
[150.170s][info   ][gc,stats    ]    Subphase: Concurrent Roots                              0.000 / 0.000         0.129 / 2.807         0.129 / 2.807         0.129 / 2.807       ms
[150.170s][info   ][gc,stats    ]    Subphase: Concurrent Roots ClassLoaderDataGraph         0.000 / 0.000         0.145 / 2.804         0.145 / 2.804         0.145 / 2.804       ms
[150.170s][info   ][gc,stats    ]    Subphase: Concurrent Roots JNIHandles                   0.000 / 0.000         0.041 / 0.151         0.041 / 0.151         0.041 / 0.151       ms
[150.170s][info   ][gc,stats    ]    Subphase: Concurrent Roots Setup                        0.000 / 0.000         0.667 / 1.622         0.667 / 1.622         0.667 / 1.622       ms
[150.170s][info   ][gc,stats    ]    Subphase: Concurrent Roots Teardown                     0.000 / 0.000         0.001 / 0.001         0.001 / 0.001         0.001 / 0.001       ms
[150.170s][info   ][gc,stats    ]    Subphase: Concurrent Weak Roots                         0.000 / 0.000         0.409 / 1.376         0.409 / 1.376         0.409 / 1.376       ms
[150.170s][info   ][gc,stats    ]    Subphase: Concurrent Weak Roots JNIWeakHandles          0.000 / 0.000         0.005 / 0.073         0.005 / 0.073         0.005 / 0.073       ms
[150.170s][info   ][gc,stats    ]    Subphase: Concurrent Weak Roots StringTable             0.000 / 0.000         0.384 / 1.327         0.384 / 1.327         0.384 / 1.327       ms
[150.170s][info   ][gc,stats    ]    Subphase: Concurrent Weak Roots VMWeakHandles           0.000 / 0.000         0.022 / 0.051         0.022 / 0.051         0.022 / 0.051       ms
[150.170s][info   ][gc,stats    ]    Subphase: Pause Mark Try Complete                       0.000 / 0.000         0.218 / 1.009         0.218 / 1.009         0.218 / 1.009       ms
[150.170s][info   ][gc,stats    ]    Subphase: Pause Roots                                   0.000 / 0.000         0.087 / 1.060         0.087 / 1.060         0.087 / 1.060       ms
[150.170s][info   ][gc,stats    ]    Subphase: Pause Roots CodeCache                         0.000 / 0.000         0.000 / 0.000         0.000 / 0.000         0.000 / 0.000       ms
[150.170s][info   ][gc,stats    ]    Subphase: Pause Roots JVMTIExport                       0.000 / 0.000         0.003 / 0.017         0.003 / 0.017         0.003 / 0.017       ms
[150.170s][info   ][gc,stats    ]    Subphase: Pause Roots JVMTIWeakExport                   0.000 / 0.000         0.001 / 0.001         0.001 / 0.001         0.001 / 0.001       ms
[150.170s][info   ][gc,stats    ]    Subphase: Pause Roots Management                        0.000 / 0.000         0.049 / 0.430         0.049 / 0.430         0.049 / 0.430       ms
[150.170s][info   ][gc,stats    ]    Subphase: Pause Roots ObjectSynchronizer                0.000 / 0.000         0.002 / 0.011         0.002 / 0.011         0.002 / 0.011       ms
[150.170s][info   ][gc,stats    ]    Subphase: Pause Roots Setup                             0.000 / 0.000         0.001 / 0.002         0.001 / 0.002         0.001 / 0.002       ms
[150.170s][info   ][gc,stats    ]    Subphase: Pause Roots SystemDictionary                  0.000 / 0.000         0.153 / 0.734         0.153 / 0.734         0.153 / 0.734       ms
[150.170s][info   ][gc,stats    ]    Subphase: Pause Roots Teardown                          0.000 / 0.000         0.004 / 0.009         0.004 / 0.009         0.004 / 0.009       ms
[150.170s][info   ][gc,stats    ]    Subphase: Pause Roots Threads                           0.000 / 0.000         0.114 / 1.042         0.114 / 1.042         0.114 / 1.042       ms
[150.170s][info   ][gc,stats    ]    Subphase: Pause Roots Universe                          0.000 / 0.000         0.072 / 0.626         0.072 / 0.626         0.072 / 0.626       ms
[150.170s][info   ][gc,stats    ]    Subphase: Pause Weak Roots                              0.000 / 0.000         0.001 / 0.007         0.001 / 0.007         0.001 / 0.007       ms
[150.170s][info   ][gc,stats    ]    Subphase: Pause Weak Roots JFRWeak                      0.000 / 0.000         0.001 / 0.001         0.001 / 0.001         0.001 / 0.001       ms
[150.170s][info   ][gc,stats    ]    Subphase: Pause Weak Roots JVMTIWeakExport              0.000 / 0.000         0.001 / 0.001         0.001 / 0.001         0.001 / 0.001       ms
[150.170s][info   ][gc,stats    ]    Subphase: Pause Weak Roots Setup                        0.000 / 0.000         0.001 / 0.001         0.001 / 0.001         0.001 / 0.001       ms
[150.170s][info   ][gc,stats    ]    Subphase: Pause Weak Roots Teardown                     0.000 / 0.000         0.001 / 0.002         0.001 / 0.002         0.001 / 0.002       ms
[150.170s][info   ][gc,stats    ]      System: Java Threads                                      0 / 0                48 / 65               48 / 65               48 / 65          threads
[150.170s][info   ][gc,stats    ] =========================================================================================================================================================
[158.570s][info   ][gc,start    ] GC(5) Garbage Collection (Proactive)
[158.571s][info   ][gc,phases   ] GC(5) Pause Mark Start 0.929ms
[158.846s][info   ][gc,phases   ] GC(5) Concurrent Mark 275.553ms
[158.848s][info   ][gc,phases   ] GC(5) Pause Mark End 0.885ms
[158.850s][info   ][gc,phases   ] GC(5) Concurrent Process Non-Strong References 2.542ms
[158.856s][info   ][gc,phases   ] GC(5) Concurrent Reset Relocation Set 6.188ms
[158.856s][info   ][gc,phases   ] GC(5) Concurrent Destroy Detached Pages 0.001ms
[158.860s][info   ][gc,phases   ] GC(5) Concurrent Select Relocation Set 4.040ms
[158.922s][info   ][gc,phases   ] GC(5) Concurrent Prepare Relocation Set 61.860ms
[158.923s][info   ][gc,phases   ] GC(5) Pause Relocate Start 0.183ms
[159.071s][info   ][gc,phases   ] GC(5) Concurrent Relocate 148.618ms
[159.072s][info   ][gc,load     ] GC(5) Load: 3.60/1.60/0.62
[159.072s][info   ][gc,mmu      ] GC(5) MMU: 2ms/30.0%, 5ms/69.9%, 10ms/81.7%, 20ms/87.7%, 50ms/95.1%, 100ms/97.5%
[159.072s][info   ][gc,marking  ] GC(5) Mark: 8 stripe(s), 10 proactive flush(es), 1 terminate flush(es), 1 completion(s), 0 continuation(s) 
[159.072s][info   ][gc,reloc    ] GC(5) Relocation: Successful, 2645M relocated
[159.072s][info   ][gc,nmethod  ] GC(5) NMethods: 5858 registered, 667 unregistered
[159.072s][info   ][gc,metaspace] GC(5) Metaspace: 40M used, 41M capacity, 41M committed, 42M reserved
[159.072s][info   ][gc,ref      ] GC(5) Soft: 3327 encountered, 0 discovered, 0 enqueued
[159.072s][info   ][gc,ref      ] GC(5) Weak: 1530 encountered, 499 discovered, 0 enqueued
[159.072s][info   ][gc,ref      ] GC(5) Final: 34 encountered, 7 discovered, 7 enqueued
[159.072s][info   ][gc,ref      ] GC(5) Phantom: 120 encountered, 98 discovered, 0 enqueued
[159.072s][info   ][gc,heap     ] GC(5)                Mark Start          Mark End        Relocate Start      Relocate End           High               Low         
[159.072s][info   ][gc,heap     ] GC(5)  Capacity:    30390M (30%)       30390M (30%)       30390M (30%)       30390M (30%)       30390M (30%)       30390M (30%)    
[159.072s][info   ][gc,heap     ] GC(5)   Reserve:       80M (0%)           80M (0%)           80M (0%)           80M (0%)           80M (0%)           80M (0%)     
[159.072s][info   ][gc,heap     ] GC(5)      Free:    76652M (76%)       76418M (76%)       84086M (84%)       96044M (96%)       96044M (96%)       76416M (76%)    
[159.072s][info   ][gc,heap     ] GC(5)      Used:    23620M (24%)       23854M (24%)       16186M (16%)        4228M (4%)        23856M (24%)        4228M (4%)     
[159.072s][info   ][gc,heap     ] GC(5)      Live:         -              3522M (4%)         3522M (4%)         3522M (4%)             -                  -          
[159.072s][info   ][gc,heap     ] GC(5) Allocated:         -               234M (0%)          284M (0%)         2690M (3%)             -                  -          
[159.072s][info   ][gc,heap     ] GC(5)   Garbage:         -             20097M (20%)       12379M (12%)         337M (0%)             -                  -          
[159.072s][info   ][gc,heap     ] GC(5) Reclaimed:         -                  -              7718M (8%)        19760M (20%)            -                  -          
[159.072s][info   ][gc          ] GC(5) Garbage Collection (Proactive) 23620M(24%)->4228M(4%)
[160.170s][info   ][gc,stats    ] === Garbage Collection Statistics =======================================================================================================================
[160.170s][info   ][gc,stats    ]                                                              Last 10s              Last 10m              Last 10h                Total
[160.170s][info   ][gc,stats    ]                                                              Avg / Max             Avg / Max             Avg / Max             Avg / Max
[160.170s][info   ][gc,stats    ]   Collector: Garbage Collection Cycle                    501.863 / 501.863     342.456 / 515.532     342.456 / 515.532     342.456 / 515.532     ms
[160.170s][info   ][gc,stats    ]  Contention: Mark Segment Reset Contention                    85 / 850              15 / 850              15 / 850              15 / 850         ops/s
[160.170s][info   ][gc,stats    ]  Contention: Mark SeqNum Reset Contention                      0 / 0                 0 / 9                 0 / 9                 0 / 9           ops/s
[160.170s][info   ][gc,stats    ]  Contention: Relocation Contention                             0 / 3                 0 / 9                 0 / 9                 0 / 9           ops/s
[160.170s][info   ][gc,stats    ]    Critical: Allocation Stall                              0.000 / 0.000         0.000 / 0.000         0.000 / 0.000         0.000 / 0.000       ms
[160.170s][info   ][gc,stats    ]    Critical: Allocation Stall                                  0 / 0                 0 / 0                 0 / 0                 0 / 0           ops/s
[160.170s][info   ][gc,stats    ]    Critical: GC Locker Stall                               0.000 / 0.000         0.000 / 0.000         0.000 / 0.000         0.000 / 0.000       ms
[160.170s][info   ][gc,stats    ]    Critical: GC Locker Stall                                   0 / 0                 0 / 0                 0 / 0                 0 / 0           ops/s
[160.170s][info   ][gc,stats    ]      Memory: Allocation Rate                                 626 / 686             601 / 1436            601 / 1436            601 / 1436        MB/s
[160.170s][info   ][gc,stats    ]      Memory: Heap Used After Mark                          23854 / 23854         17782 / 30288         17782 / 30288         17782 / 30288       MB
[160.170s][info   ][gc,stats    ]      Memory: Heap Used After Relocation                     4228 / 4228           2676 / 4228           2676 / 4228           2676 / 4228        MB
[160.170s][info   ][gc,stats    ]      Memory: Heap Used Before Mark                         23620 / 23620         17640 / 30112         17640 / 30112         17640 / 30112       MB
[160.170s][info   ][gc,stats    ]      Memory: Heap Used Before Relocation                   16186 / 16186         11923 / 20378         11923 / 20378         11923 / 20378       MB
[160.170s][info   ][gc,stats    ]      Memory: Out Of Memory                                     0 / 0                 0 / 0                 0 / 0                 0 / 0           ops/s
[160.170s][info   ][gc,stats    ]      Memory: Page Cache Flush                                  0 / 0                 0 / 0                 0 / 0                 0 / 0           MB/s
[160.170s][info   ][gc,stats    ]      Memory: Page Cache Hit L1                               396 / 1362            228 / 1642            228 / 1642            228 / 1642        ops/s
[160.170s][info   ][gc,stats    ]      Memory: Page Cache Hit L2                                22 / 122               1 / 122               1 / 122               1 / 122         ops/s
[160.170s][info   ][gc,stats    ]      Memory: Page Cache Miss                                   0 / 0                91 / 341              91 / 341              91 / 341         ops/s
[160.170s][info   ][gc,stats    ]      Memory: Undo Object Allocation Failed                     0 / 0                 0 / 0                 0 / 0                 0 / 0           ops/s
[160.170s][info   ][gc,stats    ]      Memory: Undo Object Allocation Succeeded                  0 / 3                 0 / 9                 0 / 9                 0 / 9           ops/s
[160.170s][info   ][gc,stats    ]      Memory: Undo Page Allocation                              0 / 0                 0 / 69                0 / 69                0 / 69          ops/s
[160.170s][info   ][gc,stats    ]       Phase: Concurrent Destroy Detached Pages             0.001 / 0.001         0.001 / 0.001         0.001 / 0.001         0.001 / 0.001       ms
[160.170s][info   ][gc,stats    ]       Phase: Concurrent Mark                             275.553 / 275.553     170.050 / 275.553     170.050 / 275.553     170.050 / 275.553     ms
[160.170s][info   ][gc,stats    ]       Phase: Concurrent Mark Continue                      0.000 / 0.000         1.416 / 1.416         1.416 / 1.416         1.416 / 1.416       ms
[160.170s][info   ][gc,stats    ]       Phase: Concurrent Prepare Relocation Set            61.860 / 61.860       48.520 / 89.649       48.520 / 89.649       48.520 / 89.649      ms
[160.170s][info   ][gc,stats    ]       Phase: Concurrent Process Non-Strong References      2.542 / 2.542         6.688 / 19.270        6.688 / 19.270        6.688 / 19.270      ms
[160.170s][info   ][gc,stats    ]       Phase: Concurrent Relocate                         148.618 / 148.618     103.211 / 165.671     103.211 / 165.671     103.211 / 165.671     ms
[160.170s][info   ][gc,stats    ]       Phase: Concurrent Reset Relocation Set               6.188 / 6.188         4.588 / 14.653        4.588 / 14.653        4.588 / 14.653      ms
[160.170s][info   ][gc,stats    ]       Phase: Concurrent Select Relocation Set              4.040 / 4.040         5.907 / 12.148        5.907 / 12.148        5.907 / 12.148      ms
[160.170s][info   ][gc,stats    ]       Phase: Pause Mark End                                0.885 / 0.885         0.807 / 1.253         0.807 / 1.253         0.807 / 1.253       ms
[160.170s][info   ][gc,stats    ]       Phase: Pause Mark Start                              0.929 / 0.929         0.722 / 1.400         0.722 / 1.400         0.722 / 1.400       ms
[160.170s][info   ][gc,stats    ]       Phase: Pause Relocate Start                          0.183 / 0.183         0.339 / 1.025         0.339 / 1.025         0.339 / 1.025       ms
[160.170s][info   ][gc,stats    ]       Phase: Pause Verify                                  0.000 / 0.000         0.000 / 0.000         0.000 / 0.000         0.000 / 0.000       ms
[160.170s][info   ][gc,stats    ]    Subphase: Concurrent Classes Unload                     1.851 / 1.851         6.090 / 18.723        6.090 / 18.723        6.090 / 18.723      ms
[160.171s][info   ][gc,stats    ]    Subphase: Concurrent Mark                             273.348 / 273.889     143.915 / 273.889     143.915 / 273.889     143.915 / 273.889     ms
[160.171s][info   ][gc,stats    ]    Subphase: Concurrent Mark Idle                          1.139 / 1.168         1.136 / 1.194         1.136 / 1.194         1.136 / 1.194       ms
[160.171s][info   ][gc,stats    ]    Subphase: Concurrent Mark Try Flush                     0.079 / 0.138         0.088 / 0.545         0.088 / 0.545         0.088 / 0.545       ms
[160.171s][info   ][gc,stats    ]    Subphase: Concurrent Mark Try Terminate                 1.138 / 1.171         1.131 / 1.197         1.131 / 1.197         1.131 / 1.197       ms
[160.171s][info   ][gc,stats    ]    Subphase: Concurrent References Enqueue                 0.005 / 0.005         0.004 / 0.005         0.004 / 0.005         0.004 / 0.005       ms
[160.171s][info   ][gc,stats    ]    Subphase: Concurrent References Process                 0.075 / 0.075         0.077 / 0.140         0.077 / 0.140         0.077 / 0.140       ms
[160.171s][info   ][gc,stats    ]    Subphase: Concurrent Roots                              0.197 / 1.105         0.140 / 2.807         0.140 / 2.807         0.140 / 2.807       ms
[160.171s][info   ][gc,stats    ]    Subphase: Concurrent Roots ClassLoaderDataGraph         0.170 / 1.032         0.149 / 2.804         0.149 / 2.804         0.149 / 2.804       ms
[160.171s][info   ][gc,stats    ]    Subphase: Concurrent Roots JNIHandles                   0.122 / 0.350         0.060 / 0.350         0.060 / 0.350         0.060 / 0.350       ms
[160.171s][info   ][gc,stats    ]    Subphase: Concurrent Roots Setup                        0.296 / 0.296         0.605 / 1.622         0.605 / 1.622         0.605 / 1.622       ms
[160.171s][info   ][gc,stats    ]    Subphase: Concurrent Roots Teardown                     0.001 / 0.001         0.001 / 0.001         0.001 / 0.001         0.001 / 0.001       ms
[160.171s][info   ][gc,stats    ]    Subphase: Concurrent Weak Roots                         0.475 / 0.569         0.420 / 1.376         0.420 / 1.376         0.420 / 1.376       ms
[160.171s][info   ][gc,stats    ]    Subphase: Concurrent Weak Roots JNIWeakHandles          0.004 / 0.009         0.005 / 0.073         0.005 / 0.073         0.005 / 0.073       ms
[160.171s][info   ][gc,stats    ]    Subphase: Concurrent Weak Roots StringTable             0.445 / 0.537         0.395 / 1.327         0.395 / 1.327         0.395 / 1.327       ms
[160.171s][info   ][gc,stats    ]    Subphase: Concurrent Weak Roots VMWeakHandles           0.025 / 0.040         0.022 / 0.051         0.022 / 0.051         0.022 / 0.051       ms
[160.171s][info   ][gc,stats    ]    Subphase: Pause Mark Try Complete                       0.263 / 0.600         0.226 / 1.009         0.226 / 1.009         0.226 / 1.009       ms
[160.171s][info   ][gc,stats    ]    Subphase: Pause Roots                                   0.070 / 0.440         0.084 / 1.060         0.084 / 1.060         0.084 / 1.060       ms
[160.171s][info   ][gc,stats    ]    Subphase: Pause Roots CodeCache                         0.000 / 0.000         0.000 / 0.000         0.000 / 0.000         0.000 / 0.000       ms
[160.171s][info   ][gc,stats    ]    Subphase: Pause Roots JVMTIExport                       0.001 / 0.001         0.003 / 0.017         0.003 / 0.017         0.003 / 0.017       ms
[160.171s][info   ][gc,stats    ]    Subphase: Pause Roots JVMTIWeakExport                   0.001 / 0.001         0.001 / 0.001         0.001 / 0.001         0.001 / 0.001       ms
[160.171s][info   ][gc,stats    ]    Subphase: Pause Roots Management                        0.012 / 0.021         0.043 / 0.430         0.043 / 0.430         0.043 / 0.430       ms
[160.171s][info   ][gc,stats    ]    Subphase: Pause Roots ObjectSynchronizer                0.001 / 0.001         0.002 / 0.011         0.002 / 0.011         0.002 / 0.011       ms
[160.171s][info   ][gc,stats    ]    Subphase: Pause Roots Setup                             0.001 / 0.002         0.001 / 0.002         0.001 / 0.002         0.001 / 0.002       ms
[160.171s][info   ][gc,stats    ]    Subphase: Pause Roots SystemDictionary                  0.029 / 0.042         0.132 / 0.734         0.132 / 0.734         0.132 / 0.734       ms
[160.171s][info   ][gc,stats    ]    Subphase: Pause Roots Teardown                          0.003 / 0.004         0.004 / 0.009         0.004 / 0.009         0.004 / 0.009       ms
[160.171s][info   ][gc,stats    ]    Subphase: Pause Roots Threads                           0.090 / 0.408         0.110 / 1.042         0.110 / 1.042         0.110 / 1.042       ms
[160.171s][info   ][gc,stats    ]    Subphase: Pause Roots Universe                          0.009 / 0.013         0.062 / 0.626         0.062 / 0.626         0.062 / 0.626       ms
[160.171s][info   ][gc,stats    ]    Subphase: Pause Weak Roots                              0.001 / 0.005         0.001 / 0.007         0.001 / 0.007         0.001 / 0.007       ms
[160.171s][info   ][gc,stats    ]    Subphase: Pause Weak Roots JFRWeak                      0.001 / 0.001         0.001 / 0.001         0.001 / 0.001         0.001 / 0.001       ms
[160.171s][info   ][gc,stats    ]    Subphase: Pause Weak Roots JVMTIWeakExport              0.001 / 0.001         0.001 / 0.001         0.001 / 0.001         0.001 / 0.001       ms
[160.171s][info   ][gc,stats    ]    Subphase: Pause Weak Roots Setup                        0.001 / 0.001         0.001 / 0.001         0.001 / 0.001         0.001 / 0.001       ms
[160.171s][info   ][gc,stats    ]    Subphase: Pause Weak Roots Teardown                     0.001 / 0.001         0.001 / 0.002         0.001 / 0.002         0.001 / 0.002       ms
[160.171s][info   ][gc,stats    ]      System: Java Threads                                     62 / 62               50 / 65               50 / 65               50 / 65          threads
[160.171s][info   ][gc,stats    ] =========================================================================================================================================================
[170.170s][info   ][gc,stats    ] === Garbage Collection Statistics =======================================================================================================================
[170.170s][info   ][gc,stats    ]                                                              Last 10s              Last 10m              Last 10h                Total
[170.170s][info   ][gc,stats    ]                                                              Avg / Max             Avg / Max             Avg / Max             Avg / Max
[170.170s][info   ][gc,stats    ]   Collector: Garbage Collection Cycle                      0.000 / 0.000       342.456 / 515.532     342.456 / 515.532     342.456 / 515.532     ms
[170.170s][info   ][gc,stats    ]  Contention: Mark Segment Reset Contention                     0 / 0                14 / 850              14 / 850              14 / 850         ops/s
[170.170s][info   ][gc,stats    ]  Contention: Mark SeqNum Reset Contention                      0 / 0                 0 / 9                 0 / 9                 0 / 9           ops/s
[170.170s][info   ][gc,stats    ]  Contention: Relocation Contention                             0 / 0                 0 / 9                 0 / 9                 0 / 9           ops/s
[170.170s][info   ][gc,stats    ]    Critical: Allocation Stall                              0.000 / 0.000         0.000 / 0.000         0.000 / 0.000         0.000 / 0.000       ms
[170.170s][info   ][gc,stats    ]    Critical: Allocation Stall                                  0 / 0                 0 / 0                 0 / 0                 0 / 0           ops/s
[170.170s][info   ][gc,stats    ]    Critical: GC Locker Stall                               0.000 / 0.000         0.000 / 0.000         0.000 / 0.000         0.000 / 0.000       ms
[170.170s][info   ][gc,stats    ]    Critical: GC Locker Stall                                   0 / 0                 0 / 0                 0 / 0                 0 / 0           ops/s
[170.170s][info   ][gc,stats    ]      Memory: Allocation Rate                                 664 / 722             605 / 1436            605 / 1436            605 / 1436        MB/s
[170.170s][info   ][gc,stats    ]      Memory: Heap Used After Mark                              0 / 0             17782 / 30288         17782 / 30288         17782 / 30288       MB
[170.170s][info   ][gc,stats    ]      Memory: Heap Used After Relocation                        0 / 0              2676 / 4228           2676 / 4228           2676 / 4228        MB
[170.170s][info   ][gc,stats    ]      Memory: Heap Used Before Mark                             0 / 0             17640 / 30112         17640 / 30112         17640 / 30112       MB
[170.170s][info   ][gc,stats    ]      Memory: Heap Used Before Relocation                       0 / 0             11923 / 20378         11923 / 20378         11923 / 20378       MB
[170.170s][info   ][gc,stats    ]      Memory: Out Of Memory                                     0 / 0                 0 / 0                 0 / 0                 0 / 0           ops/s
[170.170s][info   ][gc,stats    ]      Memory: Page Cache Flush                                  0 / 0                 0 / 0                 0 / 0                 0 / 0           MB/s
[170.170s][info   ][gc,stats    ]      Memory: Page Cache Hit L1                               320 / 346             233 / 1642            233 / 1642            233 / 1642        ops/s
[170.170s][info   ][gc,stats    ]      Memory: Page Cache Hit L2                                 0 / 0                 1 / 122               1 / 122               1 / 122         ops/s
[170.170s][info   ][gc,stats    ]      Memory: Page Cache Miss                                   0 / 0                86 / 341              86 / 341              86 / 341         ops/s
[170.170s][info   ][gc,stats    ]      Memory: Undo Object Allocation Failed                     0 / 0                 0 / 0                 0 / 0                 0 / 0           ops/s
[170.170s][info   ][gc,stats    ]      Memory: Undo Object Allocation Succeeded                  0 / 0                 0 / 9                 0 / 9                 0 / 9           ops/s
[170.170s][info   ][gc,stats    ]      Memory: Undo Page Allocation                              0 / 0                 0 / 69                0 / 69                0 / 69          ops/s
[170.170s][info   ][gc,stats    ]       Phase: Concurrent Destroy Detached Pages             0.000 / 0.000         0.001 / 0.001         0.001 / 0.001         0.001 / 0.001       ms
[170.170s][info   ][gc,stats    ]       Phase: Concurrent Mark                               0.000 / 0.000       170.050 / 275.553     170.050 / 275.553     170.050 / 275.553     ms
[170.170s][info   ][gc,stats    ]       Phase: Concurrent Mark Continue                      0.000 / 0.000         1.416 / 1.416         1.416 / 1.416         1.416 / 1.416       ms
[170.170s][info   ][gc,stats    ]       Phase: Concurrent Prepare Relocation Set             0.000 / 0.000        48.520 / 89.649       48.520 / 89.649       48.520 / 89.649      ms
[170.170s][info   ][gc,stats    ]       Phase: Concurrent Process Non-Strong References      0.000 / 0.000         6.688 / 19.270        6.688 / 19.270        6.688 / 19.270      ms
[170.170s][info   ][gc,stats    ]       Phase: Concurrent Relocate                           0.000 / 0.000       103.211 / 165.671     103.211 / 165.671     103.211 / 165.671     ms
[170.170s][info   ][gc,stats    ]       Phase: Concurrent Reset Relocation Set               0.000 / 0.000         4.588 / 14.653        4.588 / 14.653        4.588 / 14.653      ms
[170.170s][info   ][gc,stats    ]       Phase: Concurrent Select Relocation Set              0.000 / 0.000         5.907 / 12.148        5.907 / 12.148        5.907 / 12.148      ms
[170.170s][info   ][gc,stats    ]       Phase: Pause Mark End                                0.000 / 0.000         0.807 / 1.253         0.807 / 1.253         0.807 / 1.253       ms
[170.170s][info   ][gc,stats    ]       Phase: Pause Mark Start                              0.000 / 0.000         0.722 / 1.400         0.722 / 1.400         0.722 / 1.400       ms
[170.170s][info   ][gc,stats    ]       Phase: Pause Relocate Start                          0.000 / 0.000         0.339 / 1.025         0.339 / 1.025         0.339 / 1.025       ms
[170.170s][info   ][gc,stats    ]       Phase: Pause Verify                                  0.000 / 0.000         0.000 / 0.000         0.000 / 0.000         0.000 / 0.000       ms
[170.170s][info   ][gc,stats    ]    Subphase: Concurrent Classes Unload                     0.000 / 0.000         6.090 / 18.723        6.090 / 18.723        6.090 / 18.723      ms
[170.170s][info   ][gc,stats    ]    Subphase: Concurrent Mark                               0.000 / 0.000       143.915 / 273.889     143.915 / 273.889     143.915 / 273.889     ms
[170.170s][info   ][gc,stats    ]    Subphase: Concurrent Mark Idle                          0.000 / 0.000         1.136 / 1.194         1.136 / 1.194         1.136 / 1.194       ms
[170.170s][info   ][gc,stats    ]    Subphase: Concurrent Mark Try Flush                     0.000 / 0.000         0.088 / 0.545         0.088 / 0.545         0.088 / 0.545       ms
[170.170s][info   ][gc,stats    ]    Subphase: Concurrent Mark Try Terminate                 0.000 / 0.000         1.131 / 1.197         1.131 / 1.197         1.131 / 1.197       ms
[170.170s][info   ][gc,stats    ]    Subphase: Concurrent References Enqueue                 0.000 / 0.000         0.004 / 0.005         0.004 / 0.005         0.004 / 0.005       ms
[170.170s][info   ][gc,stats    ]    Subphase: Concurrent References Process                 0.000 / 0.000         0.077 / 0.140         0.077 / 0.140         0.077 / 0.140       ms
[170.170s][info   ][gc,stats    ]    Subphase: Concurrent Roots                              0.000 / 0.000         0.140 / 2.807         0.140 / 2.807         0.140 / 2.807       ms
[170.170s][info   ][gc,stats    ]    Subphase: Concurrent Roots ClassLoaderDataGraph         0.000 / 0.000         0.149 / 2.804         0.149 / 2.804         0.149 / 2.804       ms
[170.170s][info   ][gc,stats    ]    Subphase: Concurrent Roots JNIHandles                   0.000 / 0.000         0.060 / 0.350         0.060 / 0.350         0.060 / 0.350       ms
[170.170s][info   ][gc,stats    ]    Subphase: Concurrent Roots Setup                        0.000 / 0.000         0.605 / 1.622         0.605 / 1.622         0.605 / 1.622       ms
[170.170s][info   ][gc,stats    ]    Subphase: Concurrent Roots Teardown                     0.000 / 0.000         0.001 / 0.001         0.001 / 0.001         0.001 / 0.001       ms
[170.170s][info   ][gc,stats    ]    Subphase: Concurrent Weak Roots                         0.000 / 0.000         0.420 / 1.376         0.420 / 1.376         0.420 / 1.376       ms
[170.170s][info   ][gc,stats    ]    Subphase: Concurrent Weak Roots JNIWeakHandles          0.000 / 0.000         0.005 / 0.073         0.005 / 0.073         0.005 / 0.073       ms
[170.170s][info   ][gc,stats    ]    Subphase: Concurrent Weak Roots StringTable             0.000 / 0.000         0.395 / 1.327         0.395 / 1.327         0.395 / 1.327       ms
[170.170s][info   ][gc,stats    ]    Subphase: Concurrent Weak Roots VMWeakHandles           0.000 / 0.000         0.022 / 0.051         0.022 / 0.051         0.022 / 0.051       ms
[170.170s][info   ][gc,stats    ]    Subphase: Pause Mark Try Complete                       0.000 / 0.000         0.226 / 1.009         0.226 / 1.009         0.226 / 1.009       ms
[170.170s][info   ][gc,stats    ]    Subphase: Pause Roots                                   0.000 / 0.000         0.084 / 1.060         0.084 / 1.060         0.084 / 1.060       ms
[170.170s][info   ][gc,stats    ]    Subphase: Pause Roots CodeCache                         0.000 / 0.000         0.000 / 0.000         0.000 / 0.000         0.000 / 0.000       ms
[170.170s][info   ][gc,stats    ]    Subphase: Pause Roots JVMTIExport                       0.000 / 0.000         0.003 / 0.017         0.003 / 0.017         0.003 / 0.017       ms
[170.170s][info   ][gc,stats    ]    Subphase: Pause Roots JVMTIWeakExport                   0.000 / 0.000         0.001 / 0.001         0.001 / 0.001         0.001 / 0.001       ms
[170.171s][info   ][gc,stats    ]    Subphase: Pause Roots Management                        0.000 / 0.000         0.043 / 0.430         0.043 / 0.430         0.043 / 0.430       ms
[170.171s][info   ][gc,stats    ]    Subphase: Pause Roots ObjectSynchronizer                0.000 / 0.000         0.002 / 0.011         0.002 / 0.011         0.002 / 0.011       ms
[170.171s][info   ][gc,stats    ]    Subphase: Pause Roots Setup                             0.000 / 0.000         0.001 / 0.002         0.001 / 0.002         0.001 / 0.002       ms
[170.171s][info   ][gc,stats    ]    Subphase: Pause Roots SystemDictionary                  0.000 / 0.000         0.132 / 0.734         0.132 / 0.734         0.132 / 0.734       ms
[170.171s][info   ][gc,stats    ]    Subphase: Pause Roots Teardown                          0.000 / 0.000         0.004 / 0.009         0.004 / 0.009         0.004 / 0.009       ms
[170.171s][info   ][gc,stats    ]    Subphase: Pause Roots Threads                           0.000 / 0.000         0.110 / 1.042         0.110 / 1.042         0.110 / 1.042       ms
[170.171s][info   ][gc,stats    ]    Subphase: Pause Roots Universe                          0.000 / 0.000         0.062 / 0.626         0.062 / 0.626         0.062 / 0.626       ms
[170.171s][info   ][gc,stats    ]    Subphase: Pause Weak Roots                              0.000 / 0.000         0.001 / 0.007         0.001 / 0.007         0.001 / 0.007       ms
[170.171s][info   ][gc,stats    ]    Subphase: Pause Weak Roots JFRWeak                      0.000 / 0.000         0.001 / 0.001         0.001 / 0.001         0.001 / 0.001       ms
[170.171s][info   ][gc,stats    ]    Subphase: Pause Weak Roots JVMTIWeakExport              0.000 / 0.000         0.001 / 0.001         0.001 / 0.001         0.001 / 0.001       ms
[170.171s][info   ][gc,stats    ]    Subphase: Pause Weak Roots Setup                        0.000 / 0.000         0.001 / 0.001         0.001 / 0.001         0.001 / 0.001       ms
[170.171s][info   ][gc,stats    ]    Subphase: Pause Weak Roots Teardown                     0.000 / 0.000         0.001 / 0.002         0.001 / 0.002         0.001 / 0.002       ms
[170.171s][info   ][gc,stats    ]      System: Java Threads                                      0 / 0                50 / 65               50 / 65               50 / 65          threads
[170.171s][info   ][gc,stats    ] =========================================================================================================================================================
[180.170s][info   ][gc,stats    ] === Garbage Collection Statistics =======================================================================================================================
[180.170s][info   ][gc,stats    ]                                                              Last 10s              Last 10m              Last 10h                Total
[180.170s][info   ][gc,stats    ]                                                              Avg / Max             Avg / Max             Avg / Max             Avg / Max
[180.170s][info   ][gc,stats    ]   Collector: Garbage Collection Cycle                      0.000 / 0.000       342.456 / 515.532     342.456 / 515.532     342.456 / 515.532     ms
[180.170s][info   ][gc,stats    ]  Contention: Mark Segment Reset Contention                     0 / 0                14 / 850              14 / 850              14 / 850         ops/s
[180.170s][info   ][gc,stats    ]  Contention: Mark SeqNum Reset Contention                      0 / 0                 0 / 9                 0 / 9                 0 / 9           ops/s
[180.170s][info   ][gc,stats    ]  Contention: Relocation Contention                             0 / 0                 0 / 9                 0 / 9                 0 / 9           ops/s
[180.170s][info   ][gc,stats    ]    Critical: Allocation Stall                              0.000 / 0.000         0.000 / 0.000         0.000 / 0.000         0.000 / 0.000       ms
[180.170s][info   ][gc,stats    ]    Critical: Allocation Stall                                  0 / 0                 0 / 0                 0 / 0                 0 / 0           ops/s
[180.170s][info   ][gc,stats    ]    Critical: GC Locker Stall                               0.000 / 0.000         0.000 / 0.000         0.000 / 0.000         0.000 / 0.000       ms
[180.170s][info   ][gc,stats    ]    Critical: GC Locker Stall                                   0 / 0                 0 / 0                 0 / 0                 0 / 0           ops/s
[180.170s][info   ][gc,stats    ]      Memory: Allocation Rate                                 617 / 688             606 / 1436            606 / 1436            606 / 1436        MB/s
[180.170s][info   ][gc,stats    ]      Memory: Heap Used After Mark                              0 / 0             17782 / 30288         17782 / 30288         17782 / 30288       MB
[180.170s][info   ][gc,stats    ]      Memory: Heap Used After Relocation                        0 / 0              2676 / 4228           2676 / 4228           2676 / 4228        MB
[180.170s][info   ][gc,stats    ]      Memory: Heap Used Before Mark                             0 / 0             17640 / 30112         17640 / 30112         17640 / 30112       MB
[180.170s][info   ][gc,stats    ]      Memory: Heap Used Before Relocation                       0 / 0             11923 / 20378         11923 / 20378         11923 / 20378       MB
[180.170s][info   ][gc,stats    ]      Memory: Out Of Memory                                     0 / 0                 0 / 0                 0 / 0                 0 / 0           ops/s
[180.170s][info   ][gc,stats    ]      Memory: Page Cache Flush                                  0 / 0                 0 / 0                 0 / 0                 0 / 0           MB/s
[180.170s][info   ][gc,stats    ]      Memory: Page Cache Hit L1                               298 / 329             237 / 1642            237 / 1642            237 / 1642        ops/s
[180.170s][info   ][gc,stats    ]      Memory: Page Cache Hit L2                                 0 / 0                 1 / 122               1 / 122               1 / 122         ops/s
[180.170s][info   ][gc,stats    ]      Memory: Page Cache Miss                                   0 / 0                81 / 341              81 / 341              81 / 341         ops/s
[180.170s][info   ][gc,stats    ]      Memory: Undo Object Allocation Failed                     0 / 0                 0 / 0                 0 / 0                 0 / 0           ops/s
[180.170s][info   ][gc,stats    ]      Memory: Undo Object Allocation Succeeded                  0 / 0                 0 / 9                 0 / 9                 0 / 9           ops/s
[180.170s][info   ][gc,stats    ]      Memory: Undo Page Allocation                              0 / 0                 0 / 69                0 / 69                0 / 69          ops/s
[180.170s][info   ][gc,stats    ]       Phase: Concurrent Destroy Detached Pages             0.000 / 0.000         0.001 / 0.001         0.001 / 0.001         0.001 / 0.001       ms
[180.170s][info   ][gc,stats    ]       Phase: Concurrent Mark                               0.000 / 0.000       170.050 / 275.553     170.050 / 275.553     170.050 / 275.553     ms
[180.170s][info   ][gc,stats    ]       Phase: Concurrent Mark Continue                      0.000 / 0.000         1.416 / 1.416         1.416 / 1.416         1.416 / 1.416       ms
[180.170s][info   ][gc,stats    ]       Phase: Concurrent Prepare Relocation Set             0.000 / 0.000        48.520 / 89.649       48.520 / 89.649       48.520 / 89.649      ms
[180.170s][info   ][gc,stats    ]       Phase: Concurrent Process Non-Strong References      0.000 / 0.000         6.688 / 19.270        6.688 / 19.270        6.688 / 19.270      ms
[180.170s][info   ][gc,stats    ]       Phase: Concurrent Relocate                           0.000 / 0.000       103.211 / 165.671     103.211 / 165.671     103.211 / 165.671     ms
[180.170s][info   ][gc,stats    ]       Phase: Concurrent Reset Relocation Set               0.000 / 0.000         4.588 / 14.653        4.588 / 14.653        4.588 / 14.653      ms
[180.170s][info   ][gc,stats    ]       Phase: Concurrent Select Relocation Set              0.000 / 0.000         5.907 / 12.148        5.907 / 12.148        5.907 / 12.148      ms
[180.170s][info   ][gc,stats    ]       Phase: Pause Mark End                                0.000 / 0.000         0.807 / 1.253         0.807 / 1.253         0.807 / 1.253       ms
[180.170s][info   ][gc,stats    ]       Phase: Pause Mark Start                              0.000 / 0.000         0.722 / 1.400         0.722 / 1.400         0.722 / 1.400       ms
[180.170s][info   ][gc,stats    ]       Phase: Pause Relocate Start                          0.000 / 0.000         0.339 / 1.025         0.339 / 1.025         0.339 / 1.025       ms
[180.170s][info   ][gc,stats    ]       Phase: Pause Verify                                  0.000 / 0.000         0.000 / 0.000         0.000 / 0.000         0.000 / 0.000       ms
[180.170s][info   ][gc,stats    ]    Subphase: Concurrent Classes Unload                     0.000 / 0.000         6.090 / 18.723        6.090 / 18.723        6.090 / 18.723      ms
[180.170s][info   ][gc,stats    ]    Subphase: Concurrent Mark                               0.000 / 0.000       143.915 / 273.889     143.915 / 273.889     143.915 / 273.889     ms
[180.170s][info   ][gc,stats    ]    Subphase: Concurrent Mark Idle                          0.000 / 0.000         1.136 / 1.194         1.136 / 1.194         1.136 / 1.194       ms
[180.170s][info   ][gc,stats    ]    Subphase: Concurrent Mark Try Flush                     0.000 / 0.000         0.088 / 0.545         0.088 / 0.545         0.088 / 0.545       ms
[180.170s][info   ][gc,stats    ]    Subphase: Concurrent Mark Try Terminate                 0.000 / 0.000         1.131 / 1.197         1.131 / 1.197         1.131 / 1.197       ms
[180.170s][info   ][gc,stats    ]    Subphase: Concurrent References Enqueue                 0.000 / 0.000         0.004 / 0.005         0.004 / 0.005         0.004 / 0.005       ms
[180.170s][info   ][gc,stats    ]    Subphase: Concurrent References Process                 0.000 / 0.000         0.077 / 0.140         0.077 / 0.140         0.077 / 0.140       ms
[180.170s][info   ][gc,stats    ]    Subphase: Concurrent Roots                              0.000 / 0.000         0.140 / 2.807         0.140 / 2.807         0.140 / 2.807       ms
[180.170s][info   ][gc,stats    ]    Subphase: Concurrent Roots ClassLoaderDataGraph         0.000 / 0.000         0.149 / 2.804         0.149 / 2.804         0.149 / 2.804       ms
[180.170s][info   ][gc,stats    ]    Subphase: Concurrent Roots JNIHandles                   0.000 / 0.000         0.060 / 0.350         0.060 / 0.350         0.060 / 0.350       ms
[180.170s][info   ][gc,stats    ]    Subphase: Concurrent Roots Setup                        0.000 / 0.000         0.605 / 1.622         0.605 / 1.622         0.605 / 1.622       ms
[180.170s][info   ][gc,stats    ]    Subphase: Concurrent Roots Teardown                     0.000 / 0.000         0.001 / 0.001         0.001 / 0.001         0.001 / 0.001       ms
[180.170s][info   ][gc,stats    ]    Subphase: Concurrent Weak Roots                         0.000 / 0.000         0.420 / 1.376         0.420 / 1.376         0.420 / 1.376       ms
[180.170s][info   ][gc,stats    ]    Subphase: Concurrent Weak Roots JNIWeakHandles          0.000 / 0.000         0.005 / 0.073         0.005 / 0.073         0.005 / 0.073       ms
[180.170s][info   ][gc,stats    ]    Subphase: Concurrent Weak Roots StringTable             0.000 / 0.000         0.395 / 1.327         0.395 / 1.327         0.395 / 1.327       ms
[180.170s][info   ][gc,stats    ]    Subphase: Concurrent Weak Roots VMWeakHandles           0.000 / 0.000         0.022 / 0.051         0.022 / 0.051         0.022 / 0.051       ms
[180.170s][info   ][gc,stats    ]    Subphase: Pause Mark Try Complete                       0.000 / 0.000         0.226 / 1.009         0.226 / 1.009         0.226 / 1.009       ms
[180.170s][info   ][gc,stats    ]    Subphase: Pause Roots                                   0.000 / 0.000         0.084 / 1.060         0.084 / 1.060         0.084 / 1.060       ms
[180.170s][info   ][gc,stats    ]    Subphase: Pause Roots CodeCache                         0.000 / 0.000         0.000 / 0.000         0.000 / 0.000         0.000 / 0.000       ms
[180.170s][info   ][gc,stats    ]    Subphase: Pause Roots JVMTIExport                       0.000 / 0.000         0.003 / 0.017         0.003 / 0.017         0.003 / 0.017       ms
[180.170s][info   ][gc,stats    ]    Subphase: Pause Roots JVMTIWeakExport                   0.000 / 0.000         0.001 / 0.001         0.001 / 0.001         0.001 / 0.001       ms
[180.170s][info   ][gc,stats    ]    Subphase: Pause Roots Management                        0.000 / 0.000         0.043 / 0.430         0.043 / 0.430         0.043 / 0.430       ms
[180.170s][info   ][gc,stats    ]    Subphase: Pause Roots ObjectSynchronizer                0.000 / 0.000         0.002 / 0.011         0.002 / 0.011         0.002 / 0.011       ms
[180.170s][info   ][gc,stats    ]    Subphase: Pause Roots Setup                             0.000 / 0.000         0.001 / 0.002         0.001 / 0.002         0.001 / 0.002       ms
[180.170s][info   ][gc,stats    ]    Subphase: Pause Roots SystemDictionary                  0.000 / 0.000         0.132 / 0.734         0.132 / 0.734         0.132 / 0.734       ms
[180.170s][info   ][gc,stats    ]    Subphase: Pause Roots Teardown                          0.000 / 0.000         0.004 / 0.009         0.004 / 0.009         0.004 / 0.009       ms
[180.170s][info   ][gc,stats    ]    Subphase: Pause Roots Threads                           0.000 / 0.000         0.110 / 1.042         0.110 / 1.042         0.110 / 1.042       ms
[180.170s][info   ][gc,stats    ]    Subphase: Pause Roots Universe                          0.000 / 0.000         0.062 / 0.626         0.062 / 0.626         0.062 / 0.626       ms
[180.170s][info   ][gc,stats    ]    Subphase: Pause Weak Roots                              0.000 / 0.000         0.001 / 0.007         0.001 / 0.007         0.001 / 0.007       ms
[180.170s][info   ][gc,stats    ]    Subphase: Pause Weak Roots JFRWeak                      0.000 / 0.000         0.001 / 0.001         0.001 / 0.001         0.001 / 0.001       ms
[180.170s][info   ][gc,stats    ]    Subphase: Pause Weak Roots JVMTIWeakExport              0.000 / 0.000         0.001 / 0.001         0.001 / 0.001         0.001 / 0.001       ms
[180.170s][info   ][gc,stats    ]    Subphase: Pause Weak Roots Setup                        0.000 / 0.000         0.001 / 0.001         0.001 / 0.001         0.001 / 0.001       ms
[180.170s][info   ][gc,stats    ]    Subphase: Pause Weak Roots Teardown                     0.000 / 0.000         0.001 / 0.002         0.001 / 0.002         0.001 / 0.002       ms
[180.170s][info   ][gc,stats    ]      System: Java Threads                                      0 / 0                50 / 65               50 / 65               50 / 65          threads
[180.170s][info   ][gc,stats    ] =========================================================================================================================================================
[187.470s][info   ][gc,start    ] GC(6) Garbage Collection (Proactive)
[187.471s][info   ][gc,phases   ] GC(6) Pause Mark Start 0.513ms
[187.723s][info   ][gc,phases   ] GC(6) Concurrent Mark 252.454ms
[187.724s][info   ][gc,phases   ] GC(6) Pause Mark End 0.870ms
[187.727s][info   ][gc,phases   ] GC(6) Concurrent Process Non-Strong References 2.516ms
[187.733s][info   ][gc,phases   ] GC(6) Concurrent Reset Relocation Set 5.733ms
[187.733s][info   ][gc,phases   ] GC(6) Concurrent Destroy Detached Pages 0.001ms
[187.737s][info   ][gc,phases   ] GC(6) Concurrent Select Relocation Set 3.920ms
[187.778s][info   ][gc,phases   ] GC(6) Concurrent Prepare Relocation Set 41.421ms
[187.779s][info   ][gc,phases   ] GC(6) Pause Relocate Start 0.158ms
[187.905s][info   ][gc,phases   ] GC(6) Concurrent Relocate 126.305ms
[187.905s][info   ][gc,load     ] GC(6) Load: 3.49/1.75/0.70
[187.905s][info   ][gc,mmu      ] GC(6) MMU: 2ms/30.0%, 5ms/69.9%, 10ms/81.7%, 20ms/87.7%, 50ms/95.1%, 100ms/97.5%
[187.905s][info   ][gc,marking  ] GC(6) Mark: 8 stripe(s), 10 proactive flush(es), 1 terminate flush(es), 1 completion(s), 0 continuation(s) 
[187.905s][info   ][gc,reloc    ] GC(6) Relocation: Successful, 2161M relocated
[187.905s][info   ][gc,nmethod  ] GC(6) NMethods: 5878 registered, 667 unregistered
[187.905s][info   ][gc,metaspace] GC(6) Metaspace: 40M used, 41M capacity, 41M committed, 42M reserved
[187.905s][info   ][gc,ref      ] GC(6) Soft: 3327 encountered, 0 discovered, 0 enqueued
[187.905s][info   ][gc,ref      ] GC(6) Weak: 1530 encountered, 512 discovered, 0 enqueued
[187.905s][info   ][gc,ref      ] GC(6) Final: 32 encountered, 5 discovered, 5 enqueued
[187.905s][info   ][gc,ref      ] GC(6) Phantom: 120 encountered, 96 discovered, 0 enqueued
[187.905s][info   ][gc,heap     ] GC(6)                Mark Start          Mark End        Relocate Start      Relocate End           High               Low         
[187.905s][info   ][gc,heap     ] GC(6)  Capacity:    30390M (30%)       30390M (30%)       30390M (30%)       30390M (30%)       30390M (30%)       30390M (30%)    
[187.905s][info   ][gc,heap     ] GC(6)   Reserve:       80M (0%)           80M (0%)           80M (0%)           80M (0%)           80M (0%)           80M (0%)     
[187.905s][info   ][gc,heap     ] GC(6)      Free:    78236M (78%)       78036M (78%)       85240M (85%)       96144M (96%)       96144M (96%)       78026M (78%)    
[187.905s][info   ][gc,heap     ] GC(6)      Used:    22036M (22%)       22236M (22%)       15032M (15%)        4128M (4%)        22246M (22%)        4128M (4%)     
[187.905s][info   ][gc,heap     ] GC(6)      Live:         -              3503M (3%)         3503M (3%)         3503M (3%)             -                  -          
[187.905s][info   ][gc,heap     ] GC(6) Allocated:         -               200M (0%)          246M (0%)         2274M (2%)             -                  -          
[187.905s][info   ][gc,heap     ] GC(6)   Garbage:         -             18532M (18%)       11282M (11%)         314M (0%)             -                  -          
[187.905s][info   ][gc,heap     ] GC(6) Reclaimed:         -                  -              7250M (7%)        18218M (18%)            -                  -          
[187.905s][info   ][gc          ] GC(6) Garbage Collection (Proactive) 22036M(22%)->4128M(4%)
[190.170s][info   ][gc,stats    ] === Garbage Collection Statistics =======================================================================================================================
[190.170s][info   ][gc,stats    ]                                                              Last 10s              Last 10m              Last 10h                Total
[190.170s][info   ][gc,stats    ]                                                              Avg / Max             Avg / Max             Avg / Max             Avg / Max
[190.170s][info   ][gc,stats    ]   Collector: Garbage Collection Cycle                    435.002 / 435.002     355.677 / 515.532     355.677 / 515.532     355.677 / 515.532     ms
[190.170s][info   ][gc,stats    ]  Contention: Mark Segment Reset Contention                    84 / 846              17 / 850              17 / 850              17 / 850         ops/s
[190.170s][info   ][gc,stats    ]  Contention: Mark SeqNum Reset Contention                      0 / 0                 0 / 9                 0 / 9                 0 / 9           ops/s
[190.170s][info   ][gc,stats    ]  Contention: Relocation Contention                             0 / 3                 0 / 9                 0 / 9                 0 / 9           ops/s
[190.170s][info   ][gc,stats    ]    Critical: Allocation Stall                              0.000 / 0.000         0.000 / 0.000         0.000 / 0.000         0.000 / 0.000       ms
[190.170s][info   ][gc,stats    ]    Critical: Allocation Stall                                  0 / 0                 0 / 0                 0 / 0                 0 / 0           ops/s
[190.170s][info   ][gc,stats    ]    Critical: GC Locker Stall                               0.000 / 0.000         0.000 / 0.000         0.000 / 0.000         0.000 / 0.000       ms
[190.170s][info   ][gc,stats    ]    Critical: GC Locker Stall                                   0 / 0                 0 / 0                 0 / 0                 0 / 0           ops/s
[190.170s][info   ][gc,stats    ]      Memory: Allocation Rate                                 609 / 700             606 / 1436            606 / 1436            606 / 1436        MB/s
[190.170s][info   ][gc,stats    ]      Memory: Heap Used After Mark                          22236 / 22236         18418 / 30288         18418 / 30288         18418 / 30288       MB
[190.170s][info   ][gc,stats    ]      Memory: Heap Used After Relocation                     4128 / 4128           2884 / 4228           2884 / 4228           2884 / 4228        MB
[190.170s][info   ][gc,stats    ]      Memory: Heap Used Before Mark                         22036 / 22036         18268 / 30112         18268 / 30112         18268 / 30112       MB
[190.170s][info   ][gc,stats    ]      Memory: Heap Used Before Relocation                   15032 / 15032         12367 / 20378         12367 / 20378         12367 / 20378       MB
[190.170s][info   ][gc,stats    ]      Memory: Out Of Memory                                     0 / 0                 0 / 0                 0 / 0                 0 / 0           ops/s
[190.170s][info   ][gc,stats    ]      Memory: Page Cache Flush                                  0 / 0                 0 / 0                 0 / 0                 0 / 0           MB/s
[190.170s][info   ][gc,stats    ]      Memory: Page Cache Hit L1                               358 / 1175            243 / 1642            243 / 1642            243 / 1642        ops/s
[190.170s][info   ][gc,stats    ]      Memory: Page Cache Hit L2                                31 / 179               3 / 179               3 / 179               3 / 179         ops/s
[190.170s][info   ][gc,stats    ]      Memory: Page Cache Miss                                   0 / 0                77 / 341              77 / 341              77 / 341         ops/s
[190.170s][info   ][gc,stats    ]      Memory: Undo Object Allocation Failed                     0 / 0                 0 / 0                 0 / 0                 0 / 0           ops/s
[190.170s][info   ][gc,stats    ]      Memory: Undo Object Allocation Succeeded                  0 / 3                 0 / 9                 0 / 9                 0 / 9           ops/s
[190.170s][info   ][gc,stats    ]      Memory: Undo Page Allocation                              0 / 0                 0 / 69                0 / 69                0 / 69          ops/s
[190.170s][info   ][gc,stats    ]       Phase: Concurrent Destroy Detached Pages             0.001 / 0.001         0.001 / 0.001         0.001 / 0.001         0.001 / 0.001       ms
[190.170s][info   ][gc,stats    ]       Phase: Concurrent Mark                             252.454 / 252.454     181.822 / 275.553     181.822 / 275.553     181.822 / 275.553     ms
[190.170s][info   ][gc,stats    ]       Phase: Concurrent Mark Continue                      0.000 / 0.000         1.416 / 1.416         1.416 / 1.416         1.416 / 1.416       ms
[190.170s][info   ][gc,stats    ]       Phase: Concurrent Prepare Relocation Set            41.421 / 41.421       47.506 / 89.649       47.506 / 89.649       47.506 / 89.649      ms
[190.170s][info   ][gc,stats    ]       Phase: Concurrent Process Non-Strong References      2.516 / 2.516         6.092 / 19.270        6.092 / 19.270        6.092 / 19.270      ms
[190.170s][info   ][gc,stats    ]       Phase: Concurrent Relocate                         126.305 / 126.305     106.511 / 165.671     106.511 / 165.671     106.511 / 165.671     ms
[190.170s][info   ][gc,stats    ]       Phase: Concurrent Reset Relocation Set               5.733 / 5.733         4.752 / 14.653        4.752 / 14.653        4.752 / 14.653      ms
[190.170s][info   ][gc,stats    ]       Phase: Concurrent Select Relocation Set              3.920 / 3.920         5.623 / 12.148        5.623 / 12.148        5.623 / 12.148      ms
[190.171s][info   ][gc,stats    ]       Phase: Pause Mark End                                0.870 / 0.870         0.815 / 1.253         0.815 / 1.253         0.815 / 1.253       ms
[190.171s][info   ][gc,stats    ]       Phase: Pause Mark Start                              0.513 / 0.513         0.692 / 1.400         0.692 / 1.400         0.692 / 1.400       ms
[190.171s][info   ][gc,stats    ]       Phase: Pause Relocate Start                          0.158 / 0.158         0.313 / 1.025         0.313 / 1.025         0.313 / 1.025       ms
[190.171s][info   ][gc,stats    ]       Phase: Pause Verify                                  0.000 / 0.000         0.000 / 0.000         0.000 / 0.000         0.000 / 0.000       ms
[190.171s][info   ][gc,stats    ]    Subphase: Concurrent Classes Unload                     2.050 / 2.050         5.513 / 18.723        5.513 / 18.723        5.513 / 18.723      ms
[190.171s][info   ][gc,stats    ]    Subphase: Concurrent Mark                             249.519 / 249.843     157.116 / 273.889     157.116 / 273.889     157.116 / 273.889     ms
[190.171s][info   ][gc,stats    ]    Subphase: Concurrent Mark Idle                          1.138 / 1.179         1.136 / 1.194         1.136 / 1.194         1.136 / 1.194       ms
[190.171s][info   ][gc,stats    ]    Subphase: Concurrent Mark Try Flush                     0.076 / 0.126         0.086 / 0.545         0.086 / 0.545         0.086 / 0.545       ms
[190.171s][info   ][gc,stats    ]    Subphase: Concurrent Mark Try Terminate                 1.138 / 1.184         1.133 / 1.197         1.133 / 1.197         1.133 / 1.197       ms
[190.171s][info   ][gc,stats    ]    Subphase: Concurrent References Enqueue                 0.007 / 0.007         0.005 / 0.007         0.005 / 0.007         0.005 / 0.007       ms
[190.171s][info   ][gc,stats    ]    Subphase: Concurrent References Process                 0.071 / 0.071         0.076 / 0.140         0.076 / 0.140         0.076 / 0.140       ms
[190.171s][info   ][gc,stats    ]    Subphase: Concurrent Roots                              0.313 / 1.985         0.165 / 2.807         0.165 / 2.807         0.165 / 2.807       ms
[190.171s][info   ][gc,stats    ]    Subphase: Concurrent Roots ClassLoaderDataGraph         0.278 / 1.982         0.164 / 2.804         0.164 / 2.804         0.164 / 2.804       ms
[190.171s][info   ][gc,stats    ]    Subphase: Concurrent Roots JNIHandles                   0.175 / 0.551         0.090 / 0.551         0.090 / 0.551         0.090 / 0.551       ms
[190.171s][info   ][gc,stats    ]    Subphase: Concurrent Roots Setup                        0.337 / 0.337         0.567 / 1.622         0.567 / 1.622         0.567 / 1.622       ms
[190.171s][info   ][gc,stats    ]    Subphase: Concurrent Roots Teardown                     0.001 / 0.001         0.001 / 0.001         0.001 / 0.001         0.001 / 0.001       ms
[190.171s][info   ][gc,stats    ]    Subphase: Concurrent Weak Roots                         0.278 / 0.348         0.399 / 1.376         0.399 / 1.376         0.399 / 1.376       ms
[190.171s][info   ][gc,stats    ]    Subphase: Concurrent Weak Roots JNIWeakHandles          0.002 / 0.009         0.004 / 0.073         0.004 / 0.073         0.004 / 0.073       ms
[190.171s][info   ][gc,stats    ]    Subphase: Concurrent Weak Roots StringTable             0.241 / 0.301         0.373 / 1.327         0.373 / 1.327         0.373 / 1.327       ms
[190.171s][info   ][gc,stats    ]    Subphase: Concurrent Weak Roots VMWeakHandles           0.031 / 0.044         0.024 / 0.051         0.024 / 0.051         0.024 / 0.051       ms
[190.171s][info   ][gc,stats    ]    Subphase: Pause Mark Try Complete                       0.275 / 0.609         0.233 / 1.009         0.233 / 1.009         0.233 / 1.009       ms
[190.171s][info   ][gc,stats    ]    Subphase: Pause Roots                                   0.058 / 0.199         0.081 / 1.060         0.081 / 1.060         0.081 / 1.060       ms
[190.171s][info   ][gc,stats    ]    Subphase: Pause Roots CodeCache                         0.000 / 0.000         0.000 / 0.000         0.000 / 0.000         0.000 / 0.000       ms
[190.171s][info   ][gc,stats    ]    Subphase: Pause Roots JVMTIExport                       0.001 / 0.002         0.002 / 0.017         0.002 / 0.017         0.002 / 0.017       ms
[190.171s][info   ][gc,stats    ]    Subphase: Pause Roots JVMTIWeakExport                   0.001 / 0.001         0.001 / 0.001         0.001 / 0.001         0.001 / 0.001       ms
[190.171s][info   ][gc,stats    ]    Subphase: Pause Roots Management                        0.003 / 0.003         0.037 / 0.430         0.037 / 0.430         0.037 / 0.430       ms
[190.171s][info   ][gc,stats    ]    Subphase: Pause Roots ObjectSynchronizer                0.001 / 0.001         0.002 / 0.011         0.002 / 0.011         0.002 / 0.011       ms
[190.171s][info   ][gc,stats    ]    Subphase: Pause Roots Setup                             0.001 / 0.002         0.001 / 0.002         0.001 / 0.002         0.001 / 0.002       ms
[190.171s][info   ][gc,stats    ]    Subphase: Pause Roots SystemDictionary                  0.068 / 0.121         0.123 / 0.734         0.123 / 0.734         0.123 / 0.734       ms
[190.171s][info   ][gc,stats    ]    Subphase: Pause Roots Teardown                          0.004 / 0.005         0.004 / 0.009         0.004 / 0.009         0.004 / 0.009       ms
[190.171s][info   ][gc,stats    ]    Subphase: Pause Roots Threads                           0.066 / 0.196         0.103 / 1.042         0.103 / 1.042         0.103 / 1.042       ms
[190.171s][info   ][gc,stats    ]    Subphase: Pause Roots Universe                          0.010 / 0.013         0.054 / 0.626         0.054 / 0.626         0.054 / 0.626       ms
[190.171s][info   ][gc,stats    ]    Subphase: Pause Weak Roots                              0.001 / 0.005         0.001 / 0.007         0.001 / 0.007         0.001 / 0.007       ms
[190.171s][info   ][gc,stats    ]    Subphase: Pause Weak Roots JFRWeak                      0.001 / 0.001         0.001 / 0.001         0.001 / 0.001         0.001 / 0.001       ms
[190.171s][info   ][gc,stats    ]    Subphase: Pause Weak Roots JVMTIWeakExport              0.001 / 0.001         0.001 / 0.001         0.001 / 0.001         0.001 / 0.001       ms
[190.171s][info   ][gc,stats    ]    Subphase: Pause Weak Roots Setup                        0.001 / 0.001         0.001 / 0.001         0.001 / 0.001         0.001 / 0.001       ms
[190.171s][info   ][gc,stats    ]    Subphase: Pause Weak Roots Teardown                     0.001 / 0.001         0.001 / 0.002         0.001 / 0.002         0.001 / 0.002       ms
[190.171s][info   ][gc,stats    ]      System: Java Threads                                     62 / 62               52 / 65               52 / 65               52 / 65          threads
[190.171s][info   ][gc,stats    ] =========================================================================================================================================================
[200.170s][info   ][gc,stats    ] === Garbage Collection Statistics =======================================================================================================================
[200.170s][info   ][gc,stats    ]                                                              Last 10s              Last 10m              Last 10h                Total
[200.170s][info   ][gc,stats    ]                                                              Avg / Max             Avg / Max             Avg / Max             Avg / Max
[200.170s][info   ][gc,stats    ]   Collector: Garbage Collection Cycle                      0.000 / 0.000       355.677 / 515.532     355.677 / 515.532     355.677 / 515.532     ms
[200.170s][info   ][gc,stats    ]  Contention: Mark Segment Reset Contention                     0 / 0                16 / 850              16 / 850              16 / 850         ops/s
[200.170s][info   ][gc,stats    ]  Contention: Mark SeqNum Reset Contention                      0 / 0                 0 / 9                 0 / 9                 0 / 9           ops/s
[200.170s][info   ][gc,stats    ]  Contention: Relocation Contention                             0 / 0                 0 / 9                 0 / 9                 0 / 9           ops/s
[200.170s][info   ][gc,stats    ]    Critical: Allocation Stall                              0.000 / 0.000         0.000 / 0.000         0.000 / 0.000         0.000 / 0.000       ms
[200.170s][info   ][gc,stats    ]    Critical: Allocation Stall                                  0 / 0                 0 / 0                 0 / 0                 0 / 0           ops/s
[200.170s][info   ][gc,stats    ]    Critical: GC Locker Stall                               0.000 / 0.000         0.000 / 0.000         0.000 / 0.000         0.000 / 0.000       ms
[200.170s][info   ][gc,stats    ]    Critical: GC Locker Stall                                   0 / 0                 0 / 0                 0 / 0                 0 / 0           ops/s
[200.170s][info   ][gc,stats    ]      Memory: Allocation Rate                                 628 / 694             607 / 1436            607 / 1436            607 / 1436        MB/s
[200.170s][info   ][gc,stats    ]      Memory: Heap Used After Mark                              0 / 0             18418 / 30288         18418 / 30288         18418 / 30288       MB
[200.170s][info   ][gc,stats    ]      Memory: Heap Used After Relocation                        0 / 0              2884 / 4228           2884 / 4228           2884 / 4228        MB
[200.170s][info   ][gc,stats    ]      Memory: Heap Used Before Mark                             0 / 0             18268 / 30112         18268 / 30112         18268 / 30112       MB
[200.170s][info   ][gc,stats    ]      Memory: Heap Used Before Relocation                       0 / 0             12367 / 20378         12367 / 20378         12367 / 20378       MB
[200.170s][info   ][gc,stats    ]      Memory: Out Of Memory                                     0 / 0                 0 / 0                 0 / 0                 0 / 0           ops/s
[200.170s][info   ][gc,stats    ]      Memory: Page Cache Flush                                  0 / 0                 0 / 0                 0 / 0                 0 / 0           MB/s
[200.170s][info   ][gc,stats    ]      Memory: Page Cache Hit L1                               303 / 346             246 / 1642            246 / 1642            246 / 1642        ops/s
[200.170s][info   ][gc,stats    ]      Memory: Page Cache Hit L2                                 0 / 0                 3 / 179               3 / 179               3 / 179         ops/s
[200.170s][info   ][gc,stats    ]      Memory: Page Cache Miss                                   0 / 0                73 / 341              73 / 341              73 / 341         ops/s
[200.170s][info   ][gc,stats    ]      Memory: Undo Object Allocation Failed                     0 / 0                 0 / 0                 0 / 0                 0 / 0           ops/s
[200.170s][info   ][gc,stats    ]      Memory: Undo Object Allocation Succeeded                  0 / 0                 0 / 9                 0 / 9                 0 / 9           ops/s
[200.170s][info   ][gc,stats    ]      Memory: Undo Page Allocation                              0 / 0                 0 / 69                0 / 69                0 / 69          ops/s
[200.170s][info   ][gc,stats    ]       Phase: Concurrent Destroy Detached Pages             0.000 / 0.000         0.001 / 0.001         0.001 / 0.001         0.001 / 0.001       ms
[200.170s][info   ][gc,stats    ]       Phase: Concurrent Mark                               0.000 / 0.000       181.822 / 275.553     181.822 / 275.553     181.822 / 275.553     ms
[200.170s][info   ][gc,stats    ]       Phase: Concurrent Mark Continue                      0.000 / 0.000         1.416 / 1.416         1.416 / 1.416         1.416 / 1.416       ms
[200.170s][info   ][gc,stats    ]       Phase: Concurrent Prepare Relocation Set             0.000 / 0.000        47.506 / 89.649       47.506 / 89.649       47.506 / 89.649      ms
[200.170s][info   ][gc,stats    ]       Phase: Concurrent Process Non-Strong References      0.000 / 0.000         6.092 / 19.270        6.092 / 19.270        6.092 / 19.270      ms
[200.170s][info   ][gc,stats    ]       Phase: Concurrent Relocate                           0.000 / 0.000       106.511 / 165.671     106.511 / 165.671     106.511 / 165.671     ms
[200.170s][info   ][gc,stats    ]       Phase: Concurrent Reset Relocation Set               0.000 / 0.000         4.752 / 14.653        4.752 / 14.653        4.752 / 14.653      ms
[200.170s][info   ][gc,stats    ]       Phase: Concurrent Select Relocation Set              0.000 / 0.000         5.623 / 12.148        5.623 / 12.148        5.623 / 12.148      ms
[200.170s][info   ][gc,stats    ]       Phase: Pause Mark End                                0.000 / 0.000         0.815 / 1.253         0.815 / 1.253         0.815 / 1.253       ms
[200.170s][info   ][gc,stats    ]       Phase: Pause Mark Start                              0.000 / 0.000         0.692 / 1.400         0.692 / 1.400         0.692 / 1.400       ms
[200.170s][info   ][gc,stats    ]       Phase: Pause Relocate Start                          0.000 / 0.000         0.313 / 1.025         0.313 / 1.025         0.313 / 1.025       ms
[200.170s][info   ][gc,stats    ]       Phase: Pause Verify                                  0.000 / 0.000         0.000 / 0.000         0.000 / 0.000         0.000 / 0.000       ms
[200.170s][info   ][gc,stats    ]    Subphase: Concurrent Classes Unload                     0.000 / 0.000         5.513 / 18.723        5.513 / 18.723        5.513 / 18.723      ms
[200.170s][info   ][gc,stats    ]    Subphase: Concurrent Mark                               0.000 / 0.000       157.116 / 273.889     157.116 / 273.889     157.116 / 273.889     ms
[200.170s][info   ][gc,stats    ]    Subphase: Concurrent Mark Idle                          0.000 / 0.000         1.136 / 1.194         1.136 / 1.194         1.136 / 1.194       ms
[200.170s][info   ][gc,stats    ]    Subphase: Concurrent Mark Try Flush                     0.000 / 0.000         0.086 / 0.545         0.086 / 0.545         0.086 / 0.545       ms
[200.170s][info   ][gc,stats    ]    Subphase: Concurrent Mark Try Terminate                 0.000 / 0.000         1.133 / 1.197         1.133 / 1.197         1.133 / 1.197       ms
[200.170s][info   ][gc,stats    ]    Subphase: Concurrent References Enqueue                 0.000 / 0.000         0.005 / 0.007         0.005 / 0.007         0.005 / 0.007       ms
[200.170s][info   ][gc,stats    ]    Subphase: Concurrent References Process                 0.000 / 0.000         0.076 / 0.140         0.076 / 0.140         0.076 / 0.140       ms
[200.170s][info   ][gc,stats    ]    Subphase: Concurrent Roots                              0.000 / 0.000         0.165 / 2.807         0.165 / 2.807         0.165 / 2.807       ms
[200.170s][info   ][gc,stats    ]    Subphase: Concurrent Roots ClassLoaderDataGraph         0.000 / 0.000         0.164 / 2.804         0.164 / 2.804         0.164 / 2.804       ms
[200.170s][info   ][gc,stats    ]    Subphase: Concurrent Roots JNIHandles                   0.000 / 0.000         0.090 / 0.551         0.090 / 0.551         0.090 / 0.551       ms
[200.170s][info   ][gc,stats    ]    Subphase: Concurrent Roots Setup                        0.000 / 0.000         0.567 / 1.622         0.567 / 1.622         0.567 / 1.622       ms
[200.170s][info   ][gc,stats    ]    Subphase: Concurrent Roots Teardown                     0.000 / 0.000         0.001 / 0.001         0.001 / 0.001         0.001 / 0.001       ms
[200.170s][info   ][gc,stats    ]    Subphase: Concurrent Weak Roots                         0.000 / 0.000         0.399 / 1.376         0.399 / 1.376         0.399 / 1.376       ms
[200.170s][info   ][gc,stats    ]    Subphase: Concurrent Weak Roots JNIWeakHandles          0.000 / 0.000         0.004 / 0.073         0.004 / 0.073         0.004 / 0.073       ms
[200.170s][info   ][gc,stats    ]    Subphase: Concurrent Weak Roots StringTable             0.000 / 0.000         0.373 / 1.327         0.373 / 1.327         0.373 / 1.327       ms
[200.170s][info   ][gc,stats    ]    Subphase: Concurrent Weak Roots VMWeakHandles           0.000 / 0.000         0.024 / 0.051         0.024 / 0.051         0.024 / 0.051       ms
[200.170s][info   ][gc,stats    ]    Subphase: Pause Mark Try Complete                       0.000 / 0.000         0.233 / 1.009         0.233 / 1.009         0.233 / 1.009       ms
[200.170s][info   ][gc,stats    ]    Subphase: Pause Roots                                   0.000 / 0.000         0.081 / 1.060         0.081 / 1.060         0.081 / 1.060       ms
[200.170s][info   ][gc,stats    ]    Subphase: Pause Roots CodeCache                         0.000 / 0.000         0.000 / 0.000         0.000 / 0.000         0.000 / 0.000       ms
[200.170s][info   ][gc,stats    ]    Subphase: Pause Roots JVMTIExport                       0.000 / 0.000         0.002 / 0.017         0.002 / 0.017         0.002 / 0.017       ms
[200.170s][info   ][gc,stats    ]    Subphase: Pause Roots JVMTIWeakExport                   0.000 / 0.000         0.001 / 0.001         0.001 / 0.001         0.001 / 0.001       ms
[200.171s][info   ][gc,stats    ]    Subphase: Pause Roots Management                        0.000 / 0.000         0.037 / 0.430         0.037 / 0.430         0.037 / 0.430       ms
[200.171s][info   ][gc,stats    ]    Subphase: Pause Roots ObjectSynchronizer                0.000 / 0.000         0.002 / 0.011         0.002 / 0.011         0.002 / 0.011       ms
[200.171s][info   ][gc,stats    ]    Subphase: Pause Roots Setup                             0.000 / 0.000         0.001 / 0.002         0.001 / 0.002         0.001 / 0.002       ms
[200.171s][info   ][gc,stats    ]    Subphase: Pause Roots SystemDictionary                  0.000 / 0.000         0.123 / 0.734         0.123 / 0.734         0.123 / 0.734       ms
[200.171s][info   ][gc,stats    ]    Subphase: Pause Roots Teardown                          0.000 / 0.000         0.004 / 0.009         0.004 / 0.009         0.004 / 0.009       ms
[200.171s][info   ][gc,stats    ]    Subphase: Pause Roots Threads                           0.000 / 0.000         0.103 / 1.042         0.103 / 1.042         0.103 / 1.042       ms
[200.171s][info   ][gc,stats    ]    Subphase: Pause Roots Universe                          0.000 / 0.000         0.054 / 0.626         0.054 / 0.626         0.054 / 0.626       ms
[200.171s][info   ][gc,stats    ]    Subphase: Pause Weak Roots                              0.000 / 0.000         0.001 / 0.007         0.001 / 0.007         0.001 / 0.007       ms
[200.171s][info   ][gc,stats    ]    Subphase: Pause Weak Roots JFRWeak                      0.000 / 0.000         0.001 / 0.001         0.001 / 0.001         0.001 / 0.001       ms
[200.171s][info   ][gc,stats    ]    Subphase: Pause Weak Roots JVMTIWeakExport              0.000 / 0.000         0.001 / 0.001         0.001 / 0.001         0.001 / 0.001       ms
[200.171s][info   ][gc,stats    ]    Subphase: Pause Weak Roots Setup                        0.000 / 0.000         0.001 / 0.001         0.001 / 0.001         0.001 / 0.001       ms
[200.171s][info   ][gc,stats    ]    Subphase: Pause Weak Roots Teardown                     0.000 / 0.000         0.001 / 0.002         0.001 / 0.002         0.001 / 0.002       ms
[200.171s][info   ][gc,stats    ]      System: Java Threads                                      0 / 0                52 / 65               52 / 65               52 / 65          threads
[200.171s][info   ][gc,stats    ] =========================================================================================================================================================
[210.169s][info   ][gc,stats    ] === Garbage Collection Statistics =======================================================================================================================
[210.170s][info   ][gc,stats    ]                                                              Last 10s              Last 10m              Last 10h                Total
[210.170s][info   ][gc,stats    ]                                                              Avg / Max             Avg / Max             Avg / Max             Avg / Max
[210.170s][info   ][gc,stats    ]   Collector: Garbage Collection Cycle                      0.000 / 0.000       355.677 / 515.532     355.677 / 515.532     355.677 / 515.532     ms
[210.170s][info   ][gc,stats    ]  Contention: Mark Segment Reset Contention                     0 / 0                16 / 850              16 / 850              16 / 850         ops/s
[210.170s][info   ][gc,stats    ]  Contention: Mark SeqNum Reset Contention                      0 / 0                 0 / 9                 0 / 9                 0 / 9           ops/s
[210.170s][info   ][gc,stats    ]  Contention: Relocation Contention                             0 / 0                 0 / 9                 0 / 9                 0 / 9           ops/s
[210.170s][info   ][gc,stats    ]    Critical: Allocation Stall                              0.000 / 0.000         0.000 / 0.000         0.000 / 0.000         0.000 / 0.000       ms
[210.170s][info   ][gc,stats    ]    Critical: Allocation Stall                                  0 / 0                 0 / 0                 0 / 0                 0 / 0           ops/s
[210.170s][info   ][gc,stats    ]    Critical: GC Locker Stall                               0.000 / 0.000         0.000 / 0.000         0.000 / 0.000         0.000 / 0.000       ms
[210.170s][info   ][gc,stats    ]    Critical: GC Locker Stall                                   0 / 0                 0 / 0                 0 / 0                 0 / 0           ops/s
[210.170s][info   ][gc,stats    ]      Memory: Allocation Rate                                 605 / 638             607 / 1436            607 / 1436            607 / 1436        MB/s
[210.170s][info   ][gc,stats    ]      Memory: Heap Used After Mark                              0 / 0             18418 / 30288         18418 / 30288         18418 / 30288       MB
[210.170s][info   ][gc,stats    ]      Memory: Heap Used After Relocation                        0 / 0              2884 / 4228           2884 / 4228           2884 / 4228        MB
[210.170s][info   ][gc,stats    ]      Memory: Heap Used Before Mark                             0 / 0             18268 / 30112         18268 / 30112         18268 / 30112       MB
[210.170s][info   ][gc,stats    ]      Memory: Heap Used Before Relocation                       0 / 0             12367 / 20378         12367 / 20378         12367 / 20378       MB
[210.170s][info   ][gc,stats    ]      Memory: Out Of Memory                                     0 / 0                 0 / 0                 0 / 0                 0 / 0           ops/s
[210.170s][info   ][gc,stats    ]      Memory: Page Cache Flush                                  0 / 0                 0 / 0                 0 / 0                 0 / 0           MB/s
[210.170s][info   ][gc,stats    ]      Memory: Page Cache Hit L1                               292 / 319             248 / 1642            248 / 1642            248 / 1642        ops/s
[210.170s][info   ][gc,stats    ]      Memory: Page Cache Hit L2                                 0 / 0                 2 / 179               2 / 179               2 / 179         ops/s
[210.170s][info   ][gc,stats    ]      Memory: Page Cache Miss                                   0 / 0                69 / 341              69 / 341              69 / 341         ops/s
[210.170s][info   ][gc,stats    ]      Memory: Undo Object Allocation Failed                     0 / 0                 0 / 0                 0 / 0                 0 / 0           ops/s
[210.170s][info   ][gc,stats    ]      Memory: Undo Object Allocation Succeeded                  0 / 0                 0 / 9                 0 / 9                 0 / 9           ops/s
[210.170s][info   ][gc,stats    ]      Memory: Undo Page Allocation                              0 / 0                 0 / 69                0 / 69                0 / 69          ops/s
[210.170s][info   ][gc,stats    ]       Phase: Concurrent Destroy Detached Pages             0.000 / 0.000         0.001 / 0.001         0.001 / 0.001         0.001 / 0.001       ms
[210.170s][info   ][gc,stats    ]       Phase: Concurrent Mark                               0.000 / 0.000       181.822 / 275.553     181.822 / 275.553     181.822 / 275.553     ms
[210.170s][info   ][gc,stats    ]       Phase: Concurrent Mark Continue                      0.000 / 0.000         1.416 / 1.416         1.416 / 1.416         1.416 / 1.416       ms
[210.170s][info   ][gc,stats    ]       Phase: Concurrent Prepare Relocation Set             0.000 / 0.000        47.506 / 89.649       47.506 / 89.649       47.506 / 89.649      ms
[210.170s][info   ][gc,stats    ]       Phase: Concurrent Process Non-Strong References      0.000 / 0.000         6.092 / 19.270        6.092 / 19.270        6.092 / 19.270      ms
[210.170s][info   ][gc,stats    ]       Phase: Concurrent Relocate                           0.000 / 0.000       106.511 / 165.671     106.511 / 165.671     106.511 / 165.671     ms
[210.170s][info   ][gc,stats    ]       Phase: Concurrent Reset Relocation Set               0.000 / 0.000         4.752 / 14.653        4.752 / 14.653        4.752 / 14.653      ms
[210.170s][info   ][gc,stats    ]       Phase: Concurrent Select Relocation Set              0.000 / 0.000         5.623 / 12.148        5.623 / 12.148        5.623 / 12.148      ms
[210.170s][info   ][gc,stats    ]       Phase: Pause Mark End                                0.000 / 0.000         0.815 / 1.253         0.815 / 1.253         0.815 / 1.253       ms
[210.170s][info   ][gc,stats    ]       Phase: Pause Mark Start                              0.000 / 0.000         0.692 / 1.400         0.692 / 1.400         0.692 / 1.400       ms
[210.170s][info   ][gc,stats    ]       Phase: Pause Relocate Start                          0.000 / 0.000         0.313 / 1.025         0.313 / 1.025         0.313 / 1.025       ms
[210.170s][info   ][gc,stats    ]       Phase: Pause Verify                                  0.000 / 0.000         0.000 / 0.000         0.000 / 0.000         0.000 / 0.000       ms
[210.170s][info   ][gc,stats    ]    Subphase: Concurrent Classes Unload                     0.000 / 0.000         5.513 / 18.723        5.513 / 18.723        5.513 / 18.723      ms
[210.170s][info   ][gc,stats    ]    Subphase: Concurrent Mark                               0.000 / 0.000       157.116 / 273.889     157.116 / 273.889     157.116 / 273.889     ms
[210.170s][info   ][gc,stats    ]    Subphase: Concurrent Mark Idle                          0.000 / 0.000         1.136 / 1.194         1.136 / 1.194         1.136 / 1.194       ms
[210.170s][info   ][gc,stats    ]    Subphase: Concurrent Mark Try Flush                     0.000 / 0.000         0.086 / 0.545         0.086 / 0.545         0.086 / 0.545       ms
[210.170s][info   ][gc,stats    ]    Subphase: Concurrent Mark Try Terminate                 0.000 / 0.000         1.133 / 1.197         1.133 / 1.197         1.133 / 1.197       ms
[210.170s][info   ][gc,stats    ]    Subphase: Concurrent References Enqueue                 0.000 / 0.000         0.005 / 0.007         0.005 / 0.007         0.005 / 0.007       ms
[210.170s][info   ][gc,stats    ]    Subphase: Concurrent References Process                 0.000 / 0.000         0.076 / 0.140         0.076 / 0.140         0.076 / 0.140       ms
[210.170s][info   ][gc,stats    ]    Subphase: Concurrent Roots                              0.000 / 0.000         0.165 / 2.807         0.165 / 2.807         0.165 / 2.807       ms
[210.170s][info   ][gc,stats    ]    Subphase: Concurrent Roots ClassLoaderDataGraph         0.000 / 0.000         0.164 / 2.804         0.164 / 2.804         0.164 / 2.804       ms
[210.170s][info   ][gc,stats    ]    Subphase: Concurrent Roots JNIHandles                   0.000 / 0.000         0.090 / 0.551         0.090 / 0.551         0.090 / 0.551       ms
[210.170s][info   ][gc,stats    ]    Subphase: Concurrent Roots Setup                        0.000 / 0.000         0.567 / 1.622         0.567 / 1.622         0.567 / 1.622       ms
[210.170s][info   ][gc,stats    ]    Subphase: Concurrent Roots Teardown                     0.000 / 0.000         0.001 / 0.001         0.001 / 0.001         0.001 / 0.001       ms
[210.170s][info   ][gc,stats    ]    Subphase: Concurrent Weak Roots                         0.000 / 0.000         0.399 / 1.376         0.399 / 1.376         0.399 / 1.376       ms
[210.170s][info   ][gc,stats    ]    Subphase: Concurrent Weak Roots JNIWeakHandles          0.000 / 0.000         0.004 / 0.073         0.004 / 0.073         0.004 / 0.073       ms
[210.170s][info   ][gc,stats    ]    Subphase: Concurrent Weak Roots StringTable             0.000 / 0.000         0.373 / 1.327         0.373 / 1.327         0.373 / 1.327       ms
[210.170s][info   ][gc,stats    ]    Subphase: Concurrent Weak Roots VMWeakHandles           0.000 / 0.000         0.024 / 0.051         0.024 / 0.051         0.024 / 0.051       ms
[210.170s][info   ][gc,stats    ]    Subphase: Pause Mark Try Complete                       0.000 / 0.000         0.233 / 1.009         0.233 / 1.009         0.233 / 1.009       ms
[210.170s][info   ][gc,stats    ]    Subphase: Pause Roots                                   0.000 / 0.000         0.081 / 1.060         0.081 / 1.060         0.081 / 1.060       ms
[210.170s][info   ][gc,stats    ]    Subphase: Pause Roots CodeCache                         0.000 / 0.000         0.000 / 0.000         0.000 / 0.000         0.000 / 0.000       ms
[210.170s][info   ][gc,stats    ]    Subphase: Pause Roots JVMTIExport                       0.000 / 0.000         0.002 / 0.017         0.002 / 0.017         0.002 / 0.017       ms
[210.170s][info   ][gc,stats    ]    Subphase: Pause Roots JVMTIWeakExport                   0.000 / 0.000         0.001 / 0.001         0.001 / 0.001         0.001 / 0.001       ms
[210.170s][info   ][gc,stats    ]    Subphase: Pause Roots Management                        0.000 / 0.000         0.037 / 0.430         0.037 / 0.430         0.037 / 0.430       ms
[210.170s][info   ][gc,stats    ]    Subphase: Pause Roots ObjectSynchronizer                0.000 / 0.000         0.002 / 0.011         0.002 / 0.011         0.002 / 0.011       ms
[210.170s][info   ][gc,stats    ]    Subphase: Pause Roots Setup                             0.000 / 0.000         0.001 / 0.002         0.001 / 0.002         0.001 / 0.002       ms
[210.170s][info   ][gc,stats    ]    Subphase: Pause Roots SystemDictionary                  0.000 / 0.000         0.123 / 0.734         0.123 / 0.734         0.123 / 0.734       ms
[210.170s][info   ][gc,stats    ]    Subphase: Pause Roots Teardown                          0.000 / 0.000         0.004 / 0.009         0.004 / 0.009         0.004 / 0.009       ms
[210.170s][info   ][gc,stats    ]    Subphase: Pause Roots Threads                           0.000 / 0.000         0.103 / 1.042         0.103 / 1.042         0.103 / 1.042       ms
[210.170s][info   ][gc,stats    ]    Subphase: Pause Roots Universe                          0.000 / 0.000         0.054 / 0.626         0.054 / 0.626         0.054 / 0.626       ms
[210.170s][info   ][gc,stats    ]    Subphase: Pause Weak Roots                              0.000 / 0.000         0.001 / 0.007         0.001 / 0.007         0.001 / 0.007       ms
[210.170s][info   ][gc,stats    ]    Subphase: Pause Weak Roots JFRWeak                      0.000 / 0.000         0.001 / 0.001         0.001 / 0.001         0.001 / 0.001       ms
[210.170s][info   ][gc,stats    ]    Subphase: Pause Weak Roots JVMTIWeakExport              0.000 / 0.000         0.001 / 0.001         0.001 / 0.001         0.001 / 0.001       ms
[210.170s][info   ][gc,stats    ]    Subphase: Pause Weak Roots Setup                        0.000 / 0.000         0.001 / 0.001         0.001 / 0.001         0.001 / 0.001       ms
[210.170s][info   ][gc,stats    ]    Subphase: Pause Weak Roots Teardown                     0.000 / 0.000         0.001 / 0.002         0.001 / 0.002         0.001 / 0.002       ms
[210.170s][info   ][gc,stats    ]      System: Java Threads                                      0 / 0                52 / 65               52 / 65               52 / 65          threads
[210.170s][info   ][gc,stats    ] =========================================================================================================================================================
[213.669s][info   ][gc,start    ] GC(7) Garbage Collection (Proactive)
[213.670s][info   ][gc,phases   ] GC(7) Pause Mark Start 0.379ms
[213.917s][info   ][gc,phases   ] GC(7) Concurrent Mark 246.725ms
[213.918s][info   ][gc,phases   ] GC(7) Pause Mark End 1.081ms
[213.920s][info   ][gc,phases   ] GC(7) Concurrent Process Non-Strong References 2.337ms
[213.926s][info   ][gc,phases   ] GC(7) Concurrent Reset Relocation Set 5.106ms
[213.926s][info   ][gc,phases   ] GC(7) Concurrent Destroy Detached Pages 0.001ms
[213.933s][info   ][gc,phases   ] GC(7) Concurrent Select Relocation Set 7.228ms
[213.966s][info   ][gc,phases   ] GC(7) Concurrent Prepare Relocation Set 32.828ms
[213.966s][info   ][gc,phases   ] GC(7) Pause Relocate Start 0.179ms
[214.061s][info   ][gc,phases   ] GC(7) Concurrent Relocate 94.571ms
[214.061s][info   ][gc,load     ] GC(7) Load: 3.33/1.86/0.77
[214.061s][info   ][gc,mmu      ] GC(7) MMU: 2ms/30.0%, 5ms/69.9%, 10ms/81.7%, 20ms/87.7%, 50ms/95.1%, 100ms/97.5%
[214.061s][info   ][gc,marking  ] GC(7) Mark: 8 stripe(s), 10 proactive flush(es), 1 terminate flush(es), 1 completion(s), 0 continuation(s) 
[214.061s][info   ][gc,reloc    ] GC(7) Relocation: Successful, 1677M relocated
[214.061s][info   ][gc,nmethod  ] GC(7) NMethods: 5906 registered, 667 unregistered
[214.061s][info   ][gc,metaspace] GC(7) Metaspace: 40M used, 41M capacity, 41M committed, 42M reserved
[214.061s][info   ][gc,ref      ] GC(7) Soft: 3327 encountered, 0 discovered, 0 enqueued
[214.061s][info   ][gc,ref      ] GC(7) Weak: 1530 encountered, 523 discovered, 0 enqueued
[214.061s][info   ][gc,ref      ] GC(7) Final: 33 encountered, 6 discovered, 6 enqueued
[214.061s][info   ][gc,ref      ] GC(7) Phantom: 120 encountered, 92 discovered, 0 enqueued
[214.061s][info   ][gc,heap     ] GC(7)                Mark Start          Mark End        Relocate Start      Relocate End           High               Low         
[214.061s][info   ][gc,heap     ] GC(7)  Capacity:    30390M (30%)       30390M (30%)       30390M (30%)       30390M (30%)       30390M (30%)       30390M (30%)    
[214.061s][info   ][gc,heap     ] GC(7)   Reserve:       80M (0%)           80M (0%)           80M (0%)           80M (0%)           80M (0%)           80M (0%)     
[214.061s][info   ][gc,heap     ] GC(7)      Free:    80174M (80%)       79984M (80%)       86772M (86%)       96336M (96%)       96336M (96%)       79982M (80%)    
[214.061s][info   ][gc,heap     ] GC(7)      Used:    20098M (20%)       20288M (20%)       13500M (13%)        3936M (4%)        20290M (20%)        3936M (4%)     
[214.061s][info   ][gc,heap     ] GC(7)      Live:         -              3497M (3%)         3497M (3%)         3497M (3%)             -                  -          
[214.061s][info   ][gc,heap     ] GC(7) Allocated:         -               190M (0%)          228M (0%)         1926M (2%)             -                  -          
[214.061s][info   ][gc,heap     ] GC(7)   Garbage:         -             16600M (17%)        9774M (10%)         162M (0%)             -                  -          
[214.061s][info   ][gc,heap     ] GC(7) Reclaimed:         -                  -              6826M (7%)        16438M (16%)            -                  -          
[214.061s][info   ][gc          ] GC(7) Garbage Collection (Proactive) 20098M(20%)->3936M(4%)
[220.169s][info   ][gc,stats    ] === Garbage Collection Statistics =======================================================================================================================
[220.169s][info   ][gc,stats    ]                                                              Last 10s              Last 10m              Last 10h                Total
[220.169s][info   ][gc,stats    ]                                                              Avg / Max             Avg / Max             Avg / Max             Avg / Max
[220.170s][info   ][gc,stats    ]   Collector: Garbage Collection Cycle                    391.580 / 391.580     360.165 / 515.532     360.165 / 515.532     360.165 / 515.532     ms
[220.170s][info   ][gc,stats    ]  Contention: Mark Segment Reset Contention                    31 / 319              16 / 850              16 / 850              16 / 850         ops/s
[220.170s][info   ][gc,stats    ]  Contention: Mark SeqNum Reset Contention                      0 / 1                 0 / 9                 0 / 9                 0 / 9           ops/s
[220.170s][info   ][gc,stats    ]  Contention: Relocation Contention                             0 / 3                 0 / 9                 0 / 9                 0 / 9           ops/s
[220.170s][info   ][gc,stats    ]    Critical: Allocation Stall                              0.000 / 0.000         0.000 / 0.000         0.000 / 0.000         0.000 / 0.000       ms
[220.170s][info   ][gc,stats    ]    Critical: Allocation Stall                                  0 / 0                 0 / 0                 0 / 0                 0 / 0           ops/s
[220.170s][info   ][gc,stats    ]    Critical: GC Locker Stall                               0.000 / 0.000         0.000 / 0.000         0.000 / 0.000         0.000 / 0.000       ms
[220.170s][info   ][gc,stats    ]    Critical: GC Locker Stall                                   0 / 0                 0 / 0                 0 / 0                 0 / 0           ops/s
[220.170s][info   ][gc,stats    ]      Memory: Allocation Rate                                 624 / 666             608 / 1436            608 / 1436            608 / 1436        MB/s
[220.170s][info   ][gc,stats    ]      Memory: Heap Used After Mark                          20288 / 20288         18652 / 30288         18652 / 30288         18652 / 30288       MB
[220.170s][info   ][gc,stats    ]      Memory: Heap Used After Relocation                     3936 / 3936           3015 / 4228           3015 / 4228           3015 / 4228        MB
[220.170s][info   ][gc,stats    ]      Memory: Heap Used Before Mark                         20098 / 20098         18497 / 30112         18497 / 30112         18497 / 30112       MB
[220.170s][info   ][gc,stats    ]      Memory: Heap Used Before Relocation                   13500 / 13500         12508 / 20378         12508 / 20378         12508 / 20378       MB
[220.170s][info   ][gc,stats    ]      Memory: Out Of Memory                                     0 / 0                 0 / 0                 0 / 0                 0 / 0           ops/s
[220.170s][info   ][gc,stats    ]      Memory: Page Cache Flush                                  0 / 0                 0 / 0                 0 / 0                 0 / 0           MB/s
[220.170s][info   ][gc,stats    ]      Memory: Page Cache Hit L1                               382 / 1122            254 / 1642            254 / 1642            254 / 1642        ops/s
[220.170s][info   ][gc,stats    ]      Memory: Page Cache Hit L2                                 0 / 0                 2 / 179               2 / 179               2 / 179         ops/s
[220.170s][info   ][gc,stats    ]      Memory: Page Cache Miss                                   0 / 0                66 / 341              66 / 341              66 / 341         ops/s
[220.170s][info   ][gc,stats    ]      Memory: Undo Object Allocation Failed                     0 / 0                 0 / 0                 0 / 0                 0 / 0           ops/s
[220.170s][info   ][gc,stats    ]      Memory: Undo Object Allocation Succeeded                  0 / 3                 0 / 9                 0 / 9                 0 / 9           ops/s
[220.170s][info   ][gc,stats    ]      Memory: Undo Page Allocation                              0 / 0                 0 / 69                0 / 69                0 / 69          ops/s
[220.170s][info   ][gc,stats    ]       Phase: Concurrent Destroy Detached Pages             0.001 / 0.001         0.001 / 0.001         0.001 / 0.001         0.001 / 0.001       ms
[220.170s][info   ][gc,stats    ]       Phase: Concurrent Mark                             246.725 / 246.725     189.935 / 275.553     189.935 / 275.553     189.935 / 275.553     ms
[220.170s][info   ][gc,stats    ]       Phase: Concurrent Mark Continue                      0.000 / 0.000         1.416 / 1.416         1.416 / 1.416         1.416 / 1.416       ms
[220.170s][info   ][gc,stats    ]       Phase: Concurrent Prepare Relocation Set            32.828 / 32.828       45.671 / 89.649       45.671 / 89.649       45.671 / 89.649      ms
[220.170s][info   ][gc,stats    ]       Phase: Concurrent Process Non-Strong References      2.337 / 2.337         5.623 / 19.270        5.623 / 19.270        5.623 / 19.270      ms
[220.170s][info   ][gc,stats    ]       Phase: Concurrent Relocate                          94.571 / 94.571      105.018 / 165.671     105.018 / 165.671     105.018 / 165.671     ms
[220.170s][info   ][gc,stats    ]       Phase: Concurrent Reset Relocation Set               5.106 / 5.106         4.796 / 14.653        4.796 / 14.653        4.796 / 14.653      ms
[220.170s][info   ][gc,stats    ]       Phase: Concurrent Select Relocation Set              7.228 / 7.228         5.824 / 12.148        5.824 / 12.148        5.824 / 12.148      ms
[220.170s][info   ][gc,stats    ]       Phase: Pause Mark End                                1.081 / 1.081         0.844 / 1.253         0.844 / 1.253         0.844 / 1.253       ms
[220.170s][info   ][gc,stats    ]       Phase: Pause Mark Start                              0.379 / 0.379         0.653 / 1.400         0.653 / 1.400         0.653 / 1.400       ms
[220.170s][info   ][gc,stats    ]       Phase: Pause Relocate Start                          0.179 / 0.179         0.297 / 1.025         0.297 / 1.025         0.297 / 1.025       ms
[220.170s][info   ][gc,stats    ]       Phase: Pause Verify                                  0.000 / 0.000         0.000 / 0.000         0.000 / 0.000         0.000 / 0.000       ms
[220.170s][info   ][gc,stats    ]    Subphase: Concurrent Classes Unload                     1.940 / 1.940         5.066 / 18.723        5.066 / 18.723        5.066 / 18.723      ms
[220.170s][info   ][gc,stats    ]    Subphase: Concurrent Mark                             244.548 / 245.050     166.830 / 273.889     166.830 / 273.889     166.830 / 273.889     ms
[220.170s][info   ][gc,stats    ]    Subphase: Concurrent Mark Idle                          1.136 / 1.178         1.136 / 1.194         1.136 / 1.194         1.136 / 1.194       ms
[220.170s][info   ][gc,stats    ]    Subphase: Concurrent Mark Try Flush                     0.104 / 0.166         0.088 / 0.545         0.088 / 0.545         0.088 / 0.545       ms
[220.170s][info   ][gc,stats    ]    Subphase: Concurrent Mark Try Terminate                 1.136 / 1.196         1.133 / 1.197         1.133 / 1.197         1.133 / 1.197       ms
[220.170s][info   ][gc,stats    ]    Subphase: Concurrent References Enqueue                 0.005 / 0.005         0.005 / 0.007         0.005 / 0.007         0.005 / 0.007       ms
[220.170s][info   ][gc,stats    ]    Subphase: Concurrent References Process                 0.067 / 0.067         0.075 / 0.140         0.075 / 0.140         0.075 / 0.140       ms
[220.170s][info   ][gc,stats    ]    Subphase: Concurrent Roots                              0.149 / 1.098         0.163 / 2.807         0.163 / 2.807         0.163 / 2.807       ms
[220.170s][info   ][gc,stats    ]    Subphase: Concurrent Roots ClassLoaderDataGraph         0.153 / 1.064         0.163 / 2.804         0.163 / 2.804         0.163 / 2.804       ms
[220.170s][info   ][gc,stats    ]    Subphase: Concurrent Roots JNIHandles                   0.095 / 0.271         0.091 / 0.551         0.091 / 0.551         0.091 / 0.551       ms
[220.170s][info   ][gc,stats    ]    Subphase: Concurrent Roots Setup                        0.326 / 0.326         0.537 / 1.622         0.537 / 1.622         0.537 / 1.622       ms
[220.170s][info   ][gc,stats    ]    Subphase: Concurrent Roots Teardown                     0.001 / 0.001         0.001 / 0.001         0.001 / 0.001         0.001 / 0.001       ms
[220.170s][info   ][gc,stats    ]    Subphase: Concurrent Weak Roots                         0.251 / 0.267         0.381 / 1.376         0.381 / 1.376         0.381 / 1.376       ms
[220.170s][info   ][gc,stats    ]    Subphase: Concurrent Weak Roots JNIWeakHandles          0.003 / 0.013         0.004 / 0.073         0.004 / 0.073         0.004 / 0.073       ms
[220.170s][info   ][gc,stats    ]    Subphase: Concurrent Weak Roots StringTable             0.221 / 0.247         0.354 / 1.327         0.354 / 1.327         0.354 / 1.327       ms
[220.170s][info   ][gc,stats    ]    Subphase: Concurrent Weak Roots VMWeakHandles           0.025 / 0.037         0.024 / 0.051         0.024 / 0.051         0.024 / 0.051       ms
[220.170s][info   ][gc,stats    ]    Subphase: Pause Mark Try Complete                       0.277 / 0.786         0.238 / 1.009         0.238 / 1.009         0.238 / 1.009       ms
[220.170s][info   ][gc,stats    ]    Subphase: Pause Roots                                   0.056 / 0.247         0.078 / 1.060         0.078 / 1.060         0.078 / 1.060       ms
[220.170s][info   ][gc,stats    ]    Subphase: Pause Roots CodeCache                         0.000 / 0.000         0.000 / 0.000         0.000 / 0.000         0.000 / 0.000       ms
[220.170s][info   ][gc,stats    ]    Subphase: Pause Roots JVMTIExport                       0.001 / 0.002         0.002 / 0.017         0.002 / 0.017         0.002 / 0.017       ms
[220.170s][info   ][gc,stats    ]    Subphase: Pause Roots JVMTIWeakExport                   0.001 / 0.001         0.001 / 0.001         0.001 / 0.001         0.001 / 0.001       ms
[220.170s][info   ][gc,stats    ]    Subphase: Pause Roots Management                        0.006 / 0.009         0.033 / 0.430         0.033 / 0.430         0.033 / 0.430       ms
[220.170s][info   ][gc,stats    ]    Subphase: Pause Roots ObjectSynchronizer                0.001 / 0.001         0.002 / 0.011         0.002 / 0.011         0.002 / 0.011       ms
[220.170s][info   ][gc,stats    ]    Subphase: Pause Roots Setup                             0.001 / 0.001         0.001 / 0.002         0.001 / 0.002         0.001 / 0.002       ms
[220.170s][info   ][gc,stats    ]    Subphase: Pause Roots SystemDictionary                  0.039 / 0.043         0.113 / 0.734         0.113 / 0.734         0.113 / 0.734       ms
[220.170s][info   ][gc,stats    ]    Subphase: Pause Roots Teardown                          0.006 / 0.009         0.004 / 0.009         0.004 / 0.009         0.004 / 0.009       ms
[220.170s][info   ][gc,stats    ]    Subphase: Pause Roots Threads                           0.063 / 0.228         0.097 / 1.042         0.097 / 1.042         0.097 / 1.042       ms
[220.170s][info   ][gc,stats    ]    Subphase: Pause Roots Universe                          0.005 / 0.005         0.048 / 0.626         0.048 / 0.626         0.048 / 0.626       ms
[220.170s][info   ][gc,stats    ]    Subphase: Pause Weak Roots                              0.001 / 0.005         0.001 / 0.007         0.001 / 0.007         0.001 / 0.007       ms
[220.170s][info   ][gc,stats    ]    Subphase: Pause Weak Roots JFRWeak                      0.001 / 0.001         0.001 / 0.001         0.001 / 0.001         0.001 / 0.001       ms
[220.170s][info   ][gc,stats    ]    Subphase: Pause Weak Roots JVMTIWeakExport              0.001 / 0.001         0.001 / 0.001         0.001 / 0.001         0.001 / 0.001       ms
[220.170s][info   ][gc,stats    ]    Subphase: Pause Weak Roots Setup                        0.001 / 0.001         0.001 / 0.001         0.001 / 0.001         0.001 / 0.001       ms
[220.170s][info   ][gc,stats    ]    Subphase: Pause Weak Roots Teardown                     0.001 / 0.001         0.001 / 0.002         0.001 / 0.002         0.001 / 0.002       ms
[220.170s][info   ][gc,stats    ]      System: Java Threads                                     62 / 62               53 / 65               53 / 65               53 / 65          threads
[220.170s][info   ][gc,stats    ] =========================================================================================================================================================
[230.170s][info   ][gc,stats    ] === Garbage Collection Statistics =======================================================================================================================
[230.170s][info   ][gc,stats    ]                                                              Last 10s              Last 10m              Last 10h                Total
[230.170s][info   ][gc,stats    ]                                                              Avg / Max             Avg / Max             Avg / Max             Avg / Max
[230.170s][info   ][gc,stats    ]   Collector: Garbage Collection Cycle                      0.000 / 0.000       360.165 / 515.532     360.165 / 515.532     360.165 / 515.532     ms
[230.170s][info   ][gc,stats    ]  Contention: Mark Segment Reset Contention                     0 / 0                16 / 850              16 / 850              16 / 850         ops/s
[230.170s][info   ][gc,stats    ]  Contention: Mark SeqNum Reset Contention                      0 / 0                 0 / 9                 0 / 9                 0 / 9           ops/s
[230.170s][info   ][gc,stats    ]  Contention: Relocation Contention                             0 / 0                 0 / 9                 0 / 9                 0 / 9           ops/s
[230.170s][info   ][gc,stats    ]    Critical: Allocation Stall                              0.000 / 0.000         0.000 / 0.000         0.000 / 0.000         0.000 / 0.000       ms
[230.170s][info   ][gc,stats    ]    Critical: Allocation Stall                                  0 / 0                 0 / 0                 0 / 0                 0 / 0           ops/s
[230.170s][info   ][gc,stats    ]    Critical: GC Locker Stall                               0.000 / 0.000         0.000 / 0.000         0.000 / 0.000         0.000 / 0.000       ms
[230.170s][info   ][gc,stats    ]    Critical: GC Locker Stall                                   0 / 0                 0 / 0                 0 / 0                 0 / 0           ops/s
[230.170s][info   ][gc,stats    ]      Memory: Allocation Rate                                 615 / 694             608 / 1436            608 / 1436            608 / 1436        MB/s
[230.170s][info   ][gc,stats    ]      Memory: Heap Used After Mark                              0 / 0             18652 / 30288         18652 / 30288         18652 / 30288       MB
[230.170s][info   ][gc,stats    ]      Memory: Heap Used After Relocation                        0 / 0              3015 / 4228           3015 / 4228           3015 / 4228        MB
[230.170s][info   ][gc,stats    ]      Memory: Heap Used Before Mark                             0 / 0             18497 / 30112         18497 / 30112         18497 / 30112       MB
[230.170s][info   ][gc,stats    ]      Memory: Heap Used Before Relocation                       0 / 0             12508 / 20378         12508 / 20378         12508 / 20378       MB
[230.170s][info   ][gc,stats    ]      Memory: Out Of Memory                                     0 / 0                 0 / 0                 0 / 0                 0 / 0           ops/s
[230.170s][info   ][gc,stats    ]      Memory: Page Cache Flush                                  0 / 0                 0 / 0                 0 / 0                 0 / 0           MB/s
[230.170s][info   ][gc,stats    ]      Memory: Page Cache Hit L1                               297 / 347             256 / 1642            256 / 1642            256 / 1642        ops/s
[230.170s][info   ][gc,stats    ]      Memory: Page Cache Hit L2                                 0 / 0                 2 / 179               2 / 179               2 / 179         ops/s
[230.170s][info   ][gc,stats    ]      Memory: Page Cache Miss                                   0 / 0                63 / 341              63 / 341              63 / 341         ops/s
[230.170s][info   ][gc,stats    ]      Memory: Undo Object Allocation Failed                     0 / 0                 0 / 0                 0 / 0                 0 / 0           ops/s
[230.170s][info   ][gc,stats    ]      Memory: Undo Object Allocation Succeeded                  0 / 0                 0 / 9                 0 / 9                 0 / 9           ops/s
[230.170s][info   ][gc,stats    ]      Memory: Undo Page Allocation                              0 / 0                 0 / 69                0 / 69                0 / 69          ops/s
[230.170s][info   ][gc,stats    ]       Phase: Concurrent Destroy Detached Pages             0.000 / 0.000         0.001 / 0.001         0.001 / 0.001         0.001 / 0.001       ms
[230.170s][info   ][gc,stats    ]       Phase: Concurrent Mark                               0.000 / 0.000       189.935 / 275.553     189.935 / 275.553     189.935 / 275.553     ms
[230.170s][info   ][gc,stats    ]       Phase: Concurrent Mark Continue                      0.000 / 0.000         1.416 / 1.416         1.416 / 1.416         1.416 / 1.416       ms
[230.170s][info   ][gc,stats    ]       Phase: Concurrent Prepare Relocation Set             0.000 / 0.000        45.671 / 89.649       45.671 / 89.649       45.671 / 89.649      ms
[230.171s][info   ][gc,stats    ]       Phase: Concurrent Process Non-Strong References      0.000 / 0.000         5.623 / 19.270        5.623 / 19.270        5.623 / 19.270      ms
[230.171s][info   ][gc,stats    ]       Phase: Concurrent Relocate                           0.000 / 0.000       105.018 / 165.671     105.018 / 165.671     105.018 / 165.671     ms
[230.171s][info   ][gc,stats    ]       Phase: Concurrent Reset Relocation Set               0.000 / 0.000         4.796 / 14.653        4.796 / 14.653        4.796 / 14.653      ms
[230.171s][info   ][gc,stats    ]       Phase: Concurrent Select Relocation Set              0.000 / 0.000         5.824 / 12.148        5.824 / 12.148        5.824 / 12.148      ms
[230.171s][info   ][gc,stats    ]       Phase: Pause Mark End                                0.000 / 0.000         0.844 / 1.253         0.844 / 1.253         0.844 / 1.253       ms
[230.171s][info   ][gc,stats    ]       Phase: Pause Mark Start                              0.000 / 0.000         0.653 / 1.400         0.653 / 1.400         0.653 / 1.400       ms
[230.171s][info   ][gc,stats    ]       Phase: Pause Relocate Start                          0.000 / 0.000         0.297 / 1.025         0.297 / 1.025         0.297 / 1.025       ms
[230.171s][info   ][gc,stats    ]       Phase: Pause Verify                                  0.000 / 0.000         0.000 / 0.000         0.000 / 0.000         0.000 / 0.000       ms
[230.171s][info   ][gc,stats    ]    Subphase: Concurrent Classes Unload                     0.000 / 0.000         5.066 / 18.723        5.066 / 18.723        5.066 / 18.723      ms
[230.171s][info   ][gc,stats    ]    Subphase: Concurrent Mark                               0.000 / 0.000       166.830 / 273.889     166.830 / 273.889     166.830 / 273.889     ms
[230.171s][info   ][gc,stats    ]    Subphase: Concurrent Mark Idle                          0.000 / 0.000         1.136 / 1.194         1.136 / 1.194         1.136 / 1.194       ms
[230.171s][info   ][gc,stats    ]    Subphase: Concurrent Mark Try Flush                     0.000 / 0.000         0.088 / 0.545         0.088 / 0.545         0.088 / 0.545       ms
[230.171s][info   ][gc,stats    ]    Subphase: Concurrent Mark Try Terminate                 0.000 / 0.000         1.133 / 1.197         1.133 / 1.197         1.133 / 1.197       ms
[230.171s][info   ][gc,stats    ]    Subphase: Concurrent References Enqueue                 0.000 / 0.000         0.005 / 0.007         0.005 / 0.007         0.005 / 0.007       ms
[230.171s][info   ][gc,stats    ]    Subphase: Concurrent References Process                 0.000 / 0.000         0.075 / 0.140         0.075 / 0.140         0.075 / 0.140       ms
[230.171s][info   ][gc,stats    ]    Subphase: Concurrent Roots                              0.000 / 0.000         0.163 / 2.807         0.163 / 2.807         0.163 / 2.807       ms
[230.171s][info   ][gc,stats    ]    Subphase: Concurrent Roots ClassLoaderDataGraph         0.000 / 0.000         0.163 / 2.804         0.163 / 2.804         0.163 / 2.804       ms
[230.171s][info   ][gc,stats    ]    Subphase: Concurrent Roots JNIHandles                   0.000 / 0.000         0.091 / 0.551         0.091 / 0.551         0.091 / 0.551       ms
[230.171s][info   ][gc,stats    ]    Subphase: Concurrent Roots Setup                        0.000 / 0.000         0.537 / 1.622         0.537 / 1.622         0.537 / 1.622       ms
[230.171s][info   ][gc,stats    ]    Subphase: Concurrent Roots Teardown                     0.000 / 0.000         0.001 / 0.001         0.001 / 0.001         0.001 / 0.001       ms
[230.171s][info   ][gc,stats    ]    Subphase: Concurrent Weak Roots                         0.000 / 0.000         0.381 / 1.376         0.381 / 1.376         0.381 / 1.376       ms
[230.171s][info   ][gc,stats    ]    Subphase: Concurrent Weak Roots JNIWeakHandles          0.000 / 0.000         0.004 / 0.073         0.004 / 0.073         0.004 / 0.073       ms
[230.171s][info   ][gc,stats    ]    Subphase: Concurrent Weak Roots StringTable             0.000 / 0.000         0.354 / 1.327         0.354 / 1.327         0.354 / 1.327       ms
[230.171s][info   ][gc,stats    ]    Subphase: Concurrent Weak Roots VMWeakHandles           0.000 / 0.000         0.024 / 0.051         0.024 / 0.051         0.024 / 0.051       ms
[230.171s][info   ][gc,stats    ]    Subphase: Pause Mark Try Complete                       0.000 / 0.000         0.238 / 1.009         0.238 / 1.009         0.238 / 1.009       ms
[230.171s][info   ][gc,stats    ]    Subphase: Pause Roots                                   0.000 / 0.000         0.078 / 1.060         0.078 / 1.060         0.078 / 1.060       ms
[230.171s][info   ][gc,stats    ]    Subphase: Pause Roots CodeCache                         0.000 / 0.000         0.000 / 0.000         0.000 / 0.000         0.000 / 0.000       ms
[230.171s][info   ][gc,stats    ]    Subphase: Pause Roots JVMTIExport                       0.000 / 0.000         0.002 / 0.017         0.002 / 0.017         0.002 / 0.017       ms
[230.171s][info   ][gc,stats    ]    Subphase: Pause Roots JVMTIWeakExport                   0.000 / 0.000         0.001 / 0.001         0.001 / 0.001         0.001 / 0.001       ms
[230.171s][info   ][gc,stats    ]    Subphase: Pause Roots Management                        0.000 / 0.000         0.033 / 0.430         0.033 / 0.430         0.033 / 0.430       ms
[230.171s][info   ][gc,stats    ]    Subphase: Pause Roots ObjectSynchronizer                0.000 / 0.000         0.002 / 0.011         0.002 / 0.011         0.002 / 0.011       ms
[230.171s][info   ][gc,stats    ]    Subphase: Pause Roots Setup                             0.000 / 0.000         0.001 / 0.002         0.001 / 0.002         0.001 / 0.002       ms
[230.171s][info   ][gc,stats    ]    Subphase: Pause Roots SystemDictionary                  0.000 / 0.000         0.113 / 0.734         0.113 / 0.734         0.113 / 0.734       ms
[230.171s][info   ][gc,stats    ]    Subphase: Pause Roots Teardown                          0.000 / 0.000         0.004 / 0.009         0.004 / 0.009         0.004 / 0.009       ms
[230.171s][info   ][gc,stats    ]    Subphase: Pause Roots Threads                           0.000 / 0.000         0.097 / 1.042         0.097 / 1.042         0.097 / 1.042       ms
[230.171s][info   ][gc,stats    ]    Subphase: Pause Roots Universe                          0.000 / 0.000         0.048 / 0.626         0.048 / 0.626         0.048 / 0.626       ms
[230.171s][info   ][gc,stats    ]    Subphase: Pause Weak Roots                              0.000 / 0.000         0.001 / 0.007         0.001 / 0.007         0.001 / 0.007       ms
[230.171s][info   ][gc,stats    ]    Subphase: Pause Weak Roots JFRWeak                      0.000 / 0.000         0.001 / 0.001         0.001 / 0.001         0.001 / 0.001       ms
[230.171s][info   ][gc,stats    ]    Subphase: Pause Weak Roots JVMTIWeakExport              0.000 / 0.000         0.001 / 0.001         0.001 / 0.001         0.001 / 0.001       ms
[230.171s][info   ][gc,stats    ]    Subphase: Pause Weak Roots Setup                        0.000 / 0.000         0.001 / 0.001         0.001 / 0.001         0.001 / 0.001       ms
[230.171s][info   ][gc,stats    ]    Subphase: Pause Weak Roots Teardown                     0.000 / 0.000         0.001 / 0.002         0.001 / 0.002         0.001 / 0.002       ms
[230.171s][info   ][gc,stats    ]      System: Java Threads                                      0 / 0                53 / 65               53 / 65               53 / 65          threads
[230.171s][info   ][gc,stats    ] =========================================================================================================================================================
[237.370s][info   ][gc,start    ] GC(8) Garbage Collection (Proactive)
[237.370s][info   ][gc,phases   ] GC(8) Pause Mark Start 0.177ms
[237.599s][info   ][gc,phases   ] GC(8) Concurrent Mark 228.360ms
[237.599s][info   ][gc,phases   ] GC(8) Pause Mark End 0.620ms
[237.601s][info   ][gc,phases   ] GC(8) Concurrent Process Non-Strong References 1.853ms
[237.605s][info   ][gc,phases   ] GC(8) Concurrent Reset Relocation Set 3.228ms
[237.605s][info   ][gc,phases   ] GC(8) Concurrent Destroy Detached Pages 0.001ms
[237.607s][info   ][gc,phases   ] GC(8) Concurrent Select Relocation Set 2.635ms
[237.638s][info   ][gc,phases   ] GC(8) Concurrent Prepare Relocation Set 30.921ms
[237.639s][info   ][gc,phases   ] GC(8) Pause Relocate Start 0.230ms
[237.737s][info   ][gc,phases   ] GC(8) Concurrent Relocate 97.850ms
[237.737s][info   ][gc,load     ] GC(8) Load: 4.13/2.13/0.88
[237.737s][info   ][gc,mmu      ] GC(8) MMU: 2ms/30.0%, 5ms/69.9%, 10ms/81.7%, 20ms/87.7%, 50ms/95.1%, 100ms/97.5%
[237.737s][info   ][gc,marking  ] GC(8) Mark: 8 stripe(s), 10 proactive flush(es), 1 terminate flush(es), 1 completion(s), 0 continuation(s) 
[237.737s][info   ][gc,reloc    ] GC(8) Relocation: Successful, 1779M relocated
[237.737s][info   ][gc,nmethod  ] GC(8) NMethods: 5928 registered, 667 unregistered
[237.737s][info   ][gc,metaspace] GC(8) Metaspace: 40M used, 41M capacity, 41M committed, 42M reserved
[237.737s][info   ][gc,ref      ] GC(8) Soft: 3327 encountered, 0 discovered, 0 enqueued
[237.737s][info   ][gc,ref      ] GC(8) Weak: 1530 encountered, 761 discovered, 0 enqueued
[237.737s][info   ][gc,ref      ] GC(8) Final: 31 encountered, 4 discovered, 4 enqueued
[237.737s][info   ][gc,ref      ] GC(8) Phantom: 120 encountered, 103 discovered, 0 enqueued
[237.737s][info   ][gc,heap     ] GC(8)                Mark Start          Mark End        Relocate Start      Relocate End           High               Low         
[237.737s][info   ][gc,heap     ] GC(8)  Capacity:    30390M (30%)       30390M (30%)       30390M (30%)       30390M (30%)       30390M (30%)       30390M (30%)    
[237.737s][info   ][gc,heap     ] GC(8)   Reserve:       80M (0%)           80M (0%)           80M (0%)           80M (0%)           80M (0%)           80M (0%)     
[237.737s][info   ][gc,heap     ] GC(8)      Free:    82002M (82%)       81796M (82%)       86986M (87%)       96302M (96%)       96302M (96%)       81792M (82%)    
[237.737s][info   ][gc,heap     ] GC(8)      Used:    18270M (18%)       18476M (18%)       13286M (13%)        3970M (4%)        18480M (18%)        3970M (4%)     
[237.737s][info   ][gc,heap     ] GC(8)      Live:         -              3506M (3%)         3506M (3%)         3506M (3%)             -                  -          
[237.737s][info   ][gc,heap     ] GC(8) Allocated:         -               206M (0%)          242M (0%)         2010M (2%)             -                  -          
[237.737s][info   ][gc,heap     ] GC(8)   Garbage:         -             14763M (15%)        9537M (10%)         179M (0%)             -                  -          
[237.737s][info   ][gc,heap     ] GC(8) Reclaimed:         -                  -              5226M (5%)        14584M (15%)            -                  -          
[237.737s][info   ][gc          ] GC(8) Garbage Collection (Proactive) 18270M(18%)->3970M(4%)
[240.170s][info   ][gc,stats    ] === Garbage Collection Statistics =======================================================================================================================
[240.170s][info   ][gc,stats    ]                                                              Last 10s              Last 10m              Last 10h                Total
[240.170s][info   ][gc,stats    ]                                                              Avg / Max             Avg / Max             Avg / Max             Avg / Max
[240.170s][info   ][gc,stats    ]   Collector: Garbage Collection Cycle                    367.028 / 367.028     360.927 / 515.532     360.927 / 515.532     360.927 / 515.532     ms
[240.170s][info   ][gc,stats    ]  Contention: Mark Segment Reset Contention                    32 / 320              16 / 850              16 / 850              16 / 850         ops/s
[240.170s][info   ][gc,stats    ]  Contention: Mark SeqNum Reset Contention                      0 / 0                 0 / 9                 0 / 9                 0 / 9           ops/s
[240.170s][info   ][gc,stats    ]  Contention: Relocation Contention                             0 / 8                 0 / 9                 0 / 9                 0 / 9           ops/s
[240.170s][info   ][gc,stats    ]    Critical: Allocation Stall                              0.000 / 0.000         0.000 / 0.000         0.000 / 0.000         0.000 / 0.000       ms
[240.170s][info   ][gc,stats    ]    Critical: Allocation Stall                                  0 / 0                 0 / 0                 0 / 0                 0 / 0           ops/s
[240.170s][info   ][gc,stats    ]    Critical: GC Locker Stall                               0.000 / 0.000         0.000 / 0.000         0.000 / 0.000         0.000 / 0.000       ms
[240.170s][info   ][gc,stats    ]    Critical: GC Locker Stall                                   0 / 0                 0 / 0                 0 / 0                 0 / 0           ops/s
[240.170s][info   ][gc,stats    ]      Memory: Allocation Rate                                 625 / 680             609 / 1436            609 / 1436            609 / 1436        MB/s
[240.170s][info   ][gc,stats    ]      Memory: Heap Used After Mark                          18476 / 18476         18632 / 30288         18632 / 30288         18632 / 30288       MB
[240.170s][info   ][gc,stats    ]      Memory: Heap Used After Relocation                     3970 / 3970           3121 / 4228           3121 / 4228           3121 / 4228        MB
[240.170s][info   ][gc,stats    ]      Memory: Heap Used Before Mark                         18270 / 18270         18472 / 30112         18472 / 30112         18472 / 30112       MB
[240.170s][info   ][gc,stats    ]      Memory: Heap Used Before Relocation                   13286 / 13286         12595 / 20378         12595 / 20378         12595 / 20378       MB
[240.170s][info   ][gc,stats    ]      Memory: Out Of Memory                                     0 / 0                 0 / 0                 0 / 0                 0 / 0           ops/s
[240.170s][info   ][gc,stats    ]      Memory: Page Cache Flush                                  0 / 0                 0 / 0                 0 / 0                 0 / 0           MB/s
[240.170s][info   ][gc,stats    ]      Memory: Page Cache Hit L1                               388 / 1176            262 / 1642            262 / 1642            262 / 1642        ops/s
[240.170s][info   ][gc,stats    ]      Memory: Page Cache Hit L2                                 0 / 0                 2 / 179               2 / 179               2 / 179         ops/s
[240.170s][info   ][gc,stats    ]      Memory: Page Cache Miss                                   0 / 0                61 / 341              61 / 341              61 / 341         ops/s
[240.170s][info   ][gc,stats    ]      Memory: Undo Object Allocation Failed                     0 / 0                 0 / 0                 0 / 0                 0 / 0           ops/s
[240.170s][info   ][gc,stats    ]      Memory: Undo Object Allocation Succeeded                  0 / 8                 0 / 9                 0 / 9                 0 / 9           ops/s
[240.170s][info   ][gc,stats    ]      Memory: Undo Page Allocation                              0 / 0                 0 / 69                0 / 69                0 / 69          ops/s
[240.170s][info   ][gc,stats    ]       Phase: Concurrent Destroy Detached Pages             0.001 / 0.001         0.001 / 0.001         0.001 / 0.001         0.001 / 0.001       ms
[240.170s][info   ][gc,stats    ]       Phase: Concurrent Mark                             228.360 / 228.360     194.204 / 275.553     194.204 / 275.553     194.204 / 275.553     ms
[240.170s][info   ][gc,stats    ]       Phase: Concurrent Mark Continue                      0.000 / 0.000         1.416 / 1.416         1.416 / 1.416         1.416 / 1.416       ms
[240.170s][info   ][gc,stats    ]       Phase: Concurrent Prepare Relocation Set            30.921 / 30.921       44.032 / 89.649       44.032 / 89.649       44.032 / 89.649      ms
[240.170s][info   ][gc,stats    ]       Phase: Concurrent Process Non-Strong References      1.853 / 1.853         5.204 / 19.270        5.204 / 19.270        5.204 / 19.270      ms
[240.170s][info   ][gc,stats    ]       Phase: Concurrent Relocate                          97.850 / 97.850      104.222 / 165.671     104.222 / 165.671     104.222 / 165.671     ms
[240.170s][info   ][gc,stats    ]       Phase: Concurrent Reset Relocation Set               3.228 / 3.228         4.622 / 14.653        4.622 / 14.653        4.622 / 14.653      ms
[240.170s][info   ][gc,stats    ]       Phase: Concurrent Select Relocation Set              2.635 / 2.635         5.469 / 12.148        5.469 / 12.148        5.469 / 12.148      ms
[240.170s][info   ][gc,stats    ]       Phase: Pause Mark End                                0.620 / 0.620         0.822 / 1.253         0.822 / 1.253         0.822 / 1.253       ms
[240.170s][info   ][gc,stats    ]       Phase: Pause Mark Start                              0.177 / 0.177         0.600 / 1.400         0.600 / 1.400         0.600 / 1.400       ms
[240.170s][info   ][gc,stats    ]       Phase: Pause Relocate Start                          0.230 / 0.230         0.289 / 1.025         0.289 / 1.025         0.289 / 1.025       ms
[240.170s][info   ][gc,stats    ]       Phase: Pause Verify                                  0.000 / 0.000         0.000 / 0.000         0.000 / 0.000         0.000 / 0.000       ms
[240.170s][info   ][gc,stats    ]    Subphase: Concurrent Classes Unload                     1.523 / 1.523         4.672 / 18.723        4.672 / 18.723        4.672 / 18.723      ms
[240.170s][info   ][gc,stats    ]    Subphase: Concurrent Mark                             227.155 / 227.553     172.863 / 273.889     172.863 / 273.889     172.863 / 273.889     ms
[240.170s][info   ][gc,stats    ]    Subphase: Concurrent Mark Idle                          1.142 / 1.185         1.137 / 1.194         1.137 / 1.194         1.137 / 1.194       ms
[240.170s][info   ][gc,stats    ]    Subphase: Concurrent Mark Try Flush                     0.083 / 0.127         0.088 / 0.545         0.088 / 0.545         0.088 / 0.545       ms
[240.170s][info   ][gc,stats    ]    Subphase: Concurrent Mark Try Terminate                 1.143 / 1.191         1.135 / 1.197         1.135 / 1.197         1.135 / 1.197       ms
[240.170s][info   ][gc,stats    ]    Subphase: Concurrent References Enqueue                 0.004 / 0.004         0.005 / 0.007         0.005 / 0.007         0.005 / 0.007       ms
[240.170s][info   ][gc,stats    ]    Subphase: Concurrent References Process                 0.086 / 0.086         0.076 / 0.140         0.076 / 0.140         0.076 / 0.140       ms
[240.170s][info   ][gc,stats    ]    Subphase: Concurrent Roots                              0.068 / 0.513         0.152 / 2.807         0.152 / 2.807         0.152 / 2.807       ms
[240.170s][info   ][gc,stats    ]    Subphase: Concurrent Roots ClassLoaderDataGraph         0.060 / 0.504         0.147 / 2.804         0.147 / 2.804         0.147 / 2.804       ms
[240.170s][info   ][gc,stats    ]    Subphase: Concurrent Roots JNIHandles                   0.009 / 0.013         0.081 / 0.551         0.081 / 0.551         0.081 / 0.551       ms
[240.170s][info   ][gc,stats    ]    Subphase: Concurrent Roots Setup                        0.108 / 0.108         0.489 / 1.622         0.489 / 1.622         0.489 / 1.622       ms
[240.170s][info   ][gc,stats    ]    Subphase: Concurrent Roots Teardown                     0.001 / 0.001         0.001 / 0.001         0.001 / 0.001         0.001 / 0.001       ms
[240.170s][info   ][gc,stats    ]    Subphase: Concurrent Weak Roots                         0.178 / 0.204         0.358 / 1.376         0.358 / 1.376         0.358 / 1.376       ms
[240.170s][info   ][gc,stats    ]    Subphase: Concurrent Weak Roots JNIWeakHandles          0.002 / 0.007         0.004 / 0.073         0.004 / 0.073         0.004 / 0.073       ms
[240.170s][info   ][gc,stats    ]    Subphase: Concurrent Weak Roots StringTable             0.151 / 0.156         0.331 / 1.327         0.331 / 1.327         0.331 / 1.327       ms
[240.170s][info   ][gc,stats    ]    Subphase: Concurrent Weak Roots VMWeakHandles           0.023 / 0.044         0.024 / 0.051         0.024 / 0.051         0.024 / 0.051       ms
[240.170s][info   ][gc,stats    ]    Subphase: Pause Mark Try Complete                       0.157 / 0.354         0.229 / 1.009         0.229 / 1.009         0.229 / 1.009       ms
[240.170s][info   ][gc,stats    ]    Subphase: Pause Roots                                   0.034 / 0.167         0.073 / 1.060         0.073 / 1.060         0.073 / 1.060       ms
[240.170s][info   ][gc,stats    ]    Subphase: Pause Roots CodeCache                         0.000 / 0.000         0.000 / 0.000         0.000 / 0.000         0.000 / 0.000       ms
[240.170s][info   ][gc,stats    ]    Subphase: Pause Roots JVMTIExport                       0.002 / 0.002         0.002 / 0.017         0.002 / 0.017         0.002 / 0.017       ms
[240.170s][info   ][gc,stats    ]    Subphase: Pause Roots JVMTIWeakExport                   0.001 / 0.001         0.001 / 0.001         0.001 / 0.001         0.001 / 0.001       ms
[240.170s][info   ][gc,stats    ]    Subphase: Pause Roots Management                        0.003 / 0.003         0.030 / 0.430         0.030 / 0.430         0.030 / 0.430       ms
[240.170s][info   ][gc,stats    ]    Subphase: Pause Roots ObjectSynchronizer                0.001 / 0.001         0.002 / 0.011         0.002 / 0.011         0.002 / 0.011       ms
[240.170s][info   ][gc,stats    ]    Subphase: Pause Roots Setup                             0.001 / 0.001         0.001 / 0.002         0.001 / 0.002         0.001 / 0.002       ms
[240.170s][info   ][gc,stats    ]    Subphase: Pause Roots SystemDictionary                  0.012 / 0.012         0.101 / 0.734         0.101 / 0.734         0.101 / 0.734       ms
[240.170s][info   ][gc,stats    ]    Subphase: Pause Roots Teardown                          0.004 / 0.006         0.004 / 0.009         0.004 / 0.009         0.004 / 0.009       ms
[240.170s][info   ][gc,stats    ]    Subphase: Pause Roots Threads                           0.044 / 0.165         0.092 / 1.042         0.092 / 1.042         0.092 / 1.042       ms
[240.170s][info   ][gc,stats    ]    Subphase: Pause Roots Universe                          0.009 / 0.014         0.044 / 0.626         0.044 / 0.626         0.044 / 0.626       ms
[240.170s][info   ][gc,stats    ]    Subphase: Pause Weak Roots                              0.001 / 0.005         0.001 / 0.007         0.001 / 0.007         0.001 / 0.007       ms
[240.170s][info   ][gc,stats    ]    Subphase: Pause Weak Roots JFRWeak                      0.001 / 0.001         0.001 / 0.001         0.001 / 0.001         0.001 / 0.001       ms
[240.170s][info   ][gc,stats    ]    Subphase: Pause Weak Roots JVMTIWeakExport              0.001 / 0.001         0.001 / 0.001         0.001 / 0.001         0.001 / 0.001       ms
[240.170s][info   ][gc,stats    ]    Subphase: Pause Weak Roots Setup                        0.001 / 0.001         0.001 / 0.001         0.001 / 0.001         0.001 / 0.001       ms
[240.170s][info   ][gc,stats    ]    Subphase: Pause Weak Roots Teardown                     0.002 / 0.002         0.001 / 0.002         0.001 / 0.002         0.001 / 0.002       ms
[240.170s][info   ][gc,stats    ]      System: Java Threads                                     62 / 62               54 / 65               54 / 65               54 / 65          threads
[240.170s][info   ][gc,stats    ] =========================================================================================================================================================
[250.169s][info   ][gc,stats    ] === Garbage Collection Statistics =======================================================================================================================
[250.169s][info   ][gc,stats    ]                                                              Last 10s              Last 10m              Last 10h                Total
[250.169s][info   ][gc,stats    ]                                                              Avg / Max             Avg / Max             Avg / Max             Avg / Max
[250.169s][info   ][gc,stats    ]   Collector: Garbage Collection Cycle                      0.000 / 0.000       360.927 / 515.532     360.927 / 515.532     360.927 / 515.532     ms
[250.169s][info   ][gc,stats    ]  Contention: Mark Segment Reset Contention                     0 / 0                16 / 850              16 / 850              16 / 850         ops/s
[250.169s][info   ][gc,stats    ]  Contention: Mark SeqNum Reset Contention                      0 / 0                 0 / 9                 0 / 9                 0 / 9           ops/s
[250.169s][info   ][gc,stats    ]  Contention: Relocation Contention                             0 / 0                 0 / 9                 0 / 9                 0 / 9           ops/s
[250.169s][info   ][gc,stats    ]    Critical: Allocation Stall                              0.000 / 0.000         0.000 / 0.000         0.000 / 0.000         0.000 / 0.000       ms
[250.169s][info   ][gc,stats    ]    Critical: Allocation Stall                                  0 / 0                 0 / 0                 0 / 0                 0 / 0           ops/s
[250.169s][info   ][gc,stats    ]    Critical: GC Locker Stall                               0.000 / 0.000         0.000 / 0.000         0.000 / 0.000         0.000 / 0.000       ms
[250.169s][info   ][gc,stats    ]    Critical: GC Locker Stall                                   0 / 0                 0 / 0                 0 / 0                 0 / 0           ops/s
[250.169s][info   ][gc,stats    ]      Memory: Allocation Rate                                 625 / 680             609 / 1436            609 / 1436            609 / 1436        MB/s
[250.169s][info   ][gc,stats    ]      Memory: Heap Used After Mark                              0 / 0             18632 / 30288         18632 / 30288         18632 / 30288       MB
[250.169s][info   ][gc,stats    ]      Memory: Heap Used After Relocation                        0 / 0              3121 / 4228           3121 / 4228           3121 / 4228        MB
[250.169s][info   ][gc,stats    ]      Memory: Heap Used Before Mark                             0 / 0             18472 / 30112         18472 / 30112         18472 / 30112       MB
[250.169s][info   ][gc,stats    ]      Memory: Heap Used Before Relocation                       0 / 0             12595 / 20378         12595 / 20378         12595 / 20378       MB
[250.169s][info   ][gc,stats    ]      Memory: Out Of Memory                                     0 / 0                 0 / 0                 0 / 0                 0 / 0           ops/s
[250.169s][info   ][gc,stats    ]      Memory: Page Cache Flush                                  0 / 0                 0 / 0                 0 / 0                 0 / 0           MB/s
[250.169s][info   ][gc,stats    ]      Memory: Page Cache Hit L1                               300 / 325             263 / 1642            263 / 1642            263 / 1642        ops/s
[250.169s][info   ][gc,stats    ]      Memory: Page Cache Hit L2                                 0 / 0                 2 / 179               2 / 179               2 / 179         ops/s
[250.170s][info   ][gc,stats    ]      Memory: Page Cache Miss                                   0 / 0                58 / 341              58 / 341              58 / 341         ops/s
[250.170s][info   ][gc,stats    ]      Memory: Undo Object Allocation Failed                     0 / 0                 0 / 0                 0 / 0                 0 / 0           ops/s
[250.170s][info   ][gc,stats    ]      Memory: Undo Object Allocation Succeeded                  0 / 0                 0 / 9                 0 / 9                 0 / 9           ops/s
[250.170s][info   ][gc,stats    ]      Memory: Undo Page Allocation                              0 / 0                 0 / 69                0 / 69                0 / 69          ops/s
[250.170s][info   ][gc,stats    ]       Phase: Concurrent Destroy Detached Pages             0.000 / 0.000         0.001 / 0.001         0.001 / 0.001         0.001 / 0.001       ms
[250.170s][info   ][gc,stats    ]       Phase: Concurrent Mark                               0.000 / 0.000       194.204 / 275.553     194.204 / 275.553     194.204 / 275.553     ms
[250.170s][info   ][gc,stats    ]       Phase: Concurrent Mark Continue                      0.000 / 0.000         1.416 / 1.416         1.416 / 1.416         1.416 / 1.416       ms
[250.170s][info   ][gc,stats    ]       Phase: Concurrent Prepare Relocation Set             0.000 / 0.000        44.032 / 89.649       44.032 / 89.649       44.032 / 89.649      ms
[250.170s][info   ][gc,stats    ]       Phase: Concurrent Process Non-Strong References      0.000 / 0.000         5.204 / 19.270        5.204 / 19.270        5.204 / 19.270      ms
[250.170s][info   ][gc,stats    ]       Phase: Concurrent Relocate                           0.000 / 0.000       104.222 / 165.671     104.222 / 165.671     104.222 / 165.671     ms
[250.170s][info   ][gc,stats    ]       Phase: Concurrent Reset Relocation Set               0.000 / 0.000         4.622 / 14.653        4.622 / 14.653        4.622 / 14.653      ms
[250.170s][info   ][gc,stats    ]       Phase: Concurrent Select Relocation Set              0.000 / 0.000         5.469 / 12.148        5.469 / 12.148        5.469 / 12.148      ms
[250.170s][info   ][gc,stats    ]       Phase: Pause Mark End                                0.000 / 0.000         0.822 / 1.253         0.822 / 1.253         0.822 / 1.253       ms
[250.170s][info   ][gc,stats    ]       Phase: Pause Mark Start                              0.000 / 0.000         0.600 / 1.400         0.600 / 1.400         0.600 / 1.400       ms
[250.170s][info   ][gc,stats    ]       Phase: Pause Relocate Start                          0.000 / 0.000         0.289 / 1.025         0.289 / 1.025         0.289 / 1.025       ms
[250.170s][info   ][gc,stats    ]       Phase: Pause Verify                                  0.000 / 0.000         0.000 / 0.000         0.000 / 0.000         0.000 / 0.000       ms
[250.170s][info   ][gc,stats    ]    Subphase: Concurrent Classes Unload                     0.000 / 0.000         4.672 / 18.723        4.672 / 18.723        4.672 / 18.723      ms
[250.170s][info   ][gc,stats    ]    Subphase: Concurrent Mark                               0.000 / 0.000       172.863 / 273.889     172.863 / 273.889     172.863 / 273.889     ms
[250.170s][info   ][gc,stats    ]    Subphase: Concurrent Mark Idle                          0.000 / 0.000         1.137 / 1.194         1.137 / 1.194         1.137 / 1.194       ms
[250.170s][info   ][gc,stats    ]    Subphase: Concurrent Mark Try Flush                     0.000 / 0.000         0.088 / 0.545         0.088 / 0.545         0.088 / 0.545       ms
[250.170s][info   ][gc,stats    ]    Subphase: Concurrent Mark Try Terminate                 0.000 / 0.000         1.135 / 1.197         1.135 / 1.197         1.135 / 1.197       ms
[250.170s][info   ][gc,stats    ]    Subphase: Concurrent References Enqueue                 0.000 / 0.000         0.005 / 0.007         0.005 / 0.007         0.005 / 0.007       ms
[250.170s][info   ][gc,stats    ]    Subphase: Concurrent References Process                 0.000 / 0.000         0.076 / 0.140         0.076 / 0.140         0.076 / 0.140       ms
[250.170s][info   ][gc,stats    ]    Subphase: Concurrent Roots                              0.000 / 0.000         0.152 / 2.807         0.152 / 2.807         0.152 / 2.807       ms
[250.170s][info   ][gc,stats    ]    Subphase: Concurrent Roots ClassLoaderDataGraph         0.000 / 0.000         0.147 / 2.804         0.147 / 2.804         0.147 / 2.804       ms
[250.170s][info   ][gc,stats    ]    Subphase: Concurrent Roots JNIHandles                   0.000 / 0.000         0.081 / 0.551         0.081 / 0.551         0.081 / 0.551       ms
[250.170s][info   ][gc,stats    ]    Subphase: Concurrent Roots Setup                        0.000 / 0.000         0.489 / 1.622         0.489 / 1.622         0.489 / 1.622       ms
[250.170s][info   ][gc,stats    ]    Subphase: Concurrent Roots Teardown                     0.000 / 0.000         0.001 / 0.001         0.001 / 0.001         0.001 / 0.001       ms
[250.170s][info   ][gc,stats    ]    Subphase: Concurrent Weak Roots                         0.000 / 0.000         0.358 / 1.376         0.358 / 1.376         0.358 / 1.376       ms
[250.170s][info   ][gc,stats    ]    Subphase: Concurrent Weak Roots JNIWeakHandles          0.000 / 0.000         0.004 / 0.073         0.004 / 0.073         0.004 / 0.073       ms
[250.170s][info   ][gc,stats    ]    Subphase: Concurrent Weak Roots StringTable             0.000 / 0.000         0.331 / 1.327         0.331 / 1.327         0.331 / 1.327       ms
[250.170s][info   ][gc,stats    ]    Subphase: Concurrent Weak Roots VMWeakHandles           0.000 / 0.000         0.024 / 0.051         0.024 / 0.051         0.024 / 0.051       ms
[250.170s][info   ][gc,stats    ]    Subphase: Pause Mark Try Complete                       0.000 / 0.000         0.229 / 1.009         0.229 / 1.009         0.229 / 1.009       ms
[250.170s][info   ][gc,stats    ]    Subphase: Pause Roots                                   0.000 / 0.000         0.073 / 1.060         0.073 / 1.060         0.073 / 1.060       ms
[250.170s][info   ][gc,stats    ]    Subphase: Pause Roots CodeCache                         0.000 / 0.000         0.000 / 0.000         0.000 / 0.000         0.000 / 0.000       ms
[250.170s][info   ][gc,stats    ]    Subphase: Pause Roots JVMTIExport                       0.000 / 0.000         0.002 / 0.017         0.002 / 0.017         0.002 / 0.017       ms
[250.170s][info   ][gc,stats    ]    Subphase: Pause Roots JVMTIWeakExport                   0.000 / 0.000         0.001 / 0.001         0.001 / 0.001         0.001 / 0.001       ms
[250.170s][info   ][gc,stats    ]    Subphase: Pause Roots Management                        0.000 / 0.000         0.030 / 0.430         0.030 / 0.430         0.030 / 0.430       ms
[250.170s][info   ][gc,stats    ]    Subphase: Pause Roots ObjectSynchronizer                0.000 / 0.000         0.002 / 0.011         0.002 / 0.011         0.002 / 0.011       ms
[250.170s][info   ][gc,stats    ]    Subphase: Pause Roots Setup                             0.000 / 0.000         0.001 / 0.002         0.001 / 0.002         0.001 / 0.002       ms
[250.170s][info   ][gc,stats    ]    Subphase: Pause Roots SystemDictionary                  0.000 / 0.000         0.101 / 0.734         0.101 / 0.734         0.101 / 0.734       ms
[250.170s][info   ][gc,stats    ]    Subphase: Pause Roots Teardown                          0.000 / 0.000         0.004 / 0.009         0.004 / 0.009         0.004 / 0.009       ms
[250.170s][info   ][gc,stats    ]    Subphase: Pause Roots Threads                           0.000 / 0.000         0.092 / 1.042         0.092 / 1.042         0.092 / 1.042       ms
[250.170s][info   ][gc,stats    ]    Subphase: Pause Roots Universe                          0.000 / 0.000         0.044 / 0.626         0.044 / 0.626         0.044 / 0.626       ms
[250.170s][info   ][gc,stats    ]    Subphase: Pause Weak Roots                              0.000 / 0.000         0.001 / 0.007         0.001 / 0.007         0.001 / 0.007       ms
[250.170s][info   ][gc,stats    ]    Subphase: Pause Weak Roots JFRWeak                      0.000 / 0.000         0.001 / 0.001         0.001 / 0.001         0.001 / 0.001       ms
[250.170s][info   ][gc,stats    ]    Subphase: Pause Weak Roots JVMTIWeakExport              0.000 / 0.000         0.001 / 0.001         0.001 / 0.001         0.001 / 0.001       ms
[250.170s][info   ][gc,stats    ]    Subphase: Pause Weak Roots Setup                        0.000 / 0.000         0.001 / 0.001         0.001 / 0.001         0.001 / 0.001       ms
[250.170s][info   ][gc,stats    ]    Subphase: Pause Weak Roots Teardown                     0.000 / 0.000         0.001 / 0.002         0.001 / 0.002         0.001 / 0.002       ms
[250.170s][info   ][gc,stats    ]      System: Java Threads                                      0 / 0                54 / 65               54 / 65               54 / 65          threads
[250.170s][info   ][gc,stats    ] =========================================================================================================================================================
[258.870s][info   ][gc,start    ] GC(9) Garbage Collection (Proactive)
[258.870s][info   ][gc,phases   ] GC(9) Pause Mark Start 0.209ms
[259.086s][info   ][gc,phases   ] GC(9) Concurrent Mark 216.161ms
[259.087s][info   ][gc,phases   ] GC(9) Pause Mark End 0.655ms
[259.090s][info   ][gc,phases   ] GC(9) Concurrent Process Non-Strong References 2.083ms
[259.093s][info   ][gc,phases   ] GC(9) Concurrent Reset Relocation Set 3.178ms
[259.093s][info   ][gc,phases   ] GC(9) Concurrent Destroy Detached Pages 0.001ms
[259.095s][info   ][gc,phases   ] GC(9) Concurrent Select Relocation Set 2.590ms
[259.127s][info   ][gc,phases   ] GC(9) Concurrent Prepare Relocation Set 32.037ms
[259.128s][info   ][gc,phases   ] GC(9) Pause Relocate Start 0.273ms
[259.227s][info   ][gc,phases   ] GC(9) Concurrent Relocate 99.116ms
[259.227s][info   ][gc,load     ] GC(9) Load: 3.73/2.17/0.92
[259.227s][info   ][gc,mmu      ] GC(9) MMU: 2ms/30.0%, 5ms/69.9%, 10ms/81.7%, 20ms/87.7%, 50ms/95.1%, 100ms/97.5%
[259.227s][info   ][gc,marking  ] GC(9) Mark: 8 stripe(s), 10 proactive flush(es), 2 terminate flush(es), 1 completion(s), 0 continuation(s) 
[259.227s][info   ][gc,reloc    ] GC(9) Relocation: Successful, 1894M relocated
[259.227s][info   ][gc,nmethod  ] GC(9) NMethods: 5964 registered, 667 unregistered
[259.227s][info   ][gc,metaspace] GC(9) Metaspace: 40M used, 41M capacity, 41M committed, 42M reserved
[259.227s][info   ][gc,ref      ] GC(9) Soft: 3327 encountered, 0 discovered, 0 enqueued
[259.227s][info   ][gc,ref      ] GC(9) Weak: 1530 encountered, 543 discovered, 0 enqueued
[259.227s][info   ][gc,ref      ] GC(9) Final: 32 encountered, 16 discovered, 5 enqueued
[259.227s][info   ][gc,ref      ] GC(9) Phantom: 120 encountered, 94 discovered, 0 enqueued
[259.227s][info   ][gc,heap     ] GC(9)                Mark Start          Mark End        Relocate Start      Relocate End           High               Low         
[259.227s][info   ][gc,heap     ] GC(9)  Capacity:    30390M (30%)       30390M (30%)       30390M (30%)       30390M (30%)       30390M (30%)       30390M (30%)    
[259.227s][info   ][gc,heap     ] GC(9)   Reserve:       80M (0%)           80M (0%)           80M (0%)           80M (0%)           80M (0%)           80M (0%)     
[259.227s][info   ][gc,heap     ] GC(9)      Free:    83064M (83%)       82852M (83%)       87528M (87%)       96236M (96%)       96236M (96%)       82852M (83%)    
[259.227s][info   ][gc,heap     ] GC(9)      Used:    17208M (17%)       17420M (17%)       12744M (13%)        4036M (4%)        17420M (17%)        4036M (4%)     
[259.227s][info   ][gc,heap     ] GC(9)      Live:         -              3518M (4%)         3518M (4%)         3518M (4%)             -                  -          
[259.227s][info   ][gc,heap     ] GC(9) Allocated:         -               212M (0%)          238M (0%)         2092M (2%)             -                  -          
[259.227s][info   ][gc,heap     ] GC(9)   Garbage:         -             13689M (14%)        8987M (9%)          223M (0%)             -                  -          
[259.227s][info   ][gc,heap     ] GC(9) Reclaimed:         -                  -              4702M (5%)        13466M (13%)            -                  -          
[259.227s][info   ][gc          ] GC(9) Garbage Collection (Proactive) 17208M(17%)->4036M(4%)
[260.170s][info   ][gc,stats    ] === Garbage Collection Statistics =======================================================================================================================
[260.170s][info   ][gc,stats    ]                                                              Last 10s              Last 10m              Last 10h                Total
[260.170s][info   ][gc,stats    ]                                                              Avg / Max             Avg / Max             Avg / Max             Avg / Max
[260.170s][info   ][gc,stats    ]   Collector: Garbage Collection Cycle                    357.539 / 357.539     360.588 / 515.532     360.588 / 515.532     360.588 / 515.532     ms
[260.170s][info   ][gc,stats    ]  Contention: Mark Segment Reset Contention                    20 / 201              16 / 850              16 / 850              16 / 850         ops/s
[260.170s][info   ][gc,stats    ]  Contention: Mark SeqNum Reset Contention                      0 / 0                 0 / 9                 0 / 9                 0 / 9           ops/s
[260.170s][info   ][gc,stats    ]  Contention: Relocation Contention                             3 / 38                0 / 38                0 / 38                0 / 38          ops/s
[260.170s][info   ][gc,stats    ]    Critical: Allocation Stall                              0.000 / 0.000         0.000 / 0.000         0.000 / 0.000         0.000 / 0.000       ms
[260.170s][info   ][gc,stats    ]    Critical: Allocation Stall                                  0 / 0                 0 / 0                 0 / 0                 0 / 0           ops/s
[260.170s][info   ][gc,stats    ]    Critical: GC Locker Stall                               0.000 / 0.000         0.000 / 0.000         0.000 / 0.000         0.000 / 0.000       ms
[260.170s][info   ][gc,stats    ]    Critical: GC Locker Stall                                   0 / 0                 0 / 0                 0 / 0                 0 / 0           ops/s
[260.170s][info   ][gc,stats    ]      Memory: Allocation Rate                                 629 / 684             610 / 1436            610 / 1436            610 / 1436        MB/s
[260.170s][info   ][gc,stats    ]      Memory: Heap Used After Mark                          17420 / 17420         18511 / 30288         18511 / 30288         18511 / 30288       MB
[260.170s][info   ][gc,stats    ]      Memory: Heap Used After Relocation                     4036 / 4036           3213 / 4228           3213 / 4228           3213 / 4228        MB
[260.170s][info   ][gc,stats    ]      Memory: Heap Used Before Mark                         17208 / 17208         18345 / 30112         18345 / 30112         18345 / 30112       MB
[260.170s][info   ][gc,stats    ]      Memory: Heap Used Before Relocation                   12744 / 12744         12610 / 20378         12610 / 20378         12610 / 20378       MB
[260.170s][info   ][gc,stats    ]      Memory: Out Of Memory                                     0 / 0                 0 / 0                 0 / 0                 0 / 0           ops/s
[260.170s][info   ][gc,stats    ]      Memory: Page Cache Flush                                  0 / 0                 0 / 0                 0 / 0                 0 / 0           MB/s
[260.170s][info   ][gc,stats    ]      Memory: Page Cache Hit L1                               393 / 833             268 / 1642            268 / 1642            268 / 1642        ops/s
[260.170s][info   ][gc,stats    ]      Memory: Page Cache Hit L2                                 0 / 0                 2 / 179               2 / 179               2 / 179         ops/s
[260.170s][info   ][gc,stats    ]      Memory: Page Cache Miss                                   0 / 0                56 / 341              56 / 341              56 / 341         ops/s
[260.170s][info   ][gc,stats    ]      Memory: Undo Object Allocation Failed                     0 / 0                 0 / 0                 0 / 0                 0 / 0           ops/s
[260.170s][info   ][gc,stats    ]      Memory: Undo Object Allocation Succeeded                  3 / 38                0 / 38                0 / 38                0 / 38          ops/s
[260.170s][info   ][gc,stats    ]      Memory: Undo Page Allocation                              0 / 0                 0 / 69                0 / 69                0 / 69          ops/s
[260.170s][info   ][gc,stats    ]       Phase: Concurrent Destroy Detached Pages             0.001 / 0.001         0.001 / 0.001         0.001 / 0.001         0.001 / 0.001       ms
[260.170s][info   ][gc,stats    ]       Phase: Concurrent Mark                             216.161 / 216.161     196.400 / 275.553     196.400 / 275.553     196.400 / 275.553     ms
[260.170s][info   ][gc,stats    ]       Phase: Concurrent Mark Continue                      0.000 / 0.000         1.416 / 1.416         1.416 / 1.416         1.416 / 1.416       ms
[260.170s][info   ][gc,stats    ]       Phase: Concurrent Prepare Relocation Set            32.037 / 32.037       42.833 / 89.649       42.833 / 89.649       42.833 / 89.649      ms
[260.170s][info   ][gc,stats    ]       Phase: Concurrent Process Non-Strong References      2.083 / 2.083         4.892 / 19.270        4.892 / 19.270        4.892 / 19.270      ms
[260.170s][info   ][gc,stats    ]       Phase: Concurrent Relocate                          99.116 / 99.116      103.711 / 165.671     103.711 / 165.671     103.711 / 165.671     ms
[260.170s][info   ][gc,stats    ]       Phase: Concurrent Reset Relocation Set               3.178 / 3.178         4.477 / 14.653        4.477 / 14.653        4.477 / 14.653      ms
[260.170s][info   ][gc,stats    ]       Phase: Concurrent Select Relocation Set              2.590 / 2.590         5.181 / 12.148        5.181 / 12.148        5.181 / 12.148      ms
[260.170s][info   ][gc,stats    ]       Phase: Pause Mark End                                0.655 / 0.655         0.807 / 1.253         0.807 / 1.253         0.807 / 1.253       ms
[260.170s][info   ][gc,stats    ]       Phase: Pause Mark Start                              0.209 / 0.209         0.561 / 1.400         0.561 / 1.400         0.561 / 1.400       ms
[260.170s][info   ][gc,stats    ]       Phase: Pause Relocate Start                          0.273 / 0.273         0.288 / 1.025         0.288 / 1.025         0.288 / 1.025       ms
[260.170s][info   ][gc,stats    ]       Phase: Pause Verify                                  0.000 / 0.000         0.000 / 0.000         0.000 / 0.000         0.000 / 0.000       ms
[260.170s][info   ][gc,stats    ]    Subphase: Concurrent Classes Unload                     1.743 / 1.743         4.379 / 18.723        4.379 / 18.723        4.379 / 18.723      ms
[260.170s][info   ][gc,stats    ]    Subphase: Concurrent Mark                             214.788 / 215.381     176.674 / 273.889     176.674 / 273.889     176.674 / 273.889     ms
[260.170s][info   ][gc,stats    ]    Subphase: Concurrent Mark Idle                          1.138 / 1.187         1.137 / 1.194         1.137 / 1.194         1.137 / 1.194       ms
[260.170s][info   ][gc,stats    ]    Subphase: Concurrent Mark Try Flush                     0.078 / 0.129         0.087 / 0.545         0.087 / 0.545         0.087 / 0.545       ms
[260.170s][info   ][gc,stats    ]    Subphase: Concurrent Mark Try Terminate                 1.136 / 1.190         1.135 / 1.197         1.135 / 1.197         1.135 / 1.197       ms
[260.170s][info   ][gc,stats    ]    Subphase: Concurrent References Enqueue                 0.005 / 0.005         0.005 / 0.007         0.005 / 0.007         0.005 / 0.007       ms
[260.170s][info   ][gc,stats    ]    Subphase: Concurrent References Process                 0.087 / 0.087         0.077 / 0.140         0.077 / 0.140         0.077 / 0.140       ms
[260.170s][info   ][gc,stats    ]    Subphase: Concurrent Roots                              0.074 / 0.488         0.144 / 2.807         0.144 / 2.807         0.144 / 2.807       ms
[260.170s][info   ][gc,stats    ]    Subphase: Concurrent Roots ClassLoaderDataGraph         0.071 / 0.485         0.138 / 2.804         0.138 / 2.804         0.138 / 2.804       ms
[260.170s][info   ][gc,stats    ]    Subphase: Concurrent Roots JNIHandles                   0.014 / 0.022         0.076 / 0.551         0.076 / 0.551         0.076 / 0.551       ms
[260.170s][info   ][gc,stats    ]    Subphase: Concurrent Roots Setup                        0.110 / 0.110         0.451 / 1.622         0.451 / 1.622         0.451 / 1.622       ms
[260.170s][info   ][gc,stats    ]    Subphase: Concurrent Roots Teardown                     0.001 / 0.001         0.001 / 0.001         0.001 / 0.001         0.001 / 0.001       ms
[260.170s][info   ][gc,stats    ]    Subphase: Concurrent Weak Roots                         0.177 / 0.196         0.340 / 1.376         0.340 / 1.376         0.340 / 1.376       ms
[260.170s][info   ][gc,stats    ]    Subphase: Concurrent Weak Roots JNIWeakHandles          0.003 / 0.008         0.004 / 0.073         0.004 / 0.073         0.004 / 0.073       ms
[260.170s][info   ][gc,stats    ]    Subphase: Concurrent Weak Roots StringTable             0.150 / 0.161         0.313 / 1.327         0.313 / 1.327         0.313 / 1.327       ms
[260.170s][info   ][gc,stats    ]    Subphase: Concurrent Weak Roots VMWeakHandles           0.022 / 0.052         0.024 / 0.052         0.024 / 0.052         0.024 / 0.052       ms
[260.170s][info   ][gc,stats    ]    Subphase: Pause Mark Try Complete                       0.152 / 0.361         0.222 / 1.009         0.222 / 1.009         0.222 / 1.009       ms
[260.170s][info   ][gc,stats    ]    Subphase: Pause Roots                                   0.045 / 0.233         0.070 / 1.060         0.070 / 1.060         0.070 / 1.060       ms
[260.170s][info   ][gc,stats    ]    Subphase: Pause Roots CodeCache                         0.000 / 0.000         0.000 / 0.000         0.000 / 0.000         0.000 / 0.000       ms
[260.170s][info   ][gc,stats    ]    Subphase: Pause Roots JVMTIExport                       0.002 / 0.002         0.002 / 0.017         0.002 / 0.017         0.002 / 0.017       ms
[260.170s][info   ][gc,stats    ]    Subphase: Pause Roots JVMTIWeakExport                   0.001 / 0.001         0.001 / 0.001         0.001 / 0.001         0.001 / 0.001       ms
[260.170s][info   ][gc,stats    ]    Subphase: Pause Roots Management                        0.012 / 0.018         0.028 / 0.430         0.028 / 0.430         0.028 / 0.430       ms
[260.170s][info   ][gc,stats    ]    Subphase: Pause Roots ObjectSynchronizer                0.001 / 0.001         0.002 / 0.011         0.002 / 0.011         0.002 / 0.011       ms
[260.170s][info   ][gc,stats    ]    Subphase: Pause Roots Setup                             0.001 / 0.001         0.001 / 0.002         0.001 / 0.002         0.001 / 0.002       ms
[260.170s][info   ][gc,stats    ]    Subphase: Pause Roots SystemDictionary                  0.048 / 0.077         0.096 / 0.734         0.096 / 0.734         0.096 / 0.734       ms
[260.170s][info   ][gc,stats    ]    Subphase: Pause Roots Teardown                          0.004 / 0.007         0.004 / 0.009         0.004 / 0.009         0.004 / 0.009       ms
[260.170s][info   ][gc,stats    ]    Subphase: Pause Roots Threads                           0.044 / 0.221         0.086 / 1.042         0.086 / 1.042         0.086 / 1.042       ms
[260.170s][info   ][gc,stats    ]    Subphase: Pause Roots Universe                          0.006 / 0.007         0.040 / 0.626         0.040 / 0.626         0.040 / 0.626       ms
[260.170s][info   ][gc,stats    ]    Subphase: Pause Weak Roots                              0.001 / 0.006         0.001 / 0.007         0.001 / 0.007         0.001 / 0.007       ms
[260.170s][info   ][gc,stats    ]    Subphase: Pause Weak Roots JFRWeak                      0.001 / 0.001         0.001 / 0.001         0.001 / 0.001         0.001 / 0.001       ms
[260.170s][info   ][gc,stats    ]    Subphase: Pause Weak Roots JVMTIWeakExport              0.001 / 0.001         0.001 / 0.001         0.001 / 0.001         0.001 / 0.001       ms
[260.170s][info   ][gc,stats    ]    Subphase: Pause Weak Roots Setup                        0.001 / 0.001         0.001 / 0.001         0.001 / 0.001         0.001 / 0.001       ms
[260.170s][info   ][gc,stats    ]    Subphase: Pause Weak Roots Teardown                     0.001 / 0.001         0.001 / 0.002         0.001 / 0.002         0.001 / 0.002       ms
[260.170s][info   ][gc,stats    ]      System: Java Threads                                     62 / 62               54 / 65               54 / 65               54 / 65          threads
[260.170s][info   ][gc,stats    ] =========================================================================================================================================================
[270.170s][info   ][gc,stats    ] === Garbage Collection Statistics =======================================================================================================================
[270.170s][info   ][gc,stats    ]                                                              Last 10s              Last 10m              Last 10h                Total
[270.170s][info   ][gc,stats    ]                                                              Avg / Max             Avg / Max             Avg / Max             Avg / Max
[270.170s][info   ][gc,stats    ]   Collector: Garbage Collection Cycle                      0.000 / 0.000       360.588 / 515.532     360.588 / 515.532     360.588 / 515.532     ms
[270.170s][info   ][gc,stats    ]  Contention: Mark Segment Reset Contention                     0 / 0                15 / 850              15 / 850              15 / 850         ops/s
[270.170s][info   ][gc,stats    ]  Contention: Mark SeqNum Reset Contention                      0 / 0                 0 / 9                 0 / 9                 0 / 9           ops/s
[270.170s][info   ][gc,stats    ]  Contention: Relocation Contention                             0 / 0                 0 / 38                0 / 38                0 / 38          ops/s
[270.170s][info   ][gc,stats    ]    Critical: Allocation Stall                              0.000 / 0.000         0.000 / 0.000         0.000 / 0.000         0.000 / 0.000       ms
[270.170s][info   ][gc,stats    ]    Critical: Allocation Stall                                  0 / 0                 0 / 0                 0 / 0                 0 / 0           ops/s
[270.170s][info   ][gc,stats    ]    Critical: GC Locker Stall                               0.000 / 0.000         0.000 / 0.000         0.000 / 0.000         0.000 / 0.000       ms
[270.170s][info   ][gc,stats    ]    Critical: GC Locker Stall                                   0 / 0                 0 / 0                 0 / 0                 0 / 0           ops/s
[270.170s][info   ][gc,stats    ]      Memory: Allocation Rate                                 607 / 672             610 / 1436            610 / 1436            610 / 1436        MB/s
[270.170s][info   ][gc,stats    ]      Memory: Heap Used After Mark                              0 / 0             18511 / 30288         18511 / 30288         18511 / 30288       MB
[270.170s][info   ][gc,stats    ]      Memory: Heap Used After Relocation                        0 / 0              3213 / 4228           3213 / 4228           3213 / 4228        MB
[270.170s][info   ][gc,stats    ]      Memory: Heap Used Before Mark                             0 / 0             18345 / 30112         18345 / 30112         18345 / 30112       MB
[270.170s][info   ][gc,stats    ]      Memory: Heap Used Before Relocation                       0 / 0             12610 / 20378         12610 / 20378         12610 / 20378       MB
[270.170s][info   ][gc,stats    ]      Memory: Out Of Memory                                     0 / 0                 0 / 0                 0 / 0                 0 / 0           ops/s
[270.170s][info   ][gc,stats    ]      Memory: Page Cache Flush                                  0 / 0                 0 / 0                 0 / 0                 0 / 0           MB/s
[270.170s][info   ][gc,stats    ]      Memory: Page Cache Hit L1                               291 / 321             269 / 1642            269 / 1642            269 / 1642        ops/s
[270.170s][info   ][gc,stats    ]      Memory: Page Cache Hit L2                                 0 / 0                 2 / 179               2 / 179               2 / 179         ops/s
[270.170s][info   ][gc,stats    ]      Memory: Page Cache Miss                                   0 / 0                54 / 341              54 / 341              54 / 341         ops/s
[270.170s][info   ][gc,stats    ]      Memory: Undo Object Allocation Failed                     0 / 0                 0 / 0                 0 / 0                 0 / 0           ops/s
[270.170s][info   ][gc,stats    ]      Memory: Undo Object Allocation Succeeded                  0 / 0                 0 / 38                0 / 38                0 / 38          ops/s
[270.170s][info   ][gc,stats    ]      Memory: Undo Page Allocation                              0 / 0                 0 / 69                0 / 69                0 / 69          ops/s
[270.170s][info   ][gc,stats    ]       Phase: Concurrent Destroy Detached Pages             0.000 / 0.000         0.001 / 0.001         0.001 / 0.001         0.001 / 0.001       ms
[270.170s][info   ][gc,stats    ]       Phase: Concurrent Mark                               0.000 / 0.000       196.400 / 275.553     196.400 / 275.553     196.400 / 275.553     ms
[270.170s][info   ][gc,stats    ]       Phase: Concurrent Mark Continue                      0.000 / 0.000         1.416 / 1.416         1.416 / 1.416         1.416 / 1.416       ms
[270.170s][info   ][gc,stats    ]       Phase: Concurrent Prepare Relocation Set             0.000 / 0.000        42.833 / 89.649       42.833 / 89.649       42.833 / 89.649      ms
[270.170s][info   ][gc,stats    ]       Phase: Concurrent Process Non-Strong References      0.000 / 0.000         4.892 / 19.270        4.892 / 19.270        4.892 / 19.270      ms
[270.170s][info   ][gc,stats    ]       Phase: Concurrent Relocate                           0.000 / 0.000       103.711 / 165.671     103.711 / 165.671     103.711 / 165.671     ms
[270.170s][info   ][gc,stats    ]       Phase: Concurrent Reset Relocation Set               0.000 / 0.000         4.477 / 14.653        4.477 / 14.653        4.477 / 14.653      ms
[270.170s][info   ][gc,stats    ]       Phase: Concurrent Select Relocation Set              0.000 / 0.000         5.181 / 12.148        5.181 / 12.148        5.181 / 12.148      ms
[270.170s][info   ][gc,stats    ]       Phase: Pause Mark End                                0.000 / 0.000         0.807 / 1.253         0.807 / 1.253         0.807 / 1.253       ms
[270.170s][info   ][gc,stats    ]       Phase: Pause Mark Start                              0.000 / 0.000         0.561 / 1.400         0.561 / 1.400         0.561 / 1.400       ms
[270.170s][info   ][gc,stats    ]       Phase: Pause Relocate Start                          0.000 / 0.000         0.288 / 1.025         0.288 / 1.025         0.288 / 1.025       ms
[270.170s][info   ][gc,stats    ]       Phase: Pause Verify                                  0.000 / 0.000         0.000 / 0.000         0.000 / 0.000         0.000 / 0.000       ms
[270.170s][info   ][gc,stats    ]    Subphase: Concurrent Classes Unload                     0.000 / 0.000         4.379 / 18.723        4.379 / 18.723        4.379 / 18.723      ms
[270.170s][info   ][gc,stats    ]    Subphase: Concurrent Mark                               0.000 / 0.000       176.674 / 273.889     176.674 / 273.889     176.674 / 273.889     ms
[270.170s][info   ][gc,stats    ]    Subphase: Concurrent Mark Idle                          0.000 / 0.000         1.137 / 1.194         1.137 / 1.194         1.137 / 1.194       ms
[270.170s][info   ][gc,stats    ]    Subphase: Concurrent Mark Try Flush                     0.000 / 0.000         0.087 / 0.545         0.087 / 0.545         0.087 / 0.545       ms
[270.170s][info   ][gc,stats    ]    Subphase: Concurrent Mark Try Terminate                 0.000 / 0.000         1.135 / 1.197         1.135 / 1.197         1.135 / 1.197       ms
[270.170s][info   ][gc,stats    ]    Subphase: Concurrent References Enqueue                 0.000 / 0.000         0.005 / 0.007         0.005 / 0.007         0.005 / 0.007       ms
[270.170s][info   ][gc,stats    ]    Subphase: Concurrent References Process                 0.000 / 0.000         0.077 / 0.140         0.077 / 0.140         0.077 / 0.140       ms
[270.170s][info   ][gc,stats    ]    Subphase: Concurrent Roots                              0.000 / 0.000         0.144 / 2.807         0.144 / 2.807         0.144 / 2.807       ms
[270.170s][info   ][gc,stats    ]    Subphase: Concurrent Roots ClassLoaderDataGraph         0.000 / 0.000         0.138 / 2.804         0.138 / 2.804         0.138 / 2.804       ms
[270.170s][info   ][gc,stats    ]    Subphase: Concurrent Roots JNIHandles                   0.000 / 0.000         0.076 / 0.551         0.076 / 0.551         0.076 / 0.551       ms
[270.170s][info   ][gc,stats    ]    Subphase: Concurrent Roots Setup                        0.000 / 0.000         0.451 / 1.622         0.451 / 1.622         0.451 / 1.622       ms
[270.170s][info   ][gc,stats    ]    Subphase: Concurrent Roots Teardown                     0.000 / 0.000         0.001 / 0.001         0.001 / 0.001         0.001 / 0.001       ms
[270.170s][info   ][gc,stats    ]    Subphase: Concurrent Weak Roots                         0.000 / 0.000         0.340 / 1.376         0.340 / 1.376         0.340 / 1.376       ms
[270.170s][info   ][gc,stats    ]    Subphase: Concurrent Weak Roots JNIWeakHandles          0.000 / 0.000         0.004 / 0.073         0.004 / 0.073         0.004 / 0.073       ms
[270.170s][info   ][gc,stats    ]    Subphase: Concurrent Weak Roots StringTable             0.000 / 0.000         0.313 / 1.327         0.313 / 1.327         0.313 / 1.327       ms
[270.170s][info   ][gc,stats    ]    Subphase: Concurrent Weak Roots VMWeakHandles           0.000 / 0.000         0.024 / 0.052         0.024 / 0.052         0.024 / 0.052       ms
[270.170s][info   ][gc,stats    ]    Subphase: Pause Mark Try Complete                       0.000 / 0.000         0.222 / 1.009         0.222 / 1.009         0.222 / 1.009       ms
[270.170s][info   ][gc,stats    ]    Subphase: Pause Roots                                   0.000 / 0.000         0.070 / 1.060         0.070 / 1.060         0.070 / 1.060       ms
[270.170s][info   ][gc,stats    ]    Subphase: Pause Roots CodeCache                         0.000 / 0.000         0.000 / 0.000         0.000 / 0.000         0.000 / 0.000       ms
[270.170s][info   ][gc,stats    ]    Subphase: Pause Roots JVMTIExport                       0.000 / 0.000         0.002 / 0.017         0.002 / 0.017         0.002 / 0.017       ms
[270.170s][info   ][gc,stats    ]    Subphase: Pause Roots JVMTIWeakExport                   0.000 / 0.000         0.001 / 0.001         0.001 / 0.001         0.001 / 0.001       ms
[270.170s][info   ][gc,stats    ]    Subphase: Pause Roots Management                        0.000 / 0.000         0.028 / 0.430         0.028 / 0.430         0.028 / 0.430       ms
[270.170s][info   ][gc,stats    ]    Subphase: Pause Roots ObjectSynchronizer                0.000 / 0.000         0.002 / 0.011         0.002 / 0.011         0.002 / 0.011       ms
[270.170s][info   ][gc,stats    ]    Subphase: Pause Roots Setup                             0.000 / 0.000         0.001 / 0.002         0.001 / 0.002         0.001 / 0.002       ms
[270.170s][info   ][gc,stats    ]    Subphase: Pause Roots SystemDictionary                  0.000 / 0.000         0.096 / 0.734         0.096 / 0.734         0.096 / 0.734       ms
[270.170s][info   ][gc,stats    ]    Subphase: Pause Roots Teardown                          0.000 / 0.000         0.004 / 0.009         0.004 / 0.009         0.004 / 0.009       ms
[270.170s][info   ][gc,stats    ]    Subphase: Pause Roots Threads                           0.000 / 0.000         0.086 / 1.042         0.086 / 1.042         0.086 / 1.042       ms
[270.170s][info   ][gc,stats    ]    Subphase: Pause Roots Universe                          0.000 / 0.000         0.040 / 0.626         0.040 / 0.626         0.040 / 0.626       ms
[270.170s][info   ][gc,stats    ]    Subphase: Pause Weak Roots                              0.000 / 0.000         0.001 / 0.007         0.001 / 0.007         0.001 / 0.007       ms
[270.170s][info   ][gc,stats    ]    Subphase: Pause Weak Roots JFRWeak                      0.000 / 0.000         0.001 / 0.001         0.001 / 0.001         0.001 / 0.001       ms
[270.170s][info   ][gc,stats    ]    Subphase: Pause Weak Roots JVMTIWeakExport              0.000 / 0.000         0.001 / 0.001         0.001 / 0.001         0.001 / 0.001       ms
[270.170s][info   ][gc,stats    ]    Subphase: Pause Weak Roots Setup                        0.000 / 0.000         0.001 / 0.001         0.001 / 0.001         0.001 / 0.001       ms
[270.170s][info   ][gc,stats    ]    Subphase: Pause Weak Roots Teardown                     0.000 / 0.000         0.001 / 0.002         0.001 / 0.002         0.001 / 0.002       ms
[270.170s][info   ][gc,stats    ]      System: Java Threads                                      0 / 0                54 / 65               54 / 65               54 / 65          threads
[270.170s][info   ][gc,stats    ] =========================================================================================================================================================
[278.769s][info   ][gc,start    ] GC(10) Garbage Collection (Proactive)
[278.770s][info   ][gc,phases   ] GC(10) Pause Mark Start 0.706ms
[278.979s][info   ][gc,phases   ] GC(10) Concurrent Mark 208.709ms
[278.980s][info   ][gc,phases   ] GC(10) Pause Mark End 0.829ms
[278.984s][info   ][gc,phases   ] GC(10) Concurrent Process Non-Strong References 3.790ms
[278.989s][info   ][gc,phases   ] GC(10) Concurrent Reset Relocation Set 4.347ms
[278.989s][info   ][gc,phases   ] GC(10) Concurrent Destroy Detached Pages 0.001ms
[278.991s][info   ][gc,phases   ] GC(10) Concurrent Select Relocation Set 2.806ms
[279.029s][info   ][gc,phases   ] GC(10) Concurrent Prepare Relocation Set 37.205ms
[279.029s][info   ][gc,phases   ] GC(10) Pause Relocate Start 0.208ms
[279.121s][info   ][gc,phases   ] GC(10) Concurrent Relocate 92.154ms
[279.121s][info   ][gc,load     ] GC(10) Load: 2.94/2.09/0.92
[279.121s][info   ][gc,mmu      ] GC(10) MMU: 2ms/30.0%, 5ms/69.9%, 10ms/81.7%, 20ms/87.7%, 50ms/95.1%, 100ms/97.5%
[279.121s][info   ][gc,marking  ] GC(10) Mark: 8 stripe(s), 10 proactive flush(es), 2 terminate flush(es), 1 completion(s), 0 continuation(s) 
[279.121s][info   ][gc,reloc    ] GC(10) Relocation: Successful, 1751M relocated
[279.121s][info   ][gc,nmethod  ] GC(10) NMethods: 5998 registered, 667 unregistered
[279.121s][info   ][gc,metaspace] GC(10) Metaspace: 40M used, 41M capacity, 41M committed, 42M reserved
[279.121s][info   ][gc,ref      ] GC(10) Soft: 3327 encountered, 0 discovered, 0 enqueued
[279.121s][info   ][gc,ref      ] GC(10) Weak: 1530 encountered, 660 discovered, 0 enqueued
[279.121s][info   ][gc,ref      ] GC(10) Final: 31 encountered, 4 discovered, 4 enqueued
[279.121s][info   ][gc,ref      ] GC(10) Phantom: 120 encountered, 96 discovered, 0 enqueued
[279.121s][info   ][gc,heap     ] GC(10)                Mark Start          Mark End        Relocate Start      Relocate End           High               Low         
[279.121s][info   ][gc,heap     ] GC(10)  Capacity:    30390M (30%)       30390M (30%)       30390M (30%)       30390M (30%)       30390M (30%)       30390M (30%)    
[279.121s][info   ][gc,heap     ] GC(10)   Reserve:       80M (0%)           80M (0%)           80M (0%)           80M (0%)           80M (0%)           80M (0%)     
[279.121s][info   ][gc,heap     ] GC(10)      Free:    84292M (84%)       84112M (84%)       88628M (88%)       96172M (96%)       96172M (96%)       84106M (84%)    
[279.122s][info   ][gc,heap     ] GC(10)      Used:    15980M (16%)       16160M (16%)       11644M (12%)        4100M (4%)        16166M (16%)        4100M (4%)     
[279.122s][info   ][gc,heap     ] GC(10)      Live:         -              3528M (4%)         3528M (4%)         3528M (4%)             -                  -          
[279.122s][info   ][gc,heap     ] GC(10) Allocated:         -               180M (0%)          226M (0%)         1842M (2%)             -                  -          
[279.122s][info   ][gc,heap     ] GC(10)   Garbage:         -             12451M (12%)        7889M (8%)          285M (0%)             -                  -          
[279.122s][info   ][gc,heap     ] GC(10) Reclaimed:         -                  -              4562M (5%)        12166M (12%)            -                  -          
[279.122s][info   ][gc          ] GC(10) Garbage Collection (Proactive) 15980M(16%)->4100M(4%)
[280.170s][info   ][gc,stats    ] === Garbage Collection Statistics =======================================================================================================================
[280.170s][info   ][gc,stats    ]                                                              Last 10s              Last 10m              Last 10h                Total
[280.170s][info   ][gc,stats    ]                                                              Avg / Max             Avg / Max             Avg / Max             Avg / Max
[280.170s][info   ][gc,stats    ]   Collector: Garbage Collection Cycle                    351.854 / 351.854     359.794 / 515.532     359.794 / 515.532     359.794 / 515.532     ms
[280.170s][info   ][gc,stats    ]  Contention: Mark Segment Reset Contention                    40 / 404              16 / 850              16 / 850              16 / 850         ops/s
[280.170s][info   ][gc,stats    ]  Contention: Mark SeqNum Reset Contention                      0 / 0                 0 / 9                 0 / 9                 0 / 9           ops/s
[280.170s][info   ][gc,stats    ]  Contention: Relocation Contention                             0 / 8                 0 / 38                0 / 38                0 / 38          ops/s
[280.170s][info   ][gc,stats    ]    Critical: Allocation Stall                              0.000 / 0.000         0.000 / 0.000         0.000 / 0.000         0.000 / 0.000       ms
[280.170s][info   ][gc,stats    ]    Critical: Allocation Stall                                  0 / 0                 0 / 0                 0 / 0                 0 / 0           ops/s
[280.170s][info   ][gc,stats    ]    Critical: GC Locker Stall                               0.000 / 0.000         0.000 / 0.000         0.000 / 0.000         0.000 / 0.000       ms
[280.170s][info   ][gc,stats    ]    Critical: GC Locker Stall                                   0 / 0                 0 / 0                 0 / 0                 0 / 0           ops/s
[280.170s][info   ][gc,stats    ]      Memory: Allocation Rate                                 613 / 732             610 / 1436            610 / 1436            610 / 1436        MB/s
[280.170s][info   ][gc,stats    ]      Memory: Heap Used After Mark                          16160 / 16160         18297 / 30288         18297 / 30288         18297 / 30288       MB
[280.170s][info   ][gc,stats    ]      Memory: Heap Used After Relocation                     4100 / 4100           3293 / 4228           3293 / 4228           3293 / 4228        MB
[280.170s][info   ][gc,stats    ]      Memory: Heap Used Before Mark                         15980 / 15980         18130 / 30112         18130 / 30112         18130 / 30112       MB
[280.170s][info   ][gc,stats    ]      Memory: Heap Used Before Relocation                   11644 / 11644         12522 / 20378         12522 / 20378         12522 / 20378       MB
[280.170s][info   ][gc,stats    ]      Memory: Out Of Memory                                     0 / 0                 0 / 0                 0 / 0                 0 / 0           ops/s
[280.170s][info   ][gc,stats    ]      Memory: Page Cache Flush                                  0 / 0                 0 / 0                 0 / 0                 0 / 0           MB/s
[280.170s][info   ][gc,stats    ]      Memory: Page Cache Hit L1                               373 / 1112            273 / 1642            273 / 1642            273 / 1642        ops/s
[280.170s][info   ][gc,stats    ]      Memory: Page Cache Hit L2                                 0 / 0                 2 / 179               2 / 179               2 / 179         ops/s
[280.170s][info   ][gc,stats    ]      Memory: Page Cache Miss                                   0 / 0                52 / 341              52 / 341              52 / 341         ops/s
[280.170s][info   ][gc,stats    ]      Memory: Undo Object Allocation Failed                     0 / 0                 0 / 0                 0 / 0                 0 / 0           ops/s
[280.170s][info   ][gc,stats    ]      Memory: Undo Object Allocation Succeeded                  0 / 8                 0 / 38                0 / 38                0 / 38          ops/s
[280.170s][info   ][gc,stats    ]      Memory: Undo Page Allocation                              0 / 0                 0 / 69                0 / 69                0 / 69          ops/s
[280.170s][info   ][gc,stats    ]       Phase: Concurrent Destroy Detached Pages             0.001 / 0.001         0.001 / 0.001         0.001 / 0.001         0.001 / 0.001       ms
[280.170s][info   ][gc,stats    ]       Phase: Concurrent Mark                             208.709 / 208.709     197.519 / 275.553     197.519 / 275.553     197.519 / 275.553     ms
[280.170s][info   ][gc,stats    ]       Phase: Concurrent Mark Continue                      0.000 / 0.000         1.416 / 1.416         1.416 / 1.416         1.416 / 1.416       ms
[280.170s][info   ][gc,stats    ]       Phase: Concurrent Prepare Relocation Set            37.205 / 37.205       42.321 / 89.649       42.321 / 89.649       42.321 / 89.649      ms
[280.170s][info   ][gc,stats    ]       Phase: Concurrent Process Non-Strong References      3.790 / 3.790         4.792 / 19.270        4.792 / 19.270        4.792 / 19.270      ms
[280.170s][info   ][gc,stats    ]       Phase: Concurrent Relocate                          92.154 / 92.154      102.660 / 165.671     102.660 / 165.671     102.660 / 165.671     ms
[280.170s][info   ][gc,stats    ]       Phase: Concurrent Reset Relocation Set               4.347 / 4.347         4.466 / 14.653        4.466 / 14.653        4.466 / 14.653      ms
[280.170s][info   ][gc,stats    ]       Phase: Concurrent Select Relocation Set              2.806 / 2.806         4.965 / 12.148        4.965 / 12.148        4.965 / 12.148      ms
[280.171s][info   ][gc,stats    ]       Phase: Pause Mark End                                0.829 / 0.829         0.809 / 1.253         0.809 / 1.253         0.809 / 1.253       ms
[280.171s][info   ][gc,stats    ]       Phase: Pause Mark Start                              0.706 / 0.706         0.574 / 1.400         0.574 / 1.400         0.574 / 1.400       ms
[280.171s][info   ][gc,stats    ]       Phase: Pause Relocate Start                          0.208 / 0.208         0.280 / 1.025         0.280 / 1.025         0.280 / 1.025       ms
[280.171s][info   ][gc,stats    ]       Phase: Pause Verify                                  0.000 / 0.000         0.000 / 0.000         0.000 / 0.000         0.000 / 0.000       ms
[280.171s][info   ][gc,stats    ]    Subphase: Concurrent Classes Unload                     2.621 / 2.621         4.220 / 18.723        4.220 / 18.723        4.220 / 18.723      ms
[280.171s][info   ][gc,stats    ]    Subphase: Concurrent Mark                             205.494 / 206.188     179.076 / 273.889     179.076 / 273.889     179.076 / 273.889     ms
[280.171s][info   ][gc,stats    ]    Subphase: Concurrent Mark Idle                          1.138 / 1.365         1.137 / 1.365         1.137 / 1.365         1.137 / 1.365       ms
[280.171s][info   ][gc,stats    ]    Subphase: Concurrent Mark Try Flush                     0.074 / 0.130         0.085 / 0.545         0.085 / 0.545         0.085 / 0.545       ms
[280.171s][info   ][gc,stats    ]    Subphase: Concurrent Mark Try Terminate                 1.136 / 1.367         1.135 / 1.367         1.135 / 1.367         1.135 / 1.367       ms
[280.171s][info   ][gc,stats    ]    Subphase: Concurrent References Enqueue                 0.004 / 0.004         0.005 / 0.007         0.005 / 0.007         0.005 / 0.007       ms
[280.171s][info   ][gc,stats    ]    Subphase: Concurrent References Process                 0.133 / 0.133         0.083 / 0.140         0.083 / 0.140         0.083 / 0.140       ms
[280.171s][info   ][gc,stats    ]    Subphase: Concurrent Roots                              0.145 / 1.510         0.144 / 2.807         0.144 / 2.807         0.144 / 2.807       ms
[280.171s][info   ][gc,stats    ]    Subphase: Concurrent Roots ClassLoaderDataGraph         0.143 / 1.496         0.139 / 2.804         0.139 / 2.804         0.139 / 2.804       ms
[280.171s][info   ][gc,stats    ]    Subphase: Concurrent Roots JNIHandles                   0.020 / 0.059         0.071 / 0.551         0.071 / 0.551         0.071 / 0.551       ms
[280.171s][info   ][gc,stats    ]    Subphase: Concurrent Roots Setup                        0.800 / 0.800         0.483 / 1.622         0.483 / 1.622         0.483 / 1.622       ms
[280.171s][info   ][gc,stats    ]    Subphase: Concurrent Roots Teardown                     0.001 / 0.001         0.001 / 0.001         0.001 / 0.001         0.001 / 0.001       ms
[280.171s][info   ][gc,stats    ]    Subphase: Concurrent Weak Roots                         0.726 / 0.977         0.375 / 1.376         0.375 / 1.376         0.375 / 1.376       ms
[280.171s][info   ][gc,stats    ]    Subphase: Concurrent Weak Roots JNIWeakHandles          0.003 / 0.009         0.004 / 0.073         0.004 / 0.073         0.004 / 0.073       ms
[280.171s][info   ][gc,stats    ]    Subphase: Concurrent Weak Roots StringTable             0.698 / 0.953         0.348 / 1.327         0.348 / 1.327         0.348 / 1.327       ms
[280.171s][info   ][gc,stats    ]    Subphase: Concurrent Weak Roots VMWeakHandles           0.024 / 0.039         0.024 / 0.052         0.024 / 0.052         0.024 / 0.052       ms
[280.171s][info   ][gc,stats    ]    Subphase: Pause Mark Try Complete                       0.246 / 0.522         0.224 / 1.009         0.224 / 1.009         0.224 / 1.009       ms
[280.171s][info   ][gc,stats    ]    Subphase: Pause Roots                                   0.055 / 0.319         0.069 / 1.060         0.069 / 1.060         0.069 / 1.060       ms
[280.171s][info   ][gc,stats    ]    Subphase: Pause Roots CodeCache                         0.000 / 0.000         0.000 / 0.000         0.000 / 0.000         0.000 / 0.000       ms
[280.171s][info   ][gc,stats    ]    Subphase: Pause Roots JVMTIExport                       0.001 / 0.001         0.002 / 0.017         0.002 / 0.017         0.002 / 0.017       ms
[280.171s][info   ][gc,stats    ]    Subphase: Pause Roots JVMTIWeakExport                   0.001 / 0.001         0.001 / 0.001         0.001 / 0.001         0.001 / 0.001       ms
[280.171s][info   ][gc,stats    ]    Subphase: Pause Roots Management                        0.003 / 0.004         0.026 / 0.430         0.026 / 0.430         0.026 / 0.430       ms
[280.171s][info   ][gc,stats    ]    Subphase: Pause Roots ObjectSynchronizer                0.001 / 0.001         0.002 / 0.011         0.002 / 0.011         0.002 / 0.011       ms
[280.171s][info   ][gc,stats    ]    Subphase: Pause Roots Setup                             0.001 / 0.001         0.001 / 0.002         0.001 / 0.002         0.001 / 0.002       ms
[280.171s][info   ][gc,stats    ]    Subphase: Pause Roots SystemDictionary                  0.049 / 0.087         0.092 / 0.734         0.092 / 0.734         0.092 / 0.734       ms
[280.171s][info   ][gc,stats    ]    Subphase: Pause Roots Teardown                          0.006 / 0.009         0.004 / 0.009         0.004 / 0.009         0.004 / 0.009       ms
[280.171s][info   ][gc,stats    ]    Subphase: Pause Roots Threads                           0.071 / 0.240         0.085 / 1.042         0.085 / 1.042         0.085 / 1.042       ms
[280.171s][info   ][gc,stats    ]    Subphase: Pause Roots Universe                          0.012 / 0.018         0.038 / 0.626         0.038 / 0.626         0.038 / 0.626       ms
[280.171s][info   ][gc,stats    ]    Subphase: Pause Weak Roots                              0.001 / 0.006         0.001 / 0.007         0.001 / 0.007         0.001 / 0.007       ms
[280.171s][info   ][gc,stats    ]    Subphase: Pause Weak Roots JFRWeak                      0.001 / 0.001         0.001 / 0.001         0.001 / 0.001         0.001 / 0.001       ms
[280.171s][info   ][gc,stats    ]    Subphase: Pause Weak Roots JVMTIWeakExport              0.001 / 0.001         0.001 / 0.001         0.001 / 0.001         0.001 / 0.001       ms
[280.171s][info   ][gc,stats    ]    Subphase: Pause Weak Roots Setup                        0.001 / 0.001         0.001 / 0.001         0.001 / 0.001         0.001 / 0.001       ms
[280.171s][info   ][gc,stats    ]    Subphase: Pause Weak Roots Teardown                     0.001 / 0.001         0.001 / 0.002         0.001 / 0.002         0.001 / 0.002       ms
[280.171s][info   ][gc,stats    ]      System: Java Threads                                     62 / 62               55 / 65               55 / 65               55 / 65          threads
[280.171s][info   ][gc,stats    ] =========================================================================================================================================================
[290.170s][info   ][gc,stats    ] === Garbage Collection Statistics =======================================================================================================================
[290.170s][info   ][gc,stats    ]                                                              Last 10s              Last 10m              Last 10h                Total
[290.170s][info   ][gc,stats    ]                                                              Avg / Max             Avg / Max             Avg / Max             Avg / Max
[290.170s][info   ][gc,stats    ]   Collector: Garbage Collection Cycle                      0.000 / 0.000       359.794 / 515.532     359.794 / 515.532     359.794 / 515.532     ms
[290.170s][info   ][gc,stats    ]  Contention: Mark Segment Reset Contention                     0 / 0                15 / 850              15 / 850              15 / 850         ops/s
[290.170s][info   ][gc,stats    ]  Contention: Mark SeqNum Reset Contention                      0 / 0                 0 / 9                 0 / 9                 0 / 9           ops/s
[290.170s][info   ][gc,stats    ]  Contention: Relocation Contention                             0 / 0                 0 / 38                0 / 38                0 / 38          ops/s
[290.170s][info   ][gc,stats    ]    Critical: Allocation Stall                              0.000 / 0.000         0.000 / 0.000         0.000 / 0.000         0.000 / 0.000       ms
[290.170s][info   ][gc,stats    ]    Critical: Allocation Stall                                  0 / 0                 0 / 0                 0 / 0                 0 / 0           ops/s
[290.170s][info   ][gc,stats    ]    Critical: GC Locker Stall                               0.000 / 0.000         0.000 / 0.000         0.000 / 0.000         0.000 / 0.000       ms
[290.170s][info   ][gc,stats    ]    Critical: GC Locker Stall                                   0 / 0                 0 / 0                 0 / 0                 0 / 0           ops/s
[290.170s][info   ][gc,stats    ]      Memory: Allocation Rate                                 647 / 714             611 / 1436            611 / 1436            611 / 1436        MB/s
[290.170s][info   ][gc,stats    ]      Memory: Heap Used After Mark                              0 / 0             18297 / 30288         18297 / 30288         18297 / 30288       MB
[290.170s][info   ][gc,stats    ]      Memory: Heap Used After Relocation                        0 / 0              3293 / 4228           3293 / 4228           3293 / 4228        MB
[290.170s][info   ][gc,stats    ]      Memory: Heap Used Before Mark                             0 / 0             18130 / 30112         18130 / 30112         18130 / 30112       MB
[290.170s][info   ][gc,stats    ]      Memory: Heap Used Before Relocation                       0 / 0             12522 / 20378         12522 / 20378         12522 / 20378       MB
[290.170s][info   ][gc,stats    ]      Memory: Out Of Memory                                     0 / 0                 0 / 0                 0 / 0                 0 / 0           ops/s
[290.170s][info   ][gc,stats    ]      Memory: Page Cache Flush                                  0 / 0                 0 / 0                 0 / 0                 0 / 0           MB/s
[290.170s][info   ][gc,stats    ]      Memory: Page Cache Hit L1                               311 / 357             274 / 1642            274 / 1642            274 / 1642        ops/s
[290.170s][info   ][gc,stats    ]      Memory: Page Cache Hit L2                                 0 / 0                 2 / 179               2 / 179               2 / 179         ops/s
[290.170s][info   ][gc,stats    ]      Memory: Page Cache Miss                                   0 / 0                50 / 341              50 / 341              50 / 341         ops/s
[290.170s][info   ][gc,stats    ]      Memory: Undo Object Allocation Failed                     0 / 0                 0 / 0                 0 / 0                 0 / 0           ops/s
[290.170s][info   ][gc,stats    ]      Memory: Undo Object Allocation Succeeded                  0 / 0                 0 / 38                0 / 38                0 / 38          ops/s
[290.170s][info   ][gc,stats    ]      Memory: Undo Page Allocation                              0 / 0                 0 / 69                0 / 69                0 / 69          ops/s
[290.170s][info   ][gc,stats    ]       Phase: Concurrent Destroy Detached Pages             0.000 / 0.000         0.001 / 0.001         0.001 / 0.001         0.001 / 0.001       ms
[290.170s][info   ][gc,stats    ]       Phase: Concurrent Mark                               0.000 / 0.000       197.519 / 275.553     197.519 / 275.553     197.519 / 275.553     ms
[290.170s][info   ][gc,stats    ]       Phase: Concurrent Mark Continue                      0.000 / 0.000         1.416 / 1.416         1.416 / 1.416         1.416 / 1.416       ms
[290.170s][info   ][gc,stats    ]       Phase: Concurrent Prepare Relocation Set             0.000 / 0.000        42.321 / 89.649       42.321 / 89.649       42.321 / 89.649      ms
[290.170s][info   ][gc,stats    ]       Phase: Concurrent Process Non-Strong References      0.000 / 0.000         4.792 / 19.270        4.792 / 19.270        4.792 / 19.270      ms
[290.170s][info   ][gc,stats    ]       Phase: Concurrent Relocate                           0.000 / 0.000       102.660 / 165.671     102.660 / 165.671     102.660 / 165.671     ms
[290.170s][info   ][gc,stats    ]       Phase: Concurrent Reset Relocation Set               0.000 / 0.000         4.466 / 14.653        4.466 / 14.653        4.466 / 14.653      ms
[290.170s][info   ][gc,stats    ]       Phase: Concurrent Select Relocation Set              0.000 / 0.000         4.965 / 12.148        4.965 / 12.148        4.965 / 12.148      ms
[290.170s][info   ][gc,stats    ]       Phase: Pause Mark End                                0.000 / 0.000         0.809 / 1.253         0.809 / 1.253         0.809 / 1.253       ms
[290.170s][info   ][gc,stats    ]       Phase: Pause Mark Start                              0.000 / 0.000         0.574 / 1.400         0.574 / 1.400         0.574 / 1.400       ms
[290.170s][info   ][gc,stats    ]       Phase: Pause Relocate Start                          0.000 / 0.000         0.280 / 1.025         0.280 / 1.025         0.280 / 1.025       ms
[290.170s][info   ][gc,stats    ]       Phase: Pause Verify                                  0.000 / 0.000         0.000 / 0.000         0.000 / 0.000         0.000 / 0.000       ms
[290.170s][info   ][gc,stats    ]    Subphase: Concurrent Classes Unload                     0.000 / 0.000         4.220 / 18.723        4.220 / 18.723        4.220 / 18.723      ms
[290.170s][info   ][gc,stats    ]    Subphase: Concurrent Mark                               0.000 / 0.000       179.076 / 273.889     179.076 / 273.889     179.076 / 273.889     ms
[290.170s][info   ][gc,stats    ]    Subphase: Concurrent Mark Idle                          0.000 / 0.000         1.137 / 1.365         1.137 / 1.365         1.137 / 1.365       ms
[290.170s][info   ][gc,stats    ]    Subphase: Concurrent Mark Try Flush                     0.000 / 0.000         0.085 / 0.545         0.085 / 0.545         0.085 / 0.545       ms
[290.170s][info   ][gc,stats    ]    Subphase: Concurrent Mark Try Terminate                 0.000 / 0.000         1.135 / 1.367         1.135 / 1.367         1.135 / 1.367       ms
[290.170s][info   ][gc,stats    ]    Subphase: Concurrent References Enqueue                 0.000 / 0.000         0.005 / 0.007         0.005 / 0.007         0.005 / 0.007       ms
[290.170s][info   ][gc,stats    ]    Subphase: Concurrent References Process                 0.000 / 0.000         0.083 / 0.140         0.083 / 0.140         0.083 / 0.140       ms
[290.170s][info   ][gc,stats    ]    Subphase: Concurrent Roots                              0.000 / 0.000         0.144 / 2.807         0.144 / 2.807         0.144 / 2.807       ms
[290.170s][info   ][gc,stats    ]    Subphase: Concurrent Roots ClassLoaderDataGraph         0.000 / 0.000         0.139 / 2.804         0.139 / 2.804         0.139 / 2.804       ms
[290.170s][info   ][gc,stats    ]    Subphase: Concurrent Roots JNIHandles                   0.000 / 0.000         0.071 / 0.551         0.071 / 0.551         0.071 / 0.551       ms
[290.170s][info   ][gc,stats    ]    Subphase: Concurrent Roots Setup                        0.000 / 0.000         0.483 / 1.622         0.483 / 1.622         0.483 / 1.622       ms
[290.170s][info   ][gc,stats    ]    Subphase: Concurrent Roots Teardown                     0.000 / 0.000         0.001 / 0.001         0.001 / 0.001         0.001 / 0.001       ms
[290.170s][info   ][gc,stats    ]    Subphase: Concurrent Weak Roots                         0.000 / 0.000         0.375 / 1.376         0.375 / 1.376         0.375 / 1.376       ms
[290.170s][info   ][gc,stats    ]    Subphase: Concurrent Weak Roots JNIWeakHandles          0.000 / 0.000         0.004 / 0.073         0.004 / 0.073         0.004 / 0.073       ms
[290.170s][info   ][gc,stats    ]    Subphase: Concurrent Weak Roots StringTable             0.000 / 0.000         0.348 / 1.327         0.348 / 1.327         0.348 / 1.327       ms
[290.170s][info   ][gc,stats    ]    Subphase: Concurrent Weak Roots VMWeakHandles           0.000 / 0.000         0.024 / 0.052         0.024 / 0.052         0.024 / 0.052       ms
[290.170s][info   ][gc,stats    ]    Subphase: Pause Mark Try Complete                       0.000 / 0.000         0.224 / 1.009         0.224 / 1.009         0.224 / 1.009       ms
[290.170s][info   ][gc,stats    ]    Subphase: Pause Roots                                   0.000 / 0.000         0.069 / 1.060         0.069 / 1.060         0.069 / 1.060       ms
[290.170s][info   ][gc,stats    ]    Subphase: Pause Roots CodeCache                         0.000 / 0.000         0.000 / 0.000         0.000 / 0.000         0.000 / 0.000       ms
[290.170s][info   ][gc,stats    ]    Subphase: Pause Roots JVMTIExport                       0.000 / 0.000         0.002 / 0.017         0.002 / 0.017         0.002 / 0.017       ms
[290.170s][info   ][gc,stats    ]    Subphase: Pause Roots JVMTIWeakExport                   0.000 / 0.000         0.001 / 0.001         0.001 / 0.001         0.001 / 0.001       ms
[290.170s][info   ][gc,stats    ]    Subphase: Pause Roots Management                        0.000 / 0.000         0.026 / 0.430         0.026 / 0.430         0.026 / 0.430       ms
[290.170s][info   ][gc,stats    ]    Subphase: Pause Roots ObjectSynchronizer                0.000 / 0.000         0.002 / 0.011         0.002 / 0.011         0.002 / 0.011       ms
[290.170s][info   ][gc,stats    ]    Subphase: Pause Roots Setup                             0.000 / 0.000         0.001 / 0.002         0.001 / 0.002         0.001 / 0.002       ms
[290.170s][info   ][gc,stats    ]    Subphase: Pause Roots SystemDictionary                  0.000 / 0.000         0.092 / 0.734         0.092 / 0.734         0.092 / 0.734       ms
[290.170s][info   ][gc,stats    ]    Subphase: Pause Roots Teardown                          0.000 / 0.000         0.004 / 0.009         0.004 / 0.009         0.004 / 0.009       ms
[290.170s][info   ][gc,stats    ]    Subphase: Pause Roots Threads                           0.000 / 0.000         0.085 / 1.042         0.085 / 1.042         0.085 / 1.042       ms
[290.170s][info   ][gc,stats    ]    Subphase: Pause Roots Universe                          0.000 / 0.000         0.038 / 0.626         0.038 / 0.626         0.038 / 0.626       ms
[290.170s][info   ][gc,stats    ]    Subphase: Pause Weak Roots                              0.000 / 0.000         0.001 / 0.007         0.001 / 0.007         0.001 / 0.007       ms
[290.170s][info   ][gc,stats    ]    Subphase: Pause Weak Roots JFRWeak                      0.000 / 0.000         0.001 / 0.001         0.001 / 0.001         0.001 / 0.001       ms
[290.170s][info   ][gc,stats    ]    Subphase: Pause Weak Roots JVMTIWeakExport              0.000 / 0.000         0.001 / 0.001         0.001 / 0.001         0.001 / 0.001       ms
[290.170s][info   ][gc,stats    ]    Subphase: Pause Weak Roots Setup                        0.000 / 0.000         0.001 / 0.001         0.001 / 0.001         0.001 / 0.001       ms
[290.170s][info   ][gc,stats    ]    Subphase: Pause Weak Roots Teardown                     0.000 / 0.000         0.001 / 0.002         0.001 / 0.002         0.001 / 0.002       ms
[290.170s][info   ][gc,stats    ]      System: Java Threads                                      0 / 0                55 / 65               55 / 65               55 / 65          threads
[290.170s][info   ][gc,stats    ] =========================================================================================================================================================
[297.570s][info   ][gc,start    ] GC(11) Garbage Collection (Proactive)
[297.570s][info   ][gc,phases   ] GC(11) Pause Mark Start 0.205ms
[297.781s][info   ][gc,phases   ] GC(11) Concurrent Mark 210.879ms
[297.783s][info   ][gc,phases   ] GC(11) Pause Mark End 1.222ms
[297.785s][info   ][gc,phases   ] GC(11) Concurrent Process Non-Strong References 2.003ms
[297.788s][info   ][gc,phases   ] GC(11) Concurrent Reset Relocation Set 2.925ms
[297.788s][info   ][gc,phases   ] GC(11) Concurrent Destroy Detached Pages 0.001ms
[297.797s][info   ][gc,phases   ] GC(11) Concurrent Select Relocation Set 9.098ms
[297.818s][info   ][gc,phases   ] GC(11) Concurrent Prepare Relocation Set 20.601ms
[297.818s][info   ][gc,phases   ] GC(11) Pause Relocate Start 0.185ms
[297.897s][info   ][gc,phases   ] GC(11) Concurrent Relocate 79.358ms
[297.897s][info   ][gc,load     ] GC(11) Load: 3.60/2.29/1.01
[297.897s][info   ][gc,mmu      ] GC(11) MMU: 2ms/30.0%, 5ms/69.9%, 10ms/81.7%, 20ms/87.7%, 50ms/95.1%, 100ms/97.5%
[297.897s][info   ][gc,marking  ] GC(11) Mark: 8 stripe(s), 10 proactive flush(es), 2 terminate flush(es), 1 completion(s), 0 continuation(s) 
[297.897s][info   ][gc,reloc    ] GC(11) Relocation: Successful, 1532M relocated
[297.897s][info   ][gc,nmethod  ] GC(11) NMethods: 5999 registered, 668 unregistered
[297.897s][info   ][gc,metaspace] GC(11) Metaspace: 40M used, 41M capacity, 41M committed, 42M reserved
[297.898s][info   ][gc,ref      ] GC(11) Soft: 3327 encountered, 0 discovered, 0 enqueued
[297.898s][info   ][gc,ref      ] GC(11) Weak: 1530 encountered, 735 discovered, 0 enqueued
[297.898s][info   ][gc,ref      ] GC(11) Final: 30 encountered, 3 discovered, 3 enqueued
[297.898s][info   ][gc,ref      ] GC(11) Phantom: 120 encountered, 94 discovered, 0 enqueued
[297.898s][info   ][gc,heap     ] GC(11)                Mark Start          Mark End        Relocate Start      Relocate End           High               Low         
[297.898s][info   ][gc,heap     ] GC(11)  Capacity:    30390M (30%)       30390M (30%)       30390M (30%)       30390M (30%)       30390M (30%)       30390M (30%)    
[297.898s][info   ][gc,heap     ] GC(11)   Reserve:       80M (0%)           80M (0%)           80M (0%)           80M (0%)           80M (0%)           80M (0%)     
[297.898s][info   ][gc,heap     ] GC(11)      Free:    84614M (84%)       84382M (84%)       88948M (89%)       96166M (96%)       96166M (96%)       84380M (84%)    
[297.898s][info   ][gc,heap     ] GC(11)      Used:    15658M (16%)       15890M (16%)       11324M (11%)        4106M (4%)        15892M (16%)        4106M (4%)     
[297.898s][info   ][gc,heap     ] GC(11)      Live:         -              3532M (4%)         3532M (4%)         3532M (4%)             -                  -          
[297.898s][info   ][gc,heap     ] GC(11) Allocated:         -               232M (0%)          238M (0%)         1626M (2%)             -                  -          
[297.898s][info   ][gc,heap     ] GC(11)   Garbage:         -             12125M (12%)        7553M (8%)          291M (0%)             -                  -          
[297.898s][info   ][gc,heap     ] GC(11) Reclaimed:         -                  -              4572M (5%)        11834M (12%)            -                  -          
[297.898s][info   ][gc          ] GC(11) Garbage Collection (Proactive) 15658M(16%)->4106M(4%)
[300.169s][info   ][gc,stats    ] === Garbage Collection Statistics =======================================================================================================================
[300.169s][info   ][gc,stats    ]                                                              Last 10s              Last 10m              Last 10h                Total
[300.169s][info   ][gc,stats    ]                                                              Avg / Max             Avg / Max             Avg / Max             Avg / Max
[300.169s][info   ][gc,stats    ]   Collector: Garbage Collection Cycle                    327.507 / 327.507     357.104 / 515.532     357.104 / 515.532     357.104 / 515.532     ms
[300.169s][info   ][gc,stats    ]  Contention: Mark Segment Reset Contention                    34 / 344              16 / 850              16 / 850              16 / 850         ops/s
[300.169s][info   ][gc,stats    ]  Contention: Mark SeqNum Reset Contention                      0 / 0                 0 / 9                 0 / 9                 0 / 9           ops/s
[300.169s][info   ][gc,stats    ]  Contention: Relocation Contention                             0 / 4                 0 / 38                0 / 38                0 / 38          ops/s
[300.169s][info   ][gc,stats    ]    Critical: Allocation Stall                              0.000 / 0.000         0.000 / 0.000         0.000 / 0.000         0.000 / 0.000       ms
[300.170s][info   ][gc,stats    ]    Critical: Allocation Stall                                  0 / 0                 0 / 0                 0 / 0                 0 / 0           ops/s
[300.170s][info   ][gc,stats    ]    Critical: GC Locker Stall                               0.000 / 0.000         0.000 / 0.000         0.000 / 0.000         0.000 / 0.000       ms
[300.170s][info   ][gc,stats    ]    Critical: GC Locker Stall                                   0 / 0                 0 / 0                 0 / 0                 0 / 0           ops/s
[300.170s][info   ][gc,stats    ]      Memory: Allocation Rate                                 611 / 732             611 / 1436            611 / 1436            611 / 1436        MB/s
[300.170s][info   ][gc,stats    ]      Memory: Heap Used After Mark                          15890 / 15890         18097 / 30288         18097 / 30288         18097 / 30288       MB
[300.170s][info   ][gc,stats    ]      Memory: Heap Used After Relocation                     4106 / 4106           3361 / 4228           3361 / 4228           3361 / 4228        MB
[300.170s][info   ][gc,stats    ]      Memory: Heap Used Before Mark                         15658 / 15658         17924 / 30112         17924 / 30112         17924 / 30112       MB
[300.170s][info   ][gc,stats    ]      Memory: Heap Used Before Relocation                   11324 / 11324         12422 / 20378         12422 / 20378         12422 / 20378       MB
[300.170s][info   ][gc,stats    ]      Memory: Out Of Memory                                     0 / 0                 0 / 0                 0 / 0                 0 / 0           ops/s
[300.170s][info   ][gc,stats    ]      Memory: Page Cache Flush                                  0 / 0                 0 / 0                 0 / 0                 0 / 0           MB/s
[300.170s][info   ][gc,stats    ]      Memory: Page Cache Hit L1                               362 / 1004            277 / 1642            277 / 1642            277 / 1642        ops/s
[300.170s][info   ][gc,stats    ]      Memory: Page Cache Hit L2                                 0 / 0                 2 / 179               2 / 179               2 / 179         ops/s
[300.170s][info   ][gc,stats    ]      Memory: Page Cache Miss                                   0 / 0                48 / 341              48 / 341              48 / 341         ops/s
[300.170s][info   ][gc,stats    ]      Memory: Undo Object Allocation Failed                     0 / 0                 0 / 0                 0 / 0                 0 / 0           ops/s
[300.170s][info   ][gc,stats    ]      Memory: Undo Object Allocation Succeeded                  0 / 4                 0 / 38                0 / 38                0 / 38          ops/s
[300.170s][info   ][gc,stats    ]      Memory: Undo Page Allocation                              0 / 0                 0 / 69                0 / 69                0 / 69          ops/s
[300.170s][info   ][gc,stats    ]       Phase: Concurrent Destroy Detached Pages             0.001 / 0.001         0.001 / 0.001         0.001 / 0.001         0.001 / 0.001       ms
[300.170s][info   ][gc,stats    ]       Phase: Concurrent Mark                             210.879 / 210.879     198.632 / 275.553     198.632 / 275.553     198.632 / 275.553     ms
[300.170s][info   ][gc,stats    ]       Phase: Concurrent Mark Continue                      0.000 / 0.000         1.416 / 1.416         1.416 / 1.416         1.416 / 1.416       ms
[300.170s][info   ][gc,stats    ]       Phase: Concurrent Prepare Relocation Set            20.601 / 20.601       40.511 / 89.649       40.511 / 89.649       40.511 / 89.649      ms
[300.170s][info   ][gc,stats    ]       Phase: Concurrent Process Non-Strong References      2.003 / 2.003         4.559 / 19.270        4.559 / 19.270        4.559 / 19.270      ms
[300.170s][info   ][gc,stats    ]       Phase: Concurrent Relocate                          79.358 / 79.358      100.719 / 165.671     100.719 / 165.671     100.719 / 165.671     ms
[300.170s][info   ][gc,stats    ]       Phase: Concurrent Reset Relocation Set               2.925 / 2.925         4.337 / 14.653        4.337 / 14.653        4.337 / 14.653      ms
[300.170s][info   ][gc,stats    ]       Phase: Concurrent Select Relocation Set              9.098 / 9.098         5.310 / 12.148        5.310 / 12.148        5.310 / 12.148      ms
[300.170s][info   ][gc,stats    ]       Phase: Pause Mark End                                1.222 / 1.222         0.840 / 1.253         0.840 / 1.253         0.840 / 1.253       ms
[300.170s][info   ][gc,stats    ]       Phase: Pause Mark Start                              0.205 / 0.205         0.543 / 1.400         0.543 / 1.400         0.543 / 1.400       ms
[300.170s][info   ][gc,stats    ]       Phase: Pause Relocate Start                          0.185 / 0.185         0.272 / 1.025         0.272 / 1.025         0.272 / 1.025       ms
[300.170s][info   ][gc,stats    ]       Phase: Pause Verify                                  0.000 / 0.000         0.000 / 0.000         0.000 / 0.000         0.000 / 0.000       ms
[300.170s][info   ][gc,stats    ]    Subphase: Concurrent Classes Unload                     1.619 / 1.619         4.003 / 18.723        4.003 / 18.723        4.003 / 18.723      ms
[300.170s][info   ][gc,stats    ]    Subphase: Concurrent Mark                             208.939 / 209.617     181.373 / 273.889     181.373 / 273.889     181.373 / 273.889     ms
[300.170s][info   ][gc,stats    ]    Subphase: Concurrent Mark Idle                          1.141 / 1.203         1.138 / 1.365         1.138 / 1.365         1.138 / 1.365       ms
[300.170s][info   ][gc,stats    ]    Subphase: Concurrent Mark Try Flush                     0.070 / 0.113         0.084 / 0.545         0.084 / 0.545         0.084 / 0.545       ms
[300.170s][info   ][gc,stats    ]    Subphase: Concurrent Mark Try Terminate                 1.140 / 1.206         1.136 / 1.367         1.136 / 1.367         1.136 / 1.367       ms
[300.170s][info   ][gc,stats    ]    Subphase: Concurrent References Enqueue                 0.004 / 0.004         0.005 / 0.007         0.005 / 0.007         0.005 / 0.007       ms
[300.170s][info   ][gc,stats    ]    Subphase: Concurrent References Process                 0.108 / 0.108         0.085 / 0.140         0.085 / 0.140         0.085 / 0.140       ms
[300.170s][info   ][gc,stats    ]    Subphase: Concurrent Roots                              0.104 / 0.919         0.141 / 2.807         0.141 / 2.807         0.141 / 2.807       ms
[300.170s][info   ][gc,stats    ]    Subphase: Concurrent Roots ClassLoaderDataGraph         0.112 / 0.915         0.136 / 2.804         0.136 / 2.804         0.136 / 2.804       ms
[300.170s][info   ][gc,stats    ]    Subphase: Concurrent Roots JNIHandles                   0.045 / 0.135         0.070 / 0.551         0.070 / 0.551         0.070 / 0.551       ms
[300.170s][info   ][gc,stats    ]    Subphase: Concurrent Roots Setup                        0.104 / 0.104         0.451 / 1.622         0.451 / 1.622         0.451 / 1.622       ms
[300.170s][info   ][gc,stats    ]    Subphase: Concurrent Roots Teardown                     0.001 / 0.001         0.001 / 0.001         0.001 / 0.001         0.001 / 0.001       ms
[300.170s][info   ][gc,stats    ]    Subphase: Concurrent Weak Roots                         0.194 / 0.211         0.360 / 1.376         0.360 / 1.376         0.360 / 1.376       ms
[300.170s][info   ][gc,stats    ]    Subphase: Concurrent Weak Roots JNIWeakHandles          0.002 / 0.007         0.004 / 0.073         0.004 / 0.073         0.004 / 0.073       ms
[300.170s][info   ][gc,stats    ]    Subphase: Concurrent Weak Roots StringTable             0.165 / 0.172         0.333 / 1.327         0.333 / 1.327         0.333 / 1.327       ms
[300.170s][info   ][gc,stats    ]    Subphase: Concurrent Weak Roots VMWeakHandles           0.024 / 0.041         0.024 / 0.052         0.024 / 0.052         0.024 / 0.052       ms
[300.170s][info   ][gc,stats    ]    Subphase: Pause Mark Try Complete                       0.291 / 0.876         0.230 / 1.009         0.230 / 1.009         0.230 / 1.009       ms
[300.170s][info   ][gc,stats    ]    Subphase: Pause Roots                                   0.031 / 0.099         0.066 / 1.060         0.066 / 1.060         0.066 / 1.060       ms
[300.170s][info   ][gc,stats    ]    Subphase: Pause Roots CodeCache                         0.000 / 0.000         0.000 / 0.000         0.000 / 0.000         0.000 / 0.000       ms
[300.170s][info   ][gc,stats    ]    Subphase: Pause Roots JVMTIExport                       0.001 / 0.001         0.002 / 0.017         0.002 / 0.017         0.002 / 0.017       ms
[300.170s][info   ][gc,stats    ]    Subphase: Pause Roots JVMTIWeakExport                   0.002 / 0.002         0.001 / 0.002         0.001 / 0.002         0.001 / 0.002       ms
[300.170s][info   ][gc,stats    ]    Subphase: Pause Roots Management                        0.003 / 0.004         0.024 / 0.430         0.024 / 0.430         0.024 / 0.430       ms
[300.170s][info   ][gc,stats    ]    Subphase: Pause Roots ObjectSynchronizer                0.001 / 0.001         0.002 / 0.011         0.002 / 0.011         0.002 / 0.011       ms
[300.170s][info   ][gc,stats    ]    Subphase: Pause Roots Setup                             0.001 / 0.002         0.001 / 0.002         0.001 / 0.002         0.001 / 0.002       ms
[300.170s][info   ][gc,stats    ]    Subphase: Pause Roots SystemDictionary                  0.017 / 0.019         0.085 / 0.734         0.085 / 0.734         0.085 / 0.734       ms
[300.170s][info   ][gc,stats    ]    Subphase: Pause Roots Teardown                          0.003 / 0.005         0.004 / 0.009         0.004 / 0.009         0.004 / 0.009       ms
[300.170s][info   ][gc,stats    ]    Subphase: Pause Roots Threads                           0.036 / 0.094         0.081 / 1.042         0.081 / 1.042         0.081 / 1.042       ms
[300.170s][info   ][gc,stats    ]    Subphase: Pause Roots Universe                          0.004 / 0.006         0.035 / 0.626         0.035 / 0.626         0.035 / 0.626       ms
[300.170s][info   ][gc,stats    ]    Subphase: Pause Weak Roots                              0.001 / 0.005         0.001 / 0.007         0.001 / 0.007         0.001 / 0.007       ms
[300.170s][info   ][gc,stats    ]    Subphase: Pause Weak Roots JFRWeak                      0.001 / 0.001         0.001 / 0.001         0.001 / 0.001         0.001 / 0.001       ms
[300.170s][info   ][gc,stats    ]    Subphase: Pause Weak Roots JVMTIWeakExport              0.001 / 0.001         0.001 / 0.001         0.001 / 0.001         0.001 / 0.001       ms
[300.170s][info   ][gc,stats    ]    Subphase: Pause Weak Roots Setup                        0.001 / 0.001         0.001 / 0.001         0.001 / 0.001         0.001 / 0.001       ms
[300.170s][info   ][gc,stats    ]    Subphase: Pause Weak Roots Teardown                     0.001 / 0.001         0.001 / 0.002         0.001 / 0.002         0.001 / 0.002       ms
[300.170s][info   ][gc,stats    ]      System: Java Threads                                     62 / 62               56 / 65               56 / 65               56 / 65          threads
[300.170s][info   ][gc,stats    ] =========================================================================================================================================================
[310.170s][info   ][gc,stats    ] === Garbage Collection Statistics =======================================================================================================================
[310.170s][info   ][gc,stats    ]                                                              Last 10s              Last 10m              Last 10h                Total
[310.170s][info   ][gc,stats    ]                                                              Avg / Max             Avg / Max             Avg / Max             Avg / Max
[310.170s][info   ][gc,stats    ]   Collector: Garbage Collection Cycle                      0.000 / 0.000       357.104 / 515.532     357.104 / 515.532     357.104 / 515.532     ms
[310.170s][info   ][gc,stats    ]  Contention: Mark Segment Reset Contention                     0 / 0                15 / 850              15 / 850              15 / 850         ops/s
[310.170s][info   ][gc,stats    ]  Contention: Mark SeqNum Reset Contention                      0 / 0                 0 / 9                 0 / 9                 0 / 9           ops/s
[310.170s][info   ][gc,stats    ]  Contention: Relocation Contention                             0 / 0                 0 / 38                0 / 38                0 / 38          ops/s
[310.170s][info   ][gc,stats    ]    Critical: Allocation Stall                              0.000 / 0.000         0.000 / 0.000         0.000 / 0.000         0.000 / 0.000       ms
[310.170s][info   ][gc,stats    ]    Critical: Allocation Stall                                  0 / 0                 0 / 0                 0 / 0                 0 / 0           ops/s
[310.170s][info   ][gc,stats    ]    Critical: GC Locker Stall                               0.000 / 0.000         0.000 / 0.000         0.000 / 0.000         0.000 / 0.000       ms
[310.170s][info   ][gc,stats    ]    Critical: GC Locker Stall                                   0 / 0                 0 / 0                 0 / 0                 0 / 0           ops/s
[310.170s][info   ][gc,stats    ]      Memory: Allocation Rate                                 614 / 686             611 / 1436            611 / 1436            611 / 1436        MB/s
[310.170s][info   ][gc,stats    ]      Memory: Heap Used After Mark                              0 / 0             18097 / 30288         18097 / 30288         18097 / 30288       MB
[310.170s][info   ][gc,stats    ]      Memory: Heap Used After Relocation                        0 / 0              3361 / 4228           3361 / 4228           3361 / 4228        MB
[310.170s][info   ][gc,stats    ]      Memory: Heap Used Before Mark                             0 / 0             17924 / 30112         17924 / 30112         17924 / 30112       MB
[310.170s][info   ][gc,stats    ]      Memory: Heap Used Before Relocation                       0 / 0             12422 / 20378         12422 / 20378         12422 / 20378       MB
[310.170s][info   ][gc,stats    ]      Memory: Out Of Memory                                     0 / 0                 0 / 0                 0 / 0                 0 / 0           ops/s
[310.170s][info   ][gc,stats    ]      Memory: Page Cache Flush                                  0 / 0                 0 / 0                 0 / 0                 0 / 0           MB/s
[310.170s][info   ][gc,stats    ]      Memory: Page Cache Hit L1                               296 / 328             278 / 1642            278 / 1642            278 / 1642        ops/s
[310.170s][info   ][gc,stats    ]      Memory: Page Cache Hit L2                                 0 / 0                 1 / 179               1 / 179               1 / 179         ops/s
[310.170s][info   ][gc,stats    ]      Memory: Page Cache Miss                                   0 / 0                47 / 341              47 / 341              47 / 341         ops/s
[310.170s][info   ][gc,stats    ]      Memory: Undo Object Allocation Failed                     0 / 0                 0 / 0                 0 / 0                 0 / 0           ops/s
[310.170s][info   ][gc,stats    ]      Memory: Undo Object Allocation Succeeded                  0 / 0                 0 / 38                0 / 38                0 / 38          ops/s
[310.170s][info   ][gc,stats    ]      Memory: Undo Page Allocation                              0 / 0                 0 / 69                0 / 69                0 / 69          ops/s
[310.170s][info   ][gc,stats    ]       Phase: Concurrent Destroy Detached Pages             0.000 / 0.000         0.001 / 0.001         0.001 / 0.001         0.001 / 0.001       ms
[310.170s][info   ][gc,stats    ]       Phase: Concurrent Mark                               0.000 / 0.000       198.632 / 275.553     198.632 / 275.553     198.632 / 275.553     ms
[310.170s][info   ][gc,stats    ]       Phase: Concurrent Mark Continue                      0.000 / 0.000         1.416 / 1.416         1.416 / 1.416         1.416 / 1.416       ms
[310.170s][info   ][gc,stats    ]       Phase: Concurrent Prepare Relocation Set             0.000 / 0.000        40.511 / 89.649       40.511 / 89.649       40.511 / 89.649      ms
[310.170s][info   ][gc,stats    ]       Phase: Concurrent Process Non-Strong References      0.000 / 0.000         4.559 / 19.270        4.559 / 19.270        4.559 / 19.270      ms
[310.170s][info   ][gc,stats    ]       Phase: Concurrent Relocate                           0.000 / 0.000       100.719 / 165.671     100.719 / 165.671     100.719 / 165.671     ms
[310.170s][info   ][gc,stats    ]       Phase: Concurrent Reset Relocation Set               0.000 / 0.000         4.337 / 14.653        4.337 / 14.653        4.337 / 14.653      ms
[310.170s][info   ][gc,stats    ]       Phase: Concurrent Select Relocation Set              0.000 / 0.000         5.310 / 12.148        5.310 / 12.148        5.310 / 12.148      ms
[310.170s][info   ][gc,stats    ]       Phase: Pause Mark End                                0.000 / 0.000         0.840 / 1.253         0.840 / 1.253         0.840 / 1.253       ms
[310.170s][info   ][gc,stats    ]       Phase: Pause Mark Start                              0.000 / 0.000         0.543 / 1.400         0.543 / 1.400         0.543 / 1.400       ms
[310.170s][info   ][gc,stats    ]       Phase: Pause Relocate Start                          0.000 / 0.000         0.272 / 1.025         0.272 / 1.025         0.272 / 1.025       ms
[310.170s][info   ][gc,stats    ]       Phase: Pause Verify                                  0.000 / 0.000         0.000 / 0.000         0.000 / 0.000         0.000 / 0.000       ms
[310.170s][info   ][gc,stats    ]    Subphase: Concurrent Classes Unload                     0.000 / 0.000         4.003 / 18.723        4.003 / 18.723        4.003 / 18.723      ms
[310.170s][info   ][gc,stats    ]    Subphase: Concurrent Mark                               0.000 / 0.000       181.373 / 273.889     181.373 / 273.889     181.373 / 273.889     ms
[310.170s][info   ][gc,stats    ]    Subphase: Concurrent Mark Idle                          0.000 / 0.000         1.138 / 1.365         1.138 / 1.365         1.138 / 1.365       ms
[310.170s][info   ][gc,stats    ]    Subphase: Concurrent Mark Try Flush                     0.000 / 0.000         0.084 / 0.545         0.084 / 0.545         0.084 / 0.545       ms
[310.170s][info   ][gc,stats    ]    Subphase: Concurrent Mark Try Terminate                 0.000 / 0.000         1.136 / 1.367         1.136 / 1.367         1.136 / 1.367       ms
[310.170s][info   ][gc,stats    ]    Subphase: Concurrent References Enqueue                 0.000 / 0.000         0.005 / 0.007         0.005 / 0.007         0.005 / 0.007       ms
[310.170s][info   ][gc,stats    ]    Subphase: Concurrent References Process                 0.000 / 0.000         0.085 / 0.140         0.085 / 0.140         0.085 / 0.140       ms
[310.170s][info   ][gc,stats    ]    Subphase: Concurrent Roots                              0.000 / 0.000         0.141 / 2.807         0.141 / 2.807         0.141 / 2.807       ms
[310.170s][info   ][gc,stats    ]    Subphase: Concurrent Roots ClassLoaderDataGraph         0.000 / 0.000         0.136 / 2.804         0.136 / 2.804         0.136 / 2.804       ms
[310.170s][info   ][gc,stats    ]    Subphase: Concurrent Roots JNIHandles                   0.000 / 0.000         0.070 / 0.551         0.070 / 0.551         0.070 / 0.551       ms
[310.170s][info   ][gc,stats    ]    Subphase: Concurrent Roots Setup                        0.000 / 0.000         0.451 / 1.622         0.451 / 1.622         0.451 / 1.622       ms
[310.170s][info   ][gc,stats    ]    Subphase: Concurrent Roots Teardown                     0.000 / 0.000         0.001 / 0.001         0.001 / 0.001         0.001 / 0.001       ms
[310.170s][info   ][gc,stats    ]    Subphase: Concurrent Weak Roots                         0.000 / 0.000         0.360 / 1.376         0.360 / 1.376         0.360 / 1.376       ms
[310.170s][info   ][gc,stats    ]    Subphase: Concurrent Weak Roots JNIWeakHandles          0.000 / 0.000         0.004 / 0.073         0.004 / 0.073         0.004 / 0.073       ms
[310.170s][info   ][gc,stats    ]    Subphase: Concurrent Weak Roots StringTable             0.000 / 0.000         0.333 / 1.327         0.333 / 1.327         0.333 / 1.327       ms
[310.170s][info   ][gc,stats    ]    Subphase: Concurrent Weak Roots VMWeakHandles           0.000 / 0.000         0.024 / 0.052         0.024 / 0.052         0.024 / 0.052       ms
[310.170s][info   ][gc,stats    ]    Subphase: Pause Mark Try Complete                       0.000 / 0.000         0.230 / 1.009         0.230 / 1.009         0.230 / 1.009       ms
[310.170s][info   ][gc,stats    ]    Subphase: Pause Roots                                   0.000 / 0.000         0.066 / 1.060         0.066 / 1.060         0.066 / 1.060       ms
[310.170s][info   ][gc,stats    ]    Subphase: Pause Roots CodeCache                         0.000 / 0.000         0.000 / 0.000         0.000 / 0.000         0.000 / 0.000       ms
[310.171s][info   ][gc,stats    ]    Subphase: Pause Roots JVMTIExport                       0.000 / 0.000         0.002 / 0.017         0.002 / 0.017         0.002 / 0.017       ms
[310.171s][info   ][gc,stats    ]    Subphase: Pause Roots JVMTIWeakExport                   0.000 / 0.000         0.001 / 0.002         0.001 / 0.002         0.001 / 0.002       ms
[310.171s][info   ][gc,stats    ]    Subphase: Pause Roots Management                        0.000 / 0.000         0.024 / 0.430         0.024 / 0.430         0.024 / 0.430       ms
[310.171s][info   ][gc,stats    ]    Subphase: Pause Roots ObjectSynchronizer                0.000 / 0.000         0.002 / 0.011         0.002 / 0.011         0.002 / 0.011       ms
[310.171s][info   ][gc,stats    ]    Subphase: Pause Roots Setup                             0.000 / 0.000         0.001 / 0.002         0.001 / 0.002         0.001 / 0.002       ms
[310.171s][info   ][gc,stats    ]    Subphase: Pause Roots SystemDictionary                  0.000 / 0.000         0.085 / 0.734         0.085 / 0.734         0.085 / 0.734       ms
[310.171s][info   ][gc,stats    ]    Subphase: Pause Roots Teardown                          0.000 / 0.000         0.004 / 0.009         0.004 / 0.009         0.004 / 0.009       ms
[310.171s][info   ][gc,stats    ]    Subphase: Pause Roots Threads                           0.000 / 0.000         0.081 / 1.042         0.081 / 1.042         0.081 / 1.042       ms
[310.171s][info   ][gc,stats    ]    Subphase: Pause Roots Universe                          0.000 / 0.000         0.035 / 0.626         0.035 / 0.626         0.035 / 0.626       ms
[310.171s][info   ][gc,stats    ]    Subphase: Pause Weak Roots                              0.000 / 0.000         0.001 / 0.007         0.001 / 0.007         0.001 / 0.007       ms
[310.171s][info   ][gc,stats    ]    Subphase: Pause Weak Roots JFRWeak                      0.000 / 0.000         0.001 / 0.001         0.001 / 0.001         0.001 / 0.001       ms
[310.171s][info   ][gc,stats    ]    Subphase: Pause Weak Roots JVMTIWeakExport              0.000 / 0.000         0.001 / 0.001         0.001 / 0.001         0.001 / 0.001       ms
[310.171s][info   ][gc,stats    ]    Subphase: Pause Weak Roots Setup                        0.000 / 0.000         0.001 / 0.001         0.001 / 0.001         0.001 / 0.001       ms
[310.171s][info   ][gc,stats    ]    Subphase: Pause Weak Roots Teardown                     0.000 / 0.000         0.001 / 0.002         0.001 / 0.002         0.001 / 0.002       ms
[310.171s][info   ][gc,stats    ]      System: Java Threads                                      0 / 0                56 / 65               56 / 65               56 / 65          threads
[310.171s][info   ][gc,stats    ] =========================================================================================================================================================
[315.670s][info   ][gc,start    ] GC(12) Garbage Collection (Proactive)
[315.670s][info   ][gc,phases   ] GC(12) Pause Mark Start 0.247ms
[315.886s][info   ][gc,phases   ] GC(12) Concurrent Mark 216.014ms
[315.887s][info   ][gc,phases   ] GC(12) Pause Mark End 0.727ms
[315.889s][info   ][gc,phases   ] GC(12) Concurrent Process Non-Strong References 1.710ms
[315.892s][info   ][gc,phases   ] GC(12) Concurrent Reset Relocation Set 2.561ms
[315.892s][info   ][gc,phases   ] GC(12) Concurrent Destroy Detached Pages 0.001ms
[315.898s][info   ][gc,phases   ] GC(12) Concurrent Select Relocation Set 5.796ms
[315.917s][info   ][gc,phases   ] GC(12) Concurrent Prepare Relocation Set 19.668ms
[315.918s][info   ][gc,phases   ] GC(12) Pause Relocate Start 0.201ms
[316.001s][info   ][gc,phases   ] GC(12) Concurrent Relocate 82.982ms
[316.001s][info   ][gc,load     ] GC(12) Load: 3.04/2.23/1.01
[316.001s][info   ][gc,mmu      ] GC(12) MMU: 2ms/30.0%, 5ms/69.9%, 10ms/81.7%, 20ms/87.7%, 50ms/95.1%, 100ms/97.5%
[316.001s][info   ][gc,marking  ] GC(12) Mark: 8 stripe(s), 10 proactive flush(es), 2 terminate flush(es), 1 completion(s), 0 continuation(s) 
[316.001s][info   ][gc,reloc    ] GC(12) Relocation: Successful, 1311M relocated
[316.001s][info   ][gc,nmethod  ] GC(12) NMethods: 5562 registered, 1116 unregistered
[316.001s][info   ][gc,metaspace] GC(12) Metaspace: 40M used, 41M capacity, 41M committed, 42M reserved
[316.001s][info   ][gc,ref      ] GC(12) Soft: 3327 encountered, 0 discovered, 0 enqueued
[316.001s][info   ][gc,ref      ] GC(12) Weak: 1530 encountered, 725 discovered, 0 enqueued
[316.001s][info   ][gc,ref      ] GC(12) Final: 31 encountered, 4 discovered, 4 enqueued
[316.001s][info   ][gc,ref      ] GC(12) Phantom: 120 encountered, 87 discovered, 0 enqueued
[316.001s][info   ][gc,heap     ] GC(12)                Mark Start          Mark End        Relocate Start      Relocate End           High               Low         
[316.001s][info   ][gc,heap     ] GC(12)  Capacity:    30390M (30%)       30390M (30%)       30390M (30%)       30390M (30%)       30390M (30%)       30390M (30%)    
[316.001s][info   ][gc,heap     ] GC(12)   Reserve:       80M (0%)           80M (0%)           80M (0%)           80M (0%)           80M (0%)           80M (0%)     
[316.001s][info   ][gc,heap     ] GC(12)      Free:    85248M (85%)       85070M (85%)       89482M (89%)       96298M (96%)       96298M (96%)       85062M (85%)    
[316.001s][info   ][gc,heap     ] GC(12)      Used:    15024M (15%)       15202M (15%)       10790M (11%)        3974M (4%)        15210M (15%)        3974M (4%)     
[316.001s][info   ][gc,heap     ] GC(12)      Live:         -              3511M (3%)         3511M (3%)         3511M (3%)             -                  -          
[316.001s][info   ][gc,heap     ] GC(12) Allocated:         -               178M (0%)          216M (0%)         1454M (1%)             -                  -          
[316.001s][info   ][gc,heap     ] GC(12)   Garbage:         -             11512M (11%)        7062M (7%)          216M (0%)             -                  -          
[316.001s][info   ][gc,heap     ] GC(12) Reclaimed:         -                  -              4450M (4%)        11296M (11%)            -                  -          
[316.001s][info   ][gc          ] GC(12) Garbage Collection (Proactive) 15024M(15%)->3974M(4%)
[320.170s][info   ][gc,stats    ] === Garbage Collection Statistics =======================================================================================================================
[320.170s][info   ][gc,stats    ]                                                              Last 10s              Last 10m              Last 10h                Total
[320.170s][info   ][gc,stats    ]                                                              Avg / Max             Avg / Max             Avg / Max             Avg / Max
[320.170s][info   ][gc,stats    ]   Collector: Garbage Collection Cycle                    330.970 / 330.970     355.093 / 515.532     355.093 / 515.532     355.093 / 515.532     ms
[320.170s][info   ][gc,stats    ]  Contention: Mark Segment Reset Contention                    64 / 647              17 / 850              17 / 850              17 / 850         ops/s
[320.170s][info   ][gc,stats    ]  Contention: Mark SeqNum Reset Contention                      0 / 0                 0 / 9                 0 / 9                 0 / 9           ops/s
[320.170s][info   ][gc,stats    ]  Contention: Relocation Contention                             0 / 2                 0 / 38                0 / 38                0 / 38          ops/s
[320.170s][info   ][gc,stats    ]    Critical: Allocation Stall                              0.000 / 0.000         0.000 / 0.000         0.000 / 0.000         0.000 / 0.000       ms
[320.170s][info   ][gc,stats    ]    Critical: Allocation Stall                                  0 / 0                 0 / 0                 0 / 0                 0 / 0           ops/s
[320.170s][info   ][gc,stats    ]    Critical: GC Locker Stall                               0.000 / 0.000         0.000 / 0.000         0.000 / 0.000         0.000 / 0.000       ms
[320.170s][info   ][gc,stats    ]    Critical: GC Locker Stall                                   0 / 0                 0 / 0                 0 / 0                 0 / 0           ops/s
[320.170s][info   ][gc,stats    ]      Memory: Allocation Rate                                 616 / 664             612 / 1436            612 / 1436            612 / 1436        MB/s
[320.170s][info   ][gc,stats    ]      Memory: Heap Used After Mark                          15202 / 15202         17874 / 30288         17874 / 30288         17874 / 30288       MB
[320.170s][info   ][gc,stats    ]      Memory: Heap Used After Relocation                     3974 / 3974           3408 / 4228           3408 / 4228           3408 / 4228        MB
[320.170s][info   ][gc,stats    ]      Memory: Heap Used Before Mark                         15024 / 15024         17701 / 30112         17701 / 30112         17701 / 30112       MB
[320.170s][info   ][gc,stats    ]      Memory: Heap Used Before Relocation                   10790 / 10790         12296 / 20378         12296 / 20378         12296 / 20378       MB
[320.170s][info   ][gc,stats    ]      Memory: Out Of Memory                                     0 / 0                 0 / 0                 0 / 0                 0 / 0           ops/s
[320.170s][info   ][gc,stats    ]      Memory: Page Cache Flush                                  0 / 0                 0 / 0                 0 / 0                 0 / 0           MB/s
[320.170s][info   ][gc,stats    ]      Memory: Page Cache Hit L1                               356 / 904             280 / 1642            280 / 1642            280 / 1642        ops/s
[320.170s][info   ][gc,stats    ]      Memory: Page Cache Hit L2                                 0 / 0                 1 / 179               1 / 179               1 / 179         ops/s
[320.170s][info   ][gc,stats    ]      Memory: Page Cache Miss                                   0 / 0                45 / 341              45 / 341              45 / 341         ops/s
[320.170s][info   ][gc,stats    ]      Memory: Undo Object Allocation Failed                     0 / 0                 0 / 0                 0 / 0                 0 / 0           ops/s
[320.170s][info   ][gc,stats    ]      Memory: Undo Object Allocation Succeeded                  0 / 2                 0 / 38                0 / 38                0 / 38          ops/s
[320.170s][info   ][gc,stats    ]      Memory: Undo Page Allocation                              0 / 0                 0 / 69                0 / 69                0 / 69          ops/s
[320.170s][info   ][gc,stats    ]       Phase: Concurrent Destroy Detached Pages             0.001 / 0.001         0.001 / 0.001         0.001 / 0.001         0.001 / 0.001       ms
[320.170s][info   ][gc,stats    ]       Phase: Concurrent Mark                             216.014 / 216.014     199.969 / 275.553     199.969 / 275.553     199.969 / 275.553     ms
[320.170s][info   ][gc,stats    ]       Phase: Concurrent Mark Continue                      0.000 / 0.000         1.416 / 1.416         1.416 / 1.416         1.416 / 1.416       ms
[320.170s][info   ][gc,stats    ]       Phase: Concurrent Prepare Relocation Set            19.668 / 19.668       38.908 / 89.649       38.908 / 89.649       38.908 / 89.649      ms
[320.170s][info   ][gc,stats    ]       Phase: Concurrent Process Non-Strong References      1.710 / 1.710         4.340 / 19.270        4.340 / 19.270        4.340 / 19.270      ms
[320.170s][info   ][gc,stats    ]       Phase: Concurrent Relocate                          82.982 / 82.982       99.354 / 165.671      99.354 / 165.671      99.354 / 165.671     ms
[320.170s][info   ][gc,stats    ]       Phase: Concurrent Reset Relocation Set               2.561 / 2.561         4.201 / 14.653        4.201 / 14.653        4.201 / 14.653      ms
[320.170s][info   ][gc,stats    ]       Phase: Concurrent Select Relocation Set              5.796 / 5.796         5.347 / 12.148        5.347 / 12.148        5.347 / 12.148      ms
[320.170s][info   ][gc,stats    ]       Phase: Pause Mark End                                0.727 / 0.727         0.832 / 1.253         0.832 / 1.253         0.832 / 1.253       ms
[320.170s][info   ][gc,stats    ]       Phase: Pause Mark Start                              0.247 / 0.247         0.520 / 1.400         0.520 / 1.400         0.520 / 1.400       ms
[320.170s][info   ][gc,stats    ]       Phase: Pause Relocate Start                          0.201 / 0.201         0.267 / 1.025         0.267 / 1.025         0.267 / 1.025       ms
[320.170s][info   ][gc,stats    ]       Phase: Pause Verify                                  0.000 / 0.000         0.000 / 0.000         0.000 / 0.000         0.000 / 0.000       ms
[320.170s][info   ][gc,stats    ]    Subphase: Concurrent Classes Unload                     1.359 / 1.359         3.800 / 18.723        3.800 / 18.723        3.800 / 18.723      ms
[320.170s][info   ][gc,stats    ]    Subphase: Concurrent Mark                             214.874 / 215.316     183.766 / 273.889     183.766 / 273.889     183.766 / 273.889     ms
[320.170s][info   ][gc,stats    ]    Subphase: Concurrent Mark Idle                          1.143 / 1.185         1.138 / 1.365         1.138 / 1.365         1.138 / 1.365       ms
[320.170s][info   ][gc,stats    ]    Subphase: Concurrent Mark Try Flush                     0.081 / 0.130         0.084 / 0.545         0.084 / 0.545         0.084 / 0.545       ms
[320.170s][info   ][gc,stats    ]    Subphase: Concurrent Mark Try Terminate                 1.142 / 1.193         1.136 / 1.367         1.136 / 1.367         1.136 / 1.367       ms
[320.170s][info   ][gc,stats    ]    Subphase: Concurrent References Enqueue                 0.008 / 0.008         0.005 / 0.008         0.005 / 0.008         0.005 / 0.008       ms
[320.170s][info   ][gc,stats    ]    Subphase: Concurrent References Process                 0.091 / 0.091         0.085 / 0.140         0.085 / 0.140         0.085 / 0.140       ms
[320.170s][info   ][gc,stats    ]    Subphase: Concurrent Roots                              0.064 / 0.418         0.135 / 2.807         0.135 / 2.807         0.135 / 2.807       ms
[320.170s][info   ][gc,stats    ]    Subphase: Concurrent Roots ClassLoaderDataGraph         0.055 / 0.405         0.129 / 2.804         0.129 / 2.804         0.129 / 2.804       ms
[320.170s][info   ][gc,stats    ]    Subphase: Concurrent Roots JNIHandles                   0.014 / 0.041         0.066 / 0.551         0.066 / 0.551         0.066 / 0.551       ms
[320.170s][info   ][gc,stats    ]    Subphase: Concurrent Roots Setup                        0.114 / 0.114         0.425 / 1.622         0.425 / 1.622         0.425 / 1.622       ms
[320.170s][info   ][gc,stats    ]    Subphase: Concurrent Roots Teardown                     0.001 / 0.001         0.001 / 0.001         0.001 / 0.001         0.001 / 0.001       ms
[320.170s][info   ][gc,stats    ]    Subphase: Concurrent Weak Roots                         0.164 / 0.195         0.345 / 1.376         0.345 / 1.376         0.345 / 1.376       ms
[320.170s][info   ][gc,stats    ]    Subphase: Concurrent Weak Roots JNIWeakHandles          0.002 / 0.007         0.003 / 0.073         0.003 / 0.073         0.003 / 0.073       ms
[320.170s][info   ][gc,stats    ]    Subphase: Concurrent Weak Roots StringTable             0.140 / 0.171         0.318 / 1.327         0.318 / 1.327         0.318 / 1.327       ms
[320.170s][info   ][gc,stats    ]    Subphase: Concurrent Weak Roots VMWeakHandles           0.019 / 0.037         0.023 / 0.052         0.023 / 0.052         0.023 / 0.052       ms
[320.170s][info   ][gc,stats    ]    Subphase: Pause Mark Try Complete                       0.171 / 0.424         0.225 / 1.009         0.225 / 1.009         0.225 / 1.009       ms
[320.170s][info   ][gc,stats    ]    Subphase: Pause Roots                                   0.041 / 0.118         0.064 / 1.060         0.064 / 1.060         0.064 / 1.060       ms
[320.170s][info   ][gc,stats    ]    Subphase: Pause Roots CodeCache                         0.000 / 0.000         0.000 / 0.000         0.000 / 0.000         0.000 / 0.000       ms
[320.170s][info   ][gc,stats    ]    Subphase: Pause Roots JVMTIExport                       0.002 / 0.004         0.002 / 0.017         0.002 / 0.017         0.002 / 0.017       ms
[320.170s][info   ][gc,stats    ]    Subphase: Pause Roots JVMTIWeakExport                   0.001 / 0.001         0.001 / 0.002         0.001 / 0.002         0.001 / 0.002       ms
[320.170s][info   ][gc,stats    ]    Subphase: Pause Roots Management                        0.007 / 0.012         0.023 / 0.430         0.023 / 0.430         0.023 / 0.430       ms
[320.170s][info   ][gc,stats    ]    Subphase: Pause Roots ObjectSynchronizer                0.002 / 0.003         0.002 / 0.011         0.002 / 0.011         0.002 / 0.011       ms
[320.170s][info   ][gc,stats    ]    Subphase: Pause Roots Setup                             0.001 / 0.001         0.001 / 0.002         0.001 / 0.002         0.001 / 0.002       ms
[320.170s][info   ][gc,stats    ]    Subphase: Pause Roots SystemDictionary                  0.025 / 0.033         0.081 / 0.734         0.081 / 0.734         0.081 / 0.734       ms
[320.170s][info   ][gc,stats    ]    Subphase: Pause Roots Teardown                          0.005 / 0.009         0.004 / 0.009         0.004 / 0.009         0.004 / 0.009       ms
[320.170s][info   ][gc,stats    ]    Subphase: Pause Roots Threads                           0.045 / 0.116         0.078 / 1.042         0.078 / 1.042         0.078 / 1.042       ms
[320.170s][info   ][gc,stats    ]    Subphase: Pause Roots Universe                          0.006 / 0.007         0.033 / 0.626         0.033 / 0.626         0.033 / 0.626       ms
[320.170s][info   ][gc,stats    ]    Subphase: Pause Weak Roots                              0.001 / 0.005         0.001 / 0.007         0.001 / 0.007         0.001 / 0.007       ms
[320.170s][info   ][gc,stats    ]    Subphase: Pause Weak Roots JFRWeak                      0.001 / 0.001         0.001 / 0.001         0.001 / 0.001         0.001 / 0.001       ms
[320.170s][info   ][gc,stats    ]    Subphase: Pause Weak Roots JVMTIWeakExport              0.001 / 0.001         0.001 / 0.001         0.001 / 0.001         0.001 / 0.001       ms
[320.170s][info   ][gc,stats    ]    Subphase: Pause Weak Roots Setup                        0.001 / 0.001         0.001 / 0.001         0.001 / 0.001         0.001 / 0.001       ms
[320.170s][info   ][gc,stats    ]    Subphase: Pause Weak Roots Teardown                     0.004 / 0.004         0.001 / 0.004         0.001 / 0.004         0.001 / 0.004       ms
[320.170s][info   ][gc,stats    ]      System: Java Threads                                     62 / 62               56 / 65               56 / 65               56 / 65          threads
[320.170s][info   ][gc,stats    ] =========================================================================================================================================================
[330.169s][info   ][gc,stats    ] === Garbage Collection Statistics =======================================================================================================================
[330.169s][info   ][gc,stats    ]                                                              Last 10s              Last 10m              Last 10h                Total
[330.169s][info   ][gc,stats    ]                                                              Avg / Max             Avg / Max             Avg / Max             Avg / Max
[330.169s][info   ][gc,stats    ]   Collector: Garbage Collection Cycle                      0.000 / 0.000       355.093 / 515.532     355.093 / 515.532     355.093 / 515.532     ms
[330.169s][info   ][gc,stats    ]  Contention: Mark Segment Reset Contention                     0 / 0                16 / 850              16 / 850              16 / 850         ops/s
[330.169s][info   ][gc,stats    ]  Contention: Mark SeqNum Reset Contention                      0 / 0                 0 / 9                 0 / 9                 0 / 9           ops/s
[330.169s][info   ][gc,stats    ]  Contention: Relocation Contention                             0 / 0                 0 / 38                0 / 38                0 / 38          ops/s
[330.169s][info   ][gc,stats    ]    Critical: Allocation Stall                              0.000 / 0.000         0.000 / 0.000         0.000 / 0.000         0.000 / 0.000       ms
[330.169s][info   ][gc,stats    ]    Critical: Allocation Stall                                  0 / 0                 0 / 0                 0 / 0                 0 / 0           ops/s
[330.169s][info   ][gc,stats    ]    Critical: GC Locker Stall                               0.000 / 0.000         0.000 / 0.000         0.000 / 0.000         0.000 / 0.000       ms
[330.169s][info   ][gc,stats    ]    Critical: GC Locker Stall                                   0 / 0                 0 / 0                 0 / 0                 0 / 0           ops/s
[330.169s][info   ][gc,stats    ]      Memory: Allocation Rate                                 627 / 692             612 / 1436            612 / 1436            612 / 1436        MB/s
[330.169s][info   ][gc,stats    ]      Memory: Heap Used After Mark                              0 / 0             17874 / 30288         17874 / 30288         17874 / 30288       MB
[330.169s][info   ][gc,stats    ]      Memory: Heap Used After Relocation                        0 / 0              3408 / 4228           3408 / 4228           3408 / 4228        MB
[330.169s][info   ][gc,stats    ]      Memory: Heap Used Before Mark                             0 / 0             17701 / 30112         17701 / 30112         17701 / 30112       MB
[330.169s][info   ][gc,stats    ]      Memory: Heap Used Before Relocation                       0 / 0             12296 / 20378         12296 / 20378         12296 / 20378       MB
[330.169s][info   ][gc,stats    ]      Memory: Out Of Memory                                     0 / 0                 0 / 0                 0 / 0                 0 / 0           ops/s
[330.169s][info   ][gc,stats    ]      Memory: Page Cache Flush                                  0 / 0                 0 / 0                 0 / 0                 0 / 0           MB/s
[330.169s][info   ][gc,stats    ]      Memory: Page Cache Hit L1                               303 / 331             281 / 1642            281 / 1642            281 / 1642        ops/s
[330.169s][info   ][gc,stats    ]      Memory: Page Cache Hit L2                                 0 / 0                 1 / 179               1 / 179               1 / 179         ops/s
[330.169s][info   ][gc,stats    ]      Memory: Page Cache Miss                                   0 / 0                44 / 341              44 / 341              44 / 341         ops/s
[330.169s][info   ][gc,stats    ]      Memory: Undo Object Allocation Failed                     0 / 0                 0 / 0                 0 / 0                 0 / 0           ops/s
[330.169s][info   ][gc,stats    ]      Memory: Undo Object Allocation Succeeded                  0 / 0                 0 / 38                0 / 38                0 / 38          ops/s
[330.169s][info   ][gc,stats    ]      Memory: Undo Page Allocation                              0 / 0                 0 / 69                0 / 69                0 / 69          ops/s
[330.169s][info   ][gc,stats    ]       Phase: Concurrent Destroy Detached Pages             0.000 / 0.000         0.001 / 0.001         0.001 / 0.001         0.001 / 0.001       ms
[330.169s][info   ][gc,stats    ]       Phase: Concurrent Mark                               0.000 / 0.000       199.969 / 275.553     199.969 / 275.553     199.969 / 275.553     ms
[330.170s][info   ][gc,stats    ]       Phase: Concurrent Mark Continue                      0.000 / 0.000         1.416 / 1.416         1.416 / 1.416         1.416 / 1.416       ms
[330.170s][info   ][gc,stats    ]       Phase: Concurrent Prepare Relocation Set             0.000 / 0.000        38.908 / 89.649       38.908 / 89.649       38.908 / 89.649      ms
[330.170s][info   ][gc,stats    ]       Phase: Concurrent Process Non-Strong References      0.000 / 0.000         4.340 / 19.270        4.340 / 19.270        4.340 / 19.270      ms
[330.170s][info   ][gc,stats    ]       Phase: Concurrent Relocate                           0.000 / 0.000        99.354 / 165.671      99.354 / 165.671      99.354 / 165.671     ms
[330.170s][info   ][gc,stats    ]       Phase: Concurrent Reset Relocation Set               0.000 / 0.000         4.201 / 14.653        4.201 / 14.653        4.201 / 14.653      ms
[330.170s][info   ][gc,stats    ]       Phase: Concurrent Select Relocation Set              0.000 / 0.000         5.347 / 12.148        5.347 / 12.148        5.347 / 12.148      ms
[330.170s][info   ][gc,stats    ]       Phase: Pause Mark End                                0.000 / 0.000         0.832 / 1.253         0.832 / 1.253         0.832 / 1.253       ms
[330.170s][info   ][gc,stats    ]       Phase: Pause Mark Start                              0.000 / 0.000         0.520 / 1.400         0.520 / 1.400         0.520 / 1.400       ms
[330.170s][info   ][gc,stats    ]       Phase: Pause Relocate Start                          0.000 / 0.000         0.267 / 1.025         0.267 / 1.025         0.267 / 1.025       ms
[330.170s][info   ][gc,stats    ]       Phase: Pause Verify                                  0.000 / 0.000         0.000 / 0.000         0.000 / 0.000         0.000 / 0.000       ms
[330.170s][info   ][gc,stats    ]    Subphase: Concurrent Classes Unload                     0.000 / 0.000         3.800 / 18.723        3.800 / 18.723        3.800 / 18.723      ms
[330.170s][info   ][gc,stats    ]    Subphase: Concurrent Mark                               0.000 / 0.000       183.766 / 273.889     183.766 / 273.889     183.766 / 273.889     ms
[330.170s][info   ][gc,stats    ]    Subphase: Concurrent Mark Idle                          0.000 / 0.000         1.138 / 1.365         1.138 / 1.365         1.138 / 1.365       ms
[330.170s][info   ][gc,stats    ]    Subphase: Concurrent Mark Try Flush                     0.000 / 0.000         0.084 / 0.545         0.084 / 0.545         0.084 / 0.545       ms
[330.170s][info   ][gc,stats    ]    Subphase: Concurrent Mark Try Terminate                 0.000 / 0.000         1.136 / 1.367         1.136 / 1.367         1.136 / 1.367       ms
[330.170s][info   ][gc,stats    ]    Subphase: Concurrent References Enqueue                 0.000 / 0.000         0.005 / 0.008         0.005 / 0.008         0.005 / 0.008       ms
[330.170s][info   ][gc,stats    ]    Subphase: Concurrent References Process                 0.000 / 0.000         0.085 / 0.140         0.085 / 0.140         0.085 / 0.140       ms
[330.170s][info   ][gc,stats    ]    Subphase: Concurrent Roots                              0.000 / 0.000         0.135 / 2.807         0.135 / 2.807         0.135 / 2.807       ms
[330.170s][info   ][gc,stats    ]    Subphase: Concurrent Roots ClassLoaderDataGraph         0.000 / 0.000         0.129 / 2.804         0.129 / 2.804         0.129 / 2.804       ms
[330.170s][info   ][gc,stats    ]    Subphase: Concurrent Roots JNIHandles                   0.000 / 0.000         0.066 / 0.551         0.066 / 0.551         0.066 / 0.551       ms
[330.170s][info   ][gc,stats    ]    Subphase: Concurrent Roots Setup                        0.000 / 0.000         0.425 / 1.622         0.425 / 1.622         0.425 / 1.622       ms
[330.170s][info   ][gc,stats    ]    Subphase: Concurrent Roots Teardown                     0.000 / 0.000         0.001 / 0.001         0.001 / 0.001         0.001 / 0.001       ms
[330.170s][info   ][gc,stats    ]    Subphase: Concurrent Weak Roots                         0.000 / 0.000         0.345 / 1.376         0.345 / 1.376         0.345 / 1.376       ms
[330.170s][info   ][gc,stats    ]    Subphase: Concurrent Weak Roots JNIWeakHandles          0.000 / 0.000         0.003 / 0.073         0.003 / 0.073         0.003 / 0.073       ms
[330.170s][info   ][gc,stats    ]    Subphase: Concurrent Weak Roots StringTable             0.000 / 0.000         0.318 / 1.327         0.318 / 1.327         0.318 / 1.327       ms
[330.170s][info   ][gc,stats    ]    Subphase: Concurrent Weak Roots VMWeakHandles           0.000 / 0.000         0.023 / 0.052         0.023 / 0.052         0.023 / 0.052       ms
[330.170s][info   ][gc,stats    ]    Subphase: Pause Mark Try Complete                       0.000 / 0.000         0.225 / 1.009         0.225 / 1.009         0.225 / 1.009       ms
[330.170s][info   ][gc,stats    ]    Subphase: Pause Roots                                   0.000 / 0.000         0.064 / 1.060         0.064 / 1.060         0.064 / 1.060       ms
[330.170s][info   ][gc,stats    ]    Subphase: Pause Roots CodeCache                         0.000 / 0.000         0.000 / 0.000         0.000 / 0.000         0.000 / 0.000       ms
[330.170s][info   ][gc,stats    ]    Subphase: Pause Roots JVMTIExport                       0.000 / 0.000         0.002 / 0.017         0.002 / 0.017         0.002 / 0.017       ms
[330.170s][info   ][gc,stats    ]    Subphase: Pause Roots JVMTIWeakExport                   0.000 / 0.000         0.001 / 0.002         0.001 / 0.002         0.001 / 0.002       ms
[330.170s][info   ][gc,stats    ]    Subphase: Pause Roots Management                        0.000 / 0.000         0.023 / 0.430         0.023 / 0.430         0.023 / 0.430       ms
[330.170s][info   ][gc,stats    ]    Subphase: Pause Roots ObjectSynchronizer                0.000 / 0.000         0.002 / 0.011         0.002 / 0.011         0.002 / 0.011       ms
[330.170s][info   ][gc,stats    ]    Subphase: Pause Roots Setup                             0.000 / 0.000         0.001 / 0.002         0.001 / 0.002         0.001 / 0.002       ms
[330.170s][info   ][gc,stats    ]    Subphase: Pause Roots SystemDictionary                  0.000 / 0.000         0.081 / 0.734         0.081 / 0.734         0.081 / 0.734       ms
[330.170s][info   ][gc,stats    ]    Subphase: Pause Roots Teardown                          0.000 / 0.000         0.004 / 0.009         0.004 / 0.009         0.004 / 0.009       ms
[330.170s][info   ][gc,stats    ]    Subphase: Pause Roots Threads                           0.000 / 0.000         0.078 / 1.042         0.078 / 1.042         0.078 / 1.042       ms
[330.170s][info   ][gc,stats    ]    Subphase: Pause Roots Universe                          0.000 / 0.000         0.033 / 0.626         0.033 / 0.626         0.033 / 0.626       ms
[330.170s][info   ][gc,stats    ]    Subphase: Pause Weak Roots                              0.000 / 0.000         0.001 / 0.007         0.001 / 0.007         0.001 / 0.007       ms
[330.170s][info   ][gc,stats    ]    Subphase: Pause Weak Roots JFRWeak                      0.000 / 0.000         0.001 / 0.001         0.001 / 0.001         0.001 / 0.001       ms
[330.170s][info   ][gc,stats    ]    Subphase: Pause Weak Roots JVMTIWeakExport              0.000 / 0.000         0.001 / 0.001         0.001 / 0.001         0.001 / 0.001       ms
[330.170s][info   ][gc,stats    ]    Subphase: Pause Weak Roots Setup                        0.000 / 0.000         0.001 / 0.001         0.001 / 0.001         0.001 / 0.001       ms
[330.170s][info   ][gc,stats    ]    Subphase: Pause Weak Roots Teardown                     0.000 / 0.000         0.001 / 0.004         0.001 / 0.004         0.001 / 0.004       ms
[330.170s][info   ][gc,stats    ]      System: Java Threads                                      0 / 0                56 / 65               56 / 65               56 / 65          threads
[330.170s][info   ][gc,stats    ] =========================================================================================================================================================
[333.069s][info   ][gc,start    ] GC(13) Garbage Collection (Proactive)
[333.070s][info   ][gc,phases   ] GC(13) Pause Mark Start 0.216ms
[333.276s][info   ][gc,phases   ] GC(13) Concurrent Mark 206.273ms
[333.277s][info   ][gc,phases   ] GC(13) Pause Mark End 0.683ms
[333.279s][info   ][gc,phases   ] GC(13) Concurrent Process Non-Strong References 1.767ms
[333.280s][info   ][gc,phases   ] GC(13) Concurrent Reset Relocation Set 1.576ms
[333.280s][info   ][gc,phases   ] GC(13) Concurrent Destroy Detached Pages 0.001ms
[333.283s][info   ][gc,phases   ] GC(13) Concurrent Select Relocation Set 2.428ms
[333.296s][info   ][gc,phases   ] GC(13) Concurrent Prepare Relocation Set 12.606ms
[333.296s][info   ][gc,phases   ] GC(13) Pause Relocate Start 0.209ms
[333.367s][info   ][gc,phases   ] GC(13) Concurrent Relocate 71.011ms
[333.367s][info   ][gc,load     ] GC(13) Load: 2.84/2.23/1.04
[333.367s][info   ][gc,mmu      ] GC(13) MMU: 2ms/30.0%, 5ms/69.9%, 10ms/81.7%, 20ms/87.7%, 50ms/95.1%, 100ms/97.5%
[333.367s][info   ][gc,marking  ] GC(13) Mark: 8 stripe(s), 10 proactive flush(es), 2 terminate flush(es), 1 completion(s), 0 continuation(s) 
[333.367s][info   ][gc,reloc    ] GC(13) Relocation: Successful, 1271M relocated
[333.367s][info   ][gc,nmethod  ] GC(13) NMethods: 5568 registered, 1116 unregistered
[333.367s][info   ][gc,metaspace] GC(13) Metaspace: 40M used, 41M capacity, 41M committed, 42M reserved
[333.367s][info   ][gc,ref      ] GC(13) Soft: 3327 encountered, 0 discovered, 0 enqueued
[333.367s][info   ][gc,ref      ] GC(13) Weak: 1530 encountered, 492 discovered, 0 enqueued
[333.367s][info   ][gc,ref      ] GC(13) Final: 30 encountered, 3 discovered, 3 enqueued
[333.367s][info   ][gc,ref      ] GC(13) Phantom: 120 encountered, 87 discovered, 0 enqueued
[333.367s][info   ][gc,heap     ] GC(13)                Mark Start          Mark End        Relocate Start      Relocate End           High               Low         
[333.367s][info   ][gc,heap     ] GC(13)  Capacity:    30390M (30%)       30390M (30%)       30390M (30%)       30390M (30%)       30390M (30%)       30390M (30%)    
[333.367s][info   ][gc,heap     ] GC(13)   Reserve:       80M (0%)           80M (0%)           80M (0%)           80M (0%)           80M (0%)           80M (0%)     
[333.367s][info   ][gc,heap     ] GC(13)      Free:    85678M (85%)       85504M (85%)       89590M (89%)       96350M (96%)       96350M (96%)       85504M (85%)    
[333.367s][info   ][gc,heap     ] GC(13)      Used:    14594M (15%)       14768M (15%)       10682M (11%)        3922M (4%)        14768M (15%)        3922M (4%)     
[333.367s][info   ][gc,heap     ] GC(13)      Live:         -              3499M (3%)         3499M (3%)         3499M (3%)             -                  -          
[333.367s][info   ][gc,heap     ] GC(13) Allocated:         -               174M (0%)          190M (0%)         1458M (1%)             -                  -          
[333.367s][info   ][gc,heap     ] GC(13)   Garbage:         -             11094M (11%)        6992M (7%)          186M (0%)             -                  -          
[333.367s][info   ][gc,heap     ] GC(13) Reclaimed:         -                  -              4102M (4%)        10908M (11%)            -                  -          
[333.367s][info   ][gc          ] GC(13) Garbage Collection (Proactive) 14594M(15%)->3922M(4%)
[340.170s][info   ][gc,stats    ] === Garbage Collection Statistics =======================================================================================================================
[340.170s][info   ][gc,stats    ]                                                              Last 10s              Last 10m              Last 10h                Total
[340.170s][info   ][gc,stats    ]                                                              Avg / Max             Avg / Max             Avg / Max             Avg / Max
[340.170s][info   ][gc,stats    ]   Collector: Garbage Collection Cycle                    297.811 / 297.811     351.002 / 515.532     351.002 / 515.532     351.002 / 515.532     ms
[340.170s][info   ][gc,stats    ]  Contention: Mark Segment Reset Contention                    14 / 95               16 / 850              16 / 850              16 / 850         ops/s
[340.170s][info   ][gc,stats    ]  Contention: Mark SeqNum Reset Contention                      0 / 0                 0 / 9                 0 / 9                 0 / 9           ops/s
[340.170s][info   ][gc,stats    ]  Contention: Relocation Contention                             0 / 7                 0 / 38                0 / 38                0 / 38          ops/s
[340.170s][info   ][gc,stats    ]    Critical: Allocation Stall                              0.000 / 0.000         0.000 / 0.000         0.000 / 0.000         0.000 / 0.000       ms
[340.170s][info   ][gc,stats    ]    Critical: Allocation Stall                                  0 / 0                 0 / 0                 0 / 0                 0 / 0           ops/s
[340.170s][info   ][gc,stats    ]    Critical: GC Locker Stall                               0.000 / 0.000         0.000 / 0.000         0.000 / 0.000         0.000 / 0.000       ms
[340.170s][info   ][gc,stats    ]    Critical: GC Locker Stall                                   0 / 0                 0 / 0                 0 / 0                 0 / 0           ops/s
[340.170s][info   ][gc,stats    ]      Memory: Allocation Rate                                 636 / 716             613 / 1436            613 / 1436            613 / 1436        MB/s
[340.170s][info   ][gc,stats    ]      Memory: Heap Used After Mark                          14768 / 14768         17652 / 30288         17652 / 30288         17652 / 30288       MB
[340.170s][info   ][gc,stats    ]      Memory: Heap Used After Relocation                     3922 / 3922           3445 / 4228           3445 / 4228           3445 / 4228        MB
[340.170s][info   ][gc,stats    ]      Memory: Heap Used Before Mark                         14594 / 14594         17479 / 30112         17479 / 30112         17479 / 30112       MB
[340.170s][info   ][gc,stats    ]      Memory: Heap Used Before Relocation                   10682 / 10682         12181 / 20378         12181 / 20378         12181 / 20378       MB
[340.170s][info   ][gc,stats    ]      Memory: Out Of Memory                                     0 / 0                 0 / 0                 0 / 0                 0 / 0           ops/s
[340.170s][info   ][gc,stats    ]      Memory: Page Cache Flush                                  0 / 0                 0 / 0                 0 / 0                 0 / 0           MB/s
[340.170s][info   ][gc,stats    ]      Memory: Page Cache Hit L1                               368 / 929             283 / 1642            283 / 1642            283 / 1642        ops/s
[340.170s][info   ][gc,stats    ]      Memory: Page Cache Hit L2                                 0 / 0                 1 / 179               1 / 179               1 / 179         ops/s
[340.170s][info   ][gc,stats    ]      Memory: Page Cache Miss                                   0 / 0                43 / 341              43 / 341              43 / 341         ops/s
[340.170s][info   ][gc,stats    ]      Memory: Undo Object Allocation Failed                     0 / 0                 0 / 0                 0 / 0                 0 / 0           ops/s
[340.170s][info   ][gc,stats    ]      Memory: Undo Object Allocation Succeeded                  0 / 7                 0 / 38                0 / 38                0 / 38          ops/s
[340.170s][info   ][gc,stats    ]      Memory: Undo Page Allocation                              0 / 0                 0 / 69                0 / 69                0 / 69          ops/s
[340.170s][info   ][gc,stats    ]       Phase: Concurrent Destroy Detached Pages             0.001 / 0.001         0.001 / 0.001         0.001 / 0.001         0.001 / 0.001       ms
[340.170s][info   ][gc,stats    ]       Phase: Concurrent Mark                             206.273 / 206.273     200.420 / 275.553     200.420 / 275.553     200.420 / 275.553     ms
[340.170s][info   ][gc,stats    ]       Phase: Concurrent Mark Continue                      0.000 / 0.000         1.416 / 1.416         1.416 / 1.416         1.416 / 1.416       ms
[340.170s][info   ][gc,stats    ]       Phase: Concurrent Prepare Relocation Set            12.606 / 12.606       37.029 / 89.649       37.029 / 89.649       37.029 / 89.649      ms
[340.170s][info   ][gc,stats    ]       Phase: Concurrent Process Non-Strong References      1.767 / 1.767         4.156 / 19.270        4.156 / 19.270        4.156 / 19.270      ms
[340.170s][info   ][gc,stats    ]       Phase: Concurrent Relocate                          71.011 / 71.011       97.330 / 165.671      97.330 / 165.671      97.330 / 165.671     ms
[340.170s][info   ][gc,stats    ]       Phase: Concurrent Reset Relocation Set               1.576 / 1.576         4.013 / 14.653        4.013 / 14.653        4.013 / 14.653      ms
[340.170s][info   ][gc,stats    ]       Phase: Concurrent Select Relocation Set              2.428 / 2.428         5.139 / 12.148        5.139 / 12.148        5.139 / 12.148      ms
[340.170s][info   ][gc,stats    ]       Phase: Pause Mark End                                0.683 / 0.683         0.822 / 1.253         0.822 / 1.253         0.822 / 1.253       ms
[340.170s][info   ][gc,stats    ]       Phase: Pause Mark Start                              0.216 / 0.216         0.499 / 1.400         0.499 / 1.400         0.499 / 1.400       ms
[340.170s][info   ][gc,stats    ]       Phase: Pause Relocate Start                          0.209 / 0.209         0.263 / 1.025         0.263 / 1.025         0.263 / 1.025       ms
[340.170s][info   ][gc,stats    ]       Phase: Pause Verify                                  0.000 / 0.000         0.000 / 0.000         0.000 / 0.000         0.000 / 0.000       ms
[340.170s][info   ][gc,stats    ]    Subphase: Concurrent Classes Unload                     1.471 / 1.471         3.633 / 18.723        3.633 / 18.723        3.633 / 18.723      ms
[340.170s][info   ][gc,stats    ]    Subphase: Concurrent Mark                             205.116 / 205.597     185.189 / 273.889     185.189 / 273.889     185.189 / 273.889     ms
[340.170s][info   ][gc,stats    ]    Subphase: Concurrent Mark Idle                          1.135 / 1.186         1.138 / 1.365         1.138 / 1.365         1.138 / 1.365       ms
[340.170s][info   ][gc,stats    ]    Subphase: Concurrent Mark Try Flush                     0.098 / 0.163         0.085 / 0.545         0.085 / 0.545         0.085 / 0.545       ms
[340.170s][info   ][gc,stats    ]    Subphase: Concurrent Mark Try Terminate                 1.134 / 1.189         1.136 / 1.367         1.136 / 1.367         1.136 / 1.367       ms
[340.170s][info   ][gc,stats    ]    Subphase: Concurrent References Enqueue                 0.005 / 0.005         0.005 / 0.008         0.005 / 0.008         0.005 / 0.008       ms
[340.170s][info   ][gc,stats    ]    Subphase: Concurrent References Process                 0.074 / 0.074         0.084 / 0.140         0.084 / 0.140         0.084 / 0.140       ms
[340.170s][info   ][gc,stats    ]    Subphase: Concurrent Roots                              0.061 / 0.374         0.130 / 2.807         0.130 / 2.807         0.130 / 2.807       ms
[340.170s][info   ][gc,stats    ]    Subphase: Concurrent Roots ClassLoaderDataGraph         0.054 / 0.372         0.122 / 2.804         0.122 / 2.804         0.122 / 2.804       ms
[340.170s][info   ][gc,stats    ]    Subphase: Concurrent Roots JNIHandles                   0.010 / 0.018         0.062 / 0.551         0.062 / 0.551         0.062 / 0.551       ms
[340.170s][info   ][gc,stats    ]    Subphase: Concurrent Roots Setup                        0.087 / 0.087         0.401 / 1.622         0.401 / 1.622         0.401 / 1.622       ms
[340.170s][info   ][gc,stats    ]    Subphase: Concurrent Roots Teardown                     0.001 / 0.001         0.001 / 0.001         0.001 / 0.001         0.001 / 0.001       ms
[340.170s][info   ][gc,stats    ]    Subphase: Concurrent Weak Roots                         0.167 / 0.177         0.332 / 1.376         0.332 / 1.376         0.332 / 1.376       ms
[340.170s][info   ][gc,stats    ]    Subphase: Concurrent Weak Roots JNIWeakHandles          0.001 / 0.004         0.003 / 0.073         0.003 / 0.073         0.003 / 0.073       ms
[340.170s][info   ][gc,stats    ]    Subphase: Concurrent Weak Roots StringTable             0.140 / 0.144         0.305 / 1.327         0.305 / 1.327         0.305 / 1.327       ms
[340.170s][info   ][gc,stats    ]    Subphase: Concurrent Weak Roots VMWeakHandles           0.022 / 0.030         0.023 / 0.052         0.023 / 0.052         0.023 / 0.052       ms
[340.170s][info   ][gc,stats    ]    Subphase: Pause Mark Try Complete                       0.176 / 0.452         0.222 / 1.009         0.222 / 1.009         0.222 / 1.009       ms
[340.170s][info   ][gc,stats    ]    Subphase: Pause Roots                                   0.039 / 0.151         0.062 / 1.060         0.062 / 1.060         0.062 / 1.060       ms
[340.170s][info   ][gc,stats    ]    Subphase: Pause Roots CodeCache                         0.000 / 0.000         0.000 / 0.000         0.000 / 0.000         0.000 / 0.000       ms
[340.170s][info   ][gc,stats    ]    Subphase: Pause Roots JVMTIExport                       0.002 / 0.002         0.002 / 0.017         0.002 / 0.017         0.002 / 0.017       ms
[340.170s][info   ][gc,stats    ]    Subphase: Pause Roots JVMTIWeakExport                   0.001 / 0.001         0.001 / 0.002         0.001 / 0.002         0.001 / 0.002       ms
[340.170s][info   ][gc,stats    ]    Subphase: Pause Roots Management                        0.003 / 0.003         0.021 / 0.430         0.021 / 0.430         0.021 / 0.430       ms
[340.170s][info   ][gc,stats    ]    Subphase: Pause Roots ObjectSynchronizer                0.001 / 0.001         0.002 / 0.011         0.002 / 0.011         0.002 / 0.011       ms
[340.170s][info   ][gc,stats    ]    Subphase: Pause Roots Setup                             0.001 / 0.001         0.001 / 0.002         0.001 / 0.002         0.001 / 0.002       ms
[340.170s][info   ][gc,stats    ]    Subphase: Pause Roots SystemDictionary                  0.012 / 0.013         0.076 / 0.734         0.076 / 0.734         0.076 / 0.734       ms
[340.170s][info   ][gc,stats    ]    Subphase: Pause Roots Teardown                          0.005 / 0.007         0.004 / 0.009         0.004 / 0.009         0.004 / 0.009       ms
[340.170s][info   ][gc,stats    ]    Subphase: Pause Roots Threads                           0.045 / 0.143         0.075 / 1.042         0.075 / 1.042         0.075 / 1.042       ms
[340.170s][info   ][gc,stats    ]    Subphase: Pause Roots Universe                          0.010 / 0.015         0.031 / 0.626         0.031 / 0.626         0.031 / 0.626       ms
[340.170s][info   ][gc,stats    ]    Subphase: Pause Weak Roots                              0.002 / 0.005         0.001 / 0.007         0.001 / 0.007         0.001 / 0.007       ms
[340.170s][info   ][gc,stats    ]    Subphase: Pause Weak Roots JFRWeak                      0.001 / 0.001         0.001 / 0.001         0.001 / 0.001         0.001 / 0.001       ms
[340.170s][info   ][gc,stats    ]    Subphase: Pause Weak Roots JVMTIWeakExport              0.001 / 0.001         0.001 / 0.001         0.001 / 0.001         0.001 / 0.001       ms
[340.170s][info   ][gc,stats    ]    Subphase: Pause Weak Roots Setup                        0.001 / 0.001         0.001 / 0.001         0.001 / 0.001         0.001 / 0.001       ms
[340.170s][info   ][gc,stats    ]    Subphase: Pause Weak Roots Teardown                     0.001 / 0.001         0.001 / 0.004         0.001 / 0.004         0.001 / 0.004       ms
[340.170s][info   ][gc,stats    ]      System: Java Threads                                     62 / 62               56 / 65               56 / 65               56 / 65          threads
[340.170s][info   ][gc,stats    ] =========================================================================================================================================================
[349.969s][info   ][gc,start    ] GC(14) Garbage Collection (Proactive)
[349.970s][info   ][gc,phases   ] GC(14) Pause Mark Start 0.172ms
[350.156s][info   ][gc,phases   ] GC(14) Concurrent Mark 186.392ms
[350.157s][info   ][gc,phases   ] GC(14) Pause Mark End 0.889ms
[350.159s][info   ][gc,phases   ] GC(14) Concurrent Process Non-Strong References 1.805ms
[350.161s][info   ][gc,phases   ] GC(14) Concurrent Reset Relocation Set 1.548ms
[350.161s][info   ][gc,phases   ] GC(14) Concurrent Destroy Detached Pages 0.001ms
[350.163s][info   ][gc,phases   ] GC(14) Concurrent Select Relocation Set 2.451ms
[350.169s][info   ][gc,stats    ] === Garbage Collection Statistics =======================================================================================================================
[350.169s][info   ][gc,stats    ]                                                              Last 10s              Last 10m              Last 10h                Total
[350.169s][info   ][gc,stats    ]                                                              Avg / Max             Avg / Max             Avg / Max             Avg / Max
[350.169s][info   ][gc,stats    ]   Collector: Garbage Collection Cycle                      0.000 / 0.000       351.002 / 515.532     351.002 / 515.532     351.002 / 515.532     ms
[350.169s][info   ][gc,stats    ]  Contention: Mark Segment Reset Contention                    37 / 374              17 / 850              17 / 850              17 / 850         ops/s
[350.169s][info   ][gc,stats    ]  Contention: Mark SeqNum Reset Contention                      0 / 1                 0 / 9                 0 / 9                 0 / 9           ops/s
[350.169s][info   ][gc,stats    ]  Contention: Relocation Contention                             0 / 0                 0 / 38                0 / 38                0 / 38          ops/s
[350.169s][info   ][gc,stats    ]    Critical: Allocation Stall                              0.000 / 0.000         0.000 / 0.000         0.000 / 0.000         0.000 / 0.000       ms
[350.169s][info   ][gc,stats    ]    Critical: Allocation Stall                                  0 / 0                 0 / 0                 0 / 0                 0 / 0           ops/s
[350.169s][info   ][gc,stats    ]    Critical: GC Locker Stall                               0.000 / 0.000         0.000 / 0.000         0.000 / 0.000         0.000 / 0.000       ms
[350.169s][info   ][gc,stats    ]    Critical: GC Locker Stall                                   0 / 0                 0 / 0                 0 / 0                 0 / 0           ops/s
[350.170s][info   ][gc,stats    ]      Memory: Allocation Rate                                 643 / 718             614 / 1436            614 / 1436            614 / 1436        MB/s
[350.170s][info   ][gc,stats    ]      Memory: Heap Used After Mark                          14580 / 14580         17447 / 30288         17447 / 30288         17447 / 30288       MB
[350.170s][info   ][gc,stats    ]      Memory: Heap Used After Relocation                        0 / 0              3445 / 4228           3445 / 4228           3445 / 4228        MB
[350.170s][info   ][gc,stats    ]      Memory: Heap Used Before Mark                         14400 / 14400         17274 / 30112         17274 / 30112         17274 / 30112       MB
[350.170s][info   ][gc,stats    ]      Memory: Heap Used Before Relocation                       0 / 0             12181 / 20378         12181 / 20378         12181 / 20378       MB
[350.170s][info   ][gc,stats    ]      Memory: Out Of Memory                                     0 / 0                 0 / 0                 0 / 0                 0 / 0           ops/s
[350.170s][info   ][gc,stats    ]      Memory: Page Cache Flush                                  0 / 0                 0 / 0                 0 / 0                 0 / 0           MB/s
[350.170s][info   ][gc,stats    ]      Memory: Page Cache Hit L1                               308 / 344             284 / 1642            284 / 1642            284 / 1642        ops/s
[350.170s][info   ][gc,stats    ]      Memory: Page Cache Hit L2                                 0 / 0                 1 / 179               1 / 179               1 / 179         ops/s
[350.170s][info   ][gc,stats    ]      Memory: Page Cache Miss                                   0 / 0                41 / 341              41 / 341              41 / 341         ops/s
[350.170s][info   ][gc,stats    ]      Memory: Undo Object Allocation Failed                     0 / 0                 0 / 0                 0 / 0                 0 / 0           ops/s
[350.170s][info   ][gc,stats    ]      Memory: Undo Object Allocation Succeeded                  0 / 0                 0 / 38                0 / 38                0 / 38          ops/s
[350.170s][info   ][gc,stats    ]      Memory: Undo Page Allocation                              0 / 0                 0 / 69                0 / 69                0 / 69          ops/s
[350.170s][info   ][gc,stats    ]       Phase: Concurrent Destroy Detached Pages             0.001 / 0.001         0.001 / 0.001         0.001 / 0.001         0.001 / 0.001       ms
[350.170s][info   ][gc,stats    ]       Phase: Concurrent Mark                             186.392 / 186.392     199.485 / 275.553     199.485 / 275.553     199.485 / 275.553     ms
[350.170s][info   ][gc,stats    ]       Phase: Concurrent Mark Continue                      0.000 / 0.000         1.416 / 1.416         1.416 / 1.416         1.416 / 1.416       ms
[350.170s][info   ][gc,stats    ]       Phase: Concurrent Prepare Relocation Set             0.000 / 0.000        37.029 / 89.649       37.029 / 89.649       37.029 / 89.649      ms
[350.170s][info   ][gc,stats    ]       Phase: Concurrent Process Non-Strong References      1.805 / 1.805         4.000 / 19.270        4.000 / 19.270        4.000 / 19.270      ms
[350.170s][info   ][gc,stats    ]       Phase: Concurrent Relocate                           0.000 / 0.000        97.330 / 165.671      97.330 / 165.671      97.330 / 165.671     ms
[350.170s][info   ][gc,stats    ]       Phase: Concurrent Reset Relocation Set               1.548 / 1.548         3.849 / 14.653        3.849 / 14.653        3.849 / 14.653      ms
[350.170s][info   ][gc,stats    ]       Phase: Concurrent Select Relocation Set              2.451 / 2.451         4.960 / 12.148        4.960 / 12.148        4.960 / 12.148      ms
[350.170s][info   ][gc,stats    ]       Phase: Pause Mark End                                0.889 / 0.889         0.826 / 1.253         0.826 / 1.253         0.826 / 1.253       ms
[350.170s][info   ][gc,stats    ]       Phase: Pause Mark Start                              0.172 / 0.172         0.477 / 1.400         0.477 / 1.400         0.477 / 1.400       ms
[350.170s][info   ][gc,stats    ]       Phase: Pause Relocate Start                          0.000 / 0.000         0.263 / 1.025         0.263 / 1.025         0.263 / 1.025       ms
[350.170s][info   ][gc,stats    ]       Phase: Pause Verify                                  0.000 / 0.000         0.000 / 0.000         0.000 / 0.000         0.000 / 0.000       ms
[350.170s][info   ][gc,stats    ]    Subphase: Concurrent Classes Unload                     1.476 / 1.476         3.489 / 18.723        3.489 / 18.723        3.489 / 18.723      ms
[350.170s][info   ][gc,stats    ]    Subphase: Concurrent Mark                             185.157 / 185.593     185.187 / 273.889     185.187 / 273.889     185.187 / 273.889     ms
[350.170s][info   ][gc,stats    ]    Subphase: Concurrent Mark Idle                          1.138 / 1.188         1.138 / 1.365         1.138 / 1.365         1.138 / 1.365       ms
[350.170s][info   ][gc,stats    ]    Subphase: Concurrent Mark Try Flush                     0.088 / 0.141         0.085 / 0.545         0.085 / 0.545         0.085 / 0.545       ms
[350.170s][info   ][gc,stats    ]    Subphase: Concurrent Mark Try Terminate                 1.136 / 1.195         1.136 / 1.367         1.136 / 1.367         1.136 / 1.367       ms
[350.170s][info   ][gc,stats    ]    Subphase: Concurrent References Enqueue                 0.007 / 0.007         0.005 / 0.008         0.005 / 0.008         0.005 / 0.008       ms
[350.170s][info   ][gc,stats    ]    Subphase: Concurrent References Process                 0.077 / 0.077         0.084 / 0.140         0.084 / 0.140         0.084 / 0.140       ms
[350.170s][info   ][gc,stats    ]    Subphase: Concurrent Roots                              0.066 / 0.474         0.126 / 2.807         0.126 / 2.807         0.126 / 2.807       ms
[350.170s][info   ][gc,stats    ]    Subphase: Concurrent Roots ClassLoaderDataGraph         0.058 / 0.461         0.117 / 2.804         0.117 / 2.804         0.117 / 2.804       ms
[350.170s][info   ][gc,stats    ]    Subphase: Concurrent Roots JNIHandles                   0.011 / 0.021         0.059 / 0.551         0.059 / 0.551         0.059 / 0.551       ms
[350.170s][info   ][gc,stats    ]    Subphase: Concurrent Roots Setup                        0.106 / 0.106         0.381 / 1.622         0.381 / 1.622         0.381 / 1.622       ms
[350.170s][info   ][gc,stats    ]    Subphase: Concurrent Roots Teardown                     0.001 / 0.001         0.001 / 0.001         0.001 / 0.001         0.001 / 0.001       ms
[350.170s][info   ][gc,stats    ]    Subphase: Concurrent Weak Roots                         0.174 / 0.188         0.322 / 1.376         0.322 / 1.376         0.322 / 1.376       ms
[350.170s][info   ][gc,stats    ]    Subphase: Concurrent Weak Roots JNIWeakHandles          0.003 / 0.007         0.003 / 0.073         0.003 / 0.073         0.003 / 0.073       ms
[350.170s][info   ][gc,stats    ]    Subphase: Concurrent Weak Roots StringTable             0.145 / 0.152         0.294 / 1.327         0.294 / 1.327         0.294 / 1.327       ms
[350.170s][info   ][gc,stats    ]    Subphase: Concurrent Weak Roots VMWeakHandles           0.024 / 0.038         0.023 / 0.052         0.023 / 0.052         0.023 / 0.052       ms
[350.170s][info   ][gc,stats    ]    Subphase: Pause Mark Try Complete                       0.231 / 0.665         0.222 / 1.009         0.222 / 1.009         0.222 / 1.009       ms
[350.170s][info   ][gc,stats    ]    Subphase: Pause Roots                                   0.026 / 0.075         0.061 / 1.060         0.061 / 1.060         0.061 / 1.060       ms
[350.170s][info   ][gc,stats    ]    Subphase: Pause Roots CodeCache                         0.000 / 0.000         0.000 / 0.000         0.000 / 0.000         0.000 / 0.000       ms
[350.170s][info   ][gc,stats    ]    Subphase: Pause Roots JVMTIExport                       0.003 / 0.003         0.002 / 0.017         0.002 / 0.017         0.002 / 0.017       ms
[350.170s][info   ][gc,stats    ]    Subphase: Pause Roots JVMTIWeakExport                   0.000 / 0.000         0.001 / 0.002         0.001 / 0.002         0.001 / 0.002       ms
[350.170s][info   ][gc,stats    ]    Subphase: Pause Roots Management                        0.007 / 0.007         0.021 / 0.430         0.021 / 0.430         0.021 / 0.430       ms
[350.170s][info   ][gc,stats    ]    Subphase: Pause Roots ObjectSynchronizer                0.001 / 0.001         0.002 / 0.011         0.002 / 0.011         0.002 / 0.011       ms
[350.170s][info   ][gc,stats    ]    Subphase: Pause Roots Setup                             0.001 / 0.001         0.001 / 0.002         0.001 / 0.002         0.001 / 0.002       ms
[350.170s][info   ][gc,stats    ]    Subphase: Pause Roots SystemDictionary                  0.016 / 0.016         0.074 / 0.734         0.074 / 0.734         0.074 / 0.734       ms
[350.170s][info   ][gc,stats    ]    Subphase: Pause Roots Teardown                          0.003 / 0.005         0.004 / 0.009         0.004 / 0.009         0.004 / 0.009       ms
[350.170s][info   ][gc,stats    ]    Subphase: Pause Roots Threads                           0.032 / 0.057         0.073 / 1.042         0.073 / 1.042         0.073 / 1.042       ms
[350.170s][info   ][gc,stats    ]    Subphase: Pause Roots Universe                          0.006 / 0.006         0.030 / 0.626         0.030 / 0.626         0.030 / 0.626       ms
[350.170s][info   ][gc,stats    ]    Subphase: Pause Weak Roots                              0.001 / 0.007         0.001 / 0.007         0.001 / 0.007         0.001 / 0.007       ms
[350.170s][info   ][gc,stats    ]    Subphase: Pause Weak Roots JFRWeak                      0.001 / 0.001         0.001 / 0.001         0.001 / 0.001         0.001 / 0.001       ms
[350.170s][info   ][gc,stats    ]    Subphase: Pause Weak Roots JVMTIWeakExport              0.002 / 0.002         0.001 / 0.002         0.001 / 0.002         0.001 / 0.002       ms
[350.170s][info   ][gc,stats    ]    Subphase: Pause Weak Roots Setup                        0.001 / 0.001         0.001 / 0.001         0.001 / 0.001         0.001 / 0.001       ms
[350.170s][info   ][gc,stats    ]    Subphase: Pause Weak Roots Teardown                     0.001 / 0.001         0.001 / 0.004         0.001 / 0.004         0.001 / 0.004       ms
[350.170s][info   ][gc,stats    ]      System: Java Threads                                     62 / 62               57 / 65               57 / 65               57 / 65          threads
[350.170s][info   ][gc,stats    ] =========================================================================================================================================================
[350.176s][info   ][gc,phases   ] GC(14) Concurrent Prepare Relocation Set 12.832ms
[350.176s][info   ][gc,phases   ] GC(14) Pause Relocate Start 0.184ms
[350.257s][info   ][gc,phases   ] GC(14) Concurrent Relocate 80.712ms
[350.257s][info   ][gc,load     ] GC(14) Load: 3.43/2.39/1.11
[350.257s][info   ][gc,mmu      ] GC(14) MMU: 2ms/30.0%, 5ms/69.9%, 10ms/81.7%, 20ms/87.7%, 50ms/95.1%, 100ms/97.5%
[350.257s][info   ][gc,marking  ] GC(14) Mark: 8 stripe(s), 10 proactive flush(es), 2 terminate flush(es), 1 completion(s), 0 continuation(s) 
[350.257s][info   ][gc,reloc    ] GC(14) Relocation: Successful, 1326M relocated
[350.257s][info   ][gc,nmethod  ] GC(14) NMethods: 5570 registered, 1116 unregistered
[350.257s][info   ][gc,metaspace] GC(14) Metaspace: 40M used, 41M capacity, 41M committed, 42M reserved
[350.257s][info   ][gc,ref      ] GC(14) Soft: 3327 encountered, 0 discovered, 0 enqueued
[350.257s][info   ][gc,ref      ] GC(14) Weak: 1530 encountered, 693 discovered, 0 enqueued
[350.257s][info   ][gc,ref      ] GC(14) Final: 31 encountered, 4 discovered, 4 enqueued
[350.257s][info   ][gc,ref      ] GC(14) Phantom: 120 encountered, 78 discovered, 0 enqueued
[350.257s][info   ][gc,heap     ] GC(14)                Mark Start          Mark End        Relocate Start      Relocate End           High               Low         
[350.257s][info   ][gc,heap     ] GC(14)  Capacity:    30390M (30%)       30390M (30%)       30390M (30%)       30390M (30%)       30390M (30%)       30390M (30%)    
[350.257s][info   ][gc,heap     ] GC(14)   Reserve:       80M (0%)           80M (0%)           80M (0%)           80M (0%)           80M (0%)           80M (0%)     
[350.257s][info   ][gc,heap     ] GC(14)      Free:    85872M (86%)       85692M (85%)       89558M (89%)       96320M (96%)       96320M (96%)       85692M (85%)    
[350.257s][info   ][gc,heap     ] GC(14)      Used:    14400M (14%)       14580M (15%)       10714M (11%)        3952M (4%)        14580M (15%)        3952M (4%)     
[350.257s][info   ][gc,heap     ] GC(14)      Live:         -              3507M (3%)         3507M (3%)         3507M (3%)             -                  -          
[350.257s][info   ][gc,heap     ] GC(14) Allocated:         -               180M (0%)          180M (0%)         1470M (1%)             -                  -          
[350.257s][info   ][gc,heap     ] GC(14)   Garbage:         -             10892M (11%)        7026M (7%)          208M (0%)             -                  -          
[350.257s][info   ][gc,heap     ] GC(14) Reclaimed:         -                  -              3866M (4%)        10684M (11%)            -                  -          
[350.258s][info   ][gc          ] GC(14) Garbage Collection (Proactive) 14400M(14%)->3952M(4%)
[360.170s][info   ][gc,stats    ] === Garbage Collection Statistics =======================================================================================================================
[360.170s][info   ][gc,stats    ]                                                              Last 10s              Last 10m              Last 10h                Total
[360.170s][info   ][gc,stats    ]                                                              Avg / Max             Avg / Max             Avg / Max             Avg / Max
[360.170s][info   ][gc,stats    ]   Collector: Garbage Collection Cycle                    287.952 / 287.952     346.798 / 515.532     346.798 / 515.532     346.798 / 515.532     ms
[360.170s][info   ][gc,stats    ]  Contention: Mark Segment Reset Contention                     0 / 0                17 / 850              17 / 850              17 / 850         ops/s
[360.170s][info   ][gc,stats    ]  Contention: Mark SeqNum Reset Contention                      0 / 0                 0 / 9                 0 / 9                 0 / 9           ops/s
[360.170s][info   ][gc,stats    ]  Contention: Relocation Contention                             0 / 4                 0 / 38                0 / 38                0 / 38          ops/s
[360.170s][info   ][gc,stats    ]    Critical: Allocation Stall                              0.000 / 0.000         0.000 / 0.000         0.000 / 0.000         0.000 / 0.000       ms
[360.170s][info   ][gc,stats    ]    Critical: Allocation Stall                                  0 / 0                 0 / 0                 0 / 0                 0 / 0           ops/s
[360.170s][info   ][gc,stats    ]    Critical: GC Locker Stall                               0.000 / 0.000         0.000 / 0.000         0.000 / 0.000         0.000 / 0.000       ms
[360.170s][info   ][gc,stats    ]    Critical: GC Locker Stall                                   0 / 0                 0 / 0                 0 / 0                 0 / 0           ops/s
[360.170s][info   ][gc,stats    ]      Memory: Allocation Rate                                 611 / 642             614 / 1436            614 / 1436            614 / 1436        MB/s
[360.170s][info   ][gc,stats    ]      Memory: Heap Used After Mark                              0 / 0             17447 / 30288         17447 / 30288         17447 / 30288       MB
[360.170s][info   ][gc,stats    ]      Memory: Heap Used After Relocation                     3952 / 3952           3478 / 4228           3478 / 4228           3478 / 4228        MB
[360.170s][info   ][gc,stats    ]      Memory: Heap Used Before Mark                             0 / 0             17274 / 30112         17274 / 30112         17274 / 30112       MB
[360.170s][info   ][gc,stats    ]      Memory: Heap Used Before Relocation                   10714 / 10714         12083 / 20378         12083 / 20378         12083 / 20378       MB
[360.170s][info   ][gc,stats    ]      Memory: Out Of Memory                                     0 / 0                 0 / 0                 0 / 0                 0 / 0           ops/s
[360.170s][info   ][gc,stats    ]      Memory: Page Cache Flush                                  0 / 0                 0 / 0                 0 / 0                 0 / 0           MB/s
[360.170s][info   ][gc,stats    ]      Memory: Page Cache Hit L1                               356 / 921             286 / 1642            286 / 1642            286 / 1642        ops/s
[360.170s][info   ][gc,stats    ]      Memory: Page Cache Hit L2                                 0 / 0                 1 / 179               1 / 179               1 / 179         ops/s
[360.170s][info   ][gc,stats    ]      Memory: Page Cache Miss                                   0 / 0                40 / 341              40 / 341              40 / 341         ops/s
[360.170s][info   ][gc,stats    ]      Memory: Undo Object Allocation Failed                     0 / 0                 0 / 0                 0 / 0                 0 / 0           ops/s
[360.170s][info   ][gc,stats    ]      Memory: Undo Object Allocation Succeeded                  0 / 4                 0 / 38                0 / 38                0 / 38          ops/s
[360.170s][info   ][gc,stats    ]      Memory: Undo Page Allocation                              0 / 0                 0 / 69                0 / 69                0 / 69          ops/s
[360.170s][info   ][gc,stats    ]       Phase: Concurrent Destroy Detached Pages             0.000 / 0.000         0.001 / 0.001         0.001 / 0.001         0.001 / 0.001       ms
[360.170s][info   ][gc,stats    ]       Phase: Concurrent Mark                               0.000 / 0.000       199.485 / 275.553     199.485 / 275.553     199.485 / 275.553     ms
[360.170s][info   ][gc,stats    ]       Phase: Concurrent Mark Continue                      0.000 / 0.000         1.416 / 1.416         1.416 / 1.416         1.416 / 1.416       ms
[360.170s][info   ][gc,stats    ]       Phase: Concurrent Prepare Relocation Set            12.832 / 12.832       35.416 / 89.649       35.416 / 89.649       35.416 / 89.649      ms
[360.170s][info   ][gc,stats    ]       Phase: Concurrent Process Non-Strong References      0.000 / 0.000         4.000 / 19.270        4.000 / 19.270        4.000 / 19.270      ms
[360.170s][info   ][gc,stats    ]       Phase: Concurrent Relocate                          80.712 / 80.712       96.222 / 165.671      96.222 / 165.671      96.222 / 165.671     ms
[360.170s][info   ][gc,stats    ]       Phase: Concurrent Reset Relocation Set               0.000 / 0.000         3.849 / 14.653        3.849 / 14.653        3.849 / 14.653      ms
[360.170s][info   ][gc,stats    ]       Phase: Concurrent Select Relocation Set              0.000 / 0.000         4.960 / 12.148        4.960 / 12.148        4.960 / 12.148      ms
[360.170s][info   ][gc,stats    ]       Phase: Pause Mark End                                0.000 / 0.000         0.826 / 1.253         0.826 / 1.253         0.826 / 1.253       ms
[360.170s][info   ][gc,stats    ]       Phase: Pause Mark Start                              0.000 / 0.000         0.477 / 1.400         0.477 / 1.400         0.477 / 1.400       ms
[360.171s][info   ][gc,stats    ]       Phase: Pause Relocate Start                          0.184 / 0.184         0.258 / 1.025         0.258 / 1.025         0.258 / 1.025       ms
[360.171s][info   ][gc,stats    ]       Phase: Pause Verify                                  0.000 / 0.000         0.000 / 0.000         0.000 / 0.000         0.000 / 0.000       ms
[360.171s][info   ][gc,stats    ]    Subphase: Concurrent Classes Unload                     0.000 / 0.000         3.489 / 18.723        3.489 / 18.723        3.489 / 18.723      ms
[360.171s][info   ][gc,stats    ]    Subphase: Concurrent Mark                               0.000 / 0.000       185.187 / 273.889     185.187 / 273.889     185.187 / 273.889     ms
[360.171s][info   ][gc,stats    ]    Subphase: Concurrent Mark Idle                          0.000 / 0.000         1.138 / 1.365         1.138 / 1.365         1.138 / 1.365       ms
[360.171s][info   ][gc,stats    ]    Subphase: Concurrent Mark Try Flush                     0.000 / 0.000         0.085 / 0.545         0.085 / 0.545         0.085 / 0.545       ms
[360.171s][info   ][gc,stats    ]    Subphase: Concurrent Mark Try Terminate                 0.000 / 0.000         1.136 / 1.367         1.136 / 1.367         1.136 / 1.367       ms
[360.171s][info   ][gc,stats    ]    Subphase: Concurrent References Enqueue                 0.000 / 0.000         0.005 / 0.008         0.005 / 0.008         0.005 / 0.008       ms
[360.171s][info   ][gc,stats    ]    Subphase: Concurrent References Process                 0.000 / 0.000         0.084 / 0.140         0.084 / 0.140         0.084 / 0.140       ms
[360.171s][info   ][gc,stats    ]    Subphase: Concurrent Roots                              0.000 / 0.000         0.126 / 2.807         0.126 / 2.807         0.126 / 2.807       ms
[360.171s][info   ][gc,stats    ]    Subphase: Concurrent Roots ClassLoaderDataGraph         0.000 / 0.000         0.117 / 2.804         0.117 / 2.804         0.117 / 2.804       ms
[360.171s][info   ][gc,stats    ]    Subphase: Concurrent Roots JNIHandles                   0.000 / 0.000         0.059 / 0.551         0.059 / 0.551         0.059 / 0.551       ms
[360.171s][info   ][gc,stats    ]    Subphase: Concurrent Roots Setup                        0.000 / 0.000         0.381 / 1.622         0.381 / 1.622         0.381 / 1.622       ms
[360.171s][info   ][gc,stats    ]    Subphase: Concurrent Roots Teardown                     0.000 / 0.000         0.001 / 0.001         0.001 / 0.001         0.001 / 0.001       ms
[360.171s][info   ][gc,stats    ]    Subphase: Concurrent Weak Roots                         0.000 / 0.000         0.322 / 1.376         0.322 / 1.376         0.322 / 1.376       ms
[360.171s][info   ][gc,stats    ]    Subphase: Concurrent Weak Roots JNIWeakHandles          0.000 / 0.000         0.003 / 0.073         0.003 / 0.073         0.003 / 0.073       ms
[360.171s][info   ][gc,stats    ]    Subphase: Concurrent Weak Roots StringTable             0.000 / 0.000         0.294 / 1.327         0.294 / 1.327         0.294 / 1.327       ms
[360.171s][info   ][gc,stats    ]    Subphase: Concurrent Weak Roots VMWeakHandles           0.000 / 0.000         0.023 / 0.052         0.023 / 0.052         0.023 / 0.052       ms
[360.171s][info   ][gc,stats    ]    Subphase: Pause Mark Try Complete                       0.000 / 0.000         0.222 / 1.009         0.222 / 1.009         0.222 / 1.009       ms
[360.171s][info   ][gc,stats    ]    Subphase: Pause Roots                                   0.049 / 0.086         0.060 / 1.060         0.060 / 1.060         0.060 / 1.060       ms
[360.171s][info   ][gc,stats    ]    Subphase: Pause Roots CodeCache                         0.000 / 0.000         0.000 / 0.000         0.000 / 0.000         0.000 / 0.000       ms
[360.171s][info   ][gc,stats    ]    Subphase: Pause Roots JVMTIExport                       0.001 / 0.001         0.002 / 0.017         0.002 / 0.017         0.002 / 0.017       ms
[360.171s][info   ][gc,stats    ]    Subphase: Pause Roots JVMTIWeakExport                   0.001 / 0.001         0.001 / 0.002         0.001 / 0.002         0.001 / 0.002       ms
[360.171s][info   ][gc,stats    ]    Subphase: Pause Roots Management                        0.003 / 0.003         0.020 / 0.430         0.020 / 0.430         0.020 / 0.430       ms
[360.171s][info   ][gc,stats    ]    Subphase: Pause Roots ObjectSynchronizer                0.001 / 0.001         0.001 / 0.011         0.001 / 0.011         0.001 / 0.011       ms
[360.171s][info   ][gc,stats    ]    Subphase: Pause Roots Setup                             0.001 / 0.001         0.001 / 0.002         0.001 / 0.002         0.001 / 0.002       ms
[360.171s][info   ][gc,stats    ]    Subphase: Pause Roots SystemDictionary                  0.018 / 0.018         0.072 / 0.734         0.072 / 0.734         0.072 / 0.734       ms
[360.171s][info   ][gc,stats    ]    Subphase: Pause Roots Teardown                          0.005 / 0.005         0.004 / 0.009         0.004 / 0.009         0.004 / 0.009       ms
[360.171s][info   ][gc,stats    ]    Subphase: Pause Roots Threads                           0.049 / 0.079         0.073 / 1.042         0.073 / 1.042         0.073 / 1.042       ms
[360.171s][info   ][gc,stats    ]    Subphase: Pause Roots Universe                          0.002 / 0.002         0.029 / 0.626         0.029 / 0.626         0.029 / 0.626       ms
[360.171s][info   ][gc,stats    ]    Subphase: Pause Weak Roots                              0.000 / 0.000         0.001 / 0.007         0.001 / 0.007         0.001 / 0.007       ms
[360.171s][info   ][gc,stats    ]    Subphase: Pause Weak Roots JFRWeak                      0.000 / 0.000         0.001 / 0.001         0.001 / 0.001         0.001 / 0.001       ms
[360.171s][info   ][gc,stats    ]    Subphase: Pause Weak Roots JVMTIWeakExport              0.000 / 0.000         0.001 / 0.002         0.001 / 0.002         0.001 / 0.002       ms
[360.171s][info   ][gc,stats    ]    Subphase: Pause Weak Roots Setup                        0.000 / 0.000         0.001 / 0.001         0.001 / 0.001         0.001 / 0.001       ms
[360.171s][info   ][gc,stats    ]    Subphase: Pause Weak Roots Teardown                     0.000 / 0.000         0.001 / 0.004         0.001 / 0.004         0.001 / 0.004       ms
[360.171s][info   ][gc,stats    ]      System: Java Threads                                     62 / 62               57 / 65               57 / 65               57 / 65          threads
[360.171s][info   ][gc,stats    ] =========================================================================================================================================================
[366.569s][info   ][gc,start    ] GC(15) Garbage Collection (Proactive)
[366.570s][info   ][gc,phases   ] GC(15) Pause Mark Start 0.176ms
[366.755s][info   ][gc,phases   ] GC(15) Concurrent Mark 184.878ms
[366.756s][info   ][gc,phases   ] GC(15) Pause Mark End 0.724ms
[366.758s][info   ][gc,phases   ] GC(15) Concurrent Process Non-Strong References 1.710ms
[366.759s][info   ][gc,phases   ] GC(15) Concurrent Reset Relocation Set 1.506ms
[366.759s][info   ][gc,phases   ] GC(15) Concurrent Destroy Detached Pages 0.001ms
[366.761s][info   ][gc,phases   ] GC(15) Concurrent Select Relocation Set 2.388ms
[366.775s][info   ][gc,phases   ] GC(15) Concurrent Prepare Relocation Set 13.463ms
[366.775s][info   ][gc,phases   ] GC(15) Pause Relocate Start 0.241ms
[366.860s][info   ][gc,phases   ] GC(15) Concurrent Relocate 84.708ms
[366.860s][info   ][gc,load     ] GC(15) Load: 2.83/2.30/1.10
[366.860s][info   ][gc,mmu      ] GC(15) MMU: 2ms/30.0%, 5ms/69.9%, 10ms/81.7%, 20ms/87.7%, 50ms/95.1%, 100ms/97.5%
[366.860s][info   ][gc,marking  ] GC(15) Mark: 8 stripe(s), 10 proactive flush(es), 1 terminate flush(es), 1 completion(s), 0 continuation(s) 
[366.860s][info   ][gc,reloc    ] GC(15) Relocation: Successful, 1359M relocated
[366.860s][info   ][gc,nmethod  ] GC(15) NMethods: 5568 registered, 1127 unregistered
[366.860s][info   ][gc,metaspace] GC(15) Metaspace: 40M used, 41M capacity, 41M committed, 42M reserved
[366.860s][info   ][gc,ref      ] GC(15) Soft: 3327 encountered, 0 discovered, 0 enqueued
[366.860s][info   ][gc,ref      ] GC(15) Weak: 1530 encountered, 693 discovered, 0 enqueued
[366.860s][info   ][gc,ref      ] GC(15) Final: 30 encountered, 3 discovered, 3 enqueued
[366.860s][info   ][gc,ref      ] GC(15) Phantom: 120 encountered, 75 discovered, 0 enqueued
[366.860s][info   ][gc,heap     ] GC(15)                Mark Start          Mark End        Relocate Start      Relocate End           High               Low         
[366.860s][info   ][gc,heap     ] GC(15)  Capacity:    30390M (30%)       30390M (30%)       30390M (30%)       30390M (30%)       30390M (30%)       30390M (30%)    
[366.860s][info   ][gc,heap     ] GC(15)   Reserve:       80M (0%)           80M (0%)           80M (0%)           80M (0%)           80M (0%)           80M (0%)     
[366.860s][info   ][gc,heap     ] GC(15)      Free:    86254M (86%)       86070M (86%)       89780M (89%)       96266M (96%)       96266M (96%)       86070M (86%)    
[366.860s][info   ][gc,heap     ] GC(15)      Used:    14018M (14%)       14202M (14%)       10492M (10%)        4006M (4%)        14202M (14%)        4006M (4%)     
[366.860s][info   ][gc,heap     ] GC(15)      Live:         -              3535M (4%)         3535M (4%)         3535M (4%)             -                  -          
[366.860s][info   ][gc,heap     ] GC(15) Allocated:         -               184M (0%)          186M (0%)         1480M (1%)             -                  -          
[366.860s][info   ][gc,heap     ] GC(15)   Garbage:         -             10482M (10%)        6770M (7%)          250M (0%)             -                  -          
[366.860s][info   ][gc,heap     ] GC(15) Reclaimed:         -                  -              3712M (4%)        10232M (10%)            -                  -          
[366.861s][info   ][gc          ] GC(15) Garbage Collection (Proactive) 14018M(14%)->4006M(4%)
[370.170s][info   ][gc,stats    ] === Garbage Collection Statistics =======================================================================================================================
[370.170s][info   ][gc,stats    ]                                                              Last 10s              Last 10m              Last 10h                Total
[370.170s][info   ][gc,stats    ]                                                              Avg / Max             Avg / Max             Avg / Max             Avg / Max
[370.170s][info   ][gc,stats    ]   Collector: Garbage Collection Cycle                    290.807 / 290.807     343.299 / 515.532     343.299 / 515.532     343.299 / 515.532     ms
[370.170s][info   ][gc,stats    ]  Contention: Mark Segment Reset Contention                    44 / 448              17 / 850              17 / 850              17 / 850         ops/s
[370.170s][info   ][gc,stats    ]  Contention: Mark SeqNum Reset Contention                      0 / 0                 0 / 9                 0 / 9                 0 / 9           ops/s
[370.170s][info   ][gc,stats    ]  Contention: Relocation Contention                             0 / 3                 0 / 38                0 / 38                0 / 38          ops/s
[370.170s][info   ][gc,stats    ]    Critical: Allocation Stall                              0.000 / 0.000         0.000 / 0.000         0.000 / 0.000         0.000 / 0.000       ms
[370.170s][info   ][gc,stats    ]    Critical: Allocation Stall                                  0 / 0                 0 / 0                 0 / 0                 0 / 0           ops/s
[370.170s][info   ][gc,stats    ]    Critical: GC Locker Stall                               0.000 / 0.000         0.000 / 0.000         0.000 / 0.000         0.000 / 0.000       ms
[370.170s][info   ][gc,stats    ]    Critical: GC Locker Stall                                   0 / 0                 0 / 0                 0 / 0                 0 / 0           ops/s
[370.170s][info   ][gc,stats    ]      Memory: Allocation Rate                                 598 / 674             613 / 1436            613 / 1436            613 / 1436        MB/s
[370.170s][info   ][gc,stats    ]      Memory: Heap Used After Mark                          14202 / 14202         17244 / 30288         17244 / 30288         17244 / 30288       MB
[370.170s][info   ][gc,stats    ]      Memory: Heap Used After Relocation                     4006 / 4006           3511 / 4228           3511 / 4228           3511 / 4228        MB
[370.170s][info   ][gc,stats    ]      Memory: Heap Used Before Mark                         14018 / 14018         17070 / 30112         17070 / 30112         17070 / 30112       MB
[370.170s][info   ][gc,stats    ]      Memory: Heap Used Before Relocation                   10492 / 10492         11984 / 20378         11984 / 20378         11984 / 20378       MB
[370.170s][info   ][gc,stats    ]      Memory: Out Of Memory                                     0 / 0                 0 / 0                 0 / 0                 0 / 0           ops/s
[370.170s][info   ][gc,stats    ]      Memory: Page Cache Flush                                  0 / 0                 0 / 0                 0 / 0                 0 / 0           MB/s
[370.170s][info   ][gc,stats    ]      Memory: Page Cache Hit L1                               351 / 924             288 / 1642            288 / 1642            288 / 1642        ops/s
[370.170s][info   ][gc,stats    ]      Memory: Page Cache Hit L2                                 0 / 0                 1 / 179               1 / 179               1 / 179         ops/s
[370.170s][info   ][gc,stats    ]      Memory: Page Cache Miss                                   0 / 0                39 / 341              39 / 341              39 / 341         ops/s
[370.170s][info   ][gc,stats    ]      Memory: Undo Object Allocation Failed                     0 / 0                 0 / 0                 0 / 0                 0 / 0           ops/s
[370.170s][info   ][gc,stats    ]      Memory: Undo Object Allocation Succeeded                  0 / 3                 0 / 38                0 / 38                0 / 38          ops/s
[370.170s][info   ][gc,stats    ]      Memory: Undo Page Allocation                              0 / 0                 0 / 69                0 / 69                0 / 69          ops/s
[370.170s][info   ][gc,stats    ]       Phase: Concurrent Destroy Detached Pages             0.001 / 0.001         0.001 / 0.001         0.001 / 0.001         0.001 / 0.001       ms
[370.170s][info   ][gc,stats    ]       Phase: Concurrent Mark                             184.878 / 184.878     198.572 / 275.553     198.572 / 275.553     198.572 / 275.553     ms
[370.170s][info   ][gc,stats    ]       Phase: Concurrent Mark Continue                      0.000 / 0.000         1.416 / 1.416         1.416 / 1.416         1.416 / 1.416       ms
[370.170s][info   ][gc,stats    ]       Phase: Concurrent Prepare Relocation Set            13.463 / 13.463       34.044 / 89.649       34.044 / 89.649       34.044 / 89.649      ms
[370.170s][info   ][gc,stats    ]       Phase: Concurrent Process Non-Strong References      1.710 / 1.710         3.857 / 19.270        3.857 / 19.270        3.857 / 19.270      ms
[370.170s][info   ][gc,stats    ]       Phase: Concurrent Relocate                          84.708 / 84.708       95.502 / 165.671      95.502 / 165.671      95.502 / 165.671     ms
[370.170s][info   ][gc,stats    ]       Phase: Concurrent Reset Relocation Set               1.506 / 1.506         3.702 / 14.653        3.702 / 14.653        3.702 / 14.653      ms
[370.170s][info   ][gc,stats    ]       Phase: Concurrent Select Relocation Set              2.388 / 2.388         4.799 / 12.148        4.799 / 12.148        4.799 / 12.148      ms
[370.170s][info   ][gc,stats    ]       Phase: Pause Mark End                                0.724 / 0.724         0.820 / 1.253         0.820 / 1.253         0.820 / 1.253       ms
[370.170s][info   ][gc,stats    ]       Phase: Pause Mark Start                              0.176 / 0.176         0.458 / 1.400         0.458 / 1.400         0.458 / 1.400       ms
[370.170s][info   ][gc,stats    ]       Phase: Pause Relocate Start                          0.241 / 0.241         0.257 / 1.025         0.257 / 1.025         0.257 / 1.025       ms
[370.170s][info   ][gc,stats    ]       Phase: Pause Verify                                  0.000 / 0.000         0.000 / 0.000         0.000 / 0.000         0.000 / 0.000       ms
[370.170s][info   ][gc,stats    ]    Subphase: Concurrent Classes Unload                     1.405 / 1.405         3.359 / 18.723        3.359 / 18.723        3.359 / 18.723      ms
[370.170s][info   ][gc,stats    ]    Subphase: Concurrent Mark                             183.931 / 184.244     185.113 / 273.889     185.113 / 273.889     185.113 / 273.889     ms
[370.170s][info   ][gc,stats    ]    Subphase: Concurrent Mark Idle                          1.138 / 1.173         1.138 / 1.365         1.138 / 1.365         1.138 / 1.365       ms
[370.170s][info   ][gc,stats    ]    Subphase: Concurrent Mark Try Flush                     0.066 / 0.110         0.084 / 0.545         0.084 / 0.545         0.084 / 0.545       ms
[370.170s][info   ][gc,stats    ]    Subphase: Concurrent Mark Try Terminate                 1.137 / 1.209         1.136 / 1.367         1.136 / 1.367         1.136 / 1.367       ms
[370.170s][info   ][gc,stats    ]    Subphase: Concurrent References Enqueue                 0.005 / 0.005         0.005 / 0.008         0.005 / 0.008         0.005 / 0.008       ms
[370.170s][info   ][gc,stats    ]    Subphase: Concurrent References Process                 0.073 / 0.073         0.083 / 0.140         0.083 / 0.140         0.083 / 0.140       ms
[370.170s][info   ][gc,stats    ]    Subphase: Concurrent Roots                              0.061 / 0.327         0.121 / 2.807         0.121 / 2.807         0.121 / 2.807       ms
[370.170s][info   ][gc,stats    ]    Subphase: Concurrent Roots ClassLoaderDataGraph         0.055 / 0.324         0.112 / 2.804         0.112 / 2.804         0.112 / 2.804       ms
[370.170s][info   ][gc,stats    ]    Subphase: Concurrent Roots JNIHandles                   0.009 / 0.013         0.057 / 0.551         0.057 / 0.551         0.057 / 0.551       ms
[370.170s][info   ][gc,stats    ]    Subphase: Concurrent Roots Setup                        0.109 / 0.109         0.364 / 1.622         0.364 / 1.622         0.364 / 1.622       ms
[370.170s][info   ][gc,stats    ]    Subphase: Concurrent Roots Teardown                     0.001 / 0.001         0.001 / 0.001         0.001 / 0.001         0.001 / 0.001       ms
[370.170s][info   ][gc,stats    ]    Subphase: Concurrent Weak Roots                         0.159 / 0.173         0.312 / 1.376         0.312 / 1.376         0.312 / 1.376       ms
[370.170s][info   ][gc,stats    ]    Subphase: Concurrent Weak Roots JNIWeakHandles          0.002 / 0.004         0.003 / 0.073         0.003 / 0.073         0.003 / 0.073       ms
[370.170s][info   ][gc,stats    ]    Subphase: Concurrent Weak Roots StringTable             0.134 / 0.150         0.284 / 1.327         0.284 / 1.327         0.284 / 1.327       ms
[370.170s][info   ][gc,stats    ]    Subphase: Concurrent Weak Roots VMWeakHandles           0.021 / 0.042         0.023 / 0.052         0.023 / 0.052         0.023 / 0.052       ms
[370.170s][info   ][gc,stats    ]    Subphase: Pause Mark Try Complete                       0.148 / 0.384         0.218 / 1.009         0.218 / 1.009         0.218 / 1.009       ms
[370.170s][info   ][gc,stats    ]    Subphase: Pause Roots                                   0.034 / 0.166         0.059 / 1.060         0.059 / 1.060         0.059 / 1.060       ms
[370.170s][info   ][gc,stats    ]    Subphase: Pause Roots CodeCache                         0.000 / 0.000         0.000 / 0.000         0.000 / 0.000         0.000 / 0.000       ms
[370.171s][info   ][gc,stats    ]    Subphase: Pause Roots JVMTIExport                       0.002 / 0.002         0.002 / 0.017         0.002 / 0.017         0.002 / 0.017       ms
[370.171s][info   ][gc,stats    ]    Subphase: Pause Roots JVMTIWeakExport                   0.002 / 0.002         0.001 / 0.002         0.001 / 0.002         0.001 / 0.002       ms
[370.171s][info   ][gc,stats    ]    Subphase: Pause Roots Management                        0.009 / 0.014         0.019 / 0.430         0.019 / 0.430         0.019 / 0.430       ms
[370.171s][info   ][gc,stats    ]    Subphase: Pause Roots ObjectSynchronizer                0.001 / 0.001         0.001 / 0.011         0.001 / 0.011         0.001 / 0.011       ms
[370.171s][info   ][gc,stats    ]    Subphase: Pause Roots Setup                             0.001 / 0.002         0.001 / 0.002         0.001 / 0.002         0.001 / 0.002       ms
[370.171s][info   ][gc,stats    ]    Subphase: Pause Roots SystemDictionary                  0.033 / 0.051         0.070 / 0.734         0.070 / 0.734         0.070 / 0.734       ms
[370.171s][info   ][gc,stats    ]    Subphase: Pause Roots Teardown                          0.004 / 0.007         0.004 / 0.009         0.004 / 0.009         0.004 / 0.009       ms
[370.171s][info   ][gc,stats    ]    Subphase: Pause Roots Threads                           0.042 / 0.164         0.071 / 1.042         0.071 / 1.042         0.071 / 1.042       ms
[370.171s][info   ][gc,stats    ]    Subphase: Pause Roots Universe                          0.007 / 0.008         0.028 / 0.626         0.028 / 0.626         0.028 / 0.626       ms
[370.171s][info   ][gc,stats    ]    Subphase: Pause Weak Roots                              0.001 / 0.004         0.001 / 0.007         0.001 / 0.007         0.001 / 0.007       ms
[370.171s][info   ][gc,stats    ]    Subphase: Pause Weak Roots JFRWeak                      0.001 / 0.001         0.001 / 0.001         0.001 / 0.001         0.001 / 0.001       ms
[370.171s][info   ][gc,stats    ]    Subphase: Pause Weak Roots JVMTIWeakExport              0.002 / 0.002         0.001 / 0.002         0.001 / 0.002         0.001 / 0.002       ms
[370.171s][info   ][gc,stats    ]    Subphase: Pause Weak Roots Setup                        0.001 / 0.001         0.001 / 0.001         0.001 / 0.001         0.001 / 0.001       ms
[370.171s][info   ][gc,stats    ]    Subphase: Pause Weak Roots Teardown                     0.001 / 0.001         0.001 / 0.004         0.001 / 0.004         0.001 / 0.004       ms
[370.171s][info   ][gc,stats    ]      System: Java Threads                                     62 / 62               57 / 65               57 / 65               57 / 65          threads
[370.171s][info   ][gc,stats    ] =========================================================================================================================================================
[380.170s][info   ][gc,stats    ] === Garbage Collection Statistics =======================================================================================================================
[380.170s][info   ][gc,stats    ]                                                              Last 10s              Last 10m              Last 10h                Total
[380.170s][info   ][gc,stats    ]                                                              Avg / Max             Avg / Max             Avg / Max             Avg / Max
[380.170s][info   ][gc,stats    ]   Collector: Garbage Collection Cycle                      0.000 / 0.000       343.299 / 515.532     343.299 / 515.532     343.299 / 515.532     ms
[380.170s][info   ][gc,stats    ]  Contention: Mark Segment Reset Contention                     0 / 0                17 / 850              17 / 850              17 / 850         ops/s
[380.170s][info   ][gc,stats    ]  Contention: Mark SeqNum Reset Contention                      0 / 0                 0 / 9                 0 / 9                 0 / 9           ops/s
[380.170s][info   ][gc,stats    ]  Contention: Relocation Contention                             0 / 0                 0 / 38                0 / 38                0 / 38          ops/s
[380.170s][info   ][gc,stats    ]    Critical: Allocation Stall                              0.000 / 0.000         0.000 / 0.000         0.000 / 0.000         0.000 / 0.000       ms
[380.170s][info   ][gc,stats    ]    Critical: Allocation Stall                                  0 / 0                 0 / 0                 0 / 0                 0 / 0           ops/s
[380.170s][info   ][gc,stats    ]    Critical: GC Locker Stall                               0.000 / 0.000         0.000 / 0.000         0.000 / 0.000         0.000 / 0.000       ms
[380.170s][info   ][gc,stats    ]    Critical: GC Locker Stall                                   0 / 0                 0 / 0                 0 / 0                 0 / 0           ops/s
[380.170s][info   ][gc,stats    ]      Memory: Allocation Rate                                 610 / 704             613 / 1436            613 / 1436            613 / 1436        MB/s
[380.170s][info   ][gc,stats    ]      Memory: Heap Used After Mark                              0 / 0             17244 / 30288         17244 / 30288         17244 / 30288       MB
[380.170s][info   ][gc,stats    ]      Memory: Heap Used After Relocation                        0 / 0              3511 / 4228           3511 / 4228           3511 / 4228        MB
[380.170s][info   ][gc,stats    ]      Memory: Heap Used Before Mark                             0 / 0             17070 / 30112         17070 / 30112         17070 / 30112       MB
[380.170s][info   ][gc,stats    ]      Memory: Heap Used Before Relocation                       0 / 0             11984 / 20378         11984 / 20378         11984 / 20378       MB
[380.170s][info   ][gc,stats    ]      Memory: Out Of Memory                                     0 / 0                 0 / 0                 0 / 0                 0 / 0           ops/s
[380.170s][info   ][gc,stats    ]      Memory: Page Cache Flush                                  0 / 0                 0 / 0                 0 / 0                 0 / 0           MB/s
[380.170s][info   ][gc,stats    ]      Memory: Page Cache Hit L1                               294 / 337             288 / 1642            288 / 1642            288 / 1642        ops/s
[380.170s][info   ][gc,stats    ]      Memory: Page Cache Hit L2                                 0 / 0                 1 / 179               1 / 179               1 / 179         ops/s
[380.170s][info   ][gc,stats    ]      Memory: Page Cache Miss                                   0 / 0                38 / 341              38 / 341              38 / 341         ops/s
[380.170s][info   ][gc,stats    ]      Memory: Undo Object Allocation Failed                     0 / 0                 0 / 0                 0 / 0                 0 / 0           ops/s
[380.170s][info   ][gc,stats    ]      Memory: Undo Object Allocation Succeeded                  0 / 0                 0 / 38                0 / 38                0 / 38          ops/s
[380.170s][info   ][gc,stats    ]      Memory: Undo Page Allocation                              0 / 0                 0 / 69                0 / 69                0 / 69          ops/s
[380.170s][info   ][gc,stats    ]       Phase: Concurrent Destroy Detached Pages             0.000 / 0.000         0.001 / 0.001         0.001 / 0.001         0.001 / 0.001       ms
[380.170s][info   ][gc,stats    ]       Phase: Concurrent Mark                               0.000 / 0.000       198.572 / 275.553     198.572 / 275.553     198.572 / 275.553     ms
[380.170s][info   ][gc,stats    ]       Phase: Concurrent Mark Continue                      0.000 / 0.000         1.416 / 1.416         1.416 / 1.416         1.416 / 1.416       ms
[380.170s][info   ][gc,stats    ]       Phase: Concurrent Prepare Relocation Set             0.000 / 0.000        34.044 / 89.649       34.044 / 89.649       34.044 / 89.649      ms
[380.170s][info   ][gc,stats    ]       Phase: Concurrent Process Non-Strong References      0.000 / 0.000         3.857 / 19.270        3.857 / 19.270        3.857 / 19.270      ms
[380.170s][info   ][gc,stats    ]       Phase: Concurrent Relocate                           0.000 / 0.000        95.502 / 165.671      95.502 / 165.671      95.502 / 165.671     ms
[380.170s][info   ][gc,stats    ]       Phase: Concurrent Reset Relocation Set               0.000 / 0.000         3.702 / 14.653        3.702 / 14.653        3.702 / 14.653      ms
[380.170s][info   ][gc,stats    ]       Phase: Concurrent Select Relocation Set              0.000 / 0.000         4.799 / 12.148        4.799 / 12.148        4.799 / 12.148      ms
[380.170s][info   ][gc,stats    ]       Phase: Pause Mark End                                0.000 / 0.000         0.820 / 1.253         0.820 / 1.253         0.820 / 1.253       ms
[380.170s][info   ][gc,stats    ]       Phase: Pause Mark Start                              0.000 / 0.000         0.458 / 1.400         0.458 / 1.400         0.458 / 1.400       ms
[380.170s][info   ][gc,stats    ]       Phase: Pause Relocate Start                          0.000 / 0.000         0.257 / 1.025         0.257 / 1.025         0.257 / 1.025       ms
[380.170s][info   ][gc,stats    ]       Phase: Pause Verify                                  0.000 / 0.000         0.000 / 0.000         0.000 / 0.000         0.000 / 0.000       ms
[380.170s][info   ][gc,stats    ]    Subphase: Concurrent Classes Unload                     0.000 / 0.000         3.359 / 18.723        3.359 / 18.723        3.359 / 18.723      ms
[380.170s][info   ][gc,stats    ]    Subphase: Concurrent Mark                               0.000 / 0.000       185.113 / 273.889     185.113 / 273.889     185.113 / 273.889     ms
[380.170s][info   ][gc,stats    ]    Subphase: Concurrent Mark Idle                          0.000 / 0.000         1.138 / 1.365         1.138 / 1.365         1.138 / 1.365       ms
[380.170s][info   ][gc,stats    ]    Subphase: Concurrent Mark Try Flush                     0.000 / 0.000         0.084 / 0.545         0.084 / 0.545         0.084 / 0.545       ms
[380.170s][info   ][gc,stats    ]    Subphase: Concurrent Mark Try Terminate                 0.000 / 0.000         1.136 / 1.367         1.136 / 1.367         1.136 / 1.367       ms
[380.170s][info   ][gc,stats    ]    Subphase: Concurrent References Enqueue                 0.000 / 0.000         0.005 / 0.008         0.005 / 0.008         0.005 / 0.008       ms
[380.170s][info   ][gc,stats    ]    Subphase: Concurrent References Process                 0.000 / 0.000         0.083 / 0.140         0.083 / 0.140         0.083 / 0.140       ms
[380.170s][info   ][gc,stats    ]    Subphase: Concurrent Roots                              0.000 / 0.000         0.121 / 2.807         0.121 / 2.807         0.121 / 2.807       ms
[380.170s][info   ][gc,stats    ]    Subphase: Concurrent Roots ClassLoaderDataGraph         0.000 / 0.000         0.112 / 2.804         0.112 / 2.804         0.112 / 2.804       ms
[380.170s][info   ][gc,stats    ]    Subphase: Concurrent Roots JNIHandles                   0.000 / 0.000         0.057 / 0.551         0.057 / 0.551         0.057 / 0.551       ms
[380.170s][info   ][gc,stats    ]    Subphase: Concurrent Roots Setup                        0.000 / 0.000         0.364 / 1.622         0.364 / 1.622         0.364 / 1.622       ms
[380.170s][info   ][gc,stats    ]    Subphase: Concurrent Roots Teardown                     0.000 / 0.000         0.001 / 0.001         0.001 / 0.001         0.001 / 0.001       ms
[380.170s][info   ][gc,stats    ]    Subphase: Concurrent Weak Roots                         0.000 / 0.000         0.312 / 1.376         0.312 / 1.376         0.312 / 1.376       ms
[380.170s][info   ][gc,stats    ]    Subphase: Concurrent Weak Roots JNIWeakHandles          0.000 / 0.000         0.003 / 0.073         0.003 / 0.073         0.003 / 0.073       ms
[380.170s][info   ][gc,stats    ]    Subphase: Concurrent Weak Roots StringTable             0.000 / 0.000         0.284 / 1.327         0.284 / 1.327         0.284 / 1.327       ms
[380.170s][info   ][gc,stats    ]    Subphase: Concurrent Weak Roots VMWeakHandles           0.000 / 0.000         0.023 / 0.052         0.023 / 0.052         0.023 / 0.052       ms
[380.170s][info   ][gc,stats    ]    Subphase: Pause Mark Try Complete                       0.000 / 0.000         0.218 / 1.009         0.218 / 1.009         0.218 / 1.009       ms
[380.170s][info   ][gc,stats    ]    Subphase: Pause Roots                                   0.000 / 0.000         0.059 / 1.060         0.059 / 1.060         0.059 / 1.060       ms
[380.170s][info   ][gc,stats    ]    Subphase: Pause Roots CodeCache                         0.000 / 0.000         0.000 / 0.000         0.000 / 0.000         0.000 / 0.000       ms
[380.170s][info   ][gc,stats    ]    Subphase: Pause Roots JVMTIExport                       0.000 / 0.000         0.002 / 0.017         0.002 / 0.017         0.002 / 0.017       ms
[380.170s][info   ][gc,stats    ]    Subphase: Pause Roots JVMTIWeakExport                   0.000 / 0.000         0.001 / 0.002         0.001 / 0.002         0.001 / 0.002       ms
[380.170s][info   ][gc,stats    ]    Subphase: Pause Roots Management                        0.000 / 0.000         0.019 / 0.430         0.019 / 0.430         0.019 / 0.430       ms
[380.170s][info   ][gc,stats    ]    Subphase: Pause Roots ObjectSynchronizer                0.000 / 0.000         0.001 / 0.011         0.001 / 0.011         0.001 / 0.011       ms
[380.170s][info   ][gc,stats    ]    Subphase: Pause Roots Setup                             0.000 / 0.000         0.001 / 0.002         0.001 / 0.002         0.001 / 0.002       ms
[380.170s][info   ][gc,stats    ]    Subphase: Pause Roots SystemDictionary                  0.000 / 0.000         0.070 / 0.734         0.070 / 0.734         0.070 / 0.734       ms
[380.170s][info   ][gc,stats    ]    Subphase: Pause Roots Teardown                          0.000 / 0.000         0.004 / 0.009         0.004 / 0.009         0.004 / 0.009       ms
[380.170s][info   ][gc,stats    ]    Subphase: Pause Roots Threads                           0.000 / 0.000         0.071 / 1.042         0.071 / 1.042         0.071 / 1.042       ms
[380.170s][info   ][gc,stats    ]    Subphase: Pause Roots Universe                          0.000 / 0.000         0.028 / 0.626         0.028 / 0.626         0.028 / 0.626       ms
[380.170s][info   ][gc,stats    ]    Subphase: Pause Weak Roots                              0.000 / 0.000         0.001 / 0.007         0.001 / 0.007         0.001 / 0.007       ms
[380.170s][info   ][gc,stats    ]    Subphase: Pause Weak Roots JFRWeak                      0.000 / 0.000         0.001 / 0.001         0.001 / 0.001         0.001 / 0.001       ms
[380.170s][info   ][gc,stats    ]    Subphase: Pause Weak Roots JVMTIWeakExport              0.000 / 0.000         0.001 / 0.002         0.001 / 0.002         0.001 / 0.002       ms
[380.170s][info   ][gc,stats    ]    Subphase: Pause Weak Roots Setup                        0.000 / 0.000         0.001 / 0.001         0.001 / 0.001         0.001 / 0.001       ms
[380.170s][info   ][gc,stats    ]    Subphase: Pause Weak Roots Teardown                     0.000 / 0.000         0.001 / 0.004         0.001 / 0.004         0.001 / 0.004       ms
[380.170s][info   ][gc,stats    ]      System: Java Threads                                      0 / 0                57 / 65               57 / 65               57 / 65          threads
[380.170s][info   ][gc,stats    ] =========================================================================================================================================================
[383.669s][info   ][gc,start    ] GC(16) Garbage Collection (Proactive)
[383.670s][info   ][gc,phases   ] GC(16) Pause Mark Start 0.221ms
[383.836s][info   ][gc,phases   ] GC(16) Concurrent Mark 166.426ms
[383.837s][info   ][gc,phases   ] GC(16) Pause Mark End 0.743ms
[383.840s][info   ][gc,phases   ] GC(16) Concurrent Process Non-Strong References 2.033ms
[383.841s][info   ][gc,phases   ] GC(16) Concurrent Reset Relocation Set 1.434ms
[383.841s][info   ][gc,phases   ] GC(16) Concurrent Destroy Detached Pages 0.001ms
[383.843s][info   ][gc,phases   ] GC(16) Concurrent Select Relocation Set 2.340ms
[383.858s][info   ][gc,phases   ] GC(16) Concurrent Prepare Relocation Set 14.950ms
[383.859s][info   ][gc,phases   ] GC(16) Pause Relocate Start 0.258ms
[383.948s][info   ][gc,phases   ] GC(16) Concurrent Relocate 89.532ms
[383.949s][info   ][gc,load     ] GC(16) Load: 2.74/2.32/1.13
[383.949s][info   ][gc,mmu      ] GC(16) MMU: 2ms/30.0%, 5ms/69.9%, 10ms/81.7%, 20ms/87.7%, 50ms/95.1%, 100ms/97.5%
[383.949s][info   ][gc,marking  ] GC(16) Mark: 8 stripe(s), 10 proactive flush(es), 1 terminate flush(es), 1 completion(s), 0 continuation(s) 
[383.949s][info   ][gc,reloc    ] GC(16) Relocation: Successful, 1426M relocated
[383.949s][info   ][gc,nmethod  ] GC(16) NMethods: 5583 registered, 1129 unregistered
[383.949s][info   ][gc,metaspace] GC(16) Metaspace: 40M used, 41M capacity, 41M committed, 42M reserved
[383.949s][info   ][gc,ref      ] GC(16) Soft: 3327 encountered, 0 discovered, 0 enqueued
[383.949s][info   ][gc,ref      ] GC(16) Weak: 1530 encountered, 537 discovered, 0 enqueued
[383.949s][info   ][gc,ref      ] GC(16) Final: 31 encountered, 6 discovered, 4 enqueued
[383.949s][info   ][gc,ref      ] GC(16) Phantom: 120 encountered, 100 discovered, 0 enqueued
[383.949s][info   ][gc,heap     ] GC(16)                Mark Start          Mark End        Relocate Start      Relocate End           High               Low         
[383.949s][info   ][gc,heap     ] GC(16)  Capacity:    30390M (30%)       30390M (30%)       30390M (30%)       30390M (30%)       30390M (30%)       30390M (30%)    
[383.949s][info   ][gc,heap     ] GC(16)   Reserve:       80M (0%)           80M (0%)           80M (0%)           80M (0%)           80M (0%)           80M (0%)     
[383.949s][info   ][gc,heap     ] GC(16)      Free:    86188M (86%)       86048M (86%)       89760M (89%)       96258M (96%)       96258M (96%)       86044M (86%)    
[383.949s][info   ][gc,heap     ] GC(16)      Used:    14084M (14%)       14224M (14%)       10512M (10%)        4014M (4%)        14228M (14%)        4014M (4%)     
[383.949s][info   ][gc,heap     ] GC(16)      Live:         -              3555M (4%)         3555M (4%)         3555M (4%)             -                  -          
[383.949s][info   ][gc,heap     ] GC(16) Allocated:         -               140M (0%)          154M (0%)         1542M (2%)             -                  -          
[383.949s][info   ][gc,heap     ] GC(16)   Garbage:         -             10528M (10%)        6802M (7%)          248M (0%)             -                  -          
[383.949s][info   ][gc,heap     ] GC(16) Reclaimed:         -                  -              3726M (4%)        10280M (10%)            -                  -          
[383.949s][info   ][gc          ] GC(16) Garbage Collection (Proactive) 14084M(14%)->4014M(4%)
[390.169s][info   ][gc,stats    ] === Garbage Collection Statistics =======================================================================================================================
[390.169s][info   ][gc,stats    ]                                                              Last 10s              Last 10m              Last 10h                Total
[390.169s][info   ][gc,stats    ]                                                              Avg / Max             Avg / Max             Avg / Max             Avg / Max
[390.169s][info   ][gc,stats    ]   Collector: Garbage Collection Cycle                    279.111 / 279.111     339.523 / 515.532     339.523 / 515.532     339.523 / 515.532     ms
[390.169s][info   ][gc,stats    ]  Contention: Mark Segment Reset Contention                    47 / 478              18 / 850              18 / 850              18 / 850         ops/s
[390.169s][info   ][gc,stats    ]  Contention: Mark SeqNum Reset Contention                      0 / 0                 0 / 9                 0 / 9                 0 / 9           ops/s
[390.169s][info   ][gc,stats    ]  Contention: Relocation Contention                             1 / 12                0 / 38                0 / 38                0 / 38          ops/s
[390.169s][info   ][gc,stats    ]    Critical: Allocation Stall                              0.000 / 0.000         0.000 / 0.000         0.000 / 0.000         0.000 / 0.000       ms
[390.169s][info   ][gc,stats    ]    Critical: Allocation Stall                                  0 / 0                 0 / 0                 0 / 0                 0 / 0           ops/s
[390.169s][info   ][gc,stats    ]    Critical: GC Locker Stall                               0.000 / 0.000         0.000 / 0.000         0.000 / 0.000         0.000 / 0.000       ms
[390.169s][info   ][gc,stats    ]    Critical: GC Locker Stall                                   0 / 0                 0 / 0                 0 / 0                 0 / 0           ops/s
[390.169s][info   ][gc,stats    ]      Memory: Allocation Rate                                 648 / 724             614 / 1436            614 / 1436            614 / 1436        MB/s
[390.169s][info   ][gc,stats    ]      Memory: Heap Used After Mark                          14224 / 14224         17067 / 30288         17067 / 30288         17067 / 30288       MB
[390.169s][info   ][gc,stats    ]      Memory: Heap Used After Relocation                     4014 / 4014           3541 / 4228           3541 / 4228           3541 / 4228        MB
[390.169s][info   ][gc,stats    ]      Memory: Heap Used Before Mark                         14084 / 14084         16894 / 30112         16894 / 30112         16894 / 30112       MB
[390.169s][info   ][gc,stats    ]      Memory: Heap Used Before Relocation                   10512 / 10512         11897 / 20378         11897 / 20378         11897 / 20378       MB
[390.169s][info   ][gc,stats    ]      Memory: Out Of Memory                                     0 / 0                 0 / 0                 0 / 0                 0 / 0           ops/s
[390.169s][info   ][gc,stats    ]      Memory: Page Cache Flush                                  0 / 0                 0 / 0                 0 / 0                 0 / 0           MB/s
[390.169s][info   ][gc,stats    ]      Memory: Page Cache Hit L1                               378 / 975             290 / 1642            290 / 1642            290 / 1642        ops/s
[390.169s][info   ][gc,stats    ]      Memory: Page Cache Hit L2                                 0 / 0                 1 / 179               1 / 179               1 / 179         ops/s
[390.169s][info   ][gc,stats    ]      Memory: Page Cache Miss                                   0 / 0                37 / 341              37 / 341              37 / 341         ops/s
[390.169s][info   ][gc,stats    ]      Memory: Undo Object Allocation Failed                     0 / 0                 0 / 0                 0 / 0                 0 / 0           ops/s
[390.169s][info   ][gc,stats    ]      Memory: Undo Object Allocation Succeeded                  1 / 12                0 / 38                0 / 38                0 / 38          ops/s
[390.169s][info   ][gc,stats    ]      Memory: Undo Page Allocation                              0 / 0                 0 / 69                0 / 69                0 / 69          ops/s
[390.169s][info   ][gc,stats    ]       Phase: Concurrent Destroy Detached Pages             0.001 / 0.001         0.001 / 0.001         0.001 / 0.001         0.001 / 0.001       ms
[390.169s][info   ][gc,stats    ]       Phase: Concurrent Mark                             166.426 / 166.426     196.681 / 275.553     196.681 / 275.553     196.681 / 275.553     ms
[390.169s][info   ][gc,stats    ]       Phase: Concurrent Mark Continue                      0.000 / 0.000         1.416 / 1.416         1.416 / 1.416         1.416 / 1.416       ms
[390.169s][info   ][gc,stats    ]       Phase: Concurrent Prepare Relocation Set            14.950 / 14.950       32.921 / 89.649       32.921 / 89.649       32.921 / 89.649      ms
[390.169s][info   ][gc,stats    ]       Phase: Concurrent Process Non-Strong References      2.033 / 2.033         3.749 / 19.270        3.749 / 19.270        3.749 / 19.270      ms
[390.169s][info   ][gc,stats    ]       Phase: Concurrent Relocate                          89.532 / 89.532       95.151 / 165.671      95.151 / 165.671      95.151 / 165.671     ms
[390.170s][info   ][gc,stats    ]       Phase: Concurrent Reset Relocation Set               1.434 / 1.434         3.569 / 14.653        3.569 / 14.653        3.569 / 14.653      ms
[390.170s][info   ][gc,stats    ]       Phase: Concurrent Select Relocation Set              2.340 / 2.340         4.654 / 12.148        4.654 / 12.148        4.654 / 12.148      ms
[390.170s][info   ][gc,stats    ]       Phase: Pause Mark End                                0.743 / 0.743         0.816 / 1.253         0.816 / 1.253         0.816 / 1.253       ms
[390.170s][info   ][gc,stats    ]       Phase: Pause Mark Start                              0.221 / 0.221         0.444 / 1.400         0.444 / 1.400         0.444 / 1.400       ms
[390.170s][info   ][gc,stats    ]       Phase: Pause Relocate Start                          0.258 / 0.258         0.257 / 1.025         0.257 / 1.025         0.257 / 1.025       ms
[390.170s][info   ][gc,stats    ]       Phase: Pause Verify                                  0.000 / 0.000         0.000 / 0.000         0.000 / 0.000         0.000 / 0.000       ms
[390.170s][info   ][gc,stats    ]    Subphase: Concurrent Classes Unload                     1.659 / 1.659         3.259 / 18.723        3.259 / 18.723        3.259 / 18.723      ms
[390.170s][info   ][gc,stats    ]    Subphase: Concurrent Mark                             165.012 / 165.587     183.997 / 273.889     183.997 / 273.889     183.997 / 273.889     ms
[390.170s][info   ][gc,stats    ]    Subphase: Concurrent Mark Idle                          1.141 / 1.182         1.138 / 1.365         1.138 / 1.365         1.138 / 1.365       ms
[390.170s][info   ][gc,stats    ]    Subphase: Concurrent Mark Try Flush                     0.089 / 0.137         0.084 / 0.545         0.084 / 0.545         0.084 / 0.545       ms
[390.170s][info   ][gc,stats    ]    Subphase: Concurrent Mark Try Terminate                 1.139 / 1.187         1.136 / 1.367         1.136 / 1.367         1.136 / 1.367       ms
[390.170s][info   ][gc,stats    ]    Subphase: Concurrent References Enqueue                 0.005 / 0.005         0.005 / 0.008         0.005 / 0.008         0.005 / 0.008       ms
[390.170s][info   ][gc,stats    ]    Subphase: Concurrent References Process                 0.080 / 0.080         0.083 / 0.140         0.083 / 0.140         0.083 / 0.140       ms
[390.170s][info   ][gc,stats    ]    Subphase: Concurrent Roots                              0.075 / 0.451         0.119 / 2.807         0.119 / 2.807         0.119 / 2.807       ms
[390.170s][info   ][gc,stats    ]    Subphase: Concurrent Roots ClassLoaderDataGraph         0.070 / 0.449         0.109 / 2.804         0.109 / 2.804         0.109 / 2.804       ms
[390.170s][info   ][gc,stats    ]    Subphase: Concurrent Roots JNIHandles                   0.015 / 0.019         0.056 / 0.551         0.056 / 0.551         0.056 / 0.551       ms
[390.170s][info   ][gc,stats    ]    Subphase: Concurrent Roots Setup                        0.094 / 0.094         0.349 / 1.622         0.349 / 1.622         0.349 / 1.622       ms
[390.170s][info   ][gc,stats    ]    Subphase: Concurrent Roots Teardown                     0.001 / 0.001         0.001 / 0.001         0.001 / 0.001         0.001 / 0.001       ms
[390.170s][info   ][gc,stats    ]    Subphase: Concurrent Weak Roots                         0.172 / 0.201         0.303 / 1.376         0.303 / 1.376         0.303 / 1.376       ms
[390.170s][info   ][gc,stats    ]    Subphase: Concurrent Weak Roots JNIWeakHandles          0.003 / 0.008         0.003 / 0.073         0.003 / 0.073         0.003 / 0.073       ms
[390.170s][info   ][gc,stats    ]    Subphase: Concurrent Weak Roots StringTable             0.147 / 0.158         0.276 / 1.327         0.276 / 1.327         0.276 / 1.327       ms
[390.170s][info   ][gc,stats    ]    Subphase: Concurrent Weak Roots VMWeakHandles           0.025 / 0.049         0.023 / 0.052         0.023 / 0.052         0.023 / 0.052       ms
[390.170s][info   ][gc,stats    ]    Subphase: Pause Mark Try Complete                       0.171 / 0.365         0.215 / 1.009         0.215 / 1.009         0.215 / 1.009       ms
[390.170s][info   ][gc,stats    ]    Subphase: Pause Roots                                   0.040 / 0.143         0.058 / 1.060         0.058 / 1.060         0.058 / 1.060       ms
[390.170s][info   ][gc,stats    ]    Subphase: Pause Roots CodeCache                         0.000 / 0.000         0.000 / 0.000         0.000 / 0.000         0.000 / 0.000       ms
[390.170s][info   ][gc,stats    ]    Subphase: Pause Roots JVMTIExport                       0.002 / 0.002         0.002 / 0.017         0.002 / 0.017         0.002 / 0.017       ms
[390.170s][info   ][gc,stats    ]    Subphase: Pause Roots JVMTIWeakExport                   0.001 / 0.001         0.001 / 0.002         0.001 / 0.002         0.001 / 0.002       ms
[390.170s][info   ][gc,stats    ]    Subphase: Pause Roots Management                        0.003 / 0.003         0.018 / 0.430         0.018 / 0.430         0.018 / 0.430       ms
[390.170s][info   ][gc,stats    ]    Subphase: Pause Roots ObjectSynchronizer                0.001 / 0.001         0.001 / 0.011         0.001 / 0.011         0.001 / 0.011       ms
[390.170s][info   ][gc,stats    ]    Subphase: Pause Roots Setup                             0.001 / 0.002         0.001 / 0.002         0.001 / 0.002         0.001 / 0.002       ms
[390.170s][info   ][gc,stats    ]    Subphase: Pause Roots SystemDictionary                  0.013 / 0.013         0.066 / 0.734         0.066 / 0.734         0.066 / 0.734       ms
[390.170s][info   ][gc,stats    ]    Subphase: Pause Roots Teardown                          0.004 / 0.005         0.004 / 0.009         0.004 / 0.009         0.004 / 0.009       ms
[390.170s][info   ][gc,stats    ]    Subphase: Pause Roots Threads                           0.044 / 0.140         0.069 / 1.042         0.069 / 1.042         0.069 / 1.042       ms
[390.170s][info   ][gc,stats    ]    Subphase: Pause Roots Universe                          0.013 / 0.022         0.027 / 0.626         0.027 / 0.626         0.027 / 0.626       ms
[390.170s][info   ][gc,stats    ]    Subphase: Pause Weak Roots                              0.001 / 0.004         0.001 / 0.007         0.001 / 0.007         0.001 / 0.007       ms
[390.170s][info   ][gc,stats    ]    Subphase: Pause Weak Roots JFRWeak                      0.001 / 0.001         0.001 / 0.001         0.001 / 0.001         0.001 / 0.001       ms
[390.170s][info   ][gc,stats    ]    Subphase: Pause Weak Roots JVMTIWeakExport              0.001 / 0.001         0.001 / 0.002         0.001 / 0.002         0.001 / 0.002       ms
[390.170s][info   ][gc,stats    ]    Subphase: Pause Weak Roots Setup                        0.001 / 0.001         0.001 / 0.001         0.001 / 0.001         0.001 / 0.001       ms
[390.170s][info   ][gc,stats    ]    Subphase: Pause Weak Roots Teardown                     0.001 / 0.001         0.001 / 0.004         0.001 / 0.004         0.001 / 0.004       ms
[390.170s][info   ][gc,stats    ]      System: Java Threads                                     62 / 62               57 / 65               57 / 65               57 / 65          threads
[390.170s][info   ][gc,stats    ] =========================================================================================================================================================
[399.769s][info   ][gc,start    ] GC(17) Garbage Collection (Proactive)
[399.770s][info   ][gc,phases   ] GC(17) Pause Mark Start 0.252ms
[399.984s][info   ][gc,phases   ] GC(17) Concurrent Mark 213.992ms
[399.985s][info   ][gc,phases   ] GC(17) Pause Mark End 0.635ms
[399.987s][info   ][gc,phases   ] GC(17) Concurrent Process Non-Strong References 1.657ms
[399.988s][info   ][gc,phases   ] GC(17) Concurrent Reset Relocation Set 1.543ms
[399.988s][info   ][gc,phases   ] GC(17) Concurrent Destroy Detached Pages 0.001ms
[399.991s][info   ][gc,phases   ] GC(17) Concurrent Select Relocation Set 2.956ms
[400.012s][info   ][gc,phases   ] GC(17) Concurrent Prepare Relocation Set 20.652ms
[400.012s][info   ][gc,phases   ] GC(17) Pause Relocate Start 0.188ms
[400.096s][info   ][gc,phases   ] GC(17) Concurrent Relocate 83.967ms
[400.096s][info   ][gc,load     ] GC(17) Load: 2.81/2.35/1.16
[400.096s][info   ][gc,mmu      ] GC(17) MMU: 2ms/30.0%, 5ms/69.9%, 10ms/81.7%, 20ms/87.7%, 50ms/95.1%, 100ms/97.5%
[400.096s][info   ][gc,marking  ] GC(17) Mark: 8 stripe(s), 10 proactive flush(es), 1 terminate flush(es), 1 completion(s), 0 continuation(s) 
[400.096s][info   ][gc,reloc    ] GC(17) Relocation: Successful, 1496M relocated
[400.096s][info   ][gc,nmethod  ] GC(17) NMethods: 5598 registered, 1131 unregistered
[400.096s][info   ][gc,metaspace] GC(17) Metaspace: 40M used, 41M capacity, 41M committed, 42M reserved
[400.096s][info   ][gc,ref      ] GC(17) Soft: 3327 encountered, 0 discovered, 0 enqueued
[400.096s][info   ][gc,ref      ] GC(17) Weak: 1530 encountered, 660 discovered, 0 enqueued
[400.096s][info   ][gc,ref      ] GC(17) Final: 30 encountered, 3 discovered, 3 enqueued
[400.096s][info   ][gc,ref      ] GC(17) Phantom: 120 encountered, 76 discovered, 0 enqueued
[400.096s][info   ][gc,heap     ] GC(17)                Mark Start          Mark End        Relocate Start      Relocate End           High               Low         
[400.096s][info   ][gc,heap     ] GC(17)  Capacity:    30390M (30%)       30390M (30%)       30390M (30%)       30390M (30%)       30390M (30%)       30390M (30%)    
[400.096s][info   ][gc,heap     ] GC(17)   Reserve:       80M (0%)           80M (0%)           80M (0%)           80M (0%)           80M (0%)           80M (0%)     
[400.096s][info   ][gc,heap     ] GC(17)      Free:    86210M (86%)       85990M (86%)       89682M (89%)       96184M (96%)       96184M (96%)       85984M (86%)    
[400.096s][info   ][gc,heap     ] GC(17)      Used:    14062M (14%)       14282M (14%)       10590M (11%)        4088M (4%)        14288M (14%)        4088M (4%)     
[400.096s][info   ][gc,heap     ] GC(17)      Live:         -              3547M (4%)         3547M (4%)         3547M (4%)             -                  -          
[400.096s][info   ][gc,heap     ] GC(17) Allocated:         -               220M (0%)          244M (0%)         1678M (2%)             -                  -          
[400.097s][info   ][gc,heap     ] GC(17)   Garbage:         -             10514M (10%)        6798M (7%)          260M (0%)             -                  -          
[400.097s][info   ][gc,heap     ] GC(17) Reclaimed:         -                  -              3716M (4%)        10254M (10%)            -                  -          
[400.097s][info   ][gc          ] GC(17) Garbage Collection (Proactive) 14062M(14%)->4088M(4%)
[400.170s][info   ][gc,stats    ] === Garbage Collection Statistics =======================================================================================================================
[400.170s][info   ][gc,stats    ]                                                              Last 10s              Last 10m              Last 10h                Total
[400.170s][info   ][gc,stats    ]                                                              Avg / Max             Avg / Max             Avg / Max             Avg / Max
[400.170s][info   ][gc,stats    ]   Collector: Garbage Collection Cycle                    326.868 / 326.868     338.820 / 515.532     338.820 / 515.532     338.820 / 515.532     ms
[400.170s][info   ][gc,stats    ]  Contention: Mark Segment Reset Contention                    28 / 280              18 / 850              18 / 850              18 / 850         ops/s
[400.170s][info   ][gc,stats    ]  Contention: Mark SeqNum Reset Contention                      0 / 0                 0 / 9                 0 / 9                 0 / 9           ops/s
[400.170s][info   ][gc,stats    ]  Contention: Relocation Contention                             0 / 3                 0 / 38                0 / 38                0 / 38          ops/s
[400.170s][info   ][gc,stats    ]    Critical: Allocation Stall                              0.000 / 0.000         0.000 / 0.000         0.000 / 0.000         0.000 / 0.000       ms
[400.170s][info   ][gc,stats    ]    Critical: Allocation Stall                                  0 / 0                 0 / 0                 0 / 0                 0 / 0           ops/s
[400.170s][info   ][gc,stats    ]    Critical: GC Locker Stall                               0.000 / 0.000         0.000 / 0.000         0.000 / 0.000         0.000 / 0.000       ms
[400.170s][info   ][gc,stats    ]    Critical: GC Locker Stall                                   0 / 0                 0 / 0                 0 / 0                 0 / 0           ops/s
[400.170s][info   ][gc,stats    ]      Memory: Allocation Rate                                 636 / 734             614 / 1436            614 / 1436            614 / 1436        MB/s
[400.170s][info   ][gc,stats    ]      Memory: Heap Used After Mark                          14282 / 14282         16912 / 30288         16912 / 30288         16912 / 30288       MB
[400.170s][info   ][gc,stats    ]      Memory: Heap Used After Relocation                     4088 / 4088           3571 / 4228           3571 / 4228           3571 / 4228        MB
[400.170s][info   ][gc,stats    ]      Memory: Heap Used Before Mark                         14062 / 14062         16737 / 30112         16737 / 30112         16737 / 30112       MB
[400.170s][info   ][gc,stats    ]      Memory: Heap Used Before Relocation                   10590 / 10590         11824 / 20378         11824 / 20378         11824 / 20378       MB
[400.170s][info   ][gc,stats    ]      Memory: Out Of Memory                                     0 / 0                 0 / 0                 0 / 0                 0 / 0           ops/s
[400.170s][info   ][gc,stats    ]      Memory: Page Cache Flush                                  0 / 0                 0 / 0                 0 / 0                 0 / 0           MB/s
[400.170s][info   ][gc,stats    ]      Memory: Page Cache Hit L1                               375 / 1039            292 / 1642            292 / 1642            292 / 1642        ops/s
[400.170s][info   ][gc,stats    ]      Memory: Page Cache Hit L2                                 0 / 0                 1 / 179               1 / 179               1 / 179         ops/s
[400.170s][info   ][gc,stats    ]      Memory: Page Cache Miss                                   0 / 0                36 / 341              36 / 341              36 / 341         ops/s
[400.170s][info   ][gc,stats    ]      Memory: Undo Object Allocation Failed                     0 / 0                 0 / 0                 0 / 0                 0 / 0           ops/s
[400.170s][info   ][gc,stats    ]      Memory: Undo Object Allocation Succeeded                  0 / 3                 0 / 38                0 / 38                0 / 38          ops/s
[400.170s][info   ][gc,stats    ]      Memory: Undo Page Allocation                              0 / 0                 0 / 69                0 / 69                0 / 69          ops/s
[400.170s][info   ][gc,stats    ]       Phase: Concurrent Destroy Detached Pages             0.001 / 0.001         0.001 / 0.001         0.001 / 0.001         0.001 / 0.001       ms
[400.170s][info   ][gc,stats    ]       Phase: Concurrent Mark                             213.992 / 213.992     197.642 / 275.553     197.642 / 275.553     197.642 / 275.553     ms
[400.170s][info   ][gc,stats    ]       Phase: Concurrent Mark Continue                      0.000 / 0.000         1.416 / 1.416         1.416 / 1.416         1.416 / 1.416       ms
[400.170s][info   ][gc,stats    ]       Phase: Concurrent Prepare Relocation Set            20.652 / 20.652       32.239 / 89.649       32.239 / 89.649       32.239 / 89.649      ms
[400.170s][info   ][gc,stats    ]       Phase: Concurrent Process Non-Strong References      1.657 / 1.657         3.633 / 19.270        3.633 / 19.270        3.633 / 19.270      ms
[400.170s][info   ][gc,stats    ]       Phase: Concurrent Relocate                          83.967 / 83.967       94.530 / 165.671      94.530 / 165.671      94.530 / 165.671     ms
[400.170s][info   ][gc,stats    ]       Phase: Concurrent Reset Relocation Set               1.543 / 1.543         3.456 / 14.653        3.456 / 14.653        3.456 / 14.653      ms
[400.170s][info   ][gc,stats    ]       Phase: Concurrent Select Relocation Set              2.956 / 2.956         4.560 / 12.148        4.560 / 12.148        4.560 / 12.148      ms
[400.170s][info   ][gc,stats    ]       Phase: Pause Mark End                                0.635 / 0.635         0.807 / 1.253         0.807 / 1.253         0.807 / 1.253       ms
[400.170s][info   ][gc,stats    ]       Phase: Pause Mark Start                              0.252 / 0.252         0.434 / 1.400         0.434 / 1.400         0.434 / 1.400       ms
[400.170s][info   ][gc,stats    ]       Phase: Pause Relocate Start                          0.188 / 0.188         0.253 / 1.025         0.253 / 1.025         0.253 / 1.025       ms
[400.170s][info   ][gc,stats    ]       Phase: Pause Verify                                  0.000 / 0.000         0.000 / 0.000         0.000 / 0.000         0.000 / 0.000       ms
[400.170s][info   ][gc,stats    ]    Subphase: Concurrent Classes Unload                     1.325 / 1.325         3.152 / 18.723        3.152 / 18.723        3.152 / 18.723      ms
[400.170s][info   ][gc,stats    ]    Subphase: Concurrent Mark                             212.675 / 213.207     185.506 / 273.889     185.506 / 273.889     185.506 / 273.889     ms
[400.170s][info   ][gc,stats    ]    Subphase: Concurrent Mark Idle                          1.140 / 1.192         1.138 / 1.365         1.138 / 1.365         1.138 / 1.365       ms
[400.170s][info   ][gc,stats    ]    Subphase: Concurrent Mark Try Flush                     0.077 / 0.119         0.084 / 0.545         0.084 / 0.545         0.084 / 0.545       ms
[400.170s][info   ][gc,stats    ]    Subphase: Concurrent Mark Try Terminate                 1.140 / 1.196         1.137 / 1.367         1.137 / 1.367         1.137 / 1.367       ms
[400.170s][info   ][gc,stats    ]    Subphase: Concurrent References Enqueue                 0.004 / 0.004         0.005 / 0.008         0.005 / 0.008         0.005 / 0.008       ms
[400.170s][info   ][gc,stats    ]    Subphase: Concurrent References Process                 0.081 / 0.081         0.083 / 0.140         0.083 / 0.140         0.083 / 0.140       ms
[400.170s][info   ][gc,stats    ]    Subphase: Concurrent Roots                              0.074 / 0.495         0.116 / 2.807         0.116 / 2.807         0.116 / 2.807       ms
[400.170s][info   ][gc,stats    ]    Subphase: Concurrent Roots ClassLoaderDataGraph         0.063 / 0.476         0.106 / 2.804         0.106 / 2.804         0.106 / 2.804       ms
[400.170s][info   ][gc,stats    ]    Subphase: Concurrent Roots JNIHandles                   0.016 / 0.032         0.053 / 0.551         0.053 / 0.551         0.053 / 0.551       ms
[400.170s][info   ][gc,stats    ]    Subphase: Concurrent Roots Setup                        0.108 / 0.108         0.335 / 1.622         0.335 / 1.622         0.335 / 1.622       ms
[400.170s][info   ][gc,stats    ]    Subphase: Concurrent Roots Teardown                     0.001 / 0.001         0.001 / 0.001         0.001 / 0.001         0.001 / 0.001       ms
[400.170s][info   ][gc,stats    ]    Subphase: Concurrent Weak Roots                         0.190 / 0.217         0.297 / 1.376         0.297 / 1.376         0.297 / 1.376       ms
[400.170s][info   ][gc,stats    ]    Subphase: Concurrent Weak Roots JNIWeakHandles          0.003 / 0.009         0.003 / 0.073         0.003 / 0.073         0.003 / 0.073       ms
[400.170s][info   ][gc,stats    ]    Subphase: Concurrent Weak Roots StringTable             0.165 / 0.178         0.270 / 1.327         0.270 / 1.327         0.270 / 1.327       ms
[400.170s][info   ][gc,stats    ]    Subphase: Concurrent Weak Roots VMWeakHandles           0.024 / 0.040         0.023 / 0.052         0.023 / 0.052         0.023 / 0.052       ms
[400.170s][info   ][gc,stats    ]    Subphase: Pause Mark Try Complete                       0.222 / 0.365         0.215 / 1.009         0.215 / 1.009         0.215 / 1.009       ms
[400.170s][info   ][gc,stats    ]    Subphase: Pause Roots                                   0.047 / 0.177         0.057 / 1.060         0.057 / 1.060         0.057 / 1.060       ms
[400.170s][info   ][gc,stats    ]    Subphase: Pause Roots CodeCache                         0.000 / 0.000         0.000 / 0.000         0.000 / 0.000         0.000 / 0.000       ms
[400.170s][info   ][gc,stats    ]    Subphase: Pause Roots JVMTIExport                       0.001 / 0.001         0.002 / 0.017         0.002 / 0.017         0.002 / 0.017       ms
[400.170s][info   ][gc,stats    ]    Subphase: Pause Roots JVMTIWeakExport                   0.002 / 0.002         0.001 / 0.002         0.001 / 0.002         0.001 / 0.002       ms
[400.170s][info   ][gc,stats    ]    Subphase: Pause Roots Management                        0.003 / 0.003         0.018 / 0.430         0.018 / 0.430         0.018 / 0.430       ms
[400.170s][info   ][gc,stats    ]    Subphase: Pause Roots ObjectSynchronizer                0.001 / 0.001         0.001 / 0.011         0.001 / 0.011         0.001 / 0.011       ms
[400.170s][info   ][gc,stats    ]    Subphase: Pause Roots Setup                             0.001 / 0.002         0.001 / 0.002         0.001 / 0.002         0.001 / 0.002       ms
[400.170s][info   ][gc,stats    ]    Subphase: Pause Roots SystemDictionary                  0.013 / 0.015         0.063 / 0.734         0.063 / 0.734         0.063 / 0.734       ms
[400.170s][info   ][gc,stats    ]    Subphase: Pause Roots Teardown                          0.005 / 0.007         0.004 / 0.009         0.004 / 0.009         0.004 / 0.009       ms
[400.170s][info   ][gc,stats    ]    Subphase: Pause Roots Threads                           0.050 / 0.173         0.068 / 1.042         0.068 / 1.042         0.068 / 1.042       ms
[400.170s][info   ][gc,stats    ]    Subphase: Pause Roots Universe                          0.004 / 0.006         0.026 / 0.626         0.026 / 0.626         0.026 / 0.626       ms
[400.170s][info   ][gc,stats    ]    Subphase: Pause Weak Roots                              0.001 / 0.003         0.001 / 0.007         0.001 / 0.007         0.001 / 0.007       ms
[400.170s][info   ][gc,stats    ]    Subphase: Pause Weak Roots JFRWeak                      0.001 / 0.001         0.001 / 0.001         0.001 / 0.001         0.001 / 0.001       ms
[400.170s][info   ][gc,stats    ]    Subphase: Pause Weak Roots JVMTIWeakExport              0.001 / 0.001         0.001 / 0.002         0.001 / 0.002         0.001 / 0.002       ms
[400.170s][info   ][gc,stats    ]    Subphase: Pause Weak Roots Setup                        0.001 / 0.001         0.001 / 0.001         0.001 / 0.001         0.001 / 0.001       ms
[400.170s][info   ][gc,stats    ]    Subphase: Pause Weak Roots Teardown                     0.001 / 0.001         0.001 / 0.004         0.001 / 0.004         0.001 / 0.004       ms
[400.170s][info   ][gc,stats    ]      System: Java Threads                                     62 / 62               58 / 65               58 / 65               58 / 65          threads
[400.170s][info   ][gc,stats    ] =========================================================================================================================================================
[410.169s][info   ][gc,stats    ] === Garbage Collection Statistics =======================================================================================================================
[410.170s][info   ][gc,stats    ]                                                              Last 10s              Last 10m              Last 10h                Total
[410.170s][info   ][gc,stats    ]                                                              Avg / Max             Avg / Max             Avg / Max             Avg / Max
[410.170s][info   ][gc,stats    ]   Collector: Garbage Collection Cycle                      0.000 / 0.000       338.820 / 515.532     338.820 / 515.532     338.820 / 515.532     ms
[410.170s][info   ][gc,stats    ]  Contention: Mark Segment Reset Contention                     0 / 0                17 / 850              17 / 850              17 / 850         ops/s
[410.170s][info   ][gc,stats    ]  Contention: Mark SeqNum Reset Contention                      0 / 0                 0 / 9                 0 / 9                 0 / 9           ops/s
[410.170s][info   ][gc,stats    ]  Contention: Relocation Contention                             0 / 0                 0 / 38                0 / 38                0 / 38          ops/s
[410.170s][info   ][gc,stats    ]    Critical: Allocation Stall                              0.000 / 0.000         0.000 / 0.000         0.000 / 0.000         0.000 / 0.000       ms
[410.170s][info   ][gc,stats    ]    Critical: Allocation Stall                                  0 / 0                 0 / 0                 0 / 0                 0 / 0           ops/s
[410.170s][info   ][gc,stats    ]    Critical: GC Locker Stall                               0.000 / 0.000         0.000 / 0.000         0.000 / 0.000         0.000 / 0.000       ms
[410.170s][info   ][gc,stats    ]    Critical: GC Locker Stall                                   0 / 0                 0 / 0                 0 / 0                 0 / 0           ops/s
[410.170s][info   ][gc,stats    ]      Memory: Allocation Rate                                 651 / 722             615 / 1436            615 / 1436            615 / 1436        MB/s
[410.170s][info   ][gc,stats    ]      Memory: Heap Used After Mark                              0 / 0             16912 / 30288         16912 / 30288         16912 / 30288       MB
[410.170s][info   ][gc,stats    ]      Memory: Heap Used After Relocation                        0 / 0              3571 / 4228           3571 / 4228           3571 / 4228        MB
[410.170s][info   ][gc,stats    ]      Memory: Heap Used Before Mark                             0 / 0             16737 / 30112         16737 / 30112         16737 / 30112       MB
[410.170s][info   ][gc,stats    ]      Memory: Heap Used Before Relocation                       0 / 0             11824 / 20378         11824 / 20378         11824 / 20378       MB
[410.170s][info   ][gc,stats    ]      Memory: Out Of Memory                                     0 / 0                 0 / 0                 0 / 0                 0 / 0           ops/s
[410.170s][info   ][gc,stats    ]      Memory: Page Cache Flush                                  0 / 0                 0 / 0                 0 / 0                 0 / 0           MB/s
[410.170s][info   ][gc,stats    ]      Memory: Page Cache Hit L1                               315 / 346             293 / 1642            293 / 1642            293 / 1642        ops/s
[410.170s][info   ][gc,stats    ]      Memory: Page Cache Hit L2                                 0 / 0                 1 / 179               1 / 179               1 / 179         ops/s
[410.170s][info   ][gc,stats    ]      Memory: Page Cache Miss                                   0 / 0                35 / 341              35 / 341              35 / 341         ops/s
[410.170s][info   ][gc,stats    ]      Memory: Undo Object Allocation Failed                     0 / 0                 0 / 0                 0 / 0                 0 / 0           ops/s
[410.170s][info   ][gc,stats    ]      Memory: Undo Object Allocation Succeeded                  0 / 0                 0 / 38                0 / 38                0 / 38          ops/s
[410.170s][info   ][gc,stats    ]      Memory: Undo Page Allocation                              0 / 0                 0 / 69                0 / 69                0 / 69          ops/s
[410.170s][info   ][gc,stats    ]       Phase: Concurrent Destroy Detached Pages             0.000 / 0.000         0.001 / 0.001         0.001 / 0.001         0.001 / 0.001       ms
[410.170s][info   ][gc,stats    ]       Phase: Concurrent Mark                               0.000 / 0.000       197.642 / 275.553     197.642 / 275.553     197.642 / 275.553     ms
[410.170s][info   ][gc,stats    ]       Phase: Concurrent Mark Continue                      0.000 / 0.000         1.416 / 1.416         1.416 / 1.416         1.416 / 1.416       ms
[410.170s][info   ][gc,stats    ]       Phase: Concurrent Prepare Relocation Set             0.000 / 0.000        32.239 / 89.649       32.239 / 89.649       32.239 / 89.649      ms
[410.170s][info   ][gc,stats    ]       Phase: Concurrent Process Non-Strong References      0.000 / 0.000         3.633 / 19.270        3.633 / 19.270        3.633 / 19.270      ms
[410.170s][info   ][gc,stats    ]       Phase: Concurrent Relocate                           0.000 / 0.000        94.530 / 165.671      94.530 / 165.671      94.530 / 165.671     ms
[410.170s][info   ][gc,stats    ]       Phase: Concurrent Reset Relocation Set               0.000 / 0.000         3.456 / 14.653        3.456 / 14.653        3.456 / 14.653      ms
[410.170s][info   ][gc,stats    ]       Phase: Concurrent Select Relocation Set              0.000 / 0.000         4.560 / 12.148        4.560 / 12.148        4.560 / 12.148      ms
[410.170s][info   ][gc,stats    ]       Phase: Pause Mark End                                0.000 / 0.000         0.807 / 1.253         0.807 / 1.253         0.807 / 1.253       ms
[410.170s][info   ][gc,stats    ]       Phase: Pause Mark Start                              0.000 / 0.000         0.434 / 1.400         0.434 / 1.400         0.434 / 1.400       ms
[410.170s][info   ][gc,stats    ]       Phase: Pause Relocate Start                          0.000 / 0.000         0.253 / 1.025         0.253 / 1.025         0.253 / 1.025       ms
[410.170s][info   ][gc,stats    ]       Phase: Pause Verify                                  0.000 / 0.000         0.000 / 0.000         0.000 / 0.000         0.000 / 0.000       ms
[410.170s][info   ][gc,stats    ]    Subphase: Concurrent Classes Unload                     0.000 / 0.000         3.152 / 18.723        3.152 / 18.723        3.152 / 18.723      ms
[410.170s][info   ][gc,stats    ]    Subphase: Concurrent Mark                               0.000 / 0.000       185.506 / 273.889     185.506 / 273.889     185.506 / 273.889     ms
[410.170s][info   ][gc,stats    ]    Subphase: Concurrent Mark Idle                          0.000 / 0.000         1.138 / 1.365         1.138 / 1.365         1.138 / 1.365       ms
[410.170s][info   ][gc,stats    ]    Subphase: Concurrent Mark Try Flush                     0.000 / 0.000         0.084 / 0.545         0.084 / 0.545         0.084 / 0.545       ms
[410.170s][info   ][gc,stats    ]    Subphase: Concurrent Mark Try Terminate                 0.000 / 0.000         1.137 / 1.367         1.137 / 1.367         1.137 / 1.367       ms
[410.170s][info   ][gc,stats    ]    Subphase: Concurrent References Enqueue                 0.000 / 0.000         0.005 / 0.008         0.005 / 0.008         0.005 / 0.008       ms
[410.170s][info   ][gc,stats    ]    Subphase: Concurrent References Process                 0.000 / 0.000         0.083 / 0.140         0.083 / 0.140         0.083 / 0.140       ms
[410.170s][info   ][gc,stats    ]    Subphase: Concurrent Roots                              0.000 / 0.000         0.116 / 2.807         0.116 / 2.807         0.116 / 2.807       ms
[410.170s][info   ][gc,stats    ]    Subphase: Concurrent Roots ClassLoaderDataGraph         0.000 / 0.000         0.106 / 2.804         0.106 / 2.804         0.106 / 2.804       ms
[410.170s][info   ][gc,stats    ]    Subphase: Concurrent Roots JNIHandles                   0.000 / 0.000         0.053 / 0.551         0.053 / 0.551         0.053 / 0.551       ms
[410.170s][info   ][gc,stats    ]    Subphase: Concurrent Roots Setup                        0.000 / 0.000         0.335 / 1.622         0.335 / 1.622         0.335 / 1.622       ms
[410.170s][info   ][gc,stats    ]    Subphase: Concurrent Roots Teardown                     0.000 / 0.000         0.001 / 0.001         0.001 / 0.001         0.001 / 0.001       ms
[410.170s][info   ][gc,stats    ]    Subphase: Concurrent Weak Roots                         0.000 / 0.000         0.297 / 1.376         0.297 / 1.376         0.297 / 1.376       ms
[410.170s][info   ][gc,stats    ]    Subphase: Concurrent Weak Roots JNIWeakHandles          0.000 / 0.000         0.003 / 0.073         0.003 / 0.073         0.003 / 0.073       ms
[410.170s][info   ][gc,stats    ]    Subphase: Concurrent Weak Roots StringTable             0.000 / 0.000         0.270 / 1.327         0.270 / 1.327         0.270 / 1.327       ms
[410.170s][info   ][gc,stats    ]    Subphase: Concurrent Weak Roots VMWeakHandles           0.000 / 0.000         0.023 / 0.052         0.023 / 0.052         0.023 / 0.052       ms
[410.170s][info   ][gc,stats    ]    Subphase: Pause Mark Try Complete                       0.000 / 0.000         0.215 / 1.009         0.215 / 1.009         0.215 / 1.009       ms
[410.170s][info   ][gc,stats    ]    Subphase: Pause Roots                                   0.000 / 0.000         0.057 / 1.060         0.057 / 1.060         0.057 / 1.060       ms
[410.170s][info   ][gc,stats    ]    Subphase: Pause Roots CodeCache                         0.000 / 0.000         0.000 / 0.000         0.000 / 0.000         0.000 / 0.000       ms
[410.170s][info   ][gc,stats    ]    Subphase: Pause Roots JVMTIExport                       0.000 / 0.000         0.002 / 0.017         0.002 / 0.017         0.002 / 0.017       ms
[410.170s][info   ][gc,stats    ]    Subphase: Pause Roots JVMTIWeakExport                   0.000 / 0.000         0.001 / 0.002         0.001 / 0.002         0.001 / 0.002       ms
[410.170s][info   ][gc,stats    ]    Subphase: Pause Roots Management                        0.000 / 0.000         0.018 / 0.430         0.018 / 0.430         0.018 / 0.430       ms
[410.170s][info   ][gc,stats    ]    Subphase: Pause Roots ObjectSynchronizer                0.000 / 0.000         0.001 / 0.011         0.001 / 0.011         0.001 / 0.011       ms
[410.170s][info   ][gc,stats    ]    Subphase: Pause Roots Setup                             0.000 / 0.000         0.001 / 0.002         0.001 / 0.002         0.001 / 0.002       ms
[410.170s][info   ][gc,stats    ]    Subphase: Pause Roots SystemDictionary                  0.000 / 0.000         0.063 / 0.734         0.063 / 0.734         0.063 / 0.734       ms
[410.170s][info   ][gc,stats    ]    Subphase: Pause Roots Teardown                          0.000 / 0.000         0.004 / 0.009         0.004 / 0.009         0.004 / 0.009       ms
[410.170s][info   ][gc,stats    ]    Subphase: Pause Roots Threads                           0.000 / 0.000         0.068 / 1.042         0.068 / 1.042         0.068 / 1.042       ms
[410.170s][info   ][gc,stats    ]    Subphase: Pause Roots Universe                          0.000 / 0.000         0.026 / 0.626         0.026 / 0.626         0.026 / 0.626       ms
[410.170s][info   ][gc,stats    ]    Subphase: Pause Weak Roots                              0.000 / 0.000         0.001 / 0.007         0.001 / 0.007         0.001 / 0.007       ms
[410.170s][info   ][gc,stats    ]    Subphase: Pause Weak Roots JFRWeak                      0.000 / 0.000         0.001 / 0.001         0.001 / 0.001         0.001 / 0.001       ms
[410.170s][info   ][gc,stats    ]    Subphase: Pause Weak Roots JVMTIWeakExport              0.000 / 0.000         0.001 / 0.002         0.001 / 0.002         0.001 / 0.002       ms
[410.170s][info   ][gc,stats    ]    Subphase: Pause Weak Roots Setup                        0.000 / 0.000         0.001 / 0.001         0.001 / 0.001         0.001 / 0.001       ms
[410.170s][info   ][gc,stats    ]    Subphase: Pause Weak Roots Teardown                     0.000 / 0.000         0.001 / 0.004         0.001 / 0.004         0.001 / 0.004       ms
[410.170s][info   ][gc,stats    ]      System: Java Threads                                      0 / 0                58 / 65               58 / 65               58 / 65          threads
[410.170s][info   ][gc,stats    ] =========================================================================================================================================================
[417.369s][info   ][gc,start    ] GC(18) Garbage Collection (Proactive)
[417.370s][info   ][gc,phases   ] GC(18) Pause Mark Start 0.172ms
[417.568s][info   ][gc,phases   ] GC(18) Concurrent Mark 198.509ms
[417.569s][info   ][gc,phases   ] GC(18) Pause Mark End 0.586ms
[417.571s][info   ][gc,phases   ] GC(18) Concurrent Process Non-Strong References 1.850ms
[417.573s][info   ][gc,phases   ] GC(18) Concurrent Reset Relocation Set 2.272ms
[417.573s][info   ][gc,phases   ] GC(18) Concurrent Destroy Detached Pages 0.001ms
[417.576s][info   ][gc,phases   ] GC(18) Concurrent Select Relocation Set 2.451ms
[417.599s][info   ][gc,phases   ] GC(18) Concurrent Prepare Relocation Set 23.403ms
[417.600s][info   ][gc,phases   ] GC(18) Pause Relocate Start 0.169ms
[417.693s][info   ][gc,phases   ] GC(18) Concurrent Relocate 93.464ms
[417.693s][info   ][gc,load     ] GC(18) Load: 4.09/2.64/1.28
[417.693s][info   ][gc,mmu      ] GC(18) MMU: 2ms/30.0%, 5ms/69.9%, 10ms/81.7%, 20ms/87.7%, 50ms/95.1%, 100ms/97.5%
[417.693s][info   ][gc,marking  ] GC(18) Mark: 8 stripe(s), 10 proactive flush(es), 2 terminate flush(es), 1 completion(s), 0 continuation(s) 
[417.693s][info   ][gc,reloc    ] GC(18) Relocation: Successful, 1528M relocated
[417.693s][info   ][gc,nmethod  ] GC(18) NMethods: 5591 registered, 1139 unregistered
[417.693s][info   ][gc,metaspace] GC(18) Metaspace: 40M used, 41M capacity, 41M committed, 42M reserved
[417.693s][info   ][gc,ref      ] GC(18) Soft: 3327 encountered, 0 discovered, 0 enqueued
[417.693s][info   ][gc,ref      ] GC(18) Weak: 1530 encountered, 670 discovered, 0 enqueued
[417.693s][info   ][gc,ref      ] GC(18) Final: 30 encountered, 3 discovered, 3 enqueued
[417.693s][info   ][gc,ref      ] GC(18) Phantom: 120 encountered, 89 discovered, 0 enqueued
[417.693s][info   ][gc,heap     ] GC(18)                Mark Start          Mark End        Relocate Start      Relocate End           High               Low         
[417.693s][info   ][gc,heap     ] GC(18)  Capacity:    30390M (30%)       30390M (30%)       30390M (30%)       30390M (30%)       30390M (30%)       30390M (30%)    
[417.693s][info   ][gc,heap     ] GC(18)   Reserve:       80M (0%)           80M (0%)           80M (0%)           80M (0%)           80M (0%)           80M (0%)     
[417.693s][info   ][gc,heap     ] GC(18)      Free:    84930M (85%)       84738M (84%)       89016M (89%)       96336M (96%)       96336M (96%)       84732M (84%)    
[417.693s][info   ][gc,heap     ] GC(18)      Used:    15342M (15%)       15534M (15%)       11256M (11%)        3936M (4%)        15540M (15%)        3936M (4%)     
[417.693s][info   ][gc,heap     ] GC(18)      Live:         -              3515M (4%)         3515M (4%)         3515M (4%)             -                  -          
[417.693s][info   ][gc,heap     ] GC(18) Allocated:         -               192M (0%)          198M (0%)         1656M (2%)             -                  -          
[417.693s][info   ][gc,heap     ] GC(18)   Garbage:         -             11826M (12%)        7542M (8%)          194M (0%)             -                  -          
[417.693s][info   ][gc,heap     ] GC(18) Reclaimed:         -                  -              4284M (4%)        11632M (12%)            -                  -          
[417.693s][info   ][gc          ] GC(18) Garbage Collection (Proactive) 15342M(15%)->3936M(4%)
[420.170s][info   ][gc,stats    ] === Garbage Collection Statistics =======================================================================================================================
[420.170s][info   ][gc,stats    ]                                                              Last 10s              Last 10m              Last 10h                Total
[420.170s][info   ][gc,stats    ]                                                              Avg / Max             Avg / Max             Avg / Max             Avg / Max
[420.170s][info   ][gc,stats    ]   Collector: Garbage Collection Cycle                    323.868 / 323.868     338.033 / 515.532     338.033 / 515.532     338.033 / 515.532     ms
[420.170s][info   ][gc,stats    ]  Contention: Mark Segment Reset Contention                    23 / 235              18 / 850              18 / 850              18 / 850         ops/s
[420.170s][info   ][gc,stats    ]  Contention: Mark SeqNum Reset Contention                      0 / 0                 0 / 9                 0 / 9                 0 / 9           ops/s
[420.170s][info   ][gc,stats    ]  Contention: Relocation Contention                             0 / 3                 0 / 38                0 / 38                0 / 38          ops/s
[420.170s][info   ][gc,stats    ]    Critical: Allocation Stall                              0.000 / 0.000         0.000 / 0.000         0.000 / 0.000         0.000 / 0.000       ms
[420.170s][info   ][gc,stats    ]    Critical: Allocation Stall                                  0 / 0                 0 / 0                 0 / 0                 0 / 0           ops/s
[420.170s][info   ][gc,stats    ]    Critical: GC Locker Stall                               0.000 / 0.000         0.000 / 0.000         0.000 / 0.000         0.000 / 0.000       ms
[420.170s][info   ][gc,stats    ]    Critical: GC Locker Stall                                   0 / 0                 0 / 0                 0 / 0                 0 / 0           ops/s
[420.170s][info   ][gc,stats    ]      Memory: Allocation Rate                                 637 / 666             616 / 1436            616 / 1436            616 / 1436        MB/s
[420.170s][info   ][gc,stats    ]      Memory: Heap Used After Mark                          15534 / 15534         16839 / 30288         16839 / 30288         16839 / 30288       MB
[420.170s][info   ][gc,stats    ]      Memory: Heap Used After Relocation                     3936 / 3936           3590 / 4228           3590 / 4228           3590 / 4228        MB
[420.170s][info   ][gc,stats    ]      Memory: Heap Used Before Mark                         15342 / 15342         16664 / 30112         16664 / 30112         16664 / 30112       MB
[420.170s][info   ][gc,stats    ]      Memory: Heap Used Before Relocation                   11256 / 11256         11794 / 20378         11794 / 20378         11794 / 20378       MB
[420.170s][info   ][gc,stats    ]      Memory: Out Of Memory                                     0 / 0                 0 / 0                 0 / 0                 0 / 0           ops/s
[420.170s][info   ][gc,stats    ]      Memory: Page Cache Flush                                  0 / 0                 0 / 0                 0 / 0                 0 / 0           MB/s
[420.170s][info   ][gc,stats    ]      Memory: Page Cache Hit L1                               377 / 1011            295 / 1642            295 / 1642            295 / 1642        ops/s
[420.170s][info   ][gc,stats    ]      Memory: Page Cache Hit L2                                 0 / 0                 1 / 179               1 / 179               1 / 179         ops/s
[420.170s][info   ][gc,stats    ]      Memory: Page Cache Miss                                   0 / 0                34 / 341              34 / 341              34 / 341         ops/s
[420.170s][info   ][gc,stats    ]      Memory: Undo Object Allocation Failed                     0 / 0                 0 / 0                 0 / 0                 0 / 0           ops/s
[420.170s][info   ][gc,stats    ]      Memory: Undo Object Allocation Succeeded                  0 / 3                 0 / 38                0 / 38                0 / 38          ops/s
[420.170s][info   ][gc,stats    ]      Memory: Undo Page Allocation                              0 / 0                 0 / 69                0 / 69                0 / 69          ops/s
[420.170s][info   ][gc,stats    ]       Phase: Concurrent Destroy Detached Pages             0.001 / 0.001         0.001 / 0.001         0.001 / 0.001         0.001 / 0.001       ms
[420.170s][info   ][gc,stats    ]       Phase: Concurrent Mark                             198.509 / 198.509     197.688 / 275.553     197.688 / 275.553     197.688 / 275.553     ms
[420.170s][info   ][gc,stats    ]       Phase: Concurrent Mark Continue                      0.000 / 0.000         1.416 / 1.416         1.416 / 1.416         1.416 / 1.416       ms
[420.170s][info   ][gc,stats    ]       Phase: Concurrent Prepare Relocation Set            23.403 / 23.403       31.774 / 89.649       31.774 / 89.649       31.774 / 89.649      ms
[420.170s][info   ][gc,stats    ]       Phase: Concurrent Process Non-Strong References      1.850 / 1.850         3.539 / 19.270        3.539 / 19.270        3.539 / 19.270      ms
[420.170s][info   ][gc,stats    ]       Phase: Concurrent Relocate                          93.464 / 93.464       94.474 / 165.671      94.474 / 165.671      94.474 / 165.671     ms
[420.170s][info   ][gc,stats    ]       Phase: Concurrent Reset Relocation Set               2.272 / 2.272         3.394 / 14.653        3.394 / 14.653        3.394 / 14.653      ms
[420.170s][info   ][gc,stats    ]       Phase: Concurrent Select Relocation Set              2.451 / 2.451         4.449 / 12.148        4.449 / 12.148        4.449 / 12.148      ms
[420.170s][info   ][gc,stats    ]       Phase: Pause Mark End                                0.586 / 0.586         0.796 / 1.253         0.796 / 1.253         0.796 / 1.253       ms
[420.170s][info   ][gc,stats    ]       Phase: Pause Mark Start                              0.172 / 0.172         0.420 / 1.400         0.420 / 1.400         0.420 / 1.400       ms
[420.170s][info   ][gc,stats    ]       Phase: Pause Relocate Start                          0.169 / 0.169         0.248 / 1.025         0.248 / 1.025         0.248 / 1.025       ms
[420.170s][info   ][gc,stats    ]       Phase: Pause Verify                                  0.000 / 0.000         0.000 / 0.000         0.000 / 0.000         0.000 / 0.000       ms
[420.170s][info   ][gc,stats    ]    Subphase: Concurrent Classes Unload                     1.507 / 1.507         3.065 / 18.723        3.065 / 18.723        3.065 / 18.723      ms
[420.170s][info   ][gc,stats    ]    Subphase: Concurrent Mark                             197.140 / 197.765     186.088 / 273.889     186.088 / 273.889     186.088 / 273.889     ms
[420.170s][info   ][gc,stats    ]    Subphase: Concurrent Mark Idle                          1.141 / 1.189         1.139 / 1.365         1.139 / 1.365         1.139 / 1.365       ms
[420.170s][info   ][gc,stats    ]    Subphase: Concurrent Mark Try Flush                     0.070 / 0.116         0.083 / 0.545         0.083 / 0.545         0.083 / 0.545       ms
[420.170s][info   ][gc,stats    ]    Subphase: Concurrent Mark Try Terminate                 1.140 / 1.192         1.137 / 1.367         1.137 / 1.367         1.137 / 1.367       ms
[420.170s][info   ][gc,stats    ]    Subphase: Concurrent References Enqueue                 0.004 / 0.004         0.005 / 0.008         0.005 / 0.008         0.005 / 0.008       ms
[420.171s][info   ][gc,stats    ]    Subphase: Concurrent References Process                 0.072 / 0.072         0.082 / 0.140         0.082 / 0.140         0.082 / 0.140       ms
[420.171s][info   ][gc,stats    ]    Subphase: Concurrent Roots                              0.069 / 0.420         0.114 / 2.807         0.114 / 2.807         0.114 / 2.807       ms
[420.171s][info   ][gc,stats    ]    Subphase: Concurrent Roots ClassLoaderDataGraph         0.062 / 0.417         0.103 / 2.804         0.103 / 2.804         0.103 / 2.804       ms
[420.171s][info   ][gc,stats    ]    Subphase: Concurrent Roots JNIHandles                   0.008 / 0.014         0.051 / 0.551         0.051 / 0.551         0.051 / 0.551       ms
[420.171s][info   ][gc,stats    ]    Subphase: Concurrent Roots Setup                        0.107 / 0.107         0.323 / 1.622         0.323 / 1.622         0.323 / 1.622       ms
[420.171s][info   ][gc,stats    ]    Subphase: Concurrent Roots Teardown                     0.001 / 0.001         0.001 / 0.001         0.001 / 0.001         0.001 / 0.001       ms
[420.171s][info   ][gc,stats    ]    Subphase: Concurrent Weak Roots                         0.203 / 0.221         0.292 / 1.376         0.292 / 1.376         0.292 / 1.376       ms
[420.171s][info   ][gc,stats    ]    Subphase: Concurrent Weak Roots JNIWeakHandles          0.002 / 0.004         0.003 / 0.073         0.003 / 0.073         0.003 / 0.073       ms
[420.171s][info   ][gc,stats    ]    Subphase: Concurrent Weak Roots StringTable             0.172 / 0.182         0.265 / 1.327         0.265 / 1.327         0.265 / 1.327       ms
[420.171s][info   ][gc,stats    ]    Subphase: Concurrent Weak Roots VMWeakHandles           0.026 / 0.042         0.024 / 0.052         0.024 / 0.052         0.024 / 0.052       ms
[420.171s][info   ][gc,stats    ]    Subphase: Pause Mark Try Complete                       0.170 / 0.312         0.213 / 1.009         0.213 / 1.009         0.213 / 1.009       ms
[420.171s][info   ][gc,stats    ]    Subphase: Pause Roots                                   0.032 / 0.081         0.056 / 1.060         0.056 / 1.060         0.056 / 1.060       ms
[420.171s][info   ][gc,stats    ]    Subphase: Pause Roots CodeCache                         0.000 / 0.000         0.000 / 0.000         0.000 / 0.000         0.000 / 0.000       ms
[420.171s][info   ][gc,stats    ]    Subphase: Pause Roots JVMTIExport                       0.001 / 0.002         0.002 / 0.017         0.002 / 0.017         0.002 / 0.017       ms
[420.171s][info   ][gc,stats    ]    Subphase: Pause Roots JVMTIWeakExport                   0.002 / 0.002         0.001 / 0.002         0.001 / 0.002         0.001 / 0.002       ms
[420.171s][info   ][gc,stats    ]    Subphase: Pause Roots Management                        0.005 / 0.008         0.017 / 0.430         0.017 / 0.430         0.017 / 0.430       ms
[420.171s][info   ][gc,stats    ]    Subphase: Pause Roots ObjectSynchronizer                0.001 / 0.001         0.001 / 0.011         0.001 / 0.011         0.001 / 0.011       ms
[420.171s][info   ][gc,stats    ]    Subphase: Pause Roots Setup                             0.001 / 0.002         0.001 / 0.002         0.001 / 0.002         0.001 / 0.002       ms
[420.171s][info   ][gc,stats    ]    Subphase: Pause Roots SystemDictionary                  0.029 / 0.039         0.062 / 0.734         0.062 / 0.734         0.062 / 0.734       ms
[420.171s][info   ][gc,stats    ]    Subphase: Pause Roots Teardown                          0.004 / 0.005         0.004 / 0.009         0.004 / 0.009         0.004 / 0.009       ms
[420.171s][info   ][gc,stats    ]    Subphase: Pause Roots Threads                           0.037 / 0.078         0.066 / 1.042         0.066 / 1.042         0.066 / 1.042       ms
[420.171s][info   ][gc,stats    ]    Subphase: Pause Roots Universe                          0.007 / 0.008         0.025 / 0.626         0.025 / 0.626         0.025 / 0.626       ms
[420.171s][info   ][gc,stats    ]    Subphase: Pause Weak Roots                              0.001 / 0.005         0.001 / 0.007         0.001 / 0.007         0.001 / 0.007       ms
[420.171s][info   ][gc,stats    ]    Subphase: Pause Weak Roots JFRWeak                      0.001 / 0.001         0.001 / 0.001         0.001 / 0.001         0.001 / 0.001       ms
[420.171s][info   ][gc,stats    ]    Subphase: Pause Weak Roots JVMTIWeakExport              0.001 / 0.001         0.001 / 0.002         0.001 / 0.002         0.001 / 0.002       ms
[420.171s][info   ][gc,stats    ]    Subphase: Pause Weak Roots Setup                        0.001 / 0.001         0.001 / 0.001         0.001 / 0.001         0.001 / 0.001       ms
[420.171s][info   ][gc,stats    ]    Subphase: Pause Weak Roots Teardown                     0.001 / 0.001         0.001 / 0.004         0.001 / 0.004         0.001 / 0.004       ms
[420.171s][info   ][gc,stats    ]      System: Java Threads                                     62 / 62               58 / 65               58 / 65               58 / 65          threads
[420.171s][info   ][gc,stats    ] =========================================================================================================================================================
[430.170s][info   ][gc,stats    ] === Garbage Collection Statistics =======================================================================================================================
[430.170s][info   ][gc,stats    ]                                                              Last 10s              Last 10m              Last 10h                Total
[430.170s][info   ][gc,stats    ]                                                              Avg / Max             Avg / Max             Avg / Max             Avg / Max
[430.170s][info   ][gc,stats    ]   Collector: Garbage Collection Cycle                      0.000 / 0.000       338.033 / 515.532     338.033 / 515.532     338.033 / 515.532     ms
[430.170s][info   ][gc,stats    ]  Contention: Mark Segment Reset Contention                     0 / 0                17 / 850              17 / 850              17 / 850         ops/s
[430.170s][info   ][gc,stats    ]  Contention: Mark SeqNum Reset Contention                      0 / 0                 0 / 9                 0 / 9                 0 / 9           ops/s
[430.170s][info   ][gc,stats    ]  Contention: Relocation Contention                             0 / 0                 0 / 38                0 / 38                0 / 38          ops/s
[430.170s][info   ][gc,stats    ]    Critical: Allocation Stall                              0.000 / 0.000         0.000 / 0.000         0.000 / 0.000         0.000 / 0.000       ms
[430.170s][info   ][gc,stats    ]    Critical: Allocation Stall                                  0 / 0                 0 / 0                 0 / 0                 0 / 0           ops/s
[430.170s][info   ][gc,stats    ]    Critical: GC Locker Stall                               0.000 / 0.000         0.000 / 0.000         0.000 / 0.000         0.000 / 0.000       ms
[430.170s][info   ][gc,stats    ]    Critical: GC Locker Stall                                   0 / 0                 0 / 0                 0 / 0                 0 / 0           ops/s
[430.170s][info   ][gc,stats    ]      Memory: Allocation Rate                                 599 / 678             615 / 1436            615 / 1436            615 / 1436        MB/s
[430.170s][info   ][gc,stats    ]      Memory: Heap Used After Mark                              0 / 0             16839 / 30288         16839 / 30288         16839 / 30288       MB
[430.170s][info   ][gc,stats    ]      Memory: Heap Used After Relocation                        0 / 0              3590 / 4228           3590 / 4228           3590 / 4228        MB
[430.170s][info   ][gc,stats    ]      Memory: Heap Used Before Mark                             0 / 0             16664 / 30112         16664 / 30112         16664 / 30112       MB
[430.170s][info   ][gc,stats    ]      Memory: Heap Used Before Relocation                       0 / 0             11794 / 20378         11794 / 20378         11794 / 20378       MB
[430.170s][info   ][gc,stats    ]      Memory: Out Of Memory                                     0 / 0                 0 / 0                 0 / 0                 0 / 0           ops/s
[430.170s][info   ][gc,stats    ]      Memory: Page Cache Flush                                  0 / 0                 0 / 0                 0 / 0                 0 / 0           MB/s
[430.170s][info   ][gc,stats    ]      Memory: Page Cache Hit L1                               289 / 324             295 / 1642            295 / 1642            295 / 1642        ops/s
[430.170s][info   ][gc,stats    ]      Memory: Page Cache Hit L2                                 0 / 0                 1 / 179               1 / 179               1 / 179         ops/s
[430.170s][info   ][gc,stats    ]      Memory: Page Cache Miss                                   0 / 0                34 / 341              34 / 341              34 / 341         ops/s
[430.170s][info   ][gc,stats    ]      Memory: Undo Object Allocation Failed                     0 / 0                 0 / 0                 0 / 0                 0 / 0           ops/s
[430.170s][info   ][gc,stats    ]      Memory: Undo Object Allocation Succeeded                  0 / 0                 0 / 38                0 / 38                0 / 38          ops/s
[430.170s][info   ][gc,stats    ]      Memory: Undo Page Allocation                              0 / 0                 0 / 69                0 / 69                0 / 69          ops/s
[430.170s][info   ][gc,stats    ]       Phase: Concurrent Destroy Detached Pages             0.000 / 0.000         0.001 / 0.001         0.001 / 0.001         0.001 / 0.001       ms
[430.170s][info   ][gc,stats    ]       Phase: Concurrent Mark                               0.000 / 0.000       197.688 / 275.553     197.688 / 275.553     197.688 / 275.553     ms
[430.170s][info   ][gc,stats    ]       Phase: Concurrent Mark Continue                      0.000 / 0.000         1.416 / 1.416         1.416 / 1.416         1.416 / 1.416       ms
[430.170s][info   ][gc,stats    ]       Phase: Concurrent Prepare Relocation Set             0.000 / 0.000        31.774 / 89.649       31.774 / 89.649       31.774 / 89.649      ms
[430.170s][info   ][gc,stats    ]       Phase: Concurrent Process Non-Strong References      0.000 / 0.000         3.539 / 19.270        3.539 / 19.270        3.539 / 19.270      ms
[430.170s][info   ][gc,stats    ]       Phase: Concurrent Relocate                           0.000 / 0.000        94.474 / 165.671      94.474 / 165.671      94.474 / 165.671     ms
[430.170s][info   ][gc,stats    ]       Phase: Concurrent Reset Relocation Set               0.000 / 0.000         3.394 / 14.653        3.394 / 14.653        3.394 / 14.653      ms
[430.170s][info   ][gc,stats    ]       Phase: Concurrent Select Relocation Set              0.000 / 0.000         4.449 / 12.148        4.449 / 12.148        4.449 / 12.148      ms
[430.170s][info   ][gc,stats    ]       Phase: Pause Mark End                                0.000 / 0.000         0.796 / 1.253         0.796 / 1.253         0.796 / 1.253       ms
[430.170s][info   ][gc,stats    ]       Phase: Pause Mark Start                              0.000 / 0.000         0.420 / 1.400         0.420 / 1.400         0.420 / 1.400       ms
[430.170s][info   ][gc,stats    ]       Phase: Pause Relocate Start                          0.000 / 0.000         0.248 / 1.025         0.248 / 1.025         0.248 / 1.025       ms
[430.170s][info   ][gc,stats    ]       Phase: Pause Verify                                  0.000 / 0.000         0.000 / 0.000         0.000 / 0.000         0.000 / 0.000       ms
[430.170s][info   ][gc,stats    ]    Subphase: Concurrent Classes Unload                     0.000 / 0.000         3.065 / 18.723        3.065 / 18.723        3.065 / 18.723      ms
[430.170s][info   ][gc,stats    ]    Subphase: Concurrent Mark                               0.000 / 0.000       186.088 / 273.889     186.088 / 273.889     186.088 / 273.889     ms
[430.170s][info   ][gc,stats    ]    Subphase: Concurrent Mark Idle                          0.000 / 0.000         1.139 / 1.365         1.139 / 1.365         1.139 / 1.365       ms
[430.170s][info   ][gc,stats    ]    Subphase: Concurrent Mark Try Flush                     0.000 / 0.000         0.083 / 0.545         0.083 / 0.545         0.083 / 0.545       ms
[430.170s][info   ][gc,stats    ]    Subphase: Concurrent Mark Try Terminate                 0.000 / 0.000         1.137 / 1.367         1.137 / 1.367         1.137 / 1.367       ms
[430.170s][info   ][gc,stats    ]    Subphase: Concurrent References Enqueue                 0.000 / 0.000         0.005 / 0.008         0.005 / 0.008         0.005 / 0.008       ms
[430.170s][info   ][gc,stats    ]    Subphase: Concurrent References Process                 0.000 / 0.000         0.082 / 0.140         0.082 / 0.140         0.082 / 0.140       ms
[430.170s][info   ][gc,stats    ]    Subphase: Concurrent Roots                              0.000 / 0.000         0.114 / 2.807         0.114 / 2.807         0.114 / 2.807       ms
[430.170s][info   ][gc,stats    ]    Subphase: Concurrent Roots ClassLoaderDataGraph         0.000 / 0.000         0.103 / 2.804         0.103 / 2.804         0.103 / 2.804       ms
[430.170s][info   ][gc,stats    ]    Subphase: Concurrent Roots JNIHandles                   0.000 / 0.000         0.051 / 0.551         0.051 / 0.551         0.051 / 0.551       ms
[430.170s][info   ][gc,stats    ]    Subphase: Concurrent Roots Setup                        0.000 / 0.000         0.323 / 1.622         0.323 / 1.622         0.323 / 1.622       ms
[430.170s][info   ][gc,stats    ]    Subphase: Concurrent Roots Teardown                     0.000 / 0.000         0.001 / 0.001         0.001 / 0.001         0.001 / 0.001       ms
[430.170s][info   ][gc,stats    ]    Subphase: Concurrent Weak Roots                         0.000 / 0.000         0.292 / 1.376         0.292 / 1.376         0.292 / 1.376       ms
[430.170s][info   ][gc,stats    ]    Subphase: Concurrent Weak Roots JNIWeakHandles          0.000 / 0.000         0.003 / 0.073         0.003 / 0.073         0.003 / 0.073       ms
[430.170s][info   ][gc,stats    ]    Subphase: Concurrent Weak Roots StringTable             0.000 / 0.000         0.265 / 1.327         0.265 / 1.327         0.265 / 1.327       ms
[430.170s][info   ][gc,stats    ]    Subphase: Concurrent Weak Roots VMWeakHandles           0.000 / 0.000         0.024 / 0.052         0.024 / 0.052         0.024 / 0.052       ms
[430.170s][info   ][gc,stats    ]    Subphase: Pause Mark Try Complete                       0.000 / 0.000         0.213 / 1.009         0.213 / 1.009         0.213 / 1.009       ms
[430.170s][info   ][gc,stats    ]    Subphase: Pause Roots                                   0.000 / 0.000         0.056 / 1.060         0.056 / 1.060         0.056 / 1.060       ms
[430.170s][info   ][gc,stats    ]    Subphase: Pause Roots CodeCache                         0.000 / 0.000         0.000 / 0.000         0.000 / 0.000         0.000 / 0.000       ms
[430.170s][info   ][gc,stats    ]    Subphase: Pause Roots JVMTIExport                       0.000 / 0.000         0.002 / 0.017         0.002 / 0.017         0.002 / 0.017       ms
[430.170s][info   ][gc,stats    ]    Subphase: Pause Roots JVMTIWeakExport                   0.000 / 0.000         0.001 / 0.002         0.001 / 0.002         0.001 / 0.002       ms
[430.170s][info   ][gc,stats    ]    Subphase: Pause Roots Management                        0.000 / 0.000         0.017 / 0.430         0.017 / 0.430         0.017 / 0.430       ms
[430.170s][info   ][gc,stats    ]    Subphase: Pause Roots ObjectSynchronizer                0.000 / 0.000         0.001 / 0.011         0.001 / 0.011         0.001 / 0.011       ms
[430.170s][info   ][gc,stats    ]    Subphase: Pause Roots Setup                             0.000 / 0.000         0.001 / 0.002         0.001 / 0.002         0.001 / 0.002       ms
[430.170s][info   ][gc,stats    ]    Subphase: Pause Roots SystemDictionary                  0.000 / 0.000         0.062 / 0.734         0.062 / 0.734         0.062 / 0.734       ms
[430.170s][info   ][gc,stats    ]    Subphase: Pause Roots Teardown                          0.000 / 0.000         0.004 / 0.009         0.004 / 0.009         0.004 / 0.009       ms
[430.170s][info   ][gc,stats    ]    Subphase: Pause Roots Threads                           0.000 / 0.000         0.066 / 1.042         0.066 / 1.042         0.066 / 1.042       ms
[430.170s][info   ][gc,stats    ]    Subphase: Pause Roots Universe                          0.000 / 0.000         0.025 / 0.626         0.025 / 0.626         0.025 / 0.626       ms
[430.170s][info   ][gc,stats    ]    Subphase: Pause Weak Roots                              0.000 / 0.000         0.001 / 0.007         0.001 / 0.007         0.001 / 0.007       ms
[430.170s][info   ][gc,stats    ]    Subphase: Pause Weak Roots JFRWeak                      0.000 / 0.000         0.001 / 0.001         0.001 / 0.001         0.001 / 0.001       ms
[430.170s][info   ][gc,stats    ]    Subphase: Pause Weak Roots JVMTIWeakExport              0.000 / 0.000         0.001 / 0.002         0.001 / 0.002         0.001 / 0.002       ms
[430.170s][info   ][gc,stats    ]    Subphase: Pause Weak Roots Setup                        0.000 / 0.000         0.001 / 0.001         0.001 / 0.001         0.001 / 0.001       ms
[430.170s][info   ][gc,stats    ]    Subphase: Pause Weak Roots Teardown                     0.000 / 0.000         0.001 / 0.004         0.001 / 0.004         0.001 / 0.004       ms
[430.170s][info   ][gc,stats    ]      System: Java Threads                                      0 / 0                58 / 65               58 / 65               58 / 65          threads
[430.170s][info   ][gc,stats    ] =========================================================================================================================================================
[434.570s][info   ][gc,start    ] GC(19) Garbage Collection (Proactive)
[434.570s][info   ][gc,phases   ] GC(19) Pause Mark Start 0.197ms
[434.763s][info   ][gc,phases   ] GC(19) Concurrent Mark 192.374ms
[434.764s][info   ][gc,phases   ] GC(19) Pause Mark End 0.711ms
[434.766s][info   ][gc,phases   ] GC(19) Concurrent Process Non-Strong References 1.922ms
[434.768s][info   ][gc,phases   ] GC(19) Concurrent Reset Relocation Set 2.136ms
[434.768s][info   ][gc,phases   ] GC(19) Concurrent Destroy Detached Pages 0.001ms
[434.770s][info   ][gc,phases   ] GC(19) Concurrent Select Relocation Set 2.195ms
[434.784s][info   ][gc,phases   ] GC(19) Concurrent Prepare Relocation Set 14.366ms
[434.785s][info   ][gc,phases   ] GC(19) Pause Relocate Start 0.149ms
[434.866s][info   ][gc,phases   ] GC(19) Concurrent Relocate 81.620ms
[434.867s][info   ][gc,load     ] GC(19) Load: 4.25/2.74/1.34
[434.867s][info   ][gc,mmu      ] GC(19) MMU: 2ms/30.0%, 5ms/69.9%, 10ms/81.7%, 20ms/87.7%, 50ms/95.1%, 100ms/97.5%
[434.867s][info   ][gc,marking  ] GC(19) Mark: 8 stripe(s), 10 proactive flush(es), 2 terminate flush(es), 1 completion(s), 0 continuation(s) 
[434.867s][info   ][gc,reloc    ] GC(19) Relocation: Successful, 1366M relocated
[434.867s][info   ][gc,nmethod  ] GC(19) NMethods: 5592 registered, 1140 unregistered
[434.867s][info   ][gc,metaspace] GC(19) Metaspace: 40M used, 41M capacity, 41M committed, 42M reserved
[434.867s][info   ][gc,ref      ] GC(19) Soft: 3327 encountered, 0 discovered, 0 enqueued
[434.867s][info   ][gc,ref      ] GC(19) Weak: 1530 encountered, 311 discovered, 0 enqueued
[434.867s][info   ][gc,ref      ] GC(19) Final: 31 encountered, 4 discovered, 4 enqueued
[434.867s][info   ][gc,ref      ] GC(19) Phantom: 120 encountered, 104 discovered, 0 enqueued
[434.867s][info   ][gc,heap     ] GC(19)                Mark Start          Mark End        Relocate Start      Relocate End           High               Low         
[434.867s][info   ][gc,heap     ] GC(19)  Capacity:    30390M (30%)       30390M (30%)       30390M (30%)       30390M (30%)       30390M (30%)       30390M (30%)    
[434.867s][info   ][gc,heap     ] GC(19)   Reserve:       80M (0%)           80M (0%)           80M (0%)           80M (0%)           80M (0%)           80M (0%)     
[434.867s][info   ][gc,heap     ] GC(19)      Free:    86138M (86%)       85968M (86%)       89702M (89%)       96342M (96%)       96342M (96%)       85968M (86%)    
[434.867s][info   ][gc,heap     ] GC(19)      Used:    14134M (14%)       14304M (14%)       10570M (11%)        3930M (4%)        14304M (14%)        3930M (4%)     
[434.867s][info   ][gc,heap     ] GC(19)      Live:         -              3499M (3%)         3499M (3%)         3499M (3%)             -                  -          
[434.867s][info   ][gc,heap     ] GC(19) Allocated:         -               170M (0%)          180M (0%)         1488M (1%)             -                  -          
[434.867s][info   ][gc,heap     ] GC(19)   Garbage:         -             10634M (11%)        6890M (7%)          204M (0%)             -                  -          
[434.867s][info   ][gc,heap     ] GC(19) Reclaimed:         -                  -              3744M (4%)        10430M (10%)            -                  -          
[434.867s][info   ][gc          ] GC(19) Garbage Collection (Proactive) 14134M(14%)->3930M(4%)
[440.169s][info   ][gc,stats    ] === Garbage Collection Statistics =======================================================================================================================
[440.169s][info   ][gc,stats    ]                                                              Last 10s              Last 10m              Last 10h                Total
[440.169s][info   ][gc,stats    ]                                                              Avg / Max             Avg / Max             Avg / Max             Avg / Max
[440.169s][info   ][gc,stats    ]   Collector: Garbage Collection Cycle                    296.831 / 296.831     335.973 / 515.532     335.973 / 515.532     335.973 / 515.532     ms
[440.169s][info   ][gc,stats    ]  Contention: Mark Segment Reset Contention                    39 / 397              18 / 850              18 / 850              18 / 850         ops/s
[440.169s][info   ][gc,stats    ]  Contention: Mark SeqNum Reset Contention                      0 / 0                 0 / 9                 0 / 9                 0 / 9           ops/s
[440.169s][info   ][gc,stats    ]  Contention: Relocation Contention                             0 / 7                 0 / 38                0 / 38                0 / 38          ops/s
[440.169s][info   ][gc,stats    ]    Critical: Allocation Stall                              0.000 / 0.000         0.000 / 0.000         0.000 / 0.000         0.000 / 0.000       ms
[440.169s][info   ][gc,stats    ]    Critical: Allocation Stall                                  0 / 0                 0 / 0                 0 / 0                 0 / 0           ops/s
[440.169s][info   ][gc,stats    ]    Critical: GC Locker Stall                               0.000 / 0.000         0.000 / 0.000         0.000 / 0.000         0.000 / 0.000       ms
[440.169s][info   ][gc,stats    ]    Critical: GC Locker Stall                                   0 / 0                 0 / 0                 0 / 0                 0 / 0           ops/s
[440.169s][info   ][gc,stats    ]      Memory: Allocation Rate                                 634 / 716             616 / 1436            616 / 1436            616 / 1436        MB/s
[440.169s][info   ][gc,stats    ]      Memory: Heap Used After Mark                          14304 / 14304         16713 / 30288         16713 / 30288         16713 / 30288       MB
[440.169s][info   ][gc,stats    ]      Memory: Heap Used After Relocation                     3930 / 3930           3607 / 4228           3607 / 4228           3607 / 4228        MB
[440.169s][info   ][gc,stats    ]      Memory: Heap Used Before Mark                         14134 / 14134         16537 / 30112         16537 / 30112         16537 / 30112       MB
[440.169s][info   ][gc,stats    ]      Memory: Heap Used Before Relocation                   10570 / 10570         11733 / 20378         11733 / 20378         11733 / 20378       MB
[440.169s][info   ][gc,stats    ]      Memory: Out Of Memory                                     0 / 0                 0 / 0                 0 / 0                 0 / 0           ops/s
[440.169s][info   ][gc,stats    ]      Memory: Page Cache Flush                                  0 / 0                 0 / 0                 0 / 0                 0 / 0           MB/s
[440.169s][info   ][gc,stats    ]      Memory: Page Cache Hit L1                               367 / 954             296 / 1642            296 / 1642            296 / 1642        ops/s
[440.169s][info   ][gc,stats    ]      Memory: Page Cache Hit L2                                 0 / 0                 1 / 179               1 / 179               1 / 179         ops/s
[440.169s][info   ][gc,stats    ]      Memory: Page Cache Miss                                   0 / 0                33 / 341              33 / 341              33 / 341         ops/s
[440.169s][info   ][gc,stats    ]      Memory: Undo Object Allocation Failed                     0 / 0                 0 / 0                 0 / 0                 0 / 0           ops/s
[440.169s][info   ][gc,stats    ]      Memory: Undo Object Allocation Succeeded                  0 / 7                 0 / 38                0 / 38                0 / 38          ops/s
[440.170s][info   ][gc,stats    ]      Memory: Undo Page Allocation                              0 / 0                 0 / 69                0 / 69                0 / 69          ops/s
[440.170s][info   ][gc,stats    ]       Phase: Concurrent Destroy Detached Pages             0.001 / 0.001         0.001 / 0.001         0.001 / 0.001         0.001 / 0.001       ms
[440.170s][info   ][gc,stats    ]       Phase: Concurrent Mark                             192.374 / 192.374     197.422 / 275.553     197.422 / 275.553     197.422 / 275.553     ms
[440.170s][info   ][gc,stats    ]       Phase: Concurrent Mark Continue                      0.000 / 0.000         1.416 / 1.416         1.416 / 1.416         1.416 / 1.416       ms
[440.170s][info   ][gc,stats    ]       Phase: Concurrent Prepare Relocation Set            14.366 / 14.366       30.904 / 89.649       30.904 / 89.649       30.904 / 89.649      ms
[440.170s][info   ][gc,stats    ]       Phase: Concurrent Process Non-Strong References      1.922 / 1.922         3.458 / 19.270        3.458 / 19.270        3.458 / 19.270      ms
[440.170s][info   ][gc,stats    ]       Phase: Concurrent Relocate                          81.620 / 81.620       93.831 / 165.671      93.831 / 165.671      93.831 / 165.671     ms
[440.170s][info   ][gc,stats    ]       Phase: Concurrent Reset Relocation Set               2.136 / 2.136         3.331 / 14.653        3.331 / 14.653        3.331 / 14.653      ms
[440.170s][info   ][gc,stats    ]       Phase: Concurrent Select Relocation Set              2.195 / 2.195         4.336 / 12.148        4.336 / 12.148        4.336 / 12.148      ms
[440.170s][info   ][gc,stats    ]       Phase: Pause Mark End                                0.711 / 0.711         0.791 / 1.253         0.791 / 1.253         0.791 / 1.253       ms
[440.170s][info   ][gc,stats    ]       Phase: Pause Mark Start                              0.197 / 0.197         0.409 / 1.400         0.409 / 1.400         0.409 / 1.400       ms
[440.170s][info   ][gc,stats    ]       Phase: Pause Relocate Start                          0.149 / 0.149         0.243 / 1.025         0.243 / 1.025         0.243 / 1.025       ms
[440.170s][info   ][gc,stats    ]       Phase: Pause Verify                                  0.000 / 0.000         0.000 / 0.000         0.000 / 0.000         0.000 / 0.000       ms
[440.170s][info   ][gc,stats    ]    Subphase: Concurrent Classes Unload                     1.578 / 1.578         2.991 / 18.723        2.991 / 18.723        2.991 / 18.723      ms
[440.170s][info   ][gc,stats    ]    Subphase: Concurrent Mark                             191.010 / 191.561     186.322 / 273.889     186.322 / 273.889     186.322 / 273.889     ms
[440.170s][info   ][gc,stats    ]    Subphase: Concurrent Mark Idle                          1.139 / 1.200         1.139 / 1.365         1.139 / 1.365         1.139 / 1.365       ms
[440.170s][info   ][gc,stats    ]    Subphase: Concurrent Mark Try Flush                     0.081 / 0.187         0.083 / 0.545         0.083 / 0.545         0.083 / 0.545       ms
[440.170s][info   ][gc,stats    ]    Subphase: Concurrent Mark Try Terminate                 1.137 / 1.203         1.137 / 1.367         1.137 / 1.367         1.137 / 1.367       ms
[440.170s][info   ][gc,stats    ]    Subphase: Concurrent References Enqueue                 0.004 / 0.004         0.005 / 0.008         0.005 / 0.008         0.005 / 0.008       ms
[440.170s][info   ][gc,stats    ]    Subphase: Concurrent References Process                 0.080 / 0.080         0.082 / 0.140         0.082 / 0.140         0.082 / 0.140       ms
[440.170s][info   ][gc,stats    ]    Subphase: Concurrent Roots                              0.093 / 0.522         0.113 / 2.807         0.113 / 2.807         0.113 / 2.807       ms
[440.170s][info   ][gc,stats    ]    Subphase: Concurrent Roots ClassLoaderDataGraph         0.092 / 0.500         0.103 / 2.804         0.103 / 2.804         0.103 / 2.804       ms
[440.170s][info   ][gc,stats    ]    Subphase: Concurrent Roots JNIHandles                   0.013 / 0.024         0.049 / 0.551         0.049 / 0.551         0.049 / 0.551       ms
[440.170s][info   ][gc,stats    ]    Subphase: Concurrent Roots Setup                        0.104 / 0.104         0.312 / 1.622         0.312 / 1.622         0.312 / 1.622       ms
[440.170s][info   ][gc,stats    ]    Subphase: Concurrent Roots Teardown                     0.001 / 0.001         0.001 / 0.001         0.001 / 0.001         0.001 / 0.001       ms
[440.170s][info   ][gc,stats    ]    Subphase: Concurrent Weak Roots                         0.191 / 0.214         0.287 / 1.376         0.287 / 1.376         0.287 / 1.376       ms
[440.170s][info   ][gc,stats    ]    Subphase: Concurrent Weak Roots JNIWeakHandles          0.004 / 0.006         0.003 / 0.073         0.003 / 0.073         0.003 / 0.073       ms
[440.170s][info   ][gc,stats    ]    Subphase: Concurrent Weak Roots StringTable             0.164 / 0.186         0.260 / 1.327         0.260 / 1.327         0.260 / 1.327       ms
[440.170s][info   ][gc,stats    ]    Subphase: Concurrent Weak Roots VMWeakHandles           0.023 / 0.041         0.023 / 0.052         0.023 / 0.052         0.023 / 0.052       ms
[440.170s][info   ][gc,stats    ]    Subphase: Pause Mark Try Complete                       0.169 / 0.444         0.211 / 1.009         0.211 / 1.009         0.211 / 1.009       ms
[440.170s][info   ][gc,stats    ]    Subphase: Pause Roots                                   0.027 / 0.090         0.055 / 1.060         0.055 / 1.060         0.055 / 1.060       ms
[440.170s][info   ][gc,stats    ]    Subphase: Pause Roots CodeCache                         0.000 / 0.000         0.000 / 0.000         0.000 / 0.000         0.000 / 0.000       ms
[440.170s][info   ][gc,stats    ]    Subphase: Pause Roots JVMTIExport                       0.001 / 0.001         0.002 / 0.017         0.002 / 0.017         0.002 / 0.017       ms
[440.170s][info   ][gc,stats    ]    Subphase: Pause Roots JVMTIWeakExport                   0.001 / 0.001         0.001 / 0.002         0.001 / 0.002         0.001 / 0.002       ms
[440.170s][info   ][gc,stats    ]    Subphase: Pause Roots Management                        0.003 / 0.003         0.016 / 0.430         0.016 / 0.430         0.016 / 0.430       ms
[440.170s][info   ][gc,stats    ]    Subphase: Pause Roots ObjectSynchronizer                0.001 / 0.001         0.001 / 0.011         0.001 / 0.011         0.001 / 0.011       ms
[440.170s][info   ][gc,stats    ]    Subphase: Pause Roots Setup                             0.002 / 0.002         0.001 / 0.002         0.001 / 0.002         0.001 / 0.002       ms
[440.170s][info   ][gc,stats    ]    Subphase: Pause Roots SystemDictionary                  0.014 / 0.014         0.059 / 0.734         0.059 / 0.734         0.059 / 0.734       ms
[440.170s][info   ][gc,stats    ]    Subphase: Pause Roots Teardown                          0.005 / 0.007         0.004 / 0.009         0.004 / 0.009         0.004 / 0.009       ms
[440.170s][info   ][gc,stats    ]    Subphase: Pause Roots Threads                           0.034 / 0.073         0.065 / 1.042         0.065 / 1.042         0.065 / 1.042       ms
[440.170s][info   ][gc,stats    ]    Subphase: Pause Roots Universe                          0.012 / 0.013         0.024 / 0.626         0.024 / 0.626         0.024 / 0.626       ms
[440.170s][info   ][gc,stats    ]    Subphase: Pause Weak Roots                              0.001 / 0.005         0.001 / 0.007         0.001 / 0.007         0.001 / 0.007       ms
[440.170s][info   ][gc,stats    ]    Subphase: Pause Weak Roots JFRWeak                      0.001 / 0.001         0.001 / 0.001         0.001 / 0.001         0.001 / 0.001       ms
[440.170s][info   ][gc,stats    ]    Subphase: Pause Weak Roots JVMTIWeakExport              0.001 / 0.001         0.001 / 0.002         0.001 / 0.002         0.001 / 0.002       ms
[440.170s][info   ][gc,stats    ]    Subphase: Pause Weak Roots Setup                        0.001 / 0.001         0.001 / 0.001         0.001 / 0.001         0.001 / 0.001       ms
[440.170s][info   ][gc,stats    ]    Subphase: Pause Weak Roots Teardown                     0.001 / 0.001         0.001 / 0.004         0.001 / 0.004         0.001 / 0.004       ms
[440.170s][info   ][gc,stats    ]      System: Java Threads                                     62 / 62               58 / 65               58 / 65               58 / 65          threads
[440.170s][info   ][gc,stats    ] =========================================================================================================================================================
[450.170s][info   ][gc,stats    ] === Garbage Collection Statistics =======================================================================================================================
[450.170s][info   ][gc,stats    ]                                                              Last 10s              Last 10m              Last 10h                Total
[450.170s][info   ][gc,stats    ]                                                              Avg / Max             Avg / Max             Avg / Max             Avg / Max
[450.170s][info   ][gc,stats    ]   Collector: Garbage Collection Cycle                      0.000 / 0.000       335.973 / 515.532     335.973 / 515.532     335.973 / 515.532     ms
[450.170s][info   ][gc,stats    ]  Contention: Mark Segment Reset Contention                     0 / 0                17 / 850              17 / 850              17 / 850         ops/s
[450.170s][info   ][gc,stats    ]  Contention: Mark SeqNum Reset Contention                      0 / 0                 0 / 9                 0 / 9                 0 / 9           ops/s
[450.170s][info   ][gc,stats    ]  Contention: Relocation Contention                             0 / 0                 0 / 38                0 / 38                0 / 38          ops/s
[450.170s][info   ][gc,stats    ]    Critical: Allocation Stall                              0.000 / 0.000         0.000 / 0.000         0.000 / 0.000         0.000 / 0.000       ms
[450.170s][info   ][gc,stats    ]    Critical: Allocation Stall                                  0 / 0                 0 / 0                 0 / 0                 0 / 0           ops/s
[450.170s][info   ][gc,stats    ]    Critical: GC Locker Stall                               0.000 / 0.000         0.000 / 0.000         0.000 / 0.000         0.000 / 0.000       ms
[450.170s][info   ][gc,stats    ]    Critical: GC Locker Stall                                   0 / 0                 0 / 0                 0 / 0                 0 / 0           ops/s
[450.170s][info   ][gc,stats    ]      Memory: Allocation Rate                                 622 / 658             616 / 1436            616 / 1436            616 / 1436        MB/s
[450.170s][info   ][gc,stats    ]      Memory: Heap Used After Mark                              0 / 0             16713 / 30288         16713 / 30288         16713 / 30288       MB
[450.170s][info   ][gc,stats    ]      Memory: Heap Used After Relocation                        0 / 0              3607 / 4228           3607 / 4228           3607 / 4228        MB
[450.170s][info   ][gc,stats    ]      Memory: Heap Used Before Mark                             0 / 0             16537 / 30112         16537 / 30112         16537 / 30112       MB
[450.170s][info   ][gc,stats    ]      Memory: Heap Used Before Relocation                       0 / 0             11733 / 20378         11733 / 20378         11733 / 20378       MB
[450.170s][info   ][gc,stats    ]      Memory: Out Of Memory                                     0 / 0                 0 / 0                 0 / 0                 0 / 0           ops/s
[450.170s][info   ][gc,stats    ]      Memory: Page Cache Flush                                  0 / 0                 0 / 0                 0 / 0                 0 / 0           MB/s
[450.170s][info   ][gc,stats    ]      Memory: Page Cache Hit L1                               300 / 314             297 / 1642            297 / 1642            297 / 1642        ops/s
[450.170s][info   ][gc,stats    ]      Memory: Page Cache Hit L2                                 0 / 0                 1 / 179               1 / 179               1 / 179         ops/s
[450.170s][info   ][gc,stats    ]      Memory: Page Cache Miss                                   0 / 0                32 / 341              32 / 341              32 / 341         ops/s
[450.170s][info   ][gc,stats    ]      Memory: Undo Object Allocation Failed                     0 / 0                 0 / 0                 0 / 0                 0 / 0           ops/s
[450.170s][info   ][gc,stats    ]      Memory: Undo Object Allocation Succeeded                  0 / 0                 0 / 38                0 / 38                0 / 38          ops/s
[450.170s][info   ][gc,stats    ]      Memory: Undo Page Allocation                              0 / 0                 0 / 69                0 / 69                0 / 69          ops/s
[450.170s][info   ][gc,stats    ]       Phase: Concurrent Destroy Detached Pages             0.000 / 0.000         0.001 / 0.001         0.001 / 0.001         0.001 / 0.001       ms
[450.170s][info   ][gc,stats    ]       Phase: Concurrent Mark                               0.000 / 0.000       197.422 / 275.553     197.422 / 275.553     197.422 / 275.553     ms
[450.170s][info   ][gc,stats    ]       Phase: Concurrent Mark Continue                      0.000 / 0.000         1.416 / 1.416         1.416 / 1.416         1.416 / 1.416       ms
[450.170s][info   ][gc,stats    ]       Phase: Concurrent Prepare Relocation Set             0.000 / 0.000        30.904 / 89.649       30.904 / 89.649       30.904 / 89.649      ms
[450.170s][info   ][gc,stats    ]       Phase: Concurrent Process Non-Strong References      0.000 / 0.000         3.458 / 19.270        3.458 / 19.270        3.458 / 19.270      ms
[450.170s][info   ][gc,stats    ]       Phase: Concurrent Relocate                           0.000 / 0.000        93.831 / 165.671      93.831 / 165.671      93.831 / 165.671     ms
[450.170s][info   ][gc,stats    ]       Phase: Concurrent Reset Relocation Set               0.000 / 0.000         3.331 / 14.653        3.331 / 14.653        3.331 / 14.653      ms
[450.170s][info   ][gc,stats    ]       Phase: Concurrent Select Relocation Set              0.000 / 0.000         4.336 / 12.148        4.336 / 12.148        4.336 / 12.148      ms
[450.170s][info   ][gc,stats    ]       Phase: Pause Mark End                                0.000 / 0.000         0.791 / 1.253         0.791 / 1.253         0.791 / 1.253       ms
[450.170s][info   ][gc,stats    ]       Phase: Pause Mark Start                              0.000 / 0.000         0.409 / 1.400         0.409 / 1.400         0.409 / 1.400       ms
[450.170s][info   ][gc,stats    ]       Phase: Pause Relocate Start                          0.000 / 0.000         0.243 / 1.025         0.243 / 1.025         0.243 / 1.025       ms
[450.170s][info   ][gc,stats    ]       Phase: Pause Verify                                  0.000 / 0.000         0.000 / 0.000         0.000 / 0.000         0.000 / 0.000       ms
[450.170s][info   ][gc,stats    ]    Subphase: Concurrent Classes Unload                     0.000 / 0.000         2.991 / 18.723        2.991 / 18.723        2.991 / 18.723      ms
[450.170s][info   ][gc,stats    ]    Subphase: Concurrent Mark                               0.000 / 0.000       186.322 / 273.889     186.322 / 273.889     186.322 / 273.889     ms
[450.170s][info   ][gc,stats    ]    Subphase: Concurrent Mark Idle                          0.000 / 0.000         1.139 / 1.365         1.139 / 1.365         1.139 / 1.365       ms
[450.170s][info   ][gc,stats    ]    Subphase: Concurrent Mark Try Flush                     0.000 / 0.000         0.083 / 0.545         0.083 / 0.545         0.083 / 0.545       ms
[450.170s][info   ][gc,stats    ]    Subphase: Concurrent Mark Try Terminate                 0.000 / 0.000         1.137 / 1.367         1.137 / 1.367         1.137 / 1.367       ms
[450.170s][info   ][gc,stats    ]    Subphase: Concurrent References Enqueue                 0.000 / 0.000         0.005 / 0.008         0.005 / 0.008         0.005 / 0.008       ms
[450.170s][info   ][gc,stats    ]    Subphase: Concurrent References Process                 0.000 / 0.000         0.082 / 0.140         0.082 / 0.140         0.082 / 0.140       ms
[450.170s][info   ][gc,stats    ]    Subphase: Concurrent Roots                              0.000 / 0.000         0.113 / 2.807         0.113 / 2.807         0.113 / 2.807       ms
[450.170s][info   ][gc,stats    ]    Subphase: Concurrent Roots ClassLoaderDataGraph         0.000 / 0.000         0.103 / 2.804         0.103 / 2.804         0.103 / 2.804       ms
[450.170s][info   ][gc,stats    ]    Subphase: Concurrent Roots JNIHandles                   0.000 / 0.000         0.049 / 0.551         0.049 / 0.551         0.049 / 0.551       ms
[450.170s][info   ][gc,stats    ]    Subphase: Concurrent Roots Setup                        0.000 / 0.000         0.312 / 1.622         0.312 / 1.622         0.312 / 1.622       ms
[450.170s][info   ][gc,stats    ]    Subphase: Concurrent Roots Teardown                     0.000 / 0.000         0.001 / 0.001         0.001 / 0.001         0.001 / 0.001       ms
[450.170s][info   ][gc,stats    ]    Subphase: Concurrent Weak Roots                         0.000 / 0.000         0.287 / 1.376         0.287 / 1.376         0.287 / 1.376       ms
[450.170s][info   ][gc,stats    ]    Subphase: Concurrent Weak Roots JNIWeakHandles          0.000 / 0.000         0.003 / 0.073         0.003 / 0.073         0.003 / 0.073       ms
[450.170s][info   ][gc,stats    ]    Subphase: Concurrent Weak Roots StringTable             0.000 / 0.000         0.260 / 1.327         0.260 / 1.327         0.260 / 1.327       ms
[450.170s][info   ][gc,stats    ]    Subphase: Concurrent Weak Roots VMWeakHandles           0.000 / 0.000         0.023 / 0.052         0.023 / 0.052         0.023 / 0.052       ms
[450.170s][info   ][gc,stats    ]    Subphase: Pause Mark Try Complete                       0.000 / 0.000         0.211 / 1.009         0.211 / 1.009         0.211 / 1.009       ms
[450.170s][info   ][gc,stats    ]    Subphase: Pause Roots                                   0.000 / 0.000         0.055 / 1.060         0.055 / 1.060         0.055 / 1.060       ms
[450.170s][info   ][gc,stats    ]    Subphase: Pause Roots CodeCache                         0.000 / 0.000         0.000 / 0.000         0.000 / 0.000         0.000 / 0.000       ms
[450.170s][info   ][gc,stats    ]    Subphase: Pause Roots JVMTIExport                       0.000 / 0.000         0.002 / 0.017         0.002 / 0.017         0.002 / 0.017       ms
[450.170s][info   ][gc,stats    ]    Subphase: Pause Roots JVMTIWeakExport                   0.000 / 0.000         0.001 / 0.002         0.001 / 0.002         0.001 / 0.002       ms
[450.170s][info   ][gc,stats    ]    Subphase: Pause Roots Management                        0.000 / 0.000         0.016 / 0.430         0.016 / 0.430         0.016 / 0.430       ms
[450.170s][info   ][gc,stats    ]    Subphase: Pause Roots ObjectSynchronizer                0.000 / 0.000         0.001 / 0.011         0.001 / 0.011         0.001 / 0.011       ms
[450.170s][info   ][gc,stats    ]    Subphase: Pause Roots Setup                             0.000 / 0.000         0.001 / 0.002         0.001 / 0.002         0.001 / 0.002       ms
[450.170s][info   ][gc,stats    ]    Subphase: Pause Roots SystemDictionary                  0.000 / 0.000         0.059 / 0.734         0.059 / 0.734         0.059 / 0.734       ms
[450.171s][info   ][gc,stats    ]    Subphase: Pause Roots Teardown                          0.000 / 0.000         0.004 / 0.009         0.004 / 0.009         0.004 / 0.009       ms
[450.171s][info   ][gc,stats    ]    Subphase: Pause Roots Threads                           0.000 / 0.000         0.065 / 1.042         0.065 / 1.042         0.065 / 1.042       ms
[450.171s][info   ][gc,stats    ]    Subphase: Pause Roots Universe                          0.000 / 0.000         0.024 / 0.626         0.024 / 0.626         0.024 / 0.626       ms
[450.171s][info   ][gc,stats    ]    Subphase: Pause Weak Roots                              0.000 / 0.000         0.001 / 0.007         0.001 / 0.007         0.001 / 0.007       ms
[450.171s][info   ][gc,stats    ]    Subphase: Pause Weak Roots JFRWeak                      0.000 / 0.000         0.001 / 0.001         0.001 / 0.001         0.001 / 0.001       ms
[450.171s][info   ][gc,stats    ]    Subphase: Pause Weak Roots JVMTIWeakExport              0.000 / 0.000         0.001 / 0.002         0.001 / 0.002         0.001 / 0.002       ms
[450.171s][info   ][gc,stats    ]    Subphase: Pause Weak Roots Setup                        0.000 / 0.000         0.001 / 0.001         0.001 / 0.001         0.001 / 0.001       ms
[450.171s][info   ][gc,stats    ]    Subphase: Pause Weak Roots Teardown                     0.000 / 0.000         0.001 / 0.004         0.001 / 0.004         0.001 / 0.004       ms
[450.171s][info   ][gc,stats    ]      System: Java Threads                                      0 / 0                58 / 65               58 / 65               58 / 65          threads
[450.171s][info   ][gc,stats    ] =========================================================================================================================================================
[450.970s][info   ][gc,start    ] GC(20) Garbage Collection (Proactive)
[450.970s][info   ][gc,phases   ] GC(20) Pause Mark Start 0.218ms
[451.160s][info   ][gc,phases   ] GC(20) Concurrent Mark 189.796ms
[451.161s][info   ][gc,phases   ] GC(20) Pause Mark End 0.581ms
[451.163s][info   ][gc,phases   ] GC(20) Concurrent Process Non-Strong References 1.776ms
[451.164s][info   ][gc,phases   ] GC(20) Concurrent Reset Relocation Set 1.343ms
[451.164s][info   ][gc,phases   ] GC(20) Concurrent Destroy Detached Pages 0.001ms
[451.166s][info   ][gc,phases   ] GC(20) Concurrent Select Relocation Set 2.338ms
[451.177s][info   ][gc,phases   ] GC(20) Concurrent Prepare Relocation Set 10.275ms
[451.177s][info   ][gc,phases   ] GC(20) Pause Relocate Start 0.173ms
[451.258s][info   ][gc,phases   ] GC(20) Concurrent Relocate 80.892ms
[451.258s][info   ][gc,load     ] GC(20) Load: 3.92/2.74/1.36
[451.258s][info   ][gc,mmu      ] GC(20) MMU: 2ms/30.0%, 5ms/69.9%, 10ms/81.7%, 20ms/87.7%, 50ms/95.1%, 100ms/97.5%
[451.258s][info   ][gc,marking  ] GC(20) Mark: 8 stripe(s), 10 proactive flush(es), 2 terminate flush(es), 1 completion(s), 0 continuation(s) 
[451.258s][info   ][gc,reloc    ] GC(20) Relocation: Successful, 1346M relocated
[451.258s][info   ][gc,nmethod  ] GC(20) NMethods: 5595 registered, 1140 unregistered
[451.258s][info   ][gc,metaspace] GC(20) Metaspace: 40M used, 41M capacity, 41M committed, 42M reserved
[451.258s][info   ][gc,ref      ] GC(20) Soft: 3327 encountered, 0 discovered, 0 enqueued
[451.258s][info   ][gc,ref      ] GC(20) Weak: 1530 encountered, 474 discovered, 0 enqueued
[451.258s][info   ][gc,ref      ] GC(20) Final: 30 encountered, 3 discovered, 3 enqueued
[451.258s][info   ][gc,ref      ] GC(20) Phantom: 120 encountered, 90 discovered, 0 enqueued
[451.258s][info   ][gc,heap     ] GC(20)                Mark Start          Mark End        Relocate Start      Relocate End           High               Low         
[451.258s][info   ][gc,heap     ] GC(20)  Capacity:    30390M (30%)       30390M (30%)       30390M (30%)       30390M (30%)       30390M (30%)       30390M (30%)    
[451.258s][info   ][gc,heap     ] GC(20)   Reserve:       80M (0%)           80M (0%)           80M (0%)           80M (0%)           80M (0%)           80M (0%)     
[451.258s][info   ][gc,heap     ] GC(20)      Free:    86232M (86%)       86036M (86%)       89708M (89%)       96330M (96%)       96330M (96%)       86028M (86%)    
[451.258s][info   ][gc,heap     ] GC(20)      Used:    14040M (14%)       14236M (14%)       10564M (11%)        3942M (4%)        14244M (14%)        3942M (4%)     
[451.258s][info   ][gc,heap     ] GC(20)      Live:         -              3498M (3%)         3498M (3%)         3498M (3%)             -                  -          
[451.258s][info   ][gc,heap     ] GC(20) Allocated:         -               196M (0%)          216M (0%)         1496M (1%)             -                  -          
[451.258s][info   ][gc,heap     ] GC(20)   Garbage:         -             10541M (11%)        6849M (7%)          189M (0%)             -                  -          
[451.258s][info   ][gc,heap     ] GC(20) Reclaimed:         -                  -              3692M (4%)        10352M (10%)            -                  -          
[451.258s][info   ][gc          ] GC(20) Garbage Collection (Proactive) 14040M(14%)->3942M(4%)
[460.170s][info   ][gc,stats    ] === Garbage Collection Statistics =======================================================================================================================
[460.170s][info   ][gc,stats    ]                                                              Last 10s              Last 10m              Last 10h                Total
[460.170s][info   ][gc,stats    ]                                                              Avg / Max             Avg / Max             Avg / Max             Avg / Max
[460.170s][info   ][gc,stats    ]   Collector: Garbage Collection Cycle                    288.551 / 288.551     333.715 / 515.532     333.715 / 515.532     333.715 / 515.532     ms
[460.170s][info   ][gc,stats    ]  Contention: Mark Segment Reset Contention                    20 / 201              17 / 850              17 / 850              17 / 850         ops/s
[460.170s][info   ][gc,stats    ]  Contention: Mark SeqNum Reset Contention                      0 / 0                 0 / 9                 0 / 9                 0 / 9           ops/s
[460.170s][info   ][gc,stats    ]  Contention: Relocation Contention                             0 / 4                 0 / 38                0 / 38                0 / 38          ops/s
[460.170s][info   ][gc,stats    ]    Critical: Allocation Stall                              0.000 / 0.000         0.000 / 0.000         0.000 / 0.000         0.000 / 0.000       ms
[460.170s][info   ][gc,stats    ]    Critical: Allocation Stall                                  0 / 0                 0 / 0                 0 / 0                 0 / 0           ops/s
[460.170s][info   ][gc,stats    ]    Critical: GC Locker Stall                               0.000 / 0.000         0.000 / 0.000         0.000 / 0.000         0.000 / 0.000       ms
[460.170s][info   ][gc,stats    ]    Critical: GC Locker Stall                                   0 / 0                 0 / 0                 0 / 0                 0 / 0           ops/s
[460.170s][info   ][gc,stats    ]      Memory: Allocation Rate                                 649 / 748             617 / 1436            617 / 1436            617 / 1436        MB/s
[460.170s][info   ][gc,stats    ]      Memory: Heap Used After Mark                          14236 / 14236         16595 / 30288         16595 / 30288         16595 / 30288       MB
[460.170s][info   ][gc,stats    ]      Memory: Heap Used After Relocation                     3942 / 3942           3623 / 4228           3623 / 4228           3623 / 4228        MB
[460.170s][info   ][gc,stats    ]      Memory: Heap Used Before Mark                         14040 / 14040         16418 / 30112         16418 / 30112         16418 / 30112       MB
[460.170s][info   ][gc,stats    ]      Memory: Heap Used Before Relocation                   10564 / 10564         11678 / 20378         11678 / 20378         11678 / 20378       MB
[460.170s][info   ][gc,stats    ]      Memory: Out Of Memory                                     0 / 0                 0 / 0                 0 / 0                 0 / 0           ops/s
[460.170s][info   ][gc,stats    ]      Memory: Page Cache Flush                                  0 / 0                 0 / 0                 0 / 0                 0 / 0           MB/s
[460.170s][info   ][gc,stats    ]      Memory: Page Cache Hit L1                               372 / 938             298 / 1642            298 / 1642            298 / 1642        ops/s
[460.170s][info   ][gc,stats    ]      Memory: Page Cache Hit L2                                 0 / 0                 1 / 179               1 / 179               1 / 179         ops/s
[460.170s][info   ][gc,stats    ]      Memory: Page Cache Miss                                   0 / 0                31 / 341              31 / 341              31 / 341         ops/s
[460.170s][info   ][gc,stats    ]      Memory: Undo Object Allocation Failed                     0 / 0                 0 / 0                 0 / 0                 0 / 0           ops/s
[460.170s][info   ][gc,stats    ]      Memory: Undo Object Allocation Succeeded                  0 / 4                 0 / 38                0 / 38                0 / 38          ops/s
[460.170s][info   ][gc,stats    ]      Memory: Undo Page Allocation                              0 / 0                 0 / 69                0 / 69                0 / 69          ops/s
[460.170s][info   ][gc,stats    ]       Phase: Concurrent Destroy Detached Pages             0.001 / 0.001         0.001 / 0.001         0.001 / 0.001         0.001 / 0.001       ms
[460.170s][info   ][gc,stats    ]       Phase: Concurrent Mark                             189.796 / 189.796     197.059 / 275.553     197.059 / 275.553     197.059 / 275.553     ms
[460.170s][info   ][gc,stats    ]       Phase: Concurrent Mark Continue                      0.000 / 0.000         1.416 / 1.416         1.416 / 1.416         1.416 / 1.416       ms
[460.170s][info   ][gc,stats    ]       Phase: Concurrent Prepare Relocation Set            10.275 / 10.275       29.921 / 89.649       29.921 / 89.649       29.921 / 89.649      ms
[460.170s][info   ][gc,stats    ]       Phase: Concurrent Process Non-Strong References      1.776 / 1.776         3.378 / 19.270        3.378 / 19.270        3.378 / 19.270      ms
[460.170s][info   ][gc,stats    ]       Phase: Concurrent Relocate                          80.892 / 80.892       93.215 / 165.671      93.215 / 165.671      93.215 / 165.671     ms
[460.170s][info   ][gc,stats    ]       Phase: Concurrent Reset Relocation Set               1.343 / 1.343         3.236 / 14.653        3.236 / 14.653        3.236 / 14.653      ms
[460.170s][info   ][gc,stats    ]       Phase: Concurrent Select Relocation Set              2.338 / 2.338         4.241 / 12.148        4.241 / 12.148        4.241 / 12.148      ms
[460.170s][info   ][gc,stats    ]       Phase: Pause Mark End                                0.581 / 0.581         0.782 / 1.253         0.782 / 1.253         0.782 / 1.253       ms
[460.170s][info   ][gc,stats    ]       Phase: Pause Mark Start                              0.218 / 0.218         0.400 / 1.400         0.400 / 1.400         0.400 / 1.400       ms
[460.170s][info   ][gc,stats    ]       Phase: Pause Relocate Start                          0.173 / 0.173         0.240 / 1.025         0.240 / 1.025         0.240 / 1.025       ms
[460.170s][info   ][gc,stats    ]       Phase: Pause Verify                                  0.000 / 0.000         0.000 / 0.000         0.000 / 0.000         0.000 / 0.000       ms
[460.170s][info   ][gc,stats    ]    Subphase: Concurrent Classes Unload                     1.470 / 1.470         2.918 / 18.723        2.918 / 18.723        2.918 / 18.723      ms
[460.170s][info   ][gc,stats    ]    Subphase: Concurrent Mark                             188.605 / 189.098     186.426 / 273.889     186.426 / 273.889     186.426 / 273.889     ms
[460.170s][info   ][gc,stats    ]    Subphase: Concurrent Mark Idle                          1.142 / 1.185         1.139 / 1.365         1.139 / 1.365         1.139 / 1.365       ms
[460.170s][info   ][gc,stats    ]    Subphase: Concurrent Mark Try Flush                     0.088 / 0.129         0.083 / 0.545         0.083 / 0.545         0.083 / 0.545       ms
[460.170s][info   ][gc,stats    ]    Subphase: Concurrent Mark Try Terminate                 1.140 / 1.190         1.137 / 1.367         1.137 / 1.367         1.137 / 1.367       ms
[460.170s][info   ][gc,stats    ]    Subphase: Concurrent References Enqueue                 0.007 / 0.007         0.005 / 0.008         0.005 / 0.008         0.005 / 0.008       ms
[460.170s][info   ][gc,stats    ]    Subphase: Concurrent References Process                 0.075 / 0.075         0.082 / 0.140         0.082 / 0.140         0.082 / 0.140       ms
[460.170s][info   ][gc,stats    ]    Subphase: Concurrent Roots                              0.077 / 0.397         0.111 / 2.807         0.111 / 2.807         0.111 / 2.807       ms
[460.170s][info   ][gc,stats    ]    Subphase: Concurrent Roots ClassLoaderDataGraph         0.071 / 0.393         0.101 / 2.804         0.101 / 2.804         0.101 / 2.804       ms
[460.170s][info   ][gc,stats    ]    Subphase: Concurrent Roots JNIHandles                   0.006 / 0.023         0.047 / 0.551         0.047 / 0.551         0.047 / 0.551       ms
[460.170s][info   ][gc,stats    ]    Subphase: Concurrent Roots Setup                        0.090 / 0.090         0.302 / 1.622         0.302 / 1.622         0.302 / 1.622       ms
[460.170s][info   ][gc,stats    ]    Subphase: Concurrent Roots Teardown                     0.001 / 0.001         0.001 / 0.001         0.001 / 0.001         0.001 / 0.001       ms
[460.170s][info   ][gc,stats    ]    Subphase: Concurrent Weak Roots                         0.158 / 0.181         0.281 / 1.376         0.281 / 1.376         0.281 / 1.376       ms
[460.170s][info   ][gc,stats    ]    Subphase: Concurrent Weak Roots JNIWeakHandles          0.003 / 0.009         0.003 / 0.073         0.003 / 0.073         0.003 / 0.073       ms
[460.170s][info   ][gc,stats    ]    Subphase: Concurrent Weak Roots StringTable             0.130 / 0.149         0.254 / 1.327         0.254 / 1.327         0.254 / 1.327       ms
[460.170s][info   ][gc,stats    ]    Subphase: Concurrent Weak Roots VMWeakHandles           0.023 / 0.036         0.023 / 0.052         0.023 / 0.052         0.023 / 0.052       ms
[460.170s][info   ][gc,stats    ]    Subphase: Pause Mark Try Complete                       0.153 / 0.327         0.208 / 1.009         0.208 / 1.009         0.208 / 1.009       ms
[460.170s][info   ][gc,stats    ]    Subphase: Pause Roots                                   0.032 / 0.120         0.053 / 1.060         0.053 / 1.060         0.053 / 1.060       ms
[460.170s][info   ][gc,stats    ]    Subphase: Pause Roots CodeCache                         0.000 / 0.000         0.000 / 0.000         0.000 / 0.000         0.000 / 0.000       ms
[460.170s][info   ][gc,stats    ]    Subphase: Pause Roots JVMTIExport                       0.001 / 0.001         0.002 / 0.017         0.002 / 0.017         0.002 / 0.017       ms
[460.170s][info   ][gc,stats    ]    Subphase: Pause Roots JVMTIWeakExport                   0.001 / 0.001         0.001 / 0.002         0.001 / 0.002         0.001 / 0.002       ms
[460.170s][info   ][gc,stats    ]    Subphase: Pause Roots Management                        0.003 / 0.003         0.016 / 0.430         0.016 / 0.430         0.016 / 0.430       ms
[460.170s][info   ][gc,stats    ]    Subphase: Pause Roots ObjectSynchronizer                0.001 / 0.001         0.001 / 0.011         0.001 / 0.011         0.001 / 0.011       ms
[460.170s][info   ][gc,stats    ]    Subphase: Pause Roots Setup                             0.001 / 0.001         0.001 / 0.002         0.001 / 0.002         0.001 / 0.002       ms
[460.170s][info   ][gc,stats    ]    Subphase: Pause Roots SystemDictionary                  0.013 / 0.014         0.057 / 0.734         0.057 / 0.734         0.057 / 0.734       ms
[460.170s][info   ][gc,stats    ]    Subphase: Pause Roots Teardown                          0.005 / 0.008         0.004 / 0.009         0.004 / 0.009         0.004 / 0.009       ms
[460.170s][info   ][gc,stats    ]    Subphase: Pause Roots Threads                           0.040 / 0.118         0.064 / 1.042         0.064 / 1.042         0.064 / 1.042       ms
[460.170s][info   ][gc,stats    ]    Subphase: Pause Roots Universe                          0.006 / 0.010         0.023 / 0.626         0.023 / 0.626         0.023 / 0.626       ms
[460.170s][info   ][gc,stats    ]    Subphase: Pause Weak Roots                              0.001 / 0.005         0.001 / 0.007         0.001 / 0.007         0.001 / 0.007       ms
[460.170s][info   ][gc,stats    ]    Subphase: Pause Weak Roots JFRWeak                      0.001 / 0.001         0.001 / 0.001         0.001 / 0.001         0.001 / 0.001       ms
[460.170s][info   ][gc,stats    ]    Subphase: Pause Weak Roots JVMTIWeakExport              0.001 / 0.001         0.001 / 0.002         0.001 / 0.002         0.001 / 0.002       ms
[460.170s][info   ][gc,stats    ]    Subphase: Pause Weak Roots Setup                        0.001 / 0.001         0.001 / 0.001         0.001 / 0.001         0.001 / 0.001       ms
[460.170s][info   ][gc,stats    ]    Subphase: Pause Weak Roots Teardown                     0.002 / 0.002         0.001 / 0.004         0.001 / 0.004         0.001 / 0.004       ms
[460.170s][info   ][gc,stats    ]      System: Java Threads                                     62 / 62               58 / 65               58 / 65               58 / 65          threads
[460.170s][info   ][gc,stats    ] =========================================================================================================================================================
[467.170s][info   ][gc,start    ] GC(21) Garbage Collection (Proactive)
[467.170s][info   ][gc,phases   ] GC(21) Pause Mark Start 0.182ms
[467.357s][info   ][gc,phases   ] GC(21) Concurrent Mark 186.912ms
[467.358s][info   ][gc,phases   ] GC(21) Pause Mark End 0.609ms
[467.360s][info   ][gc,phases   ] GC(21) Concurrent Process Non-Strong References 1.635ms
[467.361s][info   ][gc,phases   ] GC(21) Concurrent Reset Relocation Set 1.162ms
[467.361s][info   ][gc,phases   ] GC(21) Concurrent Destroy Detached Pages 0.001ms
[467.363s][info   ][gc,phases   ] GC(21) Concurrent Select Relocation Set 2.225ms
[467.374s][info   ][gc,phases   ] GC(21) Concurrent Prepare Relocation Set 10.970ms
[467.375s][info   ][gc,phases   ] GC(21) Pause Relocate Start 0.243ms
[467.473s][info   ][gc,phases   ] GC(21) Concurrent Relocate 98.049ms
[467.473s][info   ][gc,load     ] GC(21) Load: 4.14/2.85/1.42
[467.473s][info   ][gc,mmu      ] GC(21) MMU: 2ms/30.0%, 5ms/69.9%, 10ms/81.7%, 20ms/87.7%, 50ms/95.1%, 100ms/97.5%
[467.473s][info   ][gc,marking  ] GC(21) Mark: 8 stripe(s), 10 proactive flush(es), 2 terminate flush(es), 1 completion(s), 0 continuation(s) 
[467.473s][info   ][gc,reloc    ] GC(21) Relocation: Successful, 1415M relocated
[467.473s][info   ][gc,nmethod  ] GC(21) NMethods: 5594 registered, 1143 unregistered
[467.473s][info   ][gc,metaspace] GC(21) Metaspace: 40M used, 41M capacity, 41M committed, 42M reserved
[467.473s][info   ][gc,ref      ] GC(21) Soft: 3327 encountered, 0 discovered, 0 enqueued
[467.473s][info   ][gc,ref      ] GC(21) Weak: 1530 encountered, 538 discovered, 0 enqueued
[467.473s][info   ][gc,ref      ] GC(21) Final: 30 encountered, 3 discovered, 3 enqueued
[467.473s][info   ][gc,ref      ] GC(21) Phantom: 120 encountered, 87 discovered, 0 enqueued
[467.473s][info   ][gc,heap     ] GC(21)                Mark Start          Mark End        Relocate Start      Relocate End           High               Low         
[467.473s][info   ][gc,heap     ] GC(21)  Capacity:    30390M (30%)       30390M (30%)       30390M (30%)       30390M (30%)       30390M (30%)       30390M (30%)    
[467.473s][info   ][gc,heap     ] GC(21)   Reserve:       80M (0%)           80M (0%)           80M (0%)           80M (0%)           80M (0%)           80M (0%)     
[467.473s][info   ][gc,heap     ] GC(21)      Free:    86274M (86%)       86114M (86%)       89688M (89%)       96310M (96%)       96310M (96%)       86112M (86%)    
[467.473s][info   ][gc,heap     ] GC(21)      Used:    13998M (14%)       14158M (14%)       10584M (11%)        3962M (4%)        14160M (14%)        3962M (4%)     
[467.473s][info   ][gc,heap     ] GC(21)      Live:         -              3511M (3%)         3511M (3%)         3511M (3%)             -                  -          
[467.473s][info   ][gc,heap     ] GC(21) Allocated:         -               160M (0%)          172M (0%)         1560M (2%)             -                  -          
[467.473s][info   ][gc,heap     ] GC(21)   Garbage:         -             10486M (10%)        6900M (7%)          230M (0%)             -                  -          
[467.473s][info   ][gc,heap     ] GC(21) Reclaimed:         -                  -              3586M (4%)        10256M (10%)            -                  -          
[467.473s][info   ][gc          ] GC(21) Garbage Collection (Proactive) 13998M(14%)->3962M(4%)
[470.169s][info   ][gc,stats    ] === Garbage Collection Statistics =======================================================================================================================
[470.169s][info   ][gc,stats    ]                                                              Last 10s              Last 10m              Last 10h                Total
[470.169s][info   ][gc,stats    ]                                                              Avg / Max             Avg / Max             Avg / Max             Avg / Max
[470.169s][info   ][gc,stats    ]   Collector: Garbage Collection Cycle                    303.008 / 303.008     332.319 / 515.532     332.319 / 515.532     332.319 / 515.532     ms
[470.169s][info   ][gc,stats    ]  Contention: Mark Segment Reset Contention                    21 / 211              17 / 850              17 / 850              17 / 850         ops/s
[470.169s][info   ][gc,stats    ]  Contention: Mark SeqNum Reset Contention                      0 / 0                 0 / 9                 0 / 9                 0 / 9           ops/s
[470.169s][info   ][gc,stats    ]  Contention: Relocation Contention                             0 / 5                 0 / 38                0 / 38                0 / 38          ops/s
[470.169s][info   ][gc,stats    ]    Critical: Allocation Stall                              0.000 / 0.000         0.000 / 0.000         0.000 / 0.000         0.000 / 0.000       ms
[470.169s][info   ][gc,stats    ]    Critical: Allocation Stall                                  0 / 0                 0 / 0                 0 / 0                 0 / 0           ops/s
[470.169s][info   ][gc,stats    ]    Critical: GC Locker Stall                               0.000 / 0.000         0.000 / 0.000         0.000 / 0.000         0.000 / 0.000       ms
[470.169s][info   ][gc,stats    ]    Critical: GC Locker Stall                                   0 / 0                 0 / 0                 0 / 0                 0 / 0           ops/s
[470.169s][info   ][gc,stats    ]      Memory: Allocation Rate                                 624 / 710             617 / 1436            617 / 1436            617 / 1436        MB/s
[470.169s][info   ][gc,stats    ]      Memory: Heap Used After Mark                          14158 / 14158         16484 / 30288         16484 / 30288         16484 / 30288       MB
[470.169s][info   ][gc,stats    ]      Memory: Heap Used After Relocation                     3962 / 3962           3639 / 4228           3639 / 4228           3639 / 4228        MB
[470.169s][info   ][gc,stats    ]      Memory: Heap Used Before Mark                         13998 / 13998         16308 / 30112         16308 / 30112         16308 / 30112       MB
[470.169s][info   ][gc,stats    ]      Memory: Heap Used Before Relocation                   10584 / 10584         11628 / 20378         11628 / 20378         11628 / 20378       MB
[470.169s][info   ][gc,stats    ]      Memory: Out Of Memory                                     0 / 0                 0 / 0                 0 / 0                 0 / 0           ops/s
[470.169s][info   ][gc,stats    ]      Memory: Page Cache Flush                                  0 / 0                 0 / 0                 0 / 0                 0 / 0           MB/s
[470.169s][info   ][gc,stats    ]      Memory: Page Cache Hit L1                               366 / 1003            300 / 1642            300 / 1642            300 / 1642        ops/s
[470.169s][info   ][gc,stats    ]      Memory: Page Cache Hit L2                                 0 / 0                 1 / 179               1 / 179               1 / 179         ops/s
[470.169s][info   ][gc,stats    ]      Memory: Page Cache Miss                                   0 / 0                31 / 341              31 / 341              31 / 341         ops/s
[470.169s][info   ][gc,stats    ]      Memory: Undo Object Allocation Failed                     0 / 0                 0 / 0                 0 / 0                 0 / 0           ops/s
[470.169s][info   ][gc,stats    ]      Memory: Undo Object Allocation Succeeded                  0 / 5                 0 / 38                0 / 38                0 / 38          ops/s
[470.169s][info   ][gc,stats    ]      Memory: Undo Page Allocation                              0 / 0                 0 / 69                0 / 69                0 / 69          ops/s
[470.169s][info   ][gc,stats    ]       Phase: Concurrent Destroy Detached Pages             0.001 / 0.001         0.001 / 0.001         0.001 / 0.001         0.001 / 0.001       ms
[470.169s][info   ][gc,stats    ]       Phase: Concurrent Mark                             186.912 / 186.912     196.598 / 275.553     196.598 / 275.553     196.598 / 275.553     ms
[470.169s][info   ][gc,stats    ]       Phase: Concurrent Mark Continue                      0.000 / 0.000         1.416 / 1.416         1.416 / 1.416         1.416 / 1.416       ms
[470.169s][info   ][gc,stats    ]       Phase: Concurrent Prepare Relocation Set            10.970 / 10.970       29.060 / 89.649       29.060 / 89.649       29.060 / 89.649      ms
[470.170s][info   ][gc,stats    ]       Phase: Concurrent Process Non-Strong References      1.635 / 1.635         3.299 / 19.270        3.299 / 19.270        3.299 / 19.270      ms
[470.170s][info   ][gc,stats    ]       Phase: Concurrent Relocate                          98.049 / 98.049       93.435 / 165.671      93.435 / 165.671      93.435 / 165.671     ms
[470.170s][info   ][gc,stats    ]       Phase: Concurrent Reset Relocation Set               1.162 / 1.162         3.142 / 14.653        3.142 / 14.653        3.142 / 14.653      ms
[470.170s][info   ][gc,stats    ]       Phase: Concurrent Select Relocation Set              2.225 / 2.225         4.149 / 12.148        4.149 / 12.148        4.149 / 12.148      ms
[470.170s][info   ][gc,stats    ]       Phase: Pause Mark End                                0.609 / 0.609         0.774 / 1.253         0.774 / 1.253         0.774 / 1.253       ms
[470.170s][info   ][gc,stats    ]       Phase: Pause Mark Start                              0.182 / 0.182         0.390 / 1.400         0.390 / 1.400         0.390 / 1.400       ms
[470.170s][info   ][gc,stats    ]       Phase: Pause Relocate Start                          0.243 / 0.243         0.240 / 1.025         0.240 / 1.025         0.240 / 1.025       ms
[470.170s][info   ][gc,stats    ]       Phase: Pause Verify                                  0.000 / 0.000         0.000 / 0.000         0.000 / 0.000         0.000 / 0.000       ms
[470.170s][info   ][gc,stats    ]    Subphase: Concurrent Classes Unload                     1.348 / 1.348         2.847 / 18.723        2.847 / 18.723        2.847 / 18.723      ms
[470.170s][info   ][gc,stats    ]    Subphase: Concurrent Mark                             185.811 / 186.209     186.399 / 273.889     186.399 / 273.889     186.399 / 273.889     ms
[470.170s][info   ][gc,stats    ]    Subphase: Concurrent Mark Idle                          1.141 / 1.183         1.139 / 1.365         1.139 / 1.365         1.139 / 1.365       ms
[470.170s][info   ][gc,stats    ]    Subphase: Concurrent Mark Try Flush                     0.060 / 0.113         0.082 / 0.545         0.082 / 0.545         0.082 / 0.545       ms
[470.170s][info   ][gc,stats    ]    Subphase: Concurrent Mark Try Terminate                 1.138 / 1.188         1.137 / 1.367         1.137 / 1.367         1.137 / 1.367       ms
[470.170s][info   ][gc,stats    ]    Subphase: Concurrent References Enqueue                 0.005 / 0.005         0.005 / 0.008         0.005 / 0.008         0.005 / 0.008       ms
[470.170s][info   ][gc,stats    ]    Subphase: Concurrent References Process                 0.063 / 0.063         0.081 / 0.140         0.081 / 0.140         0.081 / 0.140       ms
[470.170s][info   ][gc,stats    ]    Subphase: Concurrent Roots                              0.062 / 0.414         0.109 / 2.807         0.109 / 2.807         0.109 / 2.807       ms
[470.170s][info   ][gc,stats    ]    Subphase: Concurrent Roots ClassLoaderDataGraph         0.061 / 0.412         0.099 / 2.804         0.099 / 2.804         0.099 / 2.804       ms
[470.170s][info   ][gc,stats    ]    Subphase: Concurrent Roots JNIHandles                   0.008 / 0.011         0.045 / 0.551         0.045 / 0.551         0.045 / 0.551       ms
[470.170s][info   ][gc,stats    ]    Subphase: Concurrent Roots Setup                        0.088 / 0.088         0.292 / 1.622         0.292 / 1.622         0.292 / 1.622       ms
[470.170s][info   ][gc,stats    ]    Subphase: Concurrent Roots Teardown                     0.001 / 0.001         0.001 / 0.001         0.001 / 0.001         0.001 / 0.001       ms
[470.170s][info   ][gc,stats    ]    Subphase: Concurrent Weak Roots                         0.165 / 0.182         0.276 / 1.376         0.276 / 1.376         0.276 / 1.376       ms
[470.170s][info   ][gc,stats    ]    Subphase: Concurrent Weak Roots JNIWeakHandles          0.002 / 0.004         0.003 / 0.073         0.003 / 0.073         0.003 / 0.073       ms
[470.170s][info   ][gc,stats    ]    Subphase: Concurrent Weak Roots StringTable             0.141 / 0.148         0.249 / 1.327         0.249 / 1.327         0.249 / 1.327       ms
[470.170s][info   ][gc,stats    ]    Subphase: Concurrent Weak Roots VMWeakHandles           0.022 / 0.037         0.023 / 0.052         0.023 / 0.052         0.023 / 0.052       ms
[470.170s][info   ][gc,stats    ]    Subphase: Pause Mark Try Complete                       0.197 / 0.371         0.207 / 1.009         0.207 / 1.009         0.207 / 1.009       ms
[470.170s][info   ][gc,stats    ]    Subphase: Pause Roots                                   0.034 / 0.189         0.053 / 1.060         0.053 / 1.060         0.053 / 1.060       ms
[470.170s][info   ][gc,stats    ]    Subphase: Pause Roots CodeCache                         0.000 / 0.000         0.000 / 0.000         0.000 / 0.000         0.000 / 0.000       ms
[470.170s][info   ][gc,stats    ]    Subphase: Pause Roots JVMTIExport                       0.001 / 0.001         0.002 / 0.017         0.002 / 0.017         0.002 / 0.017       ms
[470.170s][info   ][gc,stats    ]    Subphase: Pause Roots JVMTIWeakExport                   0.002 / 0.002         0.001 / 0.002         0.001 / 0.002         0.001 / 0.002       ms
[470.170s][info   ][gc,stats    ]    Subphase: Pause Roots Management                        0.009 / 0.014         0.015 / 0.430         0.015 / 0.430         0.015 / 0.430       ms
[470.170s][info   ][gc,stats    ]    Subphase: Pause Roots ObjectSynchronizer                0.001 / 0.001         0.001 / 0.011         0.001 / 0.011         0.001 / 0.011       ms
[470.170s][info   ][gc,stats    ]    Subphase: Pause Roots Setup                             0.001 / 0.001         0.001 / 0.002         0.001 / 0.002         0.001 / 0.002       ms
[470.170s][info   ][gc,stats    ]    Subphase: Pause Roots SystemDictionary                  0.044 / 0.070         0.056 / 0.734         0.056 / 0.734         0.056 / 0.734       ms
[470.170s][info   ][gc,stats    ]    Subphase: Pause Roots Teardown                          0.003 / 0.005         0.004 / 0.009         0.004 / 0.009         0.004 / 0.009       ms
[470.170s][info   ][gc,stats    ]    Subphase: Pause Roots Threads                           0.038 / 0.186         0.063 / 1.042         0.063 / 1.042         0.063 / 1.042       ms
[470.170s][info   ][gc,stats    ]    Subphase: Pause Roots Universe                          0.007 / 0.007         0.022 / 0.626         0.022 / 0.626         0.022 / 0.626       ms
[470.170s][info   ][gc,stats    ]    Subphase: Pause Weak Roots                              0.001 / 0.005         0.001 / 0.007         0.001 / 0.007         0.001 / 0.007       ms
[470.170s][info   ][gc,stats    ]    Subphase: Pause Weak Roots JFRWeak                      0.001 / 0.001         0.001 / 0.001         0.001 / 0.001         0.001 / 0.001       ms
[470.170s][info   ][gc,stats    ]    Subphase: Pause Weak Roots JVMTIWeakExport              0.001 / 0.001         0.001 / 0.002         0.001 / 0.002         0.001 / 0.002       ms
[470.170s][info   ][gc,stats    ]    Subphase: Pause Weak Roots Setup                        0.001 / 0.001         0.001 / 0.001         0.001 / 0.001         0.001 / 0.001       ms
[470.170s][info   ][gc,stats    ]    Subphase: Pause Weak Roots Teardown                     0.001 / 0.001         0.001 / 0.004         0.001 / 0.004         0.001 / 0.004       ms
[470.170s][info   ][gc,stats    ]      System: Java Threads                                     62 / 62               58 / 65               58 / 65               58 / 65          threads
[470.170s][info   ][gc,stats    ] =========================================================================================================================================================
[480.170s][info   ][gc,stats    ] === Garbage Collection Statistics =======================================================================================================================
[480.170s][info   ][gc,stats    ]                                                              Last 10s              Last 10m              Last 10h                Total
[480.170s][info   ][gc,stats    ]                                                              Avg / Max             Avg / Max             Avg / Max             Avg / Max
[480.170s][info   ][gc,stats    ]   Collector: Garbage Collection Cycle                      0.000 / 0.000       332.319 / 515.532     332.319 / 515.532     332.319 / 515.532     ms
[480.170s][info   ][gc,stats    ]  Contention: Mark Segment Reset Contention                     0 / 0                17 / 850              17 / 850              17 / 850         ops/s
[480.170s][info   ][gc,stats    ]  Contention: Mark SeqNum Reset Contention                      0 / 0                 0 / 9                 0 / 9                 0 / 9           ops/s
[480.170s][info   ][gc,stats    ]  Contention: Relocation Contention                             0 / 0                 0 / 38                0 / 38                0 / 38          ops/s
[480.170s][info   ][gc,stats    ]    Critical: Allocation Stall                              0.000 / 0.000         0.000 / 0.000         0.000 / 0.000         0.000 / 0.000       ms
[480.170s][info   ][gc,stats    ]    Critical: Allocation Stall                                  0 / 0                 0 / 0                 0 / 0                 0 / 0           ops/s
[480.170s][info   ][gc,stats    ]    Critical: GC Locker Stall                               0.000 / 0.000         0.000 / 0.000         0.000 / 0.000         0.000 / 0.000       ms
[480.170s][info   ][gc,stats    ]    Critical: GC Locker Stall                                   0 / 0                 0 / 0                 0 / 0                 0 / 0           ops/s
[480.170s][info   ][gc,stats    ]      Memory: Allocation Rate                                 629 / 678             617 / 1436            617 / 1436            617 / 1436        MB/s
[480.170s][info   ][gc,stats    ]      Memory: Heap Used After Mark                              0 / 0             16484 / 30288         16484 / 30288         16484 / 30288       MB
[480.170s][info   ][gc,stats    ]      Memory: Heap Used After Relocation                        0 / 0              3639 / 4228           3639 / 4228           3639 / 4228        MB
[480.170s][info   ][gc,stats    ]      Memory: Heap Used Before Mark                             0 / 0             16308 / 30112         16308 / 30112         16308 / 30112       MB
[480.170s][info   ][gc,stats    ]      Memory: Heap Used Before Relocation                       0 / 0             11628 / 20378         11628 / 20378         11628 / 20378       MB
[480.170s][info   ][gc,stats    ]      Memory: Out Of Memory                                     0 / 0                 0 / 0                 0 / 0                 0 / 0           ops/s
[480.170s][info   ][gc,stats    ]      Memory: Page Cache Flush                                  0 / 0                 0 / 0                 0 / 0                 0 / 0           MB/s
[480.170s][info   ][gc,stats    ]      Memory: Page Cache Hit L1                               304 / 324             300 / 1642            300 / 1642            300 / 1642        ops/s
[480.170s][info   ][gc,stats    ]      Memory: Page Cache Hit L2                                 0 / 0                 1 / 179               1 / 179               1 / 179         ops/s
[480.170s][info   ][gc,stats    ]      Memory: Page Cache Miss                                   0 / 0                30 / 341              30 / 341              30 / 341         ops/s
[480.170s][info   ][gc,stats    ]      Memory: Undo Object Allocation Failed                     0 / 0                 0 / 0                 0 / 0                 0 / 0           ops/s
[480.170s][info   ][gc,stats    ]      Memory: Undo Object Allocation Succeeded                  0 / 0                 0 / 38                0 / 38                0 / 38          ops/s
[480.170s][info   ][gc,stats    ]      Memory: Undo Page Allocation                              0 / 0                 0 / 69                0 / 69                0 / 69          ops/s
[480.170s][info   ][gc,stats    ]       Phase: Concurrent Destroy Detached Pages             0.000 / 0.000         0.001 / 0.001         0.001 / 0.001         0.001 / 0.001       ms
[480.170s][info   ][gc,stats    ]       Phase: Concurrent Mark                               0.000 / 0.000       196.598 / 275.553     196.598 / 275.553     196.598 / 275.553     ms
[480.170s][info   ][gc,stats    ]       Phase: Concurrent Mark Continue                      0.000 / 0.000         1.416 / 1.416         1.416 / 1.416         1.416 / 1.416       ms
[480.170s][info   ][gc,stats    ]       Phase: Concurrent Prepare Relocation Set             0.000 / 0.000        29.060 / 89.649       29.060 / 89.649       29.060 / 89.649      ms
[480.170s][info   ][gc,stats    ]       Phase: Concurrent Process Non-Strong References      0.000 / 0.000         3.299 / 19.270        3.299 / 19.270        3.299 / 19.270      ms
[480.170s][info   ][gc,stats    ]       Phase: Concurrent Relocate                           0.000 / 0.000        93.435 / 165.671      93.435 / 165.671      93.435 / 165.671     ms
[480.170s][info   ][gc,stats    ]       Phase: Concurrent Reset Relocation Set               0.000 / 0.000         3.142 / 14.653        3.142 / 14.653        3.142 / 14.653      ms
[480.170s][info   ][gc,stats    ]       Phase: Concurrent Select Relocation Set              0.000 / 0.000         4.149 / 12.148        4.149 / 12.148        4.149 / 12.148      ms
[480.170s][info   ][gc,stats    ]       Phase: Pause Mark End                                0.000 / 0.000         0.774 / 1.253         0.774 / 1.253         0.774 / 1.253       ms
[480.170s][info   ][gc,stats    ]       Phase: Pause Mark Start                              0.000 / 0.000         0.390 / 1.400         0.390 / 1.400         0.390 / 1.400       ms
[480.170s][info   ][gc,stats    ]       Phase: Pause Relocate Start                          0.000 / 0.000         0.240 / 1.025         0.240 / 1.025         0.240 / 1.025       ms
[480.170s][info   ][gc,stats    ]       Phase: Pause Verify                                  0.000 / 0.000         0.000 / 0.000         0.000 / 0.000         0.000 / 0.000       ms
[480.170s][info   ][gc,stats    ]    Subphase: Concurrent Classes Unload                     0.000 / 0.000         2.847 / 18.723        2.847 / 18.723        2.847 / 18.723      ms
[480.170s][info   ][gc,stats    ]    Subphase: Concurrent Mark                               0.000 / 0.000       186.399 / 273.889     186.399 / 273.889     186.399 / 273.889     ms
[480.170s][info   ][gc,stats    ]    Subphase: Concurrent Mark Idle                          0.000 / 0.000         1.139 / 1.365         1.139 / 1.365         1.139 / 1.365       ms
[480.170s][info   ][gc,stats    ]    Subphase: Concurrent Mark Try Flush                     0.000 / 0.000         0.082 / 0.545         0.082 / 0.545         0.082 / 0.545       ms
[480.170s][info   ][gc,stats    ]    Subphase: Concurrent Mark Try Terminate                 0.000 / 0.000         1.137 / 1.367         1.137 / 1.367         1.137 / 1.367       ms
[480.170s][info   ][gc,stats    ]    Subphase: Concurrent References Enqueue                 0.000 / 0.000         0.005 / 0.008         0.005 / 0.008         0.005 / 0.008       ms
[480.170s][info   ][gc,stats    ]    Subphase: Concurrent References Process                 0.000 / 0.000         0.081 / 0.140         0.081 / 0.140         0.081 / 0.140       ms
[480.170s][info   ][gc,stats    ]    Subphase: Concurrent Roots                              0.000 / 0.000         0.109 / 2.807         0.109 / 2.807         0.109 / 2.807       ms
[480.170s][info   ][gc,stats    ]    Subphase: Concurrent Roots ClassLoaderDataGraph         0.000 / 0.000         0.099 / 2.804         0.099 / 2.804         0.099 / 2.804       ms
[480.170s][info   ][gc,stats    ]    Subphase: Concurrent Roots JNIHandles                   0.000 / 0.000         0.045 / 0.551         0.045 / 0.551         0.045 / 0.551       ms
[480.170s][info   ][gc,stats    ]    Subphase: Concurrent Roots Setup                        0.000 / 0.000         0.292 / 1.622         0.292 / 1.622         0.292 / 1.622       ms
[480.170s][info   ][gc,stats    ]    Subphase: Concurrent Roots Teardown                     0.000 / 0.000         0.001 / 0.001         0.001 / 0.001         0.001 / 0.001       ms
[480.170s][info   ][gc,stats    ]    Subphase: Concurrent Weak Roots                         0.000 / 0.000         0.276 / 1.376         0.276 / 1.376         0.276 / 1.376       ms
[480.170s][info   ][gc,stats    ]    Subphase: Concurrent Weak Roots JNIWeakHandles          0.000 / 0.000         0.003 / 0.073         0.003 / 0.073         0.003 / 0.073       ms
[480.170s][info   ][gc,stats    ]    Subphase: Concurrent Weak Roots StringTable             0.000 / 0.000         0.249 / 1.327         0.249 / 1.327         0.249 / 1.327       ms
[480.170s][info   ][gc,stats    ]    Subphase: Concurrent Weak Roots VMWeakHandles           0.000 / 0.000         0.023 / 0.052         0.023 / 0.052         0.023 / 0.052       ms
[480.170s][info   ][gc,stats    ]    Subphase: Pause Mark Try Complete                       0.000 / 0.000         0.207 / 1.009         0.207 / 1.009         0.207 / 1.009       ms
[480.170s][info   ][gc,stats    ]    Subphase: Pause Roots                                   0.000 / 0.000         0.053 / 1.060         0.053 / 1.060         0.053 / 1.060       ms
[480.170s][info   ][gc,stats    ]    Subphase: Pause Roots CodeCache                         0.000 / 0.000         0.000 / 0.000         0.000 / 0.000         0.000 / 0.000       ms
[480.170s][info   ][gc,stats    ]    Subphase: Pause Roots JVMTIExport                       0.000 / 0.000         0.002 / 0.017         0.002 / 0.017         0.002 / 0.017       ms
[480.170s][info   ][gc,stats    ]    Subphase: Pause Roots JVMTIWeakExport                   0.000 / 0.000         0.001 / 0.002         0.001 / 0.002         0.001 / 0.002       ms
[480.170s][info   ][gc,stats    ]    Subphase: Pause Roots Management                        0.000 / 0.000         0.015 / 0.430         0.015 / 0.430         0.015 / 0.430       ms
[480.170s][info   ][gc,stats    ]    Subphase: Pause Roots ObjectSynchronizer                0.000 / 0.000         0.001 / 0.011         0.001 / 0.011         0.001 / 0.011       ms
[480.170s][info   ][gc,stats    ]    Subphase: Pause Roots Setup                             0.000 / 0.000         0.001 / 0.002         0.001 / 0.002         0.001 / 0.002       ms
[480.170s][info   ][gc,stats    ]    Subphase: Pause Roots SystemDictionary                  0.000 / 0.000         0.056 / 0.734         0.056 / 0.734         0.056 / 0.734       ms
[480.170s][info   ][gc,stats    ]    Subphase: Pause Roots Teardown                          0.000 / 0.000         0.004 / 0.009         0.004 / 0.009         0.004 / 0.009       ms
[480.170s][info   ][gc,stats    ]    Subphase: Pause Roots Threads                           0.000 / 0.000         0.063 / 1.042         0.063 / 1.042         0.063 / 1.042       ms
[480.170s][info   ][gc,stats    ]    Subphase: Pause Roots Universe                          0.000 / 0.000         0.022 / 0.626         0.022 / 0.626         0.022 / 0.626       ms
[480.170s][info   ][gc,stats    ]    Subphase: Pause Weak Roots                              0.000 / 0.000         0.001 / 0.007         0.001 / 0.007         0.001 / 0.007       ms
[480.170s][info   ][gc,stats    ]    Subphase: Pause Weak Roots JFRWeak                      0.000 / 0.000         0.001 / 0.001         0.001 / 0.001         0.001 / 0.001       ms
[480.170s][info   ][gc,stats    ]    Subphase: Pause Weak Roots JVMTIWeakExport              0.000 / 0.000         0.001 / 0.002         0.001 / 0.002         0.001 / 0.002       ms
[480.170s][info   ][gc,stats    ]    Subphase: Pause Weak Roots Setup                        0.000 / 0.000         0.001 / 0.001         0.001 / 0.001         0.001 / 0.001       ms
[480.170s][info   ][gc,stats    ]    Subphase: Pause Weak Roots Teardown                     0.000 / 0.000         0.001 / 0.004         0.001 / 0.004         0.001 / 0.004       ms
[480.170s][info   ][gc,stats    ]      System: Java Threads                                      0 / 0                58 / 65               58 / 65               58 / 65          threads
[480.170s][info   ][gc,stats    ] =========================================================================================================================================================
[483.570s][info   ][gc,start    ] GC(22) Garbage Collection (Proactive)
[483.571s][info   ][gc,phases   ] GC(22) Pause Mark Start 0.332ms
[483.774s][info   ][gc,phases   ] GC(22) Concurrent Mark 203.119ms
[483.775s][info   ][gc,phases   ] GC(22) Pause Mark End 0.652ms
[483.777s][info   ][gc,phases   ] GC(22) Concurrent Process Non-Strong References 1.910ms
[483.778s][info   ][gc,phases   ] GC(22) Concurrent Reset Relocation Set 1.477ms
[483.778s][info   ][gc,phases   ] GC(22) Concurrent Destroy Detached Pages 0.001ms
[483.781s][info   ][gc,phases   ] GC(22) Concurrent Select Relocation Set 3.165ms
[483.795s][info   ][gc,phases   ] GC(22) Concurrent Prepare Relocation Set 13.137ms
[483.795s][info   ][gc,phases   ] GC(22) Pause Relocate Start 0.205ms
[483.901s][info   ][gc,phases   ] GC(22) Concurrent Relocate 105.400ms
[483.901s][info   ][gc,load     ] GC(22) Load: 4.52/3.02/1.51
[483.901s][info   ][gc,mmu      ] GC(22) MMU: 2ms/30.0%, 5ms/69.9%, 10ms/81.7%, 20ms/87.7%, 50ms/95.1%, 100ms/97.5%
[483.901s][info   ][gc,marking  ] GC(22) Mark: 8 stripe(s), 10 proactive flush(es), 2 terminate flush(es), 1 completion(s), 0 continuation(s) 
[483.901s][info   ][gc,reloc    ] GC(22) Relocation: Successful, 1459M relocated
[483.901s][info   ][gc,nmethod  ] GC(22) NMethods: 5596 registered, 1145 unregistered
[483.901s][info   ][gc,metaspace] GC(22) Metaspace: 40M used, 41M capacity, 41M committed, 42M reserved
[483.901s][info   ][gc,ref      ] GC(22) Soft: 3327 encountered, 0 discovered, 0 enqueued
[483.901s][info   ][gc,ref      ] GC(22) Weak: 1530 encountered, 634 discovered, 0 enqueued
[483.901s][info   ][gc,ref      ] GC(22) Final: 31 encountered, 4 discovered, 4 enqueued
[483.901s][info   ][gc,ref      ] GC(22) Phantom: 120 encountered, 76 discovered, 0 enqueued
[483.901s][info   ][gc,heap     ] GC(22)                Mark Start          Mark End        Relocate Start      Relocate End           High               Low         
[483.901s][info   ][gc,heap     ] GC(22)  Capacity:    30390M (30%)       30390M (30%)       30390M (30%)       30390M (30%)       30390M (30%)       30390M (30%)    
[483.901s][info   ][gc,heap     ] GC(22)   Reserve:       80M (0%)           80M (0%)           80M (0%)           80M (0%)           80M (0%)           80M (0%)     
[483.901s][info   ][gc,heap     ] GC(22)      Free:    86236M (86%)       86068M (86%)       89760M (89%)       96284M (96%)       96284M (96%)       86068M (86%)    
[483.901s][info   ][gc,heap     ] GC(22)      Used:    14036M (14%)       14204M (14%)       10512M (10%)        3988M (4%)        14204M (14%)        3988M (4%)     
[483.901s][info   ][gc,heap     ] GC(22)      Live:         -              3509M (3%)         3509M (3%)         3509M (3%)             -                  -          
[483.901s][info   ][gc,heap     ] GC(22) Allocated:         -               168M (0%)          182M (0%)         1580M (2%)             -                  -          
[483.901s][info   ][gc,heap     ] GC(22)   Garbage:         -             10526M (10%)        6820M (7%)          240M (0%)             -                  -          
[483.901s][info   ][gc,heap     ] GC(22) Reclaimed:         -                  -              3706M (4%)        10286M (10%)            -                  -          
[483.901s][info   ][gc          ] GC(22) Garbage Collection (Proactive) 14036M(14%)->3988M(4%)
[490.170s][info   ][gc,stats    ] === Garbage Collection Statistics =======================================================================================================================
[490.170s][info   ][gc,stats    ]                                                              Last 10s              Last 10m              Last 10h                Total
[490.170s][info   ][gc,stats    ]                                                              Avg / Max             Avg / Max             Avg / Max             Avg / Max
[490.170s][info   ][gc,stats    ]   Collector: Garbage Collection Cycle                    330.603 / 330.603     332.245 / 515.532     332.245 / 515.532     332.245 / 515.532     ms
[490.170s][info   ][gc,stats    ]  Contention: Mark Segment Reset Contention                    37 / 375              17 / 850              17 / 850              17 / 850         ops/s
[490.170s][info   ][gc,stats    ]  Contention: Mark SeqNum Reset Contention                      0 / 0                 0 / 9                 0 / 9                 0 / 9           ops/s
[490.170s][info   ][gc,stats    ]  Contention: Relocation Contention                             0 / 4                 0 / 38                0 / 38                0 / 38          ops/s
[490.170s][info   ][gc,stats    ]    Critical: Allocation Stall                              0.000 / 0.000         0.000 / 0.000         0.000 / 0.000         0.000 / 0.000       ms
[490.170s][info   ][gc,stats    ]    Critical: Allocation Stall                                  0 / 0                 0 / 0                 0 / 0                 0 / 0           ops/s
[490.170s][info   ][gc,stats    ]    Critical: GC Locker Stall                               0.000 / 0.000         0.000 / 0.000         0.000 / 0.000         0.000 / 0.000       ms
[490.170s][info   ][gc,stats    ]    Critical: GC Locker Stall                                   0 / 0                 0 / 0                 0 / 0                 0 / 0           ops/s
[490.170s][info   ][gc,stats    ]      Memory: Allocation Rate                                 596 / 732             617 / 1436            617 / 1436            617 / 1436        MB/s
[490.170s][info   ][gc,stats    ]      Memory: Heap Used After Mark                          14204 / 14204         16385 / 30288         16385 / 30288         16385 / 30288       MB
[490.170s][info   ][gc,stats    ]      Memory: Heap Used After Relocation                     3988 / 3988           3654 / 4228           3654 / 4228           3654 / 4228        MB
[490.170s][info   ][gc,stats    ]      Memory: Heap Used Before Mark                         14036 / 14036         16209 / 30112         16209 / 30112         16209 / 30112       MB
[490.170s][info   ][gc,stats    ]      Memory: Heap Used Before Relocation                   10512 / 10512         11579 / 20378         11579 / 20378         11579 / 20378       MB
[490.170s][info   ][gc,stats    ]      Memory: Out Of Memory                                     0 / 0                 0 / 0                 0 / 0                 0 / 0           ops/s
[490.170s][info   ][gc,stats    ]      Memory: Page Cache Flush                                  0 / 0                 0 / 0                 0 / 0                 0 / 0           MB/s
[490.170s][info   ][gc,stats    ]      Memory: Page Cache Hit L1                               352 / 967             301 / 1642            301 / 1642            301 / 1642        ops/s
[490.170s][info   ][gc,stats    ]      Memory: Page Cache Hit L2                                 0 / 0                 1 / 179               1 / 179               1 / 179         ops/s
[490.170s][info   ][gc,stats    ]      Memory: Page Cache Miss                                   0 / 0                29 / 341              29 / 341              29 / 341         ops/s
[490.170s][info   ][gc,stats    ]      Memory: Undo Object Allocation Failed                     0 / 0                 0 / 0                 0 / 0                 0 / 0           ops/s
[490.170s][info   ][gc,stats    ]      Memory: Undo Object Allocation Succeeded                  0 / 4                 0 / 38                0 / 38                0 / 38          ops/s
[490.170s][info   ][gc,stats    ]      Memory: Undo Page Allocation                              0 / 0                 0 / 69                0 / 69                0 / 69          ops/s
[490.170s][info   ][gc,stats    ]       Phase: Concurrent Destroy Detached Pages             0.001 / 0.001         0.001 / 0.001         0.001 / 0.001         0.001 / 0.001       ms
[490.170s][info   ][gc,stats    ]       Phase: Concurrent Mark                             203.119 / 203.119     196.881 / 275.553     196.881 / 275.553     196.881 / 275.553     ms
[490.170s][info   ][gc,stats    ]       Phase: Concurrent Mark Continue                      0.000 / 0.000         1.416 / 1.416         1.416 / 1.416         1.416 / 1.416       ms
[490.170s][info   ][gc,stats    ]       Phase: Concurrent Prepare Relocation Set            13.137 / 13.137       28.368 / 89.649       28.368 / 89.649       28.368 / 89.649      ms
[490.170s][info   ][gc,stats    ]       Phase: Concurrent Process Non-Strong References      1.910 / 1.910         3.239 / 19.270        3.239 / 19.270        3.239 / 19.270      ms
[490.170s][info   ][gc,stats    ]       Phase: Concurrent Relocate                         105.400 / 105.400      93.955 / 165.671      93.955 / 165.671      93.955 / 165.671     ms
[490.170s][info   ][gc,stats    ]       Phase: Concurrent Reset Relocation Set               1.477 / 1.477         3.070 / 14.653        3.070 / 14.653        3.070 / 14.653      ms
[490.170s][info   ][gc,stats    ]       Phase: Concurrent Select Relocation Set              3.165 / 3.165         4.107 / 12.148        4.107 / 12.148        4.107 / 12.148      ms
[490.170s][info   ][gc,stats    ]       Phase: Pause Mark End                                0.652 / 0.652         0.769 / 1.253         0.769 / 1.253         0.769 / 1.253       ms
[490.170s][info   ][gc,stats    ]       Phase: Pause Mark Start                              0.332 / 0.332         0.387 / 1.400         0.387 / 1.400         0.387 / 1.400       ms
[490.170s][info   ][gc,stats    ]       Phase: Pause Relocate Start                          0.205 / 0.205         0.239 / 1.025         0.239 / 1.025         0.239 / 1.025       ms
[490.170s][info   ][gc,stats    ]       Phase: Pause Verify                                  0.000 / 0.000         0.000 / 0.000         0.000 / 0.000         0.000 / 0.000       ms
[490.170s][info   ][gc,stats    ]    Subphase: Concurrent Classes Unload                     1.486 / 1.486         2.788 / 18.723        2.788 / 18.723        2.788 / 18.723      ms
[490.170s][info   ][gc,stats    ]    Subphase: Concurrent Mark                             201.306 / 201.587     187.020 / 273.889     187.020 / 273.889     187.020 / 273.889     ms
[490.170s][info   ][gc,stats    ]    Subphase: Concurrent Mark Idle                          1.139 / 1.180         1.139 / 1.365         1.139 / 1.365         1.139 / 1.365       ms
[490.170s][info   ][gc,stats    ]    Subphase: Concurrent Mark Try Flush                     0.083 / 0.133         0.082 / 0.545         0.082 / 0.545         0.082 / 0.545       ms
[490.170s][info   ][gc,stats    ]    Subphase: Concurrent Mark Try Terminate                 1.138 / 1.183         1.137 / 1.367         1.137 / 1.367         1.137 / 1.367       ms
[490.170s][info   ][gc,stats    ]    Subphase: Concurrent References Enqueue                 0.004 / 0.004         0.005 / 0.008         0.005 / 0.008         0.005 / 0.008       ms
[490.170s][info   ][gc,stats    ]    Subphase: Concurrent References Process                 0.060 / 0.060         0.080 / 0.140         0.080 / 0.140         0.080 / 0.140       ms
[490.170s][info   ][gc,stats    ]    Subphase: Concurrent Roots                              0.106 / 0.885         0.109 / 2.807         0.109 / 2.807         0.109 / 2.807       ms
[490.170s][info   ][gc,stats    ]    Subphase: Concurrent Roots ClassLoaderDataGraph         0.092 / 0.882         0.099 / 2.804         0.099 / 2.804         0.099 / 2.804       ms
[490.170s][info   ][gc,stats    ]    Subphase: Concurrent Roots JNIHandles                   0.030 / 0.051         0.044 / 0.551         0.044 / 0.551         0.044 / 0.551       ms
[490.170s][info   ][gc,stats    ]    Subphase: Concurrent Roots Setup                        0.396 / 0.396         0.296 / 1.622         0.296 / 1.622         0.296 / 1.622       ms
[490.170s][info   ][gc,stats    ]    Subphase: Concurrent Roots Teardown                     0.001 / 0.001         0.001 / 0.001         0.001 / 0.001         0.001 / 0.001       ms
[490.170s][info   ][gc,stats    ]    Subphase: Concurrent Weak Roots                         0.232 / 0.273         0.274 / 1.376         0.274 / 1.376         0.274 / 1.376       ms
[490.170s][info   ][gc,stats    ]    Subphase: Concurrent Weak Roots JNIWeakHandles          0.003 / 0.008         0.003 / 0.073         0.003 / 0.073         0.003 / 0.073       ms
[490.170s][info   ][gc,stats    ]    Subphase: Concurrent Weak Roots StringTable             0.208 / 0.264         0.247 / 1.327         0.247 / 1.327         0.247 / 1.327       ms
[490.170s][info   ][gc,stats    ]    Subphase: Concurrent Weak Roots VMWeakHandles           0.018 / 0.037         0.023 / 0.052         0.023 / 0.052         0.023 / 0.052       ms
[490.170s][info   ][gc,stats    ]    Subphase: Pause Mark Try Complete                       0.157 / 0.347         0.205 / 1.009         0.205 / 1.009         0.205 / 1.009       ms
[490.170s][info   ][gc,stats    ]    Subphase: Pause Roots                                   0.044 / 0.162         0.052 / 1.060         0.052 / 1.060         0.052 / 1.060       ms
[490.170s][info   ][gc,stats    ]    Subphase: Pause Roots CodeCache                         0.000 / 0.000         0.000 / 0.000         0.000 / 0.000         0.000 / 0.000       ms
[490.170s][info   ][gc,stats    ]    Subphase: Pause Roots JVMTIExport                       0.001 / 0.001         0.002 / 0.017         0.002 / 0.017         0.002 / 0.017       ms
[490.170s][info   ][gc,stats    ]    Subphase: Pause Roots JVMTIWeakExport                   0.001 / 0.001         0.001 / 0.002         0.001 / 0.002         0.001 / 0.002       ms
[490.170s][info   ][gc,stats    ]    Subphase: Pause Roots Management                        0.004 / 0.005         0.015 / 0.430         0.015 / 0.430         0.015 / 0.430       ms
[490.170s][info   ][gc,stats    ]    Subphase: Pause Roots ObjectSynchronizer                0.001 / 0.001         0.001 / 0.011         0.001 / 0.011         0.001 / 0.011       ms
[490.170s][info   ][gc,stats    ]    Subphase: Pause Roots Setup                             0.001 / 0.002         0.001 / 0.002         0.001 / 0.002         0.001 / 0.002       ms
[490.170s][info   ][gc,stats    ]    Subphase: Pause Roots SystemDictionary                  0.033 / 0.055         0.055 / 0.734         0.055 / 0.734         0.055 / 0.734       ms
[490.170s][info   ][gc,stats    ]    Subphase: Pause Roots Teardown                          0.004 / 0.005         0.004 / 0.009         0.004 / 0.009         0.004 / 0.009       ms
[490.170s][info   ][gc,stats    ]    Subphase: Pause Roots Threads                           0.065 / 0.152         0.063 / 1.042         0.063 / 1.042         0.063 / 1.042       ms
[490.170s][info   ][gc,stats    ]    Subphase: Pause Roots Universe                          0.009 / 0.012         0.022 / 0.626         0.022 / 0.626         0.022 / 0.626       ms
[490.170s][info   ][gc,stats    ]    Subphase: Pause Weak Roots                              0.001 / 0.005         0.001 / 0.007         0.001 / 0.007         0.001 / 0.007       ms
[490.170s][info   ][gc,stats    ]    Subphase: Pause Weak Roots JFRWeak                      0.001 / 0.001         0.001 / 0.001         0.001 / 0.001         0.001 / 0.001       ms
[490.170s][info   ][gc,stats    ]    Subphase: Pause Weak Roots JVMTIWeakExport              0.001 / 0.001         0.001 / 0.002         0.001 / 0.002         0.001 / 0.002       ms
[490.170s][info   ][gc,stats    ]    Subphase: Pause Weak Roots Setup                        0.001 / 0.001         0.001 / 0.001         0.001 / 0.001         0.001 / 0.001       ms
[490.170s][info   ][gc,stats    ]    Subphase: Pause Weak Roots Teardown                     0.002 / 0.002         0.001 / 0.004         0.001 / 0.004         0.001 / 0.004       ms
[490.170s][info   ][gc,stats    ]      System: Java Threads                                     62 / 62               58 / 65               58 / 65               58 / 65          threads
[490.170s][info   ][gc,stats    ] =========================================================================================================================================================
[500.170s][info   ][gc,stats    ] === Garbage Collection Statistics =======================================================================================================================
[500.170s][info   ][gc,stats    ]                                                              Last 10s              Last 10m              Last 10h                Total
[500.170s][info   ][gc,stats    ]                                                              Avg / Max             Avg / Max             Avg / Max             Avg / Max
[500.170s][info   ][gc,stats    ]   Collector: Garbage Collection Cycle                      0.000 / 0.000       332.245 / 515.532     332.245 / 515.532     332.245 / 515.532     ms
[500.170s][info   ][gc,stats    ]  Contention: Mark Segment Reset Contention                     0 / 0                17 / 850              17 / 850              17 / 850         ops/s
[500.170s][info   ][gc,stats    ]  Contention: Mark SeqNum Reset Contention                      0 / 0                 0 / 9                 0 / 9                 0 / 9           ops/s
[500.170s][info   ][gc,stats    ]  Contention: Relocation Contention                             0 / 0                 0 / 38                0 / 38                0 / 38          ops/s
[500.170s][info   ][gc,stats    ]    Critical: Allocation Stall                              0.000 / 0.000         0.000 / 0.000         0.000 / 0.000         0.000 / 0.000       ms
[500.170s][info   ][gc,stats    ]    Critical: Allocation Stall                                  0 / 0                 0 / 0                 0 / 0                 0 / 0           ops/s
[500.170s][info   ][gc,stats    ]    Critical: GC Locker Stall                               0.000 / 0.000         0.000 / 0.000         0.000 / 0.000         0.000 / 0.000       ms
[500.170s][info   ][gc,stats    ]    Critical: GC Locker Stall                                   0 / 0                 0 / 0                 0 / 0                 0 / 0           ops/s
[500.170s][info   ][gc,stats    ]      Memory: Allocation Rate                                 604 / 648             616 / 1436            616 / 1436            616 / 1436        MB/s
[500.170s][info   ][gc,stats    ]      Memory: Heap Used After Mark                              0 / 0             16385 / 30288         16385 / 30288         16385 / 30288       MB
[500.170s][info   ][gc,stats    ]      Memory: Heap Used After Relocation                        0 / 0              3654 / 4228           3654 / 4228           3654 / 4228        MB
[500.170s][info   ][gc,stats    ]      Memory: Heap Used Before Mark                             0 / 0             16209 / 30112         16209 / 30112         16209 / 30112       MB
[500.170s][info   ][gc,stats    ]      Memory: Heap Used Before Relocation                       0 / 0             11579 / 20378         11579 / 20378         11579 / 20378       MB
[500.170s][info   ][gc,stats    ]      Memory: Out Of Memory                                     0 / 0                 0 / 0                 0 / 0                 0 / 0           ops/s
[500.170s][info   ][gc,stats    ]      Memory: Page Cache Flush                                  0 / 0                 0 / 0                 0 / 0                 0 / 0           MB/s
[500.170s][info   ][gc,stats    ]      Memory: Page Cache Hit L1                               293 / 323             301 / 1642            301 / 1642            301 / 1642        ops/s
[500.170s][info   ][gc,stats    ]      Memory: Page Cache Hit L2                                 0 / 0                 1 / 179               1 / 179               1 / 179         ops/s
[500.170s][info   ][gc,stats    ]      Memory: Page Cache Miss                                   0 / 0                29 / 341              29 / 341              29 / 341         ops/s
[500.170s][info   ][gc,stats    ]      Memory: Undo Object Allocation Failed                     0 / 0                 0 / 0                 0 / 0                 0 / 0           ops/s
[500.170s][info   ][gc,stats    ]      Memory: Undo Object Allocation Succeeded                  0 / 0                 0 / 38                0 / 38                0 / 38          ops/s
[500.170s][info   ][gc,stats    ]      Memory: Undo Page Allocation                              0 / 0                 0 / 69                0 / 69                0 / 69          ops/s
[500.170s][info   ][gc,stats    ]       Phase: Concurrent Destroy Detached Pages             0.000 / 0.000         0.001 / 0.001         0.001 / 0.001         0.001 / 0.001       ms
[500.170s][info   ][gc,stats    ]       Phase: Concurrent Mark                               0.000 / 0.000       196.881 / 275.553     196.881 / 275.553     196.881 / 275.553     ms
[500.170s][info   ][gc,stats    ]       Phase: Concurrent Mark Continue                      0.000 / 0.000         1.416 / 1.416         1.416 / 1.416         1.416 / 1.416       ms
[500.170s][info   ][gc,stats    ]       Phase: Concurrent Prepare Relocation Set             0.000 / 0.000        28.368 / 89.649       28.368 / 89.649       28.368 / 89.649      ms
[500.170s][info   ][gc,stats    ]       Phase: Concurrent Process Non-Strong References      0.000 / 0.000         3.239 / 19.270        3.239 / 19.270        3.239 / 19.270      ms
[500.170s][info   ][gc,stats    ]       Phase: Concurrent Relocate                           0.000 / 0.000        93.955 / 165.671      93.955 / 165.671      93.955 / 165.671     ms
[500.170s][info   ][gc,stats    ]       Phase: Concurrent Reset Relocation Set               0.000 / 0.000         3.070 / 14.653        3.070 / 14.653        3.070 / 14.653      ms
[500.170s][info   ][gc,stats    ]       Phase: Concurrent Select Relocation Set              0.000 / 0.000         4.107 / 12.148        4.107 / 12.148        4.107 / 12.148      ms
[500.170s][info   ][gc,stats    ]       Phase: Pause Mark End                                0.000 / 0.000         0.769 / 1.253         0.769 / 1.253         0.769 / 1.253       ms
[500.170s][info   ][gc,stats    ]       Phase: Pause Mark Start                              0.000 / 0.000         0.387 / 1.400         0.387 / 1.400         0.387 / 1.400       ms
[500.170s][info   ][gc,stats    ]       Phase: Pause Relocate Start                          0.000 / 0.000         0.239 / 1.025         0.239 / 1.025         0.239 / 1.025       ms
[500.170s][info   ][gc,stats    ]       Phase: Pause Verify                                  0.000 / 0.000         0.000 / 0.000         0.000 / 0.000         0.000 / 0.000       ms
[500.170s][info   ][gc,stats    ]    Subphase: Concurrent Classes Unload                     0.000 / 0.000         2.788 / 18.723        2.788 / 18.723        2.788 / 18.723      ms
[500.170s][info   ][gc,stats    ]    Subphase: Concurrent Mark                               0.000 / 0.000       187.020 / 273.889     187.020 / 273.889     187.020 / 273.889     ms
[500.170s][info   ][gc,stats    ]    Subphase: Concurrent Mark Idle                          0.000 / 0.000         1.139 / 1.365         1.139 / 1.365         1.139 / 1.365       ms
[500.170s][info   ][gc,stats    ]    Subphase: Concurrent Mark Try Flush                     0.000 / 0.000         0.082 / 0.545         0.082 / 0.545         0.082 / 0.545       ms
[500.170s][info   ][gc,stats    ]    Subphase: Concurrent Mark Try Terminate                 0.000 / 0.000         1.137 / 1.367         1.137 / 1.367         1.137 / 1.367       ms
[500.170s][info   ][gc,stats    ]    Subphase: Concurrent References Enqueue                 0.000 / 0.000         0.005 / 0.008         0.005 / 0.008         0.005 / 0.008       ms
[500.170s][info   ][gc,stats    ]    Subphase: Concurrent References Process                 0.000 / 0.000         0.080 / 0.140         0.080 / 0.140         0.080 / 0.140       ms
[500.170s][info   ][gc,stats    ]    Subphase: Concurrent Roots                              0.000 / 0.000         0.109 / 2.807         0.109 / 2.807         0.109 / 2.807       ms
[500.170s][info   ][gc,stats    ]    Subphase: Concurrent Roots ClassLoaderDataGraph         0.000 / 0.000         0.099 / 2.804         0.099 / 2.804         0.099 / 2.804       ms
[500.170s][info   ][gc,stats    ]    Subphase: Concurrent Roots JNIHandles                   0.000 / 0.000         0.044 / 0.551         0.044 / 0.551         0.044 / 0.551       ms
[500.171s][info   ][gc,stats    ]    Subphase: Concurrent Roots Setup                        0.000 / 0.000         0.296 / 1.622         0.296 / 1.622         0.296 / 1.622       ms
[500.171s][info   ][gc,stats    ]    Subphase: Concurrent Roots Teardown                     0.000 / 0.000         0.001 / 0.001         0.001 / 0.001         0.001 / 0.001       ms
[500.171s][info   ][gc,stats    ]    Subphase: Concurrent Weak Roots                         0.000 / 0.000         0.274 / 1.376         0.274 / 1.376         0.274 / 1.376       ms
[500.171s][info   ][gc,stats    ]    Subphase: Concurrent Weak Roots JNIWeakHandles          0.000 / 0.000         0.003 / 0.073         0.003 / 0.073         0.003 / 0.073       ms
[500.171s][info   ][gc,stats    ]    Subphase: Concurrent Weak Roots StringTable             0.000 / 0.000         0.247 / 1.327         0.247 / 1.327         0.247 / 1.327       ms
[500.171s][info   ][gc,stats    ]    Subphase: Concurrent Weak Roots VMWeakHandles           0.000 / 0.000         0.023 / 0.052         0.023 / 0.052         0.023 / 0.052       ms
[500.171s][info   ][gc,stats    ]    Subphase: Pause Mark Try Complete                       0.000 / 0.000         0.205 / 1.009         0.205 / 1.009         0.205 / 1.009       ms
[500.171s][info   ][gc,stats    ]    Subphase: Pause Roots                                   0.000 / 0.000         0.052 / 1.060         0.052 / 1.060         0.052 / 1.060       ms
[500.171s][info   ][gc,stats    ]    Subphase: Pause Roots CodeCache                         0.000 / 0.000         0.000 / 0.000         0.000 / 0.000         0.000 / 0.000       ms
[500.171s][info   ][gc,stats    ]    Subphase: Pause Roots JVMTIExport                       0.000 / 0.000         0.002 / 0.017         0.002 / 0.017         0.002 / 0.017       ms
[500.171s][info   ][gc,stats    ]    Subphase: Pause Roots JVMTIWeakExport                   0.000 / 0.000         0.001 / 0.002         0.001 / 0.002         0.001 / 0.002       ms
[500.171s][info   ][gc,stats    ]    Subphase: Pause Roots Management                        0.000 / 0.000         0.015 / 0.430         0.015 / 0.430         0.015 / 0.430       ms
[500.171s][info   ][gc,stats    ]    Subphase: Pause Roots ObjectSynchronizer                0.000 / 0.000         0.001 / 0.011         0.001 / 0.011         0.001 / 0.011       ms
[500.171s][info   ][gc,stats    ]    Subphase: Pause Roots Setup                             0.000 / 0.000         0.001 / 0.002         0.001 / 0.002         0.001 / 0.002       ms
[500.171s][info   ][gc,stats    ]    Subphase: Pause Roots SystemDictionary                  0.000 / 0.000         0.055 / 0.734         0.055 / 0.734         0.055 / 0.734       ms
[500.171s][info   ][gc,stats    ]    Subphase: Pause Roots Teardown                          0.000 / 0.000         0.004 / 0.009         0.004 / 0.009         0.004 / 0.009       ms
[500.171s][info   ][gc,stats    ]    Subphase: Pause Roots Threads                           0.000 / 0.000         0.063 / 1.042         0.063 / 1.042         0.063 / 1.042       ms
[500.171s][info   ][gc,stats    ]    Subphase: Pause Roots Universe                          0.000 / 0.000         0.022 / 0.626         0.022 / 0.626         0.022 / 0.626       ms
[500.171s][info   ][gc,stats    ]    Subphase: Pause Weak Roots                              0.000 / 0.000         0.001 / 0.007         0.001 / 0.007         0.001 / 0.007       ms
[500.171s][info   ][gc,stats    ]    Subphase: Pause Weak Roots JFRWeak                      0.000 / 0.000         0.001 / 0.001         0.001 / 0.001         0.001 / 0.001       ms
[500.171s][info   ][gc,stats    ]    Subphase: Pause Weak Roots JVMTIWeakExport              0.000 / 0.000         0.001 / 0.002         0.001 / 0.002         0.001 / 0.002       ms
[500.171s][info   ][gc,stats    ]    Subphase: Pause Weak Roots Setup                        0.000 / 0.000         0.001 / 0.001         0.001 / 0.001         0.001 / 0.001       ms
[500.171s][info   ][gc,stats    ]    Subphase: Pause Weak Roots Teardown                     0.000 / 0.000         0.001 / 0.004         0.001 / 0.004         0.001 / 0.004       ms
[500.171s][info   ][gc,stats    ]      System: Java Threads                                      0 / 0                58 / 65               58 / 65               58 / 65          threads
[500.171s][info   ][gc,stats    ] =========================================================================================================================================================
[500.970s][info   ][gc,start    ] GC(23) Garbage Collection (Proactive)
[500.970s][info   ][gc,phases   ] GC(23) Pause Mark Start 0.157ms
[501.161s][info   ][gc,phases   ] GC(23) Concurrent Mark 191.350ms
[501.162s][info   ][gc,phases   ] GC(23) Pause Mark End 0.572ms
[501.164s][info   ][gc,phases   ] GC(23) Concurrent Process Non-Strong References 1.553ms
[501.166s][info   ][gc,phases   ] GC(23) Concurrent Reset Relocation Set 1.714ms
[501.166s][info   ][gc,phases   ] GC(23) Concurrent Destroy Detached Pages 0.001ms
[501.168s][info   ][gc,phases   ] GC(23) Concurrent Select Relocation Set 2.300ms
[501.185s][info   ][gc,phases   ] GC(23) Concurrent Prepare Relocation Set 16.902ms
[501.185s][info   ][gc,phases   ] GC(23) Pause Relocate Start 0.169ms
[501.292s][info   ][gc,phases   ] GC(23) Concurrent Relocate 107.082ms
[501.292s][info   ][gc,load     ] GC(23) Load: 3.88/2.96/1.51
[501.292s][info   ][gc,mmu      ] GC(23) MMU: 2ms/30.0%, 5ms/69.9%, 10ms/81.7%, 20ms/87.7%, 50ms/95.1%, 100ms/97.5%
[501.293s][info   ][gc,marking  ] GC(23) Mark: 8 stripe(s), 10 proactive flush(es), 1 terminate flush(es), 1 completion(s), 0 continuation(s) 
[501.293s][info   ][gc,reloc    ] GC(23) Relocation: Successful, 1490M relocated
[501.293s][info   ][gc,nmethod  ] GC(23) NMethods: 5599 registered, 1147 unregistered
[501.293s][info   ][gc,metaspace] GC(23) Metaspace: 40M used, 41M capacity, 41M committed, 42M reserved
[501.293s][info   ][gc,ref      ] GC(23) Soft: 3327 encountered, 0 discovered, 0 enqueued
[501.293s][info   ][gc,ref      ] GC(23) Weak: 1530 encountered, 201 discovered, 0 enqueued
[501.293s][info   ][gc,ref      ] GC(23) Final: 30 encountered, 3 discovered, 3 enqueued
[501.293s][info   ][gc,ref      ] GC(23) Phantom: 120 encountered, 76 discovered, 0 enqueued
[501.293s][info   ][gc,heap     ] GC(23)                Mark Start          Mark End        Relocate Start      Relocate End           High               Low         
[501.293s][info   ][gc,heap     ] GC(23)  Capacity:    30390M (30%)       30390M (30%)       30390M (30%)       30390M (30%)       30390M (30%)       30390M (30%)    
[501.293s][info   ][gc,heap     ] GC(23)   Reserve:       80M (0%)           80M (0%)           80M (0%)           80M (0%)           80M (0%)           80M (0%)     
[501.293s][info   ][gc,heap     ] GC(23)      Free:    86134M (86%)       85956M (86%)       89728M (89%)       96272M (96%)       96274M (96%)       85956M (86%)    
[501.293s][info   ][gc,heap     ] GC(23)      Used:    14138M (14%)       14316M (14%)       10544M (11%)        4000M (4%)        14316M (14%)        3998M (4%)     
[501.293s][info   ][gc,heap     ] GC(23)      Live:         -              3529M (4%)         3529M (4%)         3529M (4%)             -                  -          
[501.293s][info   ][gc,heap     ] GC(23) Allocated:         -               178M (0%)          178M (0%)         1606M (2%)             -                  -          
[501.293s][info   ][gc,heap     ] GC(23)   Garbage:         -             10608M (11%)        6836M (7%)          224M (0%)             -                  -          
[501.293s][info   ][gc,heap     ] GC(23) Reclaimed:         -                  -              3772M (4%)        10384M (10%)            -                  -          
[501.293s][info   ][gc          ] GC(23) Garbage Collection (Proactive) 14138M(14%)->4000M(4%)
[510.170s][info   ][gc,stats    ] === Garbage Collection Statistics =======================================================================================================================
[510.170s][info   ][gc,stats    ]                                                              Last 10s              Last 10m              Last 10h                Total
[510.170s][info   ][gc,stats    ]                                                              Avg / Max             Avg / Max             Avg / Max             Avg / Max
[510.170s][info   ][gc,stats    ]   Collector: Garbage Collection Cycle                    322.811 / 322.811     331.851 / 515.532     331.851 / 515.532     331.851 / 515.532     ms
[510.170s][info   ][gc,stats    ]  Contention: Mark Segment Reset Contention                    24 / 244              17 / 850              17 / 850              17 / 850         ops/s
[510.170s][info   ][gc,stats    ]  Contention: Mark SeqNum Reset Contention                      0 / 0                 0 / 9                 0 / 9                 0 / 9           ops/s
[510.170s][info   ][gc,stats    ]  Contention: Relocation Contention                             0 / 8                 0 / 38                0 / 38                0 / 38          ops/s
[510.170s][info   ][gc,stats    ]    Critical: Allocation Stall                              0.000 / 0.000         0.000 / 0.000         0.000 / 0.000         0.000 / 0.000       ms
[510.170s][info   ][gc,stats    ]    Critical: Allocation Stall                                  0 / 0                 0 / 0                 0 / 0                 0 / 0           ops/s
[510.170s][info   ][gc,stats    ]    Critical: GC Locker Stall                               0.000 / 0.000         0.000 / 0.000         0.000 / 0.000         0.000 / 0.000       ms
[510.170s][info   ][gc,stats    ]    Critical: GC Locker Stall                                   0 / 0                 0 / 0                 0 / 0                 0 / 0           ops/s
[510.170s][info   ][gc,stats    ]      Memory: Allocation Rate                                 632 / 708             617 / 1436            617 / 1436            617 / 1436        MB/s
[510.170s][info   ][gc,stats    ]      Memory: Heap Used After Mark                          14316 / 14316         16299 / 30288         16299 / 30288         16299 / 30288       MB
[510.170s][info   ][gc,stats    ]      Memory: Heap Used After Relocation                     4000 / 4000           3668 / 4228           3668 / 4228           3668 / 4228        MB
[510.170s][info   ][gc,stats    ]      Memory: Heap Used Before Mark                         14138 / 14138         16123 / 30112         16123 / 30112         16123 / 30112       MB
[510.170s][info   ][gc,stats    ]      Memory: Heap Used Before Relocation                   10544 / 10544         11536 / 20378         11536 / 20378         11536 / 20378       MB
[510.170s][info   ][gc,stats    ]      Memory: Out Of Memory                                     0 / 0                 0 / 0                 0 / 0                 0 / 0           ops/s
[510.170s][info   ][gc,stats    ]      Memory: Page Cache Flush                                  0 / 0                 0 / 0                 0 / 0                 0 / 0           MB/s
[510.170s][info   ][gc,stats    ]      Memory: Page Cache Hit L1                               371 / 979             302 / 1642            302 / 1642            302 / 1642        ops/s
[510.170s][info   ][gc,stats    ]      Memory: Page Cache Hit L2                                 0 / 0                 1 / 179               1 / 179               1 / 179         ops/s
[510.170s][info   ][gc,stats    ]      Memory: Page Cache Miss                                   0 / 0                28 / 341              28 / 341              28 / 341         ops/s
[510.170s][info   ][gc,stats    ]      Memory: Undo Object Allocation Failed                     0 / 0                 0 / 0                 0 / 0                 0 / 0           ops/s
[510.170s][info   ][gc,stats    ]      Memory: Undo Object Allocation Succeeded                  0 / 8                 0 / 38                0 / 38                0 / 38          ops/s
[510.170s][info   ][gc,stats    ]      Memory: Undo Page Allocation                              0 / 0                 0 / 69                0 / 69                0 / 69          ops/s
[510.170s][info   ][gc,stats    ]       Phase: Concurrent Destroy Detached Pages             0.001 / 0.001         0.001 / 0.001         0.001 / 0.001         0.001 / 0.001       ms
[510.170s][info   ][gc,stats    ]       Phase: Concurrent Mark                             191.350 / 191.350     196.651 / 275.553     196.651 / 275.553     196.651 / 275.553     ms
[510.170s][info   ][gc,stats    ]       Phase: Concurrent Mark Continue                      0.000 / 0.000         1.416 / 1.416         1.416 / 1.416         1.416 / 1.416       ms
[510.170s][info   ][gc,stats    ]       Phase: Concurrent Prepare Relocation Set            16.902 / 16.902       27.890 / 89.649       27.890 / 89.649       27.890 / 89.649      ms
[510.170s][info   ][gc,stats    ]       Phase: Concurrent Process Non-Strong References      1.553 / 1.553         3.168 / 19.270        3.168 / 19.270        3.168 / 19.270      ms
[510.170s][info   ][gc,stats    ]       Phase: Concurrent Relocate                         107.082 / 107.082      94.502 / 165.671      94.502 / 165.671      94.502 / 165.671     ms
[510.170s][info   ][gc,stats    ]       Phase: Concurrent Reset Relocation Set               1.714 / 1.714         3.013 / 14.653        3.013 / 14.653        3.013 / 14.653      ms
[510.170s][info   ][gc,stats    ]       Phase: Concurrent Select Relocation Set              2.300 / 2.300         4.031 / 12.148        4.031 / 12.148        4.031 / 12.148      ms
[510.170s][info   ][gc,stats    ]       Phase: Pause Mark End                                0.572 / 0.572         0.761 / 1.253         0.761 / 1.253         0.761 / 1.253       ms
[510.170s][info   ][gc,stats    ]       Phase: Pause Mark Start                              0.157 / 0.157         0.378 / 1.400         0.378 / 1.400         0.378 / 1.400       ms
[510.170s][info   ][gc,stats    ]       Phase: Pause Relocate Start                          0.169 / 0.169         0.236 / 1.025         0.236 / 1.025         0.236 / 1.025       ms
[510.170s][info   ][gc,stats    ]       Phase: Pause Verify                                  0.000 / 0.000         0.000 / 0.000         0.000 / 0.000         0.000 / 0.000       ms
[510.170s][info   ][gc,stats    ]    Subphase: Concurrent Classes Unload                     1.280 / 1.280         2.725 / 18.723        2.725 / 18.723        2.725 / 18.723      ms
[510.170s][info   ][gc,stats    ]    Subphase: Concurrent Mark                             190.164 / 190.715     187.146 / 273.889     187.146 / 273.889     187.146 / 273.889     ms
[510.170s][info   ][gc,stats    ]    Subphase: Concurrent Mark Idle                          1.135 / 1.160         1.139 / 1.365         1.139 / 1.365         1.139 / 1.365       ms
[510.170s][info   ][gc,stats    ]    Subphase: Concurrent Mark Try Flush                     0.069 / 0.105         0.081 / 0.545         0.081 / 0.545         0.081 / 0.545       ms
[510.170s][info   ][gc,stats    ]    Subphase: Concurrent Mark Try Terminate                 1.134 / 1.164         1.137 / 1.367         1.137 / 1.367         1.137 / 1.367       ms
[510.170s][info   ][gc,stats    ]    Subphase: Concurrent References Enqueue                 0.003 / 0.003         0.005 / 0.008         0.005 / 0.008         0.005 / 0.008       ms
[510.170s][info   ][gc,stats    ]    Subphase: Concurrent References Process                 0.049 / 0.049         0.079 / 0.140         0.079 / 0.140         0.079 / 0.140       ms
[510.170s][info   ][gc,stats    ]    Subphase: Concurrent Roots                              0.068 / 0.378         0.107 / 2.807         0.107 / 2.807         0.107 / 2.807       ms
[510.170s][info   ][gc,stats    ]    Subphase: Concurrent Roots ClassLoaderDataGraph         0.061 / 0.375         0.097 / 2.804         0.097 / 2.804         0.097 / 2.804       ms
[510.170s][info   ][gc,stats    ]    Subphase: Concurrent Roots JNIHandles                   0.009 / 0.017         0.043 / 0.551         0.043 / 0.551         0.043 / 0.551       ms
[510.170s][info   ][gc,stats    ]    Subphase: Concurrent Roots Setup                        0.088 / 0.088         0.288 / 1.622         0.288 / 1.622         0.288 / 1.622       ms
[510.170s][info   ][gc,stats    ]    Subphase: Concurrent Roots Teardown                     0.001 / 0.001         0.001 / 0.001         0.001 / 0.001         0.001 / 0.001       ms
[510.170s][info   ][gc,stats    ]    Subphase: Concurrent Weak Roots                         0.168 / 0.184         0.269 / 1.376         0.269 / 1.376         0.269 / 1.376       ms
[510.170s][info   ][gc,stats    ]    Subphase: Concurrent Weak Roots JNIWeakHandles          0.004 / 0.008         0.003 / 0.073         0.003 / 0.073         0.003 / 0.073       ms
[510.170s][info   ][gc,stats    ]    Subphase: Concurrent Weak Roots StringTable             0.142 / 0.153         0.243 / 1.327         0.243 / 1.327         0.243 / 1.327       ms
[510.170s][info   ][gc,stats    ]    Subphase: Concurrent Weak Roots VMWeakHandles           0.022 / 0.038         0.023 / 0.052         0.023 / 0.052         0.023 / 0.052       ms
[510.170s][info   ][gc,stats    ]    Subphase: Pause Mark Try Complete                       0.114 / 0.308         0.201 / 1.009         0.201 / 1.009         0.201 / 1.009       ms
[510.170s][info   ][gc,stats    ]    Subphase: Pause Roots                                   0.032 / 0.091         0.051 / 1.060         0.051 / 1.060         0.051 / 1.060       ms
[510.170s][info   ][gc,stats    ]    Subphase: Pause Roots CodeCache                         0.000 / 0.000         0.000 / 0.000         0.000 / 0.000         0.000 / 0.000       ms
[510.170s][info   ][gc,stats    ]    Subphase: Pause Roots JVMTIExport                       0.001 / 0.002         0.002 / 0.017         0.002 / 0.017         0.002 / 0.017       ms
[510.170s][info   ][gc,stats    ]    Subphase: Pause Roots JVMTIWeakExport                   0.001 / 0.001         0.001 / 0.002         0.001 / 0.002         0.001 / 0.002       ms
[510.170s][info   ][gc,stats    ]    Subphase: Pause Roots Management                        0.003 / 0.004         0.014 / 0.430         0.014 / 0.430         0.014 / 0.430       ms
[510.170s][info   ][gc,stats    ]    Subphase: Pause Roots ObjectSynchronizer                0.001 / 0.001         0.001 / 0.011         0.001 / 0.011         0.001 / 0.011       ms
[510.170s][info   ][gc,stats    ]    Subphase: Pause Roots Setup                             0.001 / 0.001         0.001 / 0.002         0.001 / 0.002         0.001 / 0.002       ms
[510.170s][info   ][gc,stats    ]    Subphase: Pause Roots SystemDictionary                  0.013 / 0.013         0.054 / 0.734         0.054 / 0.734         0.054 / 0.734       ms
[510.170s][info   ][gc,stats    ]    Subphase: Pause Roots Teardown                          0.003 / 0.004         0.004 / 0.009         0.004 / 0.009         0.004 / 0.009       ms
[510.170s][info   ][gc,stats    ]    Subphase: Pause Roots Threads                           0.037 / 0.089         0.062 / 1.042         0.062 / 1.042         0.062 / 1.042       ms
[510.170s][info   ][gc,stats    ]    Subphase: Pause Roots Universe                          0.004 / 0.005         0.021 / 0.626         0.021 / 0.626         0.021 / 0.626       ms
[510.170s][info   ][gc,stats    ]    Subphase: Pause Weak Roots                              0.001 / 0.003         0.001 / 0.007         0.001 / 0.007         0.001 / 0.007       ms
[510.170s][info   ][gc,stats    ]    Subphase: Pause Weak Roots JFRWeak                      0.001 / 0.001         0.001 / 0.001         0.001 / 0.001         0.001 / 0.001       ms
[510.170s][info   ][gc,stats    ]    Subphase: Pause Weak Roots JVMTIWeakExport              0.001 / 0.001         0.001 / 0.002         0.001 / 0.002         0.001 / 0.002       ms
[510.170s][info   ][gc,stats    ]    Subphase: Pause Weak Roots Setup                        0.001 / 0.001         0.001 / 0.001         0.001 / 0.001         0.001 / 0.001       ms
[510.170s][info   ][gc,stats    ]    Subphase: Pause Weak Roots Teardown                     0.001 / 0.001         0.001 / 0.004         0.001 / 0.004         0.001 / 0.004       ms
[510.170s][info   ][gc,stats    ]      System: Java Threads                                     62 / 62               59 / 65               59 / 65               59 / 65          threads
[510.170s][info   ][gc,stats    ] =========================================================================================================================================================
[517.870s][info   ][gc,start    ] GC(24) Garbage Collection (Proactive)
[517.870s][info   ][gc,phases   ] GC(24) Pause Mark Start 0.182ms
[518.075s][info   ][gc,phases   ] GC(24) Concurrent Mark 204.919ms
[518.076s][info   ][gc,phases   ] GC(24) Pause Mark End 0.633ms
[518.078s][info   ][gc,phases   ] GC(24) Concurrent Process Non-Strong References 1.666ms
[518.080s][info   ][gc,phases   ] GC(24) Concurrent Reset Relocation Set 2.157ms
[518.080s][info   ][gc,phases   ] GC(24) Concurrent Destroy Detached Pages 0.001ms
[518.092s][info   ][gc,phases   ] GC(24) Concurrent Select Relocation Set 11.393ms
[518.109s][info   ][gc,phases   ] GC(24) Concurrent Prepare Relocation Set 17.840ms
[518.110s][info   ][gc,phases   ] GC(24) Pause Relocate Start 0.169ms
[518.224s][info   ][gc,phases   ] GC(24) Concurrent Relocate 114.161ms
[518.224s][info   ][gc,load     ] GC(24) Load: 3.28/2.88/1.51
[518.224s][info   ][gc,mmu      ] GC(24) MMU: 2ms/30.0%, 5ms/69.9%, 10ms/81.7%, 20ms/87.7%, 50ms/95.1%, 100ms/97.5%
[518.224s][info   ][gc,marking  ] GC(24) Mark: 8 stripe(s), 10 proactive flush(es), 2 terminate flush(es), 1 completion(s), 0 continuation(s) 
[518.224s][info   ][gc,reloc    ] GC(24) Relocation: Successful, 1481M relocated
[518.224s][info   ][gc,nmethod  ] GC(24) NMethods: 5599 registered, 1149 unregistered
[518.224s][info   ][gc,metaspace] GC(24) Metaspace: 40M used, 41M capacity, 41M committed, 42M reserved
[518.224s][info   ][gc,ref      ] GC(24) Soft: 3327 encountered, 0 discovered, 0 enqueued
[518.224s][info   ][gc,ref      ] GC(24) Weak: 1530 encountered, 718 discovered, 0 enqueued
[518.224s][info   ][gc,ref      ] GC(24) Final: 30 encountered, 3 discovered, 3 enqueued
[518.224s][info   ][gc,ref      ] GC(24) Phantom: 120 encountered, 86 discovered, 0 enqueued
[518.224s][info   ][gc,heap     ] GC(24)                Mark Start          Mark End        Relocate Start      Relocate End           High               Low         
[518.224s][info   ][gc,heap     ] GC(24)  Capacity:    30390M (30%)       30390M (30%)       30390M (30%)       30390M (30%)       30390M (30%)       30390M (30%)    
[518.224s][info   ][gc,heap     ] GC(24)   Reserve:       80M (0%)           80M (0%)           80M (0%)           80M (0%)           80M (0%)           80M (0%)     
[518.224s][info   ][gc,heap     ] GC(24)      Free:    85820M (86%)       85652M (85%)       89604M (89%)       96282M (96%)       96282M (96%)       85652M (85%)    
[518.224s][info   ][gc,heap     ] GC(24)      Used:    14452M (14%)       14620M (15%)       10668M (11%)        3990M (4%)        14620M (15%)        3990M (4%)     
[518.224s][info   ][gc,heap     ] GC(24)      Live:         -              3519M (4%)         3519M (4%)         3519M (4%)             -                  -          
[518.224s][info   ][gc,heap     ] GC(24) Allocated:         -               168M (0%)          190M (0%)         1628M (2%)             -                  -          
[518.224s][info   ][gc,heap     ] GC(24)   Garbage:         -             10932M (11%)        6958M (7%)          228M (0%)             -                  -          
[518.224s][info   ][gc,heap     ] GC(24) Reclaimed:         -                  -              3974M (4%)        10704M (11%)            -                  -          
[518.224s][info   ][gc          ] GC(24) Garbage Collection (Proactive) 14452M(14%)->3990M(4%)
[520.169s][info   ][gc,stats    ] === Garbage Collection Statistics =======================================================================================================================
[520.169s][info   ][gc,stats    ]                                                              Last 10s              Last 10m              Last 10h                Total
[520.169s][info   ][gc,stats    ]                                                              Avg / Max             Avg / Max             Avg / Max             Avg / Max
[520.169s][info   ][gc,stats    ]   Collector: Garbage Collection Cycle                    354.075 / 354.075     332.740 / 515.532     332.740 / 515.532     332.740 / 515.532     ms
[520.169s][info   ][gc,stats    ]  Contention: Mark Segment Reset Contention                    25 / 252              17 / 850              17 / 850              17 / 850         ops/s
[520.169s][info   ][gc,stats    ]  Contention: Mark SeqNum Reset Contention                      0 / 1                 0 / 9                 0 / 9                 0 / 9           ops/s
[520.169s][info   ][gc,stats    ]  Contention: Relocation Contention                             0 / 3                 0 / 38                0 / 38                0 / 38          ops/s
[520.169s][info   ][gc,stats    ]    Critical: Allocation Stall                              0.000 / 0.000         0.000 / 0.000         0.000 / 0.000         0.000 / 0.000       ms
[520.169s][info   ][gc,stats    ]    Critical: Allocation Stall                                  0 / 0                 0 / 0                 0 / 0                 0 / 0           ops/s
[520.169s][info   ][gc,stats    ]    Critical: GC Locker Stall                               0.000 / 0.000         0.000 / 0.000         0.000 / 0.000         0.000 / 0.000       ms
[520.169s][info   ][gc,stats    ]    Critical: GC Locker Stall                                   0 / 0                 0 / 0                 0 / 0                 0 / 0           ops/s
[520.169s][info   ][gc,stats    ]      Memory: Allocation Rate                                 640 / 742             617 / 1436            617 / 1436            617 / 1436        MB/s
[520.170s][info   ][gc,stats    ]      Memory: Heap Used After Mark                          14620 / 14620         16231 / 30288         16231 / 30288         16231 / 30288       MB
[520.170s][info   ][gc,stats    ]      Memory: Heap Used After Relocation                     3990 / 3990           3681 / 4228           3681 / 4228           3681 / 4228        MB
[520.170s][info   ][gc,stats    ]      Memory: Heap Used Before Mark                         14452 / 14452         16056 / 30112         16056 / 30112         16056 / 30112       MB
[520.170s][info   ][gc,stats    ]      Memory: Heap Used Before Relocation                   10668 / 10668         11501 / 20378         11501 / 20378         11501 / 20378       MB
[520.170s][info   ][gc,stats    ]      Memory: Out Of Memory                                     0 / 0                 0 / 0                 0 / 0                 0 / 0           ops/s
[520.170s][info   ][gc,stats    ]      Memory: Page Cache Flush                                  0 / 0                 0 / 0                 0 / 0                 0 / 0           MB/s
[520.170s][info   ][gc,stats    ]      Memory: Page Cache Hit L1                               377 / 700             303 / 1642            303 / 1642            303 / 1642        ops/s
[520.170s][info   ][gc,stats    ]      Memory: Page Cache Hit L2                                 0 / 0                 1 / 179               1 / 179               1 / 179         ops/s
[520.170s][info   ][gc,stats    ]      Memory: Page Cache Miss                                   0 / 0                28 / 341              28 / 341              28 / 341         ops/s
[520.170s][info   ][gc,stats    ]      Memory: Undo Object Allocation Failed                     0 / 0                 0 / 0                 0 / 0                 0 / 0           ops/s
[520.170s][info   ][gc,stats    ]      Memory: Undo Object Allocation Succeeded                  0 / 3                 0 / 38                0 / 38                0 / 38          ops/s
[520.170s][info   ][gc,stats    ]      Memory: Undo Page Allocation                              0 / 0                 0 / 69                0 / 69                0 / 69          ops/s
[520.170s][info   ][gc,stats    ]       Phase: Concurrent Destroy Detached Pages             0.001 / 0.001         0.001 / 0.001         0.001 / 0.001         0.001 / 0.001       ms
[520.170s][info   ][gc,stats    ]       Phase: Concurrent Mark                             204.919 / 204.919     196.982 / 275.553     196.982 / 275.553     196.982 / 275.553     ms
[520.170s][info   ][gc,stats    ]       Phase: Concurrent Mark Continue                      0.000 / 0.000         1.416 / 1.416         1.416 / 1.416         1.416 / 1.416       ms
[520.170s][info   ][gc,stats    ]       Phase: Concurrent Prepare Relocation Set            17.840 / 17.840       27.488 / 89.649       27.488 / 89.649       27.488 / 89.649      ms
[520.170s][info   ][gc,stats    ]       Phase: Concurrent Process Non-Strong References      1.666 / 1.666         3.108 / 19.270        3.108 / 19.270        3.108 / 19.270      ms
[520.170s][info   ][gc,stats    ]       Phase: Concurrent Relocate                         114.161 / 114.161      95.288 / 165.671      95.288 / 165.671      95.288 / 165.671     ms
[520.170s][info   ][gc,stats    ]       Phase: Concurrent Reset Relocation Set               2.157 / 2.157         2.979 / 14.653        2.979 / 14.653        2.979 / 14.653      ms
[520.170s][info   ][gc,stats    ]       Phase: Concurrent Select Relocation Set             11.393 / 11.393        4.326 / 12.148        4.326 / 12.148        4.326 / 12.148      ms
[520.170s][info   ][gc,stats    ]       Phase: Pause Mark End                                0.633 / 0.633         0.756 / 1.253         0.756 / 1.253         0.756 / 1.253       ms
[520.170s][info   ][gc,stats    ]       Phase: Pause Mark Start                              0.182 / 0.182         0.370 / 1.400         0.370 / 1.400         0.370 / 1.400       ms
[520.170s][info   ][gc,stats    ]       Phase: Pause Relocate Start                          0.169 / 0.169         0.233 / 1.025         0.233 / 1.025         0.233 / 1.025       ms
[520.170s][info   ][gc,stats    ]       Phase: Pause Verify                                  0.000 / 0.000         0.000 / 0.000         0.000 / 0.000         0.000 / 0.000       ms
[520.170s][info   ][gc,stats    ]    Subphase: Concurrent Classes Unload                     1.351 / 1.351         2.670 / 18.723        2.670 / 18.723        2.670 / 18.723      ms
[520.170s][info   ][gc,stats    ]    Subphase: Concurrent Mark                             203.873 / 204.081     187.789 / 273.889     187.789 / 273.889     187.789 / 273.889     ms
[520.170s][info   ][gc,stats    ]    Subphase: Concurrent Mark Idle                          1.136 / 1.184         1.139 / 1.365         1.139 / 1.365         1.139 / 1.365       ms
[520.170s][info   ][gc,stats    ]    Subphase: Concurrent Mark Try Flush                     0.079 / 0.115         0.081 / 0.545         0.081 / 0.545         0.081 / 0.545       ms
[520.170s][info   ][gc,stats    ]    Subphase: Concurrent Mark Try Terminate                 1.134 / 1.187         1.137 / 1.367         1.137 / 1.367         1.137 / 1.367       ms
[520.170s][info   ][gc,stats    ]    Subphase: Concurrent References Enqueue                 0.006 / 0.006         0.005 / 0.008         0.005 / 0.008         0.005 / 0.008       ms
[520.170s][info   ][gc,stats    ]    Subphase: Concurrent References Process                 0.069 / 0.069         0.078 / 0.140         0.078 / 0.140         0.078 / 0.140       ms
[520.170s][info   ][gc,stats    ]    Subphase: Concurrent Roots                              0.073 / 0.537         0.106 / 2.807         0.106 / 2.807         0.106 / 2.807       ms
[520.170s][info   ][gc,stats    ]    Subphase: Concurrent Roots ClassLoaderDataGraph         0.064 / 0.530         0.096 / 2.804         0.096 / 2.804         0.096 / 2.804       ms
[520.170s][info   ][gc,stats    ]    Subphase: Concurrent Roots JNIHandles                   0.010 / 0.019         0.041 / 0.551         0.041 / 0.551         0.041 / 0.551       ms
[520.170s][info   ][gc,stats    ]    Subphase: Concurrent Roots Setup                        0.132 / 0.132         0.282 / 1.622         0.282 / 1.622         0.282 / 1.622       ms
[520.170s][info   ][gc,stats    ]    Subphase: Concurrent Roots Teardown                     0.001 / 0.001         0.001 / 0.001         0.001 / 0.001         0.001 / 0.001       ms
[520.170s][info   ][gc,stats    ]    Subphase: Concurrent Weak Roots                         0.183 / 0.198         0.266 / 1.376         0.266 / 1.376         0.266 / 1.376       ms
[520.170s][info   ][gc,stats    ]    Subphase: Concurrent Weak Roots JNIWeakHandles          0.002 / 0.005         0.003 / 0.073         0.003 / 0.073         0.003 / 0.073       ms
[520.170s][info   ][gc,stats    ]    Subphase: Concurrent Weak Roots StringTable             0.156 / 0.161         0.239 / 1.327         0.239 / 1.327         0.239 / 1.327       ms
[520.170s][info   ][gc,stats    ]    Subphase: Concurrent Weak Roots VMWeakHandles           0.023 / 0.038         0.023 / 0.052         0.023 / 0.052         0.023 / 0.052       ms
[520.170s][info   ][gc,stats    ]    Subphase: Pause Mark Try Complete                       0.191 / 0.385         0.201 / 1.009         0.201 / 1.009         0.201 / 1.009       ms
[520.170s][info   ][gc,stats    ]    Subphase: Pause Roots                                   0.035 / 0.122         0.051 / 1.060         0.051 / 1.060         0.051 / 1.060       ms
[520.170s][info   ][gc,stats    ]    Subphase: Pause Roots CodeCache                         0.000 / 0.000         0.000 / 0.000         0.000 / 0.000         0.000 / 0.000       ms
[520.170s][info   ][gc,stats    ]    Subphase: Pause Roots JVMTIExport                       0.001 / 0.002         0.002 / 0.017         0.002 / 0.017         0.002 / 0.017       ms
[520.170s][info   ][gc,stats    ]    Subphase: Pause Roots JVMTIWeakExport                   0.001 / 0.001         0.001 / 0.002         0.001 / 0.002         0.001 / 0.002       ms
[520.170s][info   ][gc,stats    ]    Subphase: Pause Roots Management                        0.006 / 0.008         0.014 / 0.430         0.014 / 0.430         0.014 / 0.430       ms
[520.170s][info   ][gc,stats    ]    Subphase: Pause Roots ObjectSynchronizer                0.001 / 0.001         0.001 / 0.011         0.001 / 0.011         0.001 / 0.011       ms
[520.170s][info   ][gc,stats    ]    Subphase: Pause Roots Setup                             0.001 / 0.001         0.001 / 0.002         0.001 / 0.002         0.001 / 0.002       ms
[520.170s][info   ][gc,stats    ]    Subphase: Pause Roots SystemDictionary                  0.025 / 0.031         0.052 / 0.734         0.052 / 0.734         0.052 / 0.734       ms
[520.170s][info   ][gc,stats    ]    Subphase: Pause Roots Teardown                          0.003 / 0.004         0.004 / 0.009         0.004 / 0.009         0.004 / 0.009       ms
[520.170s][info   ][gc,stats    ]    Subphase: Pause Roots Threads                           0.041 / 0.112         0.061 / 1.042         0.061 / 1.042         0.061 / 1.042       ms
[520.170s][info   ][gc,stats    ]    Subphase: Pause Roots Universe                          0.007 / 0.008         0.021 / 0.626         0.021 / 0.626         0.021 / 0.626       ms
[520.170s][info   ][gc,stats    ]    Subphase: Pause Weak Roots                              0.001 / 0.005         0.001 / 0.007         0.001 / 0.007         0.001 / 0.007       ms
[520.170s][info   ][gc,stats    ]    Subphase: Pause Weak Roots JFRWeak                      0.001 / 0.001         0.001 / 0.001         0.001 / 0.001         0.001 / 0.001       ms
[520.170s][info   ][gc,stats    ]    Subphase: Pause Weak Roots JVMTIWeakExport              0.001 / 0.001         0.001 / 0.002         0.001 / 0.002         0.001 / 0.002       ms
[520.170s][info   ][gc,stats    ]    Subphase: Pause Weak Roots Setup                        0.001 / 0.001         0.001 / 0.001         0.001 / 0.001         0.001 / 0.001       ms
[520.170s][info   ][gc,stats    ]    Subphase: Pause Weak Roots Teardown                     0.001 / 0.001         0.001 / 0.004         0.001 / 0.004         0.001 / 0.004       ms
[520.170s][info   ][gc,stats    ]      System: Java Threads                                     62 / 62               59 / 65               59 / 65               59 / 65          threads
[520.170s][info   ][gc,stats    ] =========================================================================================================================================================
[530.170s][info   ][gc,stats    ] === Garbage Collection Statistics =======================================================================================================================
[530.170s][info   ][gc,stats    ]                                                              Last 10s              Last 10m              Last 10h                Total
[530.170s][info   ][gc,stats    ]                                                              Avg / Max             Avg / Max             Avg / Max             Avg / Max
[530.170s][info   ][gc,stats    ]   Collector: Garbage Collection Cycle                      0.000 / 0.000       332.740 / 515.532     332.740 / 515.532     332.740 / 515.532     ms
[530.170s][info   ][gc,stats    ]  Contention: Mark Segment Reset Contention                     0 / 0                17 / 850              17 / 850              17 / 850         ops/s
[530.170s][info   ][gc,stats    ]  Contention: Mark SeqNum Reset Contention                      0 / 0                 0 / 9                 0 / 9                 0 / 9           ops/s
[530.170s][info   ][gc,stats    ]  Contention: Relocation Contention                             0 / 0                 0 / 38                0 / 38                0 / 38          ops/s
[530.170s][info   ][gc,stats    ]    Critical: Allocation Stall                              0.000 / 0.000         0.000 / 0.000         0.000 / 0.000         0.000 / 0.000       ms
[530.170s][info   ][gc,stats    ]    Critical: Allocation Stall                                  0 / 0                 0 / 0                 0 / 0                 0 / 0           ops/s
[530.170s][info   ][gc,stats    ]    Critical: GC Locker Stall                               0.000 / 0.000         0.000 / 0.000         0.000 / 0.000         0.000 / 0.000       ms
[530.170s][info   ][gc,stats    ]    Critical: GC Locker Stall                                   0 / 0                 0 / 0                 0 / 0                 0 / 0           ops/s
[530.170s][info   ][gc,stats    ]      Memory: Allocation Rate                                 622 / 694             617 / 1436            617 / 1436            617 / 1436        MB/s
[530.170s][info   ][gc,stats    ]      Memory: Heap Used After Mark                              0 / 0             16231 / 30288         16231 / 30288         16231 / 30288       MB
[530.170s][info   ][gc,stats    ]      Memory: Heap Used After Relocation                        0 / 0              3681 / 4228           3681 / 4228           3681 / 4228        MB
[530.170s][info   ][gc,stats    ]      Memory: Heap Used Before Mark                             0 / 0             16056 / 30112         16056 / 30112         16056 / 30112       MB
[530.170s][info   ][gc,stats    ]      Memory: Heap Used Before Relocation                       0 / 0             11501 / 20378         11501 / 20378         11501 / 20378       MB
[530.170s][info   ][gc,stats    ]      Memory: Out Of Memory                                     0 / 0                 0 / 0                 0 / 0                 0 / 0           ops/s
[530.170s][info   ][gc,stats    ]      Memory: Page Cache Flush                                  0 / 0                 0 / 0                 0 / 0                 0 / 0           MB/s
[530.170s][info   ][gc,stats    ]      Memory: Page Cache Hit L1                               300 / 334             303 / 1642            303 / 1642            303 / 1642        ops/s
[530.170s][info   ][gc,stats    ]      Memory: Page Cache Hit L2                                 0 / 0                 1 / 179               1 / 179               1 / 179         ops/s
[530.170s][info   ][gc,stats    ]      Memory: Page Cache Miss                                   0 / 0                27 / 341              27 / 341              27 / 341         ops/s
[530.170s][info   ][gc,stats    ]      Memory: Undo Object Allocation Failed                     0 / 0                 0 / 0                 0 / 0                 0 / 0           ops/s
[530.170s][info   ][gc,stats    ]      Memory: Undo Object Allocation Succeeded                  0 / 0                 0 / 38                0 / 38                0 / 38          ops/s
[530.170s][info   ][gc,stats    ]      Memory: Undo Page Allocation                              0 / 0                 0 / 69                0 / 69                0 / 69          ops/s
[530.170s][info   ][gc,stats    ]       Phase: Concurrent Destroy Detached Pages             0.000 / 0.000         0.001 / 0.001         0.001 / 0.001         0.001 / 0.001       ms
[530.170s][info   ][gc,stats    ]       Phase: Concurrent Mark                               0.000 / 0.000       196.982 / 275.553     196.982 / 275.553     196.982 / 275.553     ms
[530.170s][info   ][gc,stats    ]       Phase: Concurrent Mark Continue                      0.000 / 0.000         1.416 / 1.416         1.416 / 1.416         1.416 / 1.416       ms
[530.170s][info   ][gc,stats    ]       Phase: Concurrent Prepare Relocation Set             0.000 / 0.000        27.488 / 89.649       27.488 / 89.649       27.488 / 89.649      ms
[530.170s][info   ][gc,stats    ]       Phase: Concurrent Process Non-Strong References      0.000 / 0.000         3.108 / 19.270        3.108 / 19.270        3.108 / 19.270      ms
[530.170s][info   ][gc,stats    ]       Phase: Concurrent Relocate                           0.000 / 0.000        95.288 / 165.671      95.288 / 165.671      95.288 / 165.671     ms
[530.170s][info   ][gc,stats    ]       Phase: Concurrent Reset Relocation Set               0.000 / 0.000         2.979 / 14.653        2.979 / 14.653        2.979 / 14.653      ms
[530.170s][info   ][gc,stats    ]       Phase: Concurrent Select Relocation Set              0.000 / 0.000         4.326 / 12.148        4.326 / 12.148        4.326 / 12.148      ms
[530.170s][info   ][gc,stats    ]       Phase: Pause Mark End                                0.000 / 0.000         0.756 / 1.253         0.756 / 1.253         0.756 / 1.253       ms
[530.170s][info   ][gc,stats    ]       Phase: Pause Mark Start                              0.000 / 0.000         0.370 / 1.400         0.370 / 1.400         0.370 / 1.400       ms
[530.170s][info   ][gc,stats    ]       Phase: Pause Relocate Start                          0.000 / 0.000         0.233 / 1.025         0.233 / 1.025         0.233 / 1.025       ms
[530.170s][info   ][gc,stats    ]       Phase: Pause Verify                                  0.000 / 0.000         0.000 / 0.000         0.000 / 0.000         0.000 / 0.000       ms
[530.170s][info   ][gc,stats    ]    Subphase: Concurrent Classes Unload                     0.000 / 0.000         2.670 / 18.723        2.670 / 18.723        2.670 / 18.723      ms
[530.170s][info   ][gc,stats    ]    Subphase: Concurrent Mark                               0.000 / 0.000       187.789 / 273.889     187.789 / 273.889     187.789 / 273.889     ms
[530.170s][info   ][gc,stats    ]    Subphase: Concurrent Mark Idle                          0.000 / 0.000         1.139 / 1.365         1.139 / 1.365         1.139 / 1.365       ms
[530.170s][info   ][gc,stats    ]    Subphase: Concurrent Mark Try Flush                     0.000 / 0.000         0.081 / 0.545         0.081 / 0.545         0.081 / 0.545       ms
[530.170s][info   ][gc,stats    ]    Subphase: Concurrent Mark Try Terminate                 0.000 / 0.000         1.137 / 1.367         1.137 / 1.367         1.137 / 1.367       ms
[530.170s][info   ][gc,stats    ]    Subphase: Concurrent References Enqueue                 0.000 / 0.000         0.005 / 0.008         0.005 / 0.008         0.005 / 0.008       ms
[530.170s][info   ][gc,stats    ]    Subphase: Concurrent References Process                 0.000 / 0.000         0.078 / 0.140         0.078 / 0.140         0.078 / 0.140       ms
[530.170s][info   ][gc,stats    ]    Subphase: Concurrent Roots                              0.000 / 0.000         0.106 / 2.807         0.106 / 2.807         0.106 / 2.807       ms
[530.170s][info   ][gc,stats    ]    Subphase: Concurrent Roots ClassLoaderDataGraph         0.000 / 0.000         0.096 / 2.804         0.096 / 2.804         0.096 / 2.804       ms
[530.170s][info   ][gc,stats    ]    Subphase: Concurrent Roots JNIHandles                   0.000 / 0.000         0.041 / 0.551         0.041 / 0.551         0.041 / 0.551       ms
[530.170s][info   ][gc,stats    ]    Subphase: Concurrent Roots Setup                        0.000 / 0.000         0.282 / 1.622         0.282 / 1.622         0.282 / 1.622       ms
[530.170s][info   ][gc,stats    ]    Subphase: Concurrent Roots Teardown                     0.000 / 0.000         0.001 / 0.001         0.001 / 0.001         0.001 / 0.001       ms
[530.170s][info   ][gc,stats    ]    Subphase: Concurrent Weak Roots                         0.000 / 0.000         0.266 / 1.376         0.266 / 1.376         0.266 / 1.376       ms
[530.170s][info   ][gc,stats    ]    Subphase: Concurrent Weak Roots JNIWeakHandles          0.000 / 0.000         0.003 / 0.073         0.003 / 0.073         0.003 / 0.073       ms
[530.170s][info   ][gc,stats    ]    Subphase: Concurrent Weak Roots StringTable             0.000 / 0.000         0.239 / 1.327         0.239 / 1.327         0.239 / 1.327       ms
[530.170s][info   ][gc,stats    ]    Subphase: Concurrent Weak Roots VMWeakHandles           0.000 / 0.000         0.023 / 0.052         0.023 / 0.052         0.023 / 0.052       ms
[530.170s][info   ][gc,stats    ]    Subphase: Pause Mark Try Complete                       0.000 / 0.000         0.201 / 1.009         0.201 / 1.009         0.201 / 1.009       ms
[530.170s][info   ][gc,stats    ]    Subphase: Pause Roots                                   0.000 / 0.000         0.051 / 1.060         0.051 / 1.060         0.051 / 1.060       ms
[530.170s][info   ][gc,stats    ]    Subphase: Pause Roots CodeCache                         0.000 / 0.000         0.000 / 0.000         0.000 / 0.000         0.000 / 0.000       ms
[530.170s][info   ][gc,stats    ]    Subphase: Pause Roots JVMTIExport                       0.000 / 0.000         0.002 / 0.017         0.002 / 0.017         0.002 / 0.017       ms
[530.170s][info   ][gc,stats    ]    Subphase: Pause Roots JVMTIWeakExport                   0.000 / 0.000         0.001 / 0.002         0.001 / 0.002         0.001 / 0.002       ms
[530.170s][info   ][gc,stats    ]    Subphase: Pause Roots Management                        0.000 / 0.000         0.014 / 0.430         0.014 / 0.430         0.014 / 0.430       ms
[530.170s][info   ][gc,stats    ]    Subphase: Pause Roots ObjectSynchronizer                0.000 / 0.000         0.001 / 0.011         0.001 / 0.011         0.001 / 0.011       ms
[530.170s][info   ][gc,stats    ]    Subphase: Pause Roots Setup                             0.000 / 0.000         0.001 / 0.002         0.001 / 0.002         0.001 / 0.002       ms
[530.170s][info   ][gc,stats    ]    Subphase: Pause Roots SystemDictionary                  0.000 / 0.000         0.052 / 0.734         0.052 / 0.734         0.052 / 0.734       ms
[530.170s][info   ][gc,stats    ]    Subphase: Pause Roots Teardown                          0.000 / 0.000         0.004 / 0.009         0.004 / 0.009         0.004 / 0.009       ms
[530.171s][info   ][gc,stats    ]    Subphase: Pause Roots Threads                           0.000 / 0.000         0.061 / 1.042         0.061 / 1.042         0.061 / 1.042       ms
[530.171s][info   ][gc,stats    ]    Subphase: Pause Roots Universe                          0.000 / 0.000         0.021 / 0.626         0.021 / 0.626         0.021 / 0.626       ms
[530.171s][info   ][gc,stats    ]    Subphase: Pause Weak Roots                              0.000 / 0.000         0.001 / 0.007         0.001 / 0.007         0.001 / 0.007       ms
[530.171s][info   ][gc,stats    ]    Subphase: Pause Weak Roots JFRWeak                      0.000 / 0.000         0.001 / 0.001         0.001 / 0.001         0.001 / 0.001       ms
[530.171s][info   ][gc,stats    ]    Subphase: Pause Weak Roots JVMTIWeakExport              0.000 / 0.000         0.001 / 0.002         0.001 / 0.002         0.001 / 0.002       ms
[530.171s][info   ][gc,stats    ]    Subphase: Pause Weak Roots Setup                        0.000 / 0.000         0.001 / 0.001         0.001 / 0.001         0.001 / 0.001       ms
[530.171s][info   ][gc,stats    ]    Subphase: Pause Weak Roots Teardown                     0.000 / 0.000         0.001 / 0.004         0.001 / 0.004         0.001 / 0.004       ms
[530.171s][info   ][gc,stats    ]      System: Java Threads                                      0 / 0                59 / 65               59 / 65               59 / 65          threads
[530.171s][info   ][gc,stats    ] =========================================================================================================================================================
[536.469s][info   ][gc,start    ] GC(25) Garbage Collection (Proactive)
[536.470s][info   ][gc,phases   ] GC(25) Pause Mark Start 0.204ms
[536.666s][info   ][gc,phases   ] GC(25) Concurrent Mark 195.818ms
[536.667s][info   ][gc,phases   ] GC(25) Pause Mark End 0.627ms
[536.668s][info   ][gc,phases   ] GC(25) Concurrent Process Non-Strong References 1.880ms
[536.671s][info   ][gc,phases   ] GC(25) Concurrent Reset Relocation Set 2.152ms
[536.671s][info   ][gc,phases   ] GC(25) Concurrent Destroy Detached Pages 0.001ms
[536.673s][info   ][gc,phases   ] GC(25) Concurrent Select Relocation Set 2.289ms
[536.693s][info   ][gc,phases   ] GC(25) Concurrent Prepare Relocation Set 20.384ms
[536.694s][info   ][gc,phases   ] GC(25) Pause Relocate Start 0.265ms
[536.798s][info   ][gc,phases   ] GC(25) Concurrent Relocate 104.453ms
[536.799s][info   ][gc,load     ] GC(25) Load: 3.64/2.98/1.57
[536.799s][info   ][gc,mmu      ] GC(25) MMU: 2ms/30.0%, 5ms/69.9%, 10ms/81.7%, 20ms/87.7%, 50ms/95.1%, 100ms/97.5%
[536.799s][info   ][gc,marking  ] GC(25) Mark: 8 stripe(s), 10 proactive flush(es), 2 terminate flush(es), 1 completion(s), 0 continuation(s) 
[536.799s][info   ][gc,reloc    ] GC(25) Relocation: Successful, 1474M relocated
[536.799s][info   ][gc,nmethod  ] GC(25) NMethods: 5598 registered, 1152 unregistered
[536.799s][info   ][gc,metaspace] GC(25) Metaspace: 40M used, 41M capacity, 41M committed, 42M reserved
[536.799s][info   ][gc,ref      ] GC(25) Soft: 3327 encountered, 0 discovered, 0 enqueued
[536.799s][info   ][gc,ref      ] GC(25) Weak: 1530 encountered, 278 discovered, 0 enqueued
[536.799s][info   ][gc,ref      ] GC(25) Final: 31 encountered, 4 discovered, 4 enqueued
[536.799s][info   ][gc,ref      ] GC(25) Phantom: 120 encountered, 96 discovered, 0 enqueued
[536.799s][info   ][gc,heap     ] GC(25)                Mark Start          Mark End        Relocate Start      Relocate End           High               Low         
[536.799s][info   ][gc,heap     ] GC(25)  Capacity:    30390M (30%)       30390M (30%)       30390M (30%)       30390M (30%)       30390M (30%)       30390M (30%)    
[536.799s][info   ][gc,heap     ] GC(25)   Reserve:       80M (0%)           80M (0%)           80M (0%)           80M (0%)           80M (0%)           80M (0%)     
[536.799s][info   ][gc,heap     ] GC(25)      Free:    85078M (85%)       84896M (85%)       89074M (89%)       96284M (96%)       96284M (96%)       84896M (85%)    
[536.799s][info   ][gc,heap     ] GC(25)      Used:    15194M (15%)       15376M (15%)       11198M (11%)        3988M (4%)        15376M (15%)        3988M (4%)     
[536.799s][info   ][gc,heap     ] GC(25)      Live:         -              3551M (4%)         3551M (4%)         3551M (4%)             -                  -          
[536.799s][info   ][gc,heap     ] GC(25) Allocated:         -               182M (0%)          200M (0%)         1646M (2%)             -                  -          
[536.799s][info   ][gc,heap     ] GC(25)   Garbage:         -             11642M (12%)        7446M (7%)          200M (0%)             -                  -          
[536.799s][info   ][gc,heap     ] GC(25) Reclaimed:         -                  -              4196M (4%)        11442M (11%)            -                  -          
[536.799s][info   ][gc          ] GC(25) Garbage Collection (Proactive) 15194M(15%)->3988M(4%)
[540.170s][info   ][gc,stats    ] === Garbage Collection Statistics =======================================================================================================================
[540.170s][info   ][gc,stats    ]                                                              Last 10s              Last 10m              Last 10h                Total
[540.170s][info   ][gc,stats    ]                                                              Avg / Max             Avg / Max             Avg / Max             Avg / Max
[540.170s][info   ][gc,stats    ]   Collector: Garbage Collection Cycle                    329.173 / 329.173     332.603 / 515.532     332.603 / 515.532     332.603 / 515.532     ms
[540.170s][info   ][gc,stats    ]  Contention: Mark Segment Reset Contention                    38 / 383              17 / 850              17 / 850              17 / 850         ops/s
[540.170s][info   ][gc,stats    ]  Contention: Mark SeqNum Reset Contention                      0 / 1                 0 / 9                 0 / 9                 0 / 9           ops/s
[540.170s][info   ][gc,stats    ]  Contention: Relocation Contention                             0 / 8                 0 / 38                0 / 38                0 / 38          ops/s
[540.170s][info   ][gc,stats    ]    Critical: Allocation Stall                              0.000 / 0.000         0.000 / 0.000         0.000 / 0.000         0.000 / 0.000       ms
[540.170s][info   ][gc,stats    ]    Critical: Allocation Stall                                  0 / 0                 0 / 0                 0 / 0                 0 / 0           ops/s
[540.170s][info   ][gc,stats    ]    Critical: GC Locker Stall                               0.000 / 0.000         0.000 / 0.000         0.000 / 0.000         0.000 / 0.000       ms
[540.170s][info   ][gc,stats    ]    Critical: GC Locker Stall                                   0 / 0                 0 / 0                 0 / 0                 0 / 0           ops/s
[540.170s][info   ][gc,stats    ]      Memory: Allocation Rate                                 596 / 684             617 / 1436            617 / 1436            617 / 1436        MB/s
[540.170s][info   ][gc,stats    ]      Memory: Heap Used After Mark                          15376 / 15376         16198 / 30288         16198 / 30288         16198 / 30288       MB
[540.170s][info   ][gc,stats    ]      Memory: Heap Used After Relocation                     3988 / 3988           3693 / 4228           3693 / 4228           3693 / 4228        MB
[540.170s][info   ][gc,stats    ]      Memory: Heap Used Before Mark                         15194 / 15194         16023 / 30112         16023 / 30112         16023 / 30112       MB
[540.170s][info   ][gc,stats    ]      Memory: Heap Used Before Relocation                   11198 / 11198         11490 / 20378         11490 / 20378         11490 / 20378       MB
[540.170s][info   ][gc,stats    ]      Memory: Out Of Memory                                     0 / 0                 0 / 0                 0 / 0                 0 / 0           ops/s
[540.170s][info   ][gc,stats    ]      Memory: Page Cache Flush                                  0 / 0                 0 / 0                 0 / 0                 0 / 0           MB/s
[540.170s][info   ][gc,stats    ]      Memory: Page Cache Hit L1                               357 / 1004            304 / 1642            304 / 1642            304 / 1642        ops/s
[540.170s][info   ][gc,stats    ]      Memory: Page Cache Hit L2                                 0 / 0                 1 / 179               1 / 179               1 / 179         ops/s
[540.170s][info   ][gc,stats    ]      Memory: Page Cache Miss                                   0 / 0                27 / 341              27 / 341              27 / 341         ops/s
[540.170s][info   ][gc,stats    ]      Memory: Undo Object Allocation Failed                     0 / 0                 0 / 0                 0 / 0                 0 / 0           ops/s
[540.170s][info   ][gc,stats    ]      Memory: Undo Object Allocation Succeeded                  0 / 8                 0 / 38                0 / 38                0 / 38          ops/s
[540.170s][info   ][gc,stats    ]      Memory: Undo Page Allocation                              0 / 0                 0 / 69                0 / 69                0 / 69          ops/s
[540.170s][info   ][gc,stats    ]       Phase: Concurrent Destroy Detached Pages             0.001 / 0.001         0.001 / 0.001         0.001 / 0.001         0.001 / 0.001       ms
[540.170s][info   ][gc,stats    ]       Phase: Concurrent Mark                             195.818 / 195.818     196.937 / 275.553     196.937 / 275.553     196.937 / 275.553     ms
[540.170s][info   ][gc,stats    ]       Phase: Concurrent Mark Continue                      0.000 / 0.000         1.416 / 1.416         1.416 / 1.416         1.416 / 1.416       ms
[540.170s][info   ][gc,stats    ]       Phase: Concurrent Prepare Relocation Set            20.384 / 20.384       27.215 / 89.649       27.215 / 89.649       27.215 / 89.649      ms
[540.170s][info   ][gc,stats    ]       Phase: Concurrent Process Non-Strong References      1.880 / 1.880         3.061 / 19.270        3.061 / 19.270        3.061 / 19.270      ms
[540.170s][info   ][gc,stats    ]       Phase: Concurrent Relocate                         104.453 / 104.453      95.641 / 165.671      95.641 / 165.671      95.641 / 165.671     ms
[540.170s][info   ][gc,stats    ]       Phase: Concurrent Reset Relocation Set               2.152 / 2.152         2.947 / 14.653        2.947 / 14.653        2.947 / 14.653      ms
[540.170s][info   ][gc,stats    ]       Phase: Concurrent Select Relocation Set              2.289 / 2.289         4.247 / 12.148        4.247 / 12.148        4.247 / 12.148      ms
[540.170s][info   ][gc,stats    ]       Phase: Pause Mark End                                0.627 / 0.627         0.752 / 1.253         0.752 / 1.253         0.752 / 1.253       ms
[540.170s][info   ][gc,stats    ]       Phase: Pause Mark Start                              0.204 / 0.204         0.363 / 1.400         0.363 / 1.400         0.363 / 1.400       ms
[540.170s][info   ][gc,stats    ]       Phase: Pause Relocate Start                          0.265 / 0.265         0.234 / 1.025         0.234 / 1.025         0.234 / 1.025       ms
[540.170s][info   ][gc,stats    ]       Phase: Pause Verify                                  0.000 / 0.000         0.000 / 0.000         0.000 / 0.000         0.000 / 0.000       ms
[540.170s][info   ][gc,stats    ]    Subphase: Concurrent Classes Unload                     1.565 / 1.565         2.628 / 18.723        2.628 / 18.723        2.628 / 18.723      ms
[540.170s][info   ][gc,stats    ]    Subphase: Concurrent Mark                             194.453 / 194.940     188.036 / 273.889     188.036 / 273.889     188.036 / 273.889     ms
[540.170s][info   ][gc,stats    ]    Subphase: Concurrent Mark Idle                          1.134 / 1.216         1.138 / 1.365         1.138 / 1.365         1.138 / 1.365       ms
[540.170s][info   ][gc,stats    ]    Subphase: Concurrent Mark Try Flush                     0.082 / 0.132         0.081 / 0.545         0.081 / 0.545         0.081 / 0.545       ms
[540.170s][info   ][gc,stats    ]    Subphase: Concurrent Mark Try Terminate                 1.130 / 1.220         1.137 / 1.367         1.137 / 1.367         1.137 / 1.367       ms
[540.170s][info   ][gc,stats    ]    Subphase: Concurrent References Enqueue                 0.004 / 0.004         0.005 / 0.008         0.005 / 0.008         0.005 / 0.008       ms
[540.170s][info   ][gc,stats    ]    Subphase: Concurrent References Process                 0.082 / 0.082         0.079 / 0.140         0.079 / 0.140         0.079 / 0.140       ms
[540.170s][info   ][gc,stats    ]    Subphase: Concurrent Roots                              0.079 / 0.561         0.105 / 2.807         0.105 / 2.807         0.105 / 2.807       ms
[540.170s][info   ][gc,stats    ]    Subphase: Concurrent Roots ClassLoaderDataGraph         0.065 / 0.558         0.094 / 2.804         0.094 / 2.804         0.094 / 2.804       ms
[540.170s][info   ][gc,stats    ]    Subphase: Concurrent Roots JNIHandles                   0.023 / 0.045         0.041 / 0.551         0.041 / 0.551         0.041 / 0.551       ms
[540.170s][info   ][gc,stats    ]    Subphase: Concurrent Roots Setup                        0.109 / 0.109         0.275 / 1.622         0.275 / 1.622         0.275 / 1.622       ms
[540.170s][info   ][gc,stats    ]    Subphase: Concurrent Roots Teardown                     0.001 / 0.001         0.001 / 0.001         0.001 / 0.001         0.001 / 0.001       ms
[540.170s][info   ][gc,stats    ]    Subphase: Concurrent Weak Roots                         0.173 / 0.182         0.262 / 1.376         0.262 / 1.376         0.262 / 1.376       ms
[540.170s][info   ][gc,stats    ]    Subphase: Concurrent Weak Roots JNIWeakHandles          0.002 / 0.008         0.003 / 0.073         0.003 / 0.073         0.003 / 0.073       ms
[540.170s][info   ][gc,stats    ]    Subphase: Concurrent Weak Roots StringTable             0.145 / 0.152         0.235 / 1.327         0.235 / 1.327         0.235 / 1.327       ms
[540.170s][info   ][gc,stats    ]    Subphase: Concurrent Weak Roots VMWeakHandles           0.022 / 0.034         0.023 / 0.052         0.023 / 0.052         0.023 / 0.052       ms
[540.170s][info   ][gc,stats    ]    Subphase: Pause Mark Try Complete                       0.204 / 0.388         0.201 / 1.009         0.201 / 1.009         0.201 / 1.009       ms
[540.170s][info   ][gc,stats    ]    Subphase: Pause Roots                                   0.037 / 0.198         0.050 / 1.060         0.050 / 1.060         0.050 / 1.060       ms
[540.170s][info   ][gc,stats    ]    Subphase: Pause Roots CodeCache                         0.000 / 0.000         0.000 / 0.000         0.000 / 0.000         0.000 / 0.000       ms
[540.170s][info   ][gc,stats    ]    Subphase: Pause Roots JVMTIExport                       0.002 / 0.002         0.002 / 0.017         0.002 / 0.017         0.002 / 0.017       ms
[540.170s][info   ][gc,stats    ]    Subphase: Pause Roots JVMTIWeakExport                   0.001 / 0.001         0.001 / 0.002         0.001 / 0.002         0.001 / 0.002       ms
[540.170s][info   ][gc,stats    ]    Subphase: Pause Roots Management                        0.003 / 0.003         0.014 / 0.430         0.014 / 0.430         0.014 / 0.430       ms
[540.170s][info   ][gc,stats    ]    Subphase: Pause Roots ObjectSynchronizer                0.001 / 0.001         0.001 / 0.011         0.001 / 0.011         0.001 / 0.011       ms
[540.170s][info   ][gc,stats    ]    Subphase: Pause Roots Setup                             0.001 / 0.001         0.001 / 0.002         0.001 / 0.002         0.001 / 0.002       ms
[540.170s][info   ][gc,stats    ]    Subphase: Pause Roots SystemDictionary                  0.016 / 0.021         0.051 / 0.734         0.051 / 0.734         0.051 / 0.734       ms
[540.170s][info   ][gc,stats    ]    Subphase: Pause Roots Teardown                          0.004 / 0.006         0.004 / 0.009         0.004 / 0.009         0.004 / 0.009       ms
[540.170s][info   ][gc,stats    ]    Subphase: Pause Roots Threads                           0.042 / 0.195         0.060 / 1.042         0.060 / 1.042         0.060 / 1.042       ms
[540.170s][info   ][gc,stats    ]    Subphase: Pause Roots Universe                          0.010 / 0.013         0.020 / 0.626         0.020 / 0.626         0.020 / 0.626       ms
[540.170s][info   ][gc,stats    ]    Subphase: Pause Weak Roots                              0.001 / 0.005         0.001 / 0.007         0.001 / 0.007         0.001 / 0.007       ms
[540.170s][info   ][gc,stats    ]    Subphase: Pause Weak Roots JFRWeak                      0.001 / 0.001         0.001 / 0.001         0.001 / 0.001         0.001 / 0.001       ms
[540.170s][info   ][gc,stats    ]    Subphase: Pause Weak Roots JVMTIWeakExport              0.001 / 0.001         0.001 / 0.002         0.001 / 0.002         0.001 / 0.002       ms
[540.170s][info   ][gc,stats    ]    Subphase: Pause Weak Roots Setup                        0.001 / 0.001         0.001 / 0.001         0.001 / 0.001         0.001 / 0.001       ms
[540.170s][info   ][gc,stats    ]    Subphase: Pause Weak Roots Teardown                     0.001 / 0.001         0.001 / 0.004         0.001 / 0.004         0.001 / 0.004       ms
[540.170s][info   ][gc,stats    ]      System: Java Threads                                     62 / 62               59 / 65               59 / 65               59 / 65          threads
[540.170s][info   ][gc,stats    ] =========================================================================================================================================================
[550.169s][info   ][gc,stats    ] === Garbage Collection Statistics =======================================================================================================================
[550.169s][info   ][gc,stats    ]                                                              Last 10s              Last 10m              Last 10h                Total
[550.169s][info   ][gc,stats    ]                                                              Avg / Max             Avg / Max             Avg / Max             Avg / Max
[550.169s][info   ][gc,stats    ]   Collector: Garbage Collection Cycle                      0.000 / 0.000       332.603 / 515.532     332.603 / 515.532     332.603 / 515.532     ms
[550.169s][info   ][gc,stats    ]  Contention: Mark Segment Reset Contention                     0 / 0                17 / 850              17 / 850              17 / 850         ops/s
[550.169s][info   ][gc,stats    ]  Contention: Mark SeqNum Reset Contention                      0 / 0                 0 / 9                 0 / 9                 0 / 9           ops/s
[550.169s][info   ][gc,stats    ]  Contention: Relocation Contention                             0 / 0                 0 / 38                0 / 38                0 / 38          ops/s
[550.169s][info   ][gc,stats    ]    Critical: Allocation Stall                              0.000 / 0.000         0.000 / 0.000         0.000 / 0.000         0.000 / 0.000       ms
[550.169s][info   ][gc,stats    ]    Critical: Allocation Stall                                  0 / 0                 0 / 0                 0 / 0                 0 / 0           ops/s
[550.169s][info   ][gc,stats    ]    Critical: GC Locker Stall                               0.000 / 0.000         0.000 / 0.000         0.000 / 0.000         0.000 / 0.000       ms
[550.169s][info   ][gc,stats    ]    Critical: GC Locker Stall                                   0 / 0                 0 / 0                 0 / 0                 0 / 0           ops/s
[550.169s][info   ][gc,stats    ]      Memory: Allocation Rate                                 603 / 692             617 / 1436            617 / 1436            617 / 1436        MB/s
[550.169s][info   ][gc,stats    ]      Memory: Heap Used After Mark                              0 / 0             16198 / 30288         16198 / 30288         16198 / 30288       MB
[550.169s][info   ][gc,stats    ]      Memory: Heap Used After Relocation                        0 / 0              3693 / 4228           3693 / 4228           3693 / 4228        MB
[550.169s][info   ][gc,stats    ]      Memory: Heap Used Before Mark                             0 / 0             16023 / 30112         16023 / 30112         16023 / 30112       MB
[550.169s][info   ][gc,stats    ]      Memory: Heap Used Before Relocation                       0 / 0             11490 / 20378         11490 / 20378         11490 / 20378       MB
[550.169s][info   ][gc,stats    ]      Memory: Out Of Memory                                     0 / 0                 0 / 0                 0 / 0                 0 / 0           ops/s
[550.169s][info   ][gc,stats    ]      Memory: Page Cache Flush                                  0 / 0                 0 / 0                 0 / 0                 0 / 0           MB/s
[550.169s][info   ][gc,stats    ]      Memory: Page Cache Hit L1                               291 / 331             304 / 1642            304 / 1642            304 / 1642        ops/s
[550.169s][info   ][gc,stats    ]      Memory: Page Cache Hit L2                                 0 / 0                 1 / 179               1 / 179               1 / 179         ops/s
[550.169s][info   ][gc,stats    ]      Memory: Page Cache Miss                                   0 / 0                26 / 341              26 / 341              26 / 341         ops/s
[550.169s][info   ][gc,stats    ]      Memory: Undo Object Allocation Failed                     0 / 0                 0 / 0                 0 / 0                 0 / 0           ops/s
[550.169s][info   ][gc,stats    ]      Memory: Undo Object Allocation Succeeded                  0 / 0                 0 / 38                0 / 38                0 / 38          ops/s
[550.169s][info   ][gc,stats    ]      Memory: Undo Page Allocation                              0 / 0                 0 / 69                0 / 69                0 / 69          ops/s
[550.169s][info   ][gc,stats    ]       Phase: Concurrent Destroy Detached Pages             0.000 / 0.000         0.001 / 0.001         0.001 / 0.001         0.001 / 0.001       ms
[550.169s][info   ][gc,stats    ]       Phase: Concurrent Mark                               0.000 / 0.000       196.937 / 275.553     196.937 / 275.553     196.937 / 275.553     ms
[550.170s][info   ][gc,stats    ]       Phase: Concurrent Mark Continue                      0.000 / 0.000         1.416 / 1.416         1.416 / 1.416         1.416 / 1.416       ms
[550.170s][info   ][gc,stats    ]       Phase: Concurrent Prepare Relocation Set             0.000 / 0.000        27.215 / 89.649       27.215 / 89.649       27.215 / 89.649      ms
[550.170s][info   ][gc,stats    ]       Phase: Concurrent Process Non-Strong References      0.000 / 0.000         3.061 / 19.270        3.061 / 19.270        3.061 / 19.270      ms
[550.170s][info   ][gc,stats    ]       Phase: Concurrent Relocate                           0.000 / 0.000        95.641 / 165.671      95.641 / 165.671      95.641 / 165.671     ms
[550.170s][info   ][gc,stats    ]       Phase: Concurrent Reset Relocation Set               0.000 / 0.000         2.947 / 14.653        2.947 / 14.653        2.947 / 14.653      ms
[550.170s][info   ][gc,stats    ]       Phase: Concurrent Select Relocation Set              0.000 / 0.000         4.247 / 12.148        4.247 / 12.148        4.247 / 12.148      ms
[550.170s][info   ][gc,stats    ]       Phase: Pause Mark End                                0.000 / 0.000         0.752 / 1.253         0.752 / 1.253         0.752 / 1.253       ms
[550.170s][info   ][gc,stats    ]       Phase: Pause Mark Start                              0.000 / 0.000         0.363 / 1.400         0.363 / 1.400         0.363 / 1.400       ms
[550.170s][info   ][gc,stats    ]       Phase: Pause Relocate Start                          0.000 / 0.000         0.234 / 1.025         0.234 / 1.025         0.234 / 1.025       ms
[550.170s][info   ][gc,stats    ]       Phase: Pause Verify                                  0.000 / 0.000         0.000 / 0.000         0.000 / 0.000         0.000 / 0.000       ms
[550.170s][info   ][gc,stats    ]    Subphase: Concurrent Classes Unload                     0.000 / 0.000         2.628 / 18.723        2.628 / 18.723        2.628 / 18.723      ms
[550.170s][info   ][gc,stats    ]    Subphase: Concurrent Mark                               0.000 / 0.000       188.036 / 273.889     188.036 / 273.889     188.036 / 273.889     ms
[550.170s][info   ][gc,stats    ]    Subphase: Concurrent Mark Idle                          0.000 / 0.000         1.138 / 1.365         1.138 / 1.365         1.138 / 1.365       ms
[550.170s][info   ][gc,stats    ]    Subphase: Concurrent Mark Try Flush                     0.000 / 0.000         0.081 / 0.545         0.081 / 0.545         0.081 / 0.545       ms
[550.170s][info   ][gc,stats    ]    Subphase: Concurrent Mark Try Terminate                 0.000 / 0.000         1.137 / 1.367         1.137 / 1.367         1.137 / 1.367       ms
[550.170s][info   ][gc,stats    ]    Subphase: Concurrent References Enqueue                 0.000 / 0.000         0.005 / 0.008         0.005 / 0.008         0.005 / 0.008       ms
[550.170s][info   ][gc,stats    ]    Subphase: Concurrent References Process                 0.000 / 0.000         0.079 / 0.140         0.079 / 0.140         0.079 / 0.140       ms
[550.170s][info   ][gc,stats    ]    Subphase: Concurrent Roots                              0.000 / 0.000         0.105 / 2.807         0.105 / 2.807         0.105 / 2.807       ms
[550.170s][info   ][gc,stats    ]    Subphase: Concurrent Roots ClassLoaderDataGraph         0.000 / 0.000         0.094 / 2.804         0.094 / 2.804         0.094 / 2.804       ms
[550.170s][info   ][gc,stats    ]    Subphase: Concurrent Roots JNIHandles                   0.000 / 0.000         0.041 / 0.551         0.041 / 0.551         0.041 / 0.551       ms
[550.170s][info   ][gc,stats    ]    Subphase: Concurrent Roots Setup                        0.000 / 0.000         0.275 / 1.622         0.275 / 1.622         0.275 / 1.622       ms
[550.170s][info   ][gc,stats    ]    Subphase: Concurrent Roots Teardown                     0.000 / 0.000         0.001 / 0.001         0.001 / 0.001         0.001 / 0.001       ms
[550.170s][info   ][gc,stats    ]    Subphase: Concurrent Weak Roots                         0.000 / 0.000         0.262 / 1.376         0.262 / 1.376         0.262 / 1.376       ms
[550.170s][info   ][gc,stats    ]    Subphase: Concurrent Weak Roots JNIWeakHandles          0.000 / 0.000         0.003 / 0.073         0.003 / 0.073         0.003 / 0.073       ms
[550.170s][info   ][gc,stats    ]    Subphase: Concurrent Weak Roots StringTable             0.000 / 0.000         0.235 / 1.327         0.235 / 1.327         0.235 / 1.327       ms
[550.170s][info   ][gc,stats    ]    Subphase: Concurrent Weak Roots VMWeakHandles           0.000 / 0.000         0.023 / 0.052         0.023 / 0.052         0.023 / 0.052       ms
[550.170s][info   ][gc,stats    ]    Subphase: Pause Mark Try Complete                       0.000 / 0.000         0.201 / 1.009         0.201 / 1.009         0.201 / 1.009       ms
[550.170s][info   ][gc,stats    ]    Subphase: Pause Roots                                   0.000 / 0.000         0.050 / 1.060         0.050 / 1.060         0.050 / 1.060       ms
[550.170s][info   ][gc,stats    ]    Subphase: Pause Roots CodeCache                         0.000 / 0.000         0.000 / 0.000         0.000 / 0.000         0.000 / 0.000       ms
[550.170s][info   ][gc,stats    ]    Subphase: Pause Roots JVMTIExport                       0.000 / 0.000         0.002 / 0.017         0.002 / 0.017         0.002 / 0.017       ms
[550.170s][info   ][gc,stats    ]    Subphase: Pause Roots JVMTIWeakExport                   0.000 / 0.000         0.001 / 0.002         0.001 / 0.002         0.001 / 0.002       ms
[550.170s][info   ][gc,stats    ]    Subphase: Pause Roots Management                        0.000 / 0.000         0.014 / 0.430         0.014 / 0.430         0.014 / 0.430       ms
[550.170s][info   ][gc,stats    ]    Subphase: Pause Roots ObjectSynchronizer                0.000 / 0.000         0.001 / 0.011         0.001 / 0.011         0.001 / 0.011       ms
[550.170s][info   ][gc,stats    ]    Subphase: Pause Roots Setup                             0.000 / 0.000         0.001 / 0.002         0.001 / 0.002         0.001 / 0.002       ms
[550.170s][info   ][gc,stats    ]    Subphase: Pause Roots SystemDictionary                  0.000 / 0.000         0.051 / 0.734         0.051 / 0.734         0.051 / 0.734       ms
[550.170s][info   ][gc,stats    ]    Subphase: Pause Roots Teardown                          0.000 / 0.000         0.004 / 0.009         0.004 / 0.009         0.004 / 0.009       ms
[550.170s][info   ][gc,stats    ]    Subphase: Pause Roots Threads                           0.000 / 0.000         0.060 / 1.042         0.060 / 1.042         0.060 / 1.042       ms
[550.170s][info   ][gc,stats    ]    Subphase: Pause Roots Universe                          0.000 / 0.000         0.020 / 0.626         0.020 / 0.626         0.020 / 0.626       ms
[550.170s][info   ][gc,stats    ]    Subphase: Pause Weak Roots                              0.000 / 0.000         0.001 / 0.007         0.001 / 0.007         0.001 / 0.007       ms
[550.170s][info   ][gc,stats    ]    Subphase: Pause Weak Roots JFRWeak                      0.000 / 0.000         0.001 / 0.001         0.001 / 0.001         0.001 / 0.001       ms
[550.170s][info   ][gc,stats    ]    Subphase: Pause Weak Roots JVMTIWeakExport              0.000 / 0.000         0.001 / 0.002         0.001 / 0.002         0.001 / 0.002       ms
[550.170s][info   ][gc,stats    ]    Subphase: Pause Weak Roots Setup                        0.000 / 0.000         0.001 / 0.001         0.001 / 0.001         0.001 / 0.001       ms
[550.170s][info   ][gc,stats    ]    Subphase: Pause Weak Roots Teardown                     0.000 / 0.000         0.001 / 0.004         0.001 / 0.004         0.001 / 0.004       ms
[550.170s][info   ][gc,stats    ]      System: Java Threads                                      0 / 0                59 / 65               59 / 65               59 / 65          threads
[550.170s][info   ][gc,stats    ] =========================================================================================================================================================
[554.170s][info   ][gc,start    ] GC(26) Garbage Collection (Proactive)
[554.171s][info   ][gc,phases   ] GC(26) Pause Mark Start 0.678ms
[554.371s][info   ][gc,phases   ] GC(26) Concurrent Mark 200.246ms
[554.373s][info   ][gc,phases   ] GC(26) Pause Mark End 1.223ms
[554.374s][info   ][gc,phases   ] GC(26) Concurrent Mark Continue 1.335ms
[554.374s][info   ][gc,phases   ] GC(26) Pause Mark End 0.180ms
[554.376s][info   ][gc,phases   ] GC(26) Concurrent Process Non-Strong References 1.699ms
[554.378s][info   ][gc,phases   ] GC(26) Concurrent Reset Relocation Set 2.179ms
[554.378s][info   ][gc,phases   ] GC(26) Concurrent Destroy Detached Pages 0.001ms
[554.381s][info   ][gc,phases   ] GC(26) Concurrent Select Relocation Set 2.557ms
[554.396s][info   ][gc,phases   ] GC(26) Concurrent Prepare Relocation Set 14.916ms
[554.396s][info   ][gc,phases   ] GC(26) Pause Relocate Start 0.208ms
[554.491s][info   ][gc,phases   ] GC(26) Concurrent Relocate 94.385ms
[554.491s][info   ][gc,load     ] GC(26) Load: 3.12/2.91/1.58
[554.491s][info   ][gc,mmu      ] GC(26) MMU: 2ms/30.0%, 5ms/69.9%, 10ms/81.7%, 20ms/87.7%, 50ms/95.1%, 100ms/97.5%
[554.491s][info   ][gc,marking  ] GC(26) Mark: 8 stripe(s), 11 proactive flush(es), 3 terminate flush(es), 1 completion(s), 1 continuation(s) 
[554.491s][info   ][gc,reloc    ] GC(26) Relocation: Successful, 1361M relocated
[554.491s][info   ][gc,nmethod  ] GC(26) NMethods: 5599 registered, 1153 unregistered
[554.491s][info   ][gc,metaspace] GC(26) Metaspace: 40M used, 41M capacity, 41M committed, 42M reserved
[554.491s][info   ][gc,ref      ] GC(26) Soft: 3327 encountered, 0 discovered, 0 enqueued
[554.491s][info   ][gc,ref      ] GC(26) Weak: 1530 encountered, 338 discovered, 0 enqueued
[554.491s][info   ][gc,ref      ] GC(26) Final: 31 encountered, 4 discovered, 4 enqueued
[554.491s][info   ][gc,ref      ] GC(26) Phantom: 120 encountered, 102 discovered, 0 enqueued
[554.491s][info   ][gc,heap     ] GC(26)                Mark Start          Mark End        Relocate Start      Relocate End           High               Low         
[554.491s][info   ][gc,heap     ] GC(26)  Capacity:    30390M (30%)       30390M (30%)       30390M (30%)       30390M (30%)       30390M (30%)       30390M (30%)    
[554.491s][info   ][gc,heap     ] GC(26)   Reserve:       80M (0%)           80M (0%)           80M (0%)           80M (0%)           80M (0%)           80M (0%)     
[554.491s][info   ][gc,heap     ] GC(26)      Free:    85806M (86%)       85632M (85%)       89466M (89%)       96294M (96%)       96294M (96%)       85628M (85%)    
[554.491s][info   ][gc,heap     ] GC(26)      Used:    14466M (14%)       14640M (15%)       10806M (11%)        3978M (4%)        14644M (15%)        3978M (4%)     
[554.491s][info   ][gc,heap     ] GC(26)      Live:         -              3509M (3%)         3509M (3%)         3509M (3%)             -                  -          
[554.491s][info   ][gc,heap     ] GC(26) Allocated:         -               174M (0%)          196M (0%)         1522M (2%)             -                  -          
[554.491s][info   ][gc,heap     ] GC(26)   Garbage:         -             10956M (11%)        7100M (7%)          222M (0%)             -                  -          
[554.491s][info   ][gc,heap     ] GC(26) Reclaimed:         -                  -              3856M (4%)        10734M (11%)            -                  -          
[554.491s][info   ][gc          ] GC(26) Garbage Collection (Proactive) 14466M(14%)->3978M(4%)
[560.170s][info   ][gc,stats    ] === Garbage Collection Statistics =======================================================================================================================
[560.170s][info   ][gc,stats    ]                                                              Last 10s              Last 10m              Last 10h                Total
[560.170s][info   ][gc,stats    ]                                                              Avg / Max             Avg / Max             Avg / Max             Avg / Max
[560.170s][info   ][gc,stats    ]   Collector: Garbage Collection Cycle                    320.979 / 320.979     332.173 / 515.532     332.173 / 515.532     332.173 / 515.532     ms
[560.170s][info   ][gc,stats    ]  Contention: Mark Segment Reset Contention                    25 / 251              17 / 850              17 / 850              17 / 850         ops/s
[560.170s][info   ][gc,stats    ]  Contention: Mark SeqNum Reset Contention                      0 / 3                 0 / 9                 0 / 9                 0 / 9           ops/s
[560.170s][info   ][gc,stats    ]  Contention: Relocation Contention                             9 / 95                0 / 95                0 / 95                0 / 95          ops/s
[560.170s][info   ][gc,stats    ]    Critical: Allocation Stall                              0.000 / 0.000         0.000 / 0.000         0.000 / 0.000         0.000 / 0.000       ms
[560.170s][info   ][gc,stats    ]    Critical: Allocation Stall                                  0 / 0                 0 / 0                 0 / 0                 0 / 0           ops/s
[560.170s][info   ][gc,stats    ]    Critical: GC Locker Stall                               0.000 / 0.000         0.000 / 0.000         0.000 / 0.000         0.000 / 0.000       ms
[560.170s][info   ][gc,stats    ]    Critical: GC Locker Stall                                   0 / 0                 0 / 0                 0 / 0                 0 / 0           ops/s
[560.170s][info   ][gc,stats    ]      Memory: Allocation Rate                                 617 / 670             617 / 1436            617 / 1436            617 / 1436        MB/s
[560.170s][info   ][gc,stats    ]      Memory: Heap Used After Mark                          14640 / 14640         16141 / 30288         16141 / 30288         16141 / 30288       MB
[560.170s][info   ][gc,stats    ]      Memory: Heap Used After Relocation                     3978 / 3978           3703 / 4228           3703 / 4228           3703 / 4228        MB
[560.170s][info   ][gc,stats    ]      Memory: Heap Used Before Mark                         14466 / 14466         15965 / 30112         15965 / 30112         15965 / 30112       MB
[560.170s][info   ][gc,stats    ]      Memory: Heap Used Before Relocation                   10806 / 10806         11464 / 20378         11464 / 20378         11464 / 20378       MB
[560.170s][info   ][gc,stats    ]      Memory: Out Of Memory                                     0 / 0                 0 / 0                 0 / 0                 0 / 0           ops/s
[560.170s][info   ][gc,stats    ]      Memory: Page Cache Flush                                  0 / 0                 0 / 0                 0 / 0                 0 / 0           MB/s
[560.170s][info   ][gc,stats    ]      Memory: Page Cache Hit L1                               359 / 943             305 / 1642            305 / 1642            305 / 1642        ops/s
[560.170s][info   ][gc,stats    ]      Memory: Page Cache Hit L2                                 0 / 0                 1 / 179               1 / 179               1 / 179         ops/s
[560.170s][info   ][gc,stats    ]      Memory: Page Cache Miss                                   0 / 0                26 / 341              26 / 341              26 / 341         ops/s
[560.170s][info   ][gc,stats    ]      Memory: Undo Object Allocation Failed                     0 / 0                 0 / 0                 0 / 0                 0 / 0           ops/s
[560.170s][info   ][gc,stats    ]      Memory: Undo Object Allocation Succeeded                  9 / 95                0 / 95                0 / 95                0 / 95          ops/s
[560.170s][info   ][gc,stats    ]      Memory: Undo Page Allocation                              0 / 0                 0 / 69                0 / 69                0 / 69          ops/s
[560.170s][info   ][gc,stats    ]       Phase: Concurrent Destroy Detached Pages             0.001 / 0.001         0.001 / 0.001         0.001 / 0.001         0.001 / 0.001       ms
[560.170s][info   ][gc,stats    ]       Phase: Concurrent Mark                             200.246 / 200.246     197.059 / 275.553     197.059 / 275.553     197.059 / 275.553     ms
[560.170s][info   ][gc,stats    ]       Phase: Concurrent Mark Continue                      1.335 / 1.335         1.375 / 1.416         1.375 / 1.416         1.375 / 1.416       ms
[560.170s][info   ][gc,stats    ]       Phase: Concurrent Prepare Relocation Set            14.916 / 14.916       26.759 / 89.649       26.759 / 89.649       26.759 / 89.649      ms
[560.170s][info   ][gc,stats    ]       Phase: Concurrent Process Non-Strong References      1.699 / 1.699         3.011 / 19.270        3.011 / 19.270        3.011 / 19.270      ms
[560.170s][info   ][gc,stats    ]       Phase: Concurrent Relocate                          94.385 / 94.385       95.594 / 165.671      95.594 / 165.671      95.594 / 165.671     ms
[560.170s][info   ][gc,stats    ]       Phase: Concurrent Reset Relocation Set               2.179 / 2.179         2.919 / 14.653        2.919 / 14.653        2.919 / 14.653      ms
[560.170s][info   ][gc,stats    ]       Phase: Concurrent Select Relocation Set              2.557 / 2.557         4.185 / 12.148        4.185 / 12.148        4.185 / 12.148      ms
[560.170s][info   ][gc,stats    ]       Phase: Pause Mark End                                0.702 / 1.223         0.748 / 1.253         0.748 / 1.253         0.748 / 1.253       ms
[560.170s][info   ][gc,stats    ]       Phase: Pause Mark Start                              0.678 / 0.678         0.375 / 1.400         0.375 / 1.400         0.375 / 1.400       ms
[560.170s][info   ][gc,stats    ]       Phase: Pause Relocate Start                          0.208 / 0.208         0.233 / 1.025         0.233 / 1.025         0.233 / 1.025       ms
[560.170s][info   ][gc,stats    ]       Phase: Pause Verify                                  0.000 / 0.000         0.000 / 0.000         0.000 / 0.000         0.000 / 0.000       ms
[560.171s][info   ][gc,stats    ]    Subphase: Concurrent Classes Unload                     1.392 / 1.392         2.582 / 18.723        2.582 / 18.723        2.582 / 18.723      ms
[560.171s][info   ][gc,stats    ]    Subphase: Concurrent Mark                              99.283 / 198.002     181.915 / 273.889     181.915 / 273.889     181.915 / 273.889     ms
[560.171s][info   ][gc,stats    ]    Subphase: Concurrent Mark Idle                          1.135 / 1.185         1.138 / 1.365         1.138 / 1.365         1.138 / 1.365       ms
[560.171s][info   ][gc,stats    ]    Subphase: Concurrent Mark Try Flush                     0.065 / 0.105         0.081 / 0.545         0.081 / 0.545         0.081 / 0.545       ms
[560.171s][info   ][gc,stats    ]    Subphase: Concurrent Mark Try Terminate                 1.130 / 1.192         1.136 / 1.367         1.136 / 1.367         1.136 / 1.367       ms
[560.171s][info   ][gc,stats    ]    Subphase: Concurrent References Enqueue                 0.005 / 0.005         0.005 / 0.008         0.005 / 0.008         0.005 / 0.008       ms
[560.171s][info   ][gc,stats    ]    Subphase: Concurrent References Process                 0.055 / 0.055         0.078 / 0.140         0.078 / 0.140         0.078 / 0.140       ms
[560.171s][info   ][gc,stats    ]    Subphase: Concurrent Roots                              0.089 / 0.641         0.104 / 2.807         0.104 / 2.807         0.104 / 2.807       ms
[560.171s][info   ][gc,stats    ]    Subphase: Concurrent Roots ClassLoaderDataGraph         0.079 / 0.609         0.094 / 2.804         0.094 / 2.804         0.094 / 2.804       ms
[560.171s][info   ][gc,stats    ]    Subphase: Concurrent Roots JNIHandles                   0.015 / 0.028         0.040 / 0.551         0.040 / 0.551         0.040 / 0.551       ms
[560.171s][info   ][gc,stats    ]    Subphase: Concurrent Roots Setup                        1.420 / 1.420         0.317 / 1.622         0.317 / 1.622         0.317 / 1.622       ms
[560.171s][info   ][gc,stats    ]    Subphase: Concurrent Roots Teardown                     0.001 / 0.001         0.001 / 0.001         0.001 / 0.001         0.001 / 0.001       ms
[560.171s][info   ][gc,stats    ]    Subphase: Concurrent Weak Roots                         0.191 / 0.203         0.260 / 1.376         0.260 / 1.376         0.260 / 1.376       ms
[560.171s][info   ][gc,stats    ]    Subphase: Concurrent Weak Roots JNIWeakHandles          0.002 / 0.012         0.003 / 0.073         0.003 / 0.073         0.003 / 0.073       ms
[560.171s][info   ][gc,stats    ]    Subphase: Concurrent Weak Roots StringTable             0.163 / 0.175         0.233 / 1.327         0.233 / 1.327         0.233 / 1.327       ms
[560.171s][info   ][gc,stats    ]    Subphase: Concurrent Weak Roots VMWeakHandles           0.022 / 0.031         0.023 / 0.052         0.023 / 0.052         0.023 / 0.052       ms
[560.171s][info   ][gc,stats    ]    Subphase: Pause Mark Try Complete                       0.246 / 1.007         0.203 / 1.009         0.203 / 1.009         0.203 / 1.009       ms
[560.171s][info   ][gc,stats    ]    Subphase: Pause Roots                                   0.045 / 0.329         0.050 / 1.060         0.050 / 1.060         0.050 / 1.060       ms
[560.171s][info   ][gc,stats    ]    Subphase: Pause Roots CodeCache                         0.000 / 0.000         0.000 / 0.000         0.000 / 0.000         0.000 / 0.000       ms
[560.171s][info   ][gc,stats    ]    Subphase: Pause Roots JVMTIExport                       0.002 / 0.002         0.002 / 0.017         0.002 / 0.017         0.002 / 0.017       ms
[560.171s][info   ][gc,stats    ]    Subphase: Pause Roots JVMTIWeakExport                   0.001 / 0.001         0.001 / 0.002         0.001 / 0.002         0.001 / 0.002       ms
[560.171s][info   ][gc,stats    ]    Subphase: Pause Roots Management                        0.003 / 0.004         0.013 / 0.430         0.013 / 0.430         0.013 / 0.430       ms
[560.171s][info   ][gc,stats    ]    Subphase: Pause Roots ObjectSynchronizer                0.001 / 0.001         0.001 / 0.011         0.001 / 0.011         0.001 / 0.011       ms
[560.171s][info   ][gc,stats    ]    Subphase: Pause Roots Setup                             0.001 / 0.001         0.001 / 0.002         0.001 / 0.002         0.001 / 0.002       ms
[560.171s][info   ][gc,stats    ]    Subphase: Pause Roots SystemDictionary                  0.091 / 0.171         0.052 / 0.734         0.052 / 0.734         0.052 / 0.734       ms
[560.171s][info   ][gc,stats    ]    Subphase: Pause Roots Teardown                          0.003 / 0.006         0.004 / 0.009         0.004 / 0.009         0.004 / 0.009       ms
[560.171s][info   ][gc,stats    ]    Subphase: Pause Roots Threads                           0.060 / 0.316         0.060 / 1.042         0.060 / 1.042         0.060 / 1.042       ms
[560.171s][info   ][gc,stats    ]    Subphase: Pause Roots Universe                          0.004 / 0.005         0.020 / 0.626         0.020 / 0.626         0.020 / 0.626       ms
[560.171s][info   ][gc,stats    ]    Subphase: Pause Weak Roots                              0.001 / 0.005         0.001 / 0.007         0.001 / 0.007         0.001 / 0.007       ms
[560.171s][info   ][gc,stats    ]    Subphase: Pause Weak Roots JFRWeak                      0.001 / 0.001         0.001 / 0.001         0.001 / 0.001         0.001 / 0.001       ms
[560.171s][info   ][gc,stats    ]    Subphase: Pause Weak Roots JVMTIWeakExport              0.001 / 0.001         0.001 / 0.002         0.001 / 0.002         0.001 / 0.002       ms
[560.171s][info   ][gc,stats    ]    Subphase: Pause Weak Roots Setup                        0.001 / 0.001         0.001 / 0.001         0.001 / 0.001         0.001 / 0.001       ms
[560.171s][info   ][gc,stats    ]    Subphase: Pause Weak Roots Teardown                     0.001 / 0.001         0.001 / 0.004         0.001 / 0.004         0.001 / 0.004       ms
[560.171s][info   ][gc,stats    ]      System: Java Threads                                     62 / 62               59 / 65               59 / 65               59 / 65          threads
[560.171s][info   ][gc,stats    ] =========================================================================================================================================================
[570.170s][info   ][gc,stats    ] === Garbage Collection Statistics =======================================================================================================================
[570.170s][info   ][gc,stats    ]                                                              Last 10s              Last 10m              Last 10h                Total
[570.170s][info   ][gc,stats    ]                                                              Avg / Max             Avg / Max             Avg / Max             Avg / Max
[570.170s][info   ][gc,stats    ]   Collector: Garbage Collection Cycle                      0.000 / 0.000       332.173 / 515.532     332.173 / 515.532     332.173 / 515.532     ms
[570.170s][info   ][gc,stats    ]  Contention: Mark Segment Reset Contention                     0 / 0                17 / 850              17 / 850              17 / 850         ops/s
[570.170s][info   ][gc,stats    ]  Contention: Mark SeqNum Reset Contention                      0 / 0                 0 / 9                 0 / 9                 0 / 9           ops/s
[570.170s][info   ][gc,stats    ]  Contention: Relocation Contention                             0 / 0                 0 / 95                0 / 95                0 / 95          ops/s
[570.170s][info   ][gc,stats    ]    Critical: Allocation Stall                              0.000 / 0.000         0.000 / 0.000         0.000 / 0.000         0.000 / 0.000       ms
[570.170s][info   ][gc,stats    ]    Critical: Allocation Stall                                  0 / 0                 0 / 0                 0 / 0                 0 / 0           ops/s
[570.170s][info   ][gc,stats    ]    Critical: GC Locker Stall                               0.000 / 0.000         0.000 / 0.000         0.000 / 0.000         0.000 / 0.000       ms
[570.170s][info   ][gc,stats    ]    Critical: GC Locker Stall                                   0 / 0                 0 / 0                 0 / 0                 0 / 0           ops/s
[570.170s][info   ][gc,stats    ]      Memory: Allocation Rate                                 609 / 686             617 / 1436            617 / 1436            617 / 1436        MB/s
[570.170s][info   ][gc,stats    ]      Memory: Heap Used After Mark                              0 / 0             16141 / 30288         16141 / 30288         16141 / 30288       MB
[570.170s][info   ][gc,stats    ]      Memory: Heap Used After Relocation                        0 / 0              3703 / 4228           3703 / 4228           3703 / 4228        MB
[570.170s][info   ][gc,stats    ]      Memory: Heap Used Before Mark                             0 / 0             15965 / 30112         15965 / 30112         15965 / 30112       MB
[570.170s][info   ][gc,stats    ]      Memory: Heap Used Before Relocation                       0 / 0             11464 / 20378         11464 / 20378         11464 / 20378       MB
[570.170s][info   ][gc,stats    ]      Memory: Out Of Memory                                     0 / 0                 0 / 0                 0 / 0                 0 / 0           ops/s
[570.170s][info   ][gc,stats    ]      Memory: Page Cache Flush                                  0 / 0                 0 / 0                 0 / 0                 0 / 0           MB/s
[570.170s][info   ][gc,stats    ]      Memory: Page Cache Hit L1                               294 / 328             305 / 1642            305 / 1642            305 / 1642        ops/s
[570.170s][info   ][gc,stats    ]      Memory: Page Cache Hit L2                                 0 / 0                 1 / 179               1 / 179               1 / 179         ops/s
[570.170s][info   ][gc,stats    ]      Memory: Page Cache Miss                                   0 / 0                25 / 341              25 / 341              25 / 341         ops/s
[570.170s][info   ][gc,stats    ]      Memory: Undo Object Allocation Failed                     0 / 0                 0 / 0                 0 / 0                 0 / 0           ops/s
[570.170s][info   ][gc,stats    ]      Memory: Undo Object Allocation Succeeded                  0 / 0                 0 / 95                0 / 95                0 / 95          ops/s
[570.170s][info   ][gc,stats    ]      Memory: Undo Page Allocation                              0 / 0                 0 / 69                0 / 69                0 / 69          ops/s
[570.170s][info   ][gc,stats    ]       Phase: Concurrent Destroy Detached Pages             0.000 / 0.000         0.001 / 0.001         0.001 / 0.001         0.001 / 0.001       ms
[570.170s][info   ][gc,stats    ]       Phase: Concurrent Mark                               0.000 / 0.000       197.059 / 275.553     197.059 / 275.553     197.059 / 275.553     ms
[570.170s][info   ][gc,stats    ]       Phase: Concurrent Mark Continue                      0.000 / 0.000         1.375 / 1.416         1.375 / 1.416         1.375 / 1.416       ms
[570.170s][info   ][gc,stats    ]       Phase: Concurrent Prepare Relocation Set             0.000 / 0.000        26.759 / 89.649       26.759 / 89.649       26.759 / 89.649      ms
[570.170s][info   ][gc,stats    ]       Phase: Concurrent Process Non-Strong References      0.000 / 0.000         3.011 / 19.270        3.011 / 19.270        3.011 / 19.270      ms
[570.170s][info   ][gc,stats    ]       Phase: Concurrent Relocate                           0.000 / 0.000        95.594 / 165.671      95.594 / 165.671      95.594 / 165.671     ms
[570.170s][info   ][gc,stats    ]       Phase: Concurrent Reset Relocation Set               0.000 / 0.000         2.919 / 14.653        2.919 / 14.653        2.919 / 14.653      ms
[570.170s][info   ][gc,stats    ]       Phase: Concurrent Select Relocation Set              0.000 / 0.000         4.185 / 12.148        4.185 / 12.148        4.185 / 12.148      ms
[570.170s][info   ][gc,stats    ]       Phase: Pause Mark End                                0.000 / 0.000         0.748 / 1.253         0.748 / 1.253         0.748 / 1.253       ms
[570.170s][info   ][gc,stats    ]       Phase: Pause Mark Start                              0.000 / 0.000         0.375 / 1.400         0.375 / 1.400         0.375 / 1.400       ms
[570.170s][info   ][gc,stats    ]       Phase: Pause Relocate Start                          0.000 / 0.000         0.233 / 1.025         0.233 / 1.025         0.233 / 1.025       ms
[570.170s][info   ][gc,stats    ]       Phase: Pause Verify                                  0.000 / 0.000         0.000 / 0.000         0.000 / 0.000         0.000 / 0.000       ms
[570.170s][info   ][gc,stats    ]    Subphase: Concurrent Classes Unload                     0.000 / 0.000         2.582 / 18.723        2.582 / 18.723        2.582 / 18.723      ms
[570.170s][info   ][gc,stats    ]    Subphase: Concurrent Mark                               0.000 / 0.000       181.915 / 273.889     181.915 / 273.889     181.915 / 273.889     ms
[570.170s][info   ][gc,stats    ]    Subphase: Concurrent Mark Idle                          0.000 / 0.000         1.138 / 1.365         1.138 / 1.365         1.138 / 1.365       ms
[570.170s][info   ][gc,stats    ]    Subphase: Concurrent Mark Try Flush                     0.000 / 0.000         0.081 / 0.545         0.081 / 0.545         0.081 / 0.545       ms
[570.170s][info   ][gc,stats    ]    Subphase: Concurrent Mark Try Terminate                 0.000 / 0.000         1.136 / 1.367         1.136 / 1.367         1.136 / 1.367       ms
[570.170s][info   ][gc,stats    ]    Subphase: Concurrent References Enqueue                 0.000 / 0.000         0.005 / 0.008         0.005 / 0.008         0.005 / 0.008       ms
[570.170s][info   ][gc,stats    ]    Subphase: Concurrent References Process                 0.000 / 0.000         0.078 / 0.140         0.078 / 0.140         0.078 / 0.140       ms
[570.170s][info   ][gc,stats    ]    Subphase: Concurrent Roots                              0.000 / 0.000         0.104 / 2.807         0.104 / 2.807         0.104 / 2.807       ms
[570.170s][info   ][gc,stats    ]    Subphase: Concurrent Roots ClassLoaderDataGraph         0.000 / 0.000         0.094 / 2.804         0.094 / 2.804         0.094 / 2.804       ms
[570.170s][info   ][gc,stats    ]    Subphase: Concurrent Roots JNIHandles                   0.000 / 0.000         0.040 / 0.551         0.040 / 0.551         0.040 / 0.551       ms
[570.170s][info   ][gc,stats    ]    Subphase: Concurrent Roots Setup                        0.000 / 0.000         0.317 / 1.622         0.317 / 1.622         0.317 / 1.622       ms
[570.170s][info   ][gc,stats    ]    Subphase: Concurrent Roots Teardown                     0.000 / 0.000         0.001 / 0.001         0.001 / 0.001         0.001 / 0.001       ms
[570.170s][info   ][gc,stats    ]    Subphase: Concurrent Weak Roots                         0.000 / 0.000         0.260 / 1.376         0.260 / 1.376         0.260 / 1.376       ms
[570.170s][info   ][gc,stats    ]    Subphase: Concurrent Weak Roots JNIWeakHandles          0.000 / 0.000         0.003 / 0.073         0.003 / 0.073         0.003 / 0.073       ms
[570.170s][info   ][gc,stats    ]    Subphase: Concurrent Weak Roots StringTable             0.000 / 0.000         0.233 / 1.327         0.233 / 1.327         0.233 / 1.327       ms
[570.170s][info   ][gc,stats    ]    Subphase: Concurrent Weak Roots VMWeakHandles           0.000 / 0.000         0.023 / 0.052         0.023 / 0.052         0.023 / 0.052       ms
[570.171s][info   ][gc,stats    ]    Subphase: Pause Mark Try Complete                       0.000 / 0.000         0.203 / 1.009         0.203 / 1.009         0.203 / 1.009       ms
[570.171s][info   ][gc,stats    ]    Subphase: Pause Roots                                   0.000 / 0.000         0.050 / 1.060         0.050 / 1.060         0.050 / 1.060       ms
[570.171s][info   ][gc,stats    ]    Subphase: Pause Roots CodeCache                         0.000 / 0.000         0.000 / 0.000         0.000 / 0.000         0.000 / 0.000       ms
[570.171s][info   ][gc,stats    ]    Subphase: Pause Roots JVMTIExport                       0.000 / 0.000         0.002 / 0.017         0.002 / 0.017         0.002 / 0.017       ms
[570.171s][info   ][gc,stats    ]    Subphase: Pause Roots JVMTIWeakExport                   0.000 / 0.000         0.001 / 0.002         0.001 / 0.002         0.001 / 0.002       ms
[570.171s][info   ][gc,stats    ]    Subphase: Pause Roots Management                        0.000 / 0.000         0.013 / 0.430         0.013 / 0.430         0.013 / 0.430       ms
[570.171s][info   ][gc,stats    ]    Subphase: Pause Roots ObjectSynchronizer                0.000 / 0.000         0.001 / 0.011         0.001 / 0.011         0.001 / 0.011       ms
[570.171s][info   ][gc,stats    ]    Subphase: Pause Roots Setup                             0.000 / 0.000         0.001 / 0.002         0.001 / 0.002         0.001 / 0.002       ms
[570.171s][info   ][gc,stats    ]    Subphase: Pause Roots SystemDictionary                  0.000 / 0.000         0.052 / 0.734         0.052 / 0.734         0.052 / 0.734       ms
[570.171s][info   ][gc,stats    ]    Subphase: Pause Roots Teardown                          0.000 / 0.000         0.004 / 0.009         0.004 / 0.009         0.004 / 0.009       ms
[570.171s][info   ][gc,stats    ]    Subphase: Pause Roots Threads                           0.000 / 0.000         0.060 / 1.042         0.060 / 1.042         0.060 / 1.042       ms
[570.171s][info   ][gc,stats    ]    Subphase: Pause Roots Universe                          0.000 / 0.000         0.020 / 0.626         0.020 / 0.626         0.020 / 0.626       ms
[570.171s][info   ][gc,stats    ]    Subphase: Pause Weak Roots                              0.000 / 0.000         0.001 / 0.007         0.001 / 0.007         0.001 / 0.007       ms
[570.171s][info   ][gc,stats    ]    Subphase: Pause Weak Roots JFRWeak                      0.000 / 0.000         0.001 / 0.001         0.001 / 0.001         0.001 / 0.001       ms
[570.171s][info   ][gc,stats    ]    Subphase: Pause Weak Roots JVMTIWeakExport              0.000 / 0.000         0.001 / 0.002         0.001 / 0.002         0.001 / 0.002       ms
[570.171s][info   ][gc,stats    ]    Subphase: Pause Weak Roots Setup                        0.000 / 0.000         0.001 / 0.001         0.001 / 0.001         0.001 / 0.001       ms
[570.171s][info   ][gc,stats    ]    Subphase: Pause Weak Roots Teardown                     0.000 / 0.000         0.001 / 0.004         0.001 / 0.004         0.001 / 0.004       ms
[570.171s][info   ][gc,stats    ]      System: Java Threads                                      0 / 0                59 / 65               59 / 65               59 / 65          threads
[570.171s][info   ][gc,stats    ] =========================================================================================================================================================
[571.170s][info   ][gc,start    ] GC(27) Garbage Collection (Proactive)
[571.170s][info   ][gc,phases   ] GC(27) Pause Mark Start 0.200ms
[571.365s][info   ][gc,phases   ] GC(27) Concurrent Mark 194.066ms
[571.366s][info   ][gc,phases   ] GC(27) Pause Mark End 1.288ms
[571.368s][info   ][gc,phases   ] GC(27) Concurrent Process Non-Strong References 1.591ms
[571.369s][info   ][gc,phases   ] GC(27) Concurrent Reset Relocation Set 1.216ms
[571.369s][info   ][gc,phases   ] GC(27) Concurrent Destroy Detached Pages 0.001ms
[571.371s][info   ][gc,phases   ] GC(27) Concurrent Select Relocation Set 2.373ms
[571.381s][info   ][gc,phases   ] GC(27) Concurrent Prepare Relocation Set 9.683ms
[571.381s][info   ][gc,phases   ] GC(27) Pause Relocate Start 0.251ms
[571.477s][info   ][gc,phases   ] GC(27) Concurrent Relocate 95.323ms
[571.477s][info   ][gc,load     ] GC(27) Load: 3.42/2.99/1.62
[571.477s][info   ][gc,mmu      ] GC(27) MMU: 2ms/30.0%, 5ms/69.9%, 10ms/81.7%, 20ms/87.7%, 50ms/95.1%, 100ms/97.5%
[571.477s][info   ][gc,marking  ] GC(27) Mark: 8 stripe(s), 10 proactive flush(es), 2 terminate flush(es), 1 completion(s), 0 continuation(s) 
[571.477s][info   ][gc,reloc    ] GC(27) Relocation: Successful, 1299M relocated
[571.477s][info   ][gc,nmethod  ] GC(27) NMethods: 5598 registered, 1156 unregistered
[571.477s][info   ][gc,metaspace] GC(27) Metaspace: 40M used, 41M capacity, 41M committed, 42M reserved
[571.477s][info   ][gc,ref      ] GC(27) Soft: 3327 encountered, 0 discovered, 0 enqueued
[571.477s][info   ][gc,ref      ] GC(27) Weak: 1530 encountered, 761 discovered, 0 enqueued
[571.477s][info   ][gc,ref      ] GC(27) Final: 30 encountered, 3 discovered, 3 enqueued
[571.477s][info   ][gc,ref      ] GC(27) Phantom: 120 encountered, 78 discovered, 0 enqueued
[571.477s][info   ][gc,heap     ] GC(27)                Mark Start          Mark End        Relocate Start      Relocate End           High               Low         
[571.477s][info   ][gc,heap     ] GC(27)  Capacity:    30390M (30%)       30390M (30%)       30390M (30%)       30390M (30%)       30390M (30%)       30390M (30%)    
[571.477s][info   ][gc,heap     ] GC(27)   Reserve:       80M (0%)           80M (0%)           80M (0%)           80M (0%)           80M (0%)           80M (0%)     
[571.477s][info   ][gc,heap     ] GC(27)      Free:    86158M (86%)       86004M (86%)       89894M (90%)       96364M (96%)       96364M (96%)       86004M (86%)    
[571.477s][info   ][gc,heap     ] GC(27)      Used:    14114M (14%)       14268M (14%)       10378M (10%)        3908M (4%)        14268M (14%)        3908M (4%)     
[571.477s][info   ][gc,heap     ] GC(27)      Live:         -              3480M (3%)         3480M (3%)         3480M (3%)             -                  -          
[571.477s][info   ][gc,heap     ] GC(27) Allocated:         -               154M (0%)          156M (0%)         1404M (1%)             -                  -          
[571.477s][info   ][gc,heap     ] GC(27)   Garbage:         -             10633M (11%)        6741M (7%)          221M (0%)             -                  -          
[571.477s][info   ][gc,heap     ] GC(27) Reclaimed:         -                  -              3892M (4%)        10412M (10%)            -                  -          
[571.477s][info   ][gc          ] GC(27) Garbage Collection (Proactive) 14114M(14%)->3908M(4%)
[580.170s][info   ][gc,stats    ] === Garbage Collection Statistics =======================================================================================================================
[580.170s][info   ][gc,stats    ]                                                              Last 10s              Last 10m              Last 10h                Total
[580.170s][info   ][gc,stats    ]                                                              Avg / Max             Avg / Max             Avg / Max             Avg / Max
[580.170s][info   ][gc,stats    ]   Collector: Garbage Collection Cycle                    306.951 / 306.951     331.272 / 515.532     331.272 / 515.532     331.272 / 515.532     ms
[580.170s][info   ][gc,stats    ]  Contention: Mark Segment Reset Contention                    29 / 296              17 / 850              17 / 850              17 / 850         ops/s
[580.170s][info   ][gc,stats    ]  Contention: Mark SeqNum Reset Contention                      0 / 3                 0 / 9                 0 / 9                 0 / 9           ops/s
[580.170s][info   ][gc,stats    ]  Contention: Relocation Contention                             0 / 5                 0 / 95                0 / 95                0 / 95          ops/s
[580.170s][info   ][gc,stats    ]    Critical: Allocation Stall                              0.000 / 0.000         0.000 / 0.000         0.000 / 0.000         0.000 / 0.000       ms
[580.170s][info   ][gc,stats    ]    Critical: Allocation Stall                                  0 / 0                 0 / 0                 0 / 0                 0 / 0           ops/s
[580.170s][info   ][gc,stats    ]    Critical: GC Locker Stall                               0.000 / 0.000         0.000 / 0.000         0.000 / 0.000         0.000 / 0.000       ms
[580.170s][info   ][gc,stats    ]    Critical: GC Locker Stall                                   0 / 0                 0 / 0                 0 / 0                 0 / 0           ops/s
[580.170s][info   ][gc,stats    ]      Memory: Allocation Rate                                 626 / 698             617 / 1436            617 / 1436            617 / 1436        MB/s
[580.170s][info   ][gc,stats    ]      Memory: Heap Used After Mark                          14268 / 14268         16074 / 30288         16074 / 30288         16074 / 30288       MB
[580.170s][info   ][gc,stats    ]      Memory: Heap Used After Relocation                     3908 / 3908           3711 / 4228           3711 / 4228           3711 / 4228        MB
[580.170s][info   ][gc,stats    ]      Memory: Heap Used Before Mark                         14114 / 14114         15899 / 30112         15899 / 30112         15899 / 30112       MB
[580.170s][info   ][gc,stats    ]      Memory: Heap Used Before Relocation                   10378 / 10378         11426 / 20378         11426 / 20378         11426 / 20378       MB
[580.170s][info   ][gc,stats    ]      Memory: Out Of Memory                                     0 / 0                 0 / 0                 0 / 0                 0 / 0           ops/s
[580.170s][info   ][gc,stats    ]      Memory: Page Cache Flush                                  0 / 0                 0 / 0                 0 / 0                 0 / 0           MB/s
[580.170s][info   ][gc,stats    ]      Memory: Page Cache Hit L1                               362 / 891             306 / 1642            306 / 1642            306 / 1642        ops/s
[580.170s][info   ][gc,stats    ]      Memory: Page Cache Hit L2                                 0 / 0                 1 / 179               1 / 179               1 / 179         ops/s
[580.170s][info   ][gc,stats    ]      Memory: Page Cache Miss                                   0 / 0                25 / 341              25 / 341              25 / 341         ops/s
[580.170s][info   ][gc,stats    ]      Memory: Undo Object Allocation Failed                     0 / 0                 0 / 0                 0 / 0                 0 / 0           ops/s
[580.170s][info   ][gc,stats    ]      Memory: Undo Object Allocation Succeeded                  0 / 5                 0 / 95                0 / 95                0 / 95          ops/s
[580.170s][info   ][gc,stats    ]      Memory: Undo Page Allocation                              0 / 0                 0 / 69                0 / 69                0 / 69          ops/s
[580.170s][info   ][gc,stats    ]       Phase: Concurrent Destroy Detached Pages             0.001 / 0.001         0.001 / 0.001         0.001 / 0.001         0.001 / 0.001       ms
[580.170s][info   ][gc,stats    ]       Phase: Concurrent Mark                             194.066 / 194.066     196.953 / 275.553     196.953 / 275.553     196.953 / 275.553     ms
[580.170s][info   ][gc,stats    ]       Phase: Concurrent Mark Continue                      0.000 / 0.000         1.375 / 1.416         1.375 / 1.416         1.375 / 1.416       ms
[580.170s][info   ][gc,stats    ]       Phase: Concurrent Prepare Relocation Set             9.683 / 9.683        26.149 / 89.649       26.149 / 89.649       26.149 / 89.649      ms
[580.170s][info   ][gc,stats    ]       Phase: Concurrent Process Non-Strong References      1.591 / 1.591         2.960 / 19.270        2.960 / 19.270        2.960 / 19.270      ms
[580.170s][info   ][gc,stats    ]       Phase: Concurrent Relocate                          95.323 / 95.323       95.584 / 165.671      95.584 / 165.671      95.584 / 165.671     ms
[580.170s][info   ][gc,stats    ]       Phase: Concurrent Reset Relocation Set               1.216 / 1.216         2.858 / 14.653        2.858 / 14.653        2.858 / 14.653      ms
[580.170s][info   ][gc,stats    ]       Phase: Concurrent Select Relocation Set              2.373 / 2.373         4.120 / 12.148        4.120 / 12.148        4.120 / 12.148      ms
[580.170s][info   ][gc,stats    ]       Phase: Pause Mark End                                1.288 / 1.288         0.766 / 1.288         0.766 / 1.288         0.766 / 1.288       ms
[580.170s][info   ][gc,stats    ]       Phase: Pause Mark Start                              0.200 / 0.200         0.369 / 1.400         0.369 / 1.400         0.369 / 1.400       ms
[580.170s][info   ][gc,stats    ]       Phase: Pause Relocate Start                          0.251 / 0.251         0.234 / 1.025         0.234 / 1.025         0.234 / 1.025       ms
[580.170s][info   ][gc,stats    ]       Phase: Pause Verify                                  0.000 / 0.000         0.000 / 0.000         0.000 / 0.000         0.000 / 0.000       ms
[580.170s][info   ][gc,stats    ]    Subphase: Concurrent Classes Unload                     1.293 / 1.293         2.536 / 18.723        2.536 / 18.723        2.536 / 18.723      ms
[580.170s][info   ][gc,stats    ]    Subphase: Concurrent Mark                             192.861 / 193.342     182.280 / 273.889     182.280 / 273.889     182.280 / 273.889     ms
[580.170s][info   ][gc,stats    ]    Subphase: Concurrent Mark Idle                          1.141 / 1.173         1.138 / 1.365         1.138 / 1.365         1.138 / 1.365       ms
[580.170s][info   ][gc,stats    ]    Subphase: Concurrent Mark Try Flush                     0.066 / 0.097         0.080 / 0.545         0.080 / 0.545         0.080 / 0.545       ms
[580.170s][info   ][gc,stats    ]    Subphase: Concurrent Mark Try Terminate                 1.139 / 1.178         1.136 / 1.367         1.136 / 1.367         1.136 / 1.367       ms
[580.170s][info   ][gc,stats    ]    Subphase: Concurrent References Enqueue                 0.005 / 0.005         0.005 / 0.008         0.005 / 0.008         0.005 / 0.008       ms
[580.170s][info   ][gc,stats    ]    Subphase: Concurrent References Process                 0.056 / 0.056         0.077 / 0.140         0.077 / 0.140         0.077 / 0.140       ms
[580.170s][info   ][gc,stats    ]    Subphase: Concurrent Roots                              0.068 / 0.412         0.103 / 2.807         0.103 / 2.807         0.103 / 2.807       ms
[580.170s][info   ][gc,stats    ]    Subphase: Concurrent Roots ClassLoaderDataGraph         0.061 / 0.410         0.092 / 2.804         0.092 / 2.804         0.092 / 2.804       ms
[580.170s][info   ][gc,stats    ]    Subphase: Concurrent Roots JNIHandles                   0.009 / 0.016         0.038 / 0.551         0.038 / 0.551         0.038 / 0.551       ms
[580.170s][info   ][gc,stats    ]    Subphase: Concurrent Roots Setup                        0.082 / 0.082         0.309 / 1.622         0.309 / 1.622         0.309 / 1.622       ms
[580.170s][info   ][gc,stats    ]    Subphase: Concurrent Roots Teardown                     0.001 / 0.001         0.001 / 0.001         0.001 / 0.001         0.001 / 0.001       ms
[580.170s][info   ][gc,stats    ]    Subphase: Concurrent Weak Roots                         0.180 / 0.202         0.257 / 1.376         0.257 / 1.376         0.257 / 1.376       ms
[580.170s][info   ][gc,stats    ]    Subphase: Concurrent Weak Roots JNIWeakHandles          0.002 / 0.004         0.003 / 0.073         0.003 / 0.073         0.003 / 0.073       ms
[580.170s][info   ][gc,stats    ]    Subphase: Concurrent Weak Roots StringTable             0.151 / 0.159         0.230 / 1.327         0.230 / 1.327         0.230 / 1.327       ms
[580.170s][info   ][gc,stats    ]    Subphase: Concurrent Weak Roots VMWeakHandles           0.024 / 0.042         0.023 / 0.052         0.023 / 0.052         0.023 / 0.052       ms
[580.170s][info   ][gc,stats    ]    Subphase: Pause Mark Try Complete                       0.290 / 1.000         0.206 / 1.009         0.206 / 1.009         0.206 / 1.009       ms
[580.170s][info   ][gc,stats    ]    Subphase: Pause Roots                                   0.037 / 0.203         0.050 / 1.060         0.050 / 1.060         0.050 / 1.060       ms
[580.170s][info   ][gc,stats    ]    Subphase: Pause Roots CodeCache                         0.000 / 0.000         0.000 / 0.000         0.000 / 0.000         0.000 / 0.000       ms
[580.170s][info   ][gc,stats    ]    Subphase: Pause Roots JVMTIExport                       0.002 / 0.002         0.002 / 0.017         0.002 / 0.017         0.002 / 0.017       ms
[580.170s][info   ][gc,stats    ]    Subphase: Pause Roots JVMTIWeakExport                   0.001 / 0.001         0.001 / 0.002         0.001 / 0.002         0.001 / 0.002       ms
[580.170s][info   ][gc,stats    ]    Subphase: Pause Roots Management                        0.006 / 0.010         0.013 / 0.430         0.013 / 0.430         0.013 / 0.430       ms
[580.170s][info   ][gc,stats    ]    Subphase: Pause Roots ObjectSynchronizer                0.001 / 0.001         0.001 / 0.011         0.001 / 0.011         0.001 / 0.011       ms
[580.170s][info   ][gc,stats    ]    Subphase: Pause Roots Setup                             0.001 / 0.001         0.001 / 0.002         0.001 / 0.002         0.001 / 0.002       ms
[580.170s][info   ][gc,stats    ]    Subphase: Pause Roots SystemDictionary                  0.021 / 0.029         0.051 / 0.734         0.051 / 0.734         0.051 / 0.734       ms
[580.170s][info   ][gc,stats    ]    Subphase: Pause Roots Teardown                          0.004 / 0.006         0.004 / 0.009         0.004 / 0.009         0.004 / 0.009       ms
[580.170s][info   ][gc,stats    ]    Subphase: Pause Roots Threads                           0.042 / 0.187         0.059 / 1.042         0.059 / 1.042         0.059 / 1.042       ms
[580.170s][info   ][gc,stats    ]    Subphase: Pause Roots Universe                          0.006 / 0.007         0.019 / 0.626         0.019 / 0.626         0.019 / 0.626       ms
[580.170s][info   ][gc,stats    ]    Subphase: Pause Weak Roots                              0.002 / 0.005         0.001 / 0.007         0.001 / 0.007         0.001 / 0.007       ms
[580.170s][info   ][gc,stats    ]    Subphase: Pause Weak Roots JFRWeak                      0.002 / 0.002         0.001 / 0.002         0.001 / 0.002         0.001 / 0.002       ms
[580.170s][info   ][gc,stats    ]    Subphase: Pause Weak Roots JVMTIWeakExport              0.002 / 0.002         0.001 / 0.002         0.001 / 0.002         0.001 / 0.002       ms
[580.170s][info   ][gc,stats    ]    Subphase: Pause Weak Roots Setup                        0.001 / 0.001         0.001 / 0.001         0.001 / 0.001         0.001 / 0.001       ms
[580.170s][info   ][gc,stats    ]    Subphase: Pause Weak Roots Teardown                     0.001 / 0.001         0.001 / 0.004         0.001 / 0.004         0.001 / 0.004       ms
[580.170s][info   ][gc,stats    ]      System: Java Threads                                     62 / 62               59 / 65               59 / 65               59 / 65          threads
[580.170s][info   ][gc,stats    ] =========================================================================================================================================================
[587.670s][info   ][gc,start    ] GC(28) Garbage Collection (Proactive)
[587.670s][info   ][gc,phases   ] GC(28) Pause Mark Start 0.236ms
[587.864s][info   ][gc,phases   ] GC(28) Concurrent Mark 193.830ms
[587.865s][info   ][gc,phases   ] GC(28) Pause Mark End 0.567ms
[587.867s][info   ][gc,phases   ] GC(28) Concurrent Process Non-Strong References 1.595ms
[587.868s][info   ][gc,phases   ] GC(28) Concurrent Reset Relocation Set 1.170ms
[587.868s][info   ][gc,phases   ] GC(28) Concurrent Destroy Detached Pages 0.001ms
[587.872s][info   ][gc,phases   ] GC(28) Concurrent Select Relocation Set 3.726ms
[587.882s][info   ][gc,phases   ] GC(28) Concurrent Prepare Relocation Set 10.588ms
[587.883s][info   ][gc,phases   ] GC(28) Pause Relocate Start 0.226ms
[587.974s][info   ][gc,phases   ] GC(28) Concurrent Relocate 90.661ms
[587.974s][info   ][gc,load     ] GC(28) Load: 4.58/3.25/1.74
[587.974s][info   ][gc,mmu      ] GC(28) MMU: 2ms/30.0%, 5ms/69.9%, 10ms/81.7%, 20ms/87.7%, 50ms/95.1%, 100ms/97.5%
[587.974s][info   ][gc,marking  ] GC(28) Mark: 8 stripe(s), 10 proactive flush(es), 1 terminate flush(es), 1 completion(s), 0 continuation(s) 
[587.974s][info   ][gc,reloc    ] GC(28) Relocation: Successful, 1315M relocated
[587.974s][info   ][gc,nmethod  ] GC(28) NMethods: 5603 registered, 1157 unregistered
[587.974s][info   ][gc,metaspace] GC(28) Metaspace: 40M used, 41M capacity, 41M committed, 42M reserved
[587.974s][info   ][gc,ref      ] GC(28) Soft: 3327 encountered, 0 discovered, 0 enqueued
[587.974s][info   ][gc,ref      ] GC(28) Weak: 1530 encountered, 585 discovered, 0 enqueued
[587.974s][info   ][gc,ref      ] GC(28) Final: 30 encountered, 3 discovered, 3 enqueued
[587.974s][info   ][gc,ref      ] GC(28) Phantom: 120 encountered, 79 discovered, 0 enqueued
[587.974s][info   ][gc,heap     ] GC(28)                Mark Start          Mark End        Relocate Start      Relocate End           High               Low         
[587.974s][info   ][gc,heap     ] GC(28)  Capacity:    30390M (30%)       30390M (30%)       30390M (30%)       30390M (30%)       30390M (30%)       30390M (30%)    
[587.974s][info   ][gc,heap     ] GC(28)   Reserve:       80M (0%)           80M (0%)           80M (0%)           80M (0%)           80M (0%)           80M (0%)     
[587.974s][info   ][gc,heap     ] GC(28)      Free:    86154M (86%)       85964M (86%)       89754M (89%)       96338M (96%)       96338M (96%)       85962M (86%)    
[587.974s][info   ][gc,heap     ] GC(28)      Used:    14118M (14%)       14308M (14%)       10518M (10%)        3934M (4%)        14310M (14%)        3934M (4%)     
[587.974s][info   ][gc,heap     ] GC(28)      Live:         -              3455M (3%)         3455M (3%)         3455M (3%)             -                  -          
[587.974s][info   ][gc,heap     ] GC(28) Allocated:         -               190M (0%)          200M (0%)         1516M (2%)             -                  -          
[587.974s][info   ][gc,heap     ] GC(28)   Garbage:         -             10662M (11%)        6862M (7%)          220M (0%)             -                  -          
[587.974s][info   ][gc,heap     ] GC(28) Reclaimed:         -                  -              3800M (4%)        10442M (10%)            -                  -          
[587.974s][info   ][gc          ] GC(28) Garbage Collection (Proactive) 14118M(14%)->3934M(4%)
[590.169s][info   ][gc,stats    ] === Garbage Collection Statistics =======================================================================================================================
[590.169s][info   ][gc,stats    ]                                                              Last 10s              Last 10m              Last 10h                Total
[590.169s][info   ][gc,stats    ]                                                              Avg / Max             Avg / Max             Avg / Max             Avg / Max
[590.169s][info   ][gc,stats    ]   Collector: Garbage Collection Cycle                    303.591 / 303.591     330.317 / 515.532     330.317 / 515.532     330.317 / 515.532     ms
[590.169s][info   ][gc,stats    ]  Contention: Mark Segment Reset Contention                    34 / 348              17 / 850              17 / 850              17 / 850         ops/s
[590.169s][info   ][gc,stats    ]  Contention: Mark SeqNum Reset Contention                      0 / 1                 0 / 9                 0 / 9                 0 / 9           ops/s
[590.169s][info   ][gc,stats    ]  Contention: Relocation Contention                             0 / 6                 0 / 95                0 / 95                0 / 95          ops/s
[590.169s][info   ][gc,stats    ]    Critical: Allocation Stall                              0.000 / 0.000         0.000 / 0.000         0.000 / 0.000         0.000 / 0.000       ms
[590.169s][info   ][gc,stats    ]    Critical: Allocation Stall                                  0 / 0                 0 / 0                 0 / 0                 0 / 0           ops/s
[590.169s][info   ][gc,stats    ]    Critical: GC Locker Stall                               0.000 / 0.000         0.000 / 0.000         0.000 / 0.000         0.000 / 0.000       ms
[590.169s][info   ][gc,stats    ]    Critical: GC Locker Stall                                   0 / 0                 0 / 0                 0 / 0                 0 / 0           ops/s
[590.169s][info   ][gc,stats    ]      Memory: Allocation Rate                                 633 / 750             617 / 1436            617 / 1436            617 / 1436        MB/s
[590.169s][info   ][gc,stats    ]      Memory: Heap Used After Mark                          14308 / 14308         16013 / 30288         16013 / 30288         16013 / 30288       MB
[590.169s][info   ][gc,stats    ]      Memory: Heap Used After Relocation                     3934 / 3934           3718 / 4228           3718 / 4228           3718 / 4228        MB
[590.169s][info   ][gc,stats    ]      Memory: Heap Used Before Mark                         14118 / 14118         15838 / 30112         15838 / 30112         15838 / 30112       MB
[590.170s][info   ][gc,stats    ]      Memory: Heap Used Before Relocation                   10518 / 10518         11394 / 20378         11394 / 20378         11394 / 20378       MB
[590.170s][info   ][gc,stats    ]      Memory: Out Of Memory                                     0 / 0                 0 / 0                 0 / 0                 0 / 0           ops/s
[590.170s][info   ][gc,stats    ]      Memory: Page Cache Flush                                  0 / 0                 0 / 0                 0 / 0                 0 / 0           MB/s
[590.170s][info   ][gc,stats    ]      Memory: Page Cache Hit L1                               367 / 966             307 / 1642            307 / 1642            307 / 1642        ops/s
[590.170s][info   ][gc,stats    ]      Memory: Page Cache Hit L2                                 0 / 0                 1 / 179               1 / 179               1 / 179         ops/s
[590.170s][info   ][gc,stats    ]      Memory: Page Cache Miss                                   0 / 0                24 / 341              24 / 341              24 / 341         ops/s
[590.170s][info   ][gc,stats    ]      Memory: Undo Object Allocation Failed                     0 / 0                 0 / 0                 0 / 0                 0 / 0           ops/s
[590.170s][info   ][gc,stats    ]      Memory: Undo Object Allocation Succeeded                  0 / 6                 0 / 95                0 / 95                0 / 95          ops/s
[590.170s][info   ][gc,stats    ]      Memory: Undo Page Allocation                              0 / 0                 0 / 69                0 / 69                0 / 69          ops/s
[590.170s][info   ][gc,stats    ]       Phase: Concurrent Destroy Detached Pages             0.001 / 0.001         0.001 / 0.001         0.001 / 0.001         0.001 / 0.001       ms
[590.170s][info   ][gc,stats    ]       Phase: Concurrent Mark                             193.830 / 193.830     196.845 / 275.553     196.845 / 275.553     196.845 / 275.553     ms
[590.170s][info   ][gc,stats    ]       Phase: Concurrent Mark Continue                      0.000 / 0.000         1.375 / 1.416         1.375 / 1.416         1.375 / 1.416       ms
[590.170s][info   ][gc,stats    ]       Phase: Concurrent Prepare Relocation Set            10.588 / 10.588       25.613 / 89.649       25.613 / 89.649       25.613 / 89.649      ms
[590.170s][info   ][gc,stats    ]       Phase: Concurrent Process Non-Strong References      1.595 / 1.595         2.913 / 19.270        2.913 / 19.270        2.913 / 19.270      ms
[590.170s][info   ][gc,stats    ]       Phase: Concurrent Relocate                          90.661 / 90.661       95.415 / 165.671      95.415 / 165.671      95.415 / 165.671     ms
[590.170s][info   ][gc,stats    ]       Phase: Concurrent Reset Relocation Set               1.170 / 1.170         2.800 / 14.653        2.800 / 14.653        2.800 / 14.653      ms
[590.170s][info   ][gc,stats    ]       Phase: Concurrent Select Relocation Set              3.726 / 3.726         4.107 / 12.148        4.107 / 12.148        4.107 / 12.148      ms
[590.170s][info   ][gc,stats    ]       Phase: Pause Mark End                                0.567 / 0.567         0.760 / 1.288         0.760 / 1.288         0.760 / 1.288       ms
[590.170s][info   ][gc,stats    ]       Phase: Pause Mark Start                              0.236 / 0.236         0.364 / 1.400         0.364 / 1.400         0.364 / 1.400       ms
[590.170s][info   ][gc,stats    ]       Phase: Pause Relocate Start                          0.226 / 0.226         0.234 / 1.025         0.234 / 1.025         0.234 / 1.025       ms
[590.170s][info   ][gc,stats    ]       Phase: Pause Verify                                  0.000 / 0.000         0.000 / 0.000         0.000 / 0.000         0.000 / 0.000       ms
[590.170s][info   ][gc,stats    ]    Subphase: Concurrent Classes Unload                     1.304 / 1.304         2.493 / 18.723        2.493 / 18.723        2.493 / 18.723      ms
[590.170s][info   ][gc,stats    ]    Subphase: Concurrent Mark                             192.499 / 193.010     182.610 / 273.889     182.610 / 273.889     182.610 / 273.889     ms
[590.170s][info   ][gc,stats    ]    Subphase: Concurrent Mark Idle                          1.140 / 1.181         1.138 / 1.365         1.138 / 1.365         1.138 / 1.365       ms
[590.170s][info   ][gc,stats    ]    Subphase: Concurrent Mark Try Flush                     0.073 / 0.120         0.080 / 0.545         0.080 / 0.545         0.080 / 0.545       ms
[590.170s][info   ][gc,stats    ]    Subphase: Concurrent Mark Try Terminate                 1.139 / 1.184         1.137 / 1.367         1.137 / 1.367         1.137 / 1.367       ms
[590.170s][info   ][gc,stats    ]    Subphase: Concurrent References Enqueue                 0.005 / 0.005         0.005 / 0.008         0.005 / 0.008         0.005 / 0.008       ms
[590.170s][info   ][gc,stats    ]    Subphase: Concurrent References Process                 0.055 / 0.055         0.076 / 0.140         0.076 / 0.140         0.076 / 0.140       ms
[590.170s][info   ][gc,stats    ]    Subphase: Concurrent Roots                              0.075 / 0.537         0.102 / 2.807         0.102 / 2.807         0.102 / 2.807       ms
[590.170s][info   ][gc,stats    ]    Subphase: Concurrent Roots ClassLoaderDataGraph         0.064 / 0.509         0.091 / 2.804         0.091 / 2.804         0.091 / 2.804       ms
[590.170s][info   ][gc,stats    ]    Subphase: Concurrent Roots JNIHandles                   0.016 / 0.026         0.038 / 0.551         0.038 / 0.551         0.038 / 0.551       ms
[590.170s][info   ][gc,stats    ]    Subphase: Concurrent Roots Setup                        0.094 / 0.094         0.301 / 1.622         0.301 / 1.622         0.301 / 1.622       ms
[590.170s][info   ][gc,stats    ]    Subphase: Concurrent Roots Teardown                     0.001 / 0.001         0.001 / 0.001         0.001 / 0.001         0.001 / 0.001       ms
[590.170s][info   ][gc,stats    ]    Subphase: Concurrent Weak Roots                         0.177 / 0.191         0.254 / 1.376         0.254 / 1.376         0.254 / 1.376       ms
[590.170s][info   ][gc,stats    ]    Subphase: Concurrent Weak Roots JNIWeakHandles          0.001 / 0.004         0.003 / 0.073         0.003 / 0.073         0.003 / 0.073       ms
[590.170s][info   ][gc,stats    ]    Subphase: Concurrent Weak Roots StringTable             0.152 / 0.160         0.227 / 1.327         0.227 / 1.327         0.227 / 1.327       ms
[590.170s][info   ][gc,stats    ]    Subphase: Concurrent Weak Roots VMWeakHandles           0.020 / 0.033         0.023 / 0.052         0.023 / 0.052         0.023 / 0.052       ms
[590.170s][info   ][gc,stats    ]    Subphase: Pause Mark Try Complete                       0.138 / 0.289         0.204 / 1.009         0.204 / 1.009         0.204 / 1.009       ms
[590.170s][info   ][gc,stats    ]    Subphase: Pause Roots                                   0.043 / 0.176         0.049 / 1.060         0.049 / 1.060         0.049 / 1.060       ms
[590.170s][info   ][gc,stats    ]    Subphase: Pause Roots CodeCache                         0.000 / 0.000         0.000 / 0.000         0.000 / 0.000         0.000 / 0.000       ms
[590.170s][info   ][gc,stats    ]    Subphase: Pause Roots JVMTIExport                       0.001 / 0.001         0.002 / 0.017         0.002 / 0.017         0.002 / 0.017       ms
[590.170s][info   ][gc,stats    ]    Subphase: Pause Roots JVMTIWeakExport                   0.001 / 0.001         0.001 / 0.002         0.001 / 0.002         0.001 / 0.002       ms
[590.170s][info   ][gc,stats    ]    Subphase: Pause Roots Management                        0.003 / 0.003         0.013 / 0.430         0.013 / 0.430         0.013 / 0.430       ms
[590.170s][info   ][gc,stats    ]    Subphase: Pause Roots ObjectSynchronizer                0.001 / 0.001         0.001 / 0.011         0.001 / 0.011         0.001 / 0.011       ms
[590.170s][info   ][gc,stats    ]    Subphase: Pause Roots Setup                             0.001 / 0.001         0.001 / 0.002         0.001 / 0.002         0.001 / 0.002       ms
[590.170s][info   ][gc,stats    ]    Subphase: Pause Roots SystemDictionary                  0.014 / 0.015         0.050 / 0.734         0.050 / 0.734         0.050 / 0.734       ms
[590.170s][info   ][gc,stats    ]    Subphase: Pause Roots Teardown                          0.004 / 0.005         0.004 / 0.009         0.004 / 0.009         0.004 / 0.009       ms
[590.170s][info   ][gc,stats    ]    Subphase: Pause Roots Threads                           0.052 / 0.169         0.059 / 1.042         0.059 / 1.042         0.059 / 1.042       ms
[590.170s][info   ][gc,stats    ]    Subphase: Pause Roots Universe                          0.012 / 0.019         0.019 / 0.626         0.019 / 0.626         0.019 / 0.626       ms
[590.170s][info   ][gc,stats    ]    Subphase: Pause Weak Roots                              0.001 / 0.003         0.001 / 0.007         0.001 / 0.007         0.001 / 0.007       ms
[590.170s][info   ][gc,stats    ]    Subphase: Pause Weak Roots JFRWeak                      0.001 / 0.001         0.001 / 0.002         0.001 / 0.002         0.001 / 0.002       ms
[590.170s][info   ][gc,stats    ]    Subphase: Pause Weak Roots JVMTIWeakExport              0.001 / 0.001         0.001 / 0.002         0.001 / 0.002         0.001 / 0.002       ms
[590.170s][info   ][gc,stats    ]    Subphase: Pause Weak Roots Setup                        0.001 / 0.001         0.001 / 0.001         0.001 / 0.001         0.001 / 0.001       ms
[590.170s][info   ][gc,stats    ]    Subphase: Pause Weak Roots Teardown                     0.001 / 0.001         0.001 / 0.004         0.001 / 0.004         0.001 / 0.004       ms
[590.170s][info   ][gc,stats    ]      System: Java Threads                                     62 / 62               59 / 65               59 / 65               59 / 65          threads
[590.170s][info   ][gc,stats    ] =========================================================================================================================================================
[600.170s][info   ][gc,stats    ] === Garbage Collection Statistics =======================================================================================================================
[600.170s][info   ][gc,stats    ]                                                              Last 10s              Last 10m              Last 10h                Total
[600.170s][info   ][gc,stats    ]                                                              Avg / Max             Avg / Max             Avg / Max             Avg / Max
[600.170s][info   ][gc,stats    ]   Collector: Garbage Collection Cycle                      0.000 / 0.000       330.317 / 515.532     330.317 / 515.532     330.317 / 515.532     ms
[600.170s][info   ][gc,stats    ]  Contention: Mark Segment Reset Contention                     0 / 0                17 / 850              17 / 850              17 / 850         ops/s
[600.170s][info   ][gc,stats    ]  Contention: Mark SeqNum Reset Contention                      0 / 0                 0 / 9                 0 / 9                 0 / 9           ops/s
[600.170s][info   ][gc,stats    ]  Contention: Relocation Contention                             0 / 0                 0 / 95                0 / 95                0 / 95          ops/s
[600.170s][info   ][gc,stats    ]    Critical: Allocation Stall                              0.000 / 0.000         0.000 / 0.000         0.000 / 0.000         0.000 / 0.000       ms
[600.170s][info   ][gc,stats    ]    Critical: Allocation Stall                                  0 / 0                 0 / 0                 0 / 0                 0 / 0           ops/s
[600.170s][info   ][gc,stats    ]    Critical: GC Locker Stall                               0.000 / 0.000         0.000 / 0.000         0.000 / 0.000         0.000 / 0.000       ms
[600.170s][info   ][gc,stats    ]    Critical: GC Locker Stall                                   0 / 0                 0 / 0                 0 / 0                 0 / 0           ops/s
[600.170s][info   ][gc,stats    ]      Memory: Allocation Rate                                 623 / 672             617 / 1436            617 / 1436            617 / 1436        MB/s
[600.170s][info   ][gc,stats    ]      Memory: Heap Used After Mark                              0 / 0             16013 / 30288         16013 / 30288         16013 / 30288       MB
[600.170s][info   ][gc,stats    ]      Memory: Heap Used After Relocation                        0 / 0              3718 / 4228           3718 / 4228           3718 / 4228        MB
[600.170s][info   ][gc,stats    ]      Memory: Heap Used Before Mark                             0 / 0             15838 / 30112         15838 / 30112         15838 / 30112       MB
[600.170s][info   ][gc,stats    ]      Memory: Heap Used Before Relocation                       0 / 0             11394 / 20378         11394 / 20378         11394 / 20378       MB
[600.170s][info   ][gc,stats    ]      Memory: Out Of Memory                                     0 / 0                 0 / 0                 0 / 0                 0 / 0           ops/s
[600.170s][info   ][gc,stats    ]      Memory: Page Cache Flush                                  0 / 0                 0 / 0                 0 / 0                 0 / 0           MB/s
[600.170s][info   ][gc,stats    ]      Memory: Page Cache Hit L1                               299 / 321             307 / 1642            307 / 1642            307 / 1642        ops/s
[600.170s][info   ][gc,stats    ]      Memory: Page Cache Hit L2                                 0 / 0                 1 / 179               1 / 179               1 / 179         ops/s
[600.170s][info   ][gc,stats    ]      Memory: Page Cache Miss                                   0 / 0                24 / 341              24 / 341              24 / 341         ops/s
[600.170s][info   ][gc,stats    ]      Memory: Undo Object Allocation Failed                     0 / 0                 0 / 0                 0 / 0                 0 / 0           ops/s
[600.170s][info   ][gc,stats    ]      Memory: Undo Object Allocation Succeeded                  0 / 0                 0 / 95                0 / 95                0 / 95          ops/s
[600.170s][info   ][gc,stats    ]      Memory: Undo Page Allocation                              0 / 0                 0 / 69                0 / 69                0 / 69          ops/s
[600.170s][info   ][gc,stats    ]       Phase: Concurrent Destroy Detached Pages             0.000 / 0.000         0.001 / 0.001         0.001 / 0.001         0.001 / 0.001       ms
[600.170s][info   ][gc,stats    ]       Phase: Concurrent Mark                               0.000 / 0.000       196.845 / 275.553     196.845 / 275.553     196.845 / 275.553     ms
[600.170s][info   ][gc,stats    ]       Phase: Concurrent Mark Continue                      0.000 / 0.000         1.375 / 1.416         1.375 / 1.416         1.375 / 1.416       ms
[600.170s][info   ][gc,stats    ]       Phase: Concurrent Prepare Relocation Set             0.000 / 0.000        25.613 / 89.649       25.613 / 89.649       25.613 / 89.649      ms
[600.170s][info   ][gc,stats    ]       Phase: Concurrent Process Non-Strong References      0.000 / 0.000         2.913 / 19.270        2.913 / 19.270        2.913 / 19.270      ms
[600.170s][info   ][gc,stats    ]       Phase: Concurrent Relocate                           0.000 / 0.000        95.415 / 165.671      95.415 / 165.671      95.415 / 165.671     ms
[600.170s][info   ][gc,stats    ]       Phase: Concurrent Reset Relocation Set               0.000 / 0.000         2.800 / 14.653        2.800 / 14.653        2.800 / 14.653      ms
[600.170s][info   ][gc,stats    ]       Phase: Concurrent Select Relocation Set              0.000 / 0.000         4.107 / 12.148        4.107 / 12.148        4.107 / 12.148      ms
[600.170s][info   ][gc,stats    ]       Phase: Pause Mark End                                0.000 / 0.000         0.760 / 1.288         0.760 / 1.288         0.760 / 1.288       ms
[600.170s][info   ][gc,stats    ]       Phase: Pause Mark Start                              0.000 / 0.000         0.364 / 1.400         0.364 / 1.400         0.364 / 1.400       ms
[600.170s][info   ][gc,stats    ]       Phase: Pause Relocate Start                          0.000 / 0.000         0.234 / 1.025         0.234 / 1.025         0.234 / 1.025       ms
[600.170s][info   ][gc,stats    ]       Phase: Pause Verify                                  0.000 / 0.000         0.000 / 0.000         0.000 / 0.000         0.000 / 0.000       ms
[600.170s][info   ][gc,stats    ]    Subphase: Concurrent Classes Unload                     0.000 / 0.000         2.493 / 18.723        2.493 / 18.723        2.493 / 18.723      ms
[600.170s][info   ][gc,stats    ]    Subphase: Concurrent Mark                               0.000 / 0.000       182.610 / 273.889     182.610 / 273.889     182.610 / 273.889     ms
[600.170s][info   ][gc,stats    ]    Subphase: Concurrent Mark Idle                          0.000 / 0.000         1.138 / 1.365         1.138 / 1.365         1.138 / 1.365       ms
[600.170s][info   ][gc,stats    ]    Subphase: Concurrent Mark Try Flush                     0.000 / 0.000         0.080 / 0.545         0.080 / 0.545         0.080 / 0.545       ms
[600.170s][info   ][gc,stats    ]    Subphase: Concurrent Mark Try Terminate                 0.000 / 0.000         1.137 / 1.367         1.137 / 1.367         1.137 / 1.367       ms
[600.170s][info   ][gc,stats    ]    Subphase: Concurrent References Enqueue                 0.000 / 0.000         0.005 / 0.008         0.005 / 0.008         0.005 / 0.008       ms
[600.170s][info   ][gc,stats    ]    Subphase: Concurrent References Process                 0.000 / 0.000         0.076 / 0.140         0.076 / 0.140         0.076 / 0.140       ms
[600.170s][info   ][gc,stats    ]    Subphase: Concurrent Roots                              0.000 / 0.000         0.102 / 2.807         0.102 / 2.807         0.102 / 2.807       ms
[600.170s][info   ][gc,stats    ]    Subphase: Concurrent Roots ClassLoaderDataGraph         0.000 / 0.000         0.091 / 2.804         0.091 / 2.804         0.091 / 2.804       ms
[600.170s][info   ][gc,stats    ]    Subphase: Concurrent Roots JNIHandles                   0.000 / 0.000         0.038 / 0.551         0.038 / 0.551         0.038 / 0.551       ms
[600.170s][info   ][gc,stats    ]    Subphase: Concurrent Roots Setup                        0.000 / 0.000         0.301 / 1.622         0.301 / 1.622         0.301 / 1.622       ms
[600.170s][info   ][gc,stats    ]    Subphase: Concurrent Roots Teardown                     0.000 / 0.000         0.001 / 0.001         0.001 / 0.001         0.001 / 0.001       ms
[600.170s][info   ][gc,stats    ]    Subphase: Concurrent Weak Roots                         0.000 / 0.000         0.254 / 1.376         0.254 / 1.376         0.254 / 1.376       ms
[600.170s][info   ][gc,stats    ]    Subphase: Concurrent Weak Roots JNIWeakHandles          0.000 / 0.000         0.003 / 0.073         0.003 / 0.073         0.003 / 0.073       ms
[600.170s][info   ][gc,stats    ]    Subphase: Concurrent Weak Roots StringTable             0.000 / 0.000         0.227 / 1.327         0.227 / 1.327         0.227 / 1.327       ms
[600.170s][info   ][gc,stats    ]    Subphase: Concurrent Weak Roots VMWeakHandles           0.000 / 0.000         0.023 / 0.052         0.023 / 0.052         0.023 / 0.052       ms
[600.170s][info   ][gc,stats    ]    Subphase: Pause Mark Try Complete                       0.000 / 0.000         0.204 / 1.009         0.204 / 1.009         0.204 / 1.009       ms
[600.170s][info   ][gc,stats    ]    Subphase: Pause Roots                                   0.000 / 0.000         0.049 / 1.060         0.049 / 1.060         0.049 / 1.060       ms
[600.171s][info   ][gc,stats    ]    Subphase: Pause Roots CodeCache                         0.000 / 0.000         0.000 / 0.000         0.000 / 0.000         0.000 / 0.000       ms
[600.171s][info   ][gc,stats    ]    Subphase: Pause Roots JVMTIExport                       0.000 / 0.000         0.002 / 0.017         0.002 / 0.017         0.002 / 0.017       ms
[600.171s][info   ][gc,stats    ]    Subphase: Pause Roots JVMTIWeakExport                   0.000 / 0.000         0.001 / 0.002         0.001 / 0.002         0.001 / 0.002       ms
[600.171s][info   ][gc,stats    ]    Subphase: Pause Roots Management                        0.000 / 0.000         0.013 / 0.430         0.013 / 0.430         0.013 / 0.430       ms
[600.171s][info   ][gc,stats    ]    Subphase: Pause Roots ObjectSynchronizer                0.000 / 0.000         0.001 / 0.011         0.001 / 0.011         0.001 / 0.011       ms
[600.171s][info   ][gc,stats    ]    Subphase: Pause Roots Setup                             0.000 / 0.000         0.001 / 0.002         0.001 / 0.002         0.001 / 0.002       ms
[600.171s][info   ][gc,stats    ]    Subphase: Pause Roots SystemDictionary                  0.000 / 0.000         0.050 / 0.734         0.050 / 0.734         0.050 / 0.734       ms
[600.171s][info   ][gc,stats    ]    Subphase: Pause Roots Teardown                          0.000 / 0.000         0.004 / 0.009         0.004 / 0.009         0.004 / 0.009       ms
[600.171s][info   ][gc,stats    ]    Subphase: Pause Roots Threads                           0.000 / 0.000         0.059 / 1.042         0.059 / 1.042         0.059 / 1.042       ms
[600.171s][info   ][gc,stats    ]    Subphase: Pause Roots Universe                          0.000 / 0.000         0.019 / 0.626         0.019 / 0.626         0.019 / 0.626       ms
[600.171s][info   ][gc,stats    ]    Subphase: Pause Weak Roots                              0.000 / 0.000         0.001 / 0.007         0.001 / 0.007         0.001 / 0.007       ms
[600.171s][info   ][gc,stats    ]    Subphase: Pause Weak Roots JFRWeak                      0.000 / 0.000         0.001 / 0.002         0.001 / 0.002         0.001 / 0.002       ms
[600.171s][info   ][gc,stats    ]    Subphase: Pause Weak Roots JVMTIWeakExport              0.000 / 0.000         0.001 / 0.002         0.001 / 0.002         0.001 / 0.002       ms
[600.171s][info   ][gc,stats    ]    Subphase: Pause Weak Roots Setup                        0.000 / 0.000         0.001 / 0.001         0.001 / 0.001         0.001 / 0.001       ms
[600.171s][info   ][gc,stats    ]    Subphase: Pause Weak Roots Teardown                     0.000 / 0.000         0.001 / 0.004         0.001 / 0.004         0.001 / 0.004       ms
[600.171s][info   ][gc,stats    ]      System: Java Threads                                      0 / 0                59 / 65               59 / 65               59 / 65          threads
[600.171s][info   ][gc,stats    ] =========================================================================================================================================================
[604.370s][info   ][gc,start    ] GC(29) Garbage Collection (Proactive)
[604.370s][info   ][gc,phases   ] GC(29) Pause Mark Start 0.202ms
[604.577s][info   ][gc,phases   ] GC(29) Concurrent Mark 207.094ms
[604.578s][info   ][gc,phases   ] GC(29) Pause Mark End 0.619ms
[604.580s][info   ][gc,phases   ] GC(29) Concurrent Process Non-Strong References 1.757ms
[604.581s][info   ][gc,phases   ] GC(29) Concurrent Reset Relocation Set 1.275ms
[604.581s][info   ][gc,phases   ] GC(29) Concurrent Destroy Detached Pages 0.001ms
[604.589s][info   ][gc,phases   ] GC(29) Concurrent Select Relocation Set 7.536ms
[604.599s][info   ][gc,phases   ] GC(29) Concurrent Prepare Relocation Set 10.271ms
[604.600s][info   ][gc,phases   ] GC(29) Pause Relocate Start 0.200ms
[604.695s][info   ][gc,phases   ] GC(29) Concurrent Relocate 94.884ms
[604.695s][info   ][gc,load     ] GC(29) Load: 4.24/3.24/1.76
[604.695s][info   ][gc,mmu      ] GC(29) MMU: 2ms/30.0%, 5ms/69.9%, 10ms/81.7%, 20ms/87.7%, 50ms/95.1%, 100ms/97.5%
[604.695s][info   ][gc,marking  ] GC(29) Mark: 8 stripe(s), 10 proactive flush(es), 2 terminate flush(es), 1 completion(s), 0 continuation(s) 
[604.695s][info   ][gc,reloc    ] GC(29) Relocation: Successful, 1355M relocated
[604.695s][info   ][gc,nmethod  ] GC(29) NMethods: 5606 registered, 1157 unregistered
[604.695s][info   ][gc,metaspace] GC(29) Metaspace: 40M used, 41M capacity, 41M committed, 42M reserved
[604.695s][info   ][gc,ref      ] GC(29) Soft: 3327 encountered, 0 discovered, 0 enqueued
[604.695s][info   ][gc,ref      ] GC(29) Weak: 1530 encountered, 218 discovered, 0 enqueued
[604.695s][info   ][gc,ref      ] GC(29) Final: 31 encountered, 6 discovered, 4 enqueued
[604.695s][info   ][gc,ref      ] GC(29) Phantom: 120 encountered, 89 discovered, 0 enqueued
[604.695s][info   ][gc,heap     ] GC(29)                Mark Start          Mark End        Relocate Start      Relocate End           High               Low         
[604.695s][info   ][gc,heap     ] GC(29)  Capacity:    30390M (30%)       30390M (30%)       30390M (30%)       30390M (30%)       30390M (30%)       30390M (30%)    
[604.695s][info   ][gc,heap     ] GC(29)   Reserve:       80M (0%)           80M (0%)           80M (0%)           80M (0%)           80M (0%)           80M (0%)     
[604.695s][info   ][gc,heap     ] GC(29)      Free:    86298M (86%)       86074M (86%)       89786M (89%)       96292M (96%)       96292M (96%)       86074M (86%)    
[604.695s][info   ][gc,heap     ] GC(29)      Used:    13974M (14%)       14198M (14%)       10486M (10%)        3980M (4%)        14198M (14%)        3980M (4%)     
[604.695s][info   ][gc,heap     ] GC(29)      Live:         -              3470M (3%)         3470M (3%)         3470M (3%)             -                  -          
[604.695s][info   ][gc,heap     ] GC(29) Allocated:         -               224M (0%)          238M (0%)         1548M (2%)             -                  -          
[604.695s][info   ][gc,heap     ] GC(29)   Garbage:         -             10503M (10%)        6777M (7%)          231M (0%)             -                  -          
[604.695s][info   ][gc,heap     ] GC(29) Reclaimed:         -                  -              3726M (4%)        10272M (10%)            -                  -          
[604.695s][info   ][gc          ] GC(29) Garbage Collection (Proactive) 13974M(14%)->3980M(4%)
[610.170s][info   ][gc,stats    ] === Garbage Collection Statistics =======================================================================================================================
[610.170s][info   ][gc,stats    ]                                                              Last 10s              Last 10m              Last 10h                Total
[610.170s][info   ][gc,stats    ]                                                              Avg / Max             Avg / Max             Avg / Max             Avg / Max
[610.170s][info   ][gc,stats    ]   Collector: Garbage Collection Cycle                    324.883 / 324.883     352.046 / 515.532     330.136 / 515.532     330.136 / 515.532     ms
[610.170s][info   ][gc,stats    ]  Contention: Mark Segment Reset Contention                    25 / 251              17 / 850              17 / 850              17 / 850         ops/s
[610.170s][info   ][gc,stats    ]  Contention: Mark SeqNum Reset Contention                      0 / 0                 0 / 9                 0 / 9                 0 / 9           ops/s
[610.170s][info   ][gc,stats    ]  Contention: Relocation Contention                             1 / 18                0 / 95                0 / 95                0 / 95          ops/s
[610.170s][info   ][gc,stats    ]    Critical: Allocation Stall                              0.000 / 0.000         0.000 / 0.000         0.000 / 0.000         0.000 / 0.000       ms
[610.170s][info   ][gc,stats    ]    Critical: Allocation Stall                                  0 / 0                 0 / 0                 0 / 0                 0 / 0           ops/s
[610.170s][info   ][gc,stats    ]    Critical: GC Locker Stall                               0.000 / 0.000         0.000 / 0.000         0.000 / 0.000         0.000 / 0.000       ms
[610.170s][info   ][gc,stats    ]    Critical: GC Locker Stall                                   0 / 0                 0 / 0                 0 / 0                 0 / 0           ops/s
[610.170s][info   ][gc,stats    ]      Memory: Allocation Rate                                 611 / 718             623 / 1436            617 / 1436            617 / 1436        MB/s
[610.170s][info   ][gc,stats    ]      Memory: Heap Used After Mark                          14198 / 14198         17065 / 30288         15952 / 30288         15952 / 30288       MB
[610.170s][info   ][gc,stats    ]      Memory: Heap Used After Relocation                     3980 / 3980           3988 / 4228           3727 / 4228           3727 / 4228        MB
[610.170s][info   ][gc,stats    ]      Memory: Heap Used Before Mark                         13974 / 13974         16876 / 30112         15776 / 30112         15776 / 30112       MB
[610.170s][info   ][gc,stats    ]      Memory: Heap Used Before Relocation                   10486 / 10486         12160 / 20378         11364 / 20378         11364 / 20378       MB
[610.170s][info   ][gc,stats    ]      Memory: Out Of Memory                                     0 / 0                 0 / 0                 0 / 0                 0 / 0           ops/s
[610.170s][info   ][gc,stats    ]      Memory: Page Cache Flush                                  0 / 0                 0 / 0                 0 / 0                 0 / 0           MB/s
[610.170s][info   ][gc,stats    ]      Memory: Page Cache Hit L1                               358 / 974             312 / 1642            308 / 1642            308 / 1642        ops/s
[610.170s][info   ][gc,stats    ]      Memory: Page Cache Hit L2                                 0 / 0                 0 / 179               0 / 179               0 / 179         ops/s
[610.170s][info   ][gc,stats    ]      Memory: Page Cache Miss                                   0 / 0                23 / 341              24 / 341              24 / 341         ops/s
[610.170s][info   ][gc,stats    ]      Memory: Undo Object Allocation Failed                     0 / 0                 0 / 0                 0 / 0                 0 / 0           ops/s
[610.170s][info   ][gc,stats    ]      Memory: Undo Object Allocation Succeeded                  1 / 18                0 / 95                0 / 95                0 / 95          ops/s
[610.170s][info   ][gc,stats    ]      Memory: Undo Page Allocation                              0 / 0                 0 / 0                 0 / 69                0 / 69          ops/s
[610.170s][info   ][gc,stats    ]       Phase: Concurrent Destroy Detached Pages             0.001 / 0.001         0.001 / 0.001         0.001 / 0.001         0.001 / 0.001       ms
[610.170s][info   ][gc,stats    ]       Phase: Concurrent Mark                             207.094 / 207.094     210.889 / 275.553     197.187 / 275.553     197.187 / 275.553     ms
[610.170s][info   ][gc,stats    ]       Phase: Concurrent Mark Continue                      0.000 / 0.000         1.375 / 1.416         1.375 / 1.416         1.375 / 1.416       ms
[610.170s][info   ][gc,stats    ]       Phase: Concurrent Prepare Relocation Set            10.271 / 10.271       26.788 / 89.649       25.101 / 89.649       25.101 / 89.649      ms
[610.170s][info   ][gc,stats    ]       Phase: Concurrent Process Non-Strong References      1.757 / 1.757         2.684 / 19.270        2.874 / 19.270        2.874 / 19.270      ms
[610.170s][info   ][gc,stats    ]       Phase: Concurrent Relocate                          94.884 / 94.884      101.895 / 165.671      95.397 / 165.671      95.397 / 165.671     ms
[610.170s][info   ][gc,stats    ]       Phase: Concurrent Reset Relocation Set               1.275 / 1.275         2.945 / 14.653        2.749 / 14.653        2.749 / 14.653      ms
[610.170s][info   ][gc,stats    ]       Phase: Concurrent Select Relocation Set              7.536 / 7.536         4.282 / 12.148        4.221 / 12.148        4.221 / 12.148      ms
[610.170s][info   ][gc,stats    ]       Phase: Pause Mark End                                0.619 / 0.619         0.748 / 1.288         0.755 / 1.288         0.755 / 1.288       ms
[610.170s][info   ][gc,stats    ]       Phase: Pause Mark Start                              0.202 / 0.202         0.343 / 1.400         0.359 / 1.400         0.359 / 1.400       ms
[610.170s][info   ][gc,stats    ]       Phase: Pause Relocate Start                          0.200 / 0.200         0.206 / 0.273         0.233 / 1.025         0.233 / 1.025       ms
[610.170s][info   ][gc,stats    ]       Phase: Pause Verify                                  0.000 / 0.000         0.000 / 0.000         0.000 / 0.000         0.000 / 0.000       ms
[610.170s][info   ][gc,stats    ]    Subphase: Concurrent Classes Unload                     1.430 / 1.430         2.251 / 18.723        2.458 / 18.723        2.458 / 18.723      ms
[610.170s][info   ][gc,stats    ]    Subphase: Concurrent Mark                             205.991 / 206.259     195.256 / 273.889     183.340 / 273.889     183.340 / 273.889     ms
[610.170s][info   ][gc,stats    ]    Subphase: Concurrent Mark Idle                          1.134 / 1.164         1.138 / 1.365         1.138 / 1.365         1.138 / 1.365       ms
[610.170s][info   ][gc,stats    ]    Subphase: Concurrent Mark Try Flush                     0.061 / 0.121         0.080 / 0.545         0.079 / 0.545         0.079 / 0.545       ms
[610.170s][info   ][gc,stats    ]    Subphase: Concurrent Mark Try Terminate                 1.132 / 1.175         1.137 / 1.367         1.136 / 1.367         1.136 / 1.367       ms
[610.170s][info   ][gc,stats    ]    Subphase: Concurrent References Enqueue                 0.005 / 0.005         0.005 / 0.008         0.005 / 0.008         0.005 / 0.008       ms
[610.170s][info   ][gc,stats    ]    Subphase: Concurrent References Process                 0.054 / 0.054         0.077 / 0.140         0.075 / 0.140         0.075 / 0.140       ms
[610.170s][info   ][gc,stats    ]    Subphase: Concurrent Roots                              0.075 / 0.498         0.106 / 2.807         0.101 / 2.807         0.101 / 2.807       ms
[610.170s][info   ][gc,stats    ]    Subphase: Concurrent Roots ClassLoaderDataGraph         0.069 / 0.482         0.093 / 2.804         0.090 / 2.804         0.090 / 2.804       ms
[610.170s][info   ][gc,stats    ]    Subphase: Concurrent Roots JNIHandles                   0.022 / 0.069         0.038 / 0.551         0.037 / 0.551         0.037 / 0.551       ms
[610.170s][info   ][gc,stats    ]    Subphase: Concurrent Roots Setup                        0.159 / 0.159         0.308 / 1.622         0.297 / 1.622         0.297 / 1.622       ms
[610.170s][info   ][gc,stats    ]    Subphase: Concurrent Roots Teardown                     0.001 / 0.001         0.001 / 0.001         0.001 / 0.001         0.001 / 0.001       ms
[610.170s][info   ][gc,stats    ]    Subphase: Concurrent Weak Roots                         0.210 / 0.230         0.266 / 1.376         0.253 / 1.376         0.253 / 1.376       ms
[610.170s][info   ][gc,stats    ]    Subphase: Concurrent Weak Roots JNIWeakHandles          0.002 / 0.006         0.003 / 0.073         0.003 / 0.073         0.003 / 0.073       ms
[610.170s][info   ][gc,stats    ]    Subphase: Concurrent Weak Roots StringTable             0.181 / 0.190         0.238 / 1.327         0.226 / 1.327         0.226 / 1.327       ms
[610.170s][info   ][gc,stats    ]    Subphase: Concurrent Weak Roots VMWeakHandles           0.024 / 0.038         0.024 / 0.052         0.023 / 0.052         0.023 / 0.052       ms
[610.170s][info   ][gc,stats    ]    Subphase: Pause Mark Try Complete                       0.105 / 0.339         0.199 / 1.009         0.200 / 1.009         0.200 / 1.009       ms
[610.170s][info   ][gc,stats    ]    Subphase: Pause Roots                                   0.037 / 0.142         0.044 / 1.060         0.049 / 1.060         0.049 / 1.060       ms
[610.170s][info   ][gc,stats    ]    Subphase: Pause Roots CodeCache                         0.000 / 0.000         0.000 / 0.000         0.000 / 0.000         0.000 / 0.000       ms
[610.170s][info   ][gc,stats    ]    Subphase: Pause Roots JVMTIExport                       0.001 / 0.001         0.002 / 0.017         0.002 / 0.017         0.002 / 0.017       ms
[610.170s][info   ][gc,stats    ]    Subphase: Pause Roots JVMTIWeakExport                   0.001 / 0.001         0.001 / 0.002         0.001 / 0.002         0.001 / 0.002       ms
[610.170s][info   ][gc,stats    ]    Subphase: Pause Roots Management                        0.003 / 0.004         0.005 / 0.021         0.012 / 0.430         0.012 / 0.430       ms
[610.170s][info   ][gc,stats    ]    Subphase: Pause Roots ObjectSynchronizer                0.001 / 0.001         0.001 / 0.003         0.001 / 0.011         0.001 / 0.011       ms
[610.170s][info   ][gc,stats    ]    Subphase: Pause Roots Setup                             0.001 / 0.001         0.001 / 0.002         0.001 / 0.002         0.001 / 0.002       ms
[610.170s][info   ][gc,stats    ]    Subphase: Pause Roots SystemDictionary                  0.012 / 0.014         0.040 / 0.734         0.049 / 0.734         0.049 / 0.734       ms
[610.170s][info   ][gc,stats    ]    Subphase: Pause Roots Teardown                          0.004 / 0.005         0.004 / 0.009         0.004 / 0.009         0.004 / 0.009       ms
[610.170s][info   ][gc,stats    ]    Subphase: Pause Roots Threads                           0.047 / 0.139         0.052 / 1.042         0.059 / 1.042         0.059 / 1.042       ms
[610.170s][info   ][gc,stats    ]    Subphase: Pause Roots Universe                          0.004 / 0.006         0.008 / 0.027         0.018 / 0.626         0.018 / 0.626       ms
[610.170s][info   ][gc,stats    ]    Subphase: Pause Weak Roots                              0.001 / 0.005         0.001 / 0.007         0.001 / 0.007         0.001 / 0.007       ms
[610.170s][info   ][gc,stats    ]    Subphase: Pause Weak Roots JFRWeak                      0.001 / 0.001         0.001 / 0.002         0.001 / 0.002         0.001 / 0.002       ms
[610.170s][info   ][gc,stats    ]    Subphase: Pause Weak Roots JVMTIWeakExport              0.001 / 0.001         0.001 / 0.002         0.001 / 0.002         0.001 / 0.002       ms
[610.170s][info   ][gc,stats    ]    Subphase: Pause Weak Roots Setup                        0.001 / 0.001         0.001 / 0.001         0.001 / 0.001         0.001 / 0.001       ms
[610.170s][info   ][gc,stats    ]    Subphase: Pause Weak Roots Teardown                     0.001 / 0.001         0.001 / 0.004         0.001 / 0.004         0.001 / 0.004       ms
[610.170s][info   ][gc,stats    ]      System: Java Threads                                     62 / 62               62 / 65               59 / 65               59 / 65          threads
[610.170s][info   ][gc,stats    ] =========================================================================================================================================================
[620.169s][info   ][gc,stats    ] === Garbage Collection Statistics =======================================================================================================================
[620.169s][info   ][gc,stats    ]                                                              Last 10s              Last 10m              Last 10h                Total
[620.169s][info   ][gc,stats    ]                                                              Avg / Max             Avg / Max             Avg / Max             Avg / Max
[620.169s][info   ][gc,stats    ]   Collector: Garbage Collection Cycle                      0.000 / 0.000       352.046 / 515.532     330.136 / 515.532     330.136 / 515.532     ms
[620.169s][info   ][gc,stats    ]  Contention: Mark Segment Reset Contention                     0 / 0                17 / 850              17 / 850              17 / 850         ops/s
[620.169s][info   ][gc,stats    ]  Contention: Mark SeqNum Reset Contention                      0 / 0                 0 / 9                 0 / 9                 0 / 9           ops/s
[620.169s][info   ][gc,stats    ]  Contention: Relocation Contention                             0 / 0                 0 / 95                0 / 95                0 / 95          ops/s
[620.169s][info   ][gc,stats    ]    Critical: Allocation Stall                              0.000 / 0.000         0.000 / 0.000         0.000 / 0.000         0.000 / 0.000       ms
[620.169s][info   ][gc,stats    ]    Critical: Allocation Stall                                  0 / 0                 0 / 0                 0 / 0                 0 / 0           ops/s
[620.169s][info   ][gc,stats    ]    Critical: GC Locker Stall                               0.000 / 0.000         0.000 / 0.000         0.000 / 0.000         0.000 / 0.000       ms
[620.169s][info   ][gc,stats    ]    Critical: GC Locker Stall                                   0 / 0                 0 / 0                 0 / 0                 0 / 0           ops/s
[620.169s][info   ][gc,stats    ]      Memory: Allocation Rate                                 616 / 680             623 / 1436            617 / 1436            617 / 1436        MB/s
[620.169s][info   ][gc,stats    ]      Memory: Heap Used After Mark                              0 / 0             17065 / 30288         15952 / 30288         15952 / 30288       MB
[620.169s][info   ][gc,stats    ]      Memory: Heap Used After Relocation                        0 / 0              3988 / 4228           3727 / 4228           3727 / 4228        MB
[620.169s][info   ][gc,stats    ]      Memory: Heap Used Before Mark                             0 / 0             16876 / 30112         15776 / 30112         15776 / 30112       MB
[620.169s][info   ][gc,stats    ]      Memory: Heap Used Before Relocation                       0 / 0             12160 / 20378         11364 / 20378         11364 / 20378       MB
[620.169s][info   ][gc,stats    ]      Memory: Out Of Memory                                     0 / 0                 0 / 0                 0 / 0                 0 / 0           ops/s
[620.169s][info   ][gc,stats    ]      Memory: Page Cache Flush                                  0 / 0                 0 / 0                 0 / 0                 0 / 0           MB/s
[620.169s][info   ][gc,stats    ]      Memory: Page Cache Hit L1                               297 / 325             317 / 1642            307 / 1642            307 / 1642        ops/s
[620.169s][info   ][gc,stats    ]      Memory: Page Cache Hit L2                                 0 / 0                 0 / 179               0 / 179               0 / 179         ops/s
[620.169s][info   ][gc,stats    ]      Memory: Page Cache Miss                                   0 / 0                17 / 341              23 / 341              23 / 341         ops/s
[620.169s][info   ][gc,stats    ]      Memory: Undo Object Allocation Failed                     0 / 0                 0 / 0                 0 / 0                 0 / 0           ops/s
[620.170s][info   ][gc,stats    ]      Memory: Undo Object Allocation Succeeded                  0 / 0                 0 / 95                0 / 95                0 / 95          ops/s
[620.170s][info   ][gc,stats    ]      Memory: Undo Page Allocation                              0 / 0                 0 / 0                 0 / 69                0 / 69          ops/s
[620.170s][info   ][gc,stats    ]       Phase: Concurrent Destroy Detached Pages             0.000 / 0.000         0.001 / 0.001         0.001 / 0.001         0.001 / 0.001       ms
[620.170s][info   ][gc,stats    ]       Phase: Concurrent Mark                               0.000 / 0.000       210.889 / 275.553     197.187 / 275.553     197.187 / 275.553     ms
[620.170s][info   ][gc,stats    ]       Phase: Concurrent Mark Continue                      0.000 / 0.000         1.375 / 1.416         1.375 / 1.416         1.375 / 1.416       ms
[620.170s][info   ][gc,stats    ]       Phase: Concurrent Prepare Relocation Set             0.000 / 0.000        26.788 / 89.649       25.101 / 89.649       25.101 / 89.649      ms
[620.170s][info   ][gc,stats    ]       Phase: Concurrent Process Non-Strong References      0.000 / 0.000         2.684 / 19.270        2.874 / 19.270        2.874 / 19.270      ms
[620.170s][info   ][gc,stats    ]       Phase: Concurrent Relocate                           0.000 / 0.000       101.895 / 165.671      95.397 / 165.671      95.397 / 165.671     ms
[620.170s][info   ][gc,stats    ]       Phase: Concurrent Reset Relocation Set               0.000 / 0.000         2.945 / 14.653        2.749 / 14.653        2.749 / 14.653      ms
[620.170s][info   ][gc,stats    ]       Phase: Concurrent Select Relocation Set              0.000 / 0.000         4.282 / 12.148        4.221 / 12.148        4.221 / 12.148      ms
[620.170s][info   ][gc,stats    ]       Phase: Pause Mark End                                0.000 / 0.000         0.748 / 1.288         0.755 / 1.288         0.755 / 1.288       ms
[620.170s][info   ][gc,stats    ]       Phase: Pause Mark Start                              0.000 / 0.000         0.343 / 1.400         0.359 / 1.400         0.359 / 1.400       ms
[620.170s][info   ][gc,stats    ]       Phase: Pause Relocate Start                          0.000 / 0.000         0.206 / 0.273         0.233 / 1.025         0.233 / 1.025       ms
[620.170s][info   ][gc,stats    ]       Phase: Pause Verify                                  0.000 / 0.000         0.000 / 0.000         0.000 / 0.000         0.000 / 0.000       ms
[620.170s][info   ][gc,stats    ]    Subphase: Concurrent Classes Unload                     0.000 / 0.000         2.251 / 18.723        2.458 / 18.723        2.458 / 18.723      ms
[620.170s][info   ][gc,stats    ]    Subphase: Concurrent Mark                               0.000 / 0.000       195.256 / 273.889     183.340 / 273.889     183.340 / 273.889     ms
[620.170s][info   ][gc,stats    ]    Subphase: Concurrent Mark Idle                          0.000 / 0.000         1.138 / 1.365         1.138 / 1.365         1.138 / 1.365       ms
[620.170s][info   ][gc,stats    ]    Subphase: Concurrent Mark Try Flush                     0.000 / 0.000         0.080 / 0.545         0.079 / 0.545         0.079 / 0.545       ms
[620.170s][info   ][gc,stats    ]    Subphase: Concurrent Mark Try Terminate                 0.000 / 0.000         1.137 / 1.367         1.136 / 1.367         1.136 / 1.367       ms
[620.170s][info   ][gc,stats    ]    Subphase: Concurrent References Enqueue                 0.000 / 0.000         0.005 / 0.008         0.005 / 0.008         0.005 / 0.008       ms
[620.170s][info   ][gc,stats    ]    Subphase: Concurrent References Process                 0.000 / 0.000         0.077 / 0.140         0.075 / 0.140         0.075 / 0.140       ms
[620.170s][info   ][gc,stats    ]    Subphase: Concurrent Roots                              0.000 / 0.000         0.106 / 2.807         0.101 / 2.807         0.101 / 2.807       ms
[620.170s][info   ][gc,stats    ]    Subphase: Concurrent Roots ClassLoaderDataGraph         0.000 / 0.000         0.093 / 2.804         0.090 / 2.804         0.090 / 2.804       ms
[620.170s][info   ][gc,stats    ]    Subphase: Concurrent Roots JNIHandles                   0.000 / 0.000         0.038 / 0.551         0.037 / 0.551         0.037 / 0.551       ms
[620.170s][info   ][gc,stats    ]    Subphase: Concurrent Roots Setup                        0.000 / 0.000         0.308 / 1.622         0.297 / 1.622         0.297 / 1.622       ms
[620.170s][info   ][gc,stats    ]    Subphase: Concurrent Roots Teardown                     0.000 / 0.000         0.001 / 0.001         0.001 / 0.001         0.001 / 0.001       ms
[620.170s][info   ][gc,stats    ]    Subphase: Concurrent Weak Roots                         0.000 / 0.000         0.266 / 1.376         0.253 / 1.376         0.253 / 1.376       ms
[620.170s][info   ][gc,stats    ]    Subphase: Concurrent Weak Roots JNIWeakHandles          0.000 / 0.000         0.003 / 0.073         0.003 / 0.073         0.003 / 0.073       ms
[620.170s][info   ][gc,stats    ]    Subphase: Concurrent Weak Roots StringTable             0.000 / 0.000         0.238 / 1.327         0.226 / 1.327         0.226 / 1.327       ms
[620.170s][info   ][gc,stats    ]    Subphase: Concurrent Weak Roots VMWeakHandles           0.000 / 0.000         0.024 / 0.052         0.023 / 0.052         0.023 / 0.052       ms
[620.170s][info   ][gc,stats    ]    Subphase: Pause Mark Try Complete                       0.000 / 0.000         0.199 / 1.009         0.200 / 1.009         0.200 / 1.009       ms
[620.170s][info   ][gc,stats    ]    Subphase: Pause Roots                                   0.000 / 0.000         0.044 / 1.060         0.049 / 1.060         0.049 / 1.060       ms
[620.170s][info   ][gc,stats    ]    Subphase: Pause Roots CodeCache                         0.000 / 0.000         0.000 / 0.000         0.000 / 0.000         0.000 / 0.000       ms
[620.170s][info   ][gc,stats    ]    Subphase: Pause Roots JVMTIExport                       0.000 / 0.000         0.002 / 0.017         0.002 / 0.017         0.002 / 0.017       ms
[620.170s][info   ][gc,stats    ]    Subphase: Pause Roots JVMTIWeakExport                   0.000 / 0.000         0.001 / 0.002         0.001 / 0.002         0.001 / 0.002       ms
[620.170s][info   ][gc,stats    ]    Subphase: Pause Roots Management                        0.000 / 0.000         0.005 / 0.021         0.012 / 0.430         0.012 / 0.430       ms
[620.170s][info   ][gc,stats    ]    Subphase: Pause Roots ObjectSynchronizer                0.000 / 0.000         0.001 / 0.003         0.001 / 0.011         0.001 / 0.011       ms
[620.170s][info   ][gc,stats    ]    Subphase: Pause Roots Setup                             0.000 / 0.000         0.001 / 0.002         0.001 / 0.002         0.001 / 0.002       ms
[620.170s][info   ][gc,stats    ]    Subphase: Pause Roots SystemDictionary                  0.000 / 0.000         0.040 / 0.734         0.049 / 0.734         0.049 / 0.734       ms
[620.170s][info   ][gc,stats    ]    Subphase: Pause Roots Teardown                          0.000 / 0.000         0.004 / 0.009         0.004 / 0.009         0.004 / 0.009       ms
[620.170s][info   ][gc,stats    ]    Subphase: Pause Roots Threads                           0.000 / 0.000         0.052 / 1.042         0.059 / 1.042         0.059 / 1.042       ms
[620.170s][info   ][gc,stats    ]    Subphase: Pause Roots Universe                          0.000 / 0.000         0.008 / 0.027         0.018 / 0.626         0.018 / 0.626       ms
[620.170s][info   ][gc,stats    ]    Subphase: Pause Weak Roots                              0.000 / 0.000         0.001 / 0.007         0.001 / 0.007         0.001 / 0.007       ms
[620.170s][info   ][gc,stats    ]    Subphase: Pause Weak Roots JFRWeak                      0.000 / 0.000         0.001 / 0.002         0.001 / 0.002         0.001 / 0.002       ms
[620.170s][info   ][gc,stats    ]    Subphase: Pause Weak Roots JVMTIWeakExport              0.000 / 0.000         0.001 / 0.002         0.001 / 0.002         0.001 / 0.002       ms
[620.170s][info   ][gc,stats    ]    Subphase: Pause Weak Roots Setup                        0.000 / 0.000         0.001 / 0.001         0.001 / 0.001         0.001 / 0.001       ms
[620.170s][info   ][gc,stats    ]    Subphase: Pause Weak Roots Teardown                     0.000 / 0.000         0.001 / 0.004         0.001 / 0.004         0.001 / 0.004       ms
[620.170s][info   ][gc,stats    ]      System: Java Threads                                      0 / 0                62 / 65               59 / 65               59 / 65          threads
[620.170s][info   ][gc,stats    ] =========================================================================================================================================================
[621.170s][info   ][gc,start    ] GC(30) Garbage Collection (Proactive)
[621.171s][info   ][gc,phases   ] GC(30) Pause Mark Start 0.143ms
[621.368s][info   ][gc,phases   ] GC(30) Concurrent Mark 197.417ms
[621.369s][info   ][gc,phases   ] GC(30) Pause Mark End 0.557ms
[621.371s][info   ][gc,phases   ] GC(30) Concurrent Process Non-Strong References 1.699ms
[621.372s][info   ][gc,phases   ] GC(30) Concurrent Reset Relocation Set 1.486ms
[621.372s][info   ][gc,phases   ] GC(30) Concurrent Destroy Detached Pages 0.001ms
[621.375s][info   ][gc,phases   ] GC(30) Concurrent Select Relocation Set 3.270ms
[621.389s][info   ][gc,phases   ] GC(30) Concurrent Prepare Relocation Set 13.428ms
[621.389s][info   ][gc,phases   ] GC(30) Pause Relocate Start 0.182ms
[621.501s][info   ][gc,phases   ] GC(30) Concurrent Relocate 111.635ms
[621.501s][info   ][gc,load     ] GC(30) Load: 3.88/3.21/1.77
[621.501s][info   ][gc,mmu      ] GC(30) MMU: 2ms/30.0%, 5ms/69.9%, 10ms/81.7%, 20ms/87.7%, 50ms/95.1%, 100ms/97.5%
[621.501s][info   ][gc,marking  ] GC(30) Mark: 8 stripe(s), 10 proactive flush(es), 2 terminate flush(es), 1 completion(s), 0 continuation(s) 
[621.501s][info   ][gc,reloc    ] GC(30) Relocation: Successful, 1401M relocated
[621.501s][info   ][gc,nmethod  ] GC(30) NMethods: 5612 registered, 1158 unregistered
[621.501s][info   ][gc,metaspace] GC(30) Metaspace: 40M used, 41M capacity, 41M committed, 42M reserved
[621.501s][info   ][gc,ref      ] GC(30) Soft: 3327 encountered, 0 discovered, 0 enqueued
[621.501s][info   ][gc,ref      ] GC(30) Weak: 1530 encountered, 249 discovered, 0 enqueued
[621.501s][info   ][gc,ref      ] GC(30) Final: 30 encountered, 3 discovered, 3 enqueued
[621.501s][info   ][gc,ref      ] GC(30) Phantom: 120 encountered, 83 discovered, 0 enqueued
[621.501s][info   ][gc,heap     ] GC(30)                Mark Start          Mark End        Relocate Start      Relocate End           High               Low         
[621.501s][info   ][gc,heap     ] GC(30)  Capacity:    30390M (30%)       30390M (30%)       30390M (30%)       30390M (30%)       30390M (30%)       30390M (30%)    
[621.501s][info   ][gc,heap     ] GC(30)   Reserve:       80M (0%)           80M (0%)           80M (0%)           80M (0%)           80M (0%)           80M (0%)     
[621.501s][info   ][gc,heap     ] GC(30)      Free:    86188M (86%)       85980M (86%)       89748M (89%)       96348M (96%)       96348M (96%)       85980M (86%)    
[621.501s][info   ][gc,heap     ] GC(30)      Used:    14084M (14%)       14292M (14%)       10524M (10%)        3924M (4%)        14292M (14%)        3924M (4%)     
[621.501s][info   ][gc,heap     ] GC(30)      Live:         -              3461M (3%)         3461M (3%)         3461M (3%)             -                  -          
[621.501s][info   ][gc,heap     ] GC(30) Allocated:         -               208M (0%)          208M (0%)         1578M (2%)             -                  -          
[621.501s][info   ][gc,heap     ] GC(30)   Garbage:         -             10622M (11%)        6854M (7%)          212M (0%)             -                  -          
[621.501s][info   ][gc,heap     ] GC(30) Reclaimed:         -                  -              3768M (4%)        10410M (10%)            -                  -          
[621.501s][info   ][gc          ] GC(30) Garbage Collection (Proactive) 14084M(14%)->3924M(4%)
[630.170s][info   ][gc,stats    ] === Garbage Collection Statistics =======================================================================================================================
[630.170s][info   ][gc,stats    ]                                                              Last 10s              Last 10m              Last 10h                Total
[630.170s][info   ][gc,stats    ]                                                              Avg / Max             Avg / Max             Avg / Max             Avg / Max
[630.170s][info   ][gc,stats    ]   Collector: Garbage Collection Cycle                    330.777 / 330.777     351.313 / 515.532     330.157 / 515.532     330.157 / 515.532     ms
[630.170s][info   ][gc,stats    ]  Contention: Mark Segment Reset Contention                    32 / 321              18 / 850              17 / 850              17 / 850         ops/s
[630.170s][info   ][gc,stats    ]  Contention: Mark SeqNum Reset Contention                      0 / 0                 0 / 9                 0 / 9                 0 / 9           ops/s
[630.170s][info   ][gc,stats    ]  Contention: Relocation Contention                             0 / 6                 0 / 95                0 / 95                0 / 95          ops/s
[630.170s][info   ][gc,stats    ]    Critical: Allocation Stall                              0.000 / 0.000         0.000 / 0.000         0.000 / 0.000         0.000 / 0.000       ms
[630.170s][info   ][gc,stats    ]    Critical: Allocation Stall                                  0 / 0                 0 / 0                 0 / 0                 0 / 0           ops/s
[630.170s][info   ][gc,stats    ]    Critical: GC Locker Stall                               0.000 / 0.000         0.000 / 0.000         0.000 / 0.000         0.000 / 0.000       ms
[630.170s][info   ][gc,stats    ]    Critical: GC Locker Stall                                   0 / 0                 0 / 0                 0 / 0                 0 / 0           ops/s
[630.170s][info   ][gc,stats    ]      Memory: Allocation Rate                                 608 / 706             623 / 1436            617 / 1436            617 / 1436        MB/s
[630.170s][info   ][gc,stats    ]      Memory: Heap Used After Mark                          14292 / 14292         16970 / 30288         15899 / 30288         15899 / 30288       MB
[630.170s][info   ][gc,stats    ]      Memory: Heap Used After Relocation                     3924 / 3924           3986 / 4228           3733 / 4228           3733 / 4228        MB
[630.170s][info   ][gc,stats    ]      Memory: Heap Used Before Mark                         14084 / 14084         16780 / 30112         15721 / 30112         15721 / 30112       MB
[630.170s][info   ][gc,stats    ]      Memory: Heap Used Before Relocation                   10524 / 10524         12103 / 20378         11337 / 20378         11337 / 20378       MB
[630.170s][info   ][gc,stats    ]      Memory: Out Of Memory                                     0 / 0                 0 / 0                 0 / 0                 0 / 0           ops/s
[630.170s][info   ][gc,stats    ]      Memory: Page Cache Flush                                  0 / 0                 0 / 0                 0 / 0                 0 / 0           MB/s
[630.170s][info   ][gc,stats    ]      Memory: Page Cache Hit L1                               359 / 999             323 / 1642            308 / 1642            308 / 1642        ops/s
[630.170s][info   ][gc,stats    ]      Memory: Page Cache Hit L2                                 0 / 0                 0 / 179               0 / 179               0 / 179         ops/s
[630.170s][info   ][gc,stats    ]      Memory: Page Cache Miss                                   0 / 0                12 / 341              23 / 341              23 / 341         ops/s
[630.170s][info   ][gc,stats    ]      Memory: Undo Object Allocation Failed                     0 / 0                 0 / 0                 0 / 0                 0 / 0           ops/s
[630.170s][info   ][gc,stats    ]      Memory: Undo Object Allocation Succeeded                  0 / 6                 0 / 95                0 / 95                0 / 95          ops/s
[630.170s][info   ][gc,stats    ]      Memory: Undo Page Allocation                              0 / 0                 0 / 0                 0 / 69                0 / 69          ops/s
[630.170s][info   ][gc,stats    ]       Phase: Concurrent Destroy Detached Pages             0.001 / 0.001         0.001 / 0.001         0.001 / 0.001         0.001 / 0.001       ms
[630.170s][info   ][gc,stats    ]       Phase: Concurrent Mark                             197.417 / 197.417     210.424 / 275.553     197.194 / 275.553     197.194 / 275.553     ms
[630.170s][info   ][gc,stats    ]       Phase: Concurrent Mark Continue                      0.000 / 0.000         1.375 / 1.416         1.375 / 1.416         1.375 / 1.416       ms
[630.170s][info   ][gc,stats    ]       Phase: Concurrent Prepare Relocation Set            13.428 / 13.428       26.327 / 89.649       24.725 / 89.649       24.725 / 89.649      ms
[630.170s][info   ][gc,stats    ]       Phase: Concurrent Process Non-Strong References      1.699 / 1.699         2.650 / 19.270        2.836 / 19.270        2.836 / 19.270      ms
[630.170s][info   ][gc,stats    ]       Phase: Concurrent Relocate                         111.635 / 111.635     102.230 / 165.671      95.921 / 165.671      95.921 / 165.671     ms
[630.170s][info   ][gc,stats    ]       Phase: Concurrent Reset Relocation Set               1.486 / 1.486         2.894 / 14.653        2.708 / 14.653        2.708 / 14.653      ms
[630.170s][info   ][gc,stats    ]       Phase: Concurrent Select Relocation Set              3.270 / 3.270         4.247 / 12.148        4.190 / 12.148        4.190 / 12.148      ms
[630.170s][info   ][gc,stats    ]       Phase: Pause Mark End                                0.557 / 0.557         0.742 / 1.288         0.749 / 1.288         0.749 / 1.288       ms
[630.170s][info   ][gc,stats    ]       Phase: Pause Mark Start                              0.143 / 0.143         0.336 / 1.400         0.352 / 1.400         0.352 / 1.400       ms
[630.170s][info   ][gc,stats    ]       Phase: Pause Relocate Start                          0.182 / 0.182         0.205 / 0.273         0.231 / 1.025         0.231 / 1.025       ms
[630.170s][info   ][gc,stats    ]       Phase: Pause Verify                                  0.000 / 0.000         0.000 / 0.000         0.000 / 0.000         0.000 / 0.000       ms
[630.170s][info   ][gc,stats    ]    Subphase: Concurrent Classes Unload                     1.407 / 1.407         2.222 / 18.723        2.424 / 18.723        2.424 / 18.723      ms
[630.170s][info   ][gc,stats    ]    Subphase: Concurrent Mark                             196.181 / 196.746     195.286 / 273.889     183.730 / 273.889     183.730 / 273.889     ms
[630.170s][info   ][gc,stats    ]    Subphase: Concurrent Mark Idle                          1.135 / 1.194         1.138 / 1.365         1.138 / 1.365         1.138 / 1.365       ms
[630.170s][info   ][gc,stats    ]    Subphase: Concurrent Mark Try Flush                     0.081 / 0.143         0.080 / 0.545         0.079 / 0.545         0.079 / 0.545       ms
[630.170s][info   ][gc,stats    ]    Subphase: Concurrent Mark Try Terminate                 1.132 / 1.198         1.137 / 1.367         1.136 / 1.367         1.136 / 1.367       ms
[630.170s][info   ][gc,stats    ]    Subphase: Concurrent References Enqueue                 0.005 / 0.005         0.005 / 0.008         0.005 / 0.008         0.005 / 0.008       ms
[630.170s][info   ][gc,stats    ]    Subphase: Concurrent References Process                 0.072 / 0.072         0.076 / 0.140         0.075 / 0.140         0.075 / 0.140       ms
[630.170s][info   ][gc,stats    ]    Subphase: Concurrent Roots                              0.067 / 0.407         0.105 / 2.807         0.100 / 2.807         0.100 / 2.807       ms
[630.170s][info   ][gc,stats    ]    Subphase: Concurrent Roots ClassLoaderDataGraph         0.060 / 0.405         0.092 / 2.804         0.089 / 2.804         0.089 / 2.804       ms
[630.170s][info   ][gc,stats    ]    Subphase: Concurrent Roots JNIHandles                   0.007 / 0.014         0.036 / 0.551         0.036 / 0.551         0.036 / 0.551       ms
[630.170s][info   ][gc,stats    ]    Subphase: Concurrent Roots Setup                        0.082 / 0.082         0.300 / 1.622         0.290 / 1.622         0.290 / 1.622       ms
[630.170s][info   ][gc,stats    ]    Subphase: Concurrent Roots Teardown                     0.001 / 0.001         0.001 / 0.001         0.001 / 0.001         0.001 / 0.001       ms
[630.170s][info   ][gc,stats    ]    Subphase: Concurrent Weak Roots                         0.151 / 0.169         0.262 / 1.376         0.249 / 1.376         0.249 / 1.376       ms
[630.170s][info   ][gc,stats    ]    Subphase: Concurrent Weak Roots JNIWeakHandles          0.002 / 0.004         0.003 / 0.073         0.003 / 0.073         0.003 / 0.073       ms
[630.170s][info   ][gc,stats    ]    Subphase: Concurrent Weak Roots StringTable             0.129 / 0.137         0.234 / 1.327         0.223 / 1.327         0.223 / 1.327       ms
[630.170s][info   ][gc,stats    ]    Subphase: Concurrent Weak Roots VMWeakHandles           0.021 / 0.042         0.023 / 0.052         0.023 / 0.052         0.023 / 0.052       ms
[630.170s][info   ][gc,stats    ]    Subphase: Pause Mark Try Complete                       0.134 / 0.303         0.196 / 1.009         0.198 / 1.009         0.198 / 1.009       ms
[630.170s][info   ][gc,stats    ]    Subphase: Pause Roots                                   0.032 / 0.091         0.043 / 1.060         0.048 / 1.060         0.048 / 1.060       ms
[630.170s][info   ][gc,stats    ]    Subphase: Pause Roots CodeCache                         0.000 / 0.000         0.000 / 0.000         0.000 / 0.000         0.000 / 0.000       ms
[630.170s][info   ][gc,stats    ]    Subphase: Pause Roots JVMTIExport                       0.001 / 0.001         0.002 / 0.017         0.002 / 0.017         0.002 / 0.017       ms
[630.170s][info   ][gc,stats    ]    Subphase: Pause Roots JVMTIWeakExport                   0.001 / 0.001         0.001 / 0.002         0.001 / 0.002         0.001 / 0.002       ms
[630.170s][info   ][gc,stats    ]    Subphase: Pause Roots Management                        0.005 / 0.007         0.005 / 0.021         0.012 / 0.430         0.012 / 0.430       ms
[630.170s][info   ][gc,stats    ]    Subphase: Pause Roots ObjectSynchronizer                0.001 / 0.001         0.001 / 0.003         0.001 / 0.011         0.001 / 0.011       ms
[630.171s][info   ][gc,stats    ]    Subphase: Pause Roots Setup                             0.001 / 0.001         0.001 / 0.002         0.001 / 0.002         0.001 / 0.002       ms
[630.171s][info   ][gc,stats    ]    Subphase: Pause Roots SystemDictionary                  0.023 / 0.033         0.040 / 0.734         0.048 / 0.734         0.048 / 0.734       ms
[630.171s][info   ][gc,stats    ]    Subphase: Pause Roots Teardown                          0.003 / 0.004         0.004 / 0.009         0.004 / 0.009         0.004 / 0.009       ms
[630.171s][info   ][gc,stats    ]    Subphase: Pause Roots Threads                           0.037 / 0.088         0.051 / 1.042         0.058 / 1.042         0.058 / 1.042       ms
[630.171s][info   ][gc,stats    ]    Subphase: Pause Roots Universe                          0.006 / 0.008         0.008 / 0.027         0.018 / 0.626         0.018 / 0.626       ms
[630.171s][info   ][gc,stats    ]    Subphase: Pause Weak Roots                              0.001 / 0.005         0.001 / 0.007         0.001 / 0.007         0.001 / 0.007       ms
[630.171s][info   ][gc,stats    ]    Subphase: Pause Weak Roots JFRWeak                      0.001 / 0.001         0.001 / 0.002         0.001 / 0.002         0.001 / 0.002       ms
[630.171s][info   ][gc,stats    ]    Subphase: Pause Weak Roots JVMTIWeakExport              0.001 / 0.001         0.001 / 0.002         0.001 / 0.002         0.001 / 0.002       ms
[630.171s][info   ][gc,stats    ]    Subphase: Pause Weak Roots Setup                        0.001 / 0.001         0.001 / 0.001         0.001 / 0.001         0.001 / 0.001       ms
[630.171s][info   ][gc,stats    ]    Subphase: Pause Weak Roots Teardown                     0.001 / 0.001         0.001 / 0.004         0.001 / 0.004         0.001 / 0.004       ms
[630.171s][info   ][gc,stats    ]      System: Java Threads                                     62 / 62               62 / 65               59 / 65               59 / 65          threads
[630.171s][info   ][gc,stats    ] =========================================================================================================================================================
[638.270s][info   ][gc,start    ] GC(31) Garbage Collection (Proactive)
[638.270s][info   ][gc,phases   ] GC(31) Pause Mark Start 0.161ms
[638.466s][info   ][gc,phases   ] GC(31) Concurrent Mark 195.636ms
[638.467s][info   ][gc,phases   ] GC(31) Pause Mark End 0.569ms
[638.468s][info   ][gc,phases   ] GC(31) Concurrent Process Non-Strong References 1.650ms
[638.470s][info   ][gc,phases   ] GC(31) Concurrent Reset Relocation Set 1.729ms
[638.470s][info   ][gc,phases   ] GC(31) Concurrent Destroy Detached Pages 0.001ms
[638.473s][info   ][gc,phases   ] GC(31) Concurrent Select Relocation Set 3.093ms
[638.488s][info   ][gc,phases   ] GC(31) Concurrent Prepare Relocation Set 14.976ms
[638.489s][info   ][gc,phases   ] GC(31) Pause Relocate Start 0.184ms
[638.586s][info   ][gc,phases   ] GC(31) Concurrent Relocate 97.514ms
[638.586s][info   ][gc,load     ] GC(31) Load: 3.83/3.25/1.82
[638.586s][info   ][gc,mmu      ] GC(31) MMU: 2ms/30.0%, 5ms/69.9%, 10ms/81.7%, 20ms/87.7%, 50ms/95.1%, 100ms/97.5%
[638.586s][info   ][gc,marking  ] GC(31) Mark: 8 stripe(s), 10 proactive flush(es), 1 terminate flush(es), 1 completion(s), 0 continuation(s) 
[638.586s][info   ][gc,reloc    ] GC(31) Relocation: Successful, 1386M relocated
[638.586s][info   ][gc,nmethod  ] GC(31) NMethods: 5613 registered, 1162 unregistered
[638.586s][info   ][gc,metaspace] GC(31) Metaspace: 40M used, 41M capacity, 41M committed, 42M reserved
[638.586s][info   ][gc,ref      ] GC(31) Soft: 3327 encountered, 0 discovered, 0 enqueued
[638.586s][info   ][gc,ref      ] GC(31) Weak: 1530 encountered, 405 discovered, 0 enqueued
[638.586s][info   ][gc,ref      ] GC(31) Final: 30 encountered, 3 discovered, 3 enqueued
[638.586s][info   ][gc,ref      ] GC(31) Phantom: 120 encountered, 106 discovered, 0 enqueued
[638.586s][info   ][gc,heap     ] GC(31)                Mark Start          Mark End        Relocate Start      Relocate End           High               Low         
[638.586s][info   ][gc,heap     ] GC(31)  Capacity:    30390M (30%)       30390M (30%)       30390M (30%)       30390M (30%)       30390M (30%)       30390M (30%)    
[638.586s][info   ][gc,heap     ] GC(31)   Reserve:       80M (0%)           80M (0%)           80M (0%)           80M (0%)           80M (0%)           80M (0%)     
[638.586s][info   ][gc,heap     ] GC(31)      Free:    86062M (86%)       85892M (86%)       89666M (89%)       96356M (96%)       96356M (96%)       85890M (86%)    
[638.586s][info   ][gc,heap     ] GC(31)      Used:    14210M (14%)       14380M (14%)       10606M (11%)        3916M (4%)        14382M (14%)        3916M (4%)     
[638.586s][info   ][gc,heap     ] GC(31)      Live:         -              3476M (3%)         3476M (3%)         3476M (3%)             -                  -          
[638.586s][info   ][gc,heap     ] GC(31) Allocated:         -               170M (0%)          200M (0%)         1542M (2%)             -                  -          
[638.586s][info   ][gc,heap     ] GC(31)   Garbage:         -             10733M (11%)        6929M (7%)          205M (0%)             -                  -          
[638.586s][info   ][gc,heap     ] GC(31) Reclaimed:         -                  -              3804M (4%)        10528M (10%)            -                  -          
[638.586s][info   ][gc          ] GC(31) Garbage Collection (Proactive) 14210M(14%)->3916M(4%)
[640.170s][info   ][gc,stats    ] === Garbage Collection Statistics =======================================================================================================================
[640.170s][info   ][gc,stats    ]                                                              Last 10s              Last 10m              Last 10h                Total
[640.170s][info   ][gc,stats    ]                                                              Avg / Max             Avg / Max             Avg / Max             Avg / Max
[640.170s][info   ][gc,stats    ]   Collector: Garbage Collection Cycle                    316.494 / 316.494     350.152 / 515.532     329.730 / 515.532     329.730 / 515.532     ms
[640.170s][info   ][gc,stats    ]  Contention: Mark Segment Reset Contention                    17 / 177              18 / 850              17 / 850              17 / 850         ops/s
[640.170s][info   ][gc,stats    ]  Contention: Mark SeqNum Reset Contention                      0 / 0                 0 / 9                 0 / 9                 0 / 9           ops/s
[640.170s][info   ][gc,stats    ]  Contention: Relocation Contention                            17 / 179               0 / 179               0 / 179               0 / 179         ops/s
[640.170s][info   ][gc,stats    ]    Critical: Allocation Stall                              0.000 / 0.000         0.000 / 0.000         0.000 / 0.000         0.000 / 0.000       ms
[640.170s][info   ][gc,stats    ]    Critical: Allocation Stall                                  0 / 0                 0 / 0                 0 / 0                 0 / 0           ops/s
[640.170s][info   ][gc,stats    ]    Critical: GC Locker Stall                               0.000 / 0.000         0.000 / 0.000         0.000 / 0.000         0.000 / 0.000       ms
[640.170s][info   ][gc,stats    ]    Critical: GC Locker Stall                                   0 / 0                 0 / 0                 0 / 0                 0 / 0           ops/s
[640.170s][info   ][gc,stats    ]      Memory: Allocation Rate                                 623 / 684             622 / 1436            617 / 1436            617 / 1436        MB/s
[640.170s][info   ][gc,stats    ]      Memory: Heap Used After Mark                          14380 / 14380         16883 / 30288         15851 / 30288         15851 / 30288       MB
[640.170s][info   ][gc,stats    ]      Memory: Heap Used After Relocation                     3916 / 3916           3983 / 4228           3739 / 4228           3739 / 4228        MB
[640.170s][info   ][gc,stats    ]      Memory: Heap Used Before Mark                         14210 / 14210         16694 / 30112         15674 / 30112         15674 / 30112       MB
[640.170s][info   ][gc,stats    ]      Memory: Heap Used Before Relocation                   10606 / 10606         12054 / 20378         11314 / 20378         11314 / 20378       MB
[640.170s][info   ][gc,stats    ]      Memory: Out Of Memory                                     0 / 0                 0 / 0                 0 / 0                 0 / 0           ops/s
[640.170s][info   ][gc,stats    ]      Memory: Page Cache Flush                                  0 / 0                 0 / 0                 0 / 0                 0 / 0           MB/s
[640.170s][info   ][gc,stats    ]      Memory: Page Cache Hit L1                               364 / 978             329 / 1642            309 / 1642            309 / 1642        ops/s
[640.170s][info   ][gc,stats    ]      Memory: Page Cache Hit L2                                 0 / 0                 0 / 179               0 / 179               0 / 179         ops/s
[640.170s][info   ][gc,stats    ]      Memory: Page Cache Miss                                   0 / 0                 7 / 341              22 / 341              22 / 341         ops/s
[640.170s][info   ][gc,stats    ]      Memory: Undo Object Allocation Failed                     0 / 0                 0 / 0                 0 / 0                 0 / 0           ops/s
[640.170s][info   ][gc,stats    ]      Memory: Undo Object Allocation Succeeded                 17 / 179               0 / 179               0 / 179               0 / 179         ops/s
[640.170s][info   ][gc,stats    ]      Memory: Undo Page Allocation                              0 / 0                 0 / 0                 0 / 69                0 / 69          ops/s
[640.170s][info   ][gc,stats    ]       Phase: Concurrent Destroy Detached Pages             0.001 / 0.001         0.001 / 0.001         0.001 / 0.001         0.001 / 0.001       ms
[640.170s][info   ][gc,stats    ]       Phase: Concurrent Mark                             195.636 / 195.636     209.931 / 275.553     197.145 / 275.553     197.145 / 275.553     ms
[640.170s][info   ][gc,stats    ]       Phase: Concurrent Mark Continue                      0.000 / 0.000         1.375 / 1.416         1.375 / 1.416         1.375 / 1.416       ms
[640.170s][info   ][gc,stats    ]       Phase: Concurrent Prepare Relocation Set            14.976 / 14.976       25.949 / 89.649       24.420 / 89.649       24.420 / 89.649      ms
[640.170s][info   ][gc,stats    ]       Phase: Concurrent Process Non-Strong References      1.650 / 1.650         2.617 / 19.270        2.799 / 19.270        2.799 / 19.270      ms
[640.170s][info   ][gc,stats    ]       Phase: Concurrent Relocate                          97.514 / 97.514      102.073 / 165.671      95.971 / 165.671      95.971 / 165.671     ms
[640.170s][info   ][gc,stats    ]       Phase: Concurrent Reset Relocation Set               1.729 / 1.729         2.856 / 14.653        2.678 / 14.653        2.678 / 14.653      ms
[640.170s][info   ][gc,stats    ]       Phase: Concurrent Select Relocation Set              3.093 / 3.093         4.209 / 12.148        4.156 / 12.148        4.156 / 12.148      ms
[640.170s][info   ][gc,stats    ]       Phase: Pause Mark End                                0.569 / 0.569         0.736 / 1.288         0.744 / 1.288         0.744 / 1.288       ms
[640.170s][info   ][gc,stats    ]       Phase: Pause Mark Start                              0.161 / 0.161         0.330 / 1.400         0.346 / 1.400         0.346 / 1.400       ms
[640.170s][info   ][gc,stats    ]       Phase: Pause Relocate Start                          0.184 / 0.184         0.204 / 0.273         0.229 / 1.025         0.229 / 1.025       ms
[640.170s][info   ][gc,stats    ]       Phase: Pause Verify                                  0.000 / 0.000         0.000 / 0.000         0.000 / 0.000         0.000 / 0.000       ms
[640.170s][info   ][gc,stats    ]    Subphase: Concurrent Classes Unload                     1.356 / 1.356         2.193 / 18.723        2.391 / 18.723        2.391 / 18.723      ms
[640.170s][info   ][gc,stats    ]    Subphase: Concurrent Mark                             194.531 / 194.958     195.262 / 273.889     184.047 / 273.889     184.047 / 273.889     ms
[640.170s][info   ][gc,stats    ]    Subphase: Concurrent Mark Idle                          1.138 / 1.413         1.138 / 1.413         1.138 / 1.413         1.138 / 1.413       ms
[640.170s][info   ][gc,stats    ]    Subphase: Concurrent Mark Try Flush                     0.067 / 0.113         0.080 / 0.545         0.079 / 0.545         0.079 / 0.545       ms
[640.170s][info   ][gc,stats    ]    Subphase: Concurrent Mark Try Terminate                 1.137 / 1.418         1.137 / 1.418         1.136 / 1.418         1.136 / 1.418       ms
[640.170s][info   ][gc,stats    ]    Subphase: Concurrent References Enqueue                 0.004 / 0.004         0.005 / 0.008         0.005 / 0.008         0.005 / 0.008       ms
[640.170s][info   ][gc,stats    ]    Subphase: Concurrent References Process                 0.055 / 0.055         0.076 / 0.140         0.075 / 0.140         0.075 / 0.140       ms
[640.170s][info   ][gc,stats    ]    Subphase: Concurrent Roots                              0.065 / 0.482         0.103 / 2.807         0.099 / 2.807         0.099 / 2.807       ms
[640.170s][info   ][gc,stats    ]    Subphase: Concurrent Roots ClassLoaderDataGraph         0.058 / 0.466         0.091 / 2.804         0.088 / 2.804         0.088 / 2.804       ms
[640.170s][info   ][gc,stats    ]    Subphase: Concurrent Roots JNIHandles                   0.011 / 0.021         0.036 / 0.551         0.035 / 0.551         0.035 / 0.551       ms
[640.170s][info   ][gc,stats    ]    Subphase: Concurrent Roots Setup                        0.085 / 0.085         0.293 / 1.622         0.283 / 1.622         0.283 / 1.622       ms
[640.170s][info   ][gc,stats    ]    Subphase: Concurrent Roots Teardown                     0.001 / 0.001         0.001 / 0.001         0.001 / 0.001         0.001 / 0.001       ms
[640.170s][info   ][gc,stats    ]    Subphase: Concurrent Weak Roots                         0.178 / 0.194         0.259 / 1.376         0.247 / 1.376         0.247 / 1.376       ms
[640.170s][info   ][gc,stats    ]    Subphase: Concurrent Weak Roots JNIWeakHandles          0.002 / 0.005         0.003 / 0.073         0.003 / 0.073         0.003 / 0.073       ms
[640.170s][info   ][gc,stats    ]    Subphase: Concurrent Weak Roots StringTable             0.151 / 0.158         0.231 / 1.327         0.220 / 1.327         0.220 / 1.327       ms
[640.170s][info   ][gc,stats    ]    Subphase: Concurrent Weak Roots VMWeakHandles           0.022 / 0.042         0.023 / 0.052         0.023 / 0.052         0.023 / 0.052       ms
[640.170s][info   ][gc,stats    ]    Subphase: Pause Mark Try Complete                       0.133 / 0.374         0.194 / 1.009         0.196 / 1.009         0.196 / 1.009       ms
[640.170s][info   ][gc,stats    ]    Subphase: Pause Roots                                   0.034 / 0.114         0.043 / 1.060         0.048 / 1.060         0.048 / 1.060       ms
[640.170s][info   ][gc,stats    ]    Subphase: Pause Roots CodeCache                         0.000 / 0.000         0.000 / 0.000         0.000 / 0.000         0.000 / 0.000       ms
[640.170s][info   ][gc,stats    ]    Subphase: Pause Roots JVMTIExport                       0.001 / 0.002         0.002 / 0.017         0.002 / 0.017         0.002 / 0.017       ms
[640.170s][info   ][gc,stats    ]    Subphase: Pause Roots JVMTIWeakExport                   0.001 / 0.001         0.001 / 0.002         0.001 / 0.002         0.001 / 0.002       ms
[640.170s][info   ][gc,stats    ]    Subphase: Pause Roots Management                        0.003 / 0.004         0.005 / 0.021         0.012 / 0.430         0.012 / 0.430       ms
[640.170s][info   ][gc,stats    ]    Subphase: Pause Roots ObjectSynchronizer                0.001 / 0.001         0.001 / 0.003         0.001 / 0.011         0.001 / 0.011       ms
[640.170s][info   ][gc,stats    ]    Subphase: Pause Roots Setup                             0.001 / 0.001         0.001 / 0.002         0.001 / 0.002         0.001 / 0.002       ms
[640.170s][info   ][gc,stats    ]    Subphase: Pause Roots SystemDictionary                  0.018 / 0.020         0.039 / 0.734         0.047 / 0.734         0.047 / 0.734       ms
[640.170s][info   ][gc,stats    ]    Subphase: Pause Roots Teardown                          0.003 / 0.005         0.004 / 0.009         0.004 / 0.009         0.004 / 0.009       ms
[640.170s][info   ][gc,stats    ]    Subphase: Pause Roots Threads                           0.040 / 0.107         0.051 / 1.042         0.057 / 1.042         0.057 / 1.042       ms
[640.170s][info   ][gc,stats    ]    Subphase: Pause Roots Universe                          0.009 / 0.014         0.008 / 0.027         0.018 / 0.626         0.018 / 0.626       ms
[640.170s][info   ][gc,stats    ]    Subphase: Pause Weak Roots                              0.001 / 0.005         0.001 / 0.007         0.001 / 0.007         0.001 / 0.007       ms
[640.170s][info   ][gc,stats    ]    Subphase: Pause Weak Roots JFRWeak                      0.001 / 0.001         0.001 / 0.002         0.001 / 0.002         0.001 / 0.002       ms
[640.170s][info   ][gc,stats    ]    Subphase: Pause Weak Roots JVMTIWeakExport              0.001 / 0.001         0.001 / 0.002         0.001 / 0.002         0.001 / 0.002       ms
[640.170s][info   ][gc,stats    ]    Subphase: Pause Weak Roots Setup                        0.001 / 0.001         0.001 / 0.001         0.001 / 0.001         0.001 / 0.001       ms
[640.170s][info   ][gc,stats    ]    Subphase: Pause Weak Roots Teardown                     0.001 / 0.001         0.001 / 0.004         0.001 / 0.004         0.001 / 0.004       ms
[640.170s][info   ][gc,stats    ]      System: Java Threads                                     62 / 62               62 / 65               59 / 65               59 / 65          threads
[640.170s][info   ][gc,stats    ] =========================================================================================================================================================
[650.170s][info   ][gc,stats    ] === Garbage Collection Statistics =======================================================================================================================
[650.170s][info   ][gc,stats    ]                                                              Last 10s              Last 10m              Last 10h                Total
[650.170s][info   ][gc,stats    ]                                                              Avg / Max             Avg / Max             Avg / Max             Avg / Max
[650.170s][info   ][gc,stats    ]   Collector: Garbage Collection Cycle                      0.000 / 0.000       350.152 / 515.532     329.730 / 515.532     329.730 / 515.532     ms
[650.170s][info   ][gc,stats    ]  Contention: Mark Segment Reset Contention                     0 / 0                18 / 850              17 / 850              17 / 850         ops/s
[650.170s][info   ][gc,stats    ]  Contention: Mark SeqNum Reset Contention                      0 / 0                 0 / 9                 0 / 9                 0 / 9           ops/s
[650.170s][info   ][gc,stats    ]  Contention: Relocation Contention                             0 / 0                 0 / 179               0 / 179               0 / 179         ops/s
[650.170s][info   ][gc,stats    ]    Critical: Allocation Stall                              0.000 / 0.000         0.000 / 0.000         0.000 / 0.000         0.000 / 0.000       ms
[650.170s][info   ][gc,stats    ]    Critical: Allocation Stall                                  0 / 0                 0 / 0                 0 / 0                 0 / 0           ops/s
[650.170s][info   ][gc,stats    ]    Critical: GC Locker Stall                               0.000 / 0.000         0.000 / 0.000         0.000 / 0.000         0.000 / 0.000       ms
[650.170s][info   ][gc,stats    ]    Critical: GC Locker Stall                                   0 / 0                 0 / 0                 0 / 0                 0 / 0           ops/s
[650.170s][info   ][gc,stats    ]      Memory: Allocation Rate                                 598 / 666             622 / 1436            617 / 1436            617 / 1436        MB/s
[650.170s][info   ][gc,stats    ]      Memory: Heap Used After Mark                              0 / 0             16883 / 30288         15851 / 30288         15851 / 30288       MB
[650.170s][info   ][gc,stats    ]      Memory: Heap Used After Relocation                        0 / 0              3983 / 4228           3739 / 4228           3739 / 4228        MB
[650.170s][info   ][gc,stats    ]      Memory: Heap Used Before Mark                             0 / 0             16694 / 30112         15674 / 30112         15674 / 30112       MB
[650.170s][info   ][gc,stats    ]      Memory: Heap Used Before Relocation                       0 / 0             12054 / 20378         11314 / 20378         11314 / 20378       MB
[650.170s][info   ][gc,stats    ]      Memory: Out Of Memory                                     0 / 0                 0 / 0                 0 / 0                 0 / 0           ops/s
[650.170s][info   ][gc,stats    ]      Memory: Page Cache Flush                                  0 / 0                 0 / 0                 0 / 0                 0 / 0           MB/s
[650.170s][info   ][gc,stats    ]      Memory: Page Cache Hit L1                               290 / 318             334 / 1642            309 / 1642            309 / 1642        ops/s
[650.170s][info   ][gc,stats    ]      Memory: Page Cache Hit L2                                 0 / 0                 0 / 179               0 / 179               0 / 179         ops/s
[650.170s][info   ][gc,stats    ]      Memory: Page Cache Miss                                   0 / 0                 2 / 330              22 / 341              22 / 341         ops/s
[650.170s][info   ][gc,stats    ]      Memory: Undo Object Allocation Failed                     0 / 0                 0 / 0                 0 / 0                 0 / 0           ops/s
[650.170s][info   ][gc,stats    ]      Memory: Undo Object Allocation Succeeded                  0 / 0                 0 / 179               0 / 179               0 / 179         ops/s
[650.170s][info   ][gc,stats    ]      Memory: Undo Page Allocation                              0 / 0                 0 / 0                 0 / 69                0 / 69          ops/s
[650.170s][info   ][gc,stats    ]       Phase: Concurrent Destroy Detached Pages             0.000 / 0.000         0.001 / 0.001         0.001 / 0.001         0.001 / 0.001       ms
[650.170s][info   ][gc,stats    ]       Phase: Concurrent Mark                               0.000 / 0.000       209.931 / 275.553     197.145 / 275.553     197.145 / 275.553     ms
[650.170s][info   ][gc,stats    ]       Phase: Concurrent Mark Continue                      0.000 / 0.000         1.375 / 1.416         1.375 / 1.416         1.375 / 1.416       ms
[650.170s][info   ][gc,stats    ]       Phase: Concurrent Prepare Relocation Set             0.000 / 0.000        25.949 / 89.649       24.420 / 89.649       24.420 / 89.649      ms
[650.170s][info   ][gc,stats    ]       Phase: Concurrent Process Non-Strong References      0.000 / 0.000         2.617 / 19.270        2.799 / 19.270        2.799 / 19.270      ms
[650.170s][info   ][gc,stats    ]       Phase: Concurrent Relocate                           0.000 / 0.000       102.073 / 165.671      95.971 / 165.671      95.971 / 165.671     ms
[650.170s][info   ][gc,stats    ]       Phase: Concurrent Reset Relocation Set               0.000 / 0.000         2.856 / 14.653        2.678 / 14.653        2.678 / 14.653      ms
[650.170s][info   ][gc,stats    ]       Phase: Concurrent Select Relocation Set              0.000 / 0.000         4.209 / 12.148        4.156 / 12.148        4.156 / 12.148      ms
[650.170s][info   ][gc,stats    ]       Phase: Pause Mark End                                0.000 / 0.000         0.736 / 1.288         0.744 / 1.288         0.744 / 1.288       ms
[650.170s][info   ][gc,stats    ]       Phase: Pause Mark Start                              0.000 / 0.000         0.330 / 1.400         0.346 / 1.400         0.346 / 1.400       ms
[650.171s][info   ][gc,stats    ]       Phase: Pause Relocate Start                          0.000 / 0.000         0.204 / 0.273         0.229 / 1.025         0.229 / 1.025       ms
[650.171s][info   ][gc,stats    ]       Phase: Pause Verify                                  0.000 / 0.000         0.000 / 0.000         0.000 / 0.000         0.000 / 0.000       ms
[650.171s][info   ][gc,stats    ]    Subphase: Concurrent Classes Unload                     0.000 / 0.000         2.193 / 18.723        2.391 / 18.723        2.391 / 18.723      ms
[650.171s][info   ][gc,stats    ]    Subphase: Concurrent Mark                               0.000 / 0.000       195.262 / 273.889     184.047 / 273.889     184.047 / 273.889     ms
[650.171s][info   ][gc,stats    ]    Subphase: Concurrent Mark Idle                          0.000 / 0.000         1.138 / 1.413         1.138 / 1.413         1.138 / 1.413       ms
[650.171s][info   ][gc,stats    ]    Subphase: Concurrent Mark Try Flush                     0.000 / 0.000         0.080 / 0.545         0.079 / 0.545         0.079 / 0.545       ms
[650.171s][info   ][gc,stats    ]    Subphase: Concurrent Mark Try Terminate                 0.000 / 0.000         1.137 / 1.418         1.136 / 1.418         1.136 / 1.418       ms
[650.171s][info   ][gc,stats    ]    Subphase: Concurrent References Enqueue                 0.000 / 0.000         0.005 / 0.008         0.005 / 0.008         0.005 / 0.008       ms
[650.171s][info   ][gc,stats    ]    Subphase: Concurrent References Process                 0.000 / 0.000         0.076 / 0.140         0.075 / 0.140         0.075 / 0.140       ms
[650.171s][info   ][gc,stats    ]    Subphase: Concurrent Roots                              0.000 / 0.000         0.103 / 2.807         0.099 / 2.807         0.099 / 2.807       ms
[650.171s][info   ][gc,stats    ]    Subphase: Concurrent Roots ClassLoaderDataGraph         0.000 / 0.000         0.091 / 2.804         0.088 / 2.804         0.088 / 2.804       ms
[650.171s][info   ][gc,stats    ]    Subphase: Concurrent Roots JNIHandles                   0.000 / 0.000         0.036 / 0.551         0.035 / 0.551         0.035 / 0.551       ms
[650.171s][info   ][gc,stats    ]    Subphase: Concurrent Roots Setup                        0.000 / 0.000         0.293 / 1.622         0.283 / 1.622         0.283 / 1.622       ms
[650.171s][info   ][gc,stats    ]    Subphase: Concurrent Roots Teardown                     0.000 / 0.000         0.001 / 0.001         0.001 / 0.001         0.001 / 0.001       ms
[650.171s][info   ][gc,stats    ]    Subphase: Concurrent Weak Roots                         0.000 / 0.000         0.259 / 1.376         0.247 / 1.376         0.247 / 1.376       ms
[650.171s][info   ][gc,stats    ]    Subphase: Concurrent Weak Roots JNIWeakHandles          0.000 / 0.000         0.003 / 0.073         0.003 / 0.073         0.003 / 0.073       ms
[650.171s][info   ][gc,stats    ]    Subphase: Concurrent Weak Roots StringTable             0.000 / 0.000         0.231 / 1.327         0.220 / 1.327         0.220 / 1.327       ms
[650.171s][info   ][gc,stats    ]    Subphase: Concurrent Weak Roots VMWeakHandles           0.000 / 0.000         0.023 / 0.052         0.023 / 0.052         0.023 / 0.052       ms
[650.171s][info   ][gc,stats    ]    Subphase: Pause Mark Try Complete                       0.000 / 0.000         0.194 / 1.009         0.196 / 1.009         0.196 / 1.009       ms
[650.171s][info   ][gc,stats    ]    Subphase: Pause Roots                                   0.000 / 0.000         0.043 / 1.060         0.048 / 1.060         0.048 / 1.060       ms
[650.171s][info   ][gc,stats    ]    Subphase: Pause Roots CodeCache                         0.000 / 0.000         0.000 / 0.000         0.000 / 0.000         0.000 / 0.000       ms
[650.171s][info   ][gc,stats    ]    Subphase: Pause Roots JVMTIExport                       0.000 / 0.000         0.002 / 0.017         0.002 / 0.017         0.002 / 0.017       ms
[650.171s][info   ][gc,stats    ]    Subphase: Pause Roots JVMTIWeakExport                   0.000 / 0.000         0.001 / 0.002         0.001 / 0.002         0.001 / 0.002       ms
[650.171s][info   ][gc,stats    ]    Subphase: Pause Roots Management                        0.000 / 0.000         0.005 / 0.021         0.012 / 0.430         0.012 / 0.430       ms
[650.171s][info   ][gc,stats    ]    Subphase: Pause Roots ObjectSynchronizer                0.000 / 0.000         0.001 / 0.003         0.001 / 0.011         0.001 / 0.011       ms
[650.171s][info   ][gc,stats    ]    Subphase: Pause Roots Setup                             0.000 / 0.000         0.001 / 0.002         0.001 / 0.002         0.001 / 0.002       ms
[650.171s][info   ][gc,stats    ]    Subphase: Pause Roots SystemDictionary                  0.000 / 0.000         0.039 / 0.734         0.047 / 0.734         0.047 / 0.734       ms
[650.171s][info   ][gc,stats    ]    Subphase: Pause Roots Teardown                          0.000 / 0.000         0.004 / 0.009         0.004 / 0.009         0.004 / 0.009       ms
[650.171s][info   ][gc,stats    ]    Subphase: Pause Roots Threads                           0.000 / 0.000         0.051 / 1.042         0.057 / 1.042         0.057 / 1.042       ms
[650.171s][info   ][gc,stats    ]    Subphase: Pause Roots Universe                          0.000 / 0.000         0.008 / 0.027         0.018 / 0.626         0.018 / 0.626       ms
[650.171s][info   ][gc,stats    ]    Subphase: Pause Weak Roots                              0.000 / 0.000         0.001 / 0.007         0.001 / 0.007         0.001 / 0.007       ms
[650.171s][info   ][gc,stats    ]    Subphase: Pause Weak Roots JFRWeak                      0.000 / 0.000         0.001 / 0.002         0.001 / 0.002         0.001 / 0.002       ms
[650.171s][info   ][gc,stats    ]    Subphase: Pause Weak Roots JVMTIWeakExport              0.000 / 0.000         0.001 / 0.002         0.001 / 0.002         0.001 / 0.002       ms
[650.171s][info   ][gc,stats    ]    Subphase: Pause Weak Roots Setup                        0.000 / 0.000         0.001 / 0.001         0.001 / 0.001         0.001 / 0.001       ms
[650.171s][info   ][gc,stats    ]    Subphase: Pause Weak Roots Teardown                     0.000 / 0.000         0.001 / 0.004         0.001 / 0.004         0.001 / 0.004       ms
[650.171s][info   ][gc,stats    ]      System: Java Threads                                      0 / 0                62 / 65               59 / 65               59 / 65          threads
[650.171s][info   ][gc,stats    ] =========================================================================================================================================================
[655.669s][info   ][gc,start    ] GC(32) Garbage Collection (Proactive)
[655.670s][info   ][gc,phases   ] GC(32) Pause Mark Start 0.184ms
[655.873s][info   ][gc,phases   ] GC(32) Concurrent Mark 203.388ms
[655.874s][info   ][gc,phases   ] GC(32) Pause Mark End 0.640ms
[655.876s][info   ][gc,phases   ] GC(32) Concurrent Process Non-Strong References 1.622ms
[655.877s][info   ][gc,phases   ] GC(32) Concurrent Reset Relocation Set 1.224ms
[655.877s][info   ][gc,phases   ] GC(32) Concurrent Destroy Detached Pages 0.001ms
[655.879s][info   ][gc,phases   ] GC(32) Concurrent Select Relocation Set 2.538ms
[655.890s][info   ][gc,phases   ] GC(32) Concurrent Prepare Relocation Set 10.291ms
[655.890s][info   ][gc,phases   ] GC(32) Pause Relocate Start 0.180ms
[655.986s][info   ][gc,phases   ] GC(32) Concurrent Relocate 95.352ms
[655.986s][info   ][gc,load     ] GC(32) Load: 4.45/3.41/1.90
[655.986s][info   ][gc,mmu      ] GC(32) MMU: 2ms/30.0%, 5ms/69.9%, 10ms/81.7%, 20ms/87.7%, 50ms/95.1%, 100ms/97.5%
[655.986s][info   ][gc,marking  ] GC(32) Mark: 8 stripe(s), 10 proactive flush(es), 2 terminate flush(es), 1 completion(s), 0 continuation(s) 
[655.986s][info   ][gc,reloc    ] GC(32) Relocation: Successful, 1393M relocated
[655.986s][info   ][gc,nmethod  ] GC(32) NMethods: 5615 registered, 1162 unregistered
[655.986s][info   ][gc,metaspace] GC(32) Metaspace: 40M used, 41M capacity, 41M committed, 42M reserved
[655.986s][info   ][gc,ref      ] GC(32) Soft: 3327 encountered, 0 discovered, 0 enqueued
[655.986s][info   ][gc,ref      ] GC(32) Weak: 1530 encountered, 282 discovered, 0 enqueued
[655.986s][info   ][gc,ref      ] GC(32) Final: 31 encountered, 4 discovered, 4 enqueued
[655.986s][info   ][gc,ref      ] GC(32) Phantom: 120 encountered, 72 discovered, 0 enqueued
[655.986s][info   ][gc,heap     ] GC(32)                Mark Start          Mark End        Relocate Start      Relocate End           High               Low         
[655.986s][info   ][gc,heap     ] GC(32)  Capacity:    30390M (30%)       30390M (30%)       30390M (30%)       30390M (30%)       30390M (30%)       30390M (30%)    
[655.986s][info   ][gc,heap     ] GC(32)   Reserve:       80M (0%)           80M (0%)           80M (0%)           80M (0%)           80M (0%)           80M (0%)     
[655.986s][info   ][gc,heap     ] GC(32)      Free:    86286M (86%)       86064M (86%)       89608M (89%)       96324M (96%)       96324M (96%)       86062M (86%)    
[655.986s][info   ][gc,heap     ] GC(32)      Used:    13986M (14%)       14208M (14%)       10664M (11%)        3948M (4%)        14210M (14%)        3948M (4%)     
[655.986s][info   ][gc,heap     ] GC(32)      Live:         -              3458M (3%)         3458M (3%)         3458M (3%)             -                  -          
[655.986s][info   ][gc,heap     ] GC(32) Allocated:         -               222M (0%)          238M (0%)         1550M (2%)             -                  -          
[655.986s][info   ][gc,heap     ] GC(32)   Garbage:         -             10527M (10%)        6967M (7%)          217M (0%)             -                  -          
[655.986s][info   ][gc,heap     ] GC(32) Reclaimed:         -                  -              3560M (4%)        10310M (10%)            -                  -          
[655.986s][info   ][gc          ] GC(32) Garbage Collection (Proactive) 13986M(14%)->3948M(4%)
[660.170s][info   ][gc,stats    ] === Garbage Collection Statistics =======================================================================================================================
[660.170s][info   ][gc,stats    ]                                                              Last 10s              Last 10m              Last 10h                Total
[660.170s][info   ][gc,stats    ]                                                              Avg / Max             Avg / Max             Avg / Max             Avg / Max
[660.170s][info   ][gc,stats    ]   Collector: Garbage Collection Cycle                    316.380 / 316.380     344.482 / 515.532     329.325 / 515.532     329.325 / 515.532     ms
[660.170s][info   ][gc,stats    ]  Contention: Mark Segment Reset Contention                    28 / 281              18 / 850              17 / 850              17 / 850         ops/s
[660.170s][info   ][gc,stats    ]  Contention: Mark SeqNum Reset Contention                      0 / 0                 0 / 9                 0 / 9                 0 / 9           ops/s
[660.170s][info   ][gc,stats    ]  Contention: Relocation Contention                             0 / 5                 0 / 179               0 / 179               0 / 179         ops/s
[660.170s][info   ][gc,stats    ]    Critical: Allocation Stall                              0.000 / 0.000         0.000 / 0.000         0.000 / 0.000         0.000 / 0.000       ms
[660.170s][info   ][gc,stats    ]    Critical: Allocation Stall                                  0 / 0                 0 / 0                 0 / 0                 0 / 0           ops/s
[660.170s][info   ][gc,stats    ]    Critical: GC Locker Stall                               0.000 / 0.000         0.000 / 0.000         0.000 / 0.000         0.000 / 0.000       ms
[660.170s][info   ][gc,stats    ]    Critical: GC Locker Stall                                   0 / 0                 0 / 0                 0 / 0                 0 / 0           ops/s
[660.170s][info   ][gc,stats    ]      Memory: Allocation Rate                                 581 / 642             621 / 1436            616 / 1436            616 / 1436        MB/s
[660.170s][info   ][gc,stats    ]      Memory: Heap Used After Mark                          14208 / 14208         16347 / 26058         15802 / 30288         15802 / 30288       MB
[660.170s][info   ][gc,stats    ]      Memory: Heap Used After Relocation                     3948 / 3948           3996 / 4228           3745 / 4228           3745 / 4228        MB
[660.170s][info   ][gc,stats    ]      Memory: Heap Used Before Mark                         13986 / 13986         16157 / 25826         15623 / 30112         15623 / 30112       MB
[660.170s][info   ][gc,stats    ]      Memory: Heap Used Before Relocation                   10664 / 10664         11730 / 17622         11294 / 20378         11294 / 20378       MB
[660.170s][info   ][gc,stats    ]      Memory: Out Of Memory                                     0 / 0                 0 / 0                 0 / 0                 0 / 0           ops/s
[660.170s][info   ][gc,stats    ]      Memory: Page Cache Flush                                  0 / 0                 0 / 0                 0 / 0                 0 / 0           MB/s
[660.170s][info   ][gc,stats    ]      Memory: Page Cache Hit L1                               343 / 941             335 / 1642            309 / 1642            309 / 1642        ops/s
[660.170s][info   ][gc,stats    ]      Memory: Page Cache Hit L2                                 0 / 0                 0 / 179               0 / 179               0 / 179         ops/s
[660.170s][info   ][gc,stats    ]      Memory: Page Cache Miss                                   0 / 0                 0 / 0                22 / 341              22 / 341         ops/s
[660.170s][info   ][gc,stats    ]      Memory: Undo Object Allocation Failed                     0 / 0                 0 / 0                 0 / 0                 0 / 0           ops/s
[660.170s][info   ][gc,stats    ]      Memory: Undo Object Allocation Succeeded                  0 / 5                 0 / 179               0 / 179               0 / 179         ops/s
[660.170s][info   ][gc,stats    ]      Memory: Undo Page Allocation                              0 / 0                 0 / 0                 0 / 69                0 / 69          ops/s
[660.170s][info   ][gc,stats    ]       Phase: Concurrent Destroy Detached Pages             0.001 / 0.001         0.001 / 0.001         0.001 / 0.001         0.001 / 0.001       ms
[660.170s][info   ][gc,stats    ]       Phase: Concurrent Mark                             203.388 / 203.388     209.845 / 275.553     197.334 / 275.553     197.334 / 275.553     ms
[660.170s][info   ][gc,stats    ]       Phase: Concurrent Mark Continue                      0.000 / 0.000         1.335 / 1.335         1.375 / 1.416         1.375 / 1.416       ms
[660.170s][info   ][gc,stats    ]       Phase: Concurrent Prepare Relocation Set            10.291 / 10.291       23.303 / 74.912       23.992 / 89.649       23.992 / 89.649      ms
[660.170s][info   ][gc,stats    ]       Phase: Concurrent Process Non-Strong References      1.622 / 1.622         2.029 / 4.142         2.764 / 19.270        2.764 / 19.270      ms
[660.170s][info   ][gc,stats    ]       Phase: Concurrent Relocate                          95.352 / 95.352      100.118 / 165.671      95.952 / 165.671      95.952 / 165.671     ms
[660.170s][info   ][gc,stats    ]       Phase: Concurrent Reset Relocation Set               1.224 / 1.224         2.895 / 14.653        2.633 / 14.653        2.633 / 14.653      ms
[660.170s][info   ][gc,stats    ]       Phase: Concurrent Select Relocation Set              2.538 / 2.538         3.889 / 11.393        4.107 / 12.148        4.107 / 12.148      ms
[660.170s][info   ][gc,stats    ]       Phase: Pause Mark End                                0.640 / 0.640         0.732 / 1.288         0.741 / 1.288         0.741 / 1.288       ms
[660.170s][info   ][gc,stats    ]       Phase: Pause Mark Start                              0.184 / 0.184         0.320 / 1.400         0.341 / 1.400         0.341 / 1.400       ms
[660.170s][info   ][gc,stats    ]       Phase: Pause Relocate Start                          0.180 / 0.180         0.203 / 0.273         0.228 / 1.025         0.228 / 1.025       ms
[660.170s][info   ][gc,stats    ]       Phase: Pause Verify                                  0.000 / 0.000         0.000 / 0.000         0.000 / 0.000         0.000 / 0.000       ms
[660.170s][info   ][gc,stats    ]    Subphase: Concurrent Classes Unload                     1.328 / 1.328         1.613 / 2.676         2.358 / 18.723        2.358 / 18.723      ms
[660.170s][info   ][gc,stats    ]    Subphase: Concurrent Mark                             202.146 / 202.714     201.546 / 273.889     184.564 / 273.889     184.564 / 273.889     ms
[660.170s][info   ][gc,stats    ]    Subphase: Concurrent Mark Idle                          1.138 / 1.170         1.138 / 1.413         1.138 / 1.413         1.138 / 1.413       ms
[660.170s][info   ][gc,stats    ]    Subphase: Concurrent Mark Try Flush                     0.070 / 0.102         0.079 / 0.545         0.079 / 0.545         0.079 / 0.545       ms
[660.170s][info   ][gc,stats    ]    Subphase: Concurrent Mark Try Terminate                 1.136 / 1.172         1.137 / 1.418         1.136 / 1.418         1.136 / 1.418       ms
[660.170s][info   ][gc,stats    ]    Subphase: Concurrent References Enqueue                 0.005 / 0.005         0.005 / 0.008         0.005 / 0.008         0.005 / 0.008       ms
[660.170s][info   ][gc,stats    ]    Subphase: Concurrent References Process                 0.052 / 0.052         0.073 / 0.133         0.074 / 0.140         0.074 / 0.140       ms
[660.170s][info   ][gc,stats    ]    Subphase: Concurrent Roots                              0.060 / 0.391         0.096 / 1.985         0.098 / 2.807         0.098 / 2.807       ms
[660.170s][info   ][gc,stats    ]    Subphase: Concurrent Roots ClassLoaderDataGraph         0.054 / 0.377         0.084 / 1.982         0.087 / 2.804         0.087 / 2.804       ms
[660.170s][info   ][gc,stats    ]    Subphase: Concurrent Roots JNIHandles                   0.006 / 0.011         0.035 / 0.551         0.034 / 0.551         0.034 / 0.551       ms
[660.170s][info   ][gc,stats    ]    Subphase: Concurrent Roots Setup                        0.084 / 0.084         0.259 / 1.622         0.277 / 1.622         0.277 / 1.622       ms
[660.170s][info   ][gc,stats    ]    Subphase: Concurrent Roots Teardown                     0.001 / 0.001         0.001 / 0.001         0.001 / 0.001         0.001 / 0.001       ms
[660.170s][info   ][gc,stats    ]    Subphase: Concurrent Weak Roots                         0.180 / 0.197         0.255 / 1.376         0.245 / 1.376         0.245 / 1.376       ms
[660.170s][info   ][gc,stats    ]    Subphase: Concurrent Weak Roots JNIWeakHandles          0.003 / 0.009         0.003 / 0.073         0.003 / 0.073         0.003 / 0.073       ms
[660.170s][info   ][gc,stats    ]    Subphase: Concurrent Weak Roots StringTable             0.153 / 0.166         0.227 / 1.327         0.218 / 1.327         0.218 / 1.327       ms
[660.170s][info   ][gc,stats    ]    Subphase: Concurrent Weak Roots VMWeakHandles           0.022 / 0.040         0.023 / 0.052         0.023 / 0.052         0.023 / 0.052       ms
[660.170s][info   ][gc,stats    ]    Subphase: Pause Mark Try Complete                       0.140 / 0.398         0.188 / 1.007         0.194 / 1.009         0.194 / 1.009       ms
[660.170s][info   ][gc,stats    ]    Subphase: Pause Roots                                   0.031 / 0.110         0.042 / 1.060         0.047 / 1.060         0.047 / 1.060       ms
[660.170s][info   ][gc,stats    ]    Subphase: Pause Roots CodeCache                         0.000 / 0.000         0.000 / 0.000         0.000 / 0.000         0.000 / 0.000       ms
[660.170s][info   ][gc,stats    ]    Subphase: Pause Roots JVMTIExport                       0.001 / 0.002         0.002 / 0.017         0.002 / 0.017         0.002 / 0.017       ms
[660.170s][info   ][gc,stats    ]    Subphase: Pause Roots JVMTIWeakExport                   0.001 / 0.001         0.001 / 0.002         0.001 / 0.002         0.001 / 0.002       ms
[660.170s][info   ][gc,stats    ]    Subphase: Pause Roots Management                        0.003 / 0.003         0.005 / 0.021         0.011 / 0.430         0.011 / 0.430       ms
[660.170s][info   ][gc,stats    ]    Subphase: Pause Roots ObjectSynchronizer                0.001 / 0.001         0.001 / 0.003         0.001 / 0.011         0.001 / 0.011       ms
[660.170s][info   ][gc,stats    ]    Subphase: Pause Roots Setup                             0.001 / 0.002         0.001 / 0.002         0.001 / 0.002         0.001 / 0.002       ms
[660.170s][info   ][gc,stats    ]    Subphase: Pause Roots SystemDictionary                  0.015 / 0.015         0.039 / 0.734         0.046 / 0.734         0.046 / 0.734       ms
[660.170s][info   ][gc,stats    ]    Subphase: Pause Roots Teardown                          0.003 / 0.004         0.004 / 0.009         0.004 / 0.009         0.004 / 0.009       ms
[660.170s][info   ][gc,stats    ]    Subphase: Pause Roots Threads                           0.036 / 0.107         0.049 / 1.042         0.057 / 1.042         0.057 / 1.042       ms
[660.170s][info   ][gc,stats    ]    Subphase: Pause Roots Universe                          0.003 / 0.005         0.008 / 0.027         0.017 / 0.626         0.017 / 0.626       ms
[660.170s][info   ][gc,stats    ]    Subphase: Pause Weak Roots                              0.001 / 0.003         0.001 / 0.007         0.001 / 0.007         0.001 / 0.007       ms
[660.170s][info   ][gc,stats    ]    Subphase: Pause Weak Roots JFRWeak                      0.001 / 0.001         0.001 / 0.002         0.001 / 0.002         0.001 / 0.002       ms
[660.170s][info   ][gc,stats    ]    Subphase: Pause Weak Roots JVMTIWeakExport              0.001 / 0.001         0.001 / 0.002         0.001 / 0.002         0.001 / 0.002       ms
[660.170s][info   ][gc,stats    ]    Subphase: Pause Weak Roots Setup                        0.001 / 0.001         0.001 / 0.001         0.001 / 0.001         0.001 / 0.001       ms
[660.170s][info   ][gc,stats    ]    Subphase: Pause Weak Roots Teardown                     0.001 / 0.001         0.001 / 0.004         0.001 / 0.004         0.001 / 0.004       ms
[660.170s][info   ][gc,stats    ]      System: Java Threads                                     62 / 62               62 / 62               59 / 65               59 / 65          threads
[660.170s][info   ][gc,stats    ] =========================================================================================================================================================
[670.169s][info   ][gc,stats    ] === Garbage Collection Statistics =======================================================================================================================
[670.169s][info   ][gc,stats    ]                                                              Last 10s              Last 10m              Last 10h                Total
[670.169s][info   ][gc,stats    ]                                                              Avg / Max             Avg / Max             Avg / Max             Avg / Max
[670.169s][info   ][gc,stats    ]   Collector: Garbage Collection Cycle                      0.000 / 0.000       344.482 / 515.532     329.325 / 515.532     329.325 / 515.532     ms
[670.169s][info   ][gc,stats    ]  Contention: Mark Segment Reset Contention                     0 / 0                18 / 850              17 / 850              17 / 850         ops/s
[670.169s][info   ][gc,stats    ]  Contention: Mark SeqNum Reset Contention                      0 / 0                 0 / 9                 0 / 9                 0 / 9           ops/s
[670.169s][info   ][gc,stats    ]  Contention: Relocation Contention                             0 / 0                 0 / 179               0 / 179               0 / 179         ops/s
[670.169s][info   ][gc,stats    ]    Critical: Allocation Stall                              0.000 / 0.000         0.000 / 0.000         0.000 / 0.000         0.000 / 0.000       ms
[670.169s][info   ][gc,stats    ]    Critical: Allocation Stall                                  0 / 0                 0 / 0                 0 / 0                 0 / 0           ops/s
[670.169s][info   ][gc,stats    ]    Critical: GC Locker Stall                               0.000 / 0.000         0.000 / 0.000         0.000 / 0.000         0.000 / 0.000       ms
[670.169s][info   ][gc,stats    ]    Critical: GC Locker Stall                                   0 / 0                 0 / 0                 0 / 0                 0 / 0           ops/s
[670.169s][info   ][gc,stats    ]      Memory: Allocation Rate                                 580 / 702             621 / 1070            616 / 1436            616 / 1436        MB/s
[670.169s][info   ][gc,stats    ]      Memory: Heap Used After Mark                              0 / 0             16347 / 26058         15802 / 30288         15802 / 30288       MB
[670.169s][info   ][gc,stats    ]      Memory: Heap Used After Relocation                        0 / 0              3996 / 4228           3745 / 4228           3745 / 4228        MB
[670.169s][info   ][gc,stats    ]      Memory: Heap Used Before Mark                             0 / 0             16157 / 25826         15623 / 30112         15623 / 30112       MB
[670.169s][info   ][gc,stats    ]      Memory: Heap Used Before Relocation                       0 / 0             11730 / 17622         11294 / 20378         11294 / 20378       MB
[670.169s][info   ][gc,stats    ]      Memory: Out Of Memory                                     0 / 0                 0 / 0                 0 / 0                 0 / 0           ops/s
[670.169s][info   ][gc,stats    ]      Memory: Page Cache Flush                                  0 / 0                 0 / 0                 0 / 0                 0 / 0           MB/s
[670.169s][info   ][gc,stats    ]      Memory: Page Cache Hit L1                               279 / 336             335 / 1642            309 / 1642            309 / 1642        ops/s
[670.169s][info   ][gc,stats    ]      Memory: Page Cache Hit L2                                 0 / 0                 0 / 179               0 / 179               0 / 179         ops/s
[670.169s][info   ][gc,stats    ]      Memory: Page Cache Miss                                   0 / 0                 0 / 0                21 / 341              21 / 341         ops/s
[670.170s][info   ][gc,stats    ]      Memory: Undo Object Allocation Failed                     0 / 0                 0 / 0                 0 / 0                 0 / 0           ops/s
[670.170s][info   ][gc,stats    ]      Memory: Undo Object Allocation Succeeded                  0 / 0                 0 / 179               0 / 179               0 / 179         ops/s
[670.170s][info   ][gc,stats    ]      Memory: Undo Page Allocation                              0 / 0                 0 / 0                 0 / 69                0 / 69          ops/s
[670.170s][info   ][gc,stats    ]       Phase: Concurrent Destroy Detached Pages             0.000 / 0.000         0.001 / 0.001         0.001 / 0.001         0.001 / 0.001       ms
[670.170s][info   ][gc,stats    ]       Phase: Concurrent Mark                               0.000 / 0.000       209.845 / 275.553     197.334 / 275.553     197.334 / 275.553     ms
[670.170s][info   ][gc,stats    ]       Phase: Concurrent Mark Continue                      0.000 / 0.000         1.335 / 1.335         1.375 / 1.416         1.375 / 1.416       ms
[670.170s][info   ][gc,stats    ]       Phase: Concurrent Prepare Relocation Set             0.000 / 0.000        23.303 / 74.912       23.992 / 89.649       23.992 / 89.649      ms
[670.170s][info   ][gc,stats    ]       Phase: Concurrent Process Non-Strong References      0.000 / 0.000         2.029 / 4.142         2.764 / 19.270        2.764 / 19.270      ms
[670.170s][info   ][gc,stats    ]       Phase: Concurrent Relocate                           0.000 / 0.000       100.118 / 165.671      95.952 / 165.671      95.952 / 165.671     ms
[670.170s][info   ][gc,stats    ]       Phase: Concurrent Reset Relocation Set               0.000 / 0.000         2.895 / 14.653        2.633 / 14.653        2.633 / 14.653      ms
[670.170s][info   ][gc,stats    ]       Phase: Concurrent Select Relocation Set              0.000 / 0.000         3.889 / 11.393        4.107 / 12.148        4.107 / 12.148      ms
[670.170s][info   ][gc,stats    ]       Phase: Pause Mark End                                0.000 / 0.000         0.732 / 1.288         0.741 / 1.288         0.741 / 1.288       ms
[670.170s][info   ][gc,stats    ]       Phase: Pause Mark Start                              0.000 / 0.000         0.320 / 1.400         0.341 / 1.400         0.341 / 1.400       ms
[670.170s][info   ][gc,stats    ]       Phase: Pause Relocate Start                          0.000 / 0.000         0.203 / 0.273         0.228 / 1.025         0.228 / 1.025       ms
[670.170s][info   ][gc,stats    ]       Phase: Pause Verify                                  0.000 / 0.000         0.000 / 0.000         0.000 / 0.000         0.000 / 0.000       ms
[670.170s][info   ][gc,stats    ]    Subphase: Concurrent Classes Unload                     0.000 / 0.000         1.613 / 2.676         2.358 / 18.723        2.358 / 18.723      ms
[670.170s][info   ][gc,stats    ]    Subphase: Concurrent Mark                               0.000 / 0.000       201.546 / 273.889     184.564 / 273.889     184.564 / 273.889     ms
[670.170s][info   ][gc,stats    ]    Subphase: Concurrent Mark Idle                          0.000 / 0.000         1.138 / 1.413         1.138 / 1.413         1.138 / 1.413       ms
[670.170s][info   ][gc,stats    ]    Subphase: Concurrent Mark Try Flush                     0.000 / 0.000         0.079 / 0.545         0.079 / 0.545         0.079 / 0.545       ms
[670.170s][info   ][gc,stats    ]    Subphase: Concurrent Mark Try Terminate                 0.000 / 0.000         1.137 / 1.418         1.136 / 1.418         1.136 / 1.418       ms
[670.170s][info   ][gc,stats    ]    Subphase: Concurrent References Enqueue                 0.000 / 0.000         0.005 / 0.008         0.005 / 0.008         0.005 / 0.008       ms
[670.170s][info   ][gc,stats    ]    Subphase: Concurrent References Process                 0.000 / 0.000         0.073 / 0.133         0.074 / 0.140         0.074 / 0.140       ms
[670.170s][info   ][gc,stats    ]    Subphase: Concurrent Roots                              0.000 / 0.000         0.096 / 1.985         0.098 / 2.807         0.098 / 2.807       ms
[670.170s][info   ][gc,stats    ]    Subphase: Concurrent Roots ClassLoaderDataGraph         0.000 / 0.000         0.084 / 1.982         0.087 / 2.804         0.087 / 2.804       ms
[670.170s][info   ][gc,stats    ]    Subphase: Concurrent Roots JNIHandles                   0.000 / 0.000         0.035 / 0.551         0.034 / 0.551         0.034 / 0.551       ms
[670.170s][info   ][gc,stats    ]    Subphase: Concurrent Roots Setup                        0.000 / 0.000         0.259 / 1.622         0.277 / 1.622         0.277 / 1.622       ms
[670.170s][info   ][gc,stats    ]    Subphase: Concurrent Roots Teardown                     0.000 / 0.000         0.001 / 0.001         0.001 / 0.001         0.001 / 0.001       ms
[670.170s][info   ][gc,stats    ]    Subphase: Concurrent Weak Roots                         0.000 / 0.000         0.255 / 1.376         0.245 / 1.376         0.245 / 1.376       ms
[670.170s][info   ][gc,stats    ]    Subphase: Concurrent Weak Roots JNIWeakHandles          0.000 / 0.000         0.003 / 0.073         0.003 / 0.073         0.003 / 0.073       ms
[670.170s][info   ][gc,stats    ]    Subphase: Concurrent Weak Roots StringTable             0.000 / 0.000         0.227 / 1.327         0.218 / 1.327         0.218 / 1.327       ms
[670.170s][info   ][gc,stats    ]    Subphase: Concurrent Weak Roots VMWeakHandles           0.000 / 0.000         0.023 / 0.052         0.023 / 0.052         0.023 / 0.052       ms
[670.170s][info   ][gc,stats    ]    Subphase: Pause Mark Try Complete                       0.000 / 0.000         0.188 / 1.007         0.194 / 1.009         0.194 / 1.009       ms
[670.170s][info   ][gc,stats    ]    Subphase: Pause Roots                                   0.000 / 0.000         0.042 / 1.060         0.047 / 1.060         0.047 / 1.060       ms
[670.170s][info   ][gc,stats    ]    Subphase: Pause Roots CodeCache                         0.000 / 0.000         0.000 / 0.000         0.000 / 0.000         0.000 / 0.000       ms
[670.170s][info   ][gc,stats    ]    Subphase: Pause Roots JVMTIExport                       0.000 / 0.000         0.002 / 0.017         0.002 / 0.017         0.002 / 0.017       ms
[670.170s][info   ][gc,stats    ]    Subphase: Pause Roots JVMTIWeakExport                   0.000 / 0.000         0.001 / 0.002         0.001 / 0.002         0.001 / 0.002       ms
[670.170s][info   ][gc,stats    ]    Subphase: Pause Roots Management                        0.000 / 0.000         0.005 / 0.021         0.011 / 0.430         0.011 / 0.430       ms
[670.170s][info   ][gc,stats    ]    Subphase: Pause Roots ObjectSynchronizer                0.000 / 0.000         0.001 / 0.003         0.001 / 0.011         0.001 / 0.011       ms
[670.170s][info   ][gc,stats    ]    Subphase: Pause Roots Setup                             0.000 / 0.000         0.001 / 0.002         0.001 / 0.002         0.001 / 0.002       ms
[670.170s][info   ][gc,stats    ]    Subphase: Pause Roots SystemDictionary                  0.000 / 0.000         0.039 / 0.734         0.046 / 0.734         0.046 / 0.734       ms
[670.170s][info   ][gc,stats    ]    Subphase: Pause Roots Teardown                          0.000 / 0.000         0.004 / 0.009         0.004 / 0.009         0.004 / 0.009       ms
[670.170s][info   ][gc,stats    ]    Subphase: Pause Roots Threads                           0.000 / 0.000         0.049 / 1.042         0.057 / 1.042         0.057 / 1.042       ms
[670.170s][info   ][gc,stats    ]    Subphase: Pause Roots Universe                          0.000 / 0.000         0.008 / 0.027         0.017 / 0.626         0.017 / 0.626       ms
[670.170s][info   ][gc,stats    ]    Subphase: Pause Weak Roots                              0.000 / 0.000         0.001 / 0.007         0.001 / 0.007         0.001 / 0.007       ms
[670.170s][info   ][gc,stats    ]    Subphase: Pause Weak Roots JFRWeak                      0.000 / 0.000         0.001 / 0.002         0.001 / 0.002         0.001 / 0.002       ms
[670.170s][info   ][gc,stats    ]    Subphase: Pause Weak Roots JVMTIWeakExport              0.000 / 0.000         0.001 / 0.002         0.001 / 0.002         0.001 / 0.002       ms
[670.170s][info   ][gc,stats    ]    Subphase: Pause Weak Roots Setup                        0.000 / 0.000         0.001 / 0.001         0.001 / 0.001         0.001 / 0.001       ms
[670.170s][info   ][gc,stats    ]    Subphase: Pause Weak Roots Teardown                     0.000 / 0.000         0.001 / 0.004         0.001 / 0.004         0.001 / 0.004       ms
[670.170s][info   ][gc,stats    ]      System: Java Threads                                      0 / 0                62 / 62               59 / 65               59 / 65          threads
[670.170s][info   ][gc,stats    ] =========================================================================================================================================================
[672.969s][info   ][gc,start    ] GC(33) Garbage Collection (Proactive)
[672.970s][info   ][gc,phases   ] GC(33) Pause Mark Start 0.182ms
[673.167s][info   ][gc,phases   ] GC(33) Concurrent Mark 196.830ms
[673.168s][info   ][gc,phases   ] GC(33) Pause Mark End 0.489ms
[673.169s][info   ][gc,phases   ] GC(33) Concurrent Process Non-Strong References 1.555ms
[673.170s][info   ][gc,phases   ] GC(33) Concurrent Reset Relocation Set 1.217ms
[673.170s][info   ][gc,phases   ] GC(33) Concurrent Destroy Detached Pages 0.001ms
[673.173s][info   ][gc,phases   ] GC(33) Concurrent Select Relocation Set 3.018ms
[673.183s][info   ][gc,phases   ] GC(33) Concurrent Prepare Relocation Set 10.073ms
[673.184s][info   ][gc,phases   ] GC(33) Pause Relocate Start 0.210ms
[673.280s][info   ][gc,phases   ] GC(33) Concurrent Relocate 96.005ms
[673.280s][info   ][gc,load     ] GC(33) Load: 4.43/3.48/1.95
[673.280s][info   ][gc,mmu      ] GC(33) MMU: 2ms/30.0%, 5ms/69.9%, 10ms/81.7%, 20ms/87.7%, 50ms/95.1%, 100ms/97.5%
[673.280s][info   ][gc,marking  ] GC(33) Mark: 8 stripe(s), 10 proactive flush(es), 2 terminate flush(es), 1 completion(s), 0 continuation(s) 
[673.280s][info   ][gc,reloc    ] GC(33) Relocation: Successful, 1400M relocated
[673.280s][info   ][gc,nmethod  ] GC(33) NMethods: 5611 registered, 1168 unregistered
[673.280s][info   ][gc,metaspace] GC(33) Metaspace: 40M used, 41M capacity, 41M committed, 42M reserved
[673.280s][info   ][gc,ref      ] GC(33) Soft: 3327 encountered, 0 discovered, 0 enqueued
[673.280s][info   ][gc,ref      ] GC(33) Weak: 1530 encountered, 740 discovered, 0 enqueued
[673.280s][info   ][gc,ref      ] GC(33) Final: 30 encountered, 3 discovered, 3 enqueued
[673.280s][info   ][gc,ref      ] GC(33) Phantom: 120 encountered, 102 discovered, 0 enqueued
[673.280s][info   ][gc,heap     ] GC(33)                Mark Start          Mark End        Relocate Start      Relocate End           High               Low         
[673.280s][info   ][gc,heap     ] GC(33)  Capacity:    30390M (30%)       30390M (30%)       30390M (30%)       30390M (30%)       30390M (30%)       30390M (30%)    
[673.280s][info   ][gc,heap     ] GC(33)   Reserve:       80M (0%)           80M (0%)           80M (0%)           80M (0%)           80M (0%)           80M (0%)     
[673.280s][info   ][gc,heap     ] GC(33)      Free:    86268M (86%)       86106M (86%)       89810M (89%)       96364M (96%)       96364M (96%)       86106M (86%)    
[673.280s][info   ][gc,heap     ] GC(33)      Used:    14004M (14%)       14166M (14%)       10462M (10%)        3908M (4%)        14166M (14%)        3908M (4%)     
[673.280s][info   ][gc,heap     ] GC(33)      Live:         -              3467M (3%)         3467M (3%)         3467M (3%)             -                  -          
[673.280s][info   ][gc,heap     ] GC(33) Allocated:         -               162M (0%)          170M (0%)         1500M (1%)             -                  -          
[673.280s][info   ][gc,heap     ] GC(33)   Garbage:         -             10536M (10%)        6824M (7%)          220M (0%)             -                  -          
[673.280s][info   ][gc,heap     ] GC(33) Reclaimed:         -                  -              3712M (4%)        10316M (10%)            -                  -          
[673.280s][info   ][gc          ] GC(33) Garbage Collection (Proactive) 14004M(14%)->3908M(4%)
[680.170s][info   ][gc,stats    ] === Garbage Collection Statistics =======================================================================================================================
[680.170s][info   ][gc,stats    ]                                                              Last 10s              Last 10m              Last 10h                Total
[680.170s][info   ][gc,stats    ]                                                              Avg / Max             Avg / Max             Avg / Max             Avg / Max
[680.170s][info   ][gc,stats    ]   Collector: Garbage Collection Cycle                    310.680 / 310.680     343.392 / 515.532     328.777 / 515.532     328.777 / 515.532     ms
[680.170s][info   ][gc,stats    ]  Contention: Mark Segment Reset Contention                    25 / 251              18 / 850              17 / 850              17 / 850         ops/s
[680.170s][info   ][gc,stats    ]  Contention: Mark SeqNum Reset Contention                      0 / 0                 0 / 9                 0 / 9                 0 / 9           ops/s
[680.170s][info   ][gc,stats    ]  Contention: Relocation Contention                             0 / 4                 0 / 179               0 / 179               0 / 179         ops/s
[680.170s][info   ][gc,stats    ]    Critical: Allocation Stall                              0.000 / 0.000         0.000 / 0.000         0.000 / 0.000         0.000 / 0.000       ms
[680.170s][info   ][gc,stats    ]    Critical: Allocation Stall                                  0 / 0                 0 / 0                 0 / 0                 0 / 0           ops/s
[680.170s][info   ][gc,stats    ]    Critical: GC Locker Stall                               0.000 / 0.000         0.000 / 0.000         0.000 / 0.000         0.000 / 0.000       ms
[680.170s][info   ][gc,stats    ]    Critical: GC Locker Stall                                   0 / 0                 0 / 0                 0 / 0                 0 / 0           ops/s
[680.170s][info   ][gc,stats    ]      Memory: Allocation Rate                                 641 / 698             621 / 750             616 / 1436            616 / 1436        MB/s
[680.170s][info   ][gc,stats    ]      Memory: Heap Used After Mark                          14166 / 14166         16277 / 26058         15753 / 30288         15753 / 30288       MB
[680.170s][info   ][gc,stats    ]      Memory: Heap Used After Relocation                     3908 / 3908           3994 / 4228           3750 / 4228           3750 / 4228        MB
[680.170s][info   ][gc,stats    ]      Memory: Heap Used Before Mark                         14004 / 14004         16087 / 25826         15575 / 30112         15575 / 30112       MB
[680.170s][info   ][gc,stats    ]      Memory: Heap Used Before Relocation                   10462 / 10462         11689 / 17622         11270 / 20378         11270 / 20378       MB
[680.170s][info   ][gc,stats    ]      Memory: Out Of Memory                                     0 / 0                 0 / 0                 0 / 0                 0 / 0           ops/s
[680.170s][info   ][gc,stats    ]      Memory: Page Cache Flush                                  0 / 0                 0 / 0                 0 / 0                 0 / 0           MB/s
[680.170s][info   ][gc,stats    ]      Memory: Page Cache Hit L1                               373 / 944             336 / 1642            310 / 1642            310 / 1642        ops/s
[680.170s][info   ][gc,stats    ]      Memory: Page Cache Hit L2                                 0 / 0                 0 / 179               0 / 179               0 / 179         ops/s
[680.170s][info   ][gc,stats    ]      Memory: Page Cache Miss                                   0 / 0                 0 / 0                21 / 341              21 / 341         ops/s
[680.170s][info   ][gc,stats    ]      Memory: Undo Object Allocation Failed                     0 / 0                 0 / 0                 0 / 0                 0 / 0           ops/s
[680.170s][info   ][gc,stats    ]      Memory: Undo Object Allocation Succeeded                  0 / 4                 0 / 179               0 / 179               0 / 179         ops/s
[680.170s][info   ][gc,stats    ]      Memory: Undo Page Allocation                              0 / 0                 0 / 0                 0 / 69                0 / 69          ops/s
[680.170s][info   ][gc,stats    ]       Phase: Concurrent Destroy Detached Pages             0.001 / 0.001         0.001 / 0.001         0.001 / 0.001         0.001 / 0.001       ms
[680.170s][info   ][gc,stats    ]       Phase: Concurrent Mark                             196.830 / 196.830     209.425 / 275.553     197.320 / 275.553     197.320 / 275.553     ms
[680.170s][info   ][gc,stats    ]       Phase: Concurrent Mark Continue                      0.000 / 0.000         1.335 / 1.335         1.375 / 1.416         1.375 / 1.416       ms
[680.170s][info   ][gc,stats    ]       Phase: Concurrent Prepare Relocation Set            10.073 / 10.073       22.877 / 74.912       23.583 / 89.649       23.583 / 89.649      ms
[680.170s][info   ][gc,stats    ]       Phase: Concurrent Process Non-Strong References      1.555 / 1.555         2.013 / 4.142         2.728 / 19.270        2.728 / 19.270      ms
[680.170s][info   ][gc,stats    ]       Phase: Concurrent Relocate                          96.005 / 96.005       99.985 / 165.671      95.953 / 165.671      95.953 / 165.671     ms
[680.170s][info   ][gc,stats    ]       Phase: Concurrent Reset Relocation Set               1.217 / 1.217         2.841 / 14.653        2.592 / 14.653        2.592 / 14.653      ms
[680.170s][info   ][gc,stats    ]       Phase: Concurrent Select Relocation Set              3.018 / 3.018         3.861 / 11.393        4.075 / 12.148        4.075 / 12.148      ms
[680.170s][info   ][gc,stats    ]       Phase: Pause Mark End                                0.489 / 0.489         0.725 / 1.288         0.734 / 1.288         0.734 / 1.288       ms
[680.170s][info   ][gc,stats    ]       Phase: Pause Mark Start                              0.182 / 0.182         0.316 / 1.400         0.336 / 1.400         0.336 / 1.400       ms
[680.170s][info   ][gc,stats    ]       Phase: Pause Relocate Start                          0.210 / 0.210         0.203 / 0.273         0.227 / 1.025         0.227 / 1.025       ms
[680.170s][info   ][gc,stats    ]       Phase: Pause Verify                                  0.000 / 0.000         0.000 / 0.000         0.000 / 0.000         0.000 / 0.000       ms
[680.170s][info   ][gc,stats    ]    Subphase: Concurrent Classes Unload                     1.237 / 1.237         1.601 / 2.676         2.325 / 18.723        2.325 / 18.723      ms
[680.170s][info   ][gc,stats    ]    Subphase: Concurrent Mark                             195.624 / 196.231     201.361 / 273.889     184.872 / 273.889     184.872 / 273.889     ms
[680.170s][info   ][gc,stats    ]    Subphase: Concurrent Mark Idle                          1.137 / 1.164         1.138 / 1.413         1.138 / 1.413         1.138 / 1.413       ms
[680.170s][info   ][gc,stats    ]    Subphase: Concurrent Mark Try Flush                     0.068 / 0.109         0.079 / 0.545         0.078 / 0.545         0.078 / 0.545       ms
[680.170s][info   ][gc,stats    ]    Subphase: Concurrent Mark Try Terminate                 1.136 / 1.167         1.137 / 1.418         1.136 / 1.418         1.136 / 1.418       ms
[680.170s][info   ][gc,stats    ]    Subphase: Concurrent References Enqueue                 0.004 / 0.004         0.005 / 0.008         0.005 / 0.008         0.005 / 0.008       ms
[680.170s][info   ][gc,stats    ]    Subphase: Concurrent References Process                 0.104 / 0.104         0.074 / 0.133         0.075 / 0.140         0.075 / 0.140       ms
[680.170s][info   ][gc,stats    ]    Subphase: Concurrent Roots                              0.058 / 0.346         0.095 / 1.985         0.096 / 2.807         0.096 / 2.807       ms
[680.170s][info   ][gc,stats    ]    Subphase: Concurrent Roots ClassLoaderDataGraph         0.051 / 0.335         0.083 / 1.982         0.086 / 2.804         0.086 / 2.804       ms
[680.170s][info   ][gc,stats    ]    Subphase: Concurrent Roots JNIHandles                   0.007 / 0.011         0.034 / 0.551         0.033 / 0.551         0.033 / 0.551       ms
[680.170s][info   ][gc,stats    ]    Subphase: Concurrent Roots Setup                        0.087 / 0.087         0.253 / 1.622         0.272 / 1.622         0.272 / 1.622       ms
[680.170s][info   ][gc,stats    ]    Subphase: Concurrent Roots Teardown                     0.001 / 0.001         0.001 / 0.001         0.001 / 0.001         0.001 / 0.001       ms
[680.170s][info   ][gc,stats    ]    Subphase: Concurrent Weak Roots                         0.168 / 0.181         0.252 / 1.376         0.243 / 1.376         0.243 / 1.376       ms
[680.170s][info   ][gc,stats    ]    Subphase: Concurrent Weak Roots JNIWeakHandles          0.001 / 0.003         0.003 / 0.073         0.003 / 0.073         0.003 / 0.073       ms
[680.170s][info   ][gc,stats    ]    Subphase: Concurrent Weak Roots StringTable             0.143 / 0.149         0.224 / 1.327         0.216 / 1.327         0.216 / 1.327       ms
[680.170s][info   ][gc,stats    ]    Subphase: Concurrent Weak Roots VMWeakHandles           0.021 / 0.032         0.023 / 0.052         0.023 / 0.052         0.023 / 0.052       ms
[680.170s][info   ][gc,stats    ]    Subphase: Pause Mark Try Complete                       0.074 / 0.253         0.184 / 1.007         0.191 / 1.009         0.191 / 1.009       ms
[680.170s][info   ][gc,stats    ]    Subphase: Pause Roots                                   0.036 / 0.147         0.042 / 1.060         0.047 / 1.060         0.047 / 1.060       ms
[680.170s][info   ][gc,stats    ]    Subphase: Pause Roots CodeCache                         0.000 / 0.000         0.000 / 0.000         0.000 / 0.000         0.000 / 0.000       ms
[680.170s][info   ][gc,stats    ]    Subphase: Pause Roots JVMTIExport                       0.001 / 0.001         0.002 / 0.017         0.002 / 0.017         0.002 / 0.017       ms
[680.170s][info   ][gc,stats    ]    Subphase: Pause Roots JVMTIWeakExport                   0.001 / 0.001         0.001 / 0.002         0.001 / 0.002         0.001 / 0.002       ms
[680.170s][info   ][gc,stats    ]    Subphase: Pause Roots Management                        0.005 / 0.007         0.005 / 0.021         0.011 / 0.430         0.011 / 0.430       ms
[680.170s][info   ][gc,stats    ]    Subphase: Pause Roots ObjectSynchronizer                0.001 / 0.001         0.001 / 0.003         0.001 / 0.011         0.001 / 0.011       ms
[680.170s][info   ][gc,stats    ]    Subphase: Pause Roots Setup                             0.001 / 0.001         0.001 / 0.002         0.001 / 0.002         0.001 / 0.002       ms
[680.170s][info   ][gc,stats    ]    Subphase: Pause Roots SystemDictionary                  0.029 / 0.043         0.038 / 0.734         0.046 / 0.734         0.046 / 0.734       ms
[680.170s][info   ][gc,stats    ]    Subphase: Pause Roots Teardown                          0.003 / 0.005         0.004 / 0.009         0.004 / 0.009         0.004 / 0.009       ms
[680.170s][info   ][gc,stats    ]    Subphase: Pause Roots Threads                           0.042 / 0.145         0.049 / 1.042         0.056 / 1.042         0.056 / 1.042       ms
[680.170s][info   ][gc,stats    ]    Subphase: Pause Roots Universe                          0.006 / 0.007         0.008 / 0.027         0.017 / 0.626         0.017 / 0.626       ms
[680.170s][info   ][gc,stats    ]    Subphase: Pause Weak Roots                              0.001 / 0.006         0.001 / 0.007         0.001 / 0.007         0.001 / 0.007       ms
[680.170s][info   ][gc,stats    ]    Subphase: Pause Weak Roots JFRWeak                      0.001 / 0.001         0.001 / 0.002         0.001 / 0.002         0.001 / 0.002       ms
[680.170s][info   ][gc,stats    ]    Subphase: Pause Weak Roots JVMTIWeakExport              0.001 / 0.001         0.001 / 0.002         0.001 / 0.002         0.001 / 0.002       ms
[680.171s][info   ][gc,stats    ]    Subphase: Pause Weak Roots Setup                        0.001 / 0.001         0.001 / 0.001         0.001 / 0.001         0.001 / 0.001       ms
[680.171s][info   ][gc,stats    ]    Subphase: Pause Weak Roots Teardown                     0.001 / 0.001         0.001 / 0.004         0.001 / 0.004         0.001 / 0.004       ms
[680.171s][info   ][gc,stats    ]      System: Java Threads                                     62 / 62               62 / 62               59 / 65               59 / 65          threads
[680.171s][info   ][gc,stats    ] =========================================================================================================================================================
[689.370s][info   ][gc,start    ] GC(34) Garbage Collection (Proactive)
[689.370s][info   ][gc,phases   ] GC(34) Pause Mark Start 0.185ms
[689.565s][info   ][gc,phases   ] GC(34) Concurrent Mark 195.149ms
[689.566s][info   ][gc,phases   ] GC(34) Pause Mark End 0.412ms
[689.568s][info   ][gc,phases   ] GC(34) Concurrent Process Non-Strong References 1.548ms
[689.569s][info   ][gc,phases   ] GC(34) Concurrent Reset Relocation Set 1.201ms
[689.569s][info   ][gc,phases   ] GC(34) Concurrent Destroy Detached Pages 0.001ms
[689.571s][info   ][gc,phases   ] GC(34) Concurrent Select Relocation Set 2.360ms
[689.581s][info   ][gc,phases   ] GC(34) Concurrent Prepare Relocation Set 10.266ms
[689.582s][info   ][gc,phases   ] GC(34) Pause Relocate Start 0.164ms
[689.685s][info   ][gc,phases   ] GC(34) Concurrent Relocate 102.939ms
[689.685s][info   ][gc,load     ] GC(34) Load: 3.80/3.39/1.95
[689.685s][info   ][gc,mmu      ] GC(34) MMU: 2ms/30.0%, 5ms/69.9%, 10ms/81.7%, 20ms/87.7%, 50ms/95.1%, 100ms/97.5%
[689.685s][info   ][gc,marking  ] GC(34) Mark: 8 stripe(s), 10 proactive flush(es), 2 terminate flush(es), 1 completion(s), 0 continuation(s) 
[689.685s][info   ][gc,reloc    ] GC(34) Relocation: Successful, 1445M relocated
[689.685s][info   ][gc,nmethod  ] GC(34) NMethods: 5613 registered, 1169 unregistered
[689.685s][info   ][gc,metaspace] GC(34) Metaspace: 40M used, 41M capacity, 41M committed, 42M reserved
[689.685s][info   ][gc,ref      ] GC(34) Soft: 3327 encountered, 0 discovered, 0 enqueued
[689.685s][info   ][gc,ref      ] GC(34) Weak: 1530 encountered, 214 discovered, 0 enqueued
[689.685s][info   ][gc,ref      ] GC(34) Final: 31 encountered, 4 discovered, 4 enqueued
[689.685s][info   ][gc,ref      ] GC(34) Phantom: 120 encountered, 94 discovered, 0 enqueued
[689.685s][info   ][gc,heap     ] GC(34)                Mark Start          Mark End        Relocate Start      Relocate End           High               Low         
[689.685s][info   ][gc,heap     ] GC(34)  Capacity:    30390M (30%)       30390M (30%)       30390M (30%)       30390M (30%)       30390M (30%)       30390M (30%)    
[689.685s][info   ][gc,heap     ] GC(34)   Reserve:       80M (0%)           80M (0%)           80M (0%)           80M (0%)           80M (0%)           80M (0%)     
[689.685s][info   ][gc,heap     ] GC(34)      Free:    86326M (86%)       86142M (86%)       89808M (89%)       96334M (96%)       96334M (96%)       86140M (86%)    
[689.685s][info   ][gc,heap     ] GC(34)      Used:    13946M (14%)       14130M (14%)       10464M (10%)        3938M (4%)        14132M (14%)        3938M (4%)     
[689.685s][info   ][gc,heap     ] GC(34)      Live:         -              3484M (3%)         3484M (3%)         3484M (3%)             -                  -          
[689.685s][info   ][gc,heap     ] GC(34) Allocated:         -               184M (0%)          186M (0%)         1552M (2%)             -                  -          
[689.685s][info   ][gc,heap     ] GC(34)   Garbage:         -             10461M (10%)        6793M (7%)          221M (0%)             -                  -          
[689.685s][info   ][gc,heap     ] GC(34) Reclaimed:         -                  -              3668M (4%)        10240M (10%)            -                  -          
[689.685s][info   ][gc          ] GC(34) Garbage Collection (Proactive) 13946M(14%)->3938M(4%)
[690.169s][info   ][gc,stats    ] === Garbage Collection Statistics =======================================================================================================================
[690.170s][info   ][gc,stats    ]                                                              Last 10s              Last 10m              Last 10h                Total
[690.170s][info   ][gc,stats    ]                                                              Avg / Max             Avg / Max             Avg / Max             Avg / Max
[690.170s][info   ][gc,stats    ]   Collector: Garbage Collection Cycle                    315.204 / 315.204     342.511 / 515.532     328.389 / 515.532     328.389 / 515.532     ms
[690.170s][info   ][gc,stats    ]  Contention: Mark Segment Reset Contention                    18 / 180              19 / 850              17 / 850              17 / 850         ops/s
[690.170s][info   ][gc,stats    ]  Contention: Mark SeqNum Reset Contention                      0 / 2                 0 / 9                 0 / 9                 0 / 9           ops/s
[690.170s][info   ][gc,stats    ]  Contention: Relocation Contention                             1 / 15                0 / 179               0 / 179               0 / 179         ops/s
[690.170s][info   ][gc,stats    ]    Critical: Allocation Stall                              0.000 / 0.000         0.000 / 0.000         0.000 / 0.000         0.000 / 0.000       ms
[690.170s][info   ][gc,stats    ]    Critical: Allocation Stall                                  0 / 0                 0 / 0                 0 / 0                 0 / 0           ops/s
[690.170s][info   ][gc,stats    ]    Critical: GC Locker Stall                               0.000 / 0.000         0.000 / 0.000         0.000 / 0.000         0.000 / 0.000       ms
[690.170s][info   ][gc,stats    ]    Critical: GC Locker Stall                                   0 / 0                 0 / 0                 0 / 0                 0 / 0           ops/s
[690.170s][info   ][gc,stats    ]      Memory: Allocation Rate                                 630 / 696             621 / 750             616 / 1436            616 / 1436        MB/s
[690.170s][info   ][gc,stats    ]      Memory: Heap Used After Mark                          14130 / 14130         16210 / 26058         15707 / 30288         15707 / 30288       MB
[690.170s][info   ][gc,stats    ]      Memory: Heap Used After Relocation                     3938 / 3938           3992 / 4228           3756 / 4228           3756 / 4228        MB
[690.170s][info   ][gc,stats    ]      Memory: Heap Used Before Mark                         13946 / 13946         16020 / 25826         15528 / 30112         15528 / 30112       MB
[690.170s][info   ][gc,stats    ]      Memory: Heap Used Before Relocation                   10464 / 10464         11651 / 17622         11247 / 20378         11247 / 20378       MB
[690.170s][info   ][gc,stats    ]      Memory: Out Of Memory                                     0 / 0                 0 / 0                 0 / 0                 0 / 0           ops/s
[690.170s][info   ][gc,stats    ]      Memory: Page Cache Flush                                  0 / 0                 0 / 0                 0 / 0                 0 / 0           MB/s
[690.170s][info   ][gc,stats    ]      Memory: Page Cache Hit L1                               368 / 987             337 / 1642            311 / 1642            311 / 1642        ops/s
[690.170s][info   ][gc,stats    ]      Memory: Page Cache Hit L2                                 0 / 0                 0 / 179               0 / 179               0 / 179         ops/s
[690.170s][info   ][gc,stats    ]      Memory: Page Cache Miss                                   0 / 0                 0 / 0                21 / 341              21 / 341         ops/s
[690.170s][info   ][gc,stats    ]      Memory: Undo Object Allocation Failed                     0 / 0                 0 / 0                 0 / 0                 0 / 0           ops/s
[690.170s][info   ][gc,stats    ]      Memory: Undo Object Allocation Succeeded                  1 / 15                0 / 179               0 / 179               0 / 179         ops/s
[690.170s][info   ][gc,stats    ]      Memory: Undo Page Allocation                              0 / 0                 0 / 0                 0 / 69                0 / 69          ops/s
[690.170s][info   ][gc,stats    ]       Phase: Concurrent Destroy Detached Pages             0.001 / 0.001         0.001 / 0.001         0.001 / 0.001         0.001 / 0.001       ms
[690.170s][info   ][gc,stats    ]       Phase: Concurrent Mark                             195.149 / 195.149     208.979 / 275.553     197.258 / 275.553     197.258 / 275.553     ms
[690.170s][info   ][gc,stats    ]       Phase: Concurrent Mark Continue                      0.000 / 0.000         1.335 / 1.335         1.375 / 1.416         1.375 / 1.416       ms
[690.170s][info   ][gc,stats    ]       Phase: Concurrent Prepare Relocation Set            10.266 / 10.266       22.483 / 74.912       23.202 / 89.649       23.202 / 89.649      ms
[690.170s][info   ][gc,stats    ]       Phase: Concurrent Process Non-Strong References      1.548 / 1.548         1.999 / 4.142         2.694 / 19.270        2.694 / 19.270      ms
[690.170s][info   ][gc,stats    ]       Phase: Concurrent Relocate                         102.939 / 102.939     100.077 / 165.671      96.153 / 165.671      96.153 / 165.671     ms
[690.170s][info   ][gc,stats    ]       Phase: Concurrent Reset Relocation Set               1.201 / 1.201         2.790 / 14.653        2.552 / 14.653        2.552 / 14.653      ms
[690.170s][info   ][gc,stats    ]       Phase: Concurrent Select Relocation Set              2.360 / 2.360         3.814 / 11.393        4.026 / 12.148        4.026 / 12.148      ms
[690.170s][info   ][gc,stats    ]       Phase: Pause Mark End                                0.412 / 0.412         0.715 / 1.288         0.725 / 1.288         0.725 / 1.288       ms
[690.170s][info   ][gc,stats    ]       Phase: Pause Mark Start                              0.185 / 0.185         0.312 / 1.400         0.332 / 1.400         0.332 / 1.400       ms
[690.170s][info   ][gc,stats    ]       Phase: Pause Relocate Start                          0.164 / 0.164         0.202 / 0.273         0.226 / 1.025         0.226 / 1.025       ms
[690.170s][info   ][gc,stats    ]       Phase: Pause Verify                                  0.000 / 0.000         0.000 / 0.000         0.000 / 0.000         0.000 / 0.000       ms
[690.170s][info   ][gc,stats    ]    Subphase: Concurrent Classes Unload                     1.282 / 1.282         1.591 / 2.676         2.296 / 18.723        2.296 / 18.723      ms
[690.170s][info   ][gc,stats    ]    Subphase: Concurrent Mark                             194.110 / 194.513     201.141 / 273.889     185.121 / 273.889     185.121 / 273.889     ms
[690.170s][info   ][gc,stats    ]    Subphase: Concurrent Mark Idle                          1.133 / 1.168         1.138 / 1.413         1.138 / 1.413         1.138 / 1.413       ms
[690.170s][info   ][gc,stats    ]    Subphase: Concurrent Mark Try Flush                     0.061 / 0.108         0.078 / 0.545         0.078 / 0.545         0.078 / 0.545       ms
[690.170s][info   ][gc,stats    ]    Subphase: Concurrent Mark Try Terminate                 1.130 / 1.171         1.137 / 1.418         1.136 / 1.418         1.136 / 1.418       ms
[690.170s][info   ][gc,stats    ]    Subphase: Concurrent References Enqueue                 0.004 / 0.004         0.005 / 0.008         0.005 / 0.008         0.005 / 0.008       ms
[690.170s][info   ][gc,stats    ]    Subphase: Concurrent References Process                 0.055 / 0.055         0.073 / 0.133         0.074 / 0.140         0.074 / 0.140       ms
[690.170s][info   ][gc,stats    ]    Subphase: Concurrent Roots                              0.062 / 0.349         0.094 / 1.985         0.095 / 2.807         0.095 / 2.807       ms
[690.170s][info   ][gc,stats    ]    Subphase: Concurrent Roots ClassLoaderDataGraph         0.053 / 0.335         0.082 / 1.982         0.085 / 2.804         0.085 / 2.804       ms
[690.170s][info   ][gc,stats    ]    Subphase: Concurrent Roots JNIHandles                   0.010 / 0.015         0.033 / 0.551         0.033 / 0.551         0.033 / 0.551       ms
[690.170s][info   ][gc,stats    ]    Subphase: Concurrent Roots Setup                        0.083 / 0.083         0.248 / 1.622         0.266 / 1.622         0.266 / 1.622       ms
[690.170s][info   ][gc,stats    ]    Subphase: Concurrent Roots Teardown                     0.001 / 0.001         0.001 / 0.001         0.001 / 0.001         0.001 / 0.001       ms
[690.170s][info   ][gc,stats    ]    Subphase: Concurrent Weak Roots                         0.154 / 0.172         0.249 / 1.376         0.240 / 1.376         0.240 / 1.376       ms
[690.170s][info   ][gc,stats    ]    Subphase: Concurrent Weak Roots JNIWeakHandles          0.002 / 0.005         0.003 / 0.073         0.003 / 0.073         0.003 / 0.073       ms
[690.170s][info   ][gc,stats    ]    Subphase: Concurrent Weak Roots StringTable             0.131 / 0.137         0.222 / 1.327         0.214 / 1.327         0.214 / 1.327       ms
[690.170s][info   ][gc,stats    ]    Subphase: Concurrent Weak Roots VMWeakHandles           0.020 / 0.032         0.023 / 0.052         0.023 / 0.052         0.023 / 0.052       ms
[690.170s][info   ][gc,stats    ]    Subphase: Pause Mark Try Complete                       0.095 / 0.188         0.181 / 1.007         0.188 / 1.009         0.188 / 1.009       ms
[690.170s][info   ][gc,stats    ]    Subphase: Pause Roots                                   0.030 / 0.102         0.041 / 1.060         0.047 / 1.060         0.047 / 1.060       ms
[690.170s][info   ][gc,stats    ]    Subphase: Pause Roots CodeCache                         0.000 / 0.000         0.000 / 0.000         0.000 / 0.000         0.000 / 0.000       ms
[690.170s][info   ][gc,stats    ]    Subphase: Pause Roots JVMTIExport                       0.002 / 0.002         0.002 / 0.017         0.002 / 0.017         0.002 / 0.017       ms
[690.170s][info   ][gc,stats    ]    Subphase: Pause Roots JVMTIWeakExport                   0.001 / 0.001         0.001 / 0.002         0.001 / 0.002         0.001 / 0.002       ms
[690.170s][info   ][gc,stats    ]    Subphase: Pause Roots Management                        0.003 / 0.003         0.005 / 0.021         0.011 / 0.430         0.011 / 0.430       ms
[690.170s][info   ][gc,stats    ]    Subphase: Pause Roots ObjectSynchronizer                0.001 / 0.001         0.001 / 0.003         0.001 / 0.011         0.001 / 0.011       ms
[690.170s][info   ][gc,stats    ]    Subphase: Pause Roots Setup                             0.001 / 0.001         0.001 / 0.002         0.001 / 0.002         0.001 / 0.002       ms
[690.170s][info   ][gc,stats    ]    Subphase: Pause Roots SystemDictionary                  0.015 / 0.017         0.038 / 0.734         0.045 / 0.734         0.045 / 0.734       ms
[690.170s][info   ][gc,stats    ]    Subphase: Pause Roots Teardown                          0.003 / 0.003         0.004 / 0.009         0.004 / 0.009         0.004 / 0.009       ms
[690.170s][info   ][gc,stats    ]    Subphase: Pause Roots Threads                           0.035 / 0.100         0.049 / 1.042         0.056 / 1.042         0.056 / 1.042       ms
[690.170s][info   ][gc,stats    ]    Subphase: Pause Roots Universe                          0.010 / 0.016         0.008 / 0.027         0.017 / 0.626         0.017 / 0.626       ms
[690.170s][info   ][gc,stats    ]    Subphase: Pause Weak Roots                              0.001 / 0.003         0.001 / 0.007         0.001 / 0.007         0.001 / 0.007       ms
[690.170s][info   ][gc,stats    ]    Subphase: Pause Weak Roots JFRWeak                      0.001 / 0.001         0.001 / 0.002         0.001 / 0.002         0.001 / 0.002       ms
[690.170s][info   ][gc,stats    ]    Subphase: Pause Weak Roots JVMTIWeakExport              0.001 / 0.001         0.001 / 0.002         0.001 / 0.002         0.001 / 0.002       ms
[690.170s][info   ][gc,stats    ]    Subphase: Pause Weak Roots Setup                        0.001 / 0.001         0.001 / 0.001         0.001 / 0.001         0.001 / 0.001       ms
[690.170s][info   ][gc,stats    ]    Subphase: Pause Weak Roots Teardown                     0.001 / 0.001         0.001 / 0.004         0.001 / 0.004         0.001 / 0.004       ms
[690.170s][info   ][gc,stats    ]      System: Java Threads                                     61 / 61               61 / 62               59 / 65               59 / 65          threads
[690.170s][info   ][gc,stats    ] =========================================================================================================================================================
[700.170s][info   ][gc,stats    ] === Garbage Collection Statistics =======================================================================================================================
[700.170s][info   ][gc,stats    ]                                                              Last 10s              Last 10m              Last 10h                Total
[700.170s][info   ][gc,stats    ]                                                              Avg / Max             Avg / Max             Avg / Max             Avg / Max
[700.170s][info   ][gc,stats    ]   Collector: Garbage Collection Cycle                      0.000 / 0.000       337.299 / 515.532     328.389 / 515.532     328.389 / 515.532     ms
[700.170s][info   ][gc,stats    ]  Contention: Mark Segment Reset Contention                     0 / 0                18 / 850              17 / 850              17 / 850         ops/s
[700.170s][info   ][gc,stats    ]  Contention: Mark SeqNum Reset Contention                      0 / 0                 0 / 3                 0 / 9                 0 / 9           ops/s
[700.170s][info   ][gc,stats    ]  Contention: Relocation Contention                             0 / 0                 0 / 179               0 / 179               0 / 179         ops/s
[700.170s][info   ][gc,stats    ]    Critical: Allocation Stall                              0.000 / 0.000         0.000 / 0.000         0.000 / 0.000         0.000 / 0.000       ms
[700.170s][info   ][gc,stats    ]    Critical: Allocation Stall                                  0 / 0                 0 / 0                 0 / 0                 0 / 0           ops/s
[700.170s][info   ][gc,stats    ]    Critical: GC Locker Stall                               0.000 / 0.000         0.000 / 0.000         0.000 / 0.000         0.000 / 0.000       ms
[700.170s][info   ][gc,stats    ]    Critical: GC Locker Stall                                   0 / 0                 0 / 0                 0 / 0                 0 / 0           ops/s
[700.170s][info   ][gc,stats    ]      Memory: Allocation Rate                                 617 / 680             621 / 750             616 / 1436            616 / 1436        MB/s
[700.170s][info   ][gc,stats    ]      Memory: Heap Used After Mark                              0 / 0             15892 / 25752         15707 / 30288         15707 / 30288       MB
[700.170s][info   ][gc,stats    ]      Memory: Heap Used After Relocation                        0 / 0              3991 / 4228           3756 / 4228           3756 / 4228        MB
[700.170s][info   ][gc,stats    ]      Memory: Heap Used Before Mark                             0 / 0             15704 / 25548         15528 / 30112         15528 / 30112       MB
[700.170s][info   ][gc,stats    ]      Memory: Heap Used Before Relocation                       0 / 0             11481 / 17622         11247 / 20378         11247 / 20378       MB
[700.170s][info   ][gc,stats    ]      Memory: Out Of Memory                                     0 / 0                 0 / 0                 0 / 0                 0 / 0           ops/s
[700.170s][info   ][gc,stats    ]      Memory: Page Cache Flush                                  0 / 0                 0 / 0                 0 / 0                 0 / 0           MB/s
[700.170s][info   ][gc,stats    ]      Memory: Page Cache Hit L1                               298 / 325             335 / 1642            311 / 1642            311 / 1642        ops/s
[700.170s][info   ][gc,stats    ]      Memory: Page Cache Hit L2                                 0 / 0                 0 / 179               0 / 179               0 / 179         ops/s
[700.170s][info   ][gc,stats    ]      Memory: Page Cache Miss                                   0 / 0                 0 / 0                20 / 341              20 / 341         ops/s
[700.170s][info   ][gc,stats    ]      Memory: Undo Object Allocation Failed                     0 / 0                 0 / 0                 0 / 0                 0 / 0           ops/s
[700.170s][info   ][gc,stats    ]      Memory: Undo Object Allocation Succeeded                  0 / 0                 0 / 179               0 / 179               0 / 179         ops/s
[700.170s][info   ][gc,stats    ]      Memory: Undo Page Allocation                              0 / 0                 0 / 0                 0 / 69                0 / 69          ops/s
[700.170s][info   ][gc,stats    ]       Phase: Concurrent Destroy Detached Pages             0.000 / 0.000         0.001 / 0.001         0.001 / 0.001         0.001 / 0.001       ms
[700.170s][info   ][gc,stats    ]       Phase: Concurrent Mark                               0.000 / 0.000       207.416 / 275.553     197.258 / 275.553     197.258 / 275.553     ms
[700.170s][info   ][gc,stats    ]       Phase: Concurrent Mark Continue                      0.000 / 0.000         1.335 / 1.335         1.375 / 1.416         1.375 / 1.416       ms
[700.170s][info   ][gc,stats    ]       Phase: Concurrent Prepare Relocation Set             0.000 / 0.000        20.791 / 61.860       23.202 / 89.649       23.202 / 89.649      ms
[700.170s][info   ][gc,stats    ]       Phase: Concurrent Process Non-Strong References      0.000 / 0.000         1.930 / 3.790         2.694 / 19.270        2.694 / 19.270      ms
[700.170s][info   ][gc,stats    ]       Phase: Concurrent Relocate                           0.000 / 0.000        98.722 / 165.671      96.153 / 165.671      96.153 / 165.671     ms
[700.170s][info   ][gc,stats    ]       Phase: Concurrent Reset Relocation Set               0.000 / 0.000         2.407 / 6.631         2.552 / 14.653        2.552 / 14.653      ms
[700.170s][info   ][gc,stats    ]       Phase: Concurrent Select Relocation Set              0.000 / 0.000         3.703 / 11.393        4.026 / 12.148        4.026 / 12.148      ms
[700.170s][info   ][gc,stats    ]       Phase: Pause Mark End                                0.000 / 0.000         0.715 / 1.288         0.725 / 1.288         0.725 / 1.288       ms
[700.170s][info   ][gc,stats    ]       Phase: Pause Mark Start                              0.000 / 0.000         0.276 / 0.929         0.332 / 1.400         0.332 / 1.400       ms
[700.170s][info   ][gc,stats    ]       Phase: Pause Relocate Start                          0.000 / 0.000         0.201 / 0.273         0.226 / 1.025         0.226 / 1.025       ms
[700.170s][info   ][gc,stats    ]       Phase: Pause Verify                                  0.000 / 0.000         0.000 / 0.000         0.000 / 0.000         0.000 / 0.000       ms
[700.170s][info   ][gc,stats    ]    Subphase: Concurrent Classes Unload                     0.000 / 0.000         1.556 / 2.621         2.296 / 18.723        2.296 / 18.723      ms
[700.170s][info   ][gc,stats    ]    Subphase: Concurrent Mark                               0.000 / 0.000       199.513 / 273.889     185.121 / 273.889     185.121 / 273.889     ms
[700.170s][info   ][gc,stats    ]    Subphase: Concurrent Mark Idle                          0.000 / 0.000         1.138 / 1.413         1.138 / 1.413         1.138 / 1.413       ms
[700.171s][info   ][gc,stats    ]    Subphase: Concurrent Mark Try Flush                     0.000 / 0.000         0.079 / 0.545         0.078 / 0.545         0.078 / 0.545       ms
[700.171s][info   ][gc,stats    ]    Subphase: Concurrent Mark Try Terminate                 0.000 / 0.000         1.137 / 1.418         1.136 / 1.418         1.136 / 1.418       ms
[700.171s][info   ][gc,stats    ]    Subphase: Concurrent References Enqueue                 0.000 / 0.000         0.005 / 0.008         0.005 / 0.008         0.005 / 0.008       ms
[700.171s][info   ][gc,stats    ]    Subphase: Concurrent References Process                 0.000 / 0.000         0.074 / 0.133         0.074 / 0.140         0.074 / 0.140       ms
[700.171s][info   ][gc,stats    ]    Subphase: Concurrent Roots                              0.000 / 0.000         0.091 / 1.985         0.095 / 2.807         0.095 / 2.807       ms
[700.171s][info   ][gc,stats    ]    Subphase: Concurrent Roots ClassLoaderDataGraph         0.000 / 0.000         0.078 / 1.982         0.085 / 2.804         0.085 / 2.804       ms
[700.171s][info   ][gc,stats    ]    Subphase: Concurrent Roots JNIHandles                   0.000 / 0.000         0.033 / 0.551         0.033 / 0.551         0.033 / 0.551       ms
[700.171s][info   ][gc,stats    ]    Subphase: Concurrent Roots Setup                        0.000 / 0.000         0.203 / 1.420         0.266 / 1.622         0.266 / 1.622       ms
[700.171s][info   ][gc,stats    ]    Subphase: Concurrent Roots Teardown                     0.000 / 0.000         0.001 / 0.001         0.001 / 0.001         0.001 / 0.001       ms
[700.171s][info   ][gc,stats    ]    Subphase: Concurrent Weak Roots                         0.000 / 0.000         0.216 / 0.977         0.240 / 1.376         0.240 / 1.376       ms
[700.171s][info   ][gc,stats    ]    Subphase: Concurrent Weak Roots JNIWeakHandles          0.000 / 0.000         0.002 / 0.013         0.003 / 0.073         0.003 / 0.073       ms
[700.171s][info   ][gc,stats    ]    Subphase: Concurrent Weak Roots StringTable             0.000 / 0.000         0.189 / 0.953         0.214 / 1.327         0.214 / 1.327       ms
[700.171s][info   ][gc,stats    ]    Subphase: Concurrent Weak Roots VMWeakHandles           0.000 / 0.000         0.023 / 0.052         0.023 / 0.052         0.023 / 0.052       ms
[700.171s][info   ][gc,stats    ]    Subphase: Pause Mark Try Complete                       0.000 / 0.000         0.181 / 1.007         0.188 / 1.009         0.188 / 1.009       ms
[700.171s][info   ][gc,stats    ]    Subphase: Pause Roots                                   0.000 / 0.000         0.040 / 0.440         0.047 / 1.060         0.047 / 1.060       ms
[700.171s][info   ][gc,stats    ]    Subphase: Pause Roots CodeCache                         0.000 / 0.000         0.000 / 0.000         0.000 / 0.000         0.000 / 0.000       ms
[700.171s][info   ][gc,stats    ]    Subphase: Pause Roots JVMTIExport                       0.000 / 0.000         0.002 / 0.004         0.002 / 0.017         0.002 / 0.017       ms
[700.171s][info   ][gc,stats    ]    Subphase: Pause Roots JVMTIWeakExport                   0.000 / 0.000         0.001 / 0.002         0.001 / 0.002         0.001 / 0.002       ms
[700.171s][info   ][gc,stats    ]    Subphase: Pause Roots Management                        0.000 / 0.000         0.005 / 0.021         0.011 / 0.430         0.011 / 0.430       ms
[700.171s][info   ][gc,stats    ]    Subphase: Pause Roots ObjectSynchronizer                0.000 / 0.000         0.001 / 0.003         0.001 / 0.011         0.001 / 0.011       ms
[700.171s][info   ][gc,stats    ]    Subphase: Pause Roots Setup                             0.000 / 0.000         0.001 / 0.002         0.001 / 0.002         0.001 / 0.002       ms
[700.171s][info   ][gc,stats    ]    Subphase: Pause Roots SystemDictionary                  0.000 / 0.000         0.026 / 0.171         0.045 / 0.734         0.045 / 0.734       ms
[700.171s][info   ][gc,stats    ]    Subphase: Pause Roots Teardown                          0.000 / 0.000         0.004 / 0.009         0.004 / 0.009         0.004 / 0.009       ms
[700.171s][info   ][gc,stats    ]    Subphase: Pause Roots Threads                           0.000 / 0.000         0.047 / 0.408         0.056 / 1.042         0.056 / 1.042       ms
[700.171s][info   ][gc,stats    ]    Subphase: Pause Roots Universe                          0.000 / 0.000         0.007 / 0.022         0.017 / 0.626         0.017 / 0.626       ms
[700.171s][info   ][gc,stats    ]    Subphase: Pause Weak Roots                              0.000 / 0.000         0.001 / 0.007         0.001 / 0.007         0.001 / 0.007       ms
[700.171s][info   ][gc,stats    ]    Subphase: Pause Weak Roots JFRWeak                      0.000 / 0.000         0.001 / 0.002         0.001 / 0.002         0.001 / 0.002       ms
[700.171s][info   ][gc,stats    ]    Subphase: Pause Weak Roots JVMTIWeakExport              0.000 / 0.000         0.001 / 0.002         0.001 / 0.002         0.001 / 0.002       ms
[700.171s][info   ][gc,stats    ]    Subphase: Pause Weak Roots Setup                        0.000 / 0.000         0.001 / 0.001         0.001 / 0.001         0.001 / 0.001       ms
[700.171s][info   ][gc,stats    ]    Subphase: Pause Weak Roots Teardown                     0.000 / 0.000         0.001 / 0.004         0.001 / 0.004         0.001 / 0.004       ms
[700.171s][info   ][gc,stats    ]      System: Java Threads                                      0 / 0                61 / 62               59 / 65               59 / 65          threads
[700.171s][info   ][gc,stats    ] =========================================================================================================================================================
[705.770s][info   ][gc,start    ] GC(35) Garbage Collection (Proactive)
[705.770s][info   ][gc,phases   ] GC(35) Pause Mark Start 0.226ms
[705.971s][info   ][gc,phases   ] GC(35) Concurrent Mark 200.879ms
[705.972s][info   ][gc,phases   ] GC(35) Pause Mark End 0.692ms
[705.974s][info   ][gc,phases   ] GC(35) Concurrent Process Non-Strong References 1.636ms
[705.975s][info   ][gc,phases   ] GC(35) Concurrent Reset Relocation Set 1.183ms
[705.975s][info   ][gc,phases   ] GC(35) Concurrent Destroy Detached Pages 0.001ms
[705.978s][info   ][gc,phases   ] GC(35) Concurrent Select Relocation Set 2.254ms
[705.989s][info   ][gc,phases   ] GC(35) Concurrent Prepare Relocation Set 11.059ms
[705.989s][info   ][gc,phases   ] GC(35) Pause Relocate Start 0.166ms
[706.090s][info   ][gc,phases   ] GC(35) Concurrent Relocate 101.045ms
[706.090s][info   ][gc,load     ] GC(35) Load: 3.36/3.31/1.94
[706.090s][info   ][gc,mmu      ] GC(35) MMU: 2ms/30.0%, 5ms/69.9%, 10ms/81.7%, 20ms/87.7%, 50ms/95.1%, 100ms/97.5%
[706.090s][info   ][gc,marking  ] GC(35) Mark: 8 stripe(s), 10 proactive flush(es), 2 terminate flush(es), 1 completion(s), 0 continuation(s) 
[706.090s][info   ][gc,reloc    ] GC(35) Relocation: Successful, 1430M relocated
[706.090s][info   ][gc,nmethod  ] GC(35) NMethods: 5617 registered, 1170 unregistered
[706.090s][info   ][gc,metaspace] GC(35) Metaspace: 40M used, 41M capacity, 41M committed, 42M reserved
[706.090s][info   ][gc,ref      ] GC(35) Soft: 3327 encountered, 0 discovered, 0 enqueued
[706.090s][info   ][gc,ref      ] GC(35) Weak: 1530 encountered, 632 discovered, 0 enqueued
[706.090s][info   ][gc,ref      ] GC(35) Final: 30 encountered, 3 discovered, 3 enqueued
[706.090s][info   ][gc,ref      ] GC(35) Phantom: 120 encountered, 99 discovered, 0 enqueued
[706.090s][info   ][gc,heap     ] GC(35)                Mark Start          Mark End        Relocate Start      Relocate End           High               Low         
[706.090s][info   ][gc,heap     ] GC(35)  Capacity:    30390M (30%)       30390M (30%)       30390M (30%)       30390M (30%)       30390M (30%)       30390M (30%)    
[706.090s][info   ][gc,heap     ] GC(35)   Reserve:       80M (0%)           80M (0%)           80M (0%)           80M (0%)           80M (0%)           80M (0%)     
[706.090s][info   ][gc,heap     ] GC(35)      Free:    86262M (86%)       86090M (86%)       89792M (89%)       96338M (96%)       96338M (96%)       86088M (86%)    
[706.090s][info   ][gc,heap     ] GC(35)      Used:    14010M (14%)       14182M (14%)       10480M (10%)        3934M (4%)        14184M (14%)        3934M (4%)     
[706.090s][info   ][gc,heap     ] GC(35)      Live:         -              3487M (3%)         3487M (3%)         3487M (3%)             -                  -          
[706.090s][info   ][gc,heap     ] GC(35) Allocated:         -               172M (0%)          174M (0%)         1560M (2%)             -                  -          
[706.090s][info   ][gc,heap     ] GC(35)   Garbage:         -             10522M (10%)        6818M (7%)          218M (0%)             -                  -          
[706.090s][info   ][gc,heap     ] GC(35) Reclaimed:         -                  -              3704M (4%)        10304M (10%)            -                  -          
[706.090s][info   ][gc          ] GC(35) Garbage Collection (Proactive) 14010M(14%)->3934M(4%)
[710.170s][info   ][gc,stats    ] === Garbage Collection Statistics =======================================================================================================================
[710.170s][info   ][gc,stats    ]                                                              Last 10s              Last 10m              Last 10h                Total
[710.170s][info   ][gc,stats    ]                                                              Avg / Max             Avg / Max             Avg / Max             Avg / Max
[710.170s][info   ][gc,stats    ]   Collector: Garbage Collection Cycle                    320.121 / 320.121     336.763 / 515.532     328.160 / 515.532     328.160 / 515.532     ms
[710.170s][info   ][gc,stats    ]  Contention: Mark Segment Reset Contention                    15 / 155              18 / 850              17 / 850              17 / 850         ops/s
[710.170s][info   ][gc,stats    ]  Contention: Mark SeqNum Reset Contention                      0 / 2                 0 / 3                 0 / 9                 0 / 9           ops/s
[710.170s][info   ][gc,stats    ]  Contention: Relocation Contention                             0 / 6                 0 / 179               0 / 179               0 / 179         ops/s
[710.170s][info   ][gc,stats    ]    Critical: Allocation Stall                              0.000 / 0.000         0.000 / 0.000         0.000 / 0.000         0.000 / 0.000       ms
[710.170s][info   ][gc,stats    ]    Critical: Allocation Stall                                  0 / 0                 0 / 0                 0 / 0                 0 / 0           ops/s
[710.170s][info   ][gc,stats    ]    Critical: GC Locker Stall                               0.000 / 0.000         0.000 / 0.000         0.000 / 0.000         0.000 / 0.000       ms
[710.170s][info   ][gc,stats    ]    Critical: GC Locker Stall                                   0 / 0                 0 / 0                 0 / 0                 0 / 0           ops/s
[710.170s][info   ][gc,stats    ]      Memory: Allocation Rate                                 641 / 708             621 / 750             616 / 1436            616 / 1436        MB/s
[710.170s][info   ][gc,stats    ]      Memory: Heap Used After Mark                          14182 / 14182         15839 / 25752         15665 / 30288         15665 / 30288       MB
[710.170s][info   ][gc,stats    ]      Memory: Heap Used After Relocation                     3934 / 3934           3990 / 4228           3761 / 4228           3761 / 4228        MB
[710.170s][info   ][gc,stats    ]      Memory: Heap Used Before Mark                         14010 / 14010         15651 / 25548         15486 / 30112         15486 / 30112       MB
[710.170s][info   ][gc,stats    ]      Memory: Heap Used Before Relocation                   10480 / 10480         11450 / 17622         11225 / 20378         11225 / 20378       MB
[710.170s][info   ][gc,stats    ]      Memory: Out Of Memory                                     0 / 0                 0 / 0                 0 / 0                 0 / 0           ops/s
[710.170s][info   ][gc,stats    ]      Memory: Page Cache Flush                                  0 / 0                 0 / 0                 0 / 0                 0 / 0           MB/s
[710.170s][info   ][gc,stats    ]      Memory: Page Cache Hit L1                               375 / 972             337 / 1642            311 / 1642            311 / 1642        ops/s
[710.170s][info   ][gc,stats    ]      Memory: Page Cache Hit L2                                 0 / 0                 0 / 179               0 / 179               0 / 179         ops/s
[710.170s][info   ][gc,stats    ]      Memory: Page Cache Miss                                   0 / 0                 0 / 0                20 / 341              20 / 341         ops/s
[710.170s][info   ][gc,stats    ]      Memory: Undo Object Allocation Failed                     0 / 0                 0 / 0                 0 / 0                 0 / 0           ops/s
[710.170s][info   ][gc,stats    ]      Memory: Undo Object Allocation Succeeded                  0 / 6                 0 / 179               0 / 179               0 / 179         ops/s
[710.170s][info   ][gc,stats    ]      Memory: Undo Page Allocation                              0 / 0                 0 / 0                 0 / 69                0 / 69          ops/s
[710.170s][info   ][gc,stats    ]       Phase: Concurrent Destroy Detached Pages             0.001 / 0.001         0.001 / 0.001         0.001 / 0.001         0.001 / 0.001       ms
[710.170s][info   ][gc,stats    ]       Phase: Concurrent Mark                             200.879 / 200.879     207.212 / 275.553     197.358 / 275.553     197.358 / 275.553     ms
[710.170s][info   ][gc,stats    ]       Phase: Concurrent Mark Continue                      0.000 / 0.000         1.335 / 1.335         1.375 / 1.416         1.375 / 1.416       ms
[710.170s][info   ][gc,stats    ]       Phase: Concurrent Prepare Relocation Set            11.059 / 11.059       20.487 / 61.860       22.865 / 89.649       22.865 / 89.649      ms
[710.170s][info   ][gc,stats    ]       Phase: Concurrent Process Non-Strong References      1.636 / 1.636         1.921 / 3.790         2.665 / 19.270        2.665 / 19.270      ms
[710.170s][info   ][gc,stats    ]       Phase: Concurrent Relocate                         101.045 / 101.045      98.794 / 165.671      96.289 / 165.671      96.289 / 165.671     ms
[710.170s][info   ][gc,stats    ]       Phase: Concurrent Reset Relocation Set               1.183 / 1.183         2.369 / 6.631         2.514 / 14.653        2.514 / 14.653      ms
[710.170s][info   ][gc,stats    ]       Phase: Concurrent Select Relocation Set              2.254 / 2.254         3.658 / 11.393        3.977 / 12.148        3.977 / 12.148      ms
[710.170s][info   ][gc,stats    ]       Phase: Pause Mark End                                0.692 / 0.692         0.715 / 1.288         0.725 / 1.288         0.725 / 1.288       ms
[710.170s][info   ][gc,stats    ]       Phase: Pause Mark Start                              0.226 / 0.226         0.275 / 0.929         0.329 / 1.400         0.329 / 1.400       ms
[710.170s][info   ][gc,stats    ]       Phase: Pause Relocate Start                          0.166 / 0.166         0.200 / 0.273         0.224 / 1.025         0.224 / 1.025       ms
[710.170s][info   ][gc,stats    ]       Phase: Pause Verify                                  0.000 / 0.000         0.000 / 0.000         0.000 / 0.000         0.000 / 0.000       ms
[710.170s][info   ][gc,stats    ]    Subphase: Concurrent Classes Unload                     1.308 / 1.308         1.548 / 2.621         2.268 / 18.723        2.268 / 18.723      ms
[710.170s][info   ][gc,stats    ]    Subphase: Concurrent Mark                             199.740 / 200.264     199.520 / 273.889     185.506 / 273.889     185.506 / 273.889     ms
[710.170s][info   ][gc,stats    ]    Subphase: Concurrent Mark Idle                          1.133 / 1.165         1.138 / 1.413         1.138 / 1.413         1.138 / 1.413       ms
[710.170s][info   ][gc,stats    ]    Subphase: Concurrent Mark Try Flush                     0.071 / 0.101         0.079 / 0.545         0.078 / 0.545         0.078 / 0.545       ms
[710.170s][info   ][gc,stats    ]    Subphase: Concurrent Mark Try Terminate                 1.132 / 1.169         1.136 / 1.418         1.136 / 1.418         1.136 / 1.418       ms
[710.170s][info   ][gc,stats    ]    Subphase: Concurrent References Enqueue                 0.006 / 0.006         0.005 / 0.008         0.005 / 0.008         0.005 / 0.008       ms
[710.170s][info   ][gc,stats    ]    Subphase: Concurrent References Process                 0.103 / 0.103         0.075 / 0.133         0.075 / 0.140         0.075 / 0.140       ms
[710.170s][info   ][gc,stats    ]    Subphase: Concurrent Roots                              0.059 / 0.366         0.090 / 1.985         0.094 / 2.807         0.094 / 2.807       ms
[710.170s][info   ][gc,stats    ]    Subphase: Concurrent Roots ClassLoaderDataGraph         0.052 / 0.364         0.077 / 1.982         0.084 / 2.804         0.084 / 2.804       ms
[710.170s][info   ][gc,stats    ]    Subphase: Concurrent Roots JNIHandles                   0.008 / 0.013         0.032 / 0.551         0.032 / 0.551         0.032 / 0.551       ms
[710.170s][info   ][gc,stats    ]    Subphase: Concurrent Roots Setup                        0.081 / 0.081         0.200 / 1.420         0.261 / 1.622         0.261 / 1.622       ms
[710.170s][info   ][gc,stats    ]    Subphase: Concurrent Roots Teardown                     0.001 / 0.001         0.001 / 0.001         0.001 / 0.001         0.001 / 0.001       ms
[710.170s][info   ][gc,stats    ]    Subphase: Concurrent Weak Roots                         0.168 / 0.185         0.215 / 0.977         0.238 / 1.376         0.238 / 1.376       ms
[710.170s][info   ][gc,stats    ]    Subphase: Concurrent Weak Roots JNIWeakHandles          0.003 / 0.008         0.002 / 0.013         0.003 / 0.073         0.003 / 0.073       ms
[710.170s][info   ][gc,stats    ]    Subphase: Concurrent Weak Roots StringTable             0.141 / 0.149         0.188 / 0.953         0.212 / 1.327         0.212 / 1.327       ms
[710.170s][info   ][gc,stats    ]    Subphase: Concurrent Weak Roots VMWeakHandles           0.024 / 0.035         0.023 / 0.052         0.023 / 0.052         0.023 / 0.052       ms
[710.170s][info   ][gc,stats    ]    Subphase: Pause Mark Try Complete                       0.114 / 0.436         0.179 / 1.007         0.186 / 1.009         0.186 / 1.009       ms
[710.170s][info   ][gc,stats    ]    Subphase: Pause Roots                                   0.035 / 0.134         0.040 / 0.440         0.046 / 1.060         0.046 / 1.060       ms
[710.170s][info   ][gc,stats    ]    Subphase: Pause Roots CodeCache                         0.000 / 0.000         0.000 / 0.000         0.000 / 0.000         0.000 / 0.000       ms
[710.170s][info   ][gc,stats    ]    Subphase: Pause Roots JVMTIExport                       0.001 / 0.002         0.002 / 0.004         0.002 / 0.017         0.002 / 0.017       ms
[710.170s][info   ][gc,stats    ]    Subphase: Pause Roots JVMTIWeakExport                   0.001 / 0.001         0.001 / 0.002         0.001 / 0.002         0.001 / 0.002       ms
[710.170s][info   ][gc,stats    ]    Subphase: Pause Roots Management                        0.004 / 0.005         0.005 / 0.021         0.011 / 0.430         0.011 / 0.430       ms
[710.170s][info   ][gc,stats    ]    Subphase: Pause Roots ObjectSynchronizer                0.001 / 0.001         0.001 / 0.003         0.001 / 0.011         0.001 / 0.011       ms
[710.170s][info   ][gc,stats    ]    Subphase: Pause Roots Setup                             0.001 / 0.001         0.001 / 0.002         0.001 / 0.002         0.001 / 0.002       ms
[710.170s][info   ][gc,stats    ]    Subphase: Pause Roots SystemDictionary                  0.016 / 0.018         0.026 / 0.171         0.044 / 0.734         0.044 / 0.734       ms
[710.170s][info   ][gc,stats    ]    Subphase: Pause Roots Teardown                          0.004 / 0.006         0.004 / 0.009         0.004 / 0.009         0.004 / 0.009       ms
[710.170s][info   ][gc,stats    ]    Subphase: Pause Roots Threads                           0.040 / 0.131         0.047 / 0.408         0.055 / 1.042         0.055 / 1.042       ms
[710.170s][info   ][gc,stats    ]    Subphase: Pause Roots Universe                          0.004 / 0.004         0.007 / 0.022         0.016 / 0.626         0.016 / 0.626       ms
[710.170s][info   ][gc,stats    ]    Subphase: Pause Weak Roots                              0.001 / 0.004         0.001 / 0.007         0.001 / 0.007         0.001 / 0.007       ms
[710.170s][info   ][gc,stats    ]    Subphase: Pause Weak Roots JFRWeak                      0.001 / 0.001         0.001 / 0.002         0.001 / 0.002         0.001 / 0.002       ms
[710.170s][info   ][gc,stats    ]    Subphase: Pause Weak Roots JVMTIWeakExport              0.001 / 0.001         0.001 / 0.002         0.001 / 0.002         0.001 / 0.002       ms
[710.170s][info   ][gc,stats    ]    Subphase: Pause Weak Roots Setup                        0.001 / 0.001         0.001 / 0.001         0.001 / 0.001         0.001 / 0.001       ms
[710.170s][info   ][gc,stats    ]    Subphase: Pause Weak Roots Teardown                     0.001 / 0.001         0.001 / 0.004         0.001 / 0.004         0.001 / 0.004       ms
[710.170s][info   ][gc,stats    ]      System: Java Threads                                     62 / 62               61 / 62               59 / 65               59 / 65          threads
[710.170s][info   ][gc,stats    ] =========================================================================================================================================================
[720.169s][info   ][gc,stats    ] === Garbage Collection Statistics =======================================================================================================================
[720.169s][info   ][gc,stats    ]                                                              Last 10s              Last 10m              Last 10h                Total
[720.169s][info   ][gc,stats    ]                                                              Avg / Max             Avg / Max             Avg / Max             Avg / Max
[720.169s][info   ][gc,stats    ]   Collector: Garbage Collection Cycle                      0.000 / 0.000       336.763 / 515.532     328.160 / 515.532     328.160 / 515.532     ms
[720.169s][info   ][gc,stats    ]  Contention: Mark Segment Reset Contention                     0 / 0                18 / 850              16 / 850              16 / 850         ops/s
[720.169s][info   ][gc,stats    ]  Contention: Mark SeqNum Reset Contention                      0 / 0                 0 / 3                 0 / 9                 0 / 9           ops/s
[720.169s][info   ][gc,stats    ]  Contention: Relocation Contention                             0 / 0                 0 / 179               0 / 179               0 / 179         ops/s
[720.170s][info   ][gc,stats    ]    Critical: Allocation Stall                              0.000 / 0.000         0.000 / 0.000         0.000 / 0.000         0.000 / 0.000       ms
[720.170s][info   ][gc,stats    ]    Critical: Allocation Stall                                  0 / 0                 0 / 0                 0 / 0                 0 / 0           ops/s
[720.170s][info   ][gc,stats    ]    Critical: GC Locker Stall                               0.000 / 0.000         0.000 / 0.000         0.000 / 0.000         0.000 / 0.000       ms
[720.170s][info   ][gc,stats    ]    Critical: GC Locker Stall                                   0 / 0                 0 / 0                 0 / 0                 0 / 0           ops/s
[720.170s][info   ][gc,stats    ]      Memory: Allocation Rate                                 654 / 768             622 / 768             617 / 1436            617 / 1436        MB/s
[720.170s][info   ][gc,stats    ]      Memory: Heap Used After Mark                              0 / 0             15839 / 25752         15665 / 30288         15665 / 30288       MB
[720.170s][info   ][gc,stats    ]      Memory: Heap Used After Relocation                        0 / 0              3990 / 4228           3761 / 4228           3761 / 4228        MB
[720.170s][info   ][gc,stats    ]      Memory: Heap Used Before Mark                             0 / 0             15651 / 25548         15486 / 30112         15486 / 30112       MB
[720.170s][info   ][gc,stats    ]      Memory: Heap Used Before Relocation                       0 / 0             11450 / 17622         11225 / 20378         11225 / 20378       MB
[720.170s][info   ][gc,stats    ]      Memory: Out Of Memory                                     0 / 0                 0 / 0                 0 / 0                 0 / 0           ops/s
[720.170s][info   ][gc,stats    ]      Memory: Page Cache Flush                                  0 / 0                 0 / 0                 0 / 0                 0 / 0           MB/s
[720.170s][info   ][gc,stats    ]      Memory: Page Cache Hit L1                               316 / 369             337 / 1642            311 / 1642            311 / 1642        ops/s
[720.170s][info   ][gc,stats    ]      Memory: Page Cache Hit L2                                 0 / 0                 0 / 179               0 / 179               0 / 179         ops/s
[720.170s][info   ][gc,stats    ]      Memory: Page Cache Miss                                   0 / 0                 0 / 0                20 / 341              20 / 341         ops/s
[720.170s][info   ][gc,stats    ]      Memory: Undo Object Allocation Failed                     0 / 0                 0 / 0                 0 / 0                 0 / 0           ops/s
[720.170s][info   ][gc,stats    ]      Memory: Undo Object Allocation Succeeded                  0 / 0                 0 / 179               0 / 179               0 / 179         ops/s
[720.170s][info   ][gc,stats    ]      Memory: Undo Page Allocation                              0 / 0                 0 / 0                 0 / 69                0 / 69          ops/s
[720.170s][info   ][gc,stats    ]       Phase: Concurrent Destroy Detached Pages             0.000 / 0.000         0.001 / 0.001         0.001 / 0.001         0.001 / 0.001       ms
[720.170s][info   ][gc,stats    ]       Phase: Concurrent Mark                               0.000 / 0.000       207.212 / 275.553     197.358 / 275.553     197.358 / 275.553     ms
[720.170s][info   ][gc,stats    ]       Phase: Concurrent Mark Continue                      0.000 / 0.000         1.335 / 1.335         1.375 / 1.416         1.375 / 1.416       ms
[720.170s][info   ][gc,stats    ]       Phase: Concurrent Prepare Relocation Set             0.000 / 0.000        20.487 / 61.860       22.865 / 89.649       22.865 / 89.649      ms
[720.170s][info   ][gc,stats    ]       Phase: Concurrent Process Non-Strong References      0.000 / 0.000         1.921 / 3.790         2.665 / 19.270        2.665 / 19.270      ms
[720.170s][info   ][gc,stats    ]       Phase: Concurrent Relocate                           0.000 / 0.000        98.794 / 165.671      96.289 / 165.671      96.289 / 165.671     ms
[720.170s][info   ][gc,stats    ]       Phase: Concurrent Reset Relocation Set               0.000 / 0.000         2.369 / 6.631         2.514 / 14.653        2.514 / 14.653      ms
[720.170s][info   ][gc,stats    ]       Phase: Concurrent Select Relocation Set              0.000 / 0.000         3.658 / 11.393        3.977 / 12.148        3.977 / 12.148      ms
[720.170s][info   ][gc,stats    ]       Phase: Pause Mark End                                0.000 / 0.000         0.715 / 1.288         0.725 / 1.288         0.725 / 1.288       ms
[720.170s][info   ][gc,stats    ]       Phase: Pause Mark Start                              0.000 / 0.000         0.275 / 0.929         0.329 / 1.400         0.329 / 1.400       ms
[720.170s][info   ][gc,stats    ]       Phase: Pause Relocate Start                          0.000 / 0.000         0.200 / 0.273         0.224 / 1.025         0.224 / 1.025       ms
[720.170s][info   ][gc,stats    ]       Phase: Pause Verify                                  0.000 / 0.000         0.000 / 0.000         0.000 / 0.000         0.000 / 0.000       ms
[720.170s][info   ][gc,stats    ]    Subphase: Concurrent Classes Unload                     0.000 / 0.000         1.548 / 2.621         2.268 / 18.723        2.268 / 18.723      ms
[720.170s][info   ][gc,stats    ]    Subphase: Concurrent Mark                               0.000 / 0.000       199.520 / 273.889     185.506 / 273.889     185.506 / 273.889     ms
[720.170s][info   ][gc,stats    ]    Subphase: Concurrent Mark Idle                          0.000 / 0.000         1.138 / 1.413         1.138 / 1.413         1.138 / 1.413       ms
[720.170s][info   ][gc,stats    ]    Subphase: Concurrent Mark Try Flush                     0.000 / 0.000         0.079 / 0.545         0.078 / 0.545         0.078 / 0.545       ms
[720.170s][info   ][gc,stats    ]    Subphase: Concurrent Mark Try Terminate                 0.000 / 0.000         1.136 / 1.418         1.136 / 1.418         1.136 / 1.418       ms
[720.170s][info   ][gc,stats    ]    Subphase: Concurrent References Enqueue                 0.000 / 0.000         0.005 / 0.008         0.005 / 0.008         0.005 / 0.008       ms
[720.170s][info   ][gc,stats    ]    Subphase: Concurrent References Process                 0.000 / 0.000         0.075 / 0.133         0.075 / 0.140         0.075 / 0.140       ms
[720.170s][info   ][gc,stats    ]    Subphase: Concurrent Roots                              0.000 / 0.000         0.090 / 1.985         0.094 / 2.807         0.094 / 2.807       ms
[720.170s][info   ][gc,stats    ]    Subphase: Concurrent Roots ClassLoaderDataGraph         0.000 / 0.000         0.077 / 1.982         0.084 / 2.804         0.084 / 2.804       ms
[720.170s][info   ][gc,stats    ]    Subphase: Concurrent Roots JNIHandles                   0.000 / 0.000         0.032 / 0.551         0.032 / 0.551         0.032 / 0.551       ms
[720.170s][info   ][gc,stats    ]    Subphase: Concurrent Roots Setup                        0.000 / 0.000         0.200 / 1.420         0.261 / 1.622         0.261 / 1.622       ms
[720.170s][info   ][gc,stats    ]    Subphase: Concurrent Roots Teardown                     0.000 / 0.000         0.001 / 0.001         0.001 / 0.001         0.001 / 0.001       ms
[720.170s][info   ][gc,stats    ]    Subphase: Concurrent Weak Roots                         0.000 / 0.000         0.215 / 0.977         0.238 / 1.376         0.238 / 1.376       ms
[720.170s][info   ][gc,stats    ]    Subphase: Concurrent Weak Roots JNIWeakHandles          0.000 / 0.000         0.002 / 0.013         0.003 / 0.073         0.003 / 0.073       ms
[720.170s][info   ][gc,stats    ]    Subphase: Concurrent Weak Roots StringTable             0.000 / 0.000         0.188 / 0.953         0.212 / 1.327         0.212 / 1.327       ms
[720.170s][info   ][gc,stats    ]    Subphase: Concurrent Weak Roots VMWeakHandles           0.000 / 0.000         0.023 / 0.052         0.023 / 0.052         0.023 / 0.052       ms
[720.170s][info   ][gc,stats    ]    Subphase: Pause Mark Try Complete                       0.000 / 0.000         0.179 / 1.007         0.186 / 1.009         0.186 / 1.009       ms
[720.170s][info   ][gc,stats    ]    Subphase: Pause Roots                                   0.000 / 0.000         0.040 / 0.440         0.046 / 1.060         0.046 / 1.060       ms
[720.170s][info   ][gc,stats    ]    Subphase: Pause Roots CodeCache                         0.000 / 0.000         0.000 / 0.000         0.000 / 0.000         0.000 / 0.000       ms
[720.170s][info   ][gc,stats    ]    Subphase: Pause Roots JVMTIExport                       0.000 / 0.000         0.002 / 0.004         0.002 / 0.017         0.002 / 0.017       ms
[720.170s][info   ][gc,stats    ]    Subphase: Pause Roots JVMTIWeakExport                   0.000 / 0.000         0.001 / 0.002         0.001 / 0.002         0.001 / 0.002       ms
[720.170s][info   ][gc,stats    ]    Subphase: Pause Roots Management                        0.000 / 0.000         0.005 / 0.021         0.011 / 0.430         0.011 / 0.430       ms
[720.170s][info   ][gc,stats    ]    Subphase: Pause Roots ObjectSynchronizer                0.000 / 0.000         0.001 / 0.003         0.001 / 0.011         0.001 / 0.011       ms
[720.170s][info   ][gc,stats    ]    Subphase: Pause Roots Setup                             0.000 / 0.000         0.001 / 0.002         0.001 / 0.002         0.001 / 0.002       ms
[720.170s][info   ][gc,stats    ]    Subphase: Pause Roots SystemDictionary                  0.000 / 0.000         0.026 / 0.171         0.044 / 0.734         0.044 / 0.734       ms
[720.170s][info   ][gc,stats    ]    Subphase: Pause Roots Teardown                          0.000 / 0.000         0.004 / 0.009         0.004 / 0.009         0.004 / 0.009       ms
[720.170s][info   ][gc,stats    ]    Subphase: Pause Roots Threads                           0.000 / 0.000         0.047 / 0.408         0.055 / 1.042         0.055 / 1.042       ms
[720.170s][info   ][gc,stats    ]    Subphase: Pause Roots Universe                          0.000 / 0.000         0.007 / 0.022         0.016 / 0.626         0.016 / 0.626       ms
[720.170s][info   ][gc,stats    ]    Subphase: Pause Weak Roots                              0.000 / 0.000         0.001 / 0.007         0.001 / 0.007         0.001 / 0.007       ms
[720.170s][info   ][gc,stats    ]    Subphase: Pause Weak Roots JFRWeak                      0.000 / 0.000         0.001 / 0.002         0.001 / 0.002         0.001 / 0.002       ms
[720.170s][info   ][gc,stats    ]    Subphase: Pause Weak Roots JVMTIWeakExport              0.000 / 0.000         0.001 / 0.002         0.001 / 0.002         0.001 / 0.002       ms
[720.170s][info   ][gc,stats    ]    Subphase: Pause Weak Roots Setup                        0.000 / 0.000         0.001 / 0.001         0.001 / 0.001         0.001 / 0.001       ms
[720.170s][info   ][gc,stats    ]    Subphase: Pause Weak Roots Teardown                     0.000 / 0.000         0.001 / 0.004         0.001 / 0.004         0.001 / 0.004       ms
[720.170s][info   ][gc,stats    ]      System: Java Threads                                      0 / 0                61 / 62               59 / 65               59 / 65          threads
[720.170s][info   ][gc,stats    ] =========================================================================================================================================================
[721.970s][info   ][gc,start    ] GC(36) Garbage Collection (Proactive)
[721.970s][info   ][gc,phases   ] GC(36) Pause Mark Start 0.164ms
[722.171s][info   ][gc,phases   ] GC(36) Concurrent Mark 200.765ms
[722.172s][info   ][gc,phases   ] GC(36) Pause Mark End 0.542ms
[722.173s][info   ][gc,phases   ] GC(36) Concurrent Process Non-Strong References 1.594ms
[722.175s][info   ][gc,phases   ] GC(36) Concurrent Reset Relocation Set 1.789ms
[722.175s][info   ][gc,phases   ] GC(36) Concurrent Destroy Detached Pages 0.001ms
[722.177s][info   ][gc,phases   ] GC(36) Concurrent Select Relocation Set 2.332ms
[722.193s][info   ][gc,phases   ] GC(36) Concurrent Prepare Relocation Set 15.838ms
[722.194s][info   ][gc,phases   ] GC(36) Pause Relocate Start 0.171ms
[722.300s][info   ][gc,phases   ] GC(36) Concurrent Relocate 106.188ms
[722.300s][info   ][gc,load     ] GC(36) Load: 3.27/3.29/1.96
[722.300s][info   ][gc,mmu      ] GC(36) MMU: 2ms/30.0%, 5ms/69.9%, 10ms/81.7%, 20ms/87.7%, 50ms/95.1%, 100ms/97.5%
[722.300s][info   ][gc,marking  ] GC(36) Mark: 8 stripe(s), 10 proactive flush(es), 2 terminate flush(es), 1 completion(s), 0 continuation(s) 
[722.300s][info   ][gc,reloc    ] GC(36) Relocation: Successful, 1473M relocated
[722.300s][info   ][gc,nmethod  ] GC(36) NMethods: 5625 registered, 1171 unregistered
[722.300s][info   ][gc,metaspace] GC(36) Metaspace: 40M used, 41M capacity, 41M committed, 42M reserved
[722.300s][info   ][gc,ref      ] GC(36) Soft: 3327 encountered, 0 discovered, 0 enqueued
[722.300s][info   ][gc,ref      ] GC(36) Weak: 1530 encountered, 199 discovered, 0 enqueued
[722.300s][info   ][gc,ref      ] GC(36) Final: 30 encountered, 3 discovered, 3 enqueued
[722.300s][info   ][gc,ref      ] GC(36) Phantom: 120 encountered, 106 discovered, 0 enqueued
[722.300s][info   ][gc,heap     ] GC(36)                Mark Start          Mark End        Relocate Start      Relocate End           High               Low         
[722.300s][info   ][gc,heap     ] GC(36)  Capacity:    30390M (30%)       30390M (30%)       30390M (30%)       30390M (30%)       30390M (30%)       30390M (30%)    
[722.300s][info   ][gc,heap     ] GC(36)   Reserve:       80M (0%)           80M (0%)           80M (0%)           80M (0%)           80M (0%)           80M (0%)     
[722.300s][info   ][gc,heap     ] GC(36)      Free:    86062M (86%)       85874M (86%)       89614M (89%)       96270M (96%)       96270M (96%)       85874M (86%)    
[722.300s][info   ][gc,heap     ] GC(36)      Used:    14210M (14%)       14398M (14%)       10658M (11%)        4002M (4%)        14398M (14%)        4002M (4%)     
[722.300s][info   ][gc,heap     ] GC(36)      Live:         -              3510M (3%)         3510M (3%)         3510M (3%)             -                  -          
[722.300s][info   ][gc,heap     ] GC(36) Allocated:         -               188M (0%)          188M (0%)         1622M (2%)             -                  -          
[722.300s][info   ][gc,heap     ] GC(36)   Garbage:         -             10699M (11%)        6959M (7%)          225M (0%)             -                  -          
[722.300s][info   ][gc,heap     ] GC(36) Reclaimed:         -                  -              3740M (4%)        10474M (10%)            -                  -          
[722.300s][info   ][gc          ] GC(36) Garbage Collection (Proactive) 14210M(14%)->4002M(4%)
[730.170s][info   ][gc,stats    ] === Garbage Collection Statistics =======================================================================================================================
[730.170s][info   ][gc,stats    ]                                                              Last 10s              Last 10m              Last 10h                Total
[730.170s][info   ][gc,stats    ]                                                              Avg / Max             Avg / Max             Avg / Max             Avg / Max
[730.170s][info   ][gc,stats    ]   Collector: Garbage Collection Cycle                    330.332 / 330.332     330.975 / 501.863     328.218 / 515.532     328.218 / 515.532     ms
[730.170s][info   ][gc,stats    ]  Contention: Mark Segment Reset Contention                    17 / 179              17 / 850              16 / 850              16 / 850         ops/s
[730.170s][info   ][gc,stats    ]  Contention: Mark SeqNum Reset Contention                      0 / 0                 0 / 3                 0 / 9                 0 / 9           ops/s
[730.170s][info   ][gc,stats    ]  Contention: Relocation Contention                             0 / 2                 0 / 179               0 / 179               0 / 179         ops/s
[730.170s][info   ][gc,stats    ]    Critical: Allocation Stall                              0.000 / 0.000         0.000 / 0.000         0.000 / 0.000         0.000 / 0.000       ms
[730.170s][info   ][gc,stats    ]    Critical: Allocation Stall                                  0 / 0                 0 / 0                 0 / 0                 0 / 0           ops/s
[730.170s][info   ][gc,stats    ]    Critical: GC Locker Stall                               0.000 / 0.000         0.000 / 0.000         0.000 / 0.000         0.000 / 0.000       ms
[730.170s][info   ][gc,stats    ]    Critical: GC Locker Stall                                   0 / 0                 0 / 0                 0 / 0                 0 / 0           ops/s
[730.170s][info   ][gc,stats    ]      Memory: Allocation Rate                                 602 / 666             621 / 768             617 / 1436            617 / 1436        MB/s
[730.170s][info   ][gc,stats    ]      Memory: Heap Used After Mark                          14398 / 14398         15484 / 23854         15630 / 30288         15630 / 30288       MB
[730.170s][info   ][gc,stats    ]      Memory: Heap Used After Relocation                     4002 / 4002           3986 / 4228           3767 / 4228           3767 / 4228        MB
[730.170s][info   ][gc,stats    ]      Memory: Heap Used Before Mark                         14210 / 14210         15297 / 23620         15452 / 30112         15452 / 30112       MB
[730.170s][info   ][gc,stats    ]      Memory: Heap Used Before Relocation                   10658 / 10658         11232 / 16186         11210 / 20378         11210 / 20378       MB
[730.170s][info   ][gc,stats    ]      Memory: Out Of Memory                                     0 / 0                 0 / 0                 0 / 0                 0 / 0           ops/s
[730.170s][info   ][gc,stats    ]      Memory: Page Cache Flush                                  0 / 0                 0 / 0                 0 / 0                 0 / 0           MB/s
[730.170s][info   ][gc,stats    ]      Memory: Page Cache Hit L1                               358 / 972             336 / 1362            312 / 1642            312 / 1642        ops/s
[730.170s][info   ][gc,stats    ]      Memory: Page Cache Hit L2                                 0 / 0                 0 / 179               0 / 179               0 / 179         ops/s
[730.170s][info   ][gc,stats    ]      Memory: Page Cache Miss                                   0 / 0                 0 / 0                20 / 341              20 / 341         ops/s
[730.170s][info   ][gc,stats    ]      Memory: Undo Object Allocation Failed                     0 / 0                 0 / 0                 0 / 0                 0 / 0           ops/s
[730.170s][info   ][gc,stats    ]      Memory: Undo Object Allocation Succeeded                  0 / 2                 0 / 179               0 / 179               0 / 179         ops/s
[730.170s][info   ][gc,stats    ]      Memory: Undo Page Allocation                              0 / 0                 0 / 0                 0 / 69                0 / 69          ops/s
[730.170s][info   ][gc,stats    ]       Phase: Concurrent Destroy Detached Pages             0.001 / 0.001         0.001 / 0.001         0.001 / 0.001         0.001 / 0.001       ms
[730.170s][info   ][gc,stats    ]       Phase: Concurrent Mark                             200.765 / 200.765     205.028 / 275.553     197.450 / 275.553     197.450 / 275.553     ms
[730.170s][info   ][gc,stats    ]       Phase: Concurrent Mark Continue                      0.000 / 0.000         1.335 / 1.335         1.375 / 1.416         1.375 / 1.416       ms
[730.170s][info   ][gc,stats    ]       Phase: Concurrent Prepare Relocation Set            15.838 / 15.838       19.053 / 61.860       22.675 / 89.649       22.675 / 89.649      ms
[730.170s][info   ][gc,stats    ]       Phase: Concurrent Process Non-Strong References      1.594 / 1.594         1.873 / 3.790         2.636 / 19.270        2.636 / 19.270      ms
[730.170s][info   ][gc,stats    ]       Phase: Concurrent Relocate                         106.188 / 106.188      96.935 / 148.618      96.556 / 165.671      96.556 / 165.671     ms
[730.170s][info   ][gc,stats    ]       Phase: Concurrent Reset Relocation Set               1.789 / 1.789         2.217 / 6.188         2.494 / 14.653        2.494 / 14.653      ms
[730.170s][info   ][gc,stats    ]       Phase: Concurrent Select Relocation Set              2.332 / 2.332         3.565 / 11.393        3.932 / 12.148        3.932 / 12.148      ms
[730.171s][info   ][gc,stats    ]       Phase: Pause Mark End                                0.542 / 0.542         0.706 / 1.288         0.720 / 1.288         0.720 / 1.288       ms
[730.171s][info   ][gc,stats    ]       Phase: Pause Mark Start                              0.164 / 0.164         0.269 / 0.929         0.325 / 1.400         0.325 / 1.400       ms
[730.171s][info   ][gc,stats    ]       Phase: Pause Relocate Start                          0.171 / 0.171         0.199 / 0.273         0.223 / 1.025         0.223 / 1.025       ms
[730.171s][info   ][gc,stats    ]       Phase: Pause Verify                                  0.000 / 0.000         0.000 / 0.000         0.000 / 0.000         0.000 / 0.000       ms
[730.171s][info   ][gc,stats    ]    Subphase: Concurrent Classes Unload                     1.287 / 1.287         1.508 / 2.621         2.242 / 18.723        2.242 / 18.723      ms
[730.171s][info   ][gc,stats    ]    Subphase: Concurrent Mark                             199.675 / 199.949     197.419 / 273.889     185.869 / 273.889     185.869 / 273.889     ms
[730.171s][info   ][gc,stats    ]    Subphase: Concurrent Mark Idle                          1.133 / 1.191         1.138 / 1.413         1.138 / 1.413         1.138 / 1.413       ms
[730.171s][info   ][gc,stats    ]    Subphase: Concurrent Mark Try Flush                     0.076 / 0.137         0.076 / 0.187         0.078 / 0.545         0.078 / 0.545       ms
[730.171s][info   ][gc,stats    ]    Subphase: Concurrent Mark Try Terminate                 1.130 / 1.194         1.136 / 1.418         1.136 / 1.418         1.136 / 1.418       ms
[730.171s][info   ][gc,stats    ]    Subphase: Concurrent References Enqueue                 0.005 / 0.005         0.005 / 0.008         0.005 / 0.008         0.005 / 0.008       ms
[730.171s][info   ][gc,stats    ]    Subphase: Concurrent References Process                 0.055 / 0.055         0.074 / 0.133         0.075 / 0.140         0.075 / 0.140       ms
[730.171s][info   ][gc,stats    ]    Subphase: Concurrent Roots                              0.077 / 0.508         0.088 / 1.985         0.094 / 2.807         0.094 / 2.807       ms
[730.171s][info   ][gc,stats    ]    Subphase: Concurrent Roots ClassLoaderDataGraph         0.068 / 0.506         0.076 / 1.982         0.084 / 2.804         0.084 / 2.804       ms
[730.171s][info   ][gc,stats    ]    Subphase: Concurrent Roots JNIHandles                   0.009 / 0.014         0.030 / 0.551         0.031 / 0.551         0.031 / 0.551       ms
[730.171s][info   ][gc,stats    ]    Subphase: Concurrent Roots Setup                        0.082 / 0.082         0.192 / 1.420         0.256 / 1.622         0.256 / 1.622       ms
[730.171s][info   ][gc,stats    ]    Subphase: Concurrent Roots Teardown                     0.001 / 0.001         0.001 / 0.001         0.001 / 0.001         0.001 / 0.001       ms
[730.171s][info   ][gc,stats    ]    Subphase: Concurrent Weak Roots                         0.200 / 0.219         0.211 / 0.977         0.237 / 1.376         0.237 / 1.376       ms
[730.171s][info   ][gc,stats    ]    Subphase: Concurrent Weak Roots JNIWeakHandles          0.003 / 0.008         0.002 / 0.013         0.003 / 0.073         0.003 / 0.073       ms
[730.171s][info   ][gc,stats    ]    Subphase: Concurrent Weak Roots StringTable             0.171 / 0.179         0.183 / 0.953         0.211 / 1.327         0.211 / 1.327       ms
[730.171s][info   ][gc,stats    ]    Subphase: Concurrent Weak Roots VMWeakHandles           0.024 / 0.037         0.023 / 0.052         0.023 / 0.052         0.023 / 0.052       ms
[730.171s][info   ][gc,stats    ]    Subphase: Pause Mark Try Complete                       0.095 / 0.304         0.178 / 1.007         0.184 / 1.009         0.184 / 1.009       ms
[730.171s][info   ][gc,stats    ]    Subphase: Pause Roots                                   0.033 / 0.101         0.039 / 0.440         0.046 / 1.060         0.046 / 1.060       ms
[730.171s][info   ][gc,stats    ]    Subphase: Pause Roots CodeCache                         0.000 / 0.000         0.000 / 0.000         0.000 / 0.000         0.000 / 0.000       ms
[730.171s][info   ][gc,stats    ]    Subphase: Pause Roots JVMTIExport                       0.001 / 0.002         0.001 / 0.004         0.002 / 0.017         0.002 / 0.017       ms
[730.171s][info   ][gc,stats    ]    Subphase: Pause Roots JVMTIWeakExport                   0.001 / 0.001         0.001 / 0.002         0.001 / 0.002         0.001 / 0.002       ms
[730.171s][info   ][gc,stats    ]    Subphase: Pause Roots Management                        0.007 / 0.010         0.005 / 0.021         0.011 / 0.430         0.011 / 0.430       ms
[730.171s][info   ][gc,stats    ]    Subphase: Pause Roots ObjectSynchronizer                0.001 / 0.001         0.001 / 0.003         0.001 / 0.011         0.001 / 0.011       ms
[730.171s][info   ][gc,stats    ]    Subphase: Pause Roots Setup                             0.001 / 0.002         0.001 / 0.002         0.001 / 0.002         0.001 / 0.002       ms
[730.171s][info   ][gc,stats    ]    Subphase: Pause Roots SystemDictionary                  0.029 / 0.044         0.026 / 0.171         0.043 / 0.734         0.043 / 0.734       ms
[730.171s][info   ][gc,stats    ]    Subphase: Pause Roots Teardown                          0.003 / 0.004         0.004 / 0.009         0.004 / 0.009         0.004 / 0.009       ms
[730.171s][info   ][gc,stats    ]    Subphase: Pause Roots Threads                           0.036 / 0.099         0.046 / 0.408         0.055 / 1.042         0.055 / 1.042       ms
[730.171s][info   ][gc,stats    ]    Subphase: Pause Roots Universe                          0.006 / 0.008         0.007 / 0.022         0.016 / 0.626         0.016 / 0.626       ms
[730.171s][info   ][gc,stats    ]    Subphase: Pause Weak Roots                              0.001 / 0.004         0.001 / 0.007         0.001 / 0.007         0.001 / 0.007       ms
[730.171s][info   ][gc,stats    ]    Subphase: Pause Weak Roots JFRWeak                      0.002 / 0.002         0.001 / 0.002         0.001 / 0.002         0.001 / 0.002       ms
[730.171s][info   ][gc,stats    ]    Subphase: Pause Weak Roots JVMTIWeakExport              0.002 / 0.002         0.001 / 0.002         0.001 / 0.002         0.001 / 0.002       ms
[730.171s][info   ][gc,stats    ]    Subphase: Pause Weak Roots Setup                        0.001 / 0.001         0.001 / 0.001         0.001 / 0.001         0.001 / 0.001       ms
[730.171s][info   ][gc,stats    ]    Subphase: Pause Weak Roots Teardown                     0.001 / 0.001         0.001 / 0.004         0.001 / 0.004         0.001 / 0.004       ms
[730.171s][info   ][gc,stats    ]      System: Java Threads                                     62 / 62               61 / 62               60 / 65               60 / 65          threads
[730.171s][info   ][gc,stats    ] =========================================================================================================================================================
[738.870s][info   ][gc,start    ] GC(37) Garbage Collection (Proactive)
[738.870s][info   ][gc,phases   ] GC(37) Pause Mark Start 0.151ms
[739.062s][info   ][gc,phases   ] GC(37) Concurrent Mark 191.905ms
[739.063s][info   ][gc,phases   ] GC(37) Pause Mark End 0.592ms
[739.065s][info   ][gc,phases   ] GC(37) Concurrent Process Non-Strong References 1.726ms
[739.066s][info   ][gc,phases   ] GC(37) Concurrent Reset Relocation Set 1.745ms
[739.066s][info   ][gc,phases   ] GC(37) Concurrent Destroy Detached Pages 0.001ms
[739.069s][info   ][gc,phases   ] GC(37) Concurrent Select Relocation Set 2.361ms
[739.085s][info   ][gc,phases   ] GC(37) Concurrent Prepare Relocation Set 16.391ms
[739.086s][info   ][gc,phases   ] GC(37) Pause Relocate Start 0.166ms
[739.190s][info   ][gc,phases   ] GC(37) Concurrent Relocate 104.513ms
[739.190s][info   ][gc,load     ] GC(37) Load: 3.09/3.24/1.97
[739.190s][info   ][gc,mmu      ] GC(37) MMU: 2ms/30.0%, 5ms/69.9%, 10ms/81.7%, 20ms/87.7%, 50ms/95.1%, 100ms/97.5%
[739.190s][info   ][gc,marking  ] GC(37) Mark: 8 stripe(s), 10 proactive flush(es), 1 terminate flush(es), 1 completion(s), 0 continuation(s) 
[739.190s][info   ][gc,reloc    ] GC(37) Relocation: Successful, 1505M relocated
[739.190s][info   ][gc,nmethod  ] GC(37) NMethods: 5635 registered, 1173 unregistered
[739.190s][info   ][gc,metaspace] GC(37) Metaspace: 40M used, 41M capacity, 41M committed, 42M reserved
[739.190s][info   ][gc,ref      ] GC(37) Soft: 3327 encountered, 0 discovered, 0 enqueued
[739.190s][info   ][gc,ref      ] GC(37) Weak: 1530 encountered, 490 discovered, 0 enqueued
[739.190s][info   ][gc,ref      ] GC(37) Final: 31 encountered, 4 discovered, 4 enqueued
[739.190s][info   ][gc,ref      ] GC(37) Phantom: 120 encountered, 102 discovered, 0 enqueued
[739.190s][info   ][gc,heap     ] GC(37)                Mark Start          Mark End        Relocate Start      Relocate End           High               Low         
[739.190s][info   ][gc,heap     ] GC(37)  Capacity:    30390M (30%)       30390M (30%)       30390M (30%)       30390M (30%)       30390M (30%)       30390M (30%)    
[739.190s][info   ][gc,heap     ] GC(37)   Reserve:       80M (0%)           80M (0%)           80M (0%)           80M (0%)           80M (0%)           80M (0%)     
[739.191s][info   ][gc,heap     ] GC(37)      Free:    86228M (86%)       86038M (86%)       89730M (89%)       96280M (96%)       96282M (96%)       86036M (86%)    
[739.191s][info   ][gc,heap     ] GC(37)      Used:    14044M (14%)       14234M (14%)       10542M (11%)        3992M (4%)        14236M (14%)        3990M (4%)     
[739.191s][info   ][gc,heap     ] GC(37)      Live:         -              3527M (4%)         3527M (4%)         3527M (4%)             -                  -          
[739.191s][info   ][gc,heap     ] GC(37) Allocated:         -               190M (0%)          194M (0%)         1592M (2%)             -                  -          
[739.191s][info   ][gc,heap     ] GC(37)   Garbage:         -             10516M (10%)        6820M (7%)          224M (0%)             -                  -          
[739.191s][info   ][gc,heap     ] GC(37) Reclaimed:         -                  -              3696M (4%)        10292M (10%)            -                  -          
[739.191s][info   ][gc          ] GC(37) Garbage Collection (Proactive) 14044M(14%)->3992M(4%)
[740.170s][info   ][gc,stats    ] === Garbage Collection Statistics =======================================================================================================================
[740.170s][info   ][gc,stats    ]                                                              Last 10s              Last 10m              Last 10h                Total
[740.170s][info   ][gc,stats    ]                                                              Avg / Max             Avg / Max             Avg / Max             Avg / Max
[740.170s][info   ][gc,stats    ]   Collector: Garbage Collection Cycle                    320.638 / 320.638     330.662 / 501.863     328.019 / 515.532     328.019 / 515.532     ms
[740.170s][info   ][gc,stats    ]  Contention: Mark Segment Reset Contention                    20 / 207              18 / 850              16 / 850              16 / 850         ops/s
[740.170s][info   ][gc,stats    ]  Contention: Mark SeqNum Reset Contention                      0 / 0                 0 / 3                 0 / 9                 0 / 9           ops/s
[740.170s][info   ][gc,stats    ]  Contention: Relocation Contention                             1 / 12                0 / 179               0 / 179               0 / 179         ops/s
[740.170s][info   ][gc,stats    ]    Critical: Allocation Stall                              0.000 / 0.000         0.000 / 0.000         0.000 / 0.000         0.000 / 0.000       ms
[740.170s][info   ][gc,stats    ]    Critical: Allocation Stall                                  0 / 0                 0 / 0                 0 / 0                 0 / 0           ops/s
[740.170s][info   ][gc,stats    ]    Critical: GC Locker Stall                               0.000 / 0.000         0.000 / 0.000         0.000 / 0.000         0.000 / 0.000       ms
[740.170s][info   ][gc,stats    ]    Critical: GC Locker Stall                                   0 / 0                 0 / 0                 0 / 0                 0 / 0           ops/s
[740.170s][info   ][gc,stats    ]      Memory: Allocation Rate                                 622 / 706             621 / 768             617 / 1436            617 / 1436        MB/s
[740.170s][info   ][gc,stats    ]      Memory: Heap Used After Mark                          14234 / 14234         15446 / 23854         15594 / 30288         15594 / 30288       MB
[740.170s][info   ][gc,stats    ]      Memory: Heap Used After Relocation                     3992 / 3992           3986 / 4228           3773 / 4228           3773 / 4228        MB
[740.170s][info   ][gc,stats    ]      Memory: Heap Used Before Mark                         14044 / 14044         15259 / 23620         15415 / 30112         15415 / 30112       MB
[740.170s][info   ][gc,stats    ]      Memory: Heap Used Before Relocation                   10542 / 10542         11211 / 16186         11192 / 20378         11192 / 20378       MB
[740.170s][info   ][gc,stats    ]      Memory: Out Of Memory                                     0 / 0                 0 / 0                 0 / 0                 0 / 0           ops/s
[740.170s][info   ][gc,stats    ]      Memory: Page Cache Flush                                  0 / 0                 0 / 0                 0 / 0                 0 / 0           MB/s
[740.170s][info   ][gc,stats    ]      Memory: Page Cache Hit L1                               366 / 840             337 / 1362            313 / 1642            313 / 1642        ops/s
[740.170s][info   ][gc,stats    ]      Memory: Page Cache Hit L2                                 0 / 0                 0 / 179               0 / 179               0 / 179         ops/s
[740.170s][info   ][gc,stats    ]      Memory: Page Cache Miss                                   0 / 0                 0 / 0                19 / 341              19 / 341         ops/s
[740.170s][info   ][gc,stats    ]      Memory: Undo Object Allocation Failed                     0 / 0                 0 / 0                 0 / 0                 0 / 0           ops/s
[740.170s][info   ][gc,stats    ]      Memory: Undo Object Allocation Succeeded                  1 / 12                0 / 179               0 / 179               0 / 179         ops/s
[740.170s][info   ][gc,stats    ]      Memory: Undo Page Allocation                              0 / 0                 0 / 0                 0 / 69                0 / 69          ops/s
[740.170s][info   ][gc,stats    ]       Phase: Concurrent Destroy Detached Pages             0.001 / 0.001         0.001 / 0.001         0.001 / 0.001         0.001 / 0.001       ms
[740.170s][info   ][gc,stats    ]       Phase: Concurrent Mark                             191.905 / 191.905     204.631 / 275.553     197.304 / 275.553     197.304 / 275.553     ms
[740.170s][info   ][gc,stats    ]       Phase: Concurrent Mark Continue                      0.000 / 0.000         1.335 / 1.335         1.375 / 1.416         1.375 / 1.416       ms
[740.170s][info   ][gc,stats    ]       Phase: Concurrent Prepare Relocation Set            16.391 / 16.391       18.973 / 61.860       22.509 / 89.649       22.509 / 89.649      ms
[740.170s][info   ][gc,stats    ]       Phase: Concurrent Process Non-Strong References      1.726 / 1.726         1.869 / 3.790         2.612 / 19.270        2.612 / 19.270      ms
[740.170s][info   ][gc,stats    ]       Phase: Concurrent Relocate                         104.513 / 104.513      97.165 / 148.618      96.766 / 165.671      96.766 / 165.671     ms
[740.170s][info   ][gc,stats    ]       Phase: Concurrent Reset Relocation Set               1.745 / 1.745         2.203 / 6.188         2.475 / 14.653        2.475 / 14.653      ms
[740.170s][info   ][gc,stats    ]       Phase: Concurrent Select Relocation Set              2.361 / 2.361         3.529 / 11.393        3.891 / 12.148        3.891 / 12.148      ms
[740.170s][info   ][gc,stats    ]       Phase: Pause Mark End                                0.592 / 0.592         0.703 / 1.288         0.717 / 1.288         0.717 / 1.288       ms
[740.170s][info   ][gc,stats    ]       Phase: Pause Mark Start                              0.151 / 0.151         0.265 / 0.929         0.320 / 1.400         0.320 / 1.400       ms
[740.170s][info   ][gc,stats    ]       Phase: Pause Relocate Start                          0.166 / 0.166         0.198 / 0.273         0.221 / 1.025         0.221 / 1.025       ms
[740.170s][info   ][gc,stats    ]       Phase: Pause Verify                                  0.000 / 0.000         0.000 / 0.000         0.000 / 0.000         0.000 / 0.000       ms
[740.170s][info   ][gc,stats    ]    Subphase: Concurrent Classes Unload                     1.394 / 1.394         1.504 / 2.621         2.219 / 18.723        2.219 / 18.723      ms
[740.170s][info   ][gc,stats    ]    Subphase: Concurrent Mark                             190.704 / 191.215     197.222 / 273.889     185.990 / 273.889     185.990 / 273.889     ms
[740.170s][info   ][gc,stats    ]    Subphase: Concurrent Mark Idle                          1.133 / 1.185         1.138 / 1.413         1.138 / 1.413         1.138 / 1.413       ms
[740.170s][info   ][gc,stats    ]    Subphase: Concurrent Mark Try Flush                     0.070 / 0.112         0.076 / 0.187         0.077 / 0.545         0.077 / 0.545       ms
[740.170s][info   ][gc,stats    ]    Subphase: Concurrent Mark Try Terminate                 1.132 / 1.187         1.136 / 1.418         1.136 / 1.418         1.136 / 1.418       ms
[740.170s][info   ][gc,stats    ]    Subphase: Concurrent References Enqueue                 0.005 / 0.005         0.005 / 0.008         0.005 / 0.008         0.005 / 0.008       ms
[740.170s][info   ][gc,stats    ]    Subphase: Concurrent References Process                 0.062 / 0.062         0.074 / 0.133         0.074 / 0.140         0.074 / 0.140       ms
[740.170s][info   ][gc,stats    ]    Subphase: Concurrent Roots                              0.067 / 0.443         0.088 / 1.985         0.093 / 2.807         0.093 / 2.807       ms
[740.170s][info   ][gc,stats    ]    Subphase: Concurrent Roots ClassLoaderDataGraph         0.059 / 0.438         0.075 / 1.982         0.083 / 2.804         0.083 / 2.804       ms
[740.170s][info   ][gc,stats    ]    Subphase: Concurrent Roots JNIHandles                   0.008 / 0.016         0.029 / 0.551         0.030 / 0.551         0.030 / 0.551       ms
[740.170s][info   ][gc,stats    ]    Subphase: Concurrent Roots Setup                        0.083 / 0.083         0.189 / 1.420         0.252 / 1.622         0.252 / 1.622       ms
[740.170s][info   ][gc,stats    ]    Subphase: Concurrent Roots Teardown                     0.001 / 0.001         0.001 / 0.001         0.001 / 0.001         0.001 / 0.001       ms
[740.170s][info   ][gc,stats    ]    Subphase: Concurrent Weak Roots                         0.202 / 0.216         0.210 / 0.977         0.236 / 1.376         0.236 / 1.376       ms
[740.170s][info   ][gc,stats    ]    Subphase: Concurrent Weak Roots JNIWeakHandles          0.003 / 0.006         0.002 / 0.013         0.003 / 0.073         0.003 / 0.073       ms
[740.170s][info   ][gc,stats    ]    Subphase: Concurrent Weak Roots StringTable             0.174 / 0.185         0.183 / 0.953         0.210 / 1.327         0.210 / 1.327       ms
[740.170s][info   ][gc,stats    ]    Subphase: Concurrent Weak Roots VMWeakHandles           0.023 / 0.042         0.023 / 0.052         0.023 / 0.052         0.023 / 0.052       ms
[740.170s][info   ][gc,stats    ]    Subphase: Pause Mark Try Complete                       0.101 / 0.339         0.176 / 1.007         0.181 / 1.009         0.181 / 1.009       ms
[740.170s][info   ][gc,stats    ]    Subphase: Pause Roots                                   0.031 / 0.096         0.039 / 0.440         0.046 / 1.060         0.046 / 1.060       ms
[740.170s][info   ][gc,stats    ]    Subphase: Pause Roots CodeCache                         0.000 / 0.000         0.000 / 0.000         0.000 / 0.000         0.000 / 0.000       ms
[740.170s][info   ][gc,stats    ]    Subphase: Pause Roots JVMTIExport                       0.002 / 0.002         0.002 / 0.004         0.002 / 0.017         0.002 / 0.017       ms
[740.170s][info   ][gc,stats    ]    Subphase: Pause Roots JVMTIWeakExport                   0.001 / 0.001         0.001 / 0.002         0.001 / 0.002         0.001 / 0.002       ms
[740.170s][info   ][gc,stats    ]    Subphase: Pause Roots Management                        0.003 / 0.004         0.005 / 0.021         0.011 / 0.430         0.011 / 0.430       ms
[740.170s][info   ][gc,stats    ]    Subphase: Pause Roots ObjectSynchronizer                0.001 / 0.001         0.001 / 0.003         0.001 / 0.011         0.001 / 0.011       ms
[740.170s][info   ][gc,stats    ]    Subphase: Pause Roots Setup                             0.001 / 0.001         0.001 / 0.002         0.001 / 0.002         0.001 / 0.002       ms
[740.170s][info   ][gc,stats    ]    Subphase: Pause Roots SystemDictionary                  0.019 / 0.022         0.026 / 0.171         0.043 / 0.734         0.043 / 0.734       ms
[740.170s][info   ][gc,stats    ]    Subphase: Pause Roots Teardown                          0.003 / 0.004         0.004 / 0.009         0.004 / 0.009         0.004 / 0.009       ms
[740.170s][info   ][gc,stats    ]    Subphase: Pause Roots Threads                           0.036 / 0.094         0.046 / 0.408         0.054 / 1.042         0.054 / 1.042       ms
[740.171s][info   ][gc,stats    ]    Subphase: Pause Roots Universe                          0.013 / 0.021         0.007 / 0.022         0.016 / 0.626         0.016 / 0.626       ms
[740.171s][info   ][gc,stats    ]    Subphase: Pause Weak Roots                              0.001 / 0.005         0.001 / 0.007         0.001 / 0.007         0.001 / 0.007       ms
[740.171s][info   ][gc,stats    ]    Subphase: Pause Weak Roots JFRWeak                      0.001 / 0.001         0.001 / 0.002         0.001 / 0.002         0.001 / 0.002       ms
[740.171s][info   ][gc,stats    ]    Subphase: Pause Weak Roots JVMTIWeakExport              0.001 / 0.001         0.001 / 0.002         0.001 / 0.002         0.001 / 0.002       ms
[740.171s][info   ][gc,stats    ]    Subphase: Pause Weak Roots Setup                        0.001 / 0.001         0.001 / 0.001         0.001 / 0.001         0.001 / 0.001       ms
[740.171s][info   ][gc,stats    ]    Subphase: Pause Weak Roots Teardown                     0.001 / 0.001         0.001 / 0.004         0.001 / 0.004         0.001 / 0.004       ms
[740.171s][info   ][gc,stats    ]      System: Java Threads                                     62 / 62               61 / 62               60 / 65               60 / 65          threads
[740.171s][info   ][gc,stats    ] =========================================================================================================================================================
[750.169s][info   ][gc,stats    ] === Garbage Collection Statistics =======================================================================================================================
[750.170s][info   ][gc,stats    ]                                                              Last 10s              Last 10m              Last 10h                Total
[750.170s][info   ][gc,stats    ]                                                              Avg / Max             Avg / Max             Avg / Max             Avg / Max
[750.170s][info   ][gc,stats    ]   Collector: Garbage Collection Cycle                      0.000 / 0.000       330.662 / 501.863     328.019 / 515.532     328.019 / 515.532     ms
[750.170s][info   ][gc,stats    ]  Contention: Mark Segment Reset Contention                     0 / 0                18 / 850              16 / 850              16 / 850         ops/s
[750.170s][info   ][gc,stats    ]  Contention: Mark SeqNum Reset Contention                      0 / 0                 0 / 3                 0 / 9                 0 / 9           ops/s
[750.170s][info   ][gc,stats    ]  Contention: Relocation Contention                             0 / 0                 0 / 179               0 / 179               0 / 179         ops/s
[750.170s][info   ][gc,stats    ]    Critical: Allocation Stall                              0.000 / 0.000         0.000 / 0.000         0.000 / 0.000         0.000 / 0.000       ms
[750.170s][info   ][gc,stats    ]    Critical: Allocation Stall                                  0 / 0                 0 / 0                 0 / 0                 0 / 0           ops/s
[750.170s][info   ][gc,stats    ]    Critical: GC Locker Stall                               0.000 / 0.000         0.000 / 0.000         0.000 / 0.000         0.000 / 0.000       ms
[750.170s][info   ][gc,stats    ]    Critical: GC Locker Stall                                   0 / 0                 0 / 0                 0 / 0                 0 / 0           ops/s
[750.170s][info   ][gc,stats    ]      Memory: Allocation Rate                                 635 / 694             621 / 768             617 / 1436            617 / 1436        MB/s
[750.170s][info   ][gc,stats    ]      Memory: Heap Used After Mark                              0 / 0             15446 / 23854         15594 / 30288         15594 / 30288       MB
[750.170s][info   ][gc,stats    ]      Memory: Heap Used After Relocation                        0 / 0              3986 / 4228           3773 / 4228           3773 / 4228        MB
[750.170s][info   ][gc,stats    ]      Memory: Heap Used Before Mark                             0 / 0             15259 / 23620         15415 / 30112         15415 / 30112       MB
[750.170s][info   ][gc,stats    ]      Memory: Heap Used Before Relocation                       0 / 0             11211 / 16186         11192 / 20378         11192 / 20378       MB
[750.170s][info   ][gc,stats    ]      Memory: Out Of Memory                                     0 / 0                 0 / 0                 0 / 0                 0 / 0           ops/s
[750.170s][info   ][gc,stats    ]      Memory: Page Cache Flush                                  0 / 0                 0 / 0                 0 / 0                 0 / 0           MB/s
[750.170s][info   ][gc,stats    ]      Memory: Page Cache Hit L1                               307 / 341             337 / 1362            313 / 1642            313 / 1642        ops/s
[750.170s][info   ][gc,stats    ]      Memory: Page Cache Hit L2                                 0 / 0                 0 / 179               0 / 179               0 / 179         ops/s
[750.170s][info   ][gc,stats    ]      Memory: Page Cache Miss                                   0 / 0                 0 / 0                19 / 341              19 / 341         ops/s
[750.170s][info   ][gc,stats    ]      Memory: Undo Object Allocation Failed                     0 / 0                 0 / 0                 0 / 0                 0 / 0           ops/s
[750.170s][info   ][gc,stats    ]      Memory: Undo Object Allocation Succeeded                  0 / 0                 0 / 179               0 / 179               0 / 179         ops/s
[750.170s][info   ][gc,stats    ]      Memory: Undo Page Allocation                              0 / 0                 0 / 0                 0 / 69                0 / 69          ops/s
[750.170s][info   ][gc,stats    ]       Phase: Concurrent Destroy Detached Pages             0.000 / 0.000         0.001 / 0.001         0.001 / 0.001         0.001 / 0.001       ms
[750.170s][info   ][gc,stats    ]       Phase: Concurrent Mark                               0.000 / 0.000       204.631 / 275.553     197.304 / 275.553     197.304 / 275.553     ms
[750.170s][info   ][gc,stats    ]       Phase: Concurrent Mark Continue                      0.000 / 0.000         1.335 / 1.335         1.375 / 1.416         1.375 / 1.416       ms
[750.170s][info   ][gc,stats    ]       Phase: Concurrent Prepare Relocation Set             0.000 / 0.000        18.973 / 61.860       22.509 / 89.649       22.509 / 89.649      ms
[750.170s][info   ][gc,stats    ]       Phase: Concurrent Process Non-Strong References      0.000 / 0.000         1.869 / 3.790         2.612 / 19.270        2.612 / 19.270      ms
[750.170s][info   ][gc,stats    ]       Phase: Concurrent Relocate                           0.000 / 0.000        97.165 / 148.618      96.766 / 165.671      96.766 / 165.671     ms
[750.170s][info   ][gc,stats    ]       Phase: Concurrent Reset Relocation Set               0.000 / 0.000         2.203 / 6.188         2.475 / 14.653        2.475 / 14.653      ms
[750.170s][info   ][gc,stats    ]       Phase: Concurrent Select Relocation Set              0.000 / 0.000         3.529 / 11.393        3.891 / 12.148        3.891 / 12.148      ms
[750.170s][info   ][gc,stats    ]       Phase: Pause Mark End                                0.000 / 0.000         0.703 / 1.288         0.717 / 1.288         0.717 / 1.288       ms
[750.170s][info   ][gc,stats    ]       Phase: Pause Mark Start                              0.000 / 0.000         0.265 / 0.929         0.320 / 1.400         0.320 / 1.400       ms
[750.170s][info   ][gc,stats    ]       Phase: Pause Relocate Start                          0.000 / 0.000         0.198 / 0.273         0.221 / 1.025         0.221 / 1.025       ms
[750.170s][info   ][gc,stats    ]       Phase: Pause Verify                                  0.000 / 0.000         0.000 / 0.000         0.000 / 0.000         0.000 / 0.000       ms
[750.170s][info   ][gc,stats    ]    Subphase: Concurrent Classes Unload                     0.000 / 0.000         1.504 / 2.621         2.219 / 18.723        2.219 / 18.723      ms
[750.170s][info   ][gc,stats    ]    Subphase: Concurrent Mark                               0.000 / 0.000       197.222 / 273.889     185.990 / 273.889     185.990 / 273.889     ms
[750.170s][info   ][gc,stats    ]    Subphase: Concurrent Mark Idle                          0.000 / 0.000         1.138 / 1.413         1.138 / 1.413         1.138 / 1.413       ms
[750.170s][info   ][gc,stats    ]    Subphase: Concurrent Mark Try Flush                     0.000 / 0.000         0.076 / 0.187         0.077 / 0.545         0.077 / 0.545       ms
[750.170s][info   ][gc,stats    ]    Subphase: Concurrent Mark Try Terminate                 0.000 / 0.000         1.136 / 1.418         1.136 / 1.418         1.136 / 1.418       ms
[750.170s][info   ][gc,stats    ]    Subphase: Concurrent References Enqueue                 0.000 / 0.000         0.005 / 0.008         0.005 / 0.008         0.005 / 0.008       ms
[750.170s][info   ][gc,stats    ]    Subphase: Concurrent References Process                 0.000 / 0.000         0.074 / 0.133         0.074 / 0.140         0.074 / 0.140       ms
[750.170s][info   ][gc,stats    ]    Subphase: Concurrent Roots                              0.000 / 0.000         0.088 / 1.985         0.093 / 2.807         0.093 / 2.807       ms
[750.170s][info   ][gc,stats    ]    Subphase: Concurrent Roots ClassLoaderDataGraph         0.000 / 0.000         0.075 / 1.982         0.083 / 2.804         0.083 / 2.804       ms
[750.170s][info   ][gc,stats    ]    Subphase: Concurrent Roots JNIHandles                   0.000 / 0.000         0.029 / 0.551         0.030 / 0.551         0.030 / 0.551       ms
[750.170s][info   ][gc,stats    ]    Subphase: Concurrent Roots Setup                        0.000 / 0.000         0.189 / 1.420         0.252 / 1.622         0.252 / 1.622       ms
[750.170s][info   ][gc,stats    ]    Subphase: Concurrent Roots Teardown                     0.000 / 0.000         0.001 / 0.001         0.001 / 0.001         0.001 / 0.001       ms
[750.170s][info   ][gc,stats    ]    Subphase: Concurrent Weak Roots                         0.000 / 0.000         0.210 / 0.977         0.236 / 1.376         0.236 / 1.376       ms
[750.170s][info   ][gc,stats    ]    Subphase: Concurrent Weak Roots JNIWeakHandles          0.000 / 0.000         0.002 / 0.013         0.003 / 0.073         0.003 / 0.073       ms
[750.170s][info   ][gc,stats    ]    Subphase: Concurrent Weak Roots StringTable             0.000 / 0.000         0.183 / 0.953         0.210 / 1.327         0.210 / 1.327       ms
[750.170s][info   ][gc,stats    ]    Subphase: Concurrent Weak Roots VMWeakHandles           0.000 / 0.000         0.023 / 0.052         0.023 / 0.052         0.023 / 0.052       ms
[750.170s][info   ][gc,stats    ]    Subphase: Pause Mark Try Complete                       0.000 / 0.000         0.176 / 1.007         0.181 / 1.009         0.181 / 1.009       ms
[750.170s][info   ][gc,stats    ]    Subphase: Pause Roots                                   0.000 / 0.000         0.039 / 0.440         0.046 / 1.060         0.046 / 1.060       ms
[750.170s][info   ][gc,stats    ]    Subphase: Pause Roots CodeCache                         0.000 / 0.000         0.000 / 0.000         0.000 / 0.000         0.000 / 0.000       ms
[750.170s][info   ][gc,stats    ]    Subphase: Pause Roots JVMTIExport                       0.000 / 0.000         0.002 / 0.004         0.002 / 0.017         0.002 / 0.017       ms
[750.170s][info   ][gc,stats    ]    Subphase: Pause Roots JVMTIWeakExport                   0.000 / 0.000         0.001 / 0.002         0.001 / 0.002         0.001 / 0.002       ms
[750.170s][info   ][gc,stats    ]    Subphase: Pause Roots Management                        0.000 / 0.000         0.005 / 0.021         0.011 / 0.430         0.011 / 0.430       ms
[750.170s][info   ][gc,stats    ]    Subphase: Pause Roots ObjectSynchronizer                0.000 / 0.000         0.001 / 0.003         0.001 / 0.011         0.001 / 0.011       ms
[750.170s][info   ][gc,stats    ]    Subphase: Pause Roots Setup                             0.000 / 0.000         0.001 / 0.002         0.001 / 0.002         0.001 / 0.002       ms
[750.170s][info   ][gc,stats    ]    Subphase: Pause Roots SystemDictionary                  0.000 / 0.000         0.026 / 0.171         0.043 / 0.734         0.043 / 0.734       ms
[750.170s][info   ][gc,stats    ]    Subphase: Pause Roots Teardown                          0.000 / 0.000         0.004 / 0.009         0.004 / 0.009         0.004 / 0.009       ms
[750.170s][info   ][gc,stats    ]    Subphase: Pause Roots Threads                           0.000 / 0.000         0.046 / 0.408         0.054 / 1.042         0.054 / 1.042       ms
[750.170s][info   ][gc,stats    ]    Subphase: Pause Roots Universe                          0.000 / 0.000         0.007 / 0.022         0.016 / 0.626         0.016 / 0.626       ms
[750.170s][info   ][gc,stats    ]    Subphase: Pause Weak Roots                              0.000 / 0.000         0.001 / 0.007         0.001 / 0.007         0.001 / 0.007       ms
[750.170s][info   ][gc,stats    ]    Subphase: Pause Weak Roots JFRWeak                      0.000 / 0.000         0.001 / 0.002         0.001 / 0.002         0.001 / 0.002       ms
[750.170s][info   ][gc,stats    ]    Subphase: Pause Weak Roots JVMTIWeakExport              0.000 / 0.000         0.001 / 0.002         0.001 / 0.002         0.001 / 0.002       ms
[750.170s][info   ][gc,stats    ]    Subphase: Pause Weak Roots Setup                        0.000 / 0.000         0.001 / 0.001         0.001 / 0.001         0.001 / 0.001       ms
[750.170s][info   ][gc,stats    ]    Subphase: Pause Weak Roots Teardown                     0.000 / 0.000         0.001 / 0.004         0.001 / 0.004         0.001 / 0.004       ms
[750.170s][info   ][gc,stats    ]      System: Java Threads                                      0 / 0                61 / 62               60 / 65               60 / 65          threads
[750.170s][info   ][gc,stats    ] =========================================================================================================================================================
[755.369s][info   ][gc,start    ] GC(38) Garbage Collection (Proactive)
[755.370s][info   ][gc,phases   ] GC(38) Pause Mark Start 0.213ms
[755.566s][info   ][gc,phases   ] GC(38) Concurrent Mark 196.264ms
[755.567s][info   ][gc,phases   ] GC(38) Pause Mark End 0.481ms
[755.569s][info   ][gc,phases   ] GC(38) Concurrent Process Non-Strong References 1.637ms
[755.570s][info   ][gc,phases   ] GC(38) Concurrent Reset Relocation Set 1.703ms
[755.570s][info   ][gc,phases   ] GC(38) Concurrent Destroy Detached Pages 0.001ms
[755.573s][info   ][gc,phases   ] GC(38) Concurrent Select Relocation Set 2.309ms
[755.590s][info   ][gc,phases   ] GC(38) Concurrent Prepare Relocation Set 17.648ms
[755.591s][info   ][gc,phases   ] GC(38) Pause Relocate Start 0.205ms
[755.695s][info   ][gc,phases   ] GC(38) Concurrent Relocate 104.519ms
[755.695s][info   ][gc,load     ] GC(38) Load: 2.77/3.17/1.97
[755.695s][info   ][gc,mmu      ] GC(38) MMU: 2ms/30.0%, 5ms/69.9%, 10ms/81.7%, 20ms/87.7%, 50ms/95.1%, 100ms/97.5%
[755.695s][info   ][gc,marking  ] GC(38) Mark: 8 stripe(s), 10 proactive flush(es), 2 terminate flush(es), 1 completion(s), 0 continuation(s) 
[755.695s][info   ][gc,reloc    ] GC(38) Relocation: Successful, 1516M relocated
[755.695s][info   ][gc,nmethod  ] GC(38) NMethods: 5639 registered, 1173 unregistered
[755.695s][info   ][gc,metaspace] GC(38) Metaspace: 40M used, 41M capacity, 41M committed, 42M reserved
[755.695s][info   ][gc,ref      ] GC(38) Soft: 3327 encountered, 0 discovered, 0 enqueued
[755.695s][info   ][gc,ref      ] GC(38) Weak: 1530 encountered, 391 discovered, 0 enqueued
[755.695s][info   ][gc,ref      ] GC(38) Final: 30 encountered, 3 discovered, 3 enqueued
[755.695s][info   ][gc,ref      ] GC(38) Phantom: 120 encountered, 90 discovered, 0 enqueued
[755.695s][info   ][gc,heap     ] GC(38)                Mark Start          Mark End        Relocate Start      Relocate End           High               Low         
[755.695s][info   ][gc,heap     ] GC(38)  Capacity:    30390M (30%)       30390M (30%)       30390M (30%)       30390M (30%)       30390M (30%)       30390M (30%)    
[755.695s][info   ][gc,heap     ] GC(38)   Reserve:       80M (0%)           80M (0%)           80M (0%)           80M (0%)           80M (0%)           80M (0%)     
[755.696s][info   ][gc,heap     ] GC(38)      Free:    86140M (86%)       85976M (86%)       89718M (89%)       96304M (96%)       96304M (96%)       85976M (86%)    
[755.696s][info   ][gc,heap     ] GC(38)      Used:    14132M (14%)       14296M (14%)       10554M (11%)        3968M (4%)        14296M (14%)        3968M (4%)     
[755.696s][info   ][gc,heap     ] GC(38)      Live:         -              3526M (4%)         3526M (4%)         3526M (4%)             -                  -          
[755.696s][info   ][gc,heap     ] GC(38) Allocated:         -               164M (0%)          170M (0%)         1634M (2%)             -                  -          
[755.696s][info   ][gc,heap     ] GC(38)   Garbage:         -             10605M (11%)        6857M (7%)          217M (0%)             -                  -          
[755.696s][info   ][gc,heap     ] GC(38) Reclaimed:         -                  -              3748M (4%)        10388M (10%)            -                  -          
[755.696s][info   ][gc          ] GC(38) Garbage Collection (Proactive) 14132M(14%)->3968M(4%)
[760.170s][info   ][gc,stats    ] === Garbage Collection Statistics =======================================================================================================================
[760.170s][info   ][gc,stats    ]                                                              Last 10s              Last 10m              Last 10h                Total
[760.170s][info   ][gc,stats    ]                                                              Avg / Max             Avg / Max             Avg / Max             Avg / Max
[760.170s][info   ][gc,stats    ]   Collector: Garbage Collection Cycle                    325.933 / 325.933     325.331 / 435.002     327.965 / 515.532     327.965 / 515.532     ms
[760.170s][info   ][gc,stats    ]  Contention: Mark Segment Reset Contention                    10 / 106              16 / 846              16 / 850              16 / 850         ops/s
[760.170s][info   ][gc,stats    ]  Contention: Mark SeqNum Reset Contention                      0 / 2                 0 / 3                 0 / 9                 0 / 9           ops/s
[760.170s][info   ][gc,stats    ]  Contention: Relocation Contention                             0 / 3                 0 / 179               0 / 179               0 / 179         ops/s
[760.170s][info   ][gc,stats    ]    Critical: Allocation Stall                              0.000 / 0.000         0.000 / 0.000         0.000 / 0.000         0.000 / 0.000       ms
[760.170s][info   ][gc,stats    ]    Critical: Allocation Stall                                  0 / 0                 0 / 0                 0 / 0                 0 / 0           ops/s
[760.170s][info   ][gc,stats    ]    Critical: GC Locker Stall                               0.000 / 0.000         0.000 / 0.000         0.000 / 0.000         0.000 / 0.000       ms
[760.170s][info   ][gc,stats    ]    Critical: GC Locker Stall                                   0 / 0                 0 / 0                 0 / 0                 0 / 0           ops/s
[760.170s][info   ][gc,stats    ]      Memory: Allocation Rate                                 628 / 702             621 / 768             617 / 1436            617 / 1436        MB/s
[760.170s][info   ][gc,stats    ]      Memory: Heap Used After Mark                          14296 / 14296         15156 / 22236         15560 / 30288         15560 / 30288       MB
[760.170s][info   ][gc,stats    ]      Memory: Heap Used After Relocation                     3968 / 3968           3978 / 4128           3778 / 4228           3778 / 4228        MB
[760.170s][info   ][gc,stats    ]      Memory: Heap Used Before Mark                         14132 / 14132         14971 / 22036         15382 / 30112         15382 / 30112       MB
[760.170s][info   ][gc,stats    ]      Memory: Heap Used Before Relocation                   10554 / 10554         11040 / 15032         11176 / 20378         11176 / 20378       MB
[760.170s][info   ][gc,stats    ]      Memory: Out Of Memory                                     0 / 0                 0 / 0                 0 / 0                 0 / 0           ops/s
[760.170s][info   ][gc,stats    ]      Memory: Page Cache Flush                                  0 / 0                 0 / 0                 0 / 0                 0 / 0           MB/s
[760.170s][info   ][gc,stats    ]      Memory: Page Cache Hit L1                               372 / 1015            336 / 1176            314 / 1642            314 / 1642        ops/s
[760.170s][info   ][gc,stats    ]      Memory: Page Cache Hit L2                                 0 / 0                 0 / 179               0 / 179               0 / 179         ops/s
[760.170s][info   ][gc,stats    ]      Memory: Page Cache Miss                                   0 / 0                 0 / 0                19 / 341              19 / 341         ops/s
[760.170s][info   ][gc,stats    ]      Memory: Undo Object Allocation Failed                     0 / 0                 0 / 0                 0 / 0                 0 / 0           ops/s
[760.170s][info   ][gc,stats    ]      Memory: Undo Object Allocation Succeeded                  0 / 3                 0 / 179               0 / 179               0 / 179         ops/s
[760.170s][info   ][gc,stats    ]      Memory: Undo Page Allocation                              0 / 0                 0 / 0                 0 / 69                0 / 69          ops/s
[760.170s][info   ][gc,stats    ]       Phase: Concurrent Destroy Detached Pages             0.001 / 0.001         0.001 / 0.001         0.001 / 0.001         0.001 / 0.001       ms
[760.170s][info   ][gc,stats    ]       Phase: Concurrent Mark                             196.264 / 196.264     202.228 / 252.454     197.278 / 275.553     197.278 / 275.553     ms
[760.170s][info   ][gc,stats    ]       Phase: Concurrent Mark Continue                      0.000 / 0.000         1.335 / 1.335         1.375 / 1.416         1.375 / 1.416       ms
[760.170s][info   ][gc,stats    ]       Phase: Concurrent Prepare Relocation Set            17.648 / 17.648       17.633 / 41.421       22.385 / 89.649       22.385 / 89.649      ms
[760.170s][info   ][gc,stats    ]       Phase: Concurrent Process Non-Strong References      1.637 / 1.637         1.841 / 3.790         2.587 / 19.270        2.587 / 19.270      ms
[760.170s][info   ][gc,stats    ]       Phase: Concurrent Relocate                         104.519 / 104.519      95.829 / 126.305      96.965 / 165.671      96.965 / 165.671     ms
[760.170s][info   ][gc,stats    ]       Phase: Concurrent Reset Relocation Set               1.703 / 1.703         2.067 / 5.733         2.455 / 14.653        2.455 / 14.653      ms
[760.170s][info   ][gc,stats    ]       Phase: Concurrent Select Relocation Set              2.309 / 2.309         3.476 / 11.393        3.850 / 12.148        3.850 / 12.148      ms
[760.170s][info   ][gc,stats    ]       Phase: Pause Mark End                                0.481 / 0.481         0.691 / 1.288         0.711 / 1.288         0.711 / 1.288       ms
[760.170s][info   ][gc,stats    ]       Phase: Pause Mark Start                              0.213 / 0.213         0.244 / 0.706         0.317 / 1.400         0.317 / 1.400       ms
[760.170s][info   ][gc,stats    ]       Phase: Pause Relocate Start                          0.205 / 0.205         0.199 / 0.273         0.221 / 1.025         0.221 / 1.025       ms
[760.170s][info   ][gc,stats    ]       Phase: Pause Verify                                  0.000 / 0.000         0.000 / 0.000         0.000 / 0.000         0.000 / 0.000       ms
[760.170s][info   ][gc,stats    ]    Subphase: Concurrent Classes Unload                     1.333 / 1.333         1.489 / 2.621         2.197 / 18.723        2.197 / 18.723      ms
[760.170s][info   ][gc,stats    ]    Subphase: Concurrent Mark                             194.989 / 195.681     194.917 / 249.843     186.210 / 273.889     186.210 / 273.889     ms
[760.170s][info   ][gc,stats    ]    Subphase: Concurrent Mark Idle                          1.132 / 1.166         1.138 / 1.413         1.137 / 1.413         1.137 / 1.413       ms
[760.170s][info   ][gc,stats    ]    Subphase: Concurrent Mark Try Flush                     0.062 / 0.101         0.075 / 0.187         0.077 / 0.545         0.077 / 0.545       ms
[760.170s][info   ][gc,stats    ]    Subphase: Concurrent Mark Try Terminate                 1.129 / 1.169         1.136 / 1.418         1.136 / 1.418         1.136 / 1.418       ms
[760.170s][info   ][gc,stats    ]    Subphase: Concurrent References Enqueue                 0.005 / 0.005         0.005 / 0.008         0.005 / 0.008         0.005 / 0.008       ms
[760.170s][info   ][gc,stats    ]    Subphase: Concurrent References Process                 0.062 / 0.062         0.073 / 0.133         0.074 / 0.140         0.074 / 0.140       ms
[760.170s][info   ][gc,stats    ]    Subphase: Concurrent Roots                              0.062 / 0.359         0.084 / 1.985         0.092 / 2.807         0.092 / 2.807       ms
[760.170s][info   ][gc,stats    ]    Subphase: Concurrent Roots ClassLoaderDataGraph         0.053 / 0.352         0.072 / 1.982         0.082 / 2.804         0.082 / 2.804       ms
[760.171s][info   ][gc,stats    ]    Subphase: Concurrent Roots JNIHandles                   0.009 / 0.024         0.025 / 0.551         0.030 / 0.551         0.030 / 0.551       ms
[760.171s][info   ][gc,stats    ]    Subphase: Concurrent Roots Setup                        0.080 / 0.080         0.182 / 1.420         0.247 / 1.622         0.247 / 1.622       ms
[760.171s][info   ][gc,stats    ]    Subphase: Concurrent Roots Teardown                     0.001 / 0.001         0.001 / 0.001         0.001 / 0.001         0.001 / 0.001       ms
[760.171s][info   ][gc,stats    ]    Subphase: Concurrent Weak Roots                         0.188 / 0.203         0.202 / 0.977         0.235 / 1.376         0.235 / 1.376       ms
[760.171s][info   ][gc,stats    ]    Subphase: Concurrent Weak Roots JNIWeakHandles          0.003 / 0.006         0.002 / 0.013         0.003 / 0.073         0.003 / 0.073       ms
[760.171s][info   ][gc,stats    ]    Subphase: Concurrent Weak Roots StringTable             0.160 / 0.167         0.174 / 0.953         0.208 / 1.327         0.208 / 1.327       ms
[760.171s][info   ][gc,stats    ]    Subphase: Concurrent Weak Roots VMWeakHandles           0.024 / 0.043         0.023 / 0.052         0.023 / 0.052         0.023 / 0.052       ms
[760.171s][info   ][gc,stats    ]    Subphase: Pause Mark Try Complete                       0.070 / 0.247         0.170 / 1.007         0.179 / 1.009         0.179 / 1.009       ms
[760.171s][info   ][gc,stats    ]    Subphase: Pause Roots                                   0.035 / 0.138         0.038 / 0.329         0.045 / 1.060         0.045 / 1.060       ms
[760.171s][info   ][gc,stats    ]    Subphase: Pause Roots CodeCache                         0.000 / 0.000         0.000 / 0.000         0.000 / 0.000         0.000 / 0.000       ms
[760.171s][info   ][gc,stats    ]    Subphase: Pause Roots JVMTIExport                       0.001 / 0.001         0.002 / 0.004         0.002 / 0.017         0.002 / 0.017       ms
[760.171s][info   ][gc,stats    ]    Subphase: Pause Roots JVMTIWeakExport                   0.001 / 0.001         0.001 / 0.002         0.001 / 0.002         0.001 / 0.002       ms
[760.171s][info   ][gc,stats    ]    Subphase: Pause Roots Management                        0.003 / 0.003         0.004 / 0.018         0.010 / 0.430         0.010 / 0.430       ms
[760.171s][info   ][gc,stats    ]    Subphase: Pause Roots ObjectSynchronizer                0.001 / 0.001         0.001 / 0.003         0.001 / 0.011         0.001 / 0.011       ms
[760.171s][info   ][gc,stats    ]    Subphase: Pause Roots Setup                             0.001 / 0.001         0.001 / 0.002         0.001 / 0.002         0.001 / 0.002       ms
[760.171s][info   ][gc,stats    ]    Subphase: Pause Roots SystemDictionary                  0.013 / 0.015         0.026 / 0.171         0.042 / 0.734         0.042 / 0.734       ms
[760.171s][info   ][gc,stats    ]    Subphase: Pause Roots Teardown                          0.003 / 0.005         0.004 / 0.009         0.004 / 0.009         0.004 / 0.009       ms
[760.171s][info   ][gc,stats    ]    Subphase: Pause Roots Threads                           0.042 / 0.136         0.044 / 0.316         0.054 / 1.042         0.054 / 1.042       ms
[760.171s][info   ][gc,stats    ]    Subphase: Pause Roots Universe                          0.005 / 0.007         0.007 / 0.022         0.016 / 0.626         0.016 / 0.626       ms
[760.171s][info   ][gc,stats    ]    Subphase: Pause Weak Roots                              0.001 / 0.003         0.001 / 0.007         0.001 / 0.007         0.001 / 0.007       ms
[760.171s][info   ][gc,stats    ]    Subphase: Pause Weak Roots JFRWeak                      0.001 / 0.001         0.001 / 0.002         0.001 / 0.002         0.001 / 0.002       ms
[760.171s][info   ][gc,stats    ]    Subphase: Pause Weak Roots JVMTIWeakExport              0.001 / 0.001         0.001 / 0.002         0.001 / 0.002         0.001 / 0.002       ms
[760.171s][info   ][gc,stats    ]    Subphase: Pause Weak Roots Setup                        0.001 / 0.001         0.001 / 0.001         0.001 / 0.001         0.001 / 0.001       ms
[760.171s][info   ][gc,stats    ]    Subphase: Pause Weak Roots Teardown                     0.001 / 0.001         0.001 / 0.004         0.001 / 0.004         0.001 / 0.004       ms
[760.171s][info   ][gc,stats    ]      System: Java Threads                                     62 / 62               61 / 62               60 / 65               60 / 65          threads
[760.171s][info   ][gc,stats    ] =========================================================================================================================================================
[770.169s][info   ][gc,stats    ] === Garbage Collection Statistics =======================================================================================================================
[770.169s][info   ][gc,stats    ]                                                              Last 10s              Last 10m              Last 10h                Total
[770.169s][info   ][gc,stats    ]                                                              Avg / Max             Avg / Max             Avg / Max             Avg / Max
[770.170s][info   ][gc,stats    ]   Collector: Garbage Collection Cycle                      0.000 / 0.000       325.331 / 435.002     327.965 / 515.532     327.965 / 515.532     ms
[770.170s][info   ][gc,stats    ]  Contention: Mark Segment Reset Contention                     0 / 0                16 / 846              16 / 850              16 / 850         ops/s
[770.170s][info   ][gc,stats    ]  Contention: Mark SeqNum Reset Contention                      0 / 0                 0 / 3                 0 / 9                 0 / 9           ops/s
[770.170s][info   ][gc,stats    ]  Contention: Relocation Contention                             0 / 0                 0 / 179               0 / 179               0 / 179         ops/s
[770.170s][info   ][gc,stats    ]    Critical: Allocation Stall                              0.000 / 0.000         0.000 / 0.000         0.000 / 0.000         0.000 / 0.000       ms
[770.170s][info   ][gc,stats    ]    Critical: Allocation Stall                                  0 / 0                 0 / 0                 0 / 0                 0 / 0           ops/s
[770.170s][info   ][gc,stats    ]    Critical: GC Locker Stall                               0.000 / 0.000         0.000 / 0.000         0.000 / 0.000         0.000 / 0.000       ms
[770.170s][info   ][gc,stats    ]    Critical: GC Locker Stall                                   0 / 0                 0 / 0                 0 / 0                 0 / 0           ops/s
[770.170s][info   ][gc,stats    ]      Memory: Allocation Rate                                 574 / 640             620 / 768             617 / 1436            617 / 1436        MB/s
[770.170s][info   ][gc,stats    ]      Memory: Heap Used After Mark                              0 / 0             15156 / 22236         15560 / 30288         15560 / 30288       MB
[770.170s][info   ][gc,stats    ]      Memory: Heap Used After Relocation                        0 / 0              3978 / 4128           3778 / 4228           3778 / 4228        MB
[770.170s][info   ][gc,stats    ]      Memory: Heap Used Before Mark                             0 / 0             14971 / 22036         15382 / 30112         15382 / 30112       MB
[770.170s][info   ][gc,stats    ]      Memory: Heap Used Before Relocation                       0 / 0             11040 / 15032         11176 / 20378         11176 / 20378       MB
[770.170s][info   ][gc,stats    ]      Memory: Out Of Memory                                     0 / 0                 0 / 0                 0 / 0                 0 / 0           ops/s
[770.170s][info   ][gc,stats    ]      Memory: Page Cache Flush                                  0 / 0                 0 / 0                 0 / 0                 0 / 0           MB/s
[770.170s][info   ][gc,stats    ]      Memory: Page Cache Hit L1                               276 / 305             336 / 1176            313 / 1642            313 / 1642        ops/s
[770.170s][info   ][gc,stats    ]      Memory: Page Cache Hit L2                                 0 / 0                 0 / 179               0 / 179               0 / 179         ops/s
[770.170s][info   ][gc,stats    ]      Memory: Page Cache Miss                                   0 / 0                 0 / 0                19 / 341              19 / 341         ops/s
[770.170s][info   ][gc,stats    ]      Memory: Undo Object Allocation Failed                     0 / 0                 0 / 0                 0 / 0                 0 / 0           ops/s
[770.170s][info   ][gc,stats    ]      Memory: Undo Object Allocation Succeeded                  0 / 0                 0 / 179               0 / 179               0 / 179         ops/s
[770.170s][info   ][gc,stats    ]      Memory: Undo Page Allocation                              0 / 0                 0 / 0                 0 / 69                0 / 69          ops/s
[770.170s][info   ][gc,stats    ]       Phase: Concurrent Destroy Detached Pages             0.000 / 0.000         0.001 / 0.001         0.001 / 0.001         0.001 / 0.001       ms
[770.170s][info   ][gc,stats    ]       Phase: Concurrent Mark                               0.000 / 0.000       202.228 / 252.454     197.278 / 275.553     197.278 / 275.553     ms
[770.170s][info   ][gc,stats    ]       Phase: Concurrent Mark Continue                      0.000 / 0.000         1.335 / 1.335         1.375 / 1.416         1.375 / 1.416       ms
[770.170s][info   ][gc,stats    ]       Phase: Concurrent Prepare Relocation Set             0.000 / 0.000        17.633 / 41.421       22.385 / 89.649       22.385 / 89.649      ms
[770.170s][info   ][gc,stats    ]       Phase: Concurrent Process Non-Strong References      0.000 / 0.000         1.841 / 3.790         2.587 / 19.270        2.587 / 19.270      ms
[770.170s][info   ][gc,stats    ]       Phase: Concurrent Relocate                           0.000 / 0.000        95.829 / 126.305      96.965 / 165.671      96.965 / 165.671     ms
[770.170s][info   ][gc,stats    ]       Phase: Concurrent Reset Relocation Set               0.000 / 0.000         2.067 / 5.733         2.455 / 14.653        2.455 / 14.653      ms
[770.170s][info   ][gc,stats    ]       Phase: Concurrent Select Relocation Set              0.000 / 0.000         3.476 / 11.393        3.850 / 12.148        3.850 / 12.148      ms
[770.170s][info   ][gc,stats    ]       Phase: Pause Mark End                                0.000 / 0.000         0.691 / 1.288         0.711 / 1.288         0.711 / 1.288       ms
[770.170s][info   ][gc,stats    ]       Phase: Pause Mark Start                              0.000 / 0.000         0.244 / 0.706         0.317 / 1.400         0.317 / 1.400       ms
[770.170s][info   ][gc,stats    ]       Phase: Pause Relocate Start                          0.000 / 0.000         0.199 / 0.273         0.221 / 1.025         0.221 / 1.025       ms
[770.170s][info   ][gc,stats    ]       Phase: Pause Verify                                  0.000 / 0.000         0.000 / 0.000         0.000 / 0.000         0.000 / 0.000       ms
[770.170s][info   ][gc,stats    ]    Subphase: Concurrent Classes Unload                     0.000 / 0.000         1.489 / 2.621         2.197 / 18.723        2.197 / 18.723      ms
[770.170s][info   ][gc,stats    ]    Subphase: Concurrent Mark                               0.000 / 0.000       194.917 / 249.843     186.210 / 273.889     186.210 / 273.889     ms
[770.170s][info   ][gc,stats    ]    Subphase: Concurrent Mark Idle                          0.000 / 0.000         1.138 / 1.413         1.137 / 1.413         1.137 / 1.413       ms
[770.170s][info   ][gc,stats    ]    Subphase: Concurrent Mark Try Flush                     0.000 / 0.000         0.075 / 0.187         0.077 / 0.545         0.077 / 0.545       ms
[770.170s][info   ][gc,stats    ]    Subphase: Concurrent Mark Try Terminate                 0.000 / 0.000         1.136 / 1.418         1.136 / 1.418         1.136 / 1.418       ms
[770.170s][info   ][gc,stats    ]    Subphase: Concurrent References Enqueue                 0.000 / 0.000         0.005 / 0.008         0.005 / 0.008         0.005 / 0.008       ms
[770.170s][info   ][gc,stats    ]    Subphase: Concurrent References Process                 0.000 / 0.000         0.073 / 0.133         0.074 / 0.140         0.074 / 0.140       ms
[770.170s][info   ][gc,stats    ]    Subphase: Concurrent Roots                              0.000 / 0.000         0.084 / 1.985         0.092 / 2.807         0.092 / 2.807       ms
[770.170s][info   ][gc,stats    ]    Subphase: Concurrent Roots ClassLoaderDataGraph         0.000 / 0.000         0.072 / 1.982         0.082 / 2.804         0.082 / 2.804       ms
[770.170s][info   ][gc,stats    ]    Subphase: Concurrent Roots JNIHandles                   0.000 / 0.000         0.025 / 0.551         0.030 / 0.551         0.030 / 0.551       ms
[770.170s][info   ][gc,stats    ]    Subphase: Concurrent Roots Setup                        0.000 / 0.000         0.182 / 1.420         0.247 / 1.622         0.247 / 1.622       ms
[770.170s][info   ][gc,stats    ]    Subphase: Concurrent Roots Teardown                     0.000 / 0.000         0.001 / 0.001         0.001 / 0.001         0.001 / 0.001       ms
[770.170s][info   ][gc,stats    ]    Subphase: Concurrent Weak Roots                         0.000 / 0.000         0.202 / 0.977         0.235 / 1.376         0.235 / 1.376       ms
[770.170s][info   ][gc,stats    ]    Subphase: Concurrent Weak Roots JNIWeakHandles          0.000 / 0.000         0.002 / 0.013         0.003 / 0.073         0.003 / 0.073       ms
[770.170s][info   ][gc,stats    ]    Subphase: Concurrent Weak Roots StringTable             0.000 / 0.000         0.174 / 0.953         0.208 / 1.327         0.208 / 1.327       ms
[770.170s][info   ][gc,stats    ]    Subphase: Concurrent Weak Roots VMWeakHandles           0.000 / 0.000         0.023 / 0.052         0.023 / 0.052         0.023 / 0.052       ms
[770.170s][info   ][gc,stats    ]    Subphase: Pause Mark Try Complete                       0.000 / 0.000         0.170 / 1.007         0.179 / 1.009         0.179 / 1.009       ms
[770.170s][info   ][gc,stats    ]    Subphase: Pause Roots                                   0.000 / 0.000         0.038 / 0.329         0.045 / 1.060         0.045 / 1.060       ms
[770.170s][info   ][gc,stats    ]    Subphase: Pause Roots CodeCache                         0.000 / 0.000         0.000 / 0.000         0.000 / 0.000         0.000 / 0.000       ms
[770.170s][info   ][gc,stats    ]    Subphase: Pause Roots JVMTIExport                       0.000 / 0.000         0.002 / 0.004         0.002 / 0.017         0.002 / 0.017       ms
[770.170s][info   ][gc,stats    ]    Subphase: Pause Roots JVMTIWeakExport                   0.000 / 0.000         0.001 / 0.002         0.001 / 0.002         0.001 / 0.002       ms
[770.170s][info   ][gc,stats    ]    Subphase: Pause Roots Management                        0.000 / 0.000         0.004 / 0.018         0.010 / 0.430         0.010 / 0.430       ms
[770.170s][info   ][gc,stats    ]    Subphase: Pause Roots ObjectSynchronizer                0.000 / 0.000         0.001 / 0.003         0.001 / 0.011         0.001 / 0.011       ms
[770.170s][info   ][gc,stats    ]    Subphase: Pause Roots Setup                             0.000 / 0.000         0.001 / 0.002         0.001 / 0.002         0.001 / 0.002       ms
[770.170s][info   ][gc,stats    ]    Subphase: Pause Roots SystemDictionary                  0.000 / 0.000         0.026 / 0.171         0.042 / 0.734         0.042 / 0.734       ms
[770.170s][info   ][gc,stats    ]    Subphase: Pause Roots Teardown                          0.000 / 0.000         0.004 / 0.009         0.004 / 0.009         0.004 / 0.009       ms
[770.170s][info   ][gc,stats    ]    Subphase: Pause Roots Threads                           0.000 / 0.000         0.044 / 0.316         0.054 / 1.042         0.054 / 1.042       ms
[770.170s][info   ][gc,stats    ]    Subphase: Pause Roots Universe                          0.000 / 0.000         0.007 / 0.022         0.016 / 0.626         0.016 / 0.626       ms
[770.170s][info   ][gc,stats    ]    Subphase: Pause Weak Roots                              0.000 / 0.000         0.001 / 0.007         0.001 / 0.007         0.001 / 0.007       ms
[770.170s][info   ][gc,stats    ]    Subphase: Pause Weak Roots JFRWeak                      0.000 / 0.000         0.001 / 0.002         0.001 / 0.002         0.001 / 0.002       ms
[770.170s][info   ][gc,stats    ]    Subphase: Pause Weak Roots JVMTIWeakExport              0.000 / 0.000         0.001 / 0.002         0.001 / 0.002         0.001 / 0.002       ms
[770.170s][info   ][gc,stats    ]    Subphase: Pause Weak Roots Setup                        0.000 / 0.000         0.001 / 0.001         0.001 / 0.001         0.001 / 0.001       ms
[770.170s][info   ][gc,stats    ]    Subphase: Pause Weak Roots Teardown                     0.000 / 0.000         0.001 / 0.004         0.001 / 0.004         0.001 / 0.004       ms
[770.170s][info   ][gc,stats    ]      System: Java Threads                                      0 / 0                61 / 62               60 / 65               60 / 65          threads
[770.170s][info   ][gc,stats    ] =========================================================================================================================================================
[772.869s][info   ][gc,start    ] GC(39) Garbage Collection (Proactive)
[772.870s][info   ][gc,phases   ] GC(39) Pause Mark Start 0.159ms
[773.077s][info   ][gc,phases   ] GC(39) Concurrent Mark 207.160ms
[773.078s][info   ][gc,phases   ] GC(39) Pause Mark End 0.715ms
[773.079s][info   ][gc,phases   ] GC(39) Concurrent Process Non-Strong References 1.636ms
[773.082s][info   ][gc,phases   ] GC(39) Concurrent Reset Relocation Set 2.227ms
[773.082s][info   ][gc,phases   ] GC(39) Concurrent Destroy Detached Pages 0.001ms
[773.085s][info   ][gc,phases   ] GC(39) Concurrent Select Relocation Set 3.266ms
[773.106s][info   ][gc,phases   ] GC(39) Concurrent Prepare Relocation Set 20.773ms
[773.106s][info   ][gc,phases   ] GC(39) Pause Relocate Start 0.171ms
[773.221s][info   ][gc,phases   ] GC(39) Concurrent Relocate 115.167ms
[773.222s][info   ][gc,load     ] GC(39) Load: 4.36/3.47/2.09
[773.222s][info   ][gc,mmu      ] GC(39) MMU: 2ms/30.0%, 5ms/69.9%, 10ms/81.7%, 20ms/87.7%, 50ms/95.1%, 100ms/97.5%
[773.222s][info   ][gc,marking  ] GC(39) Mark: 8 stripe(s), 10 proactive flush(es), 2 terminate flush(es), 1 completion(s), 0 continuation(s) 
[773.222s][info   ][gc,reloc    ] GC(39) Relocation: Successful, 1515M relocated
[773.222s][info   ][gc,nmethod  ] GC(39) NMethods: 5643 registered, 1173 unregistered
[773.222s][info   ][gc,metaspace] GC(39) Metaspace: 40M used, 41M capacity, 41M committed, 42M reserved
[773.222s][info   ][gc,ref      ] GC(39) Soft: 3327 encountered, 0 discovered, 0 enqueued
[773.222s][info   ][gc,ref      ] GC(39) Weak: 1530 encountered, 318 discovered, 0 enqueued
[773.222s][info   ][gc,ref      ] GC(39) Final: 30 encountered, 3 discovered, 3 enqueued
[773.222s][info   ][gc,ref      ] GC(39) Phantom: 120 encountered, 99 discovered, 0 enqueued
[773.222s][info   ][gc,heap     ] GC(39)                Mark Start          Mark End        Relocate Start      Relocate End           High               Low         
[773.222s][info   ][gc,heap     ] GC(39)  Capacity:    30390M (30%)       30390M (30%)       30390M (30%)       30390M (30%)       30390M (30%)       30390M (30%)    
[773.222s][info   ][gc,heap     ] GC(39)   Reserve:       80M (0%)           80M (0%)           80M (0%)           80M (0%)           80M (0%)           80M (0%)     
[773.222s][info   ][gc,heap     ] GC(39)      Free:    86206M (86%)       86020M (86%)       89610M (89%)       96264M (96%)       96264M (96%)       86012M (86%)    
[773.222s][info   ][gc,heap     ] GC(39)      Used:    14066M (14%)       14252M (14%)       10662M (11%)        4008M (4%)        14260M (14%)        4008M (4%)     
[773.222s][info   ][gc,heap     ] GC(39)      Live:         -              3529M (4%)         3529M (4%)         3529M (4%)             -                  -          
[773.222s][info   ][gc,heap     ] GC(39) Allocated:         -               186M (0%)          200M (0%)         1666M (2%)             -                  -          
[773.222s][info   ][gc,heap     ] GC(39)   Garbage:         -             10536M (10%)        6932M (7%)          210M (0%)             -                  -          
[773.222s][info   ][gc,heap     ] GC(39) Reclaimed:         -                  -              3604M (4%)        10326M (10%)            -                  -          
[773.222s][info   ][gc          ] GC(39) Garbage Collection (Proactive) 14066M(14%)->4008M(4%)
[780.170s][info   ][gc,stats    ] === Garbage Collection Statistics =======================================================================================================================
[780.170s][info   ][gc,stats    ]                                                              Last 10s              Last 10m              Last 10h                Total
[780.170s][info   ][gc,stats    ]                                                              Avg / Max             Avg / Max             Avg / Max             Avg / Max
[780.170s][info   ][gc,stats    ]   Collector: Garbage Collection Cycle                    352.308 / 352.308     326.124 / 435.002     328.574 / 515.532     328.574 / 515.532     ms
[780.170s][info   ][gc,stats    ]  Contention: Mark Segment Reset Contention                    29 / 294              17 / 846              16 / 850              16 / 850         ops/s
[780.170s][info   ][gc,stats    ]  Contention: Mark SeqNum Reset Contention                      0 / 1                 0 / 3                 0 / 9                 0 / 9           ops/s
[780.170s][info   ][gc,stats    ]  Contention: Relocation Contention                             0 / 5                 0 / 179               0 / 179               0 / 179         ops/s
[780.170s][info   ][gc,stats    ]    Critical: Allocation Stall                              0.000 / 0.000         0.000 / 0.000         0.000 / 0.000         0.000 / 0.000       ms
[780.170s][info   ][gc,stats    ]    Critical: Allocation Stall                                  0 / 0                 0 / 0                 0 / 0                 0 / 0           ops/s
[780.170s][info   ][gc,stats    ]    Critical: GC Locker Stall                               0.000 / 0.000         0.000 / 0.000         0.000 / 0.000         0.000 / 0.000       ms
[780.170s][info   ][gc,stats    ]    Critical: GC Locker Stall                                   0 / 0                 0 / 0                 0 / 0                 0 / 0           ops/s
[780.170s][info   ][gc,stats    ]      Memory: Allocation Rate                                 603 / 668             620 / 768             616 / 1436            616 / 1436        MB/s
[780.170s][info   ][gc,stats    ]      Memory: Heap Used After Mark                          14252 / 14252         15130 / 22236         15528 / 30288         15528 / 30288       MB
[780.170s][info   ][gc,stats    ]      Memory: Heap Used After Relocation                     4008 / 4008           3979 / 4128           3784 / 4228           3784 / 4228        MB
[780.170s][info   ][gc,stats    ]      Memory: Heap Used Before Mark                         14066 / 14066         14945 / 22036         15349 / 30112         15349 / 30112       MB
[780.170s][info   ][gc,stats    ]      Memory: Heap Used Before Relocation                   10662 / 10662         11029 / 15032         11163 / 20378         11163 / 20378       MB
[780.170s][info   ][gc,stats    ]      Memory: Out Of Memory                                     0 / 0                 0 / 0                 0 / 0                 0 / 0           ops/s
[780.170s][info   ][gc,stats    ]      Memory: Page Cache Flush                                  0 / 0                 0 / 0                 0 / 0                 0 / 0           MB/s
[780.170s][info   ][gc,stats    ]      Memory: Page Cache Hit L1                               361 / 714             337 / 1176            314 / 1642            314 / 1642        ops/s
[780.170s][info   ][gc,stats    ]      Memory: Page Cache Hit L2                                 0 / 0                 0 / 179               0 / 179               0 / 179         ops/s
[780.170s][info   ][gc,stats    ]      Memory: Page Cache Miss                                   0 / 0                 0 / 0                18 / 341              18 / 341         ops/s
[780.170s][info   ][gc,stats    ]      Memory: Undo Object Allocation Failed                     0 / 0                 0 / 0                 0 / 0                 0 / 0           ops/s
[780.170s][info   ][gc,stats    ]      Memory: Undo Object Allocation Succeeded                  0 / 5                 0 / 179               0 / 179               0 / 179         ops/s
[780.170s][info   ][gc,stats    ]      Memory: Undo Page Allocation                              0 / 0                 0 / 0                 0 / 69                0 / 69          ops/s
[780.170s][info   ][gc,stats    ]       Phase: Concurrent Destroy Detached Pages             0.001 / 0.001         0.001 / 0.001         0.001 / 0.001         0.001 / 0.001       ms
[780.170s][info   ][gc,stats    ]       Phase: Concurrent Mark                             207.160 / 207.160     202.373 / 252.454     197.525 / 275.553     197.525 / 275.553     ms
[780.170s][info   ][gc,stats    ]       Phase: Concurrent Mark Continue                      0.000 / 0.000         1.335 / 1.335         1.375 / 1.416         1.375 / 1.416       ms
[780.170s][info   ][gc,stats    ]       Phase: Concurrent Prepare Relocation Set            20.773 / 20.773       17.725 / 41.421       22.345 / 89.649       22.345 / 89.649      ms
[780.170s][info   ][gc,stats    ]       Phase: Concurrent Process Non-Strong References      1.636 / 1.636         1.835 / 3.790         2.563 / 19.270        2.563 / 19.270      ms
[780.170s][info   ][gc,stats    ]       Phase: Concurrent Relocate                         115.167 / 115.167      96.398 / 126.305      97.420 / 165.671      97.420 / 165.671     ms
[780.170s][info   ][gc,stats    ]       Phase: Concurrent Reset Relocation Set               2.227 / 2.227         2.072 / 5.733         2.449 / 14.653        2.449 / 14.653      ms
[780.170s][info   ][gc,stats    ]       Phase: Concurrent Select Relocation Set              3.266 / 3.266         3.470 / 11.393        3.836 / 12.148        3.836 / 12.148      ms
[780.170s][info   ][gc,stats    ]       Phase: Pause Mark End                                0.715 / 0.715         0.692 / 1.288         0.711 / 1.288         0.711 / 1.288       ms
[780.170s][info   ][gc,stats    ]       Phase: Pause Mark Start                              0.159 / 0.159         0.241 / 0.706         0.313 / 1.400         0.313 / 1.400       ms
[780.171s][info   ][gc,stats    ]       Phase: Pause Relocate Start                          0.171 / 0.171         0.198 / 0.273         0.219 / 1.025         0.219 / 1.025       ms
[780.171s][info   ][gc,stats    ]       Phase: Pause Verify                                  0.000 / 0.000         0.000 / 0.000         0.000 / 0.000         0.000 / 0.000       ms
[780.171s][info   ][gc,stats    ]    Subphase: Concurrent Classes Unload                     1.332 / 1.332         1.484 / 2.621         2.175 / 18.723        2.175 / 18.723      ms
[780.171s][info   ][gc,stats    ]    Subphase: Concurrent Mark                             205.904 / 206.489     195.231 / 249.843     186.679 / 273.889     186.679 / 273.889     ms
[780.171s][info   ][gc,stats    ]    Subphase: Concurrent Mark Idle                          1.132 / 1.167         1.137 / 1.413         1.137 / 1.413         1.137 / 1.413       ms
[780.171s][info   ][gc,stats    ]    Subphase: Concurrent Mark Try Flush                     0.072 / 0.126         0.075 / 0.187         0.077 / 0.545         0.077 / 0.545       ms
[780.171s][info   ][gc,stats    ]    Subphase: Concurrent Mark Try Terminate                 1.130 / 1.170         1.136 / 1.418         1.135 / 1.418         1.135 / 1.418       ms
[780.171s][info   ][gc,stats    ]    Subphase: Concurrent References Enqueue                 0.005 / 0.005         0.005 / 0.008         0.005 / 0.008         0.005 / 0.008       ms
[780.171s][info   ][gc,stats    ]    Subphase: Concurrent References Process                 0.055 / 0.055         0.073 / 0.133         0.073 / 0.140         0.073 / 0.140       ms
[780.171s][info   ][gc,stats    ]    Subphase: Concurrent Roots                              0.065 / 0.396         0.083 / 1.985         0.092 / 2.807         0.092 / 2.807       ms
[780.171s][info   ][gc,stats    ]    Subphase: Concurrent Roots ClassLoaderDataGraph         0.057 / 0.393         0.072 / 1.982         0.081 / 2.804         0.081 / 2.804       ms
[780.171s][info   ][gc,stats    ]    Subphase: Concurrent Roots JNIHandles                   0.012 / 0.024         0.024 / 0.551         0.029 / 0.551         0.029 / 0.551       ms
[780.171s][info   ][gc,stats    ]    Subphase: Concurrent Roots Setup                        0.085 / 0.085         0.180 / 1.420         0.243 / 1.622         0.243 / 1.622       ms
[780.171s][info   ][gc,stats    ]    Subphase: Concurrent Roots Teardown                     0.001 / 0.001         0.001 / 0.001         0.001 / 0.001         0.001 / 0.001       ms
[780.171s][info   ][gc,stats    ]    Subphase: Concurrent Weak Roots                         0.180 / 0.198         0.201 / 0.977         0.234 / 1.376         0.234 / 1.376       ms
[780.171s][info   ][gc,stats    ]    Subphase: Concurrent Weak Roots JNIWeakHandles          0.002 / 0.007         0.002 / 0.013         0.003 / 0.073         0.003 / 0.073       ms
[780.171s][info   ][gc,stats    ]    Subphase: Concurrent Weak Roots StringTable             0.155 / 0.162         0.174 / 0.953         0.207 / 1.327         0.207 / 1.327       ms
[780.171s][info   ][gc,stats    ]    Subphase: Concurrent Weak Roots VMWeakHandles           0.022 / 0.035         0.023 / 0.052         0.023 / 0.052         0.023 / 0.052       ms
[780.171s][info   ][gc,stats    ]    Subphase: Pause Mark Try Complete                       0.126 / 0.439         0.169 / 1.007         0.177 / 1.009         0.177 / 1.009       ms
[780.171s][info   ][gc,stats    ]    Subphase: Pause Roots                                   0.033 / 0.111         0.038 / 0.329         0.045 / 1.060         0.045 / 1.060       ms
[780.171s][info   ][gc,stats    ]    Subphase: Pause Roots CodeCache                         0.000 / 0.000         0.000 / 0.000         0.000 / 0.000         0.000 / 0.000       ms
[780.171s][info   ][gc,stats    ]    Subphase: Pause Roots JVMTIExport                       0.001 / 0.001         0.002 / 0.004         0.002 / 0.017         0.002 / 0.017       ms
[780.171s][info   ][gc,stats    ]    Subphase: Pause Roots JVMTIWeakExport                   0.001 / 0.001         0.001 / 0.002         0.001 / 0.002         0.001 / 0.002       ms
[780.171s][info   ][gc,stats    ]    Subphase: Pause Roots Management                        0.019 / 0.036         0.005 / 0.036         0.011 / 0.430         0.011 / 0.430       ms
[780.171s][info   ][gc,stats    ]    Subphase: Pause Roots ObjectSynchronizer                0.001 / 0.001         0.001 / 0.003         0.001 / 0.011         0.001 / 0.011       ms
[780.171s][info   ][gc,stats    ]    Subphase: Pause Roots Setup                             0.001 / 0.002         0.001 / 0.002         0.001 / 0.002         0.001 / 0.002       ms
[780.171s][info   ][gc,stats    ]    Subphase: Pause Roots SystemDictionary                  0.029 / 0.043         0.026 / 0.171         0.042 / 0.734         0.042 / 0.734       ms
[780.171s][info   ][gc,stats    ]    Subphase: Pause Roots Teardown                          0.003 / 0.004         0.004 / 0.009         0.004 / 0.009         0.004 / 0.009       ms
[780.171s][info   ][gc,stats    ]    Subphase: Pause Roots Threads                           0.038 / 0.109         0.044 / 0.316         0.054 / 1.042         0.054 / 1.042       ms
[780.171s][info   ][gc,stats    ]    Subphase: Pause Roots Universe                          0.008 / 0.011         0.007 / 0.022         0.016 / 0.626         0.016 / 0.626       ms
[780.171s][info   ][gc,stats    ]    Subphase: Pause Weak Roots                              0.001 / 0.005         0.001 / 0.007         0.001 / 0.007         0.001 / 0.007       ms
[780.171s][info   ][gc,stats    ]    Subphase: Pause Weak Roots JFRWeak                      0.001 / 0.001         0.001 / 0.002         0.001 / 0.002         0.001 / 0.002       ms
[780.171s][info   ][gc,stats    ]    Subphase: Pause Weak Roots JVMTIWeakExport              0.001 / 0.001         0.001 / 0.002         0.001 / 0.002         0.001 / 0.002       ms
[780.171s][info   ][gc,stats    ]    Subphase: Pause Weak Roots Setup                        0.001 / 0.001         0.001 / 0.001         0.001 / 0.001         0.001 / 0.001       ms
[780.171s][info   ][gc,stats    ]    Subphase: Pause Weak Roots Teardown                     0.001 / 0.001         0.001 / 0.004         0.001 / 0.004         0.001 / 0.004       ms
[780.171s][info   ][gc,stats    ]      System: Java Threads                                     62 / 62               61 / 62               60 / 65               60 / 65          threads
[780.171s][info   ][gc,stats    ] =========================================================================================================================================================
[790.170s][info   ][gc,stats    ] === Garbage Collection Statistics =======================================================================================================================
[790.170s][info   ][gc,stats    ]                                                              Last 10s              Last 10m              Last 10h                Total
[790.170s][info   ][gc,stats    ]                                                              Avg / Max             Avg / Max             Avg / Max             Avg / Max
[790.170s][info   ][gc,stats    ]   Collector: Garbage Collection Cycle                      0.000 / 0.000       322.825 / 391.580     328.574 / 515.532     328.574 / 515.532     ms
[790.170s][info   ][gc,stats    ]  Contention: Mark Segment Reset Contention                     0 / 0                15 / 647              16 / 850              16 / 850         ops/s
[790.170s][info   ][gc,stats    ]  Contention: Mark SeqNum Reset Contention                      0 / 0                 0 / 3                 0 / 9                 0 / 9           ops/s
[790.170s][info   ][gc,stats    ]  Contention: Relocation Contention                             0 / 0                 0 / 179               0 / 179               0 / 179         ops/s
[790.170s][info   ][gc,stats    ]    Critical: Allocation Stall                              0.000 / 0.000         0.000 / 0.000         0.000 / 0.000         0.000 / 0.000       ms
[790.170s][info   ][gc,stats    ]    Critical: Allocation Stall                                  0 / 0                 0 / 0                 0 / 0                 0 / 0           ops/s
[790.170s][info   ][gc,stats    ]    Critical: GC Locker Stall                               0.000 / 0.000         0.000 / 0.000         0.000 / 0.000         0.000 / 0.000       ms
[790.170s][info   ][gc,stats    ]    Critical: GC Locker Stall                                   0 / 0                 0 / 0                 0 / 0                 0 / 0           ops/s
[790.170s][info   ][gc,stats    ]      Memory: Allocation Rate                                 613 / 848             620 / 848             616 / 1436            616 / 1436        MB/s
[790.170s][info   ][gc,stats    ]      Memory: Heap Used After Mark                              0 / 0             14914 / 20288         15528 / 30288         15528 / 30288       MB
[790.170s][info   ][gc,stats    ]      Memory: Heap Used After Relocation                        0 / 0              3975 / 4106           3784 / 4228           3784 / 4228        MB
[790.170s][info   ][gc,stats    ]      Memory: Heap Used Before Mark                             0 / 0             14730 / 20098         15349 / 30112         15349 / 30112       MB
[790.170s][info   ][gc,stats    ]      Memory: Heap Used Before Relocation                       0 / 0             10908 / 13500         11163 / 20378         11163 / 20378       MB
[790.170s][info   ][gc,stats    ]      Memory: Out Of Memory                                     0 / 0                 0 / 0                 0 / 0                 0 / 0           ops/s
[790.170s][info   ][gc,stats    ]      Memory: Page Cache Flush                                  0 / 0                 0 / 0                 0 / 0                 0 / 0           MB/s
[790.170s][info   ][gc,stats    ]      Memory: Page Cache Hit L1                               297 / 409             336 / 1176            313 / 1642            313 / 1642        ops/s
[790.170s][info   ][gc,stats    ]      Memory: Page Cache Hit L2                                 0 / 0                 0 / 0                 0 / 179               0 / 179         ops/s
[790.170s][info   ][gc,stats    ]      Memory: Page Cache Miss                                   0 / 0                 0 / 0                18 / 341              18 / 341         ops/s
[790.170s][info   ][gc,stats    ]      Memory: Undo Object Allocation Failed                     0 / 0                 0 / 0                 0 / 0                 0 / 0           ops/s
[790.170s][info   ][gc,stats    ]      Memory: Undo Object Allocation Succeeded                  0 / 0                 0 / 179               0 / 179               0 / 179         ops/s
[790.170s][info   ][gc,stats    ]      Memory: Undo Page Allocation                              0 / 0                 0 / 0                 0 / 69                0 / 69          ops/s
[790.170s][info   ][gc,stats    ]       Phase: Concurrent Destroy Detached Pages             0.000 / 0.000         0.001 / 0.001         0.001 / 0.001         0.001 / 0.001       ms
[790.170s][info   ][gc,stats    ]       Phase: Concurrent Mark                               0.000 / 0.000       200.856 / 246.725     197.525 / 275.553     197.525 / 275.553     ms
[790.170s][info   ][gc,stats    ]       Phase: Concurrent Mark Continue                      0.000 / 0.000         1.335 / 1.335         1.375 / 1.416         1.375 / 1.416       ms
[790.170s][info   ][gc,stats    ]       Phase: Concurrent Prepare Relocation Set             0.000 / 0.000        17.007 / 37.205       22.345 / 89.649       22.345 / 89.649      ms
[790.170s][info   ][gc,stats    ]       Phase: Concurrent Process Non-Strong References      0.000 / 0.000         1.815 / 3.790         2.563 / 19.270        2.563 / 19.270      ms
[790.170s][info   ][gc,stats    ]       Phase: Concurrent Relocate                           0.000 / 0.000        95.491 / 115.167      97.420 / 165.671      97.420 / 165.671     ms
[790.170s][info   ][gc,stats    ]       Phase: Concurrent Reset Relocation Set               0.000 / 0.000         1.961 / 5.106         2.449 / 14.653        2.449 / 14.653      ms
[790.170s][info   ][gc,stats    ]       Phase: Concurrent Select Relocation Set              0.000 / 0.000         3.457 / 11.393        3.836 / 12.148        3.836 / 12.148      ms
[790.170s][info   ][gc,stats    ]       Phase: Pause Mark End                                0.000 / 0.000         0.687 / 1.288         0.711 / 1.288         0.711 / 1.288       ms
[790.170s][info   ][gc,stats    ]       Phase: Pause Mark Start                              0.000 / 0.000         0.233 / 0.706         0.313 / 1.400         0.313 / 1.400       ms
[790.170s][info   ][gc,stats    ]       Phase: Pause Relocate Start                          0.000 / 0.000         0.199 / 0.273         0.219 / 1.025         0.219 / 1.025       ms
[790.170s][info   ][gc,stats    ]       Phase: Pause Verify                                  0.000 / 0.000         0.000 / 0.000         0.000 / 0.000         0.000 / 0.000       ms
[790.170s][info   ][gc,stats    ]    Subphase: Concurrent Classes Unload                     0.000 / 0.000         1.467 / 2.621         2.175 / 18.723        2.175 / 18.723      ms
[790.170s][info   ][gc,stats    ]    Subphase: Concurrent Mark                               0.000 / 0.000       193.634 / 245.050     186.679 / 273.889     186.679 / 273.889     ms
[790.170s][info   ][gc,stats    ]    Subphase: Concurrent Mark Idle                          0.000 / 0.000         1.137 / 1.413         1.137 / 1.413         1.137 / 1.413       ms
[790.170s][info   ][gc,stats    ]    Subphase: Concurrent Mark Try Flush                     0.000 / 0.000         0.075 / 0.187         0.077 / 0.545         0.077 / 0.545       ms
[790.170s][info   ][gc,stats    ]    Subphase: Concurrent Mark Try Terminate                 0.000 / 0.000         1.136 / 1.418         1.135 / 1.418         1.135 / 1.418       ms
[790.170s][info   ][gc,stats    ]    Subphase: Concurrent References Enqueue                 0.000 / 0.000         0.005 / 0.008         0.005 / 0.008         0.005 / 0.008       ms
[790.170s][info   ][gc,stats    ]    Subphase: Concurrent References Process                 0.000 / 0.000         0.073 / 0.133         0.073 / 0.140         0.073 / 0.140       ms
[790.170s][info   ][gc,stats    ]    Subphase: Concurrent Roots                              0.000 / 0.000         0.076 / 1.510         0.092 / 2.807         0.092 / 2.807       ms
[790.170s][info   ][gc,stats    ]    Subphase: Concurrent Roots ClassLoaderDataGraph         0.000 / 0.000         0.068 / 1.496         0.081 / 2.804         0.081 / 2.804       ms
[790.170s][info   ][gc,stats    ]    Subphase: Concurrent Roots JNIHandles                   0.000 / 0.000         0.015 / 0.271         0.029 / 0.551         0.029 / 0.551       ms
[790.170s][info   ][gc,stats    ]    Subphase: Concurrent Roots Setup                        0.000 / 0.000         0.175 / 1.420         0.243 / 1.622         0.243 / 1.622       ms
[790.170s][info   ][gc,stats    ]    Subphase: Concurrent Roots Teardown                     0.000 / 0.000         0.001 / 0.001         0.001 / 0.001         0.001 / 0.001       ms
[790.170s][info   ][gc,stats    ]    Subphase: Concurrent Weak Roots                         0.000 / 0.000         0.199 / 0.977         0.234 / 1.376         0.234 / 1.376       ms
[790.170s][info   ][gc,stats    ]    Subphase: Concurrent Weak Roots JNIWeakHandles          0.000 / 0.000         0.002 / 0.013         0.003 / 0.073         0.003 / 0.073       ms
[790.170s][info   ][gc,stats    ]    Subphase: Concurrent Weak Roots StringTable             0.000 / 0.000         0.172 / 0.953         0.207 / 1.327         0.207 / 1.327       ms
[790.170s][info   ][gc,stats    ]    Subphase: Concurrent Weak Roots VMWeakHandles           0.000 / 0.000         0.023 / 0.052         0.023 / 0.052         0.023 / 0.052       ms
[790.170s][info   ][gc,stats    ]    Subphase: Pause Mark Try Complete                       0.000 / 0.000         0.165 / 1.007         0.177 / 1.009         0.177 / 1.009       ms
[790.170s][info   ][gc,stats    ]    Subphase: Pause Roots                                   0.000 / 0.000         0.037 / 0.329         0.045 / 1.060         0.045 / 1.060       ms
[790.170s][info   ][gc,stats    ]    Subphase: Pause Roots CodeCache                         0.000 / 0.000         0.000 / 0.000         0.000 / 0.000         0.000 / 0.000       ms
[790.170s][info   ][gc,stats    ]    Subphase: Pause Roots JVMTIExport                       0.000 / 0.000         0.002 / 0.004         0.002 / 0.017         0.002 / 0.017       ms
[790.170s][info   ][gc,stats    ]    Subphase: Pause Roots JVMTIWeakExport                   0.000 / 0.000         0.001 / 0.002         0.001 / 0.002         0.001 / 0.002       ms
[790.170s][info   ][gc,stats    ]    Subphase: Pause Roots Management                        0.000 / 0.000         0.005 / 0.036         0.011 / 0.430         0.011 / 0.430       ms
[790.170s][info   ][gc,stats    ]    Subphase: Pause Roots ObjectSynchronizer                0.000 / 0.000         0.001 / 0.003         0.001 / 0.011         0.001 / 0.011       ms
[790.170s][info   ][gc,stats    ]    Subphase: Pause Roots Setup                             0.000 / 0.000         0.001 / 0.002         0.001 / 0.002         0.001 / 0.002       ms
[790.170s][info   ][gc,stats    ]    Subphase: Pause Roots SystemDictionary                  0.000 / 0.000         0.024 / 0.171         0.042 / 0.734         0.042 / 0.734       ms
[790.170s][info   ][gc,stats    ]    Subphase: Pause Roots Teardown                          0.000 / 0.000         0.004 / 0.009         0.004 / 0.009         0.004 / 0.009       ms
[790.170s][info   ][gc,stats    ]    Subphase: Pause Roots Threads                           0.000 / 0.000         0.044 / 0.316         0.054 / 1.042         0.054 / 1.042       ms
[790.170s][info   ][gc,stats    ]    Subphase: Pause Roots Universe                          0.000 / 0.000         0.007 / 0.022         0.016 / 0.626         0.016 / 0.626       ms
[790.170s][info   ][gc,stats    ]    Subphase: Pause Weak Roots                              0.000 / 0.000         0.001 / 0.007         0.001 / 0.007         0.001 / 0.007       ms
[790.170s][info   ][gc,stats    ]    Subphase: Pause Weak Roots JFRWeak                      0.000 / 0.000         0.001 / 0.002         0.001 / 0.002         0.001 / 0.002       ms
[790.170s][info   ][gc,stats    ]    Subphase: Pause Weak Roots JVMTIWeakExport              0.000 / 0.000         0.001 / 0.002         0.001 / 0.002         0.001 / 0.002       ms
[790.170s][info   ][gc,stats    ]    Subphase: Pause Weak Roots Setup                        0.000 / 0.000         0.001 / 0.001         0.001 / 0.001         0.001 / 0.001       ms
[790.170s][info   ][gc,stats    ]    Subphase: Pause Weak Roots Teardown                     0.000 / 0.000         0.001 / 0.004         0.001 / 0.004         0.001 / 0.004       ms
[790.170s][info   ][gc,stats    ]      System: Java Threads                                      0 / 0                61 / 62               60 / 65               60 / 65          threads
[790.170s][info   ][gc,stats    ] =========================================================================================================================================================
[791.270s][info   ][gc,start    ] GC(40) Garbage Collection (Proactive)
[791.271s][info   ][gc,phases   ] GC(40) Pause Mark Start 0.203ms
[791.462s][info   ][gc,phases   ] GC(40) Concurrent Mark 191.084ms
[791.463s][info   ][gc,phases   ] GC(40) Pause Mark End 0.917ms
[791.465s][info   ][gc,phases   ] GC(40) Concurrent Process Non-Strong References 1.641ms
[791.466s][info   ][gc,phases   ] GC(40) Concurrent Reset Relocation Set 1.796ms
[791.466s][info   ][gc,phases   ] GC(40) Concurrent Destroy Detached Pages 0.001ms
[791.469s][info   ][gc,phases   ] GC(40) Concurrent Select Relocation Set 2.310ms
[791.488s][info   ][gc,phases   ] GC(40) Concurrent Prepare Relocation Set 19.430ms
[791.489s][info   ][gc,phases   ] GC(40) Pause Relocate Start 0.216ms
[791.604s][info   ][gc,phases   ] GC(40) Concurrent Relocate 114.949ms
[791.604s][info   ][gc,load     ] GC(40) Load: 4.48/3.55/2.14
[791.604s][info   ][gc,mmu      ] GC(40) MMU: 2ms/30.0%, 5ms/69.9%, 10ms/81.7%, 20ms/87.7%, 50ms/95.1%, 100ms/97.5%
[791.604s][info   ][gc,marking  ] GC(40) Mark: 8 stripe(s), 10 proactive flush(es), 2 terminate flush(es), 1 completion(s), 0 continuation(s) 
[791.604s][info   ][gc,reloc    ] GC(40) Relocation: Successful, 1519M relocated
[791.604s][info   ][gc,nmethod  ] GC(40) NMethods: 5663 registered, 1174 unregistered
[791.604s][info   ][gc,metaspace] GC(40) Metaspace: 40M used, 41M capacity, 41M committed, 42M reserved
[791.604s][info   ][gc,ref      ] GC(40) Soft: 3327 encountered, 0 discovered, 0 enqueued
[791.604s][info   ][gc,ref      ] GC(40) Weak: 1530 encountered, 323 discovered, 0 enqueued
[791.604s][info   ][gc,ref      ] GC(40) Final: 31 encountered, 4 discovered, 4 enqueued
[791.604s][info   ][gc,ref      ] GC(40) Phantom: 120 encountered, 95 discovered, 0 enqueued
[791.604s][info   ][gc,heap     ] GC(40)                Mark Start          Mark End        Relocate Start      Relocate End           High               Low         
[791.604s][info   ][gc,heap     ] GC(40)  Capacity:    30390M (30%)       30390M (30%)       30390M (30%)       30390M (30%)       30390M (30%)       30390M (30%)    
[791.604s][info   ][gc,heap     ] GC(40)   Reserve:       80M (0%)           80M (0%)           80M (0%)           80M (0%)           80M (0%)           80M (0%)     
[791.604s][info   ][gc,heap     ] GC(40)      Free:    85234M (85%)       85046M (85%)       89180M (89%)       96266M (96%)       96266M (96%)       85044M (85%)    
[791.604s][info   ][gc,heap     ] GC(40)      Used:    15038M (15%)       15226M (15%)       11092M (11%)        4006M (4%)        15228M (15%)        4006M (4%)     
[791.604s][info   ][gc,heap     ] GC(40)      Live:         -              3522M (4%)         3522M (4%)         3522M (4%)             -                  -          
[791.604s][info   ][gc,heap     ] GC(40) Allocated:         -               188M (0%)          200M (0%)         1690M (2%)             -                  -          
[791.604s][info   ][gc,heap     ] GC(40)   Garbage:         -             11515M (11%)        7369M (7%)          205M (0%)             -                  -          
[791.604s][info   ][gc,heap     ] GC(40) Reclaimed:         -                  -              4146M (4%)        11310M (11%)            -                  -          
[791.604s][info   ][gc          ] GC(40) Garbage Collection (Proactive) 15038M(15%)->4006M(4%)
[800.169s][info   ][gc,stats    ] === Garbage Collection Statistics =======================================================================================================================
[800.169s][info   ][gc,stats    ]                                                              Last 10s              Last 10m              Last 10h                Total
[800.169s][info   ][gc,stats    ]                                                              Avg / Max             Avg / Max             Avg / Max             Avg / Max
[800.169s][info   ][gc,stats    ]   Collector: Garbage Collection Cycle                    333.636 / 333.636     323.143 / 391.580     328.697 / 515.532     328.697 / 515.532     ms
[800.169s][info   ][gc,stats    ]  Contention: Mark Segment Reset Contention                    19 / 190              16 / 647              16 / 850              16 / 850         ops/s
[800.169s][info   ][gc,stats    ]  Contention: Mark SeqNum Reset Contention                      0 / 1                 0 / 3                 0 / 9                 0 / 9           ops/s
[800.169s][info   ][gc,stats    ]  Contention: Relocation Contention                            22 / 228               1 / 228               0 / 228               0 / 228         ops/s
[800.169s][info   ][gc,stats    ]    Critical: Allocation Stall                              0.000 / 0.000         0.000 / 0.000         0.000 / 0.000         0.000 / 0.000       ms
[800.169s][info   ][gc,stats    ]    Critical: Allocation Stall                                  0 / 0                 0 / 0                 0 / 0                 0 / 0           ops/s
[800.169s][info   ][gc,stats    ]    Critical: GC Locker Stall                               0.000 / 0.000         0.000 / 0.000         0.000 / 0.000         0.000 / 0.000       ms
[800.169s][info   ][gc,stats    ]    Critical: GC Locker Stall                                   0 / 0                 0 / 0                 0 / 0                 0 / 0           ops/s
[800.169s][info   ][gc,stats    ]      Memory: Allocation Rate                                 637 / 714             620 / 848             617 / 1436            617 / 1436        MB/s
[800.169s][info   ][gc,stats    ]      Memory: Heap Used After Mark                          15226 / 15226         14924 / 20288         15520 / 30288         15520 / 30288       MB
[800.170s][info   ][gc,stats    ]      Memory: Heap Used After Relocation                     4006 / 4006           3976 / 4106           3789 / 4228           3789 / 4228        MB
[800.170s][info   ][gc,stats    ]      Memory: Heap Used Before Mark                         15038 / 15038         14739 / 20098         15341 / 30112         15341 / 30112       MB
[800.170s][info   ][gc,stats    ]      Memory: Heap Used Before Relocation                   11092 / 11092         10913 / 13500         11161 / 20378         11161 / 20378       MB
[800.170s][info   ][gc,stats    ]      Memory: Out Of Memory                                     0 / 0                 0 / 0                 0 / 0                 0 / 0           ops/s
[800.170s][info   ][gc,stats    ]      Memory: Page Cache Flush                                  0 / 0                 0 / 0                 0 / 0                 0 / 0           MB/s
[800.170s][info   ][gc,stats    ]      Memory: Page Cache Hit L1                               377 / 1026            337 / 1176            314 / 1642            314 / 1642        ops/s
[800.170s][info   ][gc,stats    ]      Memory: Page Cache Hit L2                                 0 / 0                 0 / 0                 0 / 179               0 / 179         ops/s
[800.170s][info   ][gc,stats    ]      Memory: Page Cache Miss                                   0 / 0                 0 / 0                18 / 341              18 / 341         ops/s
[800.170s][info   ][gc,stats    ]      Memory: Undo Object Allocation Failed                     0 / 0                 0 / 0                 0 / 0                 0 / 0           ops/s
[800.170s][info   ][gc,stats    ]      Memory: Undo Object Allocation Succeeded                 22 / 228               1 / 228               0 / 228               0 / 228         ops/s
[800.170s][info   ][gc,stats    ]      Memory: Undo Page Allocation                              0 / 0                 0 / 0                 0 / 69                0 / 69          ops/s
[800.170s][info   ][gc,stats    ]       Phase: Concurrent Destroy Detached Pages             0.001 / 0.001         0.001 / 0.001         0.001 / 0.001         0.001 / 0.001       ms
[800.170s][info   ][gc,stats    ]       Phase: Concurrent Mark                             191.084 / 191.084     200.568 / 246.725     197.368 / 275.553     197.368 / 275.553     ms
[800.170s][info   ][gc,stats    ]       Phase: Concurrent Mark Continue                      0.000 / 0.000         1.335 / 1.335         1.375 / 1.416         1.375 / 1.416       ms
[800.170s][info   ][gc,stats    ]       Phase: Concurrent Prepare Relocation Set            19.430 / 19.430       17.079 / 37.205       22.273 / 89.649       22.273 / 89.649      ms
[800.170s][info   ][gc,stats    ]       Phase: Concurrent Process Non-Strong References      1.641 / 1.641         1.810 / 3.790         2.541 / 19.270        2.541 / 19.270      ms
[800.170s][info   ][gc,stats    ]       Phase: Concurrent Relocate                         114.949 / 114.949      96.064 / 115.167      97.847 / 165.671      97.847 / 165.671     ms
[800.170s][info   ][gc,stats    ]       Phase: Concurrent Reset Relocation Set               1.796 / 1.796         1.956 / 5.106         2.433 / 14.653        2.433 / 14.653      ms
[800.170s][info   ][gc,stats    ]       Phase: Concurrent Select Relocation Set              2.310 / 2.310         3.423 / 11.393        3.798 / 12.148        3.798 / 12.148      ms
[800.170s][info   ][gc,stats    ]       Phase: Pause Mark End                                0.917 / 0.917         0.693 / 1.288         0.716 / 1.288         0.716 / 1.288       ms
[800.170s][info   ][gc,stats    ]       Phase: Pause Mark Start                              0.203 / 0.203         0.232 / 0.706         0.311 / 1.400         0.311 / 1.400       ms
[800.170s][info   ][gc,stats    ]       Phase: Pause Relocate Start                          0.216 / 0.216         0.200 / 0.273         0.219 / 1.025         0.219 / 1.025       ms
[800.170s][info   ][gc,stats    ]       Phase: Pause Verify                                  0.000 / 0.000         0.000 / 0.000         0.000 / 0.000         0.000 / 0.000       ms
[800.170s][info   ][gc,stats    ]    Subphase: Concurrent Classes Unload                     1.361 / 1.361         1.464 / 2.621         2.155 / 18.723        2.155 / 18.723      ms
[800.170s][info   ][gc,stats    ]    Subphase: Concurrent Mark                             189.843 / 190.444     193.526 / 245.050     186.752 / 273.889     186.752 / 273.889     ms
[800.170s][info   ][gc,stats    ]    Subphase: Concurrent Mark Idle                          1.134 / 1.169         1.137 / 1.413         1.137 / 1.413         1.137 / 1.413       ms
[800.170s][info   ][gc,stats    ]    Subphase: Concurrent Mark Try Flush                     0.073 / 0.128         0.075 / 0.187         0.077 / 0.545         0.077 / 0.545       ms
[800.170s][info   ][gc,stats    ]    Subphase: Concurrent Mark Try Terminate                 1.131 / 1.172         1.136 / 1.418         1.135 / 1.418         1.135 / 1.418       ms
[800.170s][info   ][gc,stats    ]    Subphase: Concurrent References Enqueue                 0.005 / 0.005         0.005 / 0.008         0.005 / 0.008         0.005 / 0.008       ms
[800.170s][info   ][gc,stats    ]    Subphase: Concurrent References Process                 0.056 / 0.056         0.072 / 0.133         0.073 / 0.140         0.073 / 0.140       ms
[800.170s][info   ][gc,stats    ]    Subphase: Concurrent Roots                              0.058 / 0.343         0.076 / 1.510         0.091 / 2.807         0.091 / 2.807       ms
[800.170s][info   ][gc,stats    ]    Subphase: Concurrent Roots ClassLoaderDataGraph         0.051 / 0.341         0.068 / 1.496         0.081 / 2.804         0.081 / 2.804       ms
[800.170s][info   ][gc,stats    ]    Subphase: Concurrent Roots JNIHandles                   0.009 / 0.014         0.015 / 0.271         0.029 / 0.551         0.029 / 0.551       ms
[800.170s][info   ][gc,stats    ]    Subphase: Concurrent Roots Setup                        0.081 / 0.081         0.172 / 1.420         0.239 / 1.622         0.239 / 1.622       ms
[800.170s][info   ][gc,stats    ]    Subphase: Concurrent Roots Teardown                     0.001 / 0.001         0.001 / 0.001         0.001 / 0.001         0.001 / 0.001       ms
[800.170s][info   ][gc,stats    ]    Subphase: Concurrent Weak Roots                         0.163 / 0.183         0.198 / 0.977         0.232 / 1.376         0.232 / 1.376       ms
[800.170s][info   ][gc,stats    ]    Subphase: Concurrent Weak Roots JNIWeakHandles          0.002 / 0.006         0.002 / 0.013         0.003 / 0.073         0.003 / 0.073       ms
[800.170s][info   ][gc,stats    ]    Subphase: Concurrent Weak Roots StringTable             0.137 / 0.150         0.171 / 0.953         0.205 / 1.327         0.205 / 1.327       ms
[800.170s][info   ][gc,stats    ]    Subphase: Concurrent Weak Roots VMWeakHandles           0.022 / 0.043         0.023 / 0.052         0.023 / 0.052         0.023 / 0.052       ms
[800.170s][info   ][gc,stats    ]    Subphase: Pause Mark Try Complete                       0.114 / 0.654         0.164 / 1.007         0.176 / 1.009         0.176 / 1.009       ms
[800.170s][info   ][gc,stats    ]    Subphase: Pause Roots                                   0.037 / 0.168         0.037 / 0.329         0.045 / 1.060         0.045 / 1.060       ms
[800.170s][info   ][gc,stats    ]    Subphase: Pause Roots CodeCache                         0.000 / 0.000         0.000 / 0.000         0.000 / 0.000         0.000 / 0.000       ms
[800.170s][info   ][gc,stats    ]    Subphase: Pause Roots JVMTIExport                       0.001 / 0.001         0.001 / 0.004         0.002 / 0.017         0.002 / 0.017       ms
[800.170s][info   ][gc,stats    ]    Subphase: Pause Roots JVMTIWeakExport                   0.002 / 0.002         0.001 / 0.002         0.001 / 0.002         0.001 / 0.002       ms
[800.170s][info   ][gc,stats    ]    Subphase: Pause Roots Management                        0.003 / 0.003         0.005 / 0.036         0.010 / 0.430         0.010 / 0.430       ms
[800.170s][info   ][gc,stats    ]    Subphase: Pause Roots ObjectSynchronizer                0.001 / 0.001         0.001 / 0.003         0.001 / 0.011         0.001 / 0.011       ms
[800.170s][info   ][gc,stats    ]    Subphase: Pause Roots Setup                             0.001 / 0.001         0.001 / 0.002         0.001 / 0.002         0.001 / 0.002       ms
[800.170s][info   ][gc,stats    ]    Subphase: Pause Roots SystemDictionary                  0.012 / 0.015         0.024 / 0.171         0.041 / 0.734         0.041 / 0.734       ms
[800.170s][info   ][gc,stats    ]    Subphase: Pause Roots Teardown                          0.003 / 0.005         0.004 / 0.009         0.004 / 0.009         0.004 / 0.009       ms
[800.170s][info   ][gc,stats    ]    Subphase: Pause Roots Threads                           0.044 / 0.162         0.044 / 0.316         0.053 / 1.042         0.053 / 1.042       ms
[800.170s][info   ][gc,stats    ]    Subphase: Pause Roots Universe                          0.010 / 0.015         0.007 / 0.022         0.015 / 0.626         0.015 / 0.626       ms
[800.170s][info   ][gc,stats    ]    Subphase: Pause Weak Roots                              0.001 / 0.005         0.001 / 0.007         0.001 / 0.007         0.001 / 0.007       ms
[800.170s][info   ][gc,stats    ]    Subphase: Pause Weak Roots JFRWeak                      0.001 / 0.001         0.001 / 0.002         0.001 / 0.002         0.001 / 0.002       ms
[800.170s][info   ][gc,stats    ]    Subphase: Pause Weak Roots JVMTIWeakExport              0.001 / 0.001         0.001 / 0.002         0.001 / 0.002         0.001 / 0.002       ms
[800.170s][info   ][gc,stats    ]    Subphase: Pause Weak Roots Setup                        0.001 / 0.001         0.001 / 0.001         0.001 / 0.001         0.001 / 0.001       ms
[800.170s][info   ][gc,stats    ]    Subphase: Pause Weak Roots Teardown                     0.001 / 0.001         0.001 / 0.004         0.001 / 0.004         0.001 / 0.004       ms
[800.170s][info   ][gc,stats    ]      System: Java Threads                                     62 / 62               61 / 62               60 / 65               60 / 65          threads
[800.170s][info   ][gc,stats    ] =========================================================================================================================================================
[808.870s][info   ][gc,start    ] GC(41) Garbage Collection (Proactive)
[808.870s][info   ][gc,phases   ] GC(41) Pause Mark Start 0.165ms
[809.051s][info   ][gc,phases   ] GC(41) Concurrent Mark 180.769ms
[809.052s][info   ][gc,phases   ] GC(41) Pause Mark End 0.734ms
[809.054s][info   ][gc,phases   ] GC(41) Concurrent Process Non-Strong References 1.578ms
[809.056s][info   ][gc,phases   ] GC(41) Concurrent Reset Relocation Set 2.009ms
[809.056s][info   ][gc,phases   ] GC(41) Concurrent Destroy Detached Pages 0.001ms
[809.059s][info   ][gc,phases   ] GC(41) Concurrent Select Relocation Set 3.056ms
[809.075s][info   ][gc,phases   ] GC(41) Concurrent Prepare Relocation Set 16.376ms
[809.076s][info   ][gc,phases   ] GC(41) Pause Relocate Start 0.162ms
[809.177s][info   ][gc,phases   ] GC(41) Concurrent Relocate 100.946ms
[809.177s][info   ][gc,load     ] GC(41) Load: 4.60/3.64/2.20
[809.177s][info   ][gc,mmu      ] GC(41) MMU: 2ms/30.0%, 5ms/69.9%, 10ms/81.7%, 20ms/87.7%, 50ms/95.1%, 100ms/97.5%
[809.177s][info   ][gc,marking  ] GC(41) Mark: 8 stripe(s), 10 proactive flush(es), 2 terminate flush(es), 1 completion(s), 0 continuation(s) 
[809.177s][info   ][gc,reloc    ] GC(41) Relocation: Successful, 1428M relocated
[809.177s][info   ][gc,nmethod  ] GC(41) NMethods: 5664 registered, 1174 unregistered
[809.177s][info   ][gc,metaspace] GC(41) Metaspace: 40M used, 41M capacity, 41M committed, 42M reserved
[809.177s][info   ][gc,ref      ] GC(41) Soft: 3327 encountered, 0 discovered, 0 enqueued
[809.177s][info   ][gc,ref      ] GC(41) Weak: 1530 encountered, 221 discovered, 0 enqueued
[809.177s][info   ][gc,ref      ] GC(41) Final: 31 encountered, 6 discovered, 4 enqueued
[809.177s][info   ][gc,ref      ] GC(41) Phantom: 120 encountered, 95 discovered, 0 enqueued
[809.177s][info   ][gc,heap     ] GC(41)                Mark Start          Mark End        Relocate Start      Relocate End           High               Low         
[809.177s][info   ][gc,heap     ] GC(41)  Capacity:    30390M (30%)       30390M (30%)       30390M (30%)       30390M (30%)       30390M (30%)       30390M (30%)    
[809.177s][info   ][gc,heap     ] GC(41)   Reserve:       80M (0%)           80M (0%)           80M (0%)           80M (0%)           80M (0%)           80M (0%)     
[809.177s][info   ][gc,heap     ] GC(41)      Free:    85306M (85%)       85126M (85%)       89226M (89%)       96328M (96%)       96328M (96%)       85122M (85%)    
[809.177s][info   ][gc,heap     ] GC(41)      Used:    14966M (15%)       15146M (15%)       11046M (11%)        3944M (4%)        15150M (15%)        3944M (4%)     
[809.177s][info   ][gc,heap     ] GC(41)      Live:         -              3512M (4%)         3512M (4%)         3512M (4%)             -                  -          
[809.177s][info   ][gc,heap     ] GC(41) Allocated:         -               180M (0%)          192M (0%)         1572M (2%)             -                  -          
[809.177s][info   ][gc,heap     ] GC(41)   Garbage:         -             11453M (11%)        7341M (7%)          207M (0%)             -                  -          
[809.177s][info   ][gc,heap     ] GC(41) Reclaimed:         -                  -              4112M (4%)        11246M (11%)            -                  -          
[809.177s][info   ][gc          ] GC(41) Garbage Collection (Proactive) 14966M(15%)->3944M(4%)
[810.170s][info   ][gc,stats    ] === Garbage Collection Statistics =======================================================================================================================
[810.170s][info   ][gc,stats    ]                                                              Last 10s              Last 10m              Last 10h                Total
[810.170s][info   ][gc,stats    ]                                                              Avg / Max             Avg / Max             Avg / Max             Avg / Max
[810.170s][info   ][gc,stats    ]   Collector: Garbage Collection Cycle                    306.843 / 306.843     322.677 / 391.580     328.177 / 515.532     328.177 / 515.532     ms
[810.170s][info   ][gc,stats    ]  Contention: Mark Segment Reset Contention                    10 / 103              16 / 647              16 / 850              16 / 850         ops/s
[810.170s][info   ][gc,stats    ]  Contention: Mark SeqNum Reset Contention                      0 / 1                 0 / 3                 0 / 9                 0 / 9           ops/s
[810.170s][info   ][gc,stats    ]  Contention: Relocation Contention                             0 / 3                 1 / 228               0 / 228               0 / 228         ops/s
[810.170s][info   ][gc,stats    ]    Critical: Allocation Stall                              0.000 / 0.000         0.000 / 0.000         0.000 / 0.000         0.000 / 0.000       ms
[810.170s][info   ][gc,stats    ]    Critical: Allocation Stall                                  0 / 0                 0 / 0                 0 / 0                 0 / 0           ops/s
[810.170s][info   ][gc,stats    ]    Critical: GC Locker Stall                               0.000 / 0.000         0.000 / 0.000         0.000 / 0.000         0.000 / 0.000       ms
[810.170s][info   ][gc,stats    ]    Critical: GC Locker Stall                                   0 / 0                 0 / 0                 0 / 0                 0 / 0           ops/s
[810.170s][info   ][gc,stats    ]      Memory: Allocation Rate                                 634 / 704             620 / 848             617 / 1436            617 / 1436        MB/s
[810.170s][info   ][gc,stats    ]      Memory: Heap Used After Mark                          15146 / 15146         14930 / 20288         15511 / 30288         15511 / 30288       MB
[810.170s][info   ][gc,stats    ]      Memory: Heap Used After Relocation                     3944 / 3944           3975 / 4106           3793 / 4228           3793 / 4228        MB
[810.170s][info   ][gc,stats    ]      Memory: Heap Used Before Mark                         14966 / 14966         14745 / 20098         15332 / 30112         15332 / 30112       MB
[810.170s][info   ][gc,stats    ]      Memory: Heap Used Before Relocation                   11046 / 11046         10917 / 13500         11159 / 20378         11159 / 20378       MB
[810.170s][info   ][gc,stats    ]      Memory: Out Of Memory                                     0 / 0                 0 / 0                 0 / 0                 0 / 0           ops/s
[810.170s][info   ][gc,stats    ]      Memory: Page Cache Flush                                  0 / 0                 0 / 0                 0 / 0                 0 / 0           MB/s
[810.170s][info   ][gc,stats    ]      Memory: Page Cache Hit L1                               372 / 953             338 / 1176            315 / 1642            315 / 1642        ops/s
[810.170s][info   ][gc,stats    ]      Memory: Page Cache Hit L2                                 0 / 0                 0 / 0                 0 / 179               0 / 179         ops/s
[810.170s][info   ][gc,stats    ]      Memory: Page Cache Miss                                   0 / 0                 0 / 0                18 / 341              18 / 341         ops/s
[810.170s][info   ][gc,stats    ]      Memory: Undo Object Allocation Failed                     0 / 0                 0 / 0                 0 / 0                 0 / 0           ops/s
[810.170s][info   ][gc,stats    ]      Memory: Undo Object Allocation Succeeded                  0 / 3                 1 / 228               0 / 228               0 / 228         ops/s
[810.170s][info   ][gc,stats    ]      Memory: Undo Page Allocation                              0 / 0                 0 / 0                 0 / 69                0 / 69          ops/s
[810.170s][info   ][gc,stats    ]       Phase: Concurrent Destroy Detached Pages             0.001 / 0.001         0.001 / 0.001         0.001 / 0.001         0.001 / 0.001       ms
[810.170s][info   ][gc,stats    ]       Phase: Concurrent Mark                             180.769 / 180.769     200.002 / 246.725     196.972 / 275.553     196.972 / 275.553     ms
[810.170s][info   ][gc,stats    ]       Phase: Concurrent Mark Continue                      0.000 / 0.000         1.335 / 1.335         1.375 / 1.416         1.375 / 1.416       ms
[810.170s][info   ][gc,stats    ]       Phase: Concurrent Prepare Relocation Set            16.376 / 16.376       17.058 / 37.205       22.133 / 89.649       22.133 / 89.649      ms
[810.170s][info   ][gc,stats    ]       Phase: Concurrent Process Non-Strong References      1.578 / 1.578         1.803 / 3.790         2.518 / 19.270        2.518 / 19.270      ms
[810.170s][info   ][gc,stats    ]       Phase: Concurrent Relocate                         100.946 / 100.946      96.203 / 115.167      97.921 / 165.671      97.921 / 165.671     ms
[810.170s][info   ][gc,stats    ]       Phase: Concurrent Reset Relocation Set               2.009 / 2.009         1.958 / 5.106         2.423 / 14.653        2.423 / 14.653      ms
[810.170s][info   ][gc,stats    ]       Phase: Concurrent Select Relocation Set              3.056 / 3.056         3.412 / 11.393        3.781 / 12.148        3.781 / 12.148      ms
[810.170s][info   ][gc,stats    ]       Phase: Pause Mark End                                0.734 / 0.734         0.694 / 1.288         0.716 / 1.288         0.716 / 1.288       ms
[810.170s][info   ][gc,stats    ]       Phase: Pause Mark Start                              0.165 / 0.165         0.230 / 0.706         0.307 / 1.400         0.307 / 1.400       ms
[810.170s][info   ][gc,stats    ]       Phase: Pause Relocate Start                          0.162 / 0.162         0.199 / 0.273         0.218 / 1.025         0.218 / 1.025       ms
[810.170s][info   ][gc,stats    ]       Phase: Pause Verify                                  0.000 / 0.000         0.000 / 0.000         0.000 / 0.000         0.000 / 0.000       ms
[810.170s][info   ][gc,stats    ]    Subphase: Concurrent Classes Unload                     1.288 / 1.288         1.459 / 2.621         2.134 / 18.723        2.134 / 18.723      ms
[810.170s][info   ][gc,stats    ]    Subphase: Concurrent Mark                             179.491 / 180.105     193.136 / 245.050     186.587 / 273.889     186.587 / 273.889     ms
[810.170s][info   ][gc,stats    ]    Subphase: Concurrent Mark Idle                          1.138 / 1.162         1.137 / 1.413         1.137 / 1.413         1.137 / 1.413       ms
[810.170s][info   ][gc,stats    ]    Subphase: Concurrent Mark Try Flush                     0.057 / 0.112         0.075 / 0.187         0.076 / 0.545         0.076 / 0.545       ms
[810.170s][info   ][gc,stats    ]    Subphase: Concurrent Mark Try Terminate                 1.133 / 1.166         1.136 / 1.418         1.135 / 1.418         1.135 / 1.418       ms
[810.170s][info   ][gc,stats    ]    Subphase: Concurrent References Enqueue                 0.005 / 0.005         0.005 / 0.008         0.005 / 0.008         0.005 / 0.008       ms
[810.170s][info   ][gc,stats    ]    Subphase: Concurrent References Process                 0.053 / 0.053         0.072 / 0.133         0.072 / 0.140         0.072 / 0.140       ms
[810.170s][info   ][gc,stats    ]    Subphase: Concurrent Roots                              0.063 / 0.398         0.075 / 1.510         0.090 / 2.807         0.090 / 2.807       ms
[810.170s][info   ][gc,stats    ]    Subphase: Concurrent Roots ClassLoaderDataGraph         0.056 / 0.395         0.067 / 1.496         0.080 / 2.804         0.080 / 2.804       ms
[810.170s][info   ][gc,stats    ]    Subphase: Concurrent Roots JNIHandles                   0.008 / 0.015         0.015 / 0.271         0.028 / 0.551         0.028 / 0.551       ms
[810.170s][info   ][gc,stats    ]    Subphase: Concurrent Roots Setup                        0.085 / 0.085         0.170 / 1.420         0.236 / 1.622         0.236 / 1.622       ms
[810.170s][info   ][gc,stats    ]    Subphase: Concurrent Roots Teardown                     0.001 / 0.001         0.001 / 0.001         0.001 / 0.001         0.001 / 0.001       ms
[810.170s][info   ][gc,stats    ]    Subphase: Concurrent Weak Roots                         0.181 / 0.195         0.197 / 0.977         0.231 / 1.376         0.231 / 1.376       ms
[810.170s][info   ][gc,stats    ]    Subphase: Concurrent Weak Roots JNIWeakHandles          0.002 / 0.004         0.002 / 0.013         0.003 / 0.073         0.003 / 0.073       ms
[810.170s][info   ][gc,stats    ]    Subphase: Concurrent Weak Roots StringTable             0.154 / 0.158         0.170 / 0.953         0.204 / 1.327         0.204 / 1.327       ms
[810.170s][info   ][gc,stats    ]    Subphase: Concurrent Weak Roots VMWeakHandles           0.022 / 0.044         0.023 / 0.052         0.023 / 0.052         0.023 / 0.052       ms
[810.170s][info   ][gc,stats    ]    Subphase: Pause Mark Try Complete                       0.130 / 0.444         0.163 / 1.007         0.175 / 1.009         0.175 / 1.009       ms
[810.170s][info   ][gc,stats    ]    Subphase: Pause Roots                                   0.031 / 0.098         0.037 / 0.329         0.044 / 1.060         0.044 / 1.060       ms
[810.170s][info   ][gc,stats    ]    Subphase: Pause Roots CodeCache                         0.000 / 0.000         0.000 / 0.000         0.000 / 0.000         0.000 / 0.000       ms
[810.170s][info   ][gc,stats    ]    Subphase: Pause Roots JVMTIExport                       0.001 / 0.001         0.001 / 0.004         0.002 / 0.017         0.002 / 0.017       ms
[810.171s][info   ][gc,stats    ]    Subphase: Pause Roots JVMTIWeakExport                   0.001 / 0.001         0.001 / 0.002         0.001 / 0.002         0.001 / 0.002       ms
[810.171s][info   ][gc,stats    ]    Subphase: Pause Roots Management                        0.003 / 0.003         0.005 / 0.036         0.010 / 0.430         0.010 / 0.430       ms
[810.171s][info   ][gc,stats    ]    Subphase: Pause Roots ObjectSynchronizer                0.001 / 0.001         0.001 / 0.003         0.001 / 0.011         0.001 / 0.011       ms
[810.171s][info   ][gc,stats    ]    Subphase: Pause Roots Setup                             0.001 / 0.001         0.001 / 0.002         0.001 / 0.002         0.001 / 0.002       ms
[810.171s][info   ][gc,stats    ]    Subphase: Pause Roots SystemDictionary                  0.015 / 0.015         0.024 / 0.171         0.040 / 0.734         0.040 / 0.734       ms
[810.171s][info   ][gc,stats    ]    Subphase: Pause Roots Teardown                          0.003 / 0.004         0.004 / 0.009         0.004 / 0.009         0.004 / 0.009       ms
[810.171s][info   ][gc,stats    ]    Subphase: Pause Roots Threads                           0.038 / 0.088         0.043 / 0.316         0.053 / 1.042         0.053 / 1.042       ms
[810.171s][info   ][gc,stats    ]    Subphase: Pause Roots Universe                          0.005 / 0.007         0.007 / 0.022         0.015 / 0.626         0.015 / 0.626       ms
[810.171s][info   ][gc,stats    ]    Subphase: Pause Weak Roots                              0.001 / 0.004         0.001 / 0.007         0.001 / 0.007         0.001 / 0.007       ms
[810.171s][info   ][gc,stats    ]    Subphase: Pause Weak Roots JFRWeak                      0.001 / 0.001         0.001 / 0.002         0.001 / 0.002         0.001 / 0.002       ms
[810.171s][info   ][gc,stats    ]    Subphase: Pause Weak Roots JVMTIWeakExport              0.002 / 0.002         0.001 / 0.002         0.001 / 0.002         0.001 / 0.002       ms
[810.171s][info   ][gc,stats    ]    Subphase: Pause Weak Roots Setup                        0.001 / 0.001         0.001 / 0.001         0.001 / 0.001         0.001 / 0.001       ms
[810.171s][info   ][gc,stats    ]    Subphase: Pause Weak Roots Teardown                     0.001 / 0.001         0.001 / 0.004         0.001 / 0.004         0.001 / 0.004       ms
[810.171s][info   ][gc,stats    ]      System: Java Threads                                     62 / 62               61 / 62               60 / 65               60 / 65          threads
[810.171s][info   ][gc,stats    ] =========================================================================================================================================================
[820.170s][info   ][gc,stats    ] === Garbage Collection Statistics =======================================================================================================================
[820.170s][info   ][gc,stats    ]                                                              Last 10s              Last 10m              Last 10h                Total
[820.170s][info   ][gc,stats    ]                                                              Avg / Max             Avg / Max             Avg / Max             Avg / Max
[820.170s][info   ][gc,stats    ]   Collector: Garbage Collection Cycle                      0.000 / 0.000       320.650 / 367.028     328.177 / 515.532     328.177 / 515.532     ms
[820.170s][info   ][gc,stats    ]  Contention: Mark Segment Reset Contention                     0 / 0                15 / 647              16 / 850              16 / 850         ops/s
[820.170s][info   ][gc,stats    ]  Contention: Mark SeqNum Reset Contention                      0 / 0                 0 / 3                 0 / 9                 0 / 9           ops/s
[820.170s][info   ][gc,stats    ]  Contention: Relocation Contention                             0 / 0                 1 / 228               0 / 228               0 / 228         ops/s
[820.170s][info   ][gc,stats    ]    Critical: Allocation Stall                              0.000 / 0.000         0.000 / 0.000         0.000 / 0.000         0.000 / 0.000       ms
[820.170s][info   ][gc,stats    ]    Critical: Allocation Stall                                  0 / 0                 0 / 0                 0 / 0                 0 / 0           ops/s
[820.170s][info   ][gc,stats    ]    Critical: GC Locker Stall                               0.000 / 0.000         0.000 / 0.000         0.000 / 0.000         0.000 / 0.000       ms
[820.170s][info   ][gc,stats    ]    Critical: GC Locker Stall                                   0 / 0                 0 / 0                 0 / 0                 0 / 0           ops/s
[820.170s][info   ][gc,stats    ]      Memory: Allocation Rate                                 631 / 670             621 / 848             617 / 1436            617 / 1436        MB/s
[820.170s][info   ][gc,stats    ]      Memory: Heap Used After Mark                              0 / 0             14772 / 18476         15511 / 30288         15511 / 30288       MB
[820.170s][info   ][gc,stats    ]      Memory: Heap Used After Relocation                        0 / 0              3976 / 4106           3793 / 4228           3793 / 4228        MB
[820.170s][info   ][gc,stats    ]      Memory: Heap Used Before Mark                             0 / 0             14588 / 18270         15332 / 30112         15332 / 30112       MB
[820.170s][info   ][gc,stats    ]      Memory: Heap Used Before Relocation                       0 / 0             10841 / 13286         11159 / 20378         11159 / 20378       MB
[820.170s][info   ][gc,stats    ]      Memory: Out Of Memory                                     0 / 0                 0 / 0                 0 / 0                 0 / 0           ops/s
[820.170s][info   ][gc,stats    ]      Memory: Page Cache Flush                                  0 / 0                 0 / 0                 0 / 0                 0 / 0           MB/s
[820.170s][info   ][gc,stats    ]      Memory: Page Cache Hit L1                               305 / 320             337 / 1176            315 / 1642            315 / 1642        ops/s
[820.170s][info   ][gc,stats    ]      Memory: Page Cache Hit L2                                 0 / 0                 0 / 0                 0 / 179               0 / 179         ops/s
[820.170s][info   ][gc,stats    ]      Memory: Page Cache Miss                                   0 / 0                 0 / 0                17 / 341              17 / 341         ops/s
[820.170s][info   ][gc,stats    ]      Memory: Undo Object Allocation Failed                     0 / 0                 0 / 0                 0 / 0                 0 / 0           ops/s
[820.170s][info   ][gc,stats    ]      Memory: Undo Object Allocation Succeeded                  0 / 0                 1 / 228               0 / 228               0 / 228         ops/s
[820.170s][info   ][gc,stats    ]      Memory: Undo Page Allocation                              0 / 0                 0 / 0                 0 / 69                0 / 69          ops/s
[820.170s][info   ][gc,stats    ]       Phase: Concurrent Destroy Detached Pages             0.000 / 0.000         0.001 / 0.001         0.001 / 0.001         0.001 / 0.001       ms
[820.170s][info   ][gc,stats    ]       Phase: Concurrent Mark                               0.000 / 0.000       198.628 / 228.360     196.972 / 275.553     196.972 / 275.553     ms
[820.170s][info   ][gc,stats    ]       Phase: Concurrent Mark Continue                      0.000 / 0.000         1.335 / 1.335         1.375 / 1.416         1.375 / 1.416       ms
[820.170s][info   ][gc,stats    ]       Phase: Concurrent Prepare Relocation Set             0.000 / 0.000        16.595 / 37.205       22.133 / 89.649       22.133 / 89.649      ms
[820.170s][info   ][gc,stats    ]       Phase: Concurrent Process Non-Strong References      0.000 / 0.000         1.787 / 3.790         2.518 / 19.270        2.518 / 19.270      ms
[820.170s][info   ][gc,stats    ]       Phase: Concurrent Relocate                           0.000 / 0.000        96.251 / 115.167      97.921 / 165.671      97.921 / 165.671     ms
[820.170s][info   ][gc,stats    ]       Phase: Concurrent Reset Relocation Set               0.000 / 0.000         1.865 / 4.347         2.423 / 14.653        2.423 / 14.653      ms
[820.170s][info   ][gc,stats    ]       Phase: Concurrent Select Relocation Set              0.000 / 0.000         3.300 / 11.393        3.781 / 12.148        3.781 / 12.148      ms
[820.170s][info   ][gc,stats    ]       Phase: Pause Mark End                                0.000 / 0.000         0.683 / 1.288         0.716 / 1.288         0.716 / 1.288       ms
[820.170s][info   ][gc,stats    ]       Phase: Pause Mark Start                              0.000 / 0.000         0.226 / 0.706         0.307 / 1.400         0.307 / 1.400       ms
[820.170s][info   ][gc,stats    ]       Phase: Pause Relocate Start                          0.000 / 0.000         0.199 / 0.273         0.218 / 1.025         0.218 / 1.025       ms
[820.170s][info   ][gc,stats    ]       Phase: Pause Verify                                  0.000 / 0.000         0.000 / 0.000         0.000 / 0.000         0.000 / 0.000       ms
[820.170s][info   ][gc,stats    ]    Subphase: Concurrent Classes Unload                     0.000 / 0.000         1.445 / 2.621         2.134 / 18.723        2.134 / 18.723      ms
[820.170s][info   ][gc,stats    ]    Subphase: Concurrent Mark                               0.000 / 0.000       191.667 / 227.553     186.587 / 273.889     186.587 / 273.889     ms
[820.170s][info   ][gc,stats    ]    Subphase: Concurrent Mark Idle                          0.000 / 0.000         1.137 / 1.413         1.137 / 1.413         1.137 / 1.413       ms
[820.170s][info   ][gc,stats    ]    Subphase: Concurrent Mark Try Flush                     0.000 / 0.000         0.074 / 0.187         0.076 / 0.545         0.076 / 0.545       ms
[820.170s][info   ][gc,stats    ]    Subphase: Concurrent Mark Try Terminate                 0.000 / 0.000         1.136 / 1.418         1.135 / 1.418         1.135 / 1.418       ms
[820.170s][info   ][gc,stats    ]    Subphase: Concurrent References Enqueue                 0.000 / 0.000         0.005 / 0.008         0.005 / 0.008         0.005 / 0.008       ms
[820.170s][info   ][gc,stats    ]    Subphase: Concurrent References Process                 0.000 / 0.000         0.072 / 0.133         0.072 / 0.140         0.072 / 0.140       ms
[820.170s][info   ][gc,stats    ]    Subphase: Concurrent Roots                              0.000 / 0.000         0.073 / 1.510         0.090 / 2.807         0.090 / 2.807       ms
[820.170s][info   ][gc,stats    ]    Subphase: Concurrent Roots ClassLoaderDataGraph         0.000 / 0.000         0.066 / 1.496         0.080 / 2.804         0.080 / 2.804       ms
[820.170s][info   ][gc,stats    ]    Subphase: Concurrent Roots JNIHandles                   0.000 / 0.000         0.012 / 0.135         0.028 / 0.551         0.028 / 0.551       ms
[820.170s][info   ][gc,stats    ]    Subphase: Concurrent Roots Setup                        0.000 / 0.000         0.165 / 1.420         0.236 / 1.622         0.236 / 1.622       ms
[820.170s][info   ][gc,stats    ]    Subphase: Concurrent Roots Teardown                     0.000 / 0.000         0.001 / 0.001         0.001 / 0.001         0.001 / 0.001       ms
[820.170s][info   ][gc,stats    ]    Subphase: Concurrent Weak Roots                         0.000 / 0.000         0.195 / 0.977         0.231 / 1.376         0.231 / 1.376       ms
[820.170s][info   ][gc,stats    ]    Subphase: Concurrent Weak Roots JNIWeakHandles          0.000 / 0.000         0.002 / 0.012         0.003 / 0.073         0.003 / 0.073       ms
[820.170s][info   ][gc,stats    ]    Subphase: Concurrent Weak Roots StringTable             0.000 / 0.000         0.169 / 0.953         0.204 / 1.327         0.204 / 1.327       ms
[820.170s][info   ][gc,stats    ]    Subphase: Concurrent Weak Roots VMWeakHandles           0.000 / 0.000         0.023 / 0.052         0.023 / 0.052         0.023 / 0.052       ms
[820.170s][info   ][gc,stats    ]    Subphase: Pause Mark Try Complete                       0.000 / 0.000         0.160 / 1.007         0.175 / 1.009         0.175 / 1.009       ms
[820.170s][info   ][gc,stats    ]    Subphase: Pause Roots                                   0.000 / 0.000         0.036 / 0.329         0.044 / 1.060         0.044 / 1.060       ms
[820.170s][info   ][gc,stats    ]    Subphase: Pause Roots CodeCache                         0.000 / 0.000         0.000 / 0.000         0.000 / 0.000         0.000 / 0.000       ms
[820.170s][info   ][gc,stats    ]    Subphase: Pause Roots JVMTIExport                       0.000 / 0.000         0.001 / 0.004         0.002 / 0.017         0.002 / 0.017       ms
[820.170s][info   ][gc,stats    ]    Subphase: Pause Roots JVMTIWeakExport                   0.000 / 0.000         0.001 / 0.002         0.001 / 0.002         0.001 / 0.002       ms
[820.170s][info   ][gc,stats    ]    Subphase: Pause Roots Management                        0.000 / 0.000         0.005 / 0.036         0.010 / 0.430         0.010 / 0.430       ms
[820.170s][info   ][gc,stats    ]    Subphase: Pause Roots ObjectSynchronizer                0.000 / 0.000         0.001 / 0.003         0.001 / 0.011         0.001 / 0.011       ms
[820.170s][info   ][gc,stats    ]    Subphase: Pause Roots Setup                             0.000 / 0.000         0.001 / 0.002         0.001 / 0.002         0.001 / 0.002       ms
[820.170s][info   ][gc,stats    ]    Subphase: Pause Roots SystemDictionary                  0.000 / 0.000         0.023 / 0.171         0.040 / 0.734         0.040 / 0.734       ms
[820.170s][info   ][gc,stats    ]    Subphase: Pause Roots Teardown                          0.000 / 0.000         0.004 / 0.009         0.004 / 0.009         0.004 / 0.009       ms
[820.170s][info   ][gc,stats    ]    Subphase: Pause Roots Threads                           0.000 / 0.000         0.043 / 0.316         0.053 / 1.042         0.053 / 1.042       ms
[820.170s][info   ][gc,stats    ]    Subphase: Pause Roots Universe                          0.000 / 0.000         0.007 / 0.022         0.015 / 0.626         0.015 / 0.626       ms
[820.170s][info   ][gc,stats    ]    Subphase: Pause Weak Roots                              0.000 / 0.000         0.001 / 0.007         0.001 / 0.007         0.001 / 0.007       ms
[820.170s][info   ][gc,stats    ]    Subphase: Pause Weak Roots JFRWeak                      0.000 / 0.000         0.001 / 0.002         0.001 / 0.002         0.001 / 0.002       ms
[820.170s][info   ][gc,stats    ]    Subphase: Pause Weak Roots JVMTIWeakExport              0.000 / 0.000         0.001 / 0.002         0.001 / 0.002         0.001 / 0.002       ms
[820.170s][info   ][gc,stats    ]    Subphase: Pause Weak Roots Setup                        0.000 / 0.000         0.001 / 0.001         0.001 / 0.001         0.001 / 0.001       ms
[820.170s][info   ][gc,stats    ]    Subphase: Pause Weak Roots Teardown                     0.000 / 0.000         0.001 / 0.004         0.001 / 0.004         0.001 / 0.004       ms
[820.170s][info   ][gc,stats    ]      System: Java Threads                                      0 / 0                61 / 62               60 / 65               60 / 65          threads
[820.170s][info   ][gc,stats    ] =========================================================================================================================================================
[825.969s][info   ][gc,start    ] GC(42) Garbage Collection (Proactive)
[825.970s][info   ][gc,phases   ] GC(42) Pause Mark Start 0.171ms
[826.169s][info   ][gc,phases   ] GC(42) Concurrent Mark 199.473ms
[826.170s][info   ][gc,phases   ] GC(42) Pause Mark End 0.590ms
[826.172s][info   ][gc,phases   ] GC(42) Concurrent Process Non-Strong References 1.644ms
[826.174s][info   ][gc,phases   ] GC(42) Concurrent Reset Relocation Set 1.800ms
[826.174s][info   ][gc,phases   ] GC(42) Concurrent Destroy Detached Pages 0.001ms
[826.177s][info   ][gc,phases   ] GC(42) Concurrent Select Relocation Set 3.000ms
[826.191s][info   ][gc,phases   ] GC(42) Concurrent Prepare Relocation Set 14.094ms
[826.191s][info   ][gc,phases   ] GC(42) Pause Relocate Start 0.169ms
[826.290s][info   ][gc,phases   ] GC(42) Concurrent Relocate 98.704ms
[826.290s][info   ][gc,load     ] GC(42) Load: 4.77/3.72/2.25
[826.290s][info   ][gc,mmu      ] GC(42) MMU: 2ms/30.0%, 5ms/69.9%, 10ms/81.7%, 20ms/87.7%, 50ms/95.1%, 100ms/97.5%
[826.290s][info   ][gc,marking  ] GC(42) Mark: 8 stripe(s), 10 proactive flush(es), 2 terminate flush(es), 1 completion(s), 0 continuation(s) 
[826.290s][info   ][gc,reloc    ] GC(42) Relocation: Successful, 1335M relocated
[826.290s][info   ][gc,nmethod  ] GC(42) NMethods: 5665 registered, 1174 unregistered
[826.290s][info   ][gc,metaspace] GC(42) Metaspace: 40M used, 41M capacity, 41M committed, 42M reserved
[826.290s][info   ][gc,ref      ] GC(42) Soft: 3327 encountered, 0 discovered, 0 enqueued
[826.290s][info   ][gc,ref      ] GC(42) Weak: 1530 encountered, 648 discovered, 0 enqueued
[826.290s][info   ][gc,ref      ] GC(42) Final: 30 encountered, 10 discovered, 3 enqueued
[826.290s][info   ][gc,ref      ] GC(42) Phantom: 120 encountered, 107 discovered, 0 enqueued
[826.290s][info   ][gc,heap     ] GC(42)                Mark Start          Mark End        Relocate Start      Relocate End           High               Low         
[826.290s][info   ][gc,heap     ] GC(42)  Capacity:    30390M (30%)       30390M (30%)       30390M (30%)       30390M (30%)       30390M (30%)       30390M (30%)    
[826.290s][info   ][gc,heap     ] GC(42)   Reserve:       80M (0%)           80M (0%)           80M (0%)           80M (0%)           80M (0%)           80M (0%)     
[826.290s][info   ][gc,heap     ] GC(42)      Free:    85630M (85%)       85444M (85%)       89504M (89%)       96292M (96%)       96292M (96%)       85442M (85%)    
[826.290s][info   ][gc,heap     ] GC(42)      Used:    14642M (15%)       14828M (15%)       10768M (11%)        3980M (4%)        14830M (15%)        3980M (4%)     
[826.290s][info   ][gc,heap     ] GC(42)      Live:         -              3506M (3%)         3506M (3%)         3506M (3%)             -                  -          
[826.290s][info   ][gc,heap     ] GC(42) Allocated:         -               186M (0%)          188M (0%)         1514M (2%)             -                  -          
[826.290s][info   ][gc,heap     ] GC(42)   Garbage:         -             11135M (11%)        7073M (7%)          217M (0%)             -                  -          
[826.290s][info   ][gc,heap     ] GC(42) Reclaimed:         -                  -              4062M (4%)        10918M (11%)            -                  -          
[826.290s][info   ][gc          ] GC(42) Garbage Collection (Proactive) 14642M(15%)->3980M(4%)
[830.169s][info   ][gc,stats    ] === Garbage Collection Statistics =======================================================================================================================
[830.169s][info   ][gc,stats    ]                                                              Last 10s              Last 10m              Last 10h                Total
[830.169s][info   ][gc,stats    ]                                                              Avg / Max             Avg / Max             Avg / Max             Avg / Max
[830.169s][info   ][gc,stats    ]   Collector: Garbage Collection Cycle                    320.668 / 320.668     320.651 / 367.028     328.002 / 515.532     328.002 / 515.532     ms
[830.169s][info   ][gc,stats    ]  Contention: Mark Segment Reset Contention                    21 / 218              16 / 647              16 / 850              16 / 850         ops/s
[830.169s][info   ][gc,stats    ]  Contention: Mark SeqNum Reset Contention                      0 / 0                 0 / 3                 0 / 9                 0 / 9           ops/s
[830.169s][info   ][gc,stats    ]  Contention: Relocation Contention                             0 / 0                 1 / 228               0 / 228               0 / 228         ops/s
[830.169s][info   ][gc,stats    ]    Critical: Allocation Stall                              0.000 / 0.000         0.000 / 0.000         0.000 / 0.000         0.000 / 0.000       ms
[830.169s][info   ][gc,stats    ]    Critical: Allocation Stall                                  0 / 0                 0 / 0                 0 / 0                 0 / 0           ops/s
[830.169s][info   ][gc,stats    ]    Critical: GC Locker Stall                               0.000 / 0.000         0.000 / 0.000         0.000 / 0.000         0.000 / 0.000       ms
[830.169s][info   ][gc,stats    ]    Critical: GC Locker Stall                                   0 / 0                 0 / 0                 0 / 0                 0 / 0           ops/s
[830.169s][info   ][gc,stats    ]      Memory: Allocation Rate                                 644 / 698             621 / 848             617 / 1436            617 / 1436        MB/s
[830.169s][info   ][gc,stats    ]      Memory: Heap Used After Mark                          14828 / 14828         14774 / 18476         15495 / 30288         15495 / 30288       MB
[830.169s][info   ][gc,stats    ]      Memory: Heap Used After Relocation                     3980 / 3980           3976 / 4106           3797 / 4228           3797 / 4228        MB
[830.169s][info   ][gc,stats    ]      Memory: Heap Used Before Mark                         14642 / 14642         14589 / 18270         15316 / 30112         15316 / 30112       MB
[830.170s][info   ][gc,stats    ]      Memory: Heap Used Before Relocation                   10768 / 10768         10839 / 13286         11150 / 20378         11150 / 20378       MB
[830.170s][info   ][gc,stats    ]      Memory: Out Of Memory                                     0 / 0                 0 / 0                 0 / 0                 0 / 0           ops/s
[830.170s][info   ][gc,stats    ]      Memory: Page Cache Flush                                  0 / 0                 0 / 0                 0 / 0                 0 / 0           MB/s
[830.170s][info   ][gc,stats    ]      Memory: Page Cache Hit L1                               372 / 919             338 / 1176            316 / 1642            316 / 1642        ops/s
[830.170s][info   ][gc,stats    ]      Memory: Page Cache Hit L2                                 0 / 0                 0 / 0                 0 / 179               0 / 179         ops/s
[830.170s][info   ][gc,stats    ]      Memory: Page Cache Miss                                   0 / 0                 0 / 0                17 / 341              17 / 341         ops/s
[830.170s][info   ][gc,stats    ]      Memory: Undo Object Allocation Failed                     0 / 0                 0 / 0                 0 / 0                 0 / 0           ops/s
[830.170s][info   ][gc,stats    ]      Memory: Undo Object Allocation Succeeded                  0 / 0                 1 / 228               0 / 228               0 / 228         ops/s
[830.170s][info   ][gc,stats    ]      Memory: Undo Page Allocation                              0 / 0                 0 / 0                 0 / 69                0 / 69          ops/s
[830.170s][info   ][gc,stats    ]       Phase: Concurrent Destroy Detached Pages             0.001 / 0.001         0.001 / 0.001         0.001 / 0.001         0.001 / 0.001       ms
[830.170s][info   ][gc,stats    ]       Phase: Concurrent Mark                             199.473 / 199.473     198.652 / 228.360     197.031 / 275.553     197.031 / 275.553     ms
[830.170s][info   ][gc,stats    ]       Phase: Concurrent Mark Continue                      0.000 / 0.000         1.335 / 1.335         1.375 / 1.416         1.375 / 1.416       ms
[830.170s][info   ][gc,stats    ]       Phase: Concurrent Prepare Relocation Set            14.094 / 14.094       16.523 / 37.205       21.946 / 89.649       21.946 / 89.649      ms
[830.170s][info   ][gc,stats    ]       Phase: Concurrent Process Non-Strong References      1.644 / 1.644         1.783 / 3.790         2.498 / 19.270        2.498 / 19.270      ms
[830.170s][info   ][gc,stats    ]       Phase: Concurrent Relocate                          98.704 / 98.704       96.321 / 115.167      97.939 / 165.671      97.939 / 165.671     ms
[830.170s][info   ][gc,stats    ]       Phase: Concurrent Reset Relocation Set               1.800 / 1.800         1.863 / 4.347         2.409 / 14.653        2.409 / 14.653      ms
[830.170s][info   ][gc,stats    ]       Phase: Concurrent Select Relocation Set              3.000 / 3.000         3.292 / 11.393        3.763 / 12.148        3.763 / 12.148      ms
[830.170s][info   ][gc,stats    ]       Phase: Pause Mark End                                0.590 / 0.590         0.681 / 1.288         0.713 / 1.288         0.713 / 1.288       ms
[830.170s][info   ][gc,stats    ]       Phase: Pause Mark Start                              0.171 / 0.171         0.224 / 0.706         0.304 / 1.400         0.304 / 1.400       ms
[830.170s][info   ][gc,stats    ]       Phase: Pause Relocate Start                          0.169 / 0.169         0.199 / 0.273         0.217 / 1.025         0.217 / 1.025       ms
[830.170s][info   ][gc,stats    ]       Phase: Pause Verify                                  0.000 / 0.000         0.000 / 0.000         0.000 / 0.000         0.000 / 0.000       ms
[830.170s][info   ][gc,stats    ]    Subphase: Concurrent Classes Unload                     1.347 / 1.347         1.442 / 2.621         2.116 / 18.723        2.116 / 18.723      ms
[830.170s][info   ][gc,stats    ]    Subphase: Concurrent Mark                             198.180 / 198.894     191.848 / 227.553     186.845 / 273.889     186.845 / 273.889     ms
[830.170s][info   ][gc,stats    ]    Subphase: Concurrent Mark Idle                          1.140 / 1.171         1.137 / 1.413         1.137 / 1.413         1.137 / 1.413       ms
[830.170s][info   ][gc,stats    ]    Subphase: Concurrent Mark Try Flush                     0.072 / 0.109         0.074 / 0.187         0.076 / 0.545         0.076 / 0.545       ms
[830.170s][info   ][gc,stats    ]    Subphase: Concurrent Mark Try Terminate                 1.139 / 1.174         1.136 / 1.418         1.135 / 1.418         1.135 / 1.418       ms
[830.170s][info   ][gc,stats    ]    Subphase: Concurrent References Enqueue                 0.005 / 0.005         0.005 / 0.008         0.005 / 0.008         0.005 / 0.008       ms
[830.170s][info   ][gc,stats    ]    Subphase: Concurrent References Process                 0.065 / 0.065         0.072 / 0.133         0.072 / 0.140         0.072 / 0.140       ms
[830.170s][info   ][gc,stats    ]    Subphase: Concurrent Roots                              0.061 / 0.370         0.073 / 1.510         0.090 / 2.807         0.090 / 2.807       ms
[830.170s][info   ][gc,stats    ]    Subphase: Concurrent Roots ClassLoaderDataGraph         0.054 / 0.368         0.065 / 1.496         0.079 / 2.804         0.079 / 2.804       ms
[830.170s][info   ][gc,stats    ]    Subphase: Concurrent Roots JNIHandles                   0.008 / 0.014         0.012 / 0.135         0.028 / 0.551         0.028 / 0.551       ms
[830.170s][info   ][gc,stats    ]    Subphase: Concurrent Roots Setup                        0.084 / 0.084         0.163 / 1.420         0.232 / 1.622         0.232 / 1.622       ms
[830.170s][info   ][gc,stats    ]    Subphase: Concurrent Roots Teardown                     0.001 / 0.001         0.001 / 0.001         0.001 / 0.001         0.001 / 0.001       ms
[830.170s][info   ][gc,stats    ]    Subphase: Concurrent Weak Roots                         0.177 / 0.191         0.195 / 0.977         0.230 / 1.376         0.230 / 1.376       ms
[830.170s][info   ][gc,stats    ]    Subphase: Concurrent Weak Roots JNIWeakHandles          0.001 / 0.003         0.002 / 0.012         0.003 / 0.073         0.003 / 0.073       ms
[830.170s][info   ][gc,stats    ]    Subphase: Concurrent Weak Roots StringTable             0.151 / 0.155         0.168 / 0.953         0.203 / 1.327         0.203 / 1.327       ms
[830.170s][info   ][gc,stats    ]    Subphase: Concurrent Weak Roots VMWeakHandles           0.021 / 0.037         0.023 / 0.052         0.023 / 0.052         0.023 / 0.052       ms
[830.170s][info   ][gc,stats    ]    Subphase: Pause Mark Try Complete                       0.087 / 0.347         0.157 / 1.007         0.173 / 1.009         0.173 / 1.009       ms
[830.170s][info   ][gc,stats    ]    Subphase: Pause Roots                                   0.032 / 0.119         0.036 / 0.329         0.044 / 1.060         0.044 / 1.060       ms
[830.170s][info   ][gc,stats    ]    Subphase: Pause Roots CodeCache                         0.000 / 0.000         0.000 / 0.000         0.000 / 0.000         0.000 / 0.000       ms
[830.170s][info   ][gc,stats    ]    Subphase: Pause Roots JVMTIExport                       0.001 / 0.001         0.001 / 0.004         0.002 / 0.017         0.002 / 0.017       ms
[830.170s][info   ][gc,stats    ]    Subphase: Pause Roots JVMTIWeakExport                   0.001 / 0.001         0.001 / 0.002         0.001 / 0.002         0.001 / 0.002       ms
[830.170s][info   ][gc,stats    ]    Subphase: Pause Roots Management                        0.007 / 0.011         0.005 / 0.036         0.010 / 0.430         0.010 / 0.430       ms
[830.170s][info   ][gc,stats    ]    Subphase: Pause Roots ObjectSynchronizer                0.001 / 0.001         0.001 / 0.003         0.001 / 0.011         0.001 / 0.011       ms
[830.170s][info   ][gc,stats    ]    Subphase: Pause Roots Setup                             0.001 / 0.001         0.001 / 0.002         0.001 / 0.002         0.001 / 0.002       ms
[830.170s][info   ][gc,stats    ]    Subphase: Pause Roots SystemDictionary                  0.031 / 0.042         0.024 / 0.171         0.040 / 0.734         0.040 / 0.734       ms
[830.170s][info   ][gc,stats    ]    Subphase: Pause Roots Teardown                          0.003 / 0.005         0.004 / 0.009         0.004 / 0.009         0.004 / 0.009       ms
[830.170s][info   ][gc,stats    ]    Subphase: Pause Roots Threads                           0.037 / 0.106         0.043 / 0.316         0.053 / 1.042         0.053 / 1.042       ms
[830.170s][info   ][gc,stats    ]    Subphase: Pause Roots Universe                          0.008 / 0.010         0.007 / 0.022         0.015 / 0.626         0.015 / 0.626       ms
[830.170s][info   ][gc,stats    ]    Subphase: Pause Weak Roots                              0.001 / 0.008         0.001 / 0.008         0.001 / 0.008         0.001 / 0.008       ms
[830.170s][info   ][gc,stats    ]    Subphase: Pause Weak Roots JFRWeak                      0.001 / 0.001         0.001 / 0.002         0.001 / 0.002         0.001 / 0.002       ms
[830.170s][info   ][gc,stats    ]    Subphase: Pause Weak Roots JVMTIWeakExport              0.001 / 0.001         0.001 / 0.002         0.001 / 0.002         0.001 / 0.002       ms
[830.170s][info   ][gc,stats    ]    Subphase: Pause Weak Roots Setup                        0.001 / 0.001         0.001 / 0.001         0.001 / 0.001         0.001 / 0.001       ms
[830.170s][info   ][gc,stats    ]    Subphase: Pause Weak Roots Teardown                     0.001 / 0.001         0.001 / 0.004         0.001 / 0.004         0.001 / 0.004       ms
[830.170s][info   ][gc,stats    ]      System: Java Threads                                     62 / 62               61 / 62               60 / 65               60 / 65          threads
[830.170s][info   ][gc,stats    ] =========================================================================================================================================================
[840.170s][info   ][gc,stats    ] === Garbage Collection Statistics =======================================================================================================================
[840.170s][info   ][gc,stats    ]                                                              Last 10s              Last 10m              Last 10h                Total
[840.170s][info   ][gc,stats    ]                                                              Avg / Max             Avg / Max             Avg / Max             Avg / Max
[840.170s][info   ][gc,stats    ]   Collector: Garbage Collection Cycle                      0.000 / 0.000       319.287 / 357.539     328.002 / 515.532     328.002 / 515.532     ms
[840.170s][info   ][gc,stats    ]  Contention: Mark Segment Reset Contention                     0 / 0                15 / 647              16 / 850              16 / 850         ops/s
[840.170s][info   ][gc,stats    ]  Contention: Mark SeqNum Reset Contention                      0 / 0                 0 / 3                 0 / 9                 0 / 9           ops/s
[840.170s][info   ][gc,stats    ]  Contention: Relocation Contention                             0 / 0                 1 / 228               0 / 228               0 / 228         ops/s
[840.170s][info   ][gc,stats    ]    Critical: Allocation Stall                              0.000 / 0.000         0.000 / 0.000         0.000 / 0.000         0.000 / 0.000       ms
[840.170s][info   ][gc,stats    ]    Critical: Allocation Stall                                  0 / 0                 0 / 0                 0 / 0                 0 / 0           ops/s
[840.170s][info   ][gc,stats    ]    Critical: GC Locker Stall                               0.000 / 0.000         0.000 / 0.000         0.000 / 0.000         0.000 / 0.000       ms
[840.170s][info   ][gc,stats    ]    Critical: GC Locker Stall                                   0 / 0                 0 / 0                 0 / 0                 0 / 0           ops/s
[840.170s][info   ][gc,stats    ]      Memory: Allocation Rate                                 622 / 676             621 / 848             617 / 1436            617 / 1436        MB/s
[840.170s][info   ][gc,stats    ]      Memory: Heap Used After Mark                              0 / 0             14665 / 17420         15495 / 30288         15495 / 30288       MB
[840.170s][info   ][gc,stats    ]      Memory: Heap Used After Relocation                        0 / 0              3976 / 4106           3797 / 4228           3797 / 4228        MB
[840.170s][info   ][gc,stats    ]      Memory: Heap Used Before Mark                             0 / 0             14481 / 17208         15316 / 30112         15316 / 30112       MB
[840.170s][info   ][gc,stats    ]      Memory: Heap Used Before Relocation                       0 / 0             10767 / 12744         11150 / 20378         11150 / 20378       MB
[840.170s][info   ][gc,stats    ]      Memory: Out Of Memory                                     0 / 0                 0 / 0                 0 / 0                 0 / 0           ops/s
[840.170s][info   ][gc,stats    ]      Memory: Page Cache Flush                                  0 / 0                 0 / 0                 0 / 0                 0 / 0           MB/s
[840.170s][info   ][gc,stats    ]      Memory: Page Cache Hit L1                               299 / 323             337 / 1112            315 / 1642            315 / 1642        ops/s
[840.170s][info   ][gc,stats    ]      Memory: Page Cache Hit L2                                 0 / 0                 0 / 0                 0 / 179               0 / 179         ops/s
[840.170s][info   ][gc,stats    ]      Memory: Page Cache Miss                                   0 / 0                 0 / 0                17 / 341              17 / 341         ops/s
[840.170s][info   ][gc,stats    ]      Memory: Undo Object Allocation Failed                     0 / 0                 0 / 0                 0 / 0                 0 / 0           ops/s
[840.170s][info   ][gc,stats    ]      Memory: Undo Object Allocation Succeeded                  0 / 0                 1 / 228               0 / 228               0 / 228         ops/s
[840.170s][info   ][gc,stats    ]      Memory: Undo Page Allocation                              0 / 0                 0 / 0                 0 / 69                0 / 69          ops/s
[840.170s][info   ][gc,stats    ]       Phase: Concurrent Destroy Detached Pages             0.000 / 0.000         0.001 / 0.001         0.001 / 0.001         0.001 / 0.001       ms
[840.170s][info   ][gc,stats    ]       Phase: Concurrent Mark                               0.000 / 0.000       197.779 / 216.161     197.031 / 275.553     197.031 / 275.553     ms
[840.170s][info   ][gc,stats    ]       Phase: Concurrent Mark Continue                      0.000 / 0.000         1.335 / 1.335         1.375 / 1.416         1.375 / 1.416       ms
[840.170s][info   ][gc,stats    ]       Phase: Concurrent Prepare Relocation Set             0.000 / 0.000        16.100 / 37.205       21.946 / 89.649       21.946 / 89.649      ms
[840.170s][info   ][gc,stats    ]       Phase: Concurrent Process Non-Strong References      0.000 / 0.000         1.781 / 3.790         2.498 / 19.270        2.498 / 19.270      ms
[840.170s][info   ][gc,stats    ]       Phase: Concurrent Relocate                           0.000 / 0.000        96.276 / 115.167      97.939 / 165.671      97.939 / 165.671     ms
[840.170s][info   ][gc,stats    ]       Phase: Concurrent Reset Relocation Set               0.000 / 0.000         1.823 / 4.347         2.409 / 14.653        2.409 / 14.653      ms
[840.170s][info   ][gc,stats    ]       Phase: Concurrent Select Relocation Set              0.000 / 0.000         3.311 / 11.393        3.763 / 12.148        3.763 / 12.148      ms
[840.170s][info   ][gc,stats    ]       Phase: Pause Mark End                                0.000 / 0.000         0.682 / 1.288         0.713 / 1.288         0.713 / 1.288       ms
[840.170s][info   ][gc,stats    ]       Phase: Pause Mark Start                              0.000 / 0.000         0.226 / 0.706         0.304 / 1.400         0.304 / 1.400       ms
[840.170s][info   ][gc,stats    ]       Phase: Pause Relocate Start                          0.000 / 0.000         0.198 / 0.273         0.217 / 1.025         0.217 / 1.025       ms
[840.170s][info   ][gc,stats    ]       Phase: Pause Verify                                  0.000 / 0.000         0.000 / 0.000         0.000 / 0.000         0.000 / 0.000       ms
[840.170s][info   ][gc,stats    ]    Subphase: Concurrent Classes Unload                     0.000 / 0.000         1.439 / 2.621         2.116 / 18.723        2.116 / 18.723      ms
[840.170s][info   ][gc,stats    ]    Subphase: Concurrent Mark                               0.000 / 0.000       190.840 / 215.381     186.845 / 273.889     186.845 / 273.889     ms
[840.170s][info   ][gc,stats    ]    Subphase: Concurrent Mark Idle                          0.000 / 0.000         1.137 / 1.413         1.137 / 1.413         1.137 / 1.413       ms
[840.171s][info   ][gc,stats    ]    Subphase: Concurrent Mark Try Flush                     0.000 / 0.000         0.074 / 0.187         0.076 / 0.545         0.076 / 0.545       ms
[840.171s][info   ][gc,stats    ]    Subphase: Concurrent Mark Try Terminate                 0.000 / 0.000         1.135 / 1.418         1.135 / 1.418         1.135 / 1.418       ms
[840.171s][info   ][gc,stats    ]    Subphase: Concurrent References Enqueue                 0.000 / 0.000         0.005 / 0.008         0.005 / 0.008         0.005 / 0.008       ms
[840.171s][info   ][gc,stats    ]    Subphase: Concurrent References Process                 0.000 / 0.000         0.071 / 0.133         0.072 / 0.140         0.072 / 0.140       ms
[840.171s][info   ][gc,stats    ]    Subphase: Concurrent Roots                              0.000 / 0.000         0.073 / 1.510         0.090 / 2.807         0.090 / 2.807       ms
[840.171s][info   ][gc,stats    ]    Subphase: Concurrent Roots ClassLoaderDataGraph         0.000 / 0.000         0.066 / 1.496         0.079 / 2.804         0.079 / 2.804       ms
[840.171s][info   ][gc,stats    ]    Subphase: Concurrent Roots JNIHandles                   0.000 / 0.000         0.012 / 0.135         0.028 / 0.551         0.028 / 0.551       ms
[840.171s][info   ][gc,stats    ]    Subphase: Concurrent Roots Setup                        0.000 / 0.000         0.164 / 1.420         0.232 / 1.622         0.232 / 1.622       ms
[840.171s][info   ][gc,stats    ]    Subphase: Concurrent Roots Teardown                     0.000 / 0.000         0.001 / 0.001         0.001 / 0.001         0.001 / 0.001       ms
[840.171s][info   ][gc,stats    ]    Subphase: Concurrent Weak Roots                         0.000 / 0.000         0.195 / 0.977         0.230 / 1.376         0.230 / 1.376       ms
[840.171s][info   ][gc,stats    ]    Subphase: Concurrent Weak Roots JNIWeakHandles          0.000 / 0.000         0.002 / 0.012         0.003 / 0.073         0.003 / 0.073       ms
[840.171s][info   ][gc,stats    ]    Subphase: Concurrent Weak Roots StringTable             0.000 / 0.000         0.169 / 0.953         0.203 / 1.327         0.203 / 1.327       ms
[840.171s][info   ][gc,stats    ]    Subphase: Concurrent Weak Roots VMWeakHandles           0.000 / 0.000         0.022 / 0.052         0.023 / 0.052         0.023 / 0.052       ms
[840.171s][info   ][gc,stats    ]    Subphase: Pause Mark Try Complete                       0.000 / 0.000         0.157 / 1.007         0.173 / 1.009         0.173 / 1.009       ms
[840.171s][info   ][gc,stats    ]    Subphase: Pause Roots                                   0.000 / 0.000         0.036 / 0.329         0.044 / 1.060         0.044 / 1.060       ms
[840.171s][info   ][gc,stats    ]    Subphase: Pause Roots CodeCache                         0.000 / 0.000         0.000 / 0.000         0.000 / 0.000         0.000 / 0.000       ms
[840.171s][info   ][gc,stats    ]    Subphase: Pause Roots JVMTIExport                       0.000 / 0.000         0.001 / 0.004         0.002 / 0.017         0.002 / 0.017       ms
[840.171s][info   ][gc,stats    ]    Subphase: Pause Roots JVMTIWeakExport                   0.000 / 0.000         0.001 / 0.002         0.001 / 0.002         0.001 / 0.002       ms
[840.171s][info   ][gc,stats    ]    Subphase: Pause Roots Management                        0.000 / 0.000         0.005 / 0.036         0.010 / 0.430         0.010 / 0.430       ms
[840.171s][info   ][gc,stats    ]    Subphase: Pause Roots ObjectSynchronizer                0.000 / 0.000         0.001 / 0.003         0.001 / 0.011         0.001 / 0.011       ms
[840.171s][info   ][gc,stats    ]    Subphase: Pause Roots Setup                             0.000 / 0.000         0.001 / 0.002         0.001 / 0.002         0.001 / 0.002       ms
[840.171s][info   ][gc,stats    ]    Subphase: Pause Roots SystemDictionary                  0.000 / 0.000         0.024 / 0.171         0.040 / 0.734         0.040 / 0.734       ms
[840.171s][info   ][gc,stats    ]    Subphase: Pause Roots Teardown                          0.000 / 0.000         0.004 / 0.009         0.004 / 0.009         0.004 / 0.009       ms
[840.171s][info   ][gc,stats    ]    Subphase: Pause Roots Threads                           0.000 / 0.000         0.043 / 0.316         0.053 / 1.042         0.053 / 1.042       ms
[840.171s][info   ][gc,stats    ]    Subphase: Pause Roots Universe                          0.000 / 0.000         0.007 / 0.022         0.015 / 0.626         0.015 / 0.626       ms
[840.171s][info   ][gc,stats    ]    Subphase: Pause Weak Roots                              0.000 / 0.000         0.001 / 0.008         0.001 / 0.008         0.001 / 0.008       ms
[840.171s][info   ][gc,stats    ]    Subphase: Pause Weak Roots JFRWeak                      0.000 / 0.000         0.001 / 0.002         0.001 / 0.002         0.001 / 0.002       ms
[840.171s][info   ][gc,stats    ]    Subphase: Pause Weak Roots JVMTIWeakExport              0.000 / 0.000         0.001 / 0.002         0.001 / 0.002         0.001 / 0.002       ms
[840.171s][info   ][gc,stats    ]    Subphase: Pause Weak Roots Setup                        0.000 / 0.000         0.001 / 0.001         0.001 / 0.001         0.001 / 0.001       ms
[840.171s][info   ][gc,stats    ]    Subphase: Pause Weak Roots Teardown                     0.000 / 0.000         0.001 / 0.004         0.001 / 0.004         0.001 / 0.004       ms
[840.171s][info   ][gc,stats    ]      System: Java Threads                                      0 / 0                61 / 62               60 / 65               60 / 65          threads
[840.171s][info   ][gc,stats    ] =========================================================================================================================================================
[842.670s][info   ][gc,start    ] GC(43) Garbage Collection (Proactive)
[842.670s][info   ][gc,phases   ] GC(43) Pause Mark Start 0.166ms
[842.863s][info   ][gc,phases   ] GC(43) Concurrent Mark 193.090ms
[842.864s][info   ][gc,phases   ] GC(43) Pause Mark End 0.814ms
[842.866s][info   ][gc,phases   ] GC(43) Concurrent Process Non-Strong References 1.646ms
[842.867s][info   ][gc,phases   ] GC(43) Concurrent Reset Relocation Set 1.196ms
[842.867s][info   ][gc,phases   ] GC(43) Concurrent Destroy Detached Pages 0.001ms
[842.869s][info   ][gc,phases   ] GC(43) Concurrent Select Relocation Set 2.149ms
[842.879s][info   ][gc,phases   ] GC(43) Concurrent Prepare Relocation Set 9.830ms
[842.880s][info   ][gc,phases   ] GC(43) Pause Relocate Start 0.184ms
[842.980s][info   ][gc,phases   ] GC(43) Concurrent Relocate 100.219ms
[842.980s][info   ][gc,load     ] GC(43) Load: 4.38/3.69/2.26
[842.980s][info   ][gc,mmu      ] GC(43) MMU: 2ms/30.0%, 5ms/69.9%, 10ms/81.7%, 20ms/87.7%, 50ms/95.1%, 100ms/97.5%
[842.980s][info   ][gc,marking  ] GC(43) Mark: 8 stripe(s), 10 proactive flush(es), 2 terminate flush(es), 1 completion(s), 0 continuation(s) 
[842.980s][info   ][gc,reloc    ] GC(43) Relocation: Successful, 1340M relocated
[842.980s][info   ][gc,nmethod  ] GC(43) NMethods: 5657 registered, 1183 unregistered
[842.980s][info   ][gc,metaspace] GC(43) Metaspace: 40M used, 41M capacity, 41M committed, 42M reserved
[842.980s][info   ][gc,ref      ] GC(43) Soft: 3327 encountered, 0 discovered, 0 enqueued
[842.980s][info   ][gc,ref      ] GC(43) Weak: 1530 encountered, 521 discovered, 0 enqueued
[842.980s][info   ][gc,ref      ] GC(43) Final: 30 encountered, 3 discovered, 3 enqueued
[842.980s][info   ][gc,ref      ] GC(43) Phantom: 120 encountered, 92 discovered, 0 enqueued
[842.980s][info   ][gc,heap     ] GC(43)                Mark Start          Mark End        Relocate Start      Relocate End           High               Low         
[842.980s][info   ][gc,heap     ] GC(43)  Capacity:    30390M (30%)       30390M (30%)       30390M (30%)       30390M (30%)       30390M (30%)       30390M (30%)    
[842.980s][info   ][gc,heap     ] GC(43)   Reserve:       80M (0%)           80M (0%)           80M (0%)           80M (0%)           80M (0%)           80M (0%)     
[842.980s][info   ][gc,heap     ] GC(43)      Free:    86074M (86%)       85852M (86%)       89718M (89%)       96264M (96%)       96264M (96%)       85850M (86%)    
[842.980s][info   ][gc,heap     ] GC(43)      Used:    14198M (14%)       14420M (14%)       10554M (11%)        4008M (4%)        14422M (14%)        4008M (4%)     
[842.980s][info   ][gc,heap     ] GC(43)      Live:         -              3501M (3%)         3501M (3%)         3501M (3%)             -                  -          
[842.980s][info   ][gc,heap     ] GC(43) Allocated:         -               222M (0%)          234M (0%)         1524M (2%)             -                  -          
[842.980s][info   ][gc,heap     ] GC(43)   Garbage:         -             10696M (11%)        6818M (7%)          222M (0%)             -                  -          
[842.980s][info   ][gc,heap     ] GC(43) Reclaimed:         -                  -              3878M (4%)        10474M (10%)            -                  -          
[842.980s][info   ][gc          ] GC(43) Garbage Collection (Proactive) 14198M(14%)->4008M(4%)
[850.170s][info   ][gc,stats    ] === Garbage Collection Statistics =======================================================================================================================
[850.170s][info   ][gc,stats    ]                                                              Last 10s              Last 10m              Last 10h                Total
[850.170s][info   ][gc,stats    ]                                                              Avg / Max             Avg / Max             Avg / Max             Avg / Max
[850.170s][info   ][gc,stats    ]   Collector: Garbage Collection Cycle                    310.292 / 310.292     319.030 / 357.539     327.600 / 515.532     327.600 / 515.532     ms
[850.170s][info   ][gc,stats    ]  Contention: Mark Segment Reset Contention                    19 / 197              16 / 647              16 / 850              16 / 850         ops/s
[850.170s][info   ][gc,stats    ]  Contention: Mark SeqNum Reset Contention                      0 / 1                 0 / 3                 0 / 9                 0 / 9           ops/s
[850.170s][info   ][gc,stats    ]  Contention: Relocation Contention                             0 / 8                 1 / 228               0 / 228               0 / 228         ops/s
[850.170s][info   ][gc,stats    ]    Critical: Allocation Stall                              0.000 / 0.000         0.000 / 0.000         0.000 / 0.000         0.000 / 0.000       ms
[850.170s][info   ][gc,stats    ]    Critical: Allocation Stall                                  0 / 0                 0 / 0                 0 / 0                 0 / 0           ops/s
[850.170s][info   ][gc,stats    ]    Critical: GC Locker Stall                               0.000 / 0.000         0.000 / 0.000         0.000 / 0.000         0.000 / 0.000       ms
[850.170s][info   ][gc,stats    ]    Critical: GC Locker Stall                                   0 / 0                 0 / 0                 0 / 0                 0 / 0           ops/s
[850.170s][info   ][gc,stats    ]      Memory: Allocation Rate                                 637 / 708             621 / 848             618 / 1436            618 / 1436        MB/s
[850.170s][info   ][gc,stats    ]      Memory: Heap Used After Mark                          14420 / 14420         14658 / 17420         15471 / 30288         15471 / 30288       MB
[850.170s][info   ][gc,stats    ]      Memory: Heap Used After Relocation                     4008 / 4008           3977 / 4106           3802 / 4228           3802 / 4228        MB
[850.170s][info   ][gc,stats    ]      Memory: Heap Used Before Mark                         14198 / 14198         14473 / 17208         15291 / 30112         15291 / 30112       MB
[850.170s][info   ][gc,stats    ]      Memory: Heap Used Before Relocation                   10554 / 10554         10761 / 12744         11136 / 20378         11136 / 20378       MB
[850.170s][info   ][gc,stats    ]      Memory: Out Of Memory                                     0 / 0                 0 / 0                 0 / 0                 0 / 0           ops/s
[850.170s][info   ][gc,stats    ]      Memory: Page Cache Flush                                  0 / 0                 0 / 0                 0 / 0                 0 / 0           MB/s
[850.170s][info   ][gc,stats    ]      Memory: Page Cache Hit L1                               368 / 949             338 / 1112            316 / 1642            316 / 1642        ops/s
[850.170s][info   ][gc,stats    ]      Memory: Page Cache Hit L2                                 0 / 0                 0 / 0                 0 / 179               0 / 179         ops/s
[850.170s][info   ][gc,stats    ]      Memory: Page Cache Miss                                   0 / 0                 0 / 0                17 / 341              17 / 341         ops/s
[850.170s][info   ][gc,stats    ]      Memory: Undo Object Allocation Failed                     0 / 0                 0 / 0                 0 / 0                 0 / 0           ops/s
[850.170s][info   ][gc,stats    ]      Memory: Undo Object Allocation Succeeded                  0 / 8                 1 / 228               0 / 228               0 / 228         ops/s
[850.170s][info   ][gc,stats    ]      Memory: Undo Page Allocation                              0 / 0                 0 / 0                 0 / 69                0 / 69          ops/s
[850.170s][info   ][gc,stats    ]       Phase: Concurrent Destroy Detached Pages             0.001 / 0.001         0.001 / 0.001         0.001 / 0.001         0.001 / 0.001       ms
[850.170s][info   ][gc,stats    ]       Phase: Concurrent Mark                             193.090 / 193.090     197.645 / 216.161     196.941 / 275.553     196.941 / 275.553     ms
[850.170s][info   ][gc,stats    ]       Phase: Concurrent Mark Continue                      0.000 / 0.000         1.335 / 1.335         1.375 / 1.416         1.375 / 1.416       ms
[850.170s][info   ][gc,stats    ]       Phase: Concurrent Prepare Relocation Set             9.830 / 9.830        15.921 / 37.205       21.671 / 89.649       21.671 / 89.649      ms
[850.170s][info   ][gc,stats    ]       Phase: Concurrent Process Non-Strong References      1.646 / 1.646         1.777 / 3.790         2.478 / 19.270        2.478 / 19.270      ms
[850.170s][info   ][gc,stats    ]       Phase: Concurrent Relocate                         100.219 / 100.219      96.389 / 115.167      97.991 / 165.671      97.991 / 165.671     ms
[850.170s][info   ][gc,stats    ]       Phase: Concurrent Reset Relocation Set               1.196 / 1.196         1.805 / 4.347         2.381 / 14.653        2.381 / 14.653      ms
[850.170s][info   ][gc,stats    ]       Phase: Concurrent Select Relocation Set              2.149 / 2.149         3.278 / 11.393        3.726 / 12.148        3.726 / 12.148      ms
[850.170s][info   ][gc,stats    ]       Phase: Pause Mark End                                0.814 / 0.814         0.686 / 1.288         0.716 / 1.288         0.716 / 1.288       ms
[850.170s][info   ][gc,stats    ]       Phase: Pause Mark Start                              0.166 / 0.166         0.224 / 0.706         0.301 / 1.400         0.301 / 1.400       ms
[850.170s][info   ][gc,stats    ]       Phase: Pause Relocate Start                          0.184 / 0.184         0.197 / 0.273         0.216 / 1.025         0.216 / 1.025       ms
[850.170s][info   ][gc,stats    ]       Phase: Pause Verify                                  0.000 / 0.000         0.000 / 0.000         0.000 / 0.000         0.000 / 0.000       ms
[850.170s][info   ][gc,stats    ]    Subphase: Concurrent Classes Unload                     1.345 / 1.345         1.437 / 2.621         2.099 / 18.723        2.099 / 18.723      ms
[850.170s][info   ][gc,stats    ]    Subphase: Concurrent Mark                             192.033 / 192.405     190.873 / 215.381     186.957 / 273.889     186.957 / 273.889     ms
[850.170s][info   ][gc,stats    ]    Subphase: Concurrent Mark Idle                          1.135 / 1.204         1.137 / 1.413         1.137 / 1.413         1.137 / 1.413       ms
[850.170s][info   ][gc,stats    ]    Subphase: Concurrent Mark Try Flush                     0.069 / 0.095         0.073 / 0.187         0.076 / 0.545         0.076 / 0.545       ms
[850.170s][info   ][gc,stats    ]    Subphase: Concurrent Mark Try Terminate                 1.132 / 1.207         1.135 / 1.418         1.135 / 1.418         1.135 / 1.418       ms
[850.170s][info   ][gc,stats    ]    Subphase: Concurrent References Enqueue                 0.004 / 0.004         0.005 / 0.008         0.005 / 0.008         0.005 / 0.008       ms
[850.170s][info   ][gc,stats    ]    Subphase: Concurrent References Process                 0.072 / 0.072         0.071 / 0.133         0.072 / 0.140         0.072 / 0.140       ms
[850.170s][info   ][gc,stats    ]    Subphase: Concurrent Roots                              0.065 / 0.393         0.073 / 1.510         0.089 / 2.807         0.089 / 2.807       ms
[850.170s][info   ][gc,stats    ]    Subphase: Concurrent Roots ClassLoaderDataGraph         0.058 / 0.391         0.065 / 1.496         0.079 / 2.804         0.079 / 2.804       ms
[850.170s][info   ][gc,stats    ]    Subphase: Concurrent Roots JNIHandles                   0.009 / 0.016         0.012 / 0.135         0.027 / 0.551         0.027 / 0.551       ms
[850.170s][info   ][gc,stats    ]    Subphase: Concurrent Roots Setup                        0.081 / 0.081         0.162 / 1.420         0.229 / 1.622         0.229 / 1.622       ms
[850.170s][info   ][gc,stats    ]    Subphase: Concurrent Roots Teardown                     0.001 / 0.001         0.001 / 0.001         0.001 / 0.001         0.001 / 0.001       ms
[850.170s][info   ][gc,stats    ]    Subphase: Concurrent Weak Roots                         0.174 / 0.188         0.195 / 0.977         0.228 / 1.376         0.228 / 1.376       ms
[850.170s][info   ][gc,stats    ]    Subphase: Concurrent Weak Roots JNIWeakHandles          0.002 / 0.007         0.002 / 0.012         0.003 / 0.073         0.003 / 0.073       ms
[850.170s][info   ][gc,stats    ]    Subphase: Concurrent Weak Roots StringTable             0.148 / 0.156         0.168 / 0.953         0.202 / 1.327         0.202 / 1.327       ms
[850.170s][info   ][gc,stats    ]    Subphase: Concurrent Weak Roots VMWeakHandles           0.021 / 0.038         0.022 / 0.052         0.023 / 0.052         0.023 / 0.052       ms
[850.170s][info   ][gc,stats    ]    Subphase: Pause Mark Try Complete                       0.087 / 0.551         0.155 / 1.007         0.171 / 1.009         0.171 / 1.009       ms
[850.170s][info   ][gc,stats    ]    Subphase: Pause Roots                                   0.032 / 0.125         0.036 / 0.329         0.044 / 1.060         0.044 / 1.060       ms
[850.170s][info   ][gc,stats    ]    Subphase: Pause Roots CodeCache                         0.000 / 0.000         0.000 / 0.000         0.000 / 0.000         0.000 / 0.000       ms
[850.170s][info   ][gc,stats    ]    Subphase: Pause Roots JVMTIExport                       0.001 / 0.001         0.001 / 0.004         0.002 / 0.017         0.002 / 0.017       ms
[850.170s][info   ][gc,stats    ]    Subphase: Pause Roots JVMTIWeakExport                   0.001 / 0.001         0.001 / 0.002         0.001 / 0.002         0.001 / 0.002       ms
[850.170s][info   ][gc,stats    ]    Subphase: Pause Roots Management                        0.003 / 0.003         0.005 / 0.036         0.010 / 0.430         0.010 / 0.430       ms
[850.170s][info   ][gc,stats    ]    Subphase: Pause Roots ObjectSynchronizer                0.001 / 0.001         0.001 / 0.003         0.001 / 0.011         0.001 / 0.011       ms
[850.170s][info   ][gc,stats    ]    Subphase: Pause Roots Setup                             0.001 / 0.002         0.001 / 0.002         0.001 / 0.002         0.001 / 0.002       ms
[850.170s][info   ][gc,stats    ]    Subphase: Pause Roots SystemDictionary                  0.012 / 0.013         0.024 / 0.171         0.040 / 0.734         0.040 / 0.734       ms
[850.170s][info   ][gc,stats    ]    Subphase: Pause Roots Teardown                          0.003 / 0.005         0.004 / 0.009         0.004 / 0.009         0.004 / 0.009       ms
[850.170s][info   ][gc,stats    ]    Subphase: Pause Roots Threads                           0.041 / 0.122         0.043 / 0.316         0.052 / 1.042         0.052 / 1.042       ms
[850.170s][info   ][gc,stats    ]    Subphase: Pause Roots Universe                          0.009 / 0.013         0.007 / 0.022         0.015 / 0.626         0.015 / 0.626       ms
[850.170s][info   ][gc,stats    ]    Subphase: Pause Weak Roots                              0.001 / 0.005         0.001 / 0.008         0.001 / 0.008         0.001 / 0.008       ms
[850.170s][info   ][gc,stats    ]    Subphase: Pause Weak Roots JFRWeak                      0.001 / 0.001         0.001 / 0.002         0.001 / 0.002         0.001 / 0.002       ms
[850.170s][info   ][gc,stats    ]    Subphase: Pause Weak Roots JVMTIWeakExport              0.001 / 0.001         0.001 / 0.002         0.001 / 0.002         0.001 / 0.002       ms
[850.170s][info   ][gc,stats    ]    Subphase: Pause Weak Roots Setup                        0.001 / 0.001         0.001 / 0.001         0.001 / 0.001         0.001 / 0.001       ms
[850.170s][info   ][gc,stats    ]    Subphase: Pause Weak Roots Teardown                     0.001 / 0.001         0.001 / 0.004         0.001 / 0.004         0.001 / 0.004       ms
[850.170s][info   ][gc,stats    ]      System: Java Threads                                     62 / 62               61 / 62               60 / 65               60 / 65          threads
[850.170s][info   ][gc,stats    ] =========================================================================================================================================================
[859.370s][info   ][gc,start    ] GC(44) Garbage Collection (Proactive)
[859.370s][info   ][gc,phases   ] GC(44) Pause Mark Start 0.152ms
[859.566s][info   ][gc,phases   ] GC(44) Concurrent Mark 196.017ms
[859.567s][info   ][gc,phases   ] GC(44) Pause Mark End 0.444ms
[859.569s][info   ][gc,phases   ] GC(44) Concurrent Process Non-Strong References 1.624ms
[859.570s][info   ][gc,phases   ] GC(44) Concurrent Reset Relocation Set 1.151ms
[859.570s][info   ][gc,phases   ] GC(44) Concurrent Destroy Detached Pages 0.001ms
[859.572s][info   ][gc,phases   ] GC(44) Concurrent Select Relocation Set 2.178ms
[859.582s][info   ][gc,phases   ] GC(44) Concurrent Prepare Relocation Set 10.060ms
[859.582s][info   ][gc,phases   ] GC(44) Pause Relocate Start 0.181ms
[859.686s][info   ][gc,phases   ] GC(44) Concurrent Relocate 103.138ms
[859.686s][info   ][gc,load     ] GC(44) Load: 5.59/4.03/2.41
[859.686s][info   ][gc,mmu      ] GC(44) MMU: 2ms/30.0%, 5ms/69.9%, 10ms/81.7%, 20ms/87.7%, 50ms/95.1%, 100ms/97.5%
[859.686s][info   ][gc,marking  ] GC(44) Mark: 8 stripe(s), 10 proactive flush(es), 2 terminate flush(es), 1 completion(s), 0 continuation(s) 
[859.686s][info   ][gc,reloc    ] GC(44) Relocation: Successful, 1375M relocated
[859.686s][info   ][gc,nmethod  ] GC(44) NMethods: 5657 registered, 1183 unregistered
[859.686s][info   ][gc,metaspace] GC(44) Metaspace: 40M used, 41M capacity, 41M committed, 42M reserved
[859.686s][info   ][gc,ref      ] GC(44) Soft: 3327 encountered, 0 discovered, 0 enqueued
[859.686s][info   ][gc,ref      ] GC(44) Weak: 1530 encountered, 637 discovered, 0 enqueued
[859.686s][info   ][gc,ref      ] GC(44) Final: 31 encountered, 4 discovered, 4 enqueued
[859.686s][info   ][gc,ref      ] GC(44) Phantom: 120 encountered, 102 discovered, 0 enqueued
[859.686s][info   ][gc,heap     ] GC(44)                Mark Start          Mark End        Relocate Start      Relocate End           High               Low         
[859.686s][info   ][gc,heap     ] GC(44)  Capacity:    30390M (30%)       30390M (30%)       30390M (30%)       30390M (30%)       30390M (30%)       30390M (30%)    
[859.686s][info   ][gc,heap     ] GC(44)   Reserve:       80M (0%)           80M (0%)           80M (0%)           80M (0%)           80M (0%)           80M (0%)     
[859.686s][info   ][gc,heap     ] GC(44)      Free:    86200M (86%)       86008M (86%)       89676M (89%)       96320M (96%)       96320M (96%)       86004M (86%)    
[859.686s][info   ][gc,heap     ] GC(44)      Used:    14072M (14%)       14264M (14%)       10596M (11%)        3952M (4%)        14268M (14%)        3952M (4%)     
[859.686s][info   ][gc,heap     ] GC(44)      Live:         -              3489M (3%)         3489M (3%)         3489M (3%)             -                  -          
[859.686s][info   ][gc,heap     ] GC(44) Allocated:         -               192M (0%)          200M (0%)         1520M (2%)             -                  -          
[859.686s][info   ][gc,heap     ] GC(44)   Garbage:         -             10582M (11%)        6906M (7%)          224M (0%)             -                  -          
[859.686s][info   ][gc,heap     ] GC(44) Reclaimed:         -                  -              3676M (4%)        10358M (10%)            -                  -          
[859.686s][info   ][gc          ] GC(44) Garbage Collection (Proactive) 14072M(14%)->3952M(4%)
[860.170s][info   ][gc,stats    ] === Garbage Collection Statistics =======================================================================================================================
[860.170s][info   ][gc,stats    ]                                                              Last 10s              Last 10m              Last 10h                Total
[860.170s][info   ][gc,stats    ]                                                              Avg / Max             Avg / Max             Avg / Max             Avg / Max
[860.170s][info   ][gc,stats    ]   Collector: Garbage Collection Cycle                    315.929 / 315.929     317.841 / 354.075     327.340 / 515.532     327.340 / 515.532     ms
[860.170s][info   ][gc,stats    ]  Contention: Mark Segment Reset Contention                    18 / 186              16 / 647              16 / 850              16 / 850         ops/s
[860.170s][info   ][gc,stats    ]  Contention: Mark SeqNum Reset Contention                      0 / 1                 0 / 3                 0 / 9                 0 / 9           ops/s
[860.170s][info   ][gc,stats    ]  Contention: Relocation Contention                             0 / 4                 1 / 228               0 / 228               0 / 228         ops/s
[860.170s][info   ][gc,stats    ]    Critical: Allocation Stall                              0.000 / 0.000         0.000 / 0.000         0.000 / 0.000         0.000 / 0.000       ms
[860.170s][info   ][gc,stats    ]    Critical: Allocation Stall                                  0 / 0                 0 / 0                 0 / 0                 0 / 0           ops/s
[860.170s][info   ][gc,stats    ]    Critical: GC Locker Stall                               0.000 / 0.000         0.000 / 0.000         0.000 / 0.000         0.000 / 0.000       ms
[860.170s][info   ][gc,stats    ]    Critical: GC Locker Stall                                   0 / 0                 0 / 0                 0 / 0                 0 / 0           ops/s
[860.170s][info   ][gc,stats    ]      Memory: Allocation Rate                                 613 / 698             621 / 848             618 / 1436            618 / 1436        MB/s
[860.170s][info   ][gc,stats    ]      Memory: Heap Used After Mark                          14264 / 14264         14568 / 16160         15444 / 30288         15444 / 30288       MB
[860.170s][info   ][gc,stats    ]      Memory: Heap Used After Relocation                     3952 / 3952           3975 / 4106           3805 / 4228           3805 / 4228        MB
[860.170s][info   ][gc,stats    ]      Memory: Heap Used Before Mark                         14072 / 14072         14383 / 15980         15264 / 30112         15264 / 30112       MB
[860.170s][info   ][gc,stats    ]      Memory: Heap Used Before Relocation                   10596 / 10596         10700 / 11644         11124 / 20378         11124 / 20378       MB
[860.170s][info   ][gc,stats    ]      Memory: Out Of Memory                                     0 / 0                 0 / 0                 0 / 0                 0 / 0           ops/s
[860.170s][info   ][gc,stats    ]      Memory: Page Cache Flush                                  0 / 0                 0 / 0                 0 / 0                 0 / 0           MB/s
[860.170s][info   ][gc,stats    ]      Memory: Page Cache Hit L1                               358 / 957             337 / 1112            316 / 1642            316 / 1642        ops/s
[860.170s][info   ][gc,stats    ]      Memory: Page Cache Hit L2                                 0 / 0                 0 / 0                 0 / 179               0 / 179         ops/s
[860.170s][info   ][gc,stats    ]      Memory: Page Cache Miss                                   0 / 0                 0 / 0                17 / 341              17 / 341         ops/s
[860.170s][info   ][gc,stats    ]      Memory: Undo Object Allocation Failed                     0 / 0                 0 / 0                 0 / 0                 0 / 0           ops/s
[860.170s][info   ][gc,stats    ]      Memory: Undo Object Allocation Succeeded                  0 / 4                 1 / 228               0 / 228               0 / 228         ops/s
[860.170s][info   ][gc,stats    ]      Memory: Undo Page Allocation                              0 / 0                 0 / 0                 0 / 69                0 / 69          ops/s
[860.170s][info   ][gc,stats    ]       Phase: Concurrent Destroy Detached Pages             0.001 / 0.001         0.001 / 0.001         0.001 / 0.001         0.001 / 0.001       ms
[860.170s][info   ][gc,stats    ]       Phase: Concurrent Mark                             196.017 / 196.017     197.069 / 216.014     196.920 / 275.553     196.920 / 275.553     ms
[860.170s][info   ][gc,stats    ]       Phase: Concurrent Mark Continue                      0.000 / 0.000         1.335 / 1.335         1.375 / 1.416         1.375 / 1.416       ms
[860.170s][info   ][gc,stats    ]       Phase: Concurrent Prepare Relocation Set            10.060 / 10.060       15.293 / 37.205       21.413 / 89.649       21.413 / 89.649      ms
[860.170s][info   ][gc,stats    ]       Phase: Concurrent Process Non-Strong References      1.624 / 1.624         1.764 / 3.790         2.459 / 19.270        2.459 / 19.270      ms
[860.170s][info   ][gc,stats    ]       Phase: Concurrent Relocate                         103.138 / 103.138      96.504 / 115.167      98.105 / 165.671      98.105 / 165.671     ms
[860.170s][info   ][gc,stats    ]       Phase: Concurrent Reset Relocation Set               1.151 / 1.151         1.747 / 4.347         2.354 / 14.653        2.354 / 14.653      ms
[860.170s][info   ][gc,stats    ]       Phase: Concurrent Select Relocation Set              2.178 / 2.178         3.266 / 11.393        3.692 / 12.148        3.692 / 12.148      ms
[860.170s][info   ][gc,stats    ]       Phase: Pause Mark End                                0.444 / 0.444         0.680 / 1.288         0.710 / 1.288         0.710 / 1.288       ms
[860.170s][info   ][gc,stats    ]       Phase: Pause Mark Start                              0.152 / 0.152         0.222 / 0.706         0.298 / 1.400         0.298 / 1.400       ms
[860.170s][info   ][gc,stats    ]       Phase: Pause Relocate Start                          0.181 / 0.181         0.195 / 0.265         0.215 / 1.025         0.215 / 1.025       ms
[860.170s][info   ][gc,stats    ]       Phase: Pause Verify                                  0.000 / 0.000         0.000 / 0.000         0.000 / 0.000         0.000 / 0.000       ms
[860.170s][info   ][gc,stats    ]    Subphase: Concurrent Classes Unload                     1.337 / 1.337         1.425 / 2.621         2.082 / 18.723        2.082 / 18.723      ms
[860.170s][info   ][gc,stats    ]    Subphase: Concurrent Mark                             194.890 / 195.340     190.320 / 215.316     187.126 / 273.889     187.126 / 273.889     ms
[860.170s][info   ][gc,stats    ]    Subphase: Concurrent Mark Idle                          1.134 / 1.165         1.137 / 1.413         1.137 / 1.413         1.137 / 1.413       ms
[860.171s][info   ][gc,stats    ]    Subphase: Concurrent Mark Try Flush                     0.073 / 0.104         0.073 / 0.187         0.076 / 0.545         0.076 / 0.545       ms
[860.171s][info   ][gc,stats    ]    Subphase: Concurrent Mark Try Terminate                 1.131 / 1.167         1.135 / 1.418         1.135 / 1.418         1.135 / 1.418       ms
[860.171s][info   ][gc,stats    ]    Subphase: Concurrent References Enqueue                 0.005 / 0.005         0.005 / 0.008         0.005 / 0.008         0.005 / 0.008       ms
[860.171s][info   ][gc,stats    ]    Subphase: Concurrent References Process                 0.057 / 0.057         0.070 / 0.133         0.072 / 0.140         0.072 / 0.140       ms
[860.171s][info   ][gc,stats    ]    Subphase: Concurrent Roots                              0.068 / 0.445         0.073 / 1.510         0.089 / 2.807         0.089 / 2.807       ms
[860.171s][info   ][gc,stats    ]    Subphase: Concurrent Roots ClassLoaderDataGraph         0.059 / 0.428         0.065 / 1.496         0.078 / 2.804         0.078 / 2.804       ms
[860.171s][info   ][gc,stats    ]    Subphase: Concurrent Roots JNIHandles                   0.011 / 0.016         0.012 / 0.135         0.027 / 0.551         0.027 / 0.551       ms
[860.171s][info   ][gc,stats    ]    Subphase: Concurrent Roots Setup                        0.083 / 0.083         0.161 / 1.420         0.226 / 1.622         0.226 / 1.622       ms
[860.171s][info   ][gc,stats    ]    Subphase: Concurrent Roots Teardown                     0.001 / 0.001         0.001 / 0.001         0.001 / 0.001         0.001 / 0.001       ms
[860.171s][info   ][gc,stats    ]    Subphase: Concurrent Weak Roots                         0.174 / 0.193         0.195 / 0.977         0.227 / 1.376         0.227 / 1.376       ms
[860.171s][info   ][gc,stats    ]    Subphase: Concurrent Weak Roots JNIWeakHandles          0.002 / 0.008         0.002 / 0.012         0.003 / 0.073         0.003 / 0.073       ms
[860.171s][info   ][gc,stats    ]    Subphase: Concurrent Weak Roots StringTable             0.146 / 0.153         0.168 / 0.953         0.200 / 1.327         0.200 / 1.327       ms
[860.171s][info   ][gc,stats    ]    Subphase: Concurrent Weak Roots VMWeakHandles           0.025 / 0.052         0.023 / 0.052         0.023 / 0.052         0.023 / 0.052       ms
[860.171s][info   ][gc,stats    ]    Subphase: Pause Mark Try Complete                       0.065 / 0.214         0.153 / 1.007         0.168 / 1.009         0.168 / 1.009       ms
[860.171s][info   ][gc,stats    ]    Subphase: Pause Roots                                   0.032 / 0.126         0.036 / 0.329         0.044 / 1.060         0.044 / 1.060       ms
[860.171s][info   ][gc,stats    ]    Subphase: Pause Roots CodeCache                         0.000 / 0.000         0.000 / 0.000         0.000 / 0.000         0.000 / 0.000       ms
[860.171s][info   ][gc,stats    ]    Subphase: Pause Roots JVMTIExport                       0.001 / 0.001         0.001 / 0.004         0.002 / 0.017         0.002 / 0.017       ms
[860.171s][info   ][gc,stats    ]    Subphase: Pause Roots JVMTIWeakExport                   0.001 / 0.001         0.001 / 0.002         0.001 / 0.002         0.001 / 0.002       ms
[860.171s][info   ][gc,stats    ]    Subphase: Pause Roots Management                        0.003 / 0.004         0.005 / 0.036         0.010 / 0.430         0.010 / 0.430       ms
[860.171s][info   ][gc,stats    ]    Subphase: Pause Roots ObjectSynchronizer                0.001 / 0.001         0.001 / 0.003         0.001 / 0.011         0.001 / 0.011       ms
[860.171s][info   ][gc,stats    ]    Subphase: Pause Roots Setup                             0.001 / 0.001         0.001 / 0.002         0.001 / 0.002         0.001 / 0.002       ms
[860.171s][info   ][gc,stats    ]    Subphase: Pause Roots SystemDictionary                  0.015 / 0.020         0.023 / 0.171         0.039 / 0.734         0.039 / 0.734       ms
[860.171s][info   ][gc,stats    ]    Subphase: Pause Roots Teardown                          0.003 / 0.005         0.004 / 0.009         0.004 / 0.009         0.004 / 0.009       ms
[860.171s][info   ][gc,stats    ]    Subphase: Pause Roots Threads                           0.039 / 0.124         0.042 / 0.316         0.052 / 1.042         0.052 / 1.042       ms
[860.171s][info   ][gc,stats    ]    Subphase: Pause Roots Universe                          0.003 / 0.005         0.007 / 0.022         0.015 / 0.626         0.015 / 0.626       ms
[860.171s][info   ][gc,stats    ]    Subphase: Pause Weak Roots                              0.001 / 0.005         0.001 / 0.008         0.001 / 0.008         0.001 / 0.008       ms
[860.171s][info   ][gc,stats    ]    Subphase: Pause Weak Roots JFRWeak                      0.001 / 0.001         0.001 / 0.002         0.001 / 0.002         0.001 / 0.002       ms
[860.171s][info   ][gc,stats    ]    Subphase: Pause Weak Roots JVMTIWeakExport              0.001 / 0.001         0.001 / 0.002         0.001 / 0.002         0.001 / 0.002       ms
[860.171s][info   ][gc,stats    ]    Subphase: Pause Weak Roots Setup                        0.001 / 0.001         0.001 / 0.001         0.001 / 0.001         0.001 / 0.001       ms
[860.171s][info   ][gc,stats    ]    Subphase: Pause Weak Roots Teardown                     0.001 / 0.001         0.001 / 0.004         0.001 / 0.004         0.001 / 0.004       ms
[860.171s][info   ][gc,stats    ]      System: Java Threads                                     62 / 62               61 / 62               60 / 65               60 / 65          threads
[860.171s][info   ][gc,stats    ] =========================================================================================================================================================
[870.170s][info   ][gc,stats    ] === Garbage Collection Statistics =======================================================================================================================
[870.170s][info   ][gc,stats    ]                                                              Last 10s              Last 10m              Last 10h                Total
[870.170s][info   ][gc,stats    ]                                                              Avg / Max             Avg / Max             Avg / Max             Avg / Max
[870.170s][info   ][gc,stats    ]   Collector: Garbage Collection Cycle                      0.000 / 0.000       317.841 / 354.075     327.340 / 515.532     327.340 / 515.532     ms
[870.170s][info   ][gc,stats    ]  Contention: Mark Segment Reset Contention                     0 / 0                16 / 647              15 / 850              15 / 850         ops/s
[870.170s][info   ][gc,stats    ]  Contention: Mark SeqNum Reset Contention                      0 / 0                 0 / 3                 0 / 9                 0 / 9           ops/s
[870.170s][info   ][gc,stats    ]  Contention: Relocation Contention                             0 / 0                 1 / 228               0 / 228               0 / 228         ops/s
[870.170s][info   ][gc,stats    ]    Critical: Allocation Stall                              0.000 / 0.000         0.000 / 0.000         0.000 / 0.000         0.000 / 0.000       ms
[870.170s][info   ][gc,stats    ]    Critical: Allocation Stall                                  0 / 0                 0 / 0                 0 / 0                 0 / 0           ops/s
[870.170s][info   ][gc,stats    ]    Critical: GC Locker Stall                               0.000 / 0.000         0.000 / 0.000         0.000 / 0.000         0.000 / 0.000       ms
[870.170s][info   ][gc,stats    ]    Critical: GC Locker Stall                                   0 / 0                 0 / 0                 0 / 0                 0 / 0           ops/s
[870.170s][info   ][gc,stats    ]      Memory: Allocation Rate                                 644 / 700             622 / 848             618 / 1436            618 / 1436        MB/s
[870.170s][info   ][gc,stats    ]      Memory: Heap Used After Mark                              0 / 0             14568 / 16160         15444 / 30288         15444 / 30288       MB
[870.170s][info   ][gc,stats    ]      Memory: Heap Used After Relocation                        0 / 0              3975 / 4106           3805 / 4228           3805 / 4228        MB
[870.170s][info   ][gc,stats    ]      Memory: Heap Used Before Mark                             0 / 0             14383 / 15980         15264 / 30112         15264 / 30112       MB
[870.170s][info   ][gc,stats    ]      Memory: Heap Used Before Relocation                       0 / 0             10700 / 11644         11124 / 20378         11124 / 20378       MB
[870.170s][info   ][gc,stats    ]      Memory: Out Of Memory                                     0 / 0                 0 / 0                 0 / 0                 0 / 0           ops/s
[870.170s][info   ][gc,stats    ]      Memory: Page Cache Flush                                  0 / 0                 0 / 0                 0 / 0                 0 / 0           MB/s
[870.170s][info   ][gc,stats    ]      Memory: Page Cache Hit L1                               311 / 335             338 / 1112            316 / 1642            316 / 1642        ops/s
[870.170s][info   ][gc,stats    ]      Memory: Page Cache Hit L2                                 0 / 0                 0 / 0                 0 / 179               0 / 179         ops/s
[870.170s][info   ][gc,stats    ]      Memory: Page Cache Miss                                   0 / 0                 0 / 0                16 / 341              16 / 341         ops/s
[870.170s][info   ][gc,stats    ]      Memory: Undo Object Allocation Failed                     0 / 0                 0 / 0                 0 / 0                 0 / 0           ops/s
[870.170s][info   ][gc,stats    ]      Memory: Undo Object Allocation Succeeded                  0 / 0                 1 / 228               0 / 228               0 / 228         ops/s
[870.170s][info   ][gc,stats    ]      Memory: Undo Page Allocation                              0 / 0                 0 / 0                 0 / 69                0 / 69          ops/s
[870.170s][info   ][gc,stats    ]       Phase: Concurrent Destroy Detached Pages             0.000 / 0.000         0.001 / 0.001         0.001 / 0.001         0.001 / 0.001       ms
[870.170s][info   ][gc,stats    ]       Phase: Concurrent Mark                               0.000 / 0.000       197.069 / 216.014     196.920 / 275.553     196.920 / 275.553     ms
[870.170s][info   ][gc,stats    ]       Phase: Concurrent Mark Continue                      0.000 / 0.000         1.335 / 1.335         1.375 / 1.416         1.375 / 1.416       ms
[870.170s][info   ][gc,stats    ]       Phase: Concurrent Prepare Relocation Set             0.000 / 0.000        15.293 / 37.205       21.413 / 89.649       21.413 / 89.649      ms
[870.170s][info   ][gc,stats    ]       Phase: Concurrent Process Non-Strong References      0.000 / 0.000         1.764 / 3.790         2.459 / 19.270        2.459 / 19.270      ms
[870.170s][info   ][gc,stats    ]       Phase: Concurrent Relocate                           0.000 / 0.000        96.504 / 115.167      98.105 / 165.671      98.105 / 165.671     ms
[870.170s][info   ][gc,stats    ]       Phase: Concurrent Reset Relocation Set               0.000 / 0.000         1.747 / 4.347         2.354 / 14.653        2.354 / 14.653      ms
[870.170s][info   ][gc,stats    ]       Phase: Concurrent Select Relocation Set              0.000 / 0.000         3.266 / 11.393        3.692 / 12.148        3.692 / 12.148      ms
[870.170s][info   ][gc,stats    ]       Phase: Pause Mark End                                0.000 / 0.000         0.680 / 1.288         0.710 / 1.288         0.710 / 1.288       ms
[870.170s][info   ][gc,stats    ]       Phase: Pause Mark Start                              0.000 / 0.000         0.222 / 0.706         0.298 / 1.400         0.298 / 1.400       ms
[870.170s][info   ][gc,stats    ]       Phase: Pause Relocate Start                          0.000 / 0.000         0.195 / 0.265         0.215 / 1.025         0.215 / 1.025       ms
[870.170s][info   ][gc,stats    ]       Phase: Pause Verify                                  0.000 / 0.000         0.000 / 0.000         0.000 / 0.000         0.000 / 0.000       ms
[870.170s][info   ][gc,stats    ]    Subphase: Concurrent Classes Unload                     0.000 / 0.000         1.425 / 2.621         2.082 / 18.723        2.082 / 18.723      ms
[870.170s][info   ][gc,stats    ]    Subphase: Concurrent Mark                               0.000 / 0.000       190.320 / 215.316     187.126 / 273.889     187.126 / 273.889     ms
[870.170s][info   ][gc,stats    ]    Subphase: Concurrent Mark Idle                          0.000 / 0.000         1.137 / 1.413         1.137 / 1.413         1.137 / 1.413       ms
[870.170s][info   ][gc,stats    ]    Subphase: Concurrent Mark Try Flush                     0.000 / 0.000         0.073 / 0.187         0.076 / 0.545         0.076 / 0.545       ms
[870.170s][info   ][gc,stats    ]    Subphase: Concurrent Mark Try Terminate                 0.000 / 0.000         1.135 / 1.418         1.135 / 1.418         1.135 / 1.418       ms
[870.170s][info   ][gc,stats    ]    Subphase: Concurrent References Enqueue                 0.000 / 0.000         0.005 / 0.008         0.005 / 0.008         0.005 / 0.008       ms
[870.170s][info   ][gc,stats    ]    Subphase: Concurrent References Process                 0.000 / 0.000         0.070 / 0.133         0.072 / 0.140         0.072 / 0.140       ms
[870.170s][info   ][gc,stats    ]    Subphase: Concurrent Roots                              0.000 / 0.000         0.073 / 1.510         0.089 / 2.807         0.089 / 2.807       ms
[870.170s][info   ][gc,stats    ]    Subphase: Concurrent Roots ClassLoaderDataGraph         0.000 / 0.000         0.065 / 1.496         0.078 / 2.804         0.078 / 2.804       ms
[870.170s][info   ][gc,stats    ]    Subphase: Concurrent Roots JNIHandles                   0.000 / 0.000         0.012 / 0.135         0.027 / 0.551         0.027 / 0.551       ms
[870.170s][info   ][gc,stats    ]    Subphase: Concurrent Roots Setup                        0.000 / 0.000         0.161 / 1.420         0.226 / 1.622         0.226 / 1.622       ms
[870.170s][info   ][gc,stats    ]    Subphase: Concurrent Roots Teardown                     0.000 / 0.000         0.001 / 0.001         0.001 / 0.001         0.001 / 0.001       ms
[870.170s][info   ][gc,stats    ]    Subphase: Concurrent Weak Roots                         0.000 / 0.000         0.195 / 0.977         0.227 / 1.376         0.227 / 1.376       ms
[870.170s][info   ][gc,stats    ]    Subphase: Concurrent Weak Roots JNIWeakHandles          0.000 / 0.000         0.002 / 0.012         0.003 / 0.073         0.003 / 0.073       ms
[870.170s][info   ][gc,stats    ]    Subphase: Concurrent Weak Roots StringTable             0.000 / 0.000         0.168 / 0.953         0.200 / 1.327         0.200 / 1.327       ms
[870.170s][info   ][gc,stats    ]    Subphase: Concurrent Weak Roots VMWeakHandles           0.000 / 0.000         0.023 / 0.052         0.023 / 0.052         0.023 / 0.052       ms
[870.170s][info   ][gc,stats    ]    Subphase: Pause Mark Try Complete                       0.000 / 0.000         0.153 / 1.007         0.168 / 1.009         0.168 / 1.009       ms
[870.170s][info   ][gc,stats    ]    Subphase: Pause Roots                                   0.000 / 0.000         0.036 / 0.329         0.044 / 1.060         0.044 / 1.060       ms
[870.170s][info   ][gc,stats    ]    Subphase: Pause Roots CodeCache                         0.000 / 0.000         0.000 / 0.000         0.000 / 0.000         0.000 / 0.000       ms
[870.170s][info   ][gc,stats    ]    Subphase: Pause Roots JVMTIExport                       0.000 / 0.000         0.001 / 0.004         0.002 / 0.017         0.002 / 0.017       ms
[870.170s][info   ][gc,stats    ]    Subphase: Pause Roots JVMTIWeakExport                   0.000 / 0.000         0.001 / 0.002         0.001 / 0.002         0.001 / 0.002       ms
[870.170s][info   ][gc,stats    ]    Subphase: Pause Roots Management                        0.000 / 0.000         0.005 / 0.036         0.010 / 0.430         0.010 / 0.430       ms
[870.170s][info   ][gc,stats    ]    Subphase: Pause Roots ObjectSynchronizer                0.000 / 0.000         0.001 / 0.003         0.001 / 0.011         0.001 / 0.011       ms
[870.170s][info   ][gc,stats    ]    Subphase: Pause Roots Setup                             0.000 / 0.000         0.001 / 0.002         0.001 / 0.002         0.001 / 0.002       ms
[870.170s][info   ][gc,stats    ]    Subphase: Pause Roots SystemDictionary                  0.000 / 0.000         0.023 / 0.171         0.039 / 0.734         0.039 / 0.734       ms
[870.170s][info   ][gc,stats    ]    Subphase: Pause Roots Teardown                          0.000 / 0.000         0.004 / 0.009         0.004 / 0.009         0.004 / 0.009       ms
[870.170s][info   ][gc,stats    ]    Subphase: Pause Roots Threads                           0.000 / 0.000         0.042 / 0.316         0.052 / 1.042         0.052 / 1.042       ms
[870.170s][info   ][gc,stats    ]    Subphase: Pause Roots Universe                          0.000 / 0.000         0.007 / 0.022         0.015 / 0.626         0.015 / 0.626       ms
[870.170s][info   ][gc,stats    ]    Subphase: Pause Weak Roots                              0.000 / 0.000         0.001 / 0.008         0.001 / 0.008         0.001 / 0.008       ms
[870.170s][info   ][gc,stats    ]    Subphase: Pause Weak Roots JFRWeak                      0.000 / 0.000         0.001 / 0.002         0.001 / 0.002         0.001 / 0.002       ms
[870.170s][info   ][gc,stats    ]    Subphase: Pause Weak Roots JVMTIWeakExport              0.000 / 0.000         0.001 / 0.002         0.001 / 0.002         0.001 / 0.002       ms
[870.170s][info   ][gc,stats    ]    Subphase: Pause Weak Roots Setup                        0.000 / 0.000         0.001 / 0.001         0.001 / 0.001         0.001 / 0.001       ms
[870.170s][info   ][gc,stats    ]    Subphase: Pause Weak Roots Teardown                     0.000 / 0.000         0.001 / 0.004         0.001 / 0.004         0.001 / 0.004       ms
[870.170s][info   ][gc,stats    ]      System: Java Threads                                      0 / 0                61 / 62               60 / 65               60 / 65          threads
[870.170s][info   ][gc,stats    ] =========================================================================================================================================================
[875.470s][info   ][gc,start    ] GC(45) Garbage Collection (Proactive)
[875.471s][info   ][gc,phases   ] GC(45) Pause Mark Start 0.194ms
[875.662s][info   ][gc,phases   ] GC(45) Concurrent Mark 191.093ms
[875.662s][info   ][gc,phases   ] GC(45) Pause Mark End 0.573ms
[875.664s][info   ][gc,phases   ] GC(45) Concurrent Process Non-Strong References 1.787ms
[875.666s][info   ][gc,phases   ] GC(45) Concurrent Reset Relocation Set 1.201ms
[875.666s][info   ][gc,phases   ] GC(45) Concurrent Destroy Detached Pages 0.001ms
[875.668s][info   ][gc,phases   ] GC(45) Concurrent Select Relocation Set 2.371ms
[875.679s][info   ][gc,phases   ] GC(45) Concurrent Prepare Relocation Set 10.916ms
[875.679s][info   ][gc,phases   ] GC(45) Pause Relocate Start 0.201ms
[875.783s][info   ][gc,phases   ] GC(45) Concurrent Relocate 103.595ms
[875.783s][info   ][gc,load     ] GC(45) Load: 5.38/4.06/2.44
[875.783s][info   ][gc,mmu      ] GC(45) MMU: 2ms/30.0%, 5ms/69.9%, 10ms/81.7%, 20ms/87.7%, 50ms/95.1%, 100ms/97.5%
[875.783s][info   ][gc,marking  ] GC(45) Mark: 8 stripe(s), 10 proactive flush(es), 2 terminate flush(es), 1 completion(s), 0 continuation(s) 
[875.783s][info   ][gc,reloc    ] GC(45) Relocation: Successful, 1385M relocated
[875.783s][info   ][gc,nmethod  ] GC(45) NMethods: 5659 registered, 1183 unregistered
[875.783s][info   ][gc,metaspace] GC(45) Metaspace: 40M used, 41M capacity, 41M committed, 42M reserved
[875.783s][info   ][gc,ref      ] GC(45) Soft: 3327 encountered, 0 discovered, 0 enqueued
[875.783s][info   ][gc,ref      ] GC(45) Weak: 1530 encountered, 276 discovered, 0 enqueued
[875.783s][info   ][gc,ref      ] GC(45) Final: 30 encountered, 3 discovered, 3 enqueued
[875.783s][info   ][gc,ref      ] GC(45) Phantom: 120 encountered, 101 discovered, 0 enqueued
[875.783s][info   ][gc,heap     ] GC(45)                Mark Start          Mark End        Relocate Start      Relocate End           High               Low         
[875.783s][info   ][gc,heap     ] GC(45)  Capacity:    30390M (30%)       30390M (30%)       30390M (30%)       30390M (30%)       30390M (30%)       30390M (30%)    
[875.783s][info   ][gc,heap     ] GC(45)   Reserve:       80M (0%)           80M (0%)           80M (0%)           80M (0%)           80M (0%)           80M (0%)     
[875.783s][info   ][gc,heap     ] GC(45)      Free:    86156M (86%)       85962M (86%)       89594M (89%)       96274M (96%)       96274M (96%)       85962M (86%)    
[875.783s][info   ][gc,heap     ] GC(45)      Used:    14116M (14%)       14310M (14%)       10678M (11%)        3998M (4%)        14310M (14%)        3998M (4%)     
[875.783s][info   ][gc,heap     ] GC(45)      Live:         -              3498M (3%)         3498M (3%)         3498M (3%)             -                  -          
[875.783s][info   ][gc,heap     ] GC(45) Allocated:         -               194M (0%)          220M (0%)         1576M (2%)             -                  -          
[875.783s][info   ][gc,heap     ] GC(45)   Garbage:         -             10617M (11%)        6959M (7%)          233M (0%)             -                  -          
[875.783s][info   ][gc,heap     ] GC(45) Reclaimed:         -                  -              3658M (4%)        10384M (10%)            -                  -          
[875.783s][info   ][gc          ] GC(45) Garbage Collection (Proactive) 14116M(14%)->3998M(4%)
[880.169s][info   ][gc,stats    ] === Garbage Collection Statistics =======================================================================================================================
[880.169s][info   ][gc,stats    ]                                                              Last 10s              Last 10m              Last 10h                Total
[880.169s][info   ][gc,stats    ]                                                              Avg / Max             Avg / Max             Avg / Max             Avg / Max
[880.169s][info   ][gc,stats    ]   Collector: Garbage Collection Cycle                    312.971 / 312.971     316.730 / 354.075     327.028 / 515.532     327.028 / 515.532     ms
[880.169s][info   ][gc,stats    ]  Contention: Mark Segment Reset Contention                    20 / 204              15 / 647              15 / 850              15 / 850         ops/s
[880.169s][info   ][gc,stats    ]  Contention: Mark SeqNum Reset Contention                      0 / 1                 0 / 3                 0 / 9                 0 / 9           ops/s
[880.169s][info   ][gc,stats    ]  Contention: Relocation Contention                             2 / 27                1 / 228               0 / 228               0 / 228         ops/s
[880.169s][info   ][gc,stats    ]    Critical: Allocation Stall                              0.000 / 0.000         0.000 / 0.000         0.000 / 0.000         0.000 / 0.000       ms
[880.169s][info   ][gc,stats    ]    Critical: Allocation Stall                                  0 / 0                 0 / 0                 0 / 0                 0 / 0           ops/s
[880.169s][info   ][gc,stats    ]    Critical: GC Locker Stall                               0.000 / 0.000         0.000 / 0.000         0.000 / 0.000         0.000 / 0.000       ms
[880.170s][info   ][gc,stats    ]    Critical: GC Locker Stall                                   0 / 0                 0 / 0                 0 / 0                 0 / 0           ops/s
[880.170s][info   ][gc,stats    ]      Memory: Allocation Rate                                 646 / 698             622 / 848             618 / 1436            618 / 1436        MB/s
[880.170s][info   ][gc,stats    ]      Memory: Heap Used After Mark                          14310 / 14310         14515 / 15890         15419 / 30288         15419 / 30288       MB
[880.170s][info   ][gc,stats    ]      Memory: Heap Used After Relocation                     3998 / 3998           3972 / 4106           3809 / 4228           3809 / 4228        MB
[880.170s][info   ][gc,stats    ]      Memory: Heap Used Before Mark                         14116 / 14116         14330 / 15658         15239 / 30112         15239 / 30112       MB
[880.170s][info   ][gc,stats    ]      Memory: Heap Used Before Relocation                   10678 / 10678         10672 / 11324         11114 / 20378         11114 / 20378       MB
[880.170s][info   ][gc,stats    ]      Memory: Out Of Memory                                     0 / 0                 0 / 0                 0 / 0                 0 / 0           ops/s
[880.170s][info   ][gc,stats    ]      Memory: Page Cache Flush                                  0 / 0                 0 / 0                 0 / 0                 0 / 0           MB/s
[880.170s][info   ][gc,stats    ]      Memory: Page Cache Hit L1                               375 / 974             338 / 1039            317 / 1642            317 / 1642        ops/s
[880.170s][info   ][gc,stats    ]      Memory: Page Cache Hit L2                                 0 / 0                 0 / 0                 0 / 179               0 / 179         ops/s
[880.170s][info   ][gc,stats    ]      Memory: Page Cache Miss                                   0 / 0                 0 / 0                16 / 341              16 / 341         ops/s
[880.170s][info   ][gc,stats    ]      Memory: Undo Object Allocation Failed                     0 / 0                 0 / 0                 0 / 0                 0 / 0           ops/s
[880.170s][info   ][gc,stats    ]      Memory: Undo Object Allocation Succeeded                  2 / 27                1 / 228               0 / 228               0 / 228         ops/s
[880.170s][info   ][gc,stats    ]      Memory: Undo Page Allocation                              0 / 0                 0 / 0                 0 / 69                0 / 69          ops/s
[880.170s][info   ][gc,stats    ]       Phase: Concurrent Destroy Detached Pages             0.001 / 0.001         0.001 / 0.001         0.001 / 0.001         0.001 / 0.001       ms
[880.170s][info   ][gc,stats    ]       Phase: Concurrent Mark                             191.093 / 191.093     196.566 / 216.014     196.794 / 275.553     196.794 / 275.553     ms
[880.170s][info   ][gc,stats    ]       Phase: Concurrent Mark Continue                      0.000 / 0.000         1.335 / 1.335         1.375 / 1.416         1.375 / 1.416       ms
[880.170s][info   ][gc,stats    ]       Phase: Concurrent Prepare Relocation Set            10.916 / 10.916       14.542 / 23.403       21.185 / 89.649       21.185 / 89.649      ms
[880.170s][info   ][gc,stats    ]       Phase: Concurrent Process Non-Strong References      1.787 / 1.787         1.707 / 2.033         2.445 / 19.270        2.445 / 19.270      ms
[880.170s][info   ][gc,stats    ]       Phase: Concurrent Relocate                         103.595 / 103.595      96.831 / 115.167      98.225 / 165.671      98.225 / 165.671     ms
[880.170s][info   ][gc,stats    ]       Phase: Concurrent Reset Relocation Set               1.201 / 1.201         1.657 / 2.925         2.329 / 14.653        2.329 / 14.653      ms
[880.170s][info   ][gc,stats    ]       Phase: Concurrent Select Relocation Set              2.371 / 2.371         3.253 / 11.393        3.663 / 12.148        3.663 / 12.148      ms
[880.170s][info   ][gc,stats    ]       Phase: Pause Mark End                                0.573 / 0.573         0.673 / 1.288         0.707 / 1.288         0.707 / 1.288       ms
[880.170s][info   ][gc,stats    ]       Phase: Pause Mark Start                              0.194 / 0.194         0.208 / 0.678         0.295 / 1.400         0.295 / 1.400       ms
[880.170s][info   ][gc,stats    ]       Phase: Pause Relocate Start                          0.201 / 0.201         0.194 / 0.265         0.215 / 1.025         0.215 / 1.025       ms
[880.170s][info   ][gc,stats    ]       Phase: Pause Verify                                  0.000 / 0.000         0.000 / 0.000         0.000 / 0.000         0.000 / 0.000       ms
[880.170s][info   ][gc,stats    ]    Subphase: Concurrent Classes Unload                     1.459 / 1.459         1.392 / 1.659         2.068 / 18.723        2.068 / 18.723      ms
[880.170s][info   ][gc,stats    ]    Subphase: Concurrent Mark                             189.900 / 190.384     189.887 / 215.316     187.184 / 273.889     187.184 / 273.889     ms
[880.170s][info   ][gc,stats    ]    Subphase: Concurrent Mark Idle                          1.134 / 1.165         1.137 / 1.413         1.137 / 1.413         1.137 / 1.413       ms
[880.170s][info   ][gc,stats    ]    Subphase: Concurrent Mark Try Flush                     0.065 / 0.108         0.073 / 0.187         0.076 / 0.545         0.076 / 0.545       ms
[880.170s][info   ][gc,stats    ]    Subphase: Concurrent Mark Try Terminate                 1.132 / 1.168         1.135 / 1.418         1.135 / 1.418         1.135 / 1.418       ms
[880.170s][info   ][gc,stats    ]    Subphase: Concurrent References Enqueue                 0.004 / 0.004         0.005 / 0.008         0.005 / 0.008         0.005 / 0.008       ms
[880.170s][info   ][gc,stats    ]    Subphase: Concurrent References Process                 0.057 / 0.057         0.068 / 0.108         0.072 / 0.140         0.072 / 0.140       ms
[880.170s][info   ][gc,stats    ]    Subphase: Concurrent Roots                              0.069 / 0.451         0.070 / 0.919         0.088 / 2.807         0.088 / 2.807       ms
[880.170s][info   ][gc,stats    ]    Subphase: Concurrent Roots ClassLoaderDataGraph         0.061 / 0.448         0.063 / 0.915         0.078 / 2.804         0.078 / 2.804       ms
[880.170s][info   ][gc,stats    ]    Subphase: Concurrent Roots JNIHandles                   0.007 / 0.019         0.011 / 0.135         0.026 / 0.551         0.026 / 0.551       ms
[880.170s][info   ][gc,stats    ]    Subphase: Concurrent Roots Setup                        0.089 / 0.089         0.141 / 1.420         0.223 / 1.622         0.223 / 1.622       ms
[880.170s][info   ][gc,stats    ]    Subphase: Concurrent Roots Teardown                     0.001 / 0.001         0.001 / 0.001         0.001 / 0.001         0.001 / 0.001       ms
[880.170s][info   ][gc,stats    ]    Subphase: Concurrent Weak Roots                         0.204 / 0.228         0.180 / 0.273         0.227 / 1.376         0.227 / 1.376       ms
[880.170s][info   ][gc,stats    ]    Subphase: Concurrent Weak Roots JNIWeakHandles          0.003 / 0.008         0.002 / 0.012         0.003 / 0.073         0.003 / 0.073       ms
[880.170s][info   ][gc,stats    ]    Subphase: Concurrent Weak Roots StringTable             0.174 / 0.185         0.153 / 0.264         0.200 / 1.327         0.200 / 1.327       ms
[880.170s][info   ][gc,stats    ]    Subphase: Concurrent Weak Roots VMWeakHandles           0.025 / 0.038         0.023 / 0.052         0.023 / 0.052         0.023 / 0.052       ms
[880.170s][info   ][gc,stats    ]    Subphase: Pause Mark Try Complete                       0.051 / 0.328         0.147 / 1.007         0.166 / 1.009         0.166 / 1.009       ms
[880.170s][info   ][gc,stats    ]    Subphase: Pause Roots                                   0.038 / 0.144         0.035 / 0.329         0.044 / 1.060         0.044 / 1.060       ms
[880.170s][info   ][gc,stats    ]    Subphase: Pause Roots CodeCache                         0.000 / 0.000         0.000 / 0.000         0.000 / 0.000         0.000 / 0.000       ms
[880.170s][info   ][gc,stats    ]    Subphase: Pause Roots JVMTIExport                       0.002 / 0.002         0.001 / 0.004         0.002 / 0.017         0.002 / 0.017       ms
[880.170s][info   ][gc,stats    ]    Subphase: Pause Roots JVMTIWeakExport                   0.001 / 0.001         0.001 / 0.002         0.001 / 0.002         0.001 / 0.002       ms
[880.170s][info   ][gc,stats    ]    Subphase: Pause Roots Management                        0.006 / 0.008         0.005 / 0.036         0.010 / 0.430         0.010 / 0.430       ms
[880.170s][info   ][gc,stats    ]    Subphase: Pause Roots ObjectSynchronizer                0.001 / 0.001         0.001 / 0.003         0.001 / 0.011         0.001 / 0.011       ms
[880.170s][info   ][gc,stats    ]    Subphase: Pause Roots Setup                             0.001 / 0.001         0.001 / 0.002         0.001 / 0.002         0.001 / 0.002       ms
[880.170s][info   ][gc,stats    ]    Subphase: Pause Roots SystemDictionary                  0.021 / 0.028         0.022 / 0.171         0.039 / 0.734         0.039 / 0.734       ms
[880.170s][info   ][gc,stats    ]    Subphase: Pause Roots Teardown                          0.004 / 0.005         0.004 / 0.009         0.004 / 0.009         0.004 / 0.009       ms
[880.170s][info   ][gc,stats    ]    Subphase: Pause Roots Threads                           0.045 / 0.142         0.042 / 0.316         0.052 / 1.042         0.052 / 1.042       ms
[880.170s][info   ][gc,stats    ]    Subphase: Pause Roots Universe                          0.006 / 0.007         0.007 / 0.022         0.014 / 0.626         0.014 / 0.626       ms
[880.170s][info   ][gc,stats    ]    Subphase: Pause Weak Roots                              0.001 / 0.005         0.001 / 0.008         0.001 / 0.008         0.001 / 0.008       ms
[880.170s][info   ][gc,stats    ]    Subphase: Pause Weak Roots JFRWeak                      0.001 / 0.001         0.001 / 0.002         0.001 / 0.002         0.001 / 0.002       ms
[880.170s][info   ][gc,stats    ]    Subphase: Pause Weak Roots JVMTIWeakExport              0.001 / 0.001         0.001 / 0.002         0.001 / 0.002         0.001 / 0.002       ms
[880.170s][info   ][gc,stats    ]    Subphase: Pause Weak Roots Setup                        0.001 / 0.001         0.001 / 0.001         0.001 / 0.001         0.001 / 0.001       ms
[880.170s][info   ][gc,stats    ]    Subphase: Pause Weak Roots Teardown                     0.001 / 0.001         0.001 / 0.004         0.001 / 0.004         0.001 / 0.004       ms
[880.170s][info   ][gc,stats    ]      System: Java Threads                                     62 / 62               61 / 62               60 / 65               60 / 65          threads
[880.170s][info   ][gc,stats    ] =========================================================================================================================================================
[890.170s][info   ][gc,stats    ] === Garbage Collection Statistics =======================================================================================================================
[890.170s][info   ][gc,stats    ]                                                              Last 10s              Last 10m              Last 10h                Total
[890.170s][info   ][gc,stats    ]                                                              Avg / Max             Avg / Max             Avg / Max             Avg / Max
[890.170s][info   ][gc,stats    ]   Collector: Garbage Collection Cycle                      0.000 / 0.000       316.730 / 354.075     327.028 / 515.532     327.028 / 515.532     ms
[890.170s][info   ][gc,stats    ]  Contention: Mark Segment Reset Contention                     0 / 0                15 / 647              15 / 850              15 / 850         ops/s
[890.170s][info   ][gc,stats    ]  Contention: Mark SeqNum Reset Contention                      0 / 0                 0 / 3                 0 / 9                 0 / 9           ops/s
[890.170s][info   ][gc,stats    ]  Contention: Relocation Contention                             0 / 0                 1 / 228               0 / 228               0 / 228         ops/s
[890.170s][info   ][gc,stats    ]    Critical: Allocation Stall                              0.000 / 0.000         0.000 / 0.000         0.000 / 0.000         0.000 / 0.000       ms
[890.170s][info   ][gc,stats    ]    Critical: Allocation Stall                                  0 / 0                 0 / 0                 0 / 0                 0 / 0           ops/s
[890.170s][info   ][gc,stats    ]    Critical: GC Locker Stall                               0.000 / 0.000         0.000 / 0.000         0.000 / 0.000         0.000 / 0.000       ms
[890.170s][info   ][gc,stats    ]    Critical: GC Locker Stall                                   0 / 0                 0 / 0                 0 / 0                 0 / 0           ops/s
[890.170s][info   ][gc,stats    ]      Memory: Allocation Rate                                 642 / 670             622 / 848             619 / 1436            619 / 1436        MB/s
[890.170s][info   ][gc,stats    ]      Memory: Heap Used After Mark                              0 / 0             14515 / 15890         15419 / 30288         15419 / 30288       MB
[890.170s][info   ][gc,stats    ]      Memory: Heap Used After Relocation                        0 / 0              3972 / 4106           3809 / 4228           3809 / 4228        MB
[890.170s][info   ][gc,stats    ]      Memory: Heap Used Before Mark                             0 / 0             14330 / 15658         15239 / 30112         15239 / 30112       MB
[890.170s][info   ][gc,stats    ]      Memory: Heap Used Before Relocation                       0 / 0             10672 / 11324         11114 / 20378         11114 / 20378       MB
[890.170s][info   ][gc,stats    ]      Memory: Out Of Memory                                     0 / 0                 0 / 0                 0 / 0                 0 / 0           ops/s
[890.170s][info   ][gc,stats    ]      Memory: Page Cache Flush                                  0 / 0                 0 / 0                 0 / 0                 0 / 0           MB/s
[890.170s][info   ][gc,stats    ]      Memory: Page Cache Hit L1                               309 / 330             338 / 1039            317 / 1642            317 / 1642        ops/s
[890.170s][info   ][gc,stats    ]      Memory: Page Cache Hit L2                                 0 / 0                 0 / 0                 0 / 179               0 / 179         ops/s
[890.170s][info   ][gc,stats    ]      Memory: Page Cache Miss                                   0 / 0                 0 / 0                16 / 341              16 / 341         ops/s
[890.170s][info   ][gc,stats    ]      Memory: Undo Object Allocation Failed                     0 / 0                 0 / 0                 0 / 0                 0 / 0           ops/s
[890.170s][info   ][gc,stats    ]      Memory: Undo Object Allocation Succeeded                  0 / 0                 1 / 228               0 / 228               0 / 228         ops/s
[890.170s][info   ][gc,stats    ]      Memory: Undo Page Allocation                              0 / 0                 0 / 0                 0 / 69                0 / 69          ops/s
[890.170s][info   ][gc,stats    ]       Phase: Concurrent Destroy Detached Pages             0.000 / 0.000         0.001 / 0.001         0.001 / 0.001         0.001 / 0.001       ms
[890.170s][info   ][gc,stats    ]       Phase: Concurrent Mark                               0.000 / 0.000       196.566 / 216.014     196.794 / 275.553     196.794 / 275.553     ms
[890.170s][info   ][gc,stats    ]       Phase: Concurrent Mark Continue                      0.000 / 0.000         1.335 / 1.335         1.375 / 1.416         1.375 / 1.416       ms
[890.170s][info   ][gc,stats    ]       Phase: Concurrent Prepare Relocation Set             0.000 / 0.000        14.542 / 23.403       21.185 / 89.649       21.185 / 89.649      ms
[890.170s][info   ][gc,stats    ]       Phase: Concurrent Process Non-Strong References      0.000 / 0.000         1.707 / 2.033         2.445 / 19.270        2.445 / 19.270      ms
[890.170s][info   ][gc,stats    ]       Phase: Concurrent Relocate                           0.000 / 0.000        96.831 / 115.167      98.225 / 165.671      98.225 / 165.671     ms
[890.170s][info   ][gc,stats    ]       Phase: Concurrent Reset Relocation Set               0.000 / 0.000         1.657 / 2.925         2.329 / 14.653        2.329 / 14.653      ms
[890.170s][info   ][gc,stats    ]       Phase: Concurrent Select Relocation Set              0.000 / 0.000         3.253 / 11.393        3.663 / 12.148        3.663 / 12.148      ms
[890.170s][info   ][gc,stats    ]       Phase: Pause Mark End                                0.000 / 0.000         0.673 / 1.288         0.707 / 1.288         0.707 / 1.288       ms
[890.170s][info   ][gc,stats    ]       Phase: Pause Mark Start                              0.000 / 0.000         0.208 / 0.678         0.295 / 1.400         0.295 / 1.400       ms
[890.170s][info   ][gc,stats    ]       Phase: Pause Relocate Start                          0.000 / 0.000         0.194 / 0.265         0.215 / 1.025         0.215 / 1.025       ms
[890.170s][info   ][gc,stats    ]       Phase: Pause Verify                                  0.000 / 0.000         0.000 / 0.000         0.000 / 0.000         0.000 / 0.000       ms
[890.170s][info   ][gc,stats    ]    Subphase: Concurrent Classes Unload                     0.000 / 0.000         1.392 / 1.659         2.068 / 18.723        2.068 / 18.723      ms
[890.170s][info   ][gc,stats    ]    Subphase: Concurrent Mark                               0.000 / 0.000       189.887 / 215.316     187.184 / 273.889     187.184 / 273.889     ms
[890.170s][info   ][gc,stats    ]    Subphase: Concurrent Mark Idle                          0.000 / 0.000         1.137 / 1.413         1.137 / 1.413         1.137 / 1.413       ms
[890.170s][info   ][gc,stats    ]    Subphase: Concurrent Mark Try Flush                     0.000 / 0.000         0.073 / 0.187         0.076 / 0.545         0.076 / 0.545       ms
[890.170s][info   ][gc,stats    ]    Subphase: Concurrent Mark Try Terminate                 0.000 / 0.000         1.135 / 1.418         1.135 / 1.418         1.135 / 1.418       ms
[890.170s][info   ][gc,stats    ]    Subphase: Concurrent References Enqueue                 0.000 / 0.000         0.005 / 0.008         0.005 / 0.008         0.005 / 0.008       ms
[890.170s][info   ][gc,stats    ]    Subphase: Concurrent References Process                 0.000 / 0.000         0.068 / 0.108         0.072 / 0.140         0.072 / 0.140       ms
[890.170s][info   ][gc,stats    ]    Subphase: Concurrent Roots                              0.000 / 0.000         0.070 / 0.919         0.088 / 2.807         0.088 / 2.807       ms
[890.170s][info   ][gc,stats    ]    Subphase: Concurrent Roots ClassLoaderDataGraph         0.000 / 0.000         0.063 / 0.915         0.078 / 2.804         0.078 / 2.804       ms
[890.170s][info   ][gc,stats    ]    Subphase: Concurrent Roots JNIHandles                   0.000 / 0.000         0.011 / 0.135         0.026 / 0.551         0.026 / 0.551       ms
[890.170s][info   ][gc,stats    ]    Subphase: Concurrent Roots Setup                        0.000 / 0.000         0.141 / 1.420         0.223 / 1.622         0.223 / 1.622       ms
[890.170s][info   ][gc,stats    ]    Subphase: Concurrent Roots Teardown                     0.000 / 0.000         0.001 / 0.001         0.001 / 0.001         0.001 / 0.001       ms
[890.170s][info   ][gc,stats    ]    Subphase: Concurrent Weak Roots                         0.000 / 0.000         0.180 / 0.273         0.227 / 1.376         0.227 / 1.376       ms
[890.170s][info   ][gc,stats    ]    Subphase: Concurrent Weak Roots JNIWeakHandles          0.000 / 0.000         0.002 / 0.012         0.003 / 0.073         0.003 / 0.073       ms
[890.170s][info   ][gc,stats    ]    Subphase: Concurrent Weak Roots StringTable             0.000 / 0.000         0.153 / 0.264         0.200 / 1.327         0.200 / 1.327       ms
[890.170s][info   ][gc,stats    ]    Subphase: Concurrent Weak Roots VMWeakHandles           0.000 / 0.000         0.023 / 0.052         0.023 / 0.052         0.023 / 0.052       ms
[890.170s][info   ][gc,stats    ]    Subphase: Pause Mark Try Complete                       0.000 / 0.000         0.147 / 1.007         0.166 / 1.009         0.166 / 1.009       ms
[890.170s][info   ][gc,stats    ]    Subphase: Pause Roots                                   0.000 / 0.000         0.035 / 0.329         0.044 / 1.060         0.044 / 1.060       ms
[890.170s][info   ][gc,stats    ]    Subphase: Pause Roots CodeCache                         0.000 / 0.000         0.000 / 0.000         0.000 / 0.000         0.000 / 0.000       ms
[890.170s][info   ][gc,stats    ]    Subphase: Pause Roots JVMTIExport                       0.000 / 0.000         0.001 / 0.004         0.002 / 0.017         0.002 / 0.017       ms
[890.170s][info   ][gc,stats    ]    Subphase: Pause Roots JVMTIWeakExport                   0.000 / 0.000         0.001 / 0.002         0.001 / 0.002         0.001 / 0.002       ms
[890.170s][info   ][gc,stats    ]    Subphase: Pause Roots Management                        0.000 / 0.000         0.005 / 0.036         0.010 / 0.430         0.010 / 0.430       ms
[890.170s][info   ][gc,stats    ]    Subphase: Pause Roots ObjectSynchronizer                0.000 / 0.000         0.001 / 0.003         0.001 / 0.011         0.001 / 0.011       ms
[890.170s][info   ][gc,stats    ]    Subphase: Pause Roots Setup                             0.000 / 0.000         0.001 / 0.002         0.001 / 0.002         0.001 / 0.002       ms
[890.170s][info   ][gc,stats    ]    Subphase: Pause Roots SystemDictionary                  0.000 / 0.000         0.022 / 0.171         0.039 / 0.734         0.039 / 0.734       ms
[890.170s][info   ][gc,stats    ]    Subphase: Pause Roots Teardown                          0.000 / 0.000         0.004 / 0.009         0.004 / 0.009         0.004 / 0.009       ms
[890.170s][info   ][gc,stats    ]    Subphase: Pause Roots Threads                           0.000 / 0.000         0.042 / 0.316         0.052 / 1.042         0.052 / 1.042       ms
[890.170s][info   ][gc,stats    ]    Subphase: Pause Roots Universe                          0.000 / 0.000         0.007 / 0.022         0.014 / 0.626         0.014 / 0.626       ms
[890.171s][info   ][gc,stats    ]    Subphase: Pause Weak Roots                              0.000 / 0.000         0.001 / 0.008         0.001 / 0.008         0.001 / 0.008       ms
[890.171s][info   ][gc,stats    ]    Subphase: Pause Weak Roots JFRWeak                      0.000 / 0.000         0.001 / 0.002         0.001 / 0.002         0.001 / 0.002       ms
[890.171s][info   ][gc,stats    ]    Subphase: Pause Weak Roots JVMTIWeakExport              0.000 / 0.000         0.001 / 0.002         0.001 / 0.002         0.001 / 0.002       ms
[890.171s][info   ][gc,stats    ]    Subphase: Pause Weak Roots Setup                        0.000 / 0.000         0.001 / 0.001         0.001 / 0.001         0.001 / 0.001       ms
[890.171s][info   ][gc,stats    ]    Subphase: Pause Weak Roots Teardown                     0.000 / 0.000         0.001 / 0.004         0.001 / 0.004         0.001 / 0.004       ms
[890.171s][info   ][gc,stats    ]      System: Java Threads                                      0 / 0                61 / 62               60 / 65               60 / 65          threads
[890.171s][info   ][gc,stats    ] =========================================================================================================================================================
[891.670s][info   ][gc,start    ] GC(46) Garbage Collection (Proactive)
[891.670s][info   ][gc,phases   ] GC(46) Pause Mark Start 0.156ms
[891.861s][info   ][gc,phases   ] GC(46) Concurrent Mark 190.915ms
[891.862s][info   ][gc,phases   ] GC(46) Pause Mark End 1.052ms
[891.864s][info   ][gc,phases   ] GC(46) Concurrent Process Non-Strong References 1.690ms
[891.865s][info   ][gc,phases   ] GC(46) Concurrent Reset Relocation Set 1.214ms
[891.865s][info   ][gc,phases   ] GC(46) Concurrent Destroy Detached Pages 0.001ms
[891.868s][info   ][gc,phases   ] GC(46) Concurrent Select Relocation Set 3.071ms
[891.880s][info   ][gc,phases   ] GC(46) Concurrent Prepare Relocation Set 11.456ms
[891.880s][info   ][gc,phases   ] GC(46) Pause Relocate Start 0.201ms
[891.988s][info   ][gc,phases   ] GC(46) Concurrent Relocate 107.091ms
[891.988s][info   ][gc,load     ] GC(46) Load: 5.05/4.06/2.47
[891.988s][info   ][gc,mmu      ] GC(46) MMU: 2ms/30.0%, 5ms/69.9%, 10ms/81.7%, 20ms/87.7%, 50ms/95.1%, 100ms/97.5%
[891.988s][info   ][gc,marking  ] GC(46) Mark: 8 stripe(s), 10 proactive flush(es), 2 terminate flush(es), 1 completion(s), 0 continuation(s) 
[891.988s][info   ][gc,reloc    ] GC(46) Relocation: Successful, 1437M relocated
[891.988s][info   ][gc,nmethod  ] GC(46) NMethods: 5662 registered, 1184 unregistered
[891.988s][info   ][gc,metaspace] GC(46) Metaspace: 40M used, 41M capacity, 41M committed, 42M reserved
[891.988s][info   ][gc,ref      ] GC(46) Soft: 3327 encountered, 0 discovered, 0 enqueued
[891.988s][info   ][gc,ref      ] GC(46) Weak: 1530 encountered, 436 discovered, 0 enqueued
[891.988s][info   ][gc,ref      ] GC(46) Final: 30 encountered, 3 discovered, 3 enqueued
[891.988s][info   ][gc,ref      ] GC(46) Phantom: 120 encountered, 80 discovered, 0 enqueued
[891.988s][info   ][gc,heap     ] GC(46)                Mark Start          Mark End        Relocate Start      Relocate End           High               Low         
[891.988s][info   ][gc,heap     ] GC(46)  Capacity:    30390M (30%)       30390M (30%)       30390M (30%)       30390M (30%)       30390M (30%)       30390M (30%)    
[891.988s][info   ][gc,heap     ] GC(46)   Reserve:       80M (0%)           80M (0%)           80M (0%)           80M (0%)           80M (0%)           80M (0%)     
[891.988s][info   ][gc,heap     ] GC(46)      Free:    86154M (86%)       85980M (86%)       89758M (89%)       96290M (96%)       96290M (96%)       85978M (86%)    
[891.988s][info   ][gc,heap     ] GC(46)      Used:    14118M (14%)       14292M (14%)       10514M (10%)        3982M (4%)        14294M (14%)        3982M (4%)     
[891.988s][info   ][gc,heap     ] GC(46)      Live:         -              3516M (4%)         3516M (4%)         3516M (4%)             -                  -          
[891.988s][info   ][gc,heap     ] GC(46) Allocated:         -               174M (0%)          198M (0%)         1590M (2%)             -                  -          
[891.988s][info   ][gc,heap     ] GC(46)   Garbage:         -             10601M (11%)        6799M (7%)          211M (0%)             -                  -          
[891.988s][info   ][gc,heap     ] GC(46) Reclaimed:         -                  -              3802M (4%)        10390M (10%)            -                  -          
[891.988s][info   ][gc          ] GC(46) Garbage Collection (Proactive) 14118M(14%)->3982M(4%)
[900.170s][info   ][gc,stats    ] === Garbage Collection Statistics =======================================================================================================================
[900.170s][info   ][gc,stats    ]                                                              Last 10s              Last 10m              Last 10h                Total
[900.170s][info   ][gc,stats    ]                                                              Avg / Max             Avg / Max             Avg / Max             Avg / Max
[900.170s][info   ][gc,stats    ]   Collector: Garbage Collection Cycle                    317.831 / 317.831     316.454 / 354.075     326.832 / 515.532     326.832 / 515.532     ms
[900.170s][info   ][gc,stats    ]  Contention: Mark Segment Reset Contention                    14 / 140              15 / 647              15 / 850              15 / 850         ops/s
[900.170s][info   ][gc,stats    ]  Contention: Mark SeqNum Reset Contention                      0 / 0                 0 / 3                 0 / 9                 0 / 9           ops/s
[900.170s][info   ][gc,stats    ]  Contention: Relocation Contention                             1 / 10                1 / 228               0 / 228               0 / 228         ops/s
[900.170s][info   ][gc,stats    ]    Critical: Allocation Stall                              0.000 / 0.000         0.000 / 0.000         0.000 / 0.000         0.000 / 0.000       ms
[900.170s][info   ][gc,stats    ]    Critical: Allocation Stall                                  0 / 0                 0 / 0                 0 / 0                 0 / 0           ops/s
[900.170s][info   ][gc,stats    ]    Critical: GC Locker Stall                               0.000 / 0.000         0.000 / 0.000         0.000 / 0.000         0.000 / 0.000       ms
[900.170s][info   ][gc,stats    ]    Critical: GC Locker Stall                                   0 / 0                 0 / 0                 0 / 0                 0 / 0           ops/s
[900.170s][info   ][gc,stats    ]      Memory: Allocation Rate                                 630 / 702             622 / 848             619 / 1436            619 / 1436        MB/s
[900.170s][info   ][gc,stats    ]      Memory: Heap Used After Mark                          14292 / 14292         14469 / 15534         15395 / 30288         15395 / 30288       MB
[900.170s][info   ][gc,stats    ]      Memory: Heap Used After Relocation                     3982 / 3982           3968 / 4088           3813 / 4228           3813 / 4228        MB
[900.170s][info   ][gc,stats    ]      Memory: Heap Used Before Mark                         14118 / 14118         14286 / 15342         15215 / 30112         15215 / 30112       MB
[900.170s][info   ][gc,stats    ]      Memory: Heap Used Before Relocation                   10514 / 10514         10649 / 11256         11102 / 20378         11102 / 20378       MB
[900.170s][info   ][gc,stats    ]      Memory: Out Of Memory                                     0 / 0                 0 / 0                 0 / 0                 0 / 0           ops/s
[900.170s][info   ][gc,stats    ]      Memory: Page Cache Flush                                  0 / 0                 0 / 0                 0 / 0                 0 / 0           MB/s
[900.170s][info   ][gc,stats    ]      Memory: Page Cache Hit L1                               371 / 986             338 / 1039            318 / 1642            318 / 1642        ops/s
[900.170s][info   ][gc,stats    ]      Memory: Page Cache Hit L2                                 0 / 0                 0 / 0                 0 / 179               0 / 179         ops/s
[900.170s][info   ][gc,stats    ]      Memory: Page Cache Miss                                   0 / 0                 0 / 0                16 / 341              16 / 341         ops/s
[900.170s][info   ][gc,stats    ]      Memory: Undo Object Allocation Failed                     0 / 0                 0 / 0                 0 / 0                 0 / 0           ops/s
[900.170s][info   ][gc,stats    ]      Memory: Undo Object Allocation Succeeded                  1 / 10                1 / 228               0 / 228               0 / 228         ops/s
[900.170s][info   ][gc,stats    ]      Memory: Undo Page Allocation                              0 / 0                 0 / 0                 0 / 69                0 / 69          ops/s
[900.170s][info   ][gc,stats    ]       Phase: Concurrent Destroy Detached Pages             0.001 / 0.001         0.001 / 0.001         0.001 / 0.001         0.001 / 0.001       ms
[900.170s][info   ][gc,stats    ]       Phase: Concurrent Mark                             190.915 / 190.915     195.995 / 216.014     196.669 / 275.553     196.669 / 275.553     ms
[900.170s][info   ][gc,stats    ]       Phase: Concurrent Mark Continue                      0.000 / 0.000         1.335 / 1.335         1.375 / 1.416         1.375 / 1.416       ms
[900.170s][info   ][gc,stats    ]       Phase: Concurrent Prepare Relocation Set            11.456 / 11.456       14.280 / 23.403       20.978 / 89.649       20.978 / 89.649      ms
[900.170s][info   ][gc,stats    ]       Phase: Concurrent Process Non-Strong References      1.690 / 1.690         1.698 / 2.033         2.429 / 19.270        2.429 / 19.270      ms
[900.170s][info   ][gc,stats    ]       Phase: Concurrent Relocate                         107.091 / 107.091      97.623 / 115.167      98.413 / 165.671      98.413 / 165.671     ms
[900.170s][info   ][gc,stats    ]       Phase: Concurrent Reset Relocation Set               1.214 / 1.214         1.608 / 2.561         2.305 / 14.653        2.305 / 14.653      ms
[900.170s][info   ][gc,stats    ]       Phase: Concurrent Select Relocation Set              3.071 / 3.071         3.081 / 11.393        3.650 / 12.148        3.650 / 12.148      ms
[900.170s][info   ][gc,stats    ]       Phase: Pause Mark End                                1.052 / 1.052         0.668 / 1.288         0.714 / 1.288         0.714 / 1.288       ms
[900.170s][info   ][gc,stats    ]       Phase: Pause Mark Start                              0.156 / 0.156         0.206 / 0.678         0.292 / 1.400         0.292 / 1.400       ms
[900.170s][info   ][gc,stats    ]       Phase: Pause Relocate Start                          0.201 / 0.201         0.195 / 0.265         0.215 / 1.025         0.215 / 1.025       ms
[900.170s][info   ][gc,stats    ]       Phase: Pause Verify                                  0.000 / 0.000         0.000 / 0.000         0.000 / 0.000         0.000 / 0.000       ms
[900.170s][info   ][gc,stats    ]    Subphase: Concurrent Classes Unload                     1.379 / 1.379         1.385 / 1.659         2.053 / 18.723        2.053 / 18.723      ms
[900.170s][info   ][gc,stats    ]    Subphase: Concurrent Mark                             189.552 / 190.177     189.348 / 215.316     187.232 / 273.889     187.232 / 273.889     ms
[900.170s][info   ][gc,stats    ]    Subphase: Concurrent Mark Idle                          1.137 / 1.169         1.137 / 1.413         1.137 / 1.413         1.137 / 1.413       ms
[900.170s][info   ][gc,stats    ]    Subphase: Concurrent Mark Try Flush                     0.095 / 0.324         0.074 / 0.324         0.076 / 0.545         0.076 / 0.545       ms
[900.170s][info   ][gc,stats    ]    Subphase: Concurrent Mark Try Terminate                 1.135 / 1.171         1.135 / 1.418         1.135 / 1.418         1.135 / 1.418       ms
[900.170s][info   ][gc,stats    ]    Subphase: Concurrent References Enqueue                 0.005 / 0.005         0.005 / 0.008         0.005 / 0.008         0.005 / 0.008       ms
[900.170s][info   ][gc,stats    ]    Subphase: Concurrent References Process                 0.060 / 0.060         0.067 / 0.104         0.071 / 0.140         0.071 / 0.140       ms
[900.170s][info   ][gc,stats    ]    Subphase: Concurrent Roots                              0.069 / 0.458         0.069 / 0.885         0.088 / 2.807         0.088 / 2.807       ms
[900.170s][info   ][gc,stats    ]    Subphase: Concurrent Roots ClassLoaderDataGraph         0.063 / 0.455         0.062 / 0.882         0.078 / 2.804         0.078 / 2.804       ms
[900.170s][info   ][gc,stats    ]    Subphase: Concurrent Roots JNIHandles                   0.008 / 0.018         0.011 / 0.069         0.026 / 0.551         0.026 / 0.551       ms
[900.170s][info   ][gc,stats    ]    Subphase: Concurrent Roots Setup                        0.084 / 0.084         0.140 / 1.420         0.220 / 1.622         0.220 / 1.622       ms
[900.170s][info   ][gc,stats    ]    Subphase: Concurrent Roots Teardown                     0.001 / 0.001         0.001 / 0.001         0.001 / 0.001         0.001 / 0.001       ms
[900.170s][info   ][gc,stats    ]    Subphase: Concurrent Weak Roots                         0.194 / 0.209         0.180 / 0.273         0.226 / 1.376         0.226 / 1.376       ms
[900.170s][info   ][gc,stats    ]    Subphase: Concurrent Weak Roots JNIWeakHandles          0.002 / 0.007         0.002 / 0.012         0.003 / 0.073         0.003 / 0.073       ms
[900.170s][info   ][gc,stats    ]    Subphase: Concurrent Weak Roots StringTable             0.165 / 0.174         0.153 / 0.264         0.199 / 1.327         0.199 / 1.327       ms
[900.170s][info   ][gc,stats    ]    Subphase: Concurrent Weak Roots VMWeakHandles           0.024 / 0.034         0.023 / 0.052         0.023 / 0.052         0.023 / 0.052       ms
[900.170s][info   ][gc,stats    ]    Subphase: Pause Mark Try Complete                       0.144 / 0.804         0.143 / 1.007         0.165 / 1.009         0.165 / 1.009       ms
[900.170s][info   ][gc,stats    ]    Subphase: Pause Roots                                   0.034 / 0.104         0.035 / 0.329         0.043 / 1.060         0.043 / 1.060       ms
[900.170s][info   ][gc,stats    ]    Subphase: Pause Roots CodeCache                         0.000 / 0.000         0.000 / 0.000         0.000 / 0.000         0.000 / 0.000       ms
[900.170s][info   ][gc,stats    ]    Subphase: Pause Roots JVMTIExport                       0.001 / 0.001         0.001 / 0.004         0.002 / 0.017         0.002 / 0.017       ms
[900.170s][info   ][gc,stats    ]    Subphase: Pause Roots JVMTIWeakExport                   0.001 / 0.001         0.001 / 0.002         0.001 / 0.002         0.001 / 0.002       ms
[900.170s][info   ][gc,stats    ]    Subphase: Pause Roots Management                        0.002 / 0.002         0.005 / 0.036         0.010 / 0.430         0.010 / 0.430       ms
[900.170s][info   ][gc,stats    ]    Subphase: Pause Roots ObjectSynchronizer                0.001 / 0.001         0.001 / 0.003         0.001 / 0.011         0.001 / 0.011       ms
[900.170s][info   ][gc,stats    ]    Subphase: Pause Roots Setup                             0.001 / 0.001         0.001 / 0.002         0.001 / 0.002         0.001 / 0.002       ms
[900.170s][info   ][gc,stats    ]    Subphase: Pause Roots SystemDictionary                  0.017 / 0.018         0.022 / 0.171         0.038 / 0.734         0.038 / 0.734       ms
[900.170s][info   ][gc,stats    ]    Subphase: Pause Roots Teardown                          0.004 / 0.005         0.004 / 0.009         0.004 / 0.009         0.004 / 0.009       ms
[900.170s][info   ][gc,stats    ]    Subphase: Pause Roots Threads                           0.040 / 0.102         0.042 / 0.316         0.052 / 1.042         0.052 / 1.042       ms
[900.170s][info   ][gc,stats    ]    Subphase: Pause Roots Universe                          0.011 / 0.017         0.007 / 0.022         0.014 / 0.626         0.014 / 0.626       ms
[900.170s][info   ][gc,stats    ]    Subphase: Pause Weak Roots                              0.001 / 0.005         0.001 / 0.008         0.001 / 0.008         0.001 / 0.008       ms
[900.170s][info   ][gc,stats    ]    Subphase: Pause Weak Roots JFRWeak                      0.001 / 0.001         0.001 / 0.002         0.001 / 0.002         0.001 / 0.002       ms
[900.170s][info   ][gc,stats    ]    Subphase: Pause Weak Roots JVMTIWeakExport              0.001 / 0.001         0.001 / 0.002         0.001 / 0.002         0.001 / 0.002       ms
[900.170s][info   ][gc,stats    ]    Subphase: Pause Weak Roots Setup                        0.001 / 0.001         0.001 / 0.001         0.001 / 0.001         0.001 / 0.001       ms
[900.170s][info   ][gc,stats    ]    Subphase: Pause Weak Roots Teardown                     0.002 / 0.002         0.001 / 0.004         0.001 / 0.004         0.001 / 0.004       ms
[900.170s][info   ][gc,stats    ]      System: Java Threads                                     62 / 62               61 / 62               60 / 65               60 / 65          threads
[900.170s][info   ][gc,stats    ] =========================================================================================================================================================
[908.070s][info   ][gc,start    ] GC(47) Garbage Collection (Proactive)
[908.071s][info   ][gc,phases   ] GC(47) Pause Mark Start 0.168ms
[908.253s][info   ][gc,phases   ] GC(47) Concurrent Mark 182.627ms
[908.254s][info   ][gc,phases   ] GC(47) Pause Mark End 0.836ms
[908.256s][info   ][gc,phases   ] GC(47) Concurrent Process Non-Strong References 1.707ms
[908.258s][info   ][gc,phases   ] GC(47) Concurrent Reset Relocation Set 1.790ms
[908.258s][info   ][gc,phases   ] GC(47) Concurrent Destroy Detached Pages 0.001ms
[908.261s][info   ][gc,phases   ] GC(47) Concurrent Select Relocation Set 2.595ms
[908.276s][info   ][gc,phases   ] GC(47) Concurrent Prepare Relocation Set 15.750ms
[908.277s][info   ][gc,phases   ] GC(47) Pause Relocate Start 0.155ms
[908.385s][info   ][gc,phases   ] GC(47) Concurrent Relocate 108.626ms
[908.386s][info   ][gc,load     ] GC(47) Load: 4.91/4.09/2.51
[908.386s][info   ][gc,mmu      ] GC(47) MMU: 2ms/30.0%, 5ms/69.9%, 10ms/81.7%, 20ms/87.7%, 50ms/95.1%, 100ms/97.5%
[908.386s][info   ][gc,marking  ] GC(47) Mark: 8 stripe(s), 10 proactive flush(es), 1 terminate flush(es), 1 completion(s), 0 continuation(s) 
[908.386s][info   ][gc,reloc    ] GC(47) Relocation: Successful, 1451M relocated
[908.386s][info   ][gc,nmethod  ] GC(47) NMethods: 5663 registered, 1187 unregistered
[908.386s][info   ][gc,metaspace] GC(47) Metaspace: 40M used, 41M capacity, 41M committed, 42M reserved
[908.386s][info   ][gc,ref      ] GC(47) Soft: 3327 encountered, 0 discovered, 0 enqueued
[908.386s][info   ][gc,ref      ] GC(47) Weak: 1530 encountered, 429 discovered, 0 enqueued
[908.386s][info   ][gc,ref      ] GC(47) Final: 30 encountered, 3 discovered, 3 enqueued
[908.386s][info   ][gc,ref      ] GC(47) Phantom: 120 encountered, 101 discovered, 0 enqueued
[908.386s][info   ][gc,heap     ] GC(47)                Mark Start          Mark End        Relocate Start      Relocate End           High               Low         
[908.386s][info   ][gc,heap     ] GC(47)  Capacity:    30390M (30%)       30390M (30%)       30390M (30%)       30390M (30%)       30390M (30%)       30390M (30%)    
[908.386s][info   ][gc,heap     ] GC(47)   Reserve:       80M (0%)           80M (0%)           80M (0%)           80M (0%)           80M (0%)           80M (0%)     
[908.386s][info   ][gc,heap     ] GC(47)      Free:    86250M (86%)       86066M (86%)       89830M (90%)       96270M (96%)       96270M (96%)       86064M (86%)    
[908.386s][info   ][gc,heap     ] GC(47)      Used:    14022M (14%)       14206M (14%)       10442M (10%)        4002M (4%)        14208M (14%)        4002M (4%)     
[908.386s][info   ][gc,heap     ] GC(47)      Live:         -              3537M (4%)         3537M (4%)         3537M (4%)             -                  -          
[908.386s][info   ][gc,heap     ] GC(47) Allocated:         -               184M (0%)          188M (0%)         1598M (2%)             -                  -          
[908.386s][info   ][gc,heap     ] GC(47)   Garbage:         -             10484M (10%)        6716M (7%)          212M (0%)             -                  -          
[908.386s][info   ][gc,heap     ] GC(47) Reclaimed:         -                  -              3768M (4%)        10272M (10%)            -                  -          
[908.386s][info   ][gc          ] GC(47) Garbage Collection (Proactive) 14022M(14%)->4002M(4%)
[910.169s][info   ][gc,stats    ] === Garbage Collection Statistics =======================================================================================================================
[910.169s][info   ][gc,stats    ]                                                              Last 10s              Last 10m              Last 10h                Total
[910.169s][info   ][gc,stats    ]                                                              Avg / Max             Avg / Max             Avg / Max             Avg / Max
[910.169s][info   ][gc,stats    ]   Collector: Garbage Collection Cycle                    315.304 / 315.304     316.422 / 354.075     326.592 / 515.532     326.592 / 515.532     ms
[910.169s][info   ][gc,stats    ]  Contention: Mark Segment Reset Contention                    19 / 98               15 / 647              15 / 850              15 / 850         ops/s
[910.169s][info   ][gc,stats    ]  Contention: Mark SeqNum Reset Contention                      0 / 0                 0 / 3                 0 / 9                 0 / 9           ops/s
[910.169s][info   ][gc,stats    ]  Contention: Relocation Contention                             0 / 3                 1 / 228               0 / 228               0 / 228         ops/s
[910.169s][info   ][gc,stats    ]    Critical: Allocation Stall                              0.000 / 0.000         0.000 / 0.000         0.000 / 0.000         0.000 / 0.000       ms
[910.169s][info   ][gc,stats    ]    Critical: Allocation Stall                                  0 / 0                 0 / 0                 0 / 0                 0 / 0           ops/s
[910.169s][info   ][gc,stats    ]    Critical: GC Locker Stall                               0.000 / 0.000         0.000 / 0.000         0.000 / 0.000         0.000 / 0.000       ms
[910.169s][info   ][gc,stats    ]    Critical: GC Locker Stall                                   0 / 0                 0 / 0                 0 / 0                 0 / 0           ops/s
[910.169s][info   ][gc,stats    ]      Memory: Allocation Rate                                 628 / 666             623 / 848             619 / 1436            619 / 1436        MB/s
[910.169s][info   ][gc,stats    ]      Memory: Heap Used After Mark                          14206 / 14206         14462 / 15534         15371 / 30288         15371 / 30288       MB
[910.169s][info   ][gc,stats    ]      Memory: Heap Used After Relocation                     4002 / 4002           3969 / 4088           3817 / 4228           3817 / 4228        MB
[910.169s][info   ][gc,stats    ]      Memory: Heap Used Before Mark                         14022 / 14022         14279 / 15342         15190 / 30112         15190 / 30112       MB
[910.169s][info   ][gc,stats    ]      Memory: Heap Used Before Relocation                   10442 / 10442         10643 / 11256         11088 / 20378         11088 / 20378       MB
[910.169s][info   ][gc,stats    ]      Memory: Out Of Memory                                     0 / 0                 0 / 0                 0 / 0                 0 / 0           ops/s
[910.169s][info   ][gc,stats    ]      Memory: Page Cache Flush                                  0 / 0                 0 / 0                 0 / 0                 0 / 0           MB/s
[910.169s][info   ][gc,stats    ]      Memory: Page Cache Hit L1                               369 / 952             339 / 1039            318 / 1642            318 / 1642        ops/s
[910.169s][info   ][gc,stats    ]      Memory: Page Cache Hit L2                                 0 / 0                 0 / 0                 0 / 179               0 / 179         ops/s
[910.169s][info   ][gc,stats    ]      Memory: Page Cache Miss                                   0 / 0                 0 / 0                16 / 341              16 / 341         ops/s
[910.169s][info   ][gc,stats    ]      Memory: Undo Object Allocation Failed                     0 / 0                 0 / 0                 0 / 0                 0 / 0           ops/s
[910.169s][info   ][gc,stats    ]      Memory: Undo Object Allocation Succeeded                  0 / 3                 1 / 228               0 / 228               0 / 228         ops/s
[910.169s][info   ][gc,stats    ]      Memory: Undo Page Allocation                              0 / 0                 0 / 0                 0 / 69                0 / 69          ops/s
[910.169s][info   ][gc,stats    ]       Phase: Concurrent Destroy Detached Pages             0.001 / 0.001         0.001 / 0.001         0.001 / 0.001         0.001 / 0.001       ms
[910.169s][info   ][gc,stats    ]       Phase: Concurrent Mark                             182.627 / 182.627     195.624 / 216.014     196.376 / 275.553     196.376 / 275.553     ms
[910.169s][info   ][gc,stats    ]       Phase: Concurrent Mark Continue                      0.000 / 0.000         1.335 / 1.335         1.375 / 1.416         1.375 / 1.416       ms
[910.169s][info   ][gc,stats    ]       Phase: Concurrent Prepare Relocation Set            15.750 / 15.750       14.321 / 23.403       20.869 / 89.649       20.869 / 89.649      ms
[910.169s][info   ][gc,stats    ]       Phase: Concurrent Process Non-Strong References      1.707 / 1.707         1.698 / 2.033         2.414 / 19.270        2.414 / 19.270      ms
[910.169s][info   ][gc,stats    ]       Phase: Concurrent Relocate                         108.626 / 108.626      97.929 / 115.167      98.626 / 165.671      98.626 / 165.671     ms
[910.169s][info   ][gc,stats    ]       Phase: Concurrent Reset Relocation Set               1.790 / 1.790         1.613 / 2.561         2.294 / 14.653        2.294 / 14.653      ms
[910.169s][info   ][gc,stats    ]       Phase: Concurrent Select Relocation Set              2.595 / 2.595         3.068 / 11.393        3.628 / 12.148        3.628 / 12.148      ms
[910.170s][info   ][gc,stats    ]       Phase: Pause Mark End                                0.836 / 0.836         0.673 / 1.288         0.716 / 1.288         0.716 / 1.288       ms
[910.170s][info   ][gc,stats    ]       Phase: Pause Mark Start                              0.168 / 0.168         0.205 / 0.678         0.290 / 1.400         0.290 / 1.400       ms
[910.170s][info   ][gc,stats    ]       Phase: Pause Relocate Start                          0.155 / 0.155         0.194 / 0.265         0.213 / 1.025         0.213 / 1.025       ms
[910.170s][info   ][gc,stats    ]       Phase: Pause Verify                                  0.000 / 0.000         0.000 / 0.000         0.000 / 0.000         0.000 / 0.000       ms
[910.170s][info   ][gc,stats    ]    Subphase: Concurrent Classes Unload                     1.409 / 1.409         1.386 / 1.659         2.040 / 18.723        2.040 / 18.723      ms
[910.170s][info   ][gc,stats    ]    Subphase: Concurrent Mark                             181.292 / 181.853     189.131 / 215.316     187.114 / 273.889     187.114 / 273.889     ms
[910.170s][info   ][gc,stats    ]    Subphase: Concurrent Mark Idle                          1.138 / 1.168         1.137 / 1.413         1.137 / 1.413         1.137 / 1.413       ms
[910.170s][info   ][gc,stats    ]    Subphase: Concurrent Mark Try Flush                     0.062 / 0.105         0.073 / 0.324         0.076 / 0.545         0.076 / 0.545       ms
[910.170s][info   ][gc,stats    ]    Subphase: Concurrent Mark Try Terminate                 1.137 / 1.171         1.135 / 1.418         1.135 / 1.418         1.135 / 1.418       ms
[910.170s][info   ][gc,stats    ]    Subphase: Concurrent References Enqueue                 0.004 / 0.004         0.005 / 0.008         0.005 / 0.008         0.005 / 0.008       ms
[910.170s][info   ][gc,stats    ]    Subphase: Concurrent References Process                 0.055 / 0.055         0.067 / 0.104         0.071 / 0.140         0.071 / 0.140       ms
[910.170s][info   ][gc,stats    ]    Subphase: Concurrent Roots                              0.071 / 0.493         0.069 / 0.885         0.087 / 2.807         0.087 / 2.807       ms
[910.170s][info   ][gc,stats    ]    Subphase: Concurrent Roots ClassLoaderDataGraph         0.064 / 0.484         0.062 / 0.882         0.077 / 2.804         0.077 / 2.804       ms
[910.170s][info   ][gc,stats    ]    Subphase: Concurrent Roots JNIHandles                   0.008 / 0.014         0.011 / 0.069         0.025 / 0.551         0.025 / 0.551       ms
[910.170s][info   ][gc,stats    ]    Subphase: Concurrent Roots Setup                        0.083 / 0.083         0.139 / 1.420         0.217 / 1.622         0.217 / 1.622       ms
[910.170s][info   ][gc,stats    ]    Subphase: Concurrent Roots Teardown                     0.001 / 0.001         0.001 / 0.001         0.001 / 0.001         0.001 / 0.001       ms
[910.170s][info   ][gc,stats    ]    Subphase: Concurrent Weak Roots                         0.185 / 0.202         0.180 / 0.273         0.225 / 1.376         0.225 / 1.376       ms
[910.170s][info   ][gc,stats    ]    Subphase: Concurrent Weak Roots JNIWeakHandles          0.002 / 0.006         0.002 / 0.012         0.003 / 0.073         0.003 / 0.073       ms
[910.170s][info   ][gc,stats    ]    Subphase: Concurrent Weak Roots StringTable             0.159 / 0.168         0.153 / 0.264         0.198 / 1.327         0.198 / 1.327       ms
[910.170s][info   ][gc,stats    ]    Subphase: Concurrent Weak Roots VMWeakHandles           0.024 / 0.039         0.023 / 0.052         0.023 / 0.052         0.023 / 0.052       ms
[910.170s][info   ][gc,stats    ]    Subphase: Pause Mark Try Complete                       0.109 / 0.552         0.142 / 1.007         0.164 / 1.009         0.164 / 1.009       ms
[910.170s][info   ][gc,stats    ]    Subphase: Pause Roots                                   0.030 / 0.092         0.035 / 0.329         0.043 / 1.060         0.043 / 1.060       ms
[910.170s][info   ][gc,stats    ]    Subphase: Pause Roots CodeCache                         0.000 / 0.000         0.000 / 0.000         0.000 / 0.000         0.000 / 0.000       ms
[910.170s][info   ][gc,stats    ]    Subphase: Pause Roots JVMTIExport                       0.001 / 0.001         0.001 / 0.004         0.002 / 0.017         0.002 / 0.017       ms
[910.170s][info   ][gc,stats    ]    Subphase: Pause Roots JVMTIWeakExport                   0.001 / 0.001         0.001 / 0.002         0.001 / 0.002         0.001 / 0.002       ms
[910.170s][info   ][gc,stats    ]    Subphase: Pause Roots Management                        0.003 / 0.003         0.005 / 0.036         0.009 / 0.430         0.009 / 0.430       ms
[910.170s][info   ][gc,stats    ]    Subphase: Pause Roots ObjectSynchronizer                0.001 / 0.001         0.001 / 0.003         0.001 / 0.011         0.001 / 0.011       ms
[910.170s][info   ][gc,stats    ]    Subphase: Pause Roots Setup                             0.001 / 0.001         0.001 / 0.002         0.001 / 0.002         0.001 / 0.002       ms
[910.170s][info   ][gc,stats    ]    Subphase: Pause Roots SystemDictionary                  0.018 / 0.020         0.022 / 0.171         0.038 / 0.734         0.038 / 0.734       ms
[910.170s][info   ][gc,stats    ]    Subphase: Pause Roots Teardown                          0.003 / 0.004         0.004 / 0.009         0.004 / 0.009         0.004 / 0.009       ms
[910.170s][info   ][gc,stats    ]    Subphase: Pause Roots Threads                           0.037 / 0.074         0.042 / 0.316         0.051 / 1.042         0.051 / 1.042       ms
[910.170s][info   ][gc,stats    ]    Subphase: Pause Roots Universe                          0.004 / 0.004         0.007 / 0.022         0.014 / 0.626         0.014 / 0.626       ms
[910.170s][info   ][gc,stats    ]    Subphase: Pause Weak Roots                              0.002 / 0.025         0.001 / 0.025         0.001 / 0.025         0.001 / 0.025       ms
[910.170s][info   ][gc,stats    ]    Subphase: Pause Weak Roots JFRWeak                      0.002 / 0.002         0.001 / 0.002         0.001 / 0.002         0.001 / 0.002       ms
[910.170s][info   ][gc,stats    ]    Subphase: Pause Weak Roots JVMTIWeakExport              0.001 / 0.001         0.001 / 0.002         0.001 / 0.002         0.001 / 0.002       ms
[910.170s][info   ][gc,stats    ]    Subphase: Pause Weak Roots Setup                        0.001 / 0.001         0.001 / 0.001         0.001 / 0.001         0.001 / 0.001       ms
[910.170s][info   ][gc,stats    ]    Subphase: Pause Weak Roots Teardown                     0.001 / 0.001         0.001 / 0.004         0.001 / 0.004         0.001 / 0.004       ms
[910.170s][info   ][gc,stats    ]      System: Java Threads                                     62 / 62               61 / 62               60 / 65               60 / 65          threads
[910.170s][info   ][gc,stats    ] =========================================================================================================================================================
[920.170s][info   ][gc,stats    ] === Garbage Collection Statistics =======================================================================================================================
[920.170s][info   ][gc,stats    ]                                                              Last 10s              Last 10m              Last 10h                Total
[920.170s][info   ][gc,stats    ]                                                              Avg / Max             Avg / Max             Avg / Max             Avg / Max
[920.170s][info   ][gc,stats    ]   Collector: Garbage Collection Cycle                      0.000 / 0.000       316.006 / 354.075     326.592 / 515.532     326.592 / 515.532     ms
[920.170s][info   ][gc,stats    ]  Contention: Mark Segment Reset Contention                     0 / 0                14 / 478              15 / 850              15 / 850         ops/s
[920.170s][info   ][gc,stats    ]  Contention: Mark SeqNum Reset Contention                      0 / 0                 0 / 3                 0 / 9                 0 / 9           ops/s
[920.170s][info   ][gc,stats    ]  Contention: Relocation Contention                             0 / 0                 1 / 228               0 / 228               0 / 228         ops/s
[920.170s][info   ][gc,stats    ]    Critical: Allocation Stall                              0.000 / 0.000         0.000 / 0.000         0.000 / 0.000         0.000 / 0.000       ms
[920.170s][info   ][gc,stats    ]    Critical: Allocation Stall                                  0 / 0                 0 / 0                 0 / 0                 0 / 0           ops/s
[920.170s][info   ][gc,stats    ]    Critical: GC Locker Stall                               0.000 / 0.000         0.000 / 0.000         0.000 / 0.000         0.000 / 0.000       ms
[920.170s][info   ][gc,stats    ]    Critical: GC Locker Stall                                   0 / 0                 0 / 0                 0 / 0                 0 / 0           ops/s
[920.170s][info   ][gc,stats    ]      Memory: Allocation Rate                                 632 / 706             623 / 848             619 / 1436            619 / 1436        MB/s
[920.170s][info   ][gc,stats    ]      Memory: Heap Used After Mark                              0 / 0             14441 / 15534         15371 / 30288         15371 / 30288       MB
[920.170s][info   ][gc,stats    ]      Memory: Heap Used After Relocation                        0 / 0              3969 / 4088           3817 / 4228           3817 / 4228        MB
[920.170s][info   ][gc,stats    ]      Memory: Heap Used Before Mark                             0 / 0             14257 / 15342         15190 / 30112         15190 / 30112       MB
[920.170s][info   ][gc,stats    ]      Memory: Heap Used Before Relocation                       0 / 0             10639 / 11256         11088 / 20378         11088 / 20378       MB
[920.170s][info   ][gc,stats    ]      Memory: Out Of Memory                                     0 / 0                 0 / 0                 0 / 0                 0 / 0           ops/s
[920.170s][info   ][gc,stats    ]      Memory: Page Cache Flush                                  0 / 0                 0 / 0                 0 / 0                 0 / 0           MB/s
[920.170s][info   ][gc,stats    ]      Memory: Page Cache Hit L1                               304 / 338             338 / 1039            318 / 1642            318 / 1642        ops/s
[920.170s][info   ][gc,stats    ]      Memory: Page Cache Hit L2                                 0 / 0                 0 / 0                 0 / 179               0 / 179         ops/s
[920.170s][info   ][gc,stats    ]      Memory: Page Cache Miss                                   0 / 0                 0 / 0                15 / 341              15 / 341         ops/s
[920.170s][info   ][gc,stats    ]      Memory: Undo Object Allocation Failed                     0 / 0                 0 / 0                 0 / 0                 0 / 0           ops/s
[920.170s][info   ][gc,stats    ]      Memory: Undo Object Allocation Succeeded                  0 / 0                 1 / 228               0 / 228               0 / 228         ops/s
[920.170s][info   ][gc,stats    ]      Memory: Undo Page Allocation                              0 / 0                 0 / 0                 0 / 69                0 / 69          ops/s
[920.170s][info   ][gc,stats    ]       Phase: Concurrent Destroy Detached Pages             0.000 / 0.000         0.001 / 0.001         0.001 / 0.001         0.001 / 0.001       ms
[920.170s][info   ][gc,stats    ]       Phase: Concurrent Mark                               0.000 / 0.000       195.042 / 213.992     196.376 / 275.553     196.376 / 275.553     ms
[920.170s][info   ][gc,stats    ]       Phase: Concurrent Mark Continue                      0.000 / 0.000         1.335 / 1.335         1.375 / 1.416         1.375 / 1.416       ms
[920.170s][info   ][gc,stats    ]       Phase: Concurrent Prepare Relocation Set             0.000 / 0.000        14.168 / 23.403       20.869 / 89.649       20.869 / 89.649      ms
[920.170s][info   ][gc,stats    ]       Phase: Concurrent Process Non-Strong References      0.000 / 0.000         1.698 / 2.033         2.414 / 19.270        2.414 / 19.270      ms
[920.170s][info   ][gc,stats    ]       Phase: Concurrent Relocate                           0.000 / 0.000        98.356 / 115.167      98.626 / 165.671      98.626 / 165.671     ms
[920.170s][info   ][gc,stats    ]       Phase: Concurrent Reset Relocation Set               0.000 / 0.000         1.586 / 2.272         2.294 / 14.653        2.294 / 14.653      ms
[920.170s][info   ][gc,stats    ]       Phase: Concurrent Select Relocation Set              0.000 / 0.000         2.990 / 11.393        3.628 / 12.148        3.628 / 12.148      ms
[920.170s][info   ][gc,stats    ]       Phase: Pause Mark End                                0.000 / 0.000         0.671 / 1.288         0.716 / 1.288         0.716 / 1.288       ms
[920.170s][info   ][gc,stats    ]       Phase: Pause Mark Start                              0.000 / 0.000         0.204 / 0.678         0.290 / 1.400         0.290 / 1.400       ms
[920.170s][info   ][gc,stats    ]       Phase: Pause Relocate Start                          0.000 / 0.000         0.194 / 0.265         0.213 / 1.025         0.213 / 1.025       ms
[920.170s][info   ][gc,stats    ]       Phase: Pause Verify                                  0.000 / 0.000         0.000 / 0.000         0.000 / 0.000         0.000 / 0.000       ms
[920.170s][info   ][gc,stats    ]    Subphase: Concurrent Classes Unload                     0.000 / 0.000         1.386 / 1.659         2.040 / 18.723        2.040 / 18.723      ms
[920.170s][info   ][gc,stats    ]    Subphase: Concurrent Mark                               0.000 / 0.000       188.415 / 213.207     187.114 / 273.889     187.114 / 273.889     ms
[920.170s][info   ][gc,stats    ]    Subphase: Concurrent Mark Idle                          0.000 / 0.000         1.137 / 1.413         1.137 / 1.413         1.137 / 1.413       ms
[920.170s][info   ][gc,stats    ]    Subphase: Concurrent Mark Try Flush                     0.000 / 0.000         0.073 / 0.324         0.076 / 0.545         0.076 / 0.545       ms
[920.170s][info   ][gc,stats    ]    Subphase: Concurrent Mark Try Terminate                 0.000 / 0.000         1.135 / 1.418         1.135 / 1.418         1.135 / 1.418       ms
[920.170s][info   ][gc,stats    ]    Subphase: Concurrent References Enqueue                 0.000 / 0.000         0.005 / 0.007         0.005 / 0.008         0.005 / 0.008       ms
[920.170s][info   ][gc,stats    ]    Subphase: Concurrent References Process                 0.000 / 0.000         0.066 / 0.104         0.071 / 0.140         0.071 / 0.140       ms
[920.170s][info   ][gc,stats    ]    Subphase: Concurrent Roots                              0.000 / 0.000         0.070 / 0.885         0.087 / 2.807         0.087 / 2.807       ms
[920.170s][info   ][gc,stats    ]    Subphase: Concurrent Roots ClassLoaderDataGraph         0.000 / 0.000         0.062 / 0.882         0.077 / 2.804         0.077 / 2.804       ms
[920.170s][info   ][gc,stats    ]    Subphase: Concurrent Roots JNIHandles                   0.000 / 0.000         0.011 / 0.069         0.025 / 0.551         0.025 / 0.551       ms
[920.170s][info   ][gc,stats    ]    Subphase: Concurrent Roots Setup                        0.000 / 0.000         0.139 / 1.420         0.217 / 1.622         0.217 / 1.622       ms
[920.170s][info   ][gc,stats    ]    Subphase: Concurrent Roots Teardown                     0.000 / 0.000         0.001 / 0.001         0.001 / 0.001         0.001 / 0.001       ms
[920.170s][info   ][gc,stats    ]    Subphase: Concurrent Weak Roots                         0.000 / 0.000         0.180 / 0.273         0.225 / 1.376         0.225 / 1.376       ms
[920.170s][info   ][gc,stats    ]    Subphase: Concurrent Weak Roots JNIWeakHandles          0.000 / 0.000         0.002 / 0.012         0.003 / 0.073         0.003 / 0.073       ms
[920.170s][info   ][gc,stats    ]    Subphase: Concurrent Weak Roots StringTable             0.000 / 0.000         0.154 / 0.264         0.198 / 1.327         0.198 / 1.327       ms
[920.170s][info   ][gc,stats    ]    Subphase: Concurrent Weak Roots VMWeakHandles           0.000 / 0.000         0.023 / 0.052         0.023 / 0.052         0.023 / 0.052       ms
[920.170s][info   ][gc,stats    ]    Subphase: Pause Mark Try Complete                       0.000 / 0.000         0.141 / 1.007         0.164 / 1.009         0.164 / 1.009       ms
[920.170s][info   ][gc,stats    ]    Subphase: Pause Roots                                   0.000 / 0.000         0.035 / 0.329         0.043 / 1.060         0.043 / 1.060       ms
[920.170s][info   ][gc,stats    ]    Subphase: Pause Roots CodeCache                         0.000 / 0.000         0.000 / 0.000         0.000 / 0.000         0.000 / 0.000       ms
[920.170s][info   ][gc,stats    ]    Subphase: Pause Roots JVMTIExport                       0.000 / 0.000         0.001 / 0.003         0.002 / 0.017         0.002 / 0.017       ms
[920.170s][info   ][gc,stats    ]    Subphase: Pause Roots JVMTIWeakExport                   0.000 / 0.000         0.001 / 0.002         0.001 / 0.002         0.001 / 0.002       ms
[920.170s][info   ][gc,stats    ]    Subphase: Pause Roots Management                        0.000 / 0.000         0.005 / 0.036         0.009 / 0.430         0.009 / 0.430       ms
[920.170s][info   ][gc,stats    ]    Subphase: Pause Roots ObjectSynchronizer                0.000 / 0.000         0.001 / 0.001         0.001 / 0.011         0.001 / 0.011       ms
[920.170s][info   ][gc,stats    ]    Subphase: Pause Roots Setup                             0.000 / 0.000         0.001 / 0.002         0.001 / 0.002         0.001 / 0.002       ms
[920.170s][info   ][gc,stats    ]    Subphase: Pause Roots SystemDictionary                  0.000 / 0.000         0.022 / 0.171         0.038 / 0.734         0.038 / 0.734       ms
[920.170s][info   ][gc,stats    ]    Subphase: Pause Roots Teardown                          0.000 / 0.000         0.004 / 0.008         0.004 / 0.009         0.004 / 0.009       ms
[920.170s][info   ][gc,stats    ]    Subphase: Pause Roots Threads                           0.000 / 0.000         0.042 / 0.316         0.051 / 1.042         0.051 / 1.042       ms
[920.170s][info   ][gc,stats    ]    Subphase: Pause Roots Universe                          0.000 / 0.000         0.007 / 0.022         0.014 / 0.626         0.014 / 0.626       ms
[920.170s][info   ][gc,stats    ]    Subphase: Pause Weak Roots                              0.000 / 0.000         0.001 / 0.025         0.001 / 0.025         0.001 / 0.025       ms
[920.170s][info   ][gc,stats    ]    Subphase: Pause Weak Roots JFRWeak                      0.000 / 0.000         0.001 / 0.002         0.001 / 0.002         0.001 / 0.002       ms
[920.170s][info   ][gc,stats    ]    Subphase: Pause Weak Roots JVMTIWeakExport              0.000 / 0.000         0.001 / 0.002         0.001 / 0.002         0.001 / 0.002       ms
[920.170s][info   ][gc,stats    ]    Subphase: Pause Weak Roots Setup                        0.000 / 0.000         0.001 / 0.001         0.001 / 0.001         0.001 / 0.001       ms
[920.170s][info   ][gc,stats    ]    Subphase: Pause Weak Roots Teardown                     0.000 / 0.000         0.001 / 0.002         0.001 / 0.004         0.001 / 0.004       ms
[920.170s][info   ][gc,stats    ]      System: Java Threads                                      0 / 0                61 / 62               60 / 65               60 / 65          threads
[920.170s][info   ][gc,stats    ] =========================================================================================================================================================
[924.470s][info   ][gc,start    ] GC(48) Garbage Collection (Proactive)
[924.470s][info   ][gc,phases   ] GC(48) Pause Mark Start 0.185ms
[924.657s][info   ][gc,phases   ] GC(48) Concurrent Mark 187.016ms
[924.659s][info   ][gc,phases   ] GC(48) Pause Mark End 0.889ms
[924.660s][info   ][gc,phases   ] GC(48) Concurrent Process Non-Strong References 1.667ms
[924.662s][info   ][gc,phases   ] GC(48) Concurrent Reset Relocation Set 1.707ms
[924.662s][info   ][gc,phases   ] GC(48) Concurrent Destroy Detached Pages 0.001ms
[924.665s][info   ][gc,phases   ] GC(48) Concurrent Select Relocation Set 3.074ms
[924.682s][info   ][gc,phases   ] GC(48) Concurrent Prepare Relocation Set 17.238ms
[924.683s][info   ][gc,phases   ] GC(48) Pause Relocate Start 0.163ms
[924.792s][info   ][gc,phases   ] GC(48) Concurrent Relocate 108.805ms
[924.792s][info   ][gc,load     ] GC(48) Load: 4.92/4.13/2.55
[924.792s][info   ][gc,mmu      ] GC(48) MMU: 2ms/30.0%, 5ms/69.9%, 10ms/81.7%, 20ms/87.7%, 50ms/95.1%, 100ms/97.5%
[924.792s][info   ][gc,marking  ] GC(48) Mark: 8 stripe(s), 10 proactive flush(es), 1 terminate flush(es), 1 completion(s), 0 continuation(s) 
[924.792s][info   ][gc,reloc    ] GC(48) Relocation: Successful, 1494M relocated
[924.792s][info   ][gc,nmethod  ] GC(48) NMethods: 5663 registered, 1187 unregistered
[924.792s][info   ][gc,metaspace] GC(48) Metaspace: 40M used, 41M capacity, 41M committed, 42M reserved
[924.792s][info   ][gc,ref      ] GC(48) Soft: 3327 encountered, 0 discovered, 0 enqueued
[924.792s][info   ][gc,ref      ] GC(48) Weak: 1530 encountered, 307 discovered, 0 enqueued
[924.792s][info   ][gc,ref      ] GC(48) Final: 31 encountered, 4 discovered, 4 enqueued
[924.792s][info   ][gc,ref      ] GC(48) Phantom: 120 encountered, 98 discovered, 0 enqueued
[924.792s][info   ][gc,heap     ] GC(48)                Mark Start          Mark End        Relocate Start      Relocate End           High               Low         
[924.792s][info   ][gc,heap     ] GC(48)  Capacity:    30390M (30%)       30390M (30%)       30390M (30%)       30390M (30%)       30390M (30%)       30390M (30%)    
[924.792s][info   ][gc,heap     ] GC(48)   Reserve:       80M (0%)           80M (0%)           80M (0%)           80M (0%)           80M (0%)           80M (0%)     
[924.792s][info   ][gc,heap     ] GC(48)      Free:    86180M (86%)       85938M (86%)       89722M (89%)       96230M (96%)       96230M (96%)       85930M (86%)    
[924.792s][info   ][gc,heap     ] GC(48)      Used:    14092M (14%)       14334M (14%)       10550M (11%)        4042M (4%)        14342M (14%)        4042M (4%)     
[924.792s][info   ][gc,heap     ] GC(48)      Live:         -              3543M (4%)         3543M (4%)         3543M (4%)             -                  -          
[924.792s][info   ][gc,heap     ] GC(48) Allocated:         -               242M (0%)          270M (0%)         1692M (2%)             -                  -          
[924.792s][info   ][gc,heap     ] GC(48)   Garbage:         -             10548M (11%)        6736M (7%)          190M (0%)             -                  -          
[924.792s][info   ][gc,heap     ] GC(48) Reclaimed:         -                  -              3812M (4%)        10358M (10%)            -                  -          
[924.792s][info   ][gc          ] GC(48) Garbage Collection (Proactive) 14092M(14%)->4042M(4%)
[930.169s][info   ][gc,stats    ] === Garbage Collection Statistics =======================================================================================================================
[930.169s][info   ][gc,stats    ]                                                              Last 10s              Last 10m              Last 10h                Total
[930.169s][info   ][gc,stats    ]                                                              Avg / Max             Avg / Max             Avg / Max             Avg / Max
[930.169s][info   ][gc,stats    ]   Collector: Garbage Collection Cycle                    321.813 / 321.813     316.167 / 354.075     326.495 / 515.532     326.495 / 515.532     ms
[930.169s][info   ][gc,stats    ]  Contention: Mark Segment Reset Contention                    13 / 130              14 / 478              15 / 850              15 / 850         ops/s
[930.169s][info   ][gc,stats    ]  Contention: Mark SeqNum Reset Contention                      0 / 1                 0 / 3                 0 / 9                 0 / 9           ops/s
[930.169s][info   ][gc,stats    ]  Contention: Relocation Contention                             0 / 1                 1 / 228               0 / 228               0 / 228         ops/s
[930.169s][info   ][gc,stats    ]    Critical: Allocation Stall                              0.000 / 0.000         0.000 / 0.000         0.000 / 0.000         0.000 / 0.000       ms
[930.169s][info   ][gc,stats    ]    Critical: Allocation Stall                                  0 / 0                 0 / 0                 0 / 0                 0 / 0           ops/s
[930.169s][info   ][gc,stats    ]    Critical: GC Locker Stall                               0.000 / 0.000         0.000 / 0.000         0.000 / 0.000         0.000 / 0.000       ms
[930.169s][info   ][gc,stats    ]    Critical: GC Locker Stall                                   0 / 0                 0 / 0                 0 / 0                 0 / 0           ops/s
[930.169s][info   ][gc,stats    ]      Memory: Allocation Rate                                 648 / 726             623 / 848             619 / 1436            619 / 1436        MB/s
[930.169s][info   ][gc,stats    ]      Memory: Heap Used After Mark                          14334 / 14334         14438 / 15534         15350 / 30288         15350 / 30288       MB
[930.169s][info   ][gc,stats    ]      Memory: Heap Used After Relocation                     4042 / 4042           3971 / 4088           3822 / 4228           3822 / 4228        MB
[930.169s][info   ][gc,stats    ]      Memory: Heap Used Before Mark                         14092 / 14092         14253 / 15342         15168 / 30112         15168 / 30112       MB
[930.169s][info   ][gc,stats    ]      Memory: Heap Used Before Relocation                   10550 / 10550         10636 / 11256         11077 / 20378         11077 / 20378       MB
[930.169s][info   ][gc,stats    ]      Memory: Out Of Memory                                     0 / 0                 0 / 0                 0 / 0                 0 / 0           ops/s
[930.169s][info   ][gc,stats    ]      Memory: Page Cache Flush                                  0 / 0                 0 / 0                 0 / 0                 0 / 0           MB/s
[930.169s][info   ][gc,stats    ]      Memory: Page Cache Hit L1                               381 / 1035            339 / 1039            319 / 1642            319 / 1642        ops/s
[930.169s][info   ][gc,stats    ]      Memory: Page Cache Hit L2                                 0 / 0                 0 / 0                 0 / 179               0 / 179         ops/s
[930.169s][info   ][gc,stats    ]      Memory: Page Cache Miss                                   0 / 0                 0 / 0                15 / 341              15 / 341         ops/s
[930.169s][info   ][gc,stats    ]      Memory: Undo Object Allocation Failed                     0 / 0                 0 / 0                 0 / 0                 0 / 0           ops/s
[930.169s][info   ][gc,stats    ]      Memory: Undo Object Allocation Succeeded                  0 / 1                 1 / 228               0 / 228               0 / 228         ops/s
[930.169s][info   ][gc,stats    ]      Memory: Undo Page Allocation                              0 / 0                 0 / 0                 0 / 69                0 / 69          ops/s
[930.169s][info   ][gc,stats    ]       Phase: Concurrent Destroy Detached Pages             0.001 / 0.001         0.001 / 0.001         0.001 / 0.001         0.001 / 0.001       ms
[930.169s][info   ][gc,stats    ]       Phase: Concurrent Mark                             187.016 / 187.016     194.819 / 213.992     196.185 / 275.553     196.185 / 275.553     ms
[930.169s][info   ][gc,stats    ]       Phase: Concurrent Mark Continue                      0.000 / 0.000         1.335 / 1.335         1.375 / 1.416         1.375 / 1.416       ms
[930.169s][info   ][gc,stats    ]       Phase: Concurrent Prepare Relocation Set            17.238 / 17.238       14.254 / 23.403       20.795 / 89.649       20.795 / 89.649      ms
[930.169s][info   ][gc,stats    ]       Phase: Concurrent Process Non-Strong References      1.667 / 1.667         1.697 / 2.033         2.398 / 19.270        2.398 / 19.270      ms
[930.170s][info   ][gc,stats    ]       Phase: Concurrent Relocate                         108.805 / 108.805      98.646 / 115.167      98.834 / 165.671      98.834 / 165.671     ms
[930.170s][info   ][gc,stats    ]       Phase: Concurrent Reset Relocation Set               1.707 / 1.707         1.590 / 2.272         2.282 / 14.653        2.282 / 14.653      ms
[930.170s][info   ][gc,stats    ]       Phase: Concurrent Select Relocation Set              3.074 / 3.074         2.992 / 11.393        3.617 / 12.148        3.617 / 12.148      ms
[930.170s][info   ][gc,stats    ]       Phase: Pause Mark End                                0.889 / 0.889         0.677 / 1.288         0.720 / 1.288         0.720 / 1.288       ms
[930.170s][info   ][gc,stats    ]       Phase: Pause Mark Start                              0.185 / 0.185         0.203 / 0.678         0.288 / 1.400         0.288 / 1.400       ms
[930.170s][info   ][gc,stats    ]       Phase: Pause Relocate Start                          0.163 / 0.163         0.193 / 0.265         0.212 / 1.025         0.212 / 1.025       ms
[930.170s][info   ][gc,stats    ]       Phase: Pause Verify                                  0.000 / 0.000         0.000 / 0.000         0.000 / 0.000         0.000 / 0.000       ms
[930.170s][info   ][gc,stats    ]    Subphase: Concurrent Classes Unload                     1.384 / 1.384         1.386 / 1.659         2.027 / 18.723        2.027 / 18.723      ms
[930.170s][info   ][gc,stats    ]    Subphase: Concurrent Mark                             185.863 / 186.355     188.346 / 213.207     187.089 / 273.889     187.089 / 273.889     ms
[930.170s][info   ][gc,stats    ]    Subphase: Concurrent Mark Idle                          1.135 / 1.161         1.137 / 1.413         1.137 / 1.413         1.137 / 1.413       ms
[930.170s][info   ][gc,stats    ]    Subphase: Concurrent Mark Try Flush                     0.071 / 0.138         0.073 / 0.324         0.076 / 0.545         0.076 / 0.545       ms
[930.170s][info   ][gc,stats    ]    Subphase: Concurrent Mark Try Terminate                 1.134 / 1.165         1.135 / 1.418         1.135 / 1.418         1.135 / 1.418       ms
[930.170s][info   ][gc,stats    ]    Subphase: Concurrent References Enqueue                 0.004 / 0.004         0.005 / 0.007         0.005 / 0.008         0.005 / 0.008       ms
[930.170s][info   ][gc,stats    ]    Subphase: Concurrent References Process                 0.054 / 0.054         0.065 / 0.104         0.071 / 0.140         0.071 / 0.140       ms
[930.170s][info   ][gc,stats    ]    Subphase: Concurrent Roots                              0.064 / 0.406         0.069 / 0.885         0.087 / 2.807         0.087 / 2.807       ms
[930.170s][info   ][gc,stats    ]    Subphase: Concurrent Roots ClassLoaderDataGraph         0.056 / 0.395         0.062 / 0.882         0.077 / 2.804         0.077 / 2.804       ms
[930.170s][info   ][gc,stats    ]    Subphase: Concurrent Roots JNIHandles                   0.009 / 0.019         0.011 / 0.069         0.025 / 0.551         0.025 / 0.551       ms
[930.170s][info   ][gc,stats    ]    Subphase: Concurrent Roots Setup                        0.088 / 0.088         0.138 / 1.420         0.214 / 1.622         0.214 / 1.622       ms
[930.170s][info   ][gc,stats    ]    Subphase: Concurrent Roots Teardown                     0.001 / 0.001         0.001 / 0.001         0.001 / 0.001         0.001 / 0.001       ms
[930.170s][info   ][gc,stats    ]    Subphase: Concurrent Weak Roots                         0.174 / 0.189         0.180 / 0.273         0.224 / 1.376         0.224 / 1.376       ms
[930.170s][info   ][gc,stats    ]    Subphase: Concurrent Weak Roots JNIWeakHandles          0.002 / 0.006         0.002 / 0.012         0.003 / 0.073         0.003 / 0.073       ms
[930.170s][info   ][gc,stats    ]    Subphase: Concurrent Weak Roots StringTable             0.148 / 0.155         0.154 / 0.264         0.197 / 1.327         0.197 / 1.327       ms
[930.170s][info   ][gc,stats    ]    Subphase: Concurrent Weak Roots VMWeakHandles           0.022 / 0.036         0.023 / 0.052         0.023 / 0.052         0.023 / 0.052       ms
[930.170s][info   ][gc,stats    ]    Subphase: Pause Mark Try Complete                       0.126 / 0.602         0.141 / 1.007         0.163 / 1.009         0.163 / 1.009       ms
[930.170s][info   ][gc,stats    ]    Subphase: Pause Roots                                   0.035 / 0.111         0.035 / 0.329         0.043 / 1.060         0.043 / 1.060       ms
[930.170s][info   ][gc,stats    ]    Subphase: Pause Roots CodeCache                         0.000 / 0.000         0.000 / 0.000         0.000 / 0.000         0.000 / 0.000       ms
[930.170s][info   ][gc,stats    ]    Subphase: Pause Roots JVMTIExport                       0.001 / 0.001         0.001 / 0.003         0.002 / 0.017         0.002 / 0.017       ms
[930.170s][info   ][gc,stats    ]    Subphase: Pause Roots JVMTIWeakExport                   0.001 / 0.001         0.001 / 0.002         0.001 / 0.002         0.001 / 0.002       ms
[930.170s][info   ][gc,stats    ]    Subphase: Pause Roots Management                        0.006 / 0.008         0.005 / 0.036         0.009 / 0.430         0.009 / 0.430       ms
[930.170s][info   ][gc,stats    ]    Subphase: Pause Roots ObjectSynchronizer                0.001 / 0.001         0.001 / 0.001         0.001 / 0.011         0.001 / 0.011       ms
[930.170s][info   ][gc,stats    ]    Subphase: Pause Roots Setup                             0.001 / 0.002         0.001 / 0.002         0.001 / 0.002         0.001 / 0.002       ms
[930.170s][info   ][gc,stats    ]    Subphase: Pause Roots SystemDictionary                  0.026 / 0.038         0.022 / 0.171         0.037 / 0.734         0.037 / 0.734       ms
[930.170s][info   ][gc,stats    ]    Subphase: Pause Roots Teardown                          0.004 / 0.005         0.004 / 0.008         0.004 / 0.009         0.004 / 0.009       ms
[930.170s][info   ][gc,stats    ]    Subphase: Pause Roots Threads                           0.043 / 0.108         0.042 / 0.316         0.051 / 1.042         0.051 / 1.042       ms
[930.170s][info   ][gc,stats    ]    Subphase: Pause Roots Universe                          0.006 / 0.007         0.007 / 0.022         0.014 / 0.626         0.014 / 0.626       ms
[930.170s][info   ][gc,stats    ]    Subphase: Pause Weak Roots                              0.001 / 0.006         0.001 / 0.025         0.001 / 0.025         0.001 / 0.025       ms
[930.170s][info   ][gc,stats    ]    Subphase: Pause Weak Roots JFRWeak                      0.001 / 0.001         0.001 / 0.002         0.001 / 0.002         0.001 / 0.002       ms
[930.170s][info   ][gc,stats    ]    Subphase: Pause Weak Roots JVMTIWeakExport              0.001 / 0.001         0.001 / 0.002         0.001 / 0.002         0.001 / 0.002       ms
[930.170s][info   ][gc,stats    ]    Subphase: Pause Weak Roots Setup                        0.001 / 0.001         0.001 / 0.001         0.001 / 0.001         0.001 / 0.001       ms
[930.170s][info   ][gc,stats    ]    Subphase: Pause Weak Roots Teardown                     0.001 / 0.001         0.001 / 0.002         0.001 / 0.004         0.001 / 0.004       ms
[930.170s][info   ][gc,stats    ]      System: Java Threads                                     62 / 62               61 / 62               60 / 65               60 / 65          threads
[930.170s][info   ][gc,stats    ] =========================================================================================================================================================
[940.170s][info   ][gc,stats    ] === Garbage Collection Statistics =======================================================================================================================
[940.170s][info   ][gc,stats    ]                                                              Last 10s              Last 10m              Last 10h                Total
[940.170s][info   ][gc,stats    ]                                                              Avg / Max             Avg / Max             Avg / Max             Avg / Max
[940.170s][info   ][gc,stats    ]   Collector: Garbage Collection Cycle                      0.000 / 0.000       316.692 / 354.075     326.495 / 515.532     326.495 / 515.532     ms
[940.170s][info   ][gc,stats    ]  Contention: Mark Segment Reset Contention                     0 / 0                14 / 478              15 / 850              15 / 850         ops/s
[940.170s][info   ][gc,stats    ]  Contention: Mark SeqNum Reset Contention                      0 / 0                 0 / 3                 0 / 9                 0 / 9           ops/s
[940.170s][info   ][gc,stats    ]  Contention: Relocation Contention                             0 / 0                 1 / 228               0 / 228               0 / 228         ops/s
[940.170s][info   ][gc,stats    ]    Critical: Allocation Stall                              0.000 / 0.000         0.000 / 0.000         0.000 / 0.000         0.000 / 0.000       ms
[940.170s][info   ][gc,stats    ]    Critical: Allocation Stall                                  0 / 0                 0 / 0                 0 / 0                 0 / 0           ops/s
[940.170s][info   ][gc,stats    ]    Critical: GC Locker Stall                               0.000 / 0.000         0.000 / 0.000         0.000 / 0.000         0.000 / 0.000       ms
[940.170s][info   ][gc,stats    ]    Critical: GC Locker Stall                                   0 / 0                 0 / 0                 0 / 0                 0 / 0           ops/s
[940.170s][info   ][gc,stats    ]      Memory: Allocation Rate                                 654 / 756             623 / 848             620 / 1436            620 / 1436        MB/s
[940.170s][info   ][gc,stats    ]      Memory: Heap Used After Mark                              0 / 0             14428 / 15534         15350 / 30288         15350 / 30288       MB
[940.170s][info   ][gc,stats    ]      Memory: Heap Used After Relocation                        0 / 0              3972 / 4088           3822 / 4228           3822 / 4228        MB
[940.170s][info   ][gc,stats    ]      Memory: Heap Used Before Mark                             0 / 0             14243 / 15342         15168 / 30112         15168 / 30112       MB
[940.170s][info   ][gc,stats    ]      Memory: Heap Used Before Relocation                       0 / 0             10635 / 11256         11077 / 20378         11077 / 20378       MB
[940.170s][info   ][gc,stats    ]      Memory: Out Of Memory                                     0 / 0                 0 / 0                 0 / 0                 0 / 0           ops/s
[940.170s][info   ][gc,stats    ]      Memory: Page Cache Flush                                  0 / 0                 0 / 0                 0 / 0                 0 / 0           MB/s
[940.170s][info   ][gc,stats    ]      Memory: Page Cache Hit L1                               315 / 363             339 / 1039            319 / 1642            319 / 1642        ops/s
[940.170s][info   ][gc,stats    ]      Memory: Page Cache Hit L2                                 0 / 0                 0 / 0                 0 / 179               0 / 179         ops/s
[940.170s][info   ][gc,stats    ]      Memory: Page Cache Miss                                   0 / 0                 0 / 0                15 / 341              15 / 341         ops/s
[940.170s][info   ][gc,stats    ]      Memory: Undo Object Allocation Failed                     0 / 0                 0 / 0                 0 / 0                 0 / 0           ops/s
[940.170s][info   ][gc,stats    ]      Memory: Undo Object Allocation Succeeded                  0 / 0                 1 / 228               0 / 228               0 / 228         ops/s
[940.170s][info   ][gc,stats    ]      Memory: Undo Page Allocation                              0 / 0                 0 / 0                 0 / 69                0 / 69          ops/s
[940.170s][info   ][gc,stats    ]       Phase: Concurrent Destroy Detached Pages             0.000 / 0.000         0.001 / 0.001         0.001 / 0.001         0.001 / 0.001       ms
[940.170s][info   ][gc,stats    ]       Phase: Concurrent Mark                               0.000 / 0.000       194.491 / 213.992     196.185 / 275.553     196.185 / 275.553     ms
[940.170s][info   ][gc,stats    ]       Phase: Concurrent Mark Continue                      0.000 / 0.000         1.335 / 1.335         1.375 / 1.416         1.375 / 1.416       ms
[940.170s][info   ][gc,stats    ]       Phase: Concurrent Prepare Relocation Set             0.000 / 0.000        14.301 / 23.403       20.795 / 89.649       20.795 / 89.649      ms
[940.170s][info   ][gc,stats    ]       Phase: Concurrent Process Non-Strong References      0.000 / 0.000         1.695 / 2.033         2.398 / 19.270        2.398 / 19.270      ms
[940.170s][info   ][gc,stats    ]       Phase: Concurrent Relocate                           0.000 / 0.000        99.435 / 115.167      98.834 / 165.671      98.834 / 165.671     ms
[940.170s][info   ][gc,stats    ]       Phase: Concurrent Reset Relocation Set               0.000 / 0.000         1.590 / 2.272         2.282 / 14.653        2.282 / 14.653      ms
[940.170s][info   ][gc,stats    ]       Phase: Concurrent Select Relocation Set              0.000 / 0.000         3.008 / 11.393        3.617 / 12.148        3.617 / 12.148      ms
[940.170s][info   ][gc,stats    ]       Phase: Pause Mark End                                0.000 / 0.000         0.677 / 1.288         0.720 / 1.288         0.720 / 1.288       ms
[940.170s][info   ][gc,stats    ]       Phase: Pause Mark Start                              0.000 / 0.000         0.203 / 0.678         0.288 / 1.400         0.288 / 1.400       ms
[940.170s][info   ][gc,stats    ]       Phase: Pause Relocate Start                          0.000 / 0.000         0.192 / 0.265         0.212 / 1.025         0.212 / 1.025       ms
[940.170s][info   ][gc,stats    ]       Phase: Pause Verify                                  0.000 / 0.000         0.000 / 0.000         0.000 / 0.000         0.000 / 0.000       ms
[940.170s][info   ][gc,stats    ]    Subphase: Concurrent Classes Unload                     0.000 / 0.000         1.384 / 1.659         2.027 / 18.723        2.027 / 18.723      ms
[940.170s][info   ][gc,stats    ]    Subphase: Concurrent Mark                               0.000 / 0.000       187.881 / 213.207     187.089 / 273.889     187.089 / 273.889     ms
[940.170s][info   ][gc,stats    ]    Subphase: Concurrent Mark Idle                          0.000 / 0.000         1.137 / 1.413         1.137 / 1.413         1.137 / 1.413       ms
[940.170s][info   ][gc,stats    ]    Subphase: Concurrent Mark Try Flush                     0.000 / 0.000         0.072 / 0.324         0.076 / 0.545         0.076 / 0.545       ms
[940.170s][info   ][gc,stats    ]    Subphase: Concurrent Mark Try Terminate                 0.000 / 0.000         1.135 / 1.418         1.135 / 1.418         1.135 / 1.418       ms
[940.170s][info   ][gc,stats    ]    Subphase: Concurrent References Enqueue                 0.000 / 0.000         0.005 / 0.007         0.005 / 0.008         0.005 / 0.008       ms
[940.170s][info   ][gc,stats    ]    Subphase: Concurrent References Process                 0.000 / 0.000         0.065 / 0.104         0.071 / 0.140         0.071 / 0.140       ms
[940.170s][info   ][gc,stats    ]    Subphase: Concurrent Roots                              0.000 / 0.000         0.070 / 0.885         0.087 / 2.807         0.087 / 2.807       ms
[940.170s][info   ][gc,stats    ]    Subphase: Concurrent Roots ClassLoaderDataGraph         0.000 / 0.000         0.062 / 0.882         0.077 / 2.804         0.077 / 2.804       ms
[940.170s][info   ][gc,stats    ]    Subphase: Concurrent Roots JNIHandles                   0.000 / 0.000         0.011 / 0.069         0.025 / 0.551         0.025 / 0.551       ms
[940.170s][info   ][gc,stats    ]    Subphase: Concurrent Roots Setup                        0.000 / 0.000         0.139 / 1.420         0.214 / 1.622         0.214 / 1.622       ms
[940.170s][info   ][gc,stats    ]    Subphase: Concurrent Roots Teardown                     0.000 / 0.000         0.001 / 0.001         0.001 / 0.001         0.001 / 0.001       ms
[940.170s][info   ][gc,stats    ]    Subphase: Concurrent Weak Roots                         0.000 / 0.000         0.181 / 0.273         0.224 / 1.376         0.224 / 1.376       ms
[940.170s][info   ][gc,stats    ]    Subphase: Concurrent Weak Roots JNIWeakHandles          0.000 / 0.000         0.002 / 0.012         0.003 / 0.073         0.003 / 0.073       ms
[940.170s][info   ][gc,stats    ]    Subphase: Concurrent Weak Roots StringTable             0.000 / 0.000         0.154 / 0.264         0.197 / 1.327         0.197 / 1.327       ms
[940.170s][info   ][gc,stats    ]    Subphase: Concurrent Weak Roots VMWeakHandles           0.000 / 0.000         0.023 / 0.052         0.023 / 0.052         0.023 / 0.052       ms
[940.170s][info   ][gc,stats    ]    Subphase: Pause Mark Try Complete                       0.000 / 0.000         0.140 / 1.007         0.163 / 1.009         0.163 / 1.009       ms
[940.170s][info   ][gc,stats    ]    Subphase: Pause Roots                                   0.000 / 0.000         0.035 / 0.329         0.043 / 1.060         0.043 / 1.060       ms
[940.170s][info   ][gc,stats    ]    Subphase: Pause Roots CodeCache                         0.000 / 0.000         0.000 / 0.000         0.000 / 0.000         0.000 / 0.000       ms
[940.170s][info   ][gc,stats    ]    Subphase: Pause Roots JVMTIExport                       0.000 / 0.000         0.001 / 0.003         0.002 / 0.017         0.002 / 0.017       ms
[940.170s][info   ][gc,stats    ]    Subphase: Pause Roots JVMTIWeakExport                   0.000 / 0.000         0.001 / 0.002         0.001 / 0.002         0.001 / 0.002       ms
[940.170s][info   ][gc,stats    ]    Subphase: Pause Roots Management                        0.000 / 0.000         0.005 / 0.036         0.009 / 0.430         0.009 / 0.430       ms
[940.170s][info   ][gc,stats    ]    Subphase: Pause Roots ObjectSynchronizer                0.000 / 0.000         0.001 / 0.001         0.001 / 0.011         0.001 / 0.011       ms
[940.170s][info   ][gc,stats    ]    Subphase: Pause Roots Setup                             0.000 / 0.000         0.001 / 0.002         0.001 / 0.002         0.001 / 0.002       ms
[940.170s][info   ][gc,stats    ]    Subphase: Pause Roots SystemDictionary                  0.000 / 0.000         0.022 / 0.171         0.037 / 0.734         0.037 / 0.734       ms
[940.170s][info   ][gc,stats    ]    Subphase: Pause Roots Teardown                          0.000 / 0.000         0.003 / 0.008         0.004 / 0.009         0.004 / 0.009       ms
[940.170s][info   ][gc,stats    ]    Subphase: Pause Roots Threads                           0.000 / 0.000         0.042 / 0.316         0.051 / 1.042         0.051 / 1.042       ms
[940.170s][info   ][gc,stats    ]    Subphase: Pause Roots Universe                          0.000 / 0.000         0.007 / 0.022         0.014 / 0.626         0.014 / 0.626       ms
[940.170s][info   ][gc,stats    ]    Subphase: Pause Weak Roots                              0.000 / 0.000         0.001 / 0.025         0.001 / 0.025         0.001 / 0.025       ms
[940.170s][info   ][gc,stats    ]    Subphase: Pause Weak Roots JFRWeak                      0.000 / 0.000         0.001 / 0.002         0.001 / 0.002         0.001 / 0.002       ms
[940.170s][info   ][gc,stats    ]    Subphase: Pause Weak Roots JVMTIWeakExport              0.000 / 0.000         0.001 / 0.002         0.001 / 0.002         0.001 / 0.002       ms
[940.170s][info   ][gc,stats    ]    Subphase: Pause Weak Roots Setup                        0.000 / 0.000         0.001 / 0.001         0.001 / 0.001         0.001 / 0.001       ms
[940.170s][info   ][gc,stats    ]    Subphase: Pause Weak Roots Teardown                     0.000 / 0.000         0.001 / 0.002         0.001 / 0.004         0.001 / 0.004       ms
[940.170s][info   ][gc,stats    ]      System: Java Threads                                      0 / 0                61 / 62               60 / 65               60 / 65          threads
[940.170s][info   ][gc,stats    ] =========================================================================================================================================================
[940.770s][info   ][gc,start    ] GC(49) Garbage Collection (Proactive)
[940.770s][info   ][gc,phases   ] GC(49) Pause Mark Start 0.183ms
[940.964s][info   ][gc,phases   ] GC(49) Concurrent Mark 193.453ms
[940.964s][info   ][gc,phases   ] GC(49) Pause Mark End 0.468ms
[940.966s][info   ][gc,phases   ] GC(49) Concurrent Process Non-Strong References 1.610ms
[940.968s][info   ][gc,phases   ] GC(49) Concurrent Reset Relocation Set 1.803ms
[940.968s][info   ][gc,phases   ] GC(49) Concurrent Destroy Detached Pages 0.001ms
[940.971s][info   ][gc,phases   ] GC(49) Concurrent Select Relocation Set 3.152ms
[940.999s][info   ][gc,phases   ] GC(49) Concurrent Prepare Relocation Set 27.770ms
[940.999s][info   ][gc,phases   ] GC(49) Pause Relocate Start 0.170ms
[941.112s][info   ][gc,phases   ] GC(49) Concurrent Relocate 112.995ms
[941.112s][info   ][gc,load     ] GC(49) Load: 4.60/4.11/2.57
[941.113s][info   ][gc,mmu      ] GC(49) MMU: 2ms/30.0%, 5ms/69.9%, 10ms/81.7%, 20ms/87.7%, 50ms/95.1%, 100ms/97.5%
[941.113s][info   ][gc,marking  ] GC(49) Mark: 8 stripe(s), 10 proactive flush(es), 2 terminate flush(es), 1 completion(s), 0 continuation(s) 
[941.113s][info   ][gc,reloc    ] GC(49) Relocation: Successful, 1559M relocated
[941.113s][info   ][gc,nmethod  ] GC(49) NMethods: 5664 registered, 1188 unregistered
[941.113s][info   ][gc,metaspace] GC(49) Metaspace: 40M used, 41M capacity, 41M committed, 42M reserved
[941.113s][info   ][gc,ref      ] GC(49) Soft: 3327 encountered, 0 discovered, 0 enqueued
[941.113s][info   ][gc,ref      ] GC(49) Weak: 1530 encountered, 347 discovered, 0 enqueued
[941.113s][info   ][gc,ref      ] GC(49) Final: 30 encountered, 3 discovered, 3 enqueued
[941.113s][info   ][gc,ref      ] GC(49) Phantom: 120 encountered, 82 discovered, 0 enqueued
[941.113s][info   ][gc,heap     ] GC(49)                Mark Start          Mark End        Relocate Start      Relocate End           High               Low         
[941.113s][info   ][gc,heap     ] GC(49)  Capacity:    30390M (30%)       30390M (30%)       30390M (30%)       30390M (30%)       30390M (30%)       30390M (30%)    
[941.113s][info   ][gc,heap     ] GC(49)   Reserve:       80M (0%)           80M (0%)           80M (0%)           80M (0%)           80M (0%)           80M (0%)     
[941.113s][info   ][gc,heap     ] GC(49)      Free:    85808M (86%)       85612M (85%)       89482M (89%)       96268M (96%)       96268M (96%)       85610M (85%)    
[941.113s][info   ][gc,heap     ] GC(49)      Used:    14464M (14%)       14660M (15%)       10790M (11%)        4004M (4%)        14662M (15%)        4004M (4%)     
[941.113s][info   ][gc,heap     ] GC(49)      Live:         -              3531M (4%)         3531M (4%)         3531M (4%)             -                  -          
[941.113s][info   ][gc,heap     ] GC(49) Allocated:         -               196M (0%)          222M (0%)         1692M (2%)             -                  -          
[941.113s][info   ][gc,heap     ] GC(49)   Garbage:         -             10932M (11%)        7036M (7%)          216M (0%)             -                  -          
[941.113s][info   ][gc,heap     ] GC(49) Reclaimed:         -                  -              3896M (4%)        10716M (11%)            -                  -          
[941.113s][info   ][gc          ] GC(49) Garbage Collection (Proactive) 14464M(14%)->4004M(4%)
[950.169s][info   ][gc,stats    ] === Garbage Collection Statistics =======================================================================================================================
[950.169s][info   ][gc,stats    ]                                                              Last 10s              Last 10m              Last 10h                Total
[950.169s][info   ][gc,stats    ]                                                              Avg / Max             Avg / Max             Avg / Max             Avg / Max
[950.169s][info   ][gc,stats    ]   Collector: Garbage Collection Cycle                    342.686 / 342.686     317.414 / 354.075     326.819 / 515.532     326.819 / 515.532     ms
[950.169s][info   ][gc,stats    ]  Contention: Mark Segment Reset Contention                    10 / 108              14 / 478              15 / 850              15 / 850         ops/s
[950.169s][info   ][gc,stats    ]  Contention: Mark SeqNum Reset Contention                      0 / 0                 0 / 3                 0 / 9                 0 / 9           ops/s
[950.169s][info   ][gc,stats    ]  Contention: Relocation Contention                             1 / 11                1 / 228               0 / 228               0 / 228         ops/s
[950.169s][info   ][gc,stats    ]    Critical: Allocation Stall                              0.000 / 0.000         0.000 / 0.000         0.000 / 0.000         0.000 / 0.000       ms
[950.169s][info   ][gc,stats    ]    Critical: Allocation Stall                                  0 / 0                 0 / 0                 0 / 0                 0 / 0           ops/s
[950.169s][info   ][gc,stats    ]    Critical: GC Locker Stall                               0.000 / 0.000         0.000 / 0.000         0.000 / 0.000         0.000 / 0.000       ms
[950.169s][info   ][gc,stats    ]    Critical: GC Locker Stall                                   0 / 0                 0 / 0                 0 / 0                 0 / 0           ops/s
[950.169s][info   ][gc,stats    ]      Memory: Allocation Rate                                 642 / 716             623 / 848             620 / 1436            620 / 1436        MB/s
[950.169s][info   ][gc,stats    ]      Memory: Heap Used After Mark                          14660 / 14660         14431 / 15534         15336 / 30288         15336 / 30288       MB
[950.169s][info   ][gc,stats    ]      Memory: Heap Used After Relocation                     4004 / 4004           3973 / 4088           3825 / 4228           3825 / 4228        MB
[950.169s][info   ][gc,stats    ]      Memory: Heap Used Before Mark                         14464 / 14464         14245 / 15342         15154 / 30112         15154 / 30112       MB
[950.169s][info   ][gc,stats    ]      Memory: Heap Used Before Relocation                   10790 / 10790         10639 / 11256         11071 / 20378         11071 / 20378       MB
[950.169s][info   ][gc,stats    ]      Memory: Out Of Memory                                     0 / 0                 0 / 0                 0 / 0                 0 / 0           ops/s
[950.169s][info   ][gc,stats    ]      Memory: Page Cache Flush                                  0 / 0                 0 / 0                 0 / 0                 0 / 0           MB/s
[950.169s][info   ][gc,stats    ]      Memory: Page Cache Hit L1                               380 / 1038            340 / 1039            319 / 1642            319 / 1642        ops/s
[950.169s][info   ][gc,stats    ]      Memory: Page Cache Hit L2                                 0 / 0                 0 / 0                 0 / 179               0 / 179         ops/s
[950.169s][info   ][gc,stats    ]      Memory: Page Cache Miss                                   0 / 0                 0 / 0                15 / 341              15 / 341         ops/s
[950.169s][info   ][gc,stats    ]      Memory: Undo Object Allocation Failed                     0 / 0                 0 / 0                 0 / 0                 0 / 0           ops/s
[950.169s][info   ][gc,stats    ]      Memory: Undo Object Allocation Succeeded                  1 / 11                1 / 228               0 / 228               0 / 228         ops/s
[950.169s][info   ][gc,stats    ]      Memory: Undo Page Allocation                              0 / 0                 0 / 0                 0 / 69                0 / 69          ops/s
[950.169s][info   ][gc,stats    ]       Phase: Concurrent Destroy Detached Pages             0.001 / 0.001         0.001 / 0.001         0.001 / 0.001         0.001 / 0.001       ms
[950.170s][info   ][gc,stats    ]       Phase: Concurrent Mark                             193.453 / 193.453     194.693 / 213.992     196.131 / 275.553     196.131 / 275.553     ms
[950.170s][info   ][gc,stats    ]       Phase: Concurrent Mark Continue                      0.000 / 0.000         1.335 / 1.335         1.375 / 1.416         1.375 / 1.416       ms
[950.170s][info   ][gc,stats    ]       Phase: Concurrent Prepare Relocation Set            27.770 / 27.770       14.675 / 27.770       20.934 / 89.649       20.934 / 89.649      ms
[950.170s][info   ][gc,stats    ]       Phase: Concurrent Process Non-Strong References      1.610 / 1.610         1.689 / 2.033         2.383 / 19.270        2.383 / 19.270      ms
[950.170s][info   ][gc,stats    ]       Phase: Concurrent Relocate                         112.995 / 112.995      99.812 / 115.167      99.117 / 165.671      99.117 / 165.671     ms
[950.170s][info   ][gc,stats    ]       Phase: Concurrent Reset Relocation Set               1.803 / 1.803         1.597 / 2.272         2.273 / 14.653        2.273 / 14.653      ms
[950.170s][info   ][gc,stats    ]       Phase: Concurrent Select Relocation Set              3.152 / 3.152         3.028 / 11.393        3.608 / 12.148        3.608 / 12.148      ms
[950.170s][info   ][gc,stats    ]       Phase: Pause Mark End                                0.468 / 0.468         0.665 / 1.288         0.715 / 1.288         0.715 / 1.288       ms
[950.170s][info   ][gc,stats    ]       Phase: Pause Mark Start                              0.183 / 0.183         0.203 / 0.678         0.285 / 1.400         0.285 / 1.400       ms
[950.170s][info   ][gc,stats    ]       Phase: Pause Relocate Start                          0.170 / 0.170         0.192 / 0.265         0.212 / 1.025         0.212 / 1.025       ms
[950.170s][info   ][gc,stats    ]       Phase: Pause Verify                                  0.000 / 0.000         0.000 / 0.000         0.000 / 0.000         0.000 / 0.000       ms
[950.170s][info   ][gc,stats    ]    Subphase: Concurrent Classes Unload                     1.300 / 1.300         1.379 / 1.659         2.012 / 18.723        2.012 / 18.723      ms
[950.170s][info   ][gc,stats    ]    Subphase: Concurrent Mark                             192.208 / 192.564     188.076 / 213.207     187.188 / 273.889     187.188 / 273.889     ms
[950.170s][info   ][gc,stats    ]    Subphase: Concurrent Mark Idle                          1.137 / 1.184         1.137 / 1.413         1.137 / 1.413         1.137 / 1.413       ms
[950.170s][info   ][gc,stats    ]    Subphase: Concurrent Mark Try Flush                     0.083 / 0.125         0.072 / 0.324         0.076 / 0.545         0.076 / 0.545       ms
[950.170s][info   ][gc,stats    ]    Subphase: Concurrent Mark Try Terminate                 1.135 / 1.187         1.135 / 1.418         1.135 / 1.418         1.135 / 1.418       ms
[950.170s][info   ][gc,stats    ]    Subphase: Concurrent References Enqueue                 0.004 / 0.004         0.005 / 0.007         0.005 / 0.008         0.005 / 0.008       ms
[950.170s][info   ][gc,stats    ]    Subphase: Concurrent References Process                 0.065 / 0.065         0.065 / 0.104         0.071 / 0.140         0.071 / 0.140       ms
[950.170s][info   ][gc,stats    ]    Subphase: Concurrent Roots                              0.077 / 0.566         0.070 / 0.885         0.087 / 2.807         0.087 / 2.807       ms
[950.170s][info   ][gc,stats    ]    Subphase: Concurrent Roots ClassLoaderDataGraph         0.068 / 0.563         0.062 / 0.882         0.077 / 2.804         0.077 / 2.804       ms
[950.170s][info   ][gc,stats    ]    Subphase: Concurrent Roots JNIHandles                   0.012 / 0.017         0.011 / 0.069         0.025 / 0.551         0.025 / 0.551       ms
[950.170s][info   ][gc,stats    ]    Subphase: Concurrent Roots Setup                        0.094 / 0.094         0.139 / 1.420         0.212 / 1.622         0.212 / 1.622       ms
[950.170s][info   ][gc,stats    ]    Subphase: Concurrent Roots Teardown                     0.001 / 0.001         0.001 / 0.001         0.001 / 0.001         0.001 / 0.001       ms
[950.170s][info   ][gc,stats    ]    Subphase: Concurrent Weak Roots                         0.186 / 0.197         0.181 / 0.273         0.223 / 1.376         0.223 / 1.376       ms
[950.170s][info   ][gc,stats    ]    Subphase: Concurrent Weak Roots JNIWeakHandles          0.002 / 0.005         0.002 / 0.012         0.003 / 0.073         0.003 / 0.073       ms
[950.170s][info   ][gc,stats    ]    Subphase: Concurrent Weak Roots StringTable             0.159 / 0.164         0.154 / 0.264         0.196 / 1.327         0.196 / 1.327       ms
[950.170s][info   ][gc,stats    ]    Subphase: Concurrent Weak Roots VMWeakHandles           0.023 / 0.035         0.023 / 0.052         0.023 / 0.052         0.023 / 0.052       ms
[950.170s][info   ][gc,stats    ]    Subphase: Pause Mark Try Complete                       0.102 / 0.226         0.136 / 1.007         0.162 / 1.009         0.162 / 1.009       ms
[950.170s][info   ][gc,stats    ]    Subphase: Pause Roots                                   0.036 / 0.123         0.035 / 0.329         0.043 / 1.060         0.043 / 1.060       ms
[950.170s][info   ][gc,stats    ]    Subphase: Pause Roots CodeCache                         0.000 / 0.000         0.000 / 0.000         0.000 / 0.000         0.000 / 0.000       ms
[950.170s][info   ][gc,stats    ]    Subphase: Pause Roots JVMTIExport                       0.001 / 0.001         0.001 / 0.002         0.002 / 0.017         0.002 / 0.017       ms
[950.170s][info   ][gc,stats    ]    Subphase: Pause Roots JVMTIWeakExport                   0.001 / 0.001         0.001 / 0.002         0.001 / 0.002         0.001 / 0.002       ms
[950.170s][info   ][gc,stats    ]    Subphase: Pause Roots Management                        0.003 / 0.003         0.005 / 0.036         0.009 / 0.430         0.009 / 0.430       ms
[950.170s][info   ][gc,stats    ]    Subphase: Pause Roots ObjectSynchronizer                0.001 / 0.001         0.001 / 0.001         0.001 / 0.011         0.001 / 0.011       ms
[950.170s][info   ][gc,stats    ]    Subphase: Pause Roots Setup                             0.001 / 0.001         0.001 / 0.002         0.001 / 0.002         0.001 / 0.002       ms
[950.170s][info   ][gc,stats    ]    Subphase: Pause Roots SystemDictionary                  0.011 / 0.014         0.022 / 0.171         0.037 / 0.734         0.037 / 0.734       ms
[950.170s][info   ][gc,stats    ]    Subphase: Pause Roots Teardown                          0.003 / 0.005         0.004 / 0.008         0.004 / 0.009         0.004 / 0.009       ms
[950.170s][info   ][gc,stats    ]    Subphase: Pause Roots Threads                           0.043 / 0.116         0.042 / 0.316         0.051 / 1.042         0.051 / 1.042       ms
[950.170s][info   ][gc,stats    ]    Subphase: Pause Roots Universe                          0.010 / 0.016         0.007 / 0.022         0.014 / 0.626         0.014 / 0.626       ms
[950.170s][info   ][gc,stats    ]    Subphase: Pause Weak Roots                              0.001 / 0.004         0.001 / 0.025         0.001 / 0.025         0.001 / 0.025       ms
[950.170s][info   ][gc,stats    ]    Subphase: Pause Weak Roots JFRWeak                      0.001 / 0.001         0.001 / 0.002         0.001 / 0.002         0.001 / 0.002       ms
[950.170s][info   ][gc,stats    ]    Subphase: Pause Weak Roots JVMTIWeakExport              0.001 / 0.001         0.001 / 0.002         0.001 / 0.002         0.001 / 0.002       ms
[950.170s][info   ][gc,stats    ]    Subphase: Pause Weak Roots Setup                        0.001 / 0.001         0.001 / 0.001         0.001 / 0.001         0.001 / 0.001       ms
[950.170s][info   ][gc,stats    ]    Subphase: Pause Weak Roots Teardown                     0.001 / 0.001         0.001 / 0.002         0.001 / 0.004         0.001 / 0.004       ms
[950.170s][info   ][gc,stats    ]      System: Java Threads                                     62 / 62               61 / 62               60 / 65               60 / 65          threads
[950.170s][info   ][gc,stats    ] =========================================================================================================================================================
[958.569s][info   ][gc,start    ] GC(50) Garbage Collection (Proactive)
[958.570s][info   ][gc,phases   ] GC(50) Pause Mark Start 0.183ms
[958.765s][info   ][gc,phases   ] GC(50) Concurrent Mark 195.518ms
[958.766s][info   ][gc,phases   ] GC(50) Pause Mark End 0.574ms
[958.768s][info   ][gc,phases   ] GC(50) Concurrent Process Non-Strong References 1.579ms
[958.770s][info   ][gc,phases   ] GC(50) Concurrent Reset Relocation Set 2.283ms
[958.770s][info   ][gc,phases   ] GC(50) Concurrent Destroy Detached Pages 0.001ms
[958.774s][info   ][gc,phases   ] GC(50) Concurrent Select Relocation Set 4.347ms
[958.803s][info   ][gc,phases   ] GC(50) Concurrent Prepare Relocation Set 29.002ms
[958.804s][info   ][gc,phases   ] GC(50) Pause Relocate Start 0.159ms
[958.916s][info   ][gc,phases   ] GC(50) Concurrent Relocate 112.432ms
[958.916s][info   ][gc,load     ] GC(50) Load: 4.42/4.10/2.60
[958.916s][info   ][gc,mmu      ] GC(50) MMU: 2ms/30.0%, 5ms/69.9%, 10ms/81.7%, 20ms/87.7%, 50ms/95.1%, 100ms/97.5%
[958.916s][info   ][gc,marking  ] GC(50) Mark: 8 stripe(s), 10 proactive flush(es), 2 terminate flush(es), 1 completion(s), 0 continuation(s) 
[958.916s][info   ][gc,reloc    ] GC(50) Relocation: Successful, 1544M relocated
[958.916s][info   ][gc,nmethod  ] GC(50) NMethods: 5665 registered, 1191 unregistered
[958.916s][info   ][gc,metaspace] GC(50) Metaspace: 40M used, 41M capacity, 41M committed, 42M reserved
[958.916s][info   ][gc,ref      ] GC(50) Soft: 3327 encountered, 0 discovered, 0 enqueued
[958.916s][info   ][gc,ref      ] GC(50) Weak: 1530 encountered, 273 discovered, 0 enqueued
[958.916s][info   ][gc,ref      ] GC(50) Final: 30 encountered, 3 discovered, 3 enqueued
[958.916s][info   ][gc,ref      ] GC(50) Phantom: 120 encountered, 87 discovered, 0 enqueued
[958.916s][info   ][gc,heap     ] GC(50)                Mark Start          Mark End        Relocate Start      Relocate End           High               Low         
[958.916s][info   ][gc,heap     ] GC(50)  Capacity:    30390M (30%)       30390M (30%)       30390M (30%)       30390M (30%)       30390M (30%)       30390M (30%)    
[958.916s][info   ][gc,heap     ] GC(50)   Reserve:       80M (0%)           80M (0%)           80M (0%)           80M (0%)           80M (0%)           80M (0%)     
[958.916s][info   ][gc,heap     ] GC(50)      Free:    85120M (85%)       84924M (85%)       88902M (89%)       96298M (96%)       96298M (96%)       84922M (85%)    
[958.916s][info   ][gc,heap     ] GC(50)      Used:    15152M (15%)       15348M (15%)       11370M (11%)        3974M (4%)        15350M (15%)        3974M (4%)     
[958.916s][info   ][gc,heap     ] GC(50)      Live:         -              3503M (3%)         3503M (3%)         3503M (3%)             -                  -          
[958.917s][info   ][gc,heap     ] GC(50) Allocated:         -               196M (0%)          232M (0%)         1712M (2%)             -                  -          
[958.917s][info   ][gc,heap     ] GC(50)   Garbage:         -             11648M (12%)        7634M (8%)          188M (0%)             -                  -          
[958.917s][info   ][gc,heap     ] GC(50) Reclaimed:         -                  -              4014M (4%)        11460M (11%)            -                  -          
[958.917s][info   ][gc          ] GC(50) Garbage Collection (Proactive) 15152M(15%)->3974M(4%)
[960.170s][info   ][gc,stats    ] === Garbage Collection Statistics =======================================================================================================================
[960.170s][info   ][gc,stats    ]                                                              Last 10s              Last 10m              Last 10h                Total
[960.170s][info   ][gc,stats    ]                                                              Avg / Max             Avg / Max             Avg / Max             Avg / Max
[960.170s][info   ][gc,stats    ]   Collector: Garbage Collection Cycle                    347.129 / 347.129     319.058 / 354.075     327.217 / 515.532     327.217 / 515.532     ms
[960.170s][info   ][gc,stats    ]  Contention: Mark Segment Reset Contention                    16 / 166              14 / 478              15 / 850              15 / 850         ops/s
[960.170s][info   ][gc,stats    ]  Contention: Mark SeqNum Reset Contention                      0 / 0                 0 / 3                 0 / 9                 0 / 9           ops/s
[960.170s][info   ][gc,stats    ]  Contention: Relocation Contention                             0 / 5                 1 / 228               0 / 228               0 / 228         ops/s
[960.170s][info   ][gc,stats    ]    Critical: Allocation Stall                              0.000 / 0.000         0.000 / 0.000         0.000 / 0.000         0.000 / 0.000       ms
[960.170s][info   ][gc,stats    ]    Critical: Allocation Stall                                  0 / 0                 0 / 0                 0 / 0                 0 / 0           ops/s
[960.170s][info   ][gc,stats    ]    Critical: GC Locker Stall                               0.000 / 0.000         0.000 / 0.000         0.000 / 0.000         0.000 / 0.000       ms
[960.170s][info   ][gc,stats    ]    Critical: GC Locker Stall                                   0 / 0                 0 / 0                 0 / 0                 0 / 0           ops/s
[960.170s][info   ][gc,stats    ]      Memory: Allocation Rate                                 643 / 720             624 / 848             620 / 1436            620 / 1436        MB/s
[960.170s][info   ][gc,stats    ]      Memory: Heap Used After Mark                          15348 / 15348         14456 / 15534         15336 / 30288         15336 / 30288       MB
[960.170s][info   ][gc,stats    ]      Memory: Heap Used After Relocation                     3974 / 3974           3974 / 4088           3828 / 4228           3828 / 4228        MB
[960.170s][info   ][gc,stats    ]      Memory: Heap Used Before Mark                         15152 / 15152         14270 / 15342         15154 / 30112         15154 / 30112       MB
[960.170s][info   ][gc,stats    ]      Memory: Heap Used Before Relocation                   11370 / 11370         10658 / 11370         11077 / 20378         11077 / 20378       MB
[960.170s][info   ][gc,stats    ]      Memory: Out Of Memory                                     0 / 0                 0 / 0                 0 / 0                 0 / 0           ops/s
[960.170s][info   ][gc,stats    ]      Memory: Page Cache Flush                                  0 / 0                 0 / 0                 0 / 0                 0 / 0           MB/s
[960.170s][info   ][gc,stats    ]      Memory: Page Cache Hit L1                               382 / 1056            340 / 1056            320 / 1642            320 / 1642        ops/s
[960.170s][info   ][gc,stats    ]      Memory: Page Cache Hit L2                                 0 / 0                 0 / 0                 0 / 179               0 / 179         ops/s
[960.170s][info   ][gc,stats    ]      Memory: Page Cache Miss                                   0 / 0                 0 / 0                15 / 341              15 / 341         ops/s
[960.170s][info   ][gc,stats    ]      Memory: Undo Object Allocation Failed                     0 / 0                 0 / 0                 0 / 0                 0 / 0           ops/s
[960.170s][info   ][gc,stats    ]      Memory: Undo Object Allocation Succeeded                  0 / 5                 1 / 228               0 / 228               0 / 228         ops/s
[960.170s][info   ][gc,stats    ]      Memory: Undo Page Allocation                              0 / 0                 0 / 0                 0 / 69                0 / 69          ops/s
[960.170s][info   ][gc,stats    ]       Phase: Concurrent Destroy Detached Pages             0.001 / 0.001         0.001 / 0.001         0.001 / 0.001         0.001 / 0.001       ms
[960.170s][info   ][gc,stats    ]       Phase: Concurrent Mark                             195.518 / 195.518     194.716 / 213.992     196.118 / 275.553     196.118 / 275.553     ms
[960.170s][info   ][gc,stats    ]       Phase: Concurrent Mark Continue                      0.000 / 0.000         1.335 / 1.335         1.375 / 1.416         1.375 / 1.416       ms
[960.170s][info   ][gc,stats    ]       Phase: Concurrent Prepare Relocation Set            29.002 / 29.002       15.124 / 29.002       21.092 / 89.649       21.092 / 89.649      ms
[960.170s][info   ][gc,stats    ]       Phase: Concurrent Process Non-Strong References      1.579 / 1.579         1.686 / 2.033         2.367 / 19.270        2.367 / 19.270      ms
[960.170s][info   ][gc,stats    ]       Phase: Concurrent Relocate                         112.432 / 112.432     100.693 / 115.167      99.378 / 165.671      99.378 / 165.671     ms
[960.170s][info   ][gc,stats    ]       Phase: Concurrent Reset Relocation Set               2.283 / 2.283         1.616 / 2.283         2.273 / 14.653        2.273 / 14.653      ms
[960.170s][info   ][gc,stats    ]       Phase: Concurrent Select Relocation Set              4.347 / 4.347         3.065 / 11.393        3.622 / 12.148        3.622 / 12.148      ms
[960.170s][info   ][gc,stats    ]       Phase: Pause Mark End                                0.574 / 0.574         0.663 / 1.288         0.712 / 1.288         0.712 / 1.288       ms
[960.170s][info   ][gc,stats    ]       Phase: Pause Mark Start                              0.183 / 0.183         0.203 / 0.678         0.283 / 1.400         0.283 / 1.400       ms
[960.170s][info   ][gc,stats    ]       Phase: Pause Relocate Start                          0.159 / 0.159         0.191 / 0.265         0.210 / 1.025         0.210 / 1.025       ms
[960.170s][info   ][gc,stats    ]       Phase: Pause Verify                                  0.000 / 0.000         0.000 / 0.000         0.000 / 0.000         0.000 / 0.000       ms
[960.170s][info   ][gc,stats    ]    Subphase: Concurrent Classes Unload                     1.298 / 1.298         1.377 / 1.659         1.998 / 18.723        1.998 / 18.723      ms
[960.170s][info   ][gc,stats    ]    Subphase: Concurrent Mark                             194.066 / 194.790     188.238 / 213.207     187.317 / 273.889     187.317 / 273.889     ms
[960.170s][info   ][gc,stats    ]    Subphase: Concurrent Mark Idle                          1.129 / 1.178         1.136 / 1.413         1.137 / 1.413         1.137 / 1.413       ms
[960.170s][info   ][gc,stats    ]    Subphase: Concurrent Mark Try Flush                     0.070 / 0.109         0.072 / 0.324         0.076 / 0.545         0.076 / 0.545       ms
[960.170s][info   ][gc,stats    ]    Subphase: Concurrent Mark Try Terminate                 1.126 / 1.183         1.134 / 1.418         1.135 / 1.418         1.135 / 1.418       ms
[960.170s][info   ][gc,stats    ]    Subphase: Concurrent References Enqueue                 0.004 / 0.004         0.005 / 0.007         0.005 / 0.008         0.005 / 0.008       ms
[960.170s][info   ][gc,stats    ]    Subphase: Concurrent References Process                 0.046 / 0.046         0.064 / 0.104         0.070 / 0.140         0.070 / 0.140       ms
[960.170s][info   ][gc,stats    ]    Subphase: Concurrent Roots                              0.065 / 0.451         0.070 / 0.885         0.086 / 2.807         0.086 / 2.807       ms
[960.170s][info   ][gc,stats    ]    Subphase: Concurrent Roots ClassLoaderDataGraph         0.058 / 0.446         0.062 / 0.882         0.076 / 2.804         0.076 / 2.804       ms
[960.170s][info   ][gc,stats    ]    Subphase: Concurrent Roots JNIHandles                   0.010 / 0.014         0.011 / 0.069         0.024 / 0.551         0.024 / 0.551       ms
[960.170s][info   ][gc,stats    ]    Subphase: Concurrent Roots Setup                        0.085 / 0.085         0.138 / 1.420         0.209 / 1.622         0.209 / 1.622       ms
[960.170s][info   ][gc,stats    ]    Subphase: Concurrent Roots Teardown                     0.001 / 0.001         0.001 / 0.001         0.001 / 0.001         0.001 / 0.001       ms
[960.170s][info   ][gc,stats    ]    Subphase: Concurrent Weak Roots                         0.190 / 0.201         0.181 / 0.273         0.223 / 1.376         0.223 / 1.376       ms
[960.170s][info   ][gc,stats    ]    Subphase: Concurrent Weak Roots JNIWeakHandles          0.002 / 0.006         0.002 / 0.012         0.002 / 0.073         0.002 / 0.073       ms
[960.170s][info   ][gc,stats    ]    Subphase: Concurrent Weak Roots StringTable             0.164 / 0.170         0.155 / 0.264         0.196 / 1.327         0.196 / 1.327       ms
[960.170s][info   ][gc,stats    ]    Subphase: Concurrent Weak Roots VMWeakHandles           0.021 / 0.033         0.023 / 0.052         0.023 / 0.052         0.023 / 0.052       ms
[960.170s][info   ][gc,stats    ]    Subphase: Pause Mark Try Complete                       0.082 / 0.349         0.135 / 1.007         0.160 / 1.009         0.160 / 1.009       ms
[960.170s][info   ][gc,stats    ]    Subphase: Pause Roots                                   0.033 / 0.128         0.035 / 0.329         0.043 / 1.060         0.043 / 1.060       ms
[960.170s][info   ][gc,stats    ]    Subphase: Pause Roots CodeCache                         0.000 / 0.000         0.000 / 0.000         0.000 / 0.000         0.000 / 0.000       ms
[960.170s][info   ][gc,stats    ]    Subphase: Pause Roots JVMTIExport                       0.001 / 0.001         0.001 / 0.002         0.002 / 0.017         0.002 / 0.017       ms
[960.170s][info   ][gc,stats    ]    Subphase: Pause Roots JVMTIWeakExport                   0.001 / 0.001         0.001 / 0.002         0.001 / 0.002         0.001 / 0.002       ms
[960.170s][info   ][gc,stats    ]    Subphase: Pause Roots Management                        0.003 / 0.003         0.005 / 0.036         0.009 / 0.430         0.009 / 0.430       ms
[960.170s][info   ][gc,stats    ]    Subphase: Pause Roots ObjectSynchronizer                0.001 / 0.001         0.001 / 0.001         0.001 / 0.011         0.001 / 0.011       ms
[960.170s][info   ][gc,stats    ]    Subphase: Pause Roots Setup                             0.001 / 0.001         0.001 / 0.002         0.001 / 0.002         0.001 / 0.002       ms
[960.171s][info   ][gc,stats    ]    Subphase: Pause Roots SystemDictionary                  0.017 / 0.019         0.022 / 0.171         0.037 / 0.734         0.037 / 0.734       ms
[960.171s][info   ][gc,stats    ]    Subphase: Pause Roots Teardown                          0.004 / 0.005         0.003 / 0.008         0.004 / 0.009         0.004 / 0.009       ms
[960.171s][info   ][gc,stats    ]    Subphase: Pause Roots Threads                           0.038 / 0.105         0.042 / 0.316         0.051 / 1.042         0.051 / 1.042       ms
[960.171s][info   ][gc,stats    ]    Subphase: Pause Roots Universe                          0.004 / 0.005         0.007 / 0.022         0.014 / 0.626         0.014 / 0.626       ms
[960.171s][info   ][gc,stats    ]    Subphase: Pause Weak Roots                              0.001 / 0.005         0.001 / 0.025         0.001 / 0.025         0.001 / 0.025       ms
[960.171s][info   ][gc,stats    ]    Subphase: Pause Weak Roots JFRWeak                      0.001 / 0.001         0.001 / 0.002         0.001 / 0.002         0.001 / 0.002       ms
[960.171s][info   ][gc,stats    ]    Subphase: Pause Weak Roots JVMTIWeakExport              0.001 / 0.001         0.001 / 0.002         0.001 / 0.002         0.001 / 0.002       ms
[960.171s][info   ][gc,stats    ]    Subphase: Pause Weak Roots Setup                        0.001 / 0.001         0.001 / 0.001         0.001 / 0.001         0.001 / 0.001       ms
[960.171s][info   ][gc,stats    ]    Subphase: Pause Weak Roots Teardown                     0.001 / 0.001         0.001 / 0.002         0.001 / 0.004         0.001 / 0.004       ms
[960.171s][info   ][gc,stats    ]      System: Java Threads                                     62 / 62               61 / 62               60 / 65               60 / 65          threads
[960.171s][info   ][gc,stats    ] =========================================================================================================================================================
[970.169s][info   ][gc,stats    ] === Garbage Collection Statistics =======================================================================================================================
[970.169s][info   ][gc,stats    ]                                                              Last 10s              Last 10m              Last 10h                Total
[970.169s][info   ][gc,stats    ]                                                              Avg / Max             Avg / Max             Avg / Max             Avg / Max
[970.170s][info   ][gc,stats    ]   Collector: Garbage Collection Cycle                      0.000 / 0.000       319.865 / 354.075     327.217 / 515.532     327.217 / 515.532     ms
[970.170s][info   ][gc,stats    ]  Contention: Mark Segment Reset Contention                     0 / 0                13 / 478              15 / 850              15 / 850         ops/s
[970.170s][info   ][gc,stats    ]  Contention: Mark SeqNum Reset Contention                      0 / 0                 0 / 3                 0 / 9                 0 / 9           ops/s
[970.170s][info   ][gc,stats    ]  Contention: Relocation Contention                             0 / 0                 1 / 228               0 / 228               0 / 228         ops/s
[970.170s][info   ][gc,stats    ]    Critical: Allocation Stall                              0.000 / 0.000         0.000 / 0.000         0.000 / 0.000         0.000 / 0.000       ms
[970.170s][info   ][gc,stats    ]    Critical: Allocation Stall                                  0 / 0                 0 / 0                 0 / 0                 0 / 0           ops/s
[970.170s][info   ][gc,stats    ]    Critical: GC Locker Stall                               0.000 / 0.000         0.000 / 0.000         0.000 / 0.000         0.000 / 0.000       ms
[970.170s][info   ][gc,stats    ]    Critical: GC Locker Stall                                   0 / 0                 0 / 0                 0 / 0                 0 / 0           ops/s
[970.170s][info   ][gc,stats    ]      Memory: Allocation Rate                                 573 / 666             624 / 848             620 / 1436            620 / 1436        MB/s
[970.170s][info   ][gc,stats    ]      Memory: Heap Used After Mark                              0 / 0             14464 / 15534         15336 / 30288         15336 / 30288       MB
[970.170s][info   ][gc,stats    ]      Memory: Heap Used After Relocation                        0 / 0              3973 / 4088           3828 / 4228           3828 / 4228        MB
[970.170s][info   ][gc,stats    ]      Memory: Heap Used Before Mark                             0 / 0             14277 / 15342         15154 / 30112         15154 / 30112       MB
[970.170s][info   ][gc,stats    ]      Memory: Heap Used Before Relocation                       0 / 0             10662 / 11370         11077 / 20378         11077 / 20378       MB
[970.170s][info   ][gc,stats    ]      Memory: Out Of Memory                                     0 / 0                 0 / 0                 0 / 0                 0 / 0           ops/s
[970.170s][info   ][gc,stats    ]      Memory: Page Cache Flush                                  0 / 0                 0 / 0                 0 / 0                 0 / 0           MB/s
[970.170s][info   ][gc,stats    ]      Memory: Page Cache Hit L1                               276 / 318             339 / 1056            319 / 1642            319 / 1642        ops/s
[970.170s][info   ][gc,stats    ]      Memory: Page Cache Hit L2                                 0 / 0                 0 / 0                 0 / 179               0 / 179         ops/s
[970.170s][info   ][gc,stats    ]      Memory: Page Cache Miss                                   0 / 0                 0 / 0                15 / 341              15 / 341         ops/s
[970.170s][info   ][gc,stats    ]      Memory: Undo Object Allocation Failed                     0 / 0                 0 / 0                 0 / 0                 0 / 0           ops/s
[970.170s][info   ][gc,stats    ]      Memory: Undo Object Allocation Succeeded                  0 / 0                 1 / 228               0 / 228               0 / 228         ops/s
[970.170s][info   ][gc,stats    ]      Memory: Undo Page Allocation                              0 / 0                 0 / 0                 0 / 69                0 / 69          ops/s
[970.170s][info   ][gc,stats    ]       Phase: Concurrent Destroy Detached Pages             0.000 / 0.000         0.001 / 0.001         0.001 / 0.001         0.001 / 0.001       ms
[970.170s][info   ][gc,stats    ]       Phase: Concurrent Mark                               0.000 / 0.000       194.997 / 213.992     196.118 / 275.553     196.118 / 275.553     ms
[970.170s][info   ][gc,stats    ]       Phase: Concurrent Mark Continue                      0.000 / 0.000         1.335 / 1.335         1.375 / 1.416         1.375 / 1.416       ms
[970.170s][info   ][gc,stats    ]       Phase: Concurrent Prepare Relocation Set             0.000 / 0.000        15.171 / 29.002       21.092 / 89.649       21.092 / 89.649      ms
[970.170s][info   ][gc,stats    ]       Phase: Concurrent Process Non-Strong References      0.000 / 0.000         1.686 / 2.033         2.367 / 19.270        2.367 / 19.270      ms
[970.170s][info   ][gc,stats    ]       Phase: Concurrent Relocate                           0.000 / 0.000       101.150 / 115.167      99.378 / 165.671      99.378 / 165.671     ms
[970.170s][info   ][gc,stats    ]       Phase: Concurrent Reset Relocation Set               0.000 / 0.000         1.620 / 2.283         2.273 / 14.653        2.273 / 14.653      ms
[970.170s][info   ][gc,stats    ]       Phase: Concurrent Select Relocation Set              0.000 / 0.000         3.084 / 11.393        3.622 / 12.148        3.622 / 12.148      ms
[970.170s][info   ][gc,stats    ]       Phase: Pause Mark End                                0.000 / 0.000         0.661 / 1.288         0.712 / 1.288         0.712 / 1.288       ms
[970.170s][info   ][gc,stats    ]       Phase: Pause Mark Start                              0.000 / 0.000         0.204 / 0.678         0.283 / 1.400         0.283 / 1.400       ms
[970.170s][info   ][gc,stats    ]       Phase: Pause Relocate Start                          0.000 / 0.000         0.189 / 0.265         0.210 / 1.025         0.210 / 1.025       ms
[970.170s][info   ][gc,stats    ]       Phase: Pause Verify                                  0.000 / 0.000         0.000 / 0.000         0.000 / 0.000         0.000 / 0.000       ms
[970.170s][info   ][gc,stats    ]    Subphase: Concurrent Classes Unload                     0.000 / 0.000         1.376 / 1.659         1.998 / 18.723        1.998 / 18.723      ms
[970.170s][info   ][gc,stats    ]    Subphase: Concurrent Mark                               0.000 / 0.000       188.358 / 213.207     187.317 / 273.889     187.317 / 273.889     ms
[970.170s][info   ][gc,stats    ]    Subphase: Concurrent Mark Idle                          0.000 / 0.000         1.136 / 1.413         1.137 / 1.413         1.137 / 1.413       ms
[970.170s][info   ][gc,stats    ]    Subphase: Concurrent Mark Try Flush                     0.000 / 0.000         0.072 / 0.324         0.076 / 0.545         0.076 / 0.545       ms
[970.170s][info   ][gc,stats    ]    Subphase: Concurrent Mark Try Terminate                 0.000 / 0.000         1.134 / 1.418         1.135 / 1.418         1.135 / 1.418       ms
[970.170s][info   ][gc,stats    ]    Subphase: Concurrent References Enqueue                 0.000 / 0.000         0.005 / 0.007         0.005 / 0.008         0.005 / 0.008       ms
[970.170s][info   ][gc,stats    ]    Subphase: Concurrent References Process                 0.000 / 0.000         0.064 / 0.104         0.070 / 0.140         0.070 / 0.140       ms
[970.170s][info   ][gc,stats    ]    Subphase: Concurrent Roots                              0.000 / 0.000         0.070 / 0.885         0.086 / 2.807         0.086 / 2.807       ms
[970.170s][info   ][gc,stats    ]    Subphase: Concurrent Roots ClassLoaderDataGraph         0.000 / 0.000         0.062 / 0.882         0.076 / 2.804         0.076 / 2.804       ms
[970.170s][info   ][gc,stats    ]    Subphase: Concurrent Roots JNIHandles                   0.000 / 0.000         0.011 / 0.069         0.024 / 0.551         0.024 / 0.551       ms
[970.170s][info   ][gc,stats    ]    Subphase: Concurrent Roots Setup                        0.000 / 0.000         0.138 / 1.420         0.209 / 1.622         0.209 / 1.622       ms
[970.170s][info   ][gc,stats    ]    Subphase: Concurrent Roots Teardown                     0.000 / 0.000         0.001 / 0.001         0.001 / 0.001         0.001 / 0.001       ms
[970.170s][info   ][gc,stats    ]    Subphase: Concurrent Weak Roots                         0.000 / 0.000         0.182 / 0.273         0.223 / 1.376         0.223 / 1.376       ms
[970.170s][info   ][gc,stats    ]    Subphase: Concurrent Weak Roots JNIWeakHandles          0.000 / 0.000         0.002 / 0.012         0.002 / 0.073         0.002 / 0.073       ms
[970.170s][info   ][gc,stats    ]    Subphase: Concurrent Weak Roots StringTable             0.000 / 0.000         0.155 / 0.264         0.196 / 1.327         0.196 / 1.327       ms
[970.170s][info   ][gc,stats    ]    Subphase: Concurrent Weak Roots VMWeakHandles           0.000 / 0.000         0.023 / 0.052         0.023 / 0.052         0.023 / 0.052       ms
[970.170s][info   ][gc,stats    ]    Subphase: Pause Mark Try Complete                       0.000 / 0.000         0.134 / 1.007         0.160 / 1.009         0.160 / 1.009       ms
[970.170s][info   ][gc,stats    ]    Subphase: Pause Roots                                   0.000 / 0.000         0.035 / 0.329         0.043 / 1.060         0.043 / 1.060       ms
[970.170s][info   ][gc,stats    ]    Subphase: Pause Roots CodeCache                         0.000 / 0.000         0.000 / 0.000         0.000 / 0.000         0.000 / 0.000       ms
[970.170s][info   ][gc,stats    ]    Subphase: Pause Roots JVMTIExport                       0.000 / 0.000         0.001 / 0.002         0.002 / 0.017         0.002 / 0.017       ms
[970.170s][info   ][gc,stats    ]    Subphase: Pause Roots JVMTIWeakExport                   0.000 / 0.000         0.001 / 0.002         0.001 / 0.002         0.001 / 0.002       ms
[970.170s][info   ][gc,stats    ]    Subphase: Pause Roots Management                        0.000 / 0.000         0.004 / 0.036         0.009 / 0.430         0.009 / 0.430       ms
[970.170s][info   ][gc,stats    ]    Subphase: Pause Roots ObjectSynchronizer                0.000 / 0.000         0.001 / 0.001         0.001 / 0.011         0.001 / 0.011       ms
[970.170s][info   ][gc,stats    ]    Subphase: Pause Roots Setup                             0.000 / 0.000         0.001 / 0.002         0.001 / 0.002         0.001 / 0.002       ms
[970.170s][info   ][gc,stats    ]    Subphase: Pause Roots SystemDictionary                  0.000 / 0.000         0.021 / 0.171         0.037 / 0.734         0.037 / 0.734       ms
[970.170s][info   ][gc,stats    ]    Subphase: Pause Roots Teardown                          0.000 / 0.000         0.003 / 0.008         0.004 / 0.009         0.004 / 0.009       ms
[970.170s][info   ][gc,stats    ]    Subphase: Pause Roots Threads                           0.000 / 0.000         0.042 / 0.316         0.051 / 1.042         0.051 / 1.042       ms
[970.170s][info   ][gc,stats    ]    Subphase: Pause Roots Universe                          0.000 / 0.000         0.007 / 0.022         0.014 / 0.626         0.014 / 0.626       ms
[970.170s][info   ][gc,stats    ]    Subphase: Pause Weak Roots                              0.000 / 0.000         0.001 / 0.025         0.001 / 0.025         0.001 / 0.025       ms
[970.170s][info   ][gc,stats    ]    Subphase: Pause Weak Roots JFRWeak                      0.000 / 0.000         0.001 / 0.002         0.001 / 0.002         0.001 / 0.002       ms
[970.170s][info   ][gc,stats    ]    Subphase: Pause Weak Roots JVMTIWeakExport              0.000 / 0.000         0.001 / 0.002         0.001 / 0.002         0.001 / 0.002       ms
[970.170s][info   ][gc,stats    ]    Subphase: Pause Weak Roots Setup                        0.000 / 0.000         0.001 / 0.001         0.001 / 0.001         0.001 / 0.001       ms
[970.170s][info   ][gc,stats    ]    Subphase: Pause Weak Roots Teardown                     0.000 / 0.000         0.001 / 0.002         0.001 / 0.004         0.001 / 0.004       ms
[970.170s][info   ][gc,stats    ]      System: Java Threads                                      0 / 0                61 / 62               60 / 65               60 / 65          threads
[970.170s][info   ][gc,stats    ] =========================================================================================================================================================
[976.470s][info   ][gc,start    ] GC(51) Garbage Collection (Proactive)
[976.470s][info   ][gc,phases   ] GC(51) Pause Mark Start 0.138ms
[976.672s][info   ][gc,phases   ] GC(51) Concurrent Mark 201.053ms
[976.672s][info   ][gc,phases   ] GC(51) Pause Mark End 0.559ms
[976.674s][info   ][gc,phases   ] GC(51) Concurrent Process Non-Strong References 1.642ms
[976.676s][info   ][gc,phases   ] GC(51) Concurrent Reset Relocation Set 2.160ms
[976.676s][info   ][gc,phases   ] GC(51) Concurrent Destroy Detached Pages 0.001ms
[976.678s][info   ][gc,phases   ] GC(51) Concurrent Select Relocation Set 2.228ms
[976.692s][info   ][gc,phases   ] GC(51) Concurrent Prepare Relocation Set 13.741ms
[976.693s][info   ][gc,phases   ] GC(51) Pause Relocate Start 0.208ms
[976.796s][info   ][gc,phases   ] GC(51) Concurrent Relocate 103.572ms
[976.796s][info   ][gc,load     ] GC(51) Load: 3.79/3.98/2.59
[976.796s][info   ][gc,mmu      ] GC(51) MMU: 2ms/30.0%, 5ms/69.9%, 10ms/81.7%, 20ms/87.7%, 50ms/95.1%, 100ms/97.5%
[976.796s][info   ][gc,marking  ] GC(51) Mark: 8 stripe(s), 10 proactive flush(es), 1 terminate flush(es), 1 completion(s), 0 continuation(s) 
[976.796s][info   ][gc,reloc    ] GC(51) Relocation: Successful, 1369M relocated
[976.796s][info   ][gc,nmethod  ] GC(51) NMethods: 5665 registered, 1191 unregistered
[976.796s][info   ][gc,metaspace] GC(51) Metaspace: 40M used, 41M capacity, 41M committed, 42M reserved
[976.796s][info   ][gc,ref      ] GC(51) Soft: 3327 encountered, 0 discovered, 0 enqueued
[976.796s][info   ][gc,ref      ] GC(51) Weak: 1530 encountered, 196 discovered, 0 enqueued
[976.796s][info   ][gc,ref      ] GC(51) Final: 31 encountered, 4 discovered, 4 enqueued
[976.796s][info   ][gc,ref      ] GC(51) Phantom: 120 encountered, 100 discovered, 0 enqueued
[976.796s][info   ][gc,heap     ] GC(51)                Mark Start          Mark End        Relocate Start      Relocate End           High               Low         
[976.796s][info   ][gc,heap     ] GC(51)  Capacity:    30390M (30%)       30390M (30%)       30390M (30%)       30390M (30%)       30390M (30%)       30390M (30%)    
[976.796s][info   ][gc,heap     ] GC(51)   Reserve:       80M (0%)           80M (0%)           80M (0%)           80M (0%)           80M (0%)           80M (0%)     
[976.796s][info   ][gc,heap     ] GC(51)      Free:    85906M (86%)       85678M (85%)       89490M (89%)       96264M (96%)       96264M (96%)       85678M (85%)    
[976.796s][info   ][gc,heap     ] GC(51)      Used:    14366M (14%)       14594M (15%)       10782M (11%)        4008M (4%)        14594M (15%)        4008M (4%)     
[976.797s][info   ][gc,heap     ] GC(51)      Live:         -              3509M (3%)         3509M (3%)         3509M (3%)             -                  -          
[976.797s][info   ][gc,heap     ] GC(51) Allocated:         -               228M (0%)          250M (0%)         1576M (2%)             -                  -          
[976.797s][info   ][gc,heap     ] GC(51)   Garbage:         -             10856M (11%)        7022M (7%)          208M (0%)             -                  -          
[976.797s][info   ][gc,heap     ] GC(51) Reclaimed:         -                  -              3834M (4%)        10648M (11%)            -                  -          
[976.797s][info   ][gc          ] GC(51) Garbage Collection (Proactive) 14366M(14%)->4008M(4%)
[980.170s][info   ][gc,stats    ] === Garbage Collection Statistics =======================================================================================================================
[980.170s][info   ][gc,stats    ]                                                              Last 10s              Last 10m              Last 10h                Total
[980.170s][info   ][gc,stats    ]                                                              Avg / Max             Avg / Max             Avg / Max             Avg / Max
[980.170s][info   ][gc,stats    ]   Collector: Garbage Collection Cycle                    326.240 / 326.240     320.042 / 354.075     327.198 / 515.532     327.198 / 515.532     ms
[980.170s][info   ][gc,stats    ]  Contention: Mark Segment Reset Contention                    11 / 111              13 / 478              15 / 850              15 / 850         ops/s
[980.170s][info   ][gc,stats    ]  Contention: Mark SeqNum Reset Contention                      0 / 0                 0 / 3                 0 / 9                 0 / 9           ops/s
[980.170s][info   ][gc,stats    ]  Contention: Relocation Contention                             2 / 27                1 / 228               0 / 228               0 / 228         ops/s
[980.170s][info   ][gc,stats    ]    Critical: Allocation Stall                              0.000 / 0.000         0.000 / 0.000         0.000 / 0.000         0.000 / 0.000       ms
[980.170s][info   ][gc,stats    ]    Critical: Allocation Stall                                  0 / 0                 0 / 0                 0 / 0                 0 / 0           ops/s
[980.170s][info   ][gc,stats    ]    Critical: GC Locker Stall                               0.000 / 0.000         0.000 / 0.000         0.000 / 0.000         0.000 / 0.000       ms
[980.170s][info   ][gc,stats    ]    Critical: GC Locker Stall                                   0 / 0                 0 / 0                 0 / 0                 0 / 0           ops/s
[980.170s][info   ][gc,stats    ]      Memory: Allocation Rate                                 629 / 696             624 / 848             620 / 1436            620 / 1436        MB/s
[980.170s][info   ][gc,stats    ]      Memory: Heap Used After Mark                          14594 / 14594         14467 / 15534         15322 / 30288         15322 / 30288       MB
[980.170s][info   ][gc,stats    ]      Memory: Heap Used After Relocation                     4008 / 4008           3974 / 4088           3832 / 4228           3832 / 4228        MB
[980.170s][info   ][gc,stats    ]      Memory: Heap Used Before Mark                         14366 / 14366         14280 / 15342         15138 / 30112         15138 / 30112       MB
[980.170s][info   ][gc,stats    ]      Memory: Heap Used Before Relocation                   10782 / 10782         10666 / 11370         11071 / 20378         11071 / 20378       MB
[980.170s][info   ][gc,stats    ]      Memory: Out Of Memory                                     0 / 0                 0 / 0                 0 / 0                 0 / 0           ops/s
[980.170s][info   ][gc,stats    ]      Memory: Page Cache Flush                                  0 / 0                 0 / 0                 0 / 0                 0 / 0           MB/s
[980.170s][info   ][gc,stats    ]      Memory: Page Cache Hit L1                               367 / 970             340 / 1056            320 / 1642            320 / 1642        ops/s
[980.170s][info   ][gc,stats    ]      Memory: Page Cache Hit L2                                 0 / 0                 0 / 0                 0 / 179               0 / 179         ops/s
[980.170s][info   ][gc,stats    ]      Memory: Page Cache Miss                                   0 / 0                 0 / 0                14 / 341              14 / 341         ops/s
[980.170s][info   ][gc,stats    ]      Memory: Undo Object Allocation Failed                     0 / 0                 0 / 0                 0 / 0                 0 / 0           ops/s
[980.170s][info   ][gc,stats    ]      Memory: Undo Object Allocation Succeeded                  2 / 27                1 / 228               0 / 228               0 / 228         ops/s
[980.170s][info   ][gc,stats    ]      Memory: Undo Page Allocation                              0 / 0                 0 / 0                 0 / 69                0 / 69          ops/s
[980.170s][info   ][gc,stats    ]       Phase: Concurrent Destroy Detached Pages             0.001 / 0.001         0.001 / 0.001         0.001 / 0.001         0.001 / 0.001       ms
[980.170s][info   ][gc,stats    ]       Phase: Concurrent Mark                             201.053 / 201.053     195.165 / 213.992     196.213 / 275.553     196.213 / 275.553     ms
[980.170s][info   ][gc,stats    ]       Phase: Concurrent Mark Continue                      0.000 / 0.000         1.335 / 1.335         1.375 / 1.416         1.375 / 1.416       ms
[980.170s][info   ][gc,stats    ]       Phase: Concurrent Prepare Relocation Set            13.741 / 13.741       15.132 / 29.002       20.951 / 89.649       20.951 / 89.649      ms
[980.170s][info   ][gc,stats    ]       Phase: Concurrent Process Non-Strong References      1.642 / 1.642         1.685 / 2.033         2.353 / 19.270        2.353 / 19.270      ms
[980.170s][info   ][gc,stats    ]       Phase: Concurrent Relocate                         103.572 / 103.572     101.217 / 115.167      99.459 / 165.671      99.459 / 165.671     ms
[980.170s][info   ][gc,stats    ]       Phase: Concurrent Reset Relocation Set               2.160 / 2.160         1.635 / 2.283         2.271 / 14.653        2.271 / 14.653      ms
[980.170s][info   ][gc,stats    ]       Phase: Concurrent Select Relocation Set              2.228 / 2.228         3.060 / 11.393        3.595 / 12.148        3.595 / 12.148      ms
[980.170s][info   ][gc,stats    ]       Phase: Pause Mark End                                0.559 / 0.559         0.659 / 1.288         0.710 / 1.288         0.710 / 1.288       ms
[980.170s][info   ][gc,stats    ]       Phase: Pause Mark Start                              0.138 / 0.138         0.202 / 0.678         0.281 / 1.400         0.281 / 1.400       ms
[980.170s][info   ][gc,stats    ]       Phase: Pause Relocate Start                          0.208 / 0.208         0.190 / 0.265         0.210 / 1.025         0.210 / 1.025       ms
[980.170s][info   ][gc,stats    ]       Phase: Pause Verify                                  0.000 / 0.000         0.000 / 0.000         0.000 / 0.000         0.000 / 0.000       ms
[980.170s][info   ][gc,stats    ]    Subphase: Concurrent Classes Unload                     1.345 / 1.345         1.375 / 1.659         1.986 / 18.723        1.986 / 18.723      ms
[980.170s][info   ][gc,stats    ]    Subphase: Concurrent Mark                             199.881 / 200.338     188.669 / 213.207     187.550 / 273.889     187.550 / 273.889     ms
[980.170s][info   ][gc,stats    ]    Subphase: Concurrent Mark Idle                          1.133 / 1.167         1.136 / 1.413         1.137 / 1.413         1.137 / 1.413       ms
[980.170s][info   ][gc,stats    ]    Subphase: Concurrent Mark Try Flush                     0.087 / 0.184         0.073 / 0.324         0.076 / 0.545         0.076 / 0.545       ms
[980.170s][info   ][gc,stats    ]    Subphase: Concurrent Mark Try Terminate                 1.132 / 1.171         1.134 / 1.418         1.135 / 1.418         1.135 / 1.418       ms
[980.170s][info   ][gc,stats    ]    Subphase: Concurrent References Enqueue                 0.004 / 0.004         0.005 / 0.007         0.005 / 0.008         0.005 / 0.008       ms
[980.170s][info   ][gc,stats    ]    Subphase: Concurrent References Process                 0.059 / 0.059         0.064 / 0.104         0.070 / 0.140         0.070 / 0.140       ms
[980.170s][info   ][gc,stats    ]    Subphase: Concurrent Roots                              0.065 / 0.409         0.070 / 0.885         0.086 / 2.807         0.086 / 2.807       ms
[980.170s][info   ][gc,stats    ]    Subphase: Concurrent Roots ClassLoaderDataGraph         0.059 / 0.407         0.062 / 0.882         0.076 / 2.804         0.076 / 2.804       ms
[980.170s][info   ][gc,stats    ]    Subphase: Concurrent Roots JNIHandles                   0.007 / 0.014         0.011 / 0.069         0.024 / 0.551         0.024 / 0.551       ms
[980.171s][info   ][gc,stats    ]    Subphase: Concurrent Roots Setup                        0.081 / 0.081         0.137 / 1.420         0.207 / 1.622         0.207 / 1.622       ms
[980.171s][info   ][gc,stats    ]    Subphase: Concurrent Roots Teardown                     0.001 / 0.001         0.001 / 0.001         0.001 / 0.001         0.001 / 0.001       ms
[980.171s][info   ][gc,stats    ]    Subphase: Concurrent Weak Roots                         0.181 / 0.194         0.182 / 0.273         0.222 / 1.376         0.222 / 1.376       ms
[980.171s][info   ][gc,stats    ]    Subphase: Concurrent Weak Roots JNIWeakHandles          0.002 / 0.005         0.002 / 0.012         0.002 / 0.073         0.002 / 0.073       ms
[980.171s][info   ][gc,stats    ]    Subphase: Concurrent Weak Roots StringTable             0.155 / 0.165         0.155 / 0.264         0.195 / 1.327         0.195 / 1.327       ms
[980.171s][info   ][gc,stats    ]    Subphase: Concurrent Weak Roots VMWeakHandles           0.023 / 0.044         0.023 / 0.052         0.023 / 0.052         0.023 / 0.052       ms
[980.171s][info   ][gc,stats    ]    Subphase: Pause Mark Try Complete                       0.060 / 0.325         0.132 / 1.007         0.159 / 1.009         0.159 / 1.009       ms
[980.171s][info   ][gc,stats    ]    Subphase: Pause Roots                                   0.033 / 0.138         0.035 / 0.329         0.042 / 1.060         0.042 / 1.060       ms
[980.171s][info   ][gc,stats    ]    Subphase: Pause Roots CodeCache                         0.000 / 0.000         0.000 / 0.000         0.000 / 0.000         0.000 / 0.000       ms
[980.171s][info   ][gc,stats    ]    Subphase: Pause Roots JVMTIExport                       0.002 / 0.002         0.001 / 0.002         0.002 / 0.017         0.002 / 0.017       ms
[980.171s][info   ][gc,stats    ]    Subphase: Pause Roots JVMTIWeakExport                   0.001 / 0.001         0.001 / 0.002         0.001 / 0.002         0.001 / 0.002       ms
[980.171s][info   ][gc,stats    ]    Subphase: Pause Roots Management                        0.008 / 0.012         0.004 / 0.036         0.009 / 0.430         0.009 / 0.430       ms
[980.171s][info   ][gc,stats    ]    Subphase: Pause Roots ObjectSynchronizer                0.001 / 0.001         0.001 / 0.001         0.001 / 0.011         0.001 / 0.011       ms
[980.171s][info   ][gc,stats    ]    Subphase: Pause Roots Setup                             0.001 / 0.001         0.001 / 0.002         0.001 / 0.002         0.001 / 0.002       ms
[980.171s][info   ][gc,stats    ]    Subphase: Pause Roots SystemDictionary                  0.024 / 0.034         0.022 / 0.171         0.036 / 0.734         0.036 / 0.734       ms
[980.171s][info   ][gc,stats    ]    Subphase: Pause Roots Teardown                          0.004 / 0.005         0.003 / 0.008         0.004 / 0.009         0.004 / 0.009       ms
[980.171s][info   ][gc,stats    ]    Subphase: Pause Roots Threads                           0.039 / 0.136         0.041 / 0.316         0.051 / 1.042         0.051 / 1.042       ms
[980.171s][info   ][gc,stats    ]    Subphase: Pause Roots Universe                          0.006 / 0.007         0.007 / 0.022         0.013 / 0.626         0.013 / 0.626       ms
[980.171s][info   ][gc,stats    ]    Subphase: Pause Weak Roots                              0.001 / 0.004         0.001 / 0.025         0.001 / 0.025         0.001 / 0.025       ms
[980.171s][info   ][gc,stats    ]    Subphase: Pause Weak Roots JFRWeak                      0.001 / 0.001         0.001 / 0.002         0.001 / 0.002         0.001 / 0.002       ms
[980.171s][info   ][gc,stats    ]    Subphase: Pause Weak Roots JVMTIWeakExport              0.002 / 0.002         0.001 / 0.002         0.001 / 0.002         0.001 / 0.002       ms
[980.171s][info   ][gc,stats    ]    Subphase: Pause Weak Roots Setup                        0.001 / 0.001         0.001 / 0.001         0.001 / 0.001         0.001 / 0.001       ms
[980.171s][info   ][gc,stats    ]    Subphase: Pause Weak Roots Teardown                     0.001 / 0.001         0.001 / 0.002         0.001 / 0.004         0.001 / 0.004       ms
[980.171s][info   ][gc,stats    ]      System: Java Threads                                     62 / 62               61 / 62               60 / 65               60 / 65          threads
[980.171s][info   ][gc,stats    ] =========================================================================================================================================================
[990.170s][info   ][gc,stats    ] === Garbage Collection Statistics =======================================================================================================================
[990.170s][info   ][gc,stats    ]                                                              Last 10s              Last 10m              Last 10h                Total
[990.170s][info   ][gc,stats    ]                                                              Avg / Max             Avg / Max             Avg / Max             Avg / Max
[990.170s][info   ][gc,stats    ]   Collector: Garbage Collection Cycle                      0.000 / 0.000       321.211 / 354.075     327.198 / 515.532     327.198 / 515.532     ms
[990.170s][info   ][gc,stats    ]  Contention: Mark Segment Reset Contention                     0 / 0                13 / 397              15 / 850              15 / 850         ops/s
[990.170s][info   ][gc,stats    ]  Contention: Mark SeqNum Reset Contention                      0 / 0                 0 / 3                 0 / 9                 0 / 9           ops/s
[990.170s][info   ][gc,stats    ]  Contention: Relocation Contention                             0 / 0                 1 / 228               0 / 228               0 / 228         ops/s
[990.170s][info   ][gc,stats    ]    Critical: Allocation Stall                              0.000 / 0.000         0.000 / 0.000         0.000 / 0.000         0.000 / 0.000       ms
[990.170s][info   ][gc,stats    ]    Critical: Allocation Stall                                  0 / 0                 0 / 0                 0 / 0                 0 / 0           ops/s
[990.170s][info   ][gc,stats    ]    Critical: GC Locker Stall                               0.000 / 0.000         0.000 / 0.000         0.000 / 0.000         0.000 / 0.000       ms
[990.170s][info   ][gc,stats    ]    Critical: GC Locker Stall                                   0 / 0                 0 / 0                 0 / 0                 0 / 0           ops/s
[990.170s][info   ][gc,stats    ]      Memory: Allocation Rate                                 640 / 714             624 / 848             620 / 1436            620 / 1436        MB/s
[990.170s][info   ][gc,stats    ]      Memory: Heap Used After Mark                              0 / 0             14474 / 15534         15322 / 30288         15322 / 30288       MB
[990.170s][info   ][gc,stats    ]      Memory: Heap Used After Relocation                        0 / 0              3973 / 4088           3832 / 4228           3832 / 4228        MB
[990.170s][info   ][gc,stats    ]      Memory: Heap Used Before Mark                             0 / 0             14285 / 15342         15138 / 30112         15138 / 30112       MB
[990.170s][info   ][gc,stats    ]      Memory: Heap Used Before Relocation                       0 / 0             10670 / 11370         11071 / 20378         11071 / 20378       MB
[990.170s][info   ][gc,stats    ]      Memory: Out Of Memory                                     0 / 0                 0 / 0                 0 / 0                 0 / 0           ops/s
[990.170s][info   ][gc,stats    ]      Memory: Page Cache Flush                                  0 / 0                 0 / 0                 0 / 0                 0 / 0           MB/s
[990.170s][info   ][gc,stats    ]      Memory: Page Cache Hit L1                               308 / 342             339 / 1056            320 / 1642            320 / 1642        ops/s
[990.170s][info   ][gc,stats    ]      Memory: Page Cache Hit L2                                 0 / 0                 0 / 0                 0 / 179               0 / 179         ops/s
[990.170s][info   ][gc,stats    ]      Memory: Page Cache Miss                                   0 / 0                 0 / 0                14 / 341              14 / 341         ops/s
[990.170s][info   ][gc,stats    ]      Memory: Undo Object Allocation Failed                     0 / 0                 0 / 0                 0 / 0                 0 / 0           ops/s
[990.170s][info   ][gc,stats    ]      Memory: Undo Object Allocation Succeeded                  0 / 0                 1 / 228               0 / 228               0 / 228         ops/s
[990.170s][info   ][gc,stats    ]      Memory: Undo Page Allocation                              0 / 0                 0 / 0                 0 / 69                0 / 69          ops/s
[990.170s][info   ][gc,stats    ]       Phase: Concurrent Destroy Detached Pages             0.000 / 0.000         0.001 / 0.001         0.001 / 0.001         0.001 / 0.001       ms
[990.170s][info   ][gc,stats    ]       Phase: Concurrent Mark                               0.000 / 0.000       195.986 / 213.992     196.213 / 275.553     196.213 / 275.553     ms
[990.170s][info   ][gc,stats    ]       Phase: Concurrent Mark Continue                      0.000 / 0.000         1.335 / 1.335         1.375 / 1.416         1.375 / 1.416       ms
[990.170s][info   ][gc,stats    ]       Phase: Concurrent Prepare Relocation Set             0.000 / 0.000        15.137 / 29.002       20.951 / 89.649       20.951 / 89.649      ms
[990.170s][info   ][gc,stats    ]       Phase: Concurrent Process Non-Strong References      0.000 / 0.000         1.675 / 1.922         2.353 / 19.270        2.353 / 19.270      ms
[990.170s][info   ][gc,stats    ]       Phase: Concurrent Relocate                           0.000 / 0.000       101.551 / 115.167      99.459 / 165.671      99.459 / 165.671     ms
[990.170s][info   ][gc,stats    ]       Phase: Concurrent Reset Relocation Set               0.000 / 0.000         1.640 / 2.283         2.271 / 14.653        2.271 / 14.653      ms
[990.170s][info   ][gc,stats    ]       Phase: Concurrent Select Relocation Set              0.000 / 0.000         3.081 / 11.393        3.595 / 12.148        3.595 / 12.148      ms
[990.170s][info   ][gc,stats    ]       Phase: Pause Mark End                                0.000 / 0.000         0.656 / 1.288         0.710 / 1.288         0.710 / 1.288       ms
[990.170s][info   ][gc,stats    ]       Phase: Pause Mark Start                              0.000 / 0.000         0.201 / 0.678         0.281 / 1.400         0.281 / 1.400       ms
[990.170s][info   ][gc,stats    ]       Phase: Pause Relocate Start                          0.000 / 0.000         0.188 / 0.265         0.210 / 1.025         0.210 / 1.025       ms
[990.170s][info   ][gc,stats    ]       Phase: Pause Verify                                  0.000 / 0.000         0.000 / 0.000         0.000 / 0.000         0.000 / 0.000       ms
[990.170s][info   ][gc,stats    ]    Subphase: Concurrent Classes Unload                     0.000 / 0.000         1.367 / 1.578         1.986 / 18.723        1.986 / 18.723      ms
[990.170s][info   ][gc,stats    ]    Subphase: Concurrent Mark                               0.000 / 0.000       189.327 / 213.207     187.550 / 273.889     187.550 / 273.889     ms
[990.170s][info   ][gc,stats    ]    Subphase: Concurrent Mark Idle                          0.000 / 0.000         1.136 / 1.413         1.137 / 1.413         1.137 / 1.413       ms
[990.170s][info   ][gc,stats    ]    Subphase: Concurrent Mark Try Flush                     0.000 / 0.000         0.072 / 0.324         0.076 / 0.545         0.076 / 0.545       ms
[990.170s][info   ][gc,stats    ]    Subphase: Concurrent Mark Try Terminate                 0.000 / 0.000         1.134 / 1.418         1.135 / 1.418         1.135 / 1.418       ms
[990.170s][info   ][gc,stats    ]    Subphase: Concurrent References Enqueue                 0.000 / 0.000         0.005 / 0.007         0.005 / 0.008         0.005 / 0.008       ms
[990.170s][info   ][gc,stats    ]    Subphase: Concurrent References Process                 0.000 / 0.000         0.064 / 0.104         0.070 / 0.140         0.070 / 0.140       ms
[990.170s][info   ][gc,stats    ]    Subphase: Concurrent Roots                              0.000 / 0.000         0.070 / 0.885         0.086 / 2.807         0.086 / 2.807       ms
[990.170s][info   ][gc,stats    ]    Subphase: Concurrent Roots ClassLoaderDataGraph         0.000 / 0.000         0.062 / 0.882         0.076 / 2.804         0.076 / 2.804       ms
[990.170s][info   ][gc,stats    ]    Subphase: Concurrent Roots JNIHandles                   0.000 / 0.000         0.011 / 0.069         0.024 / 0.551         0.024 / 0.551       ms
[990.170s][info   ][gc,stats    ]    Subphase: Concurrent Roots Setup                        0.000 / 0.000         0.138 / 1.420         0.207 / 1.622         0.207 / 1.622       ms
[990.170s][info   ][gc,stats    ]    Subphase: Concurrent Roots Teardown                     0.000 / 0.000         0.001 / 0.001         0.001 / 0.001         0.001 / 0.001       ms
[990.170s][info   ][gc,stats    ]    Subphase: Concurrent Weak Roots                         0.000 / 0.000         0.182 / 0.273         0.222 / 1.376         0.222 / 1.376       ms
[990.170s][info   ][gc,stats    ]    Subphase: Concurrent Weak Roots JNIWeakHandles          0.000 / 0.000         0.002 / 0.012         0.002 / 0.073         0.002 / 0.073       ms
[990.170s][info   ][gc,stats    ]    Subphase: Concurrent Weak Roots StringTable             0.000 / 0.000         0.155 / 0.264         0.195 / 1.327         0.195 / 1.327       ms
[990.170s][info   ][gc,stats    ]    Subphase: Concurrent Weak Roots VMWeakHandles           0.000 / 0.000         0.023 / 0.052         0.023 / 0.052         0.023 / 0.052       ms
[990.170s][info   ][gc,stats    ]    Subphase: Pause Mark Try Complete                       0.000 / 0.000         0.131 / 1.007         0.159 / 1.009         0.159 / 1.009       ms
[990.170s][info   ][gc,stats    ]    Subphase: Pause Roots                                   0.000 / 0.000         0.035 / 0.329         0.042 / 1.060         0.042 / 1.060       ms
[990.170s][info   ][gc,stats    ]    Subphase: Pause Roots CodeCache                         0.000 / 0.000         0.000 / 0.000         0.000 / 0.000         0.000 / 0.000       ms
[990.170s][info   ][gc,stats    ]    Subphase: Pause Roots JVMTIExport                       0.000 / 0.000         0.001 / 0.002         0.002 / 0.017         0.002 / 0.017       ms
[990.170s][info   ][gc,stats    ]    Subphase: Pause Roots JVMTIWeakExport                   0.000 / 0.000         0.001 / 0.002         0.001 / 0.002         0.001 / 0.002       ms
[990.170s][info   ][gc,stats    ]    Subphase: Pause Roots Management                        0.000 / 0.000         0.005 / 0.036         0.009 / 0.430         0.009 / 0.430       ms
[990.170s][info   ][gc,stats    ]    Subphase: Pause Roots ObjectSynchronizer                0.000 / 0.000         0.001 / 0.001         0.001 / 0.011         0.001 / 0.011       ms
[990.170s][info   ][gc,stats    ]    Subphase: Pause Roots Setup                             0.000 / 0.000         0.001 / 0.002         0.001 / 0.002         0.001 / 0.002       ms
[990.170s][info   ][gc,stats    ]    Subphase: Pause Roots SystemDictionary                  0.000 / 0.000         0.022 / 0.171         0.036 / 0.734         0.036 / 0.734       ms
[990.170s][info   ][gc,stats    ]    Subphase: Pause Roots Teardown                          0.000 / 0.000         0.003 / 0.008         0.004 / 0.009         0.004 / 0.009       ms
[990.170s][info   ][gc,stats    ]    Subphase: Pause Roots Threads                           0.000 / 0.000         0.041 / 0.316         0.051 / 1.042         0.051 / 1.042       ms
[990.170s][info   ][gc,stats    ]    Subphase: Pause Roots Universe                          0.000 / 0.000         0.007 / 0.021         0.013 / 0.626         0.013 / 0.626       ms
[990.170s][info   ][gc,stats    ]    Subphase: Pause Weak Roots                              0.000 / 0.000         0.001 / 0.025         0.001 / 0.025         0.001 / 0.025       ms
[990.170s][info   ][gc,stats    ]    Subphase: Pause Weak Roots JFRWeak                      0.000 / 0.000         0.001 / 0.002         0.001 / 0.002         0.001 / 0.002       ms
[990.170s][info   ][gc,stats    ]    Subphase: Pause Weak Roots JVMTIWeakExport              0.000 / 0.000         0.001 / 0.002         0.001 / 0.002         0.001 / 0.002       ms
[990.170s][info   ][gc,stats    ]    Subphase: Pause Weak Roots Setup                        0.000 / 0.000         0.001 / 0.001         0.001 / 0.001         0.001 / 0.001       ms
[990.170s][info   ][gc,stats    ]    Subphase: Pause Weak Roots Teardown                     0.000 / 0.000         0.001 / 0.002         0.001 / 0.004         0.001 / 0.004       ms
[990.170s][info   ][gc,stats    ]      System: Java Threads                                      0 / 0                61 / 62               60 / 65               60 / 65          threads
[990.170s][info   ][gc,stats    ] =========================================================================================================================================================
[993.870s][info   ][gc,start    ] GC(52) Garbage Collection (Proactive)
[993.871s][info   ][gc,phases   ] GC(52) Pause Mark Start 0.154ms
[994.057s][info   ][gc,phases   ] GC(52) Concurrent Mark 186.803ms
[994.058s][info   ][gc,phases   ] GC(52) Pause Mark End 0.712ms
[994.060s][info   ][gc,phases   ] GC(52) Concurrent Process Non-Strong References 1.645ms
[994.061s][info   ][gc,phases   ] GC(52) Concurrent Reset Relocation Set 1.254ms
[994.061s][info   ][gc,phases   ] GC(52) Concurrent Destroy Detached Pages 0.001ms
[994.064s][info   ][gc,phases   ] GC(52) Concurrent Select Relocation Set 2.294ms
[994.074s][info   ][gc,phases   ] GC(52) Concurrent Prepare Relocation Set 10.527ms
[994.075s][info   ][gc,phases   ] GC(52) Pause Relocate Start 0.235ms
[994.171s][info   ][gc,phases   ] GC(52) Concurrent Relocate 96.439ms
[994.171s][info   ][gc,load     ] GC(52) Load: 3.77/3.96/2.61
[994.171s][info   ][gc,mmu      ] GC(52) MMU: 2ms/30.0%, 5ms/69.9%, 10ms/81.7%, 20ms/87.7%, 50ms/95.1%, 100ms/97.5%
[994.171s][info   ][gc,marking  ] GC(52) Mark: 8 stripe(s), 10 proactive flush(es), 2 terminate flush(es), 1 completion(s), 0 continuation(s) 
[994.171s][info   ][gc,reloc    ] GC(52) Relocation: Successful, 1346M relocated
[994.171s][info   ][gc,nmethod  ] GC(52) NMethods: 5665 registered, 1191 unregistered
[994.171s][info   ][gc,metaspace] GC(52) Metaspace: 40M used, 41M capacity, 41M committed, 42M reserved
[994.171s][info   ][gc,ref      ] GC(52) Soft: 3327 encountered, 0 discovered, 0 enqueued
[994.171s][info   ][gc,ref      ] GC(52) Weak: 1530 encountered, 383 discovered, 0 enqueued
[994.171s][info   ][gc,ref      ] GC(52) Final: 31 encountered, 4 discovered, 4 enqueued
[994.171s][info   ][gc,ref      ] GC(52) Phantom: 120 encountered, 106 discovered, 0 enqueued
[994.171s][info   ][gc,heap     ] GC(52)                Mark Start          Mark End        Relocate Start      Relocate End           High               Low         
[994.171s][info   ][gc,heap     ] GC(52)  Capacity:    30390M (30%)       30390M (30%)       30390M (30%)       30390M (30%)       30390M (30%)       30390M (30%)    
[994.171s][info   ][gc,heap     ] GC(52)   Reserve:       80M (0%)           80M (0%)           80M (0%)           80M (0%)           80M (0%)           80M (0%)     
[994.171s][info   ][gc,heap     ] GC(52)      Free:    85402M (85%)       85250M (85%)       89358M (89%)       96340M (96%)       96340M (96%)       85248M (85%)    
[994.171s][info   ][gc,heap     ] GC(52)      Used:    14870M (15%)       15022M (15%)       10914M (11%)        3932M (4%)        15024M (15%)        3932M (4%)     
[994.171s][info   ][gc,heap     ] GC(52)      Live:         -              3495M (3%)         3495M (3%)         3495M (3%)             -                  -          
[994.171s][info   ][gc,heap     ] GC(52) Allocated:         -               152M (0%)          168M (0%)         1480M (1%)             -                  -          
[994.171s][info   ][gc,heap     ] GC(52)   Garbage:         -             11374M (11%)        7250M (7%)          210M (0%)             -                  -          
[994.171s][info   ][gc,heap     ] GC(52) Reclaimed:         -                  -              4124M (4%)        11164M (11%)            -                  -          
[994.171s][info   ][gc          ] GC(52) Garbage Collection (Proactive) 14870M(15%)->3932M(4%)
[1000.170s][info   ][gc,stats    ] === Garbage Collection Statistics =======================================================================================================================
[1000.170s][info   ][gc,stats    ]                                                              Last 10s              Last 10m              Last 10h                Total
[1000.170s][info   ][gc,stats    ]                                                              Avg / Max             Avg / Max             Avg / Max             Avg / Max
[1000.170s][info   ][gc,stats    ]   Collector: Garbage Collection Cycle                    301.082 / 301.082     320.475 / 354.075     326.705 / 515.532     326.705 / 515.532     ms
[1000.170s][info   ][gc,stats    ]  Contention: Mark Segment Reset Contention                    33 / 339              13 / 397              15 / 850              15 / 850         ops/s
[1000.170s][info   ][gc,stats    ]  Contention: Mark SeqNum Reset Contention                      0 / 1                 0 / 3                 0 / 9                 0 / 9           ops/s
[1000.170s][info   ][gc,stats    ]  Contention: Relocation Contention                             1 / 12                1 / 228               0 / 228               0 / 228         ops/s
[1000.170s][info   ][gc,stats    ]    Critical: Allocation Stall                              0.000 / 0.000         0.000 / 0.000         0.000 / 0.000         0.000 / 0.000       ms
[1000.170s][info   ][gc,stats    ]    Critical: Allocation Stall                                  0 / 0                 0 / 0                 0 / 0                 0 / 0           ops/s
[1000.170s][info   ][gc,stats    ]    Critical: GC Locker Stall                               0.000 / 0.000         0.000 / 0.000         0.000 / 0.000         0.000 / 0.000       ms
[1000.170s][info   ][gc,stats    ]    Critical: GC Locker Stall                                   0 / 0                 0 / 0                 0 / 0                 0 / 0           ops/s
[1000.170s][info   ][gc,stats    ]      Memory: Allocation Rate                                 632 / 680             624 / 848             620 / 1436            620 / 1436        MB/s
[1000.170s][info   ][gc,stats    ]      Memory: Heap Used After Mark                          15022 / 15022         14495 / 15534         15316 / 30288         15316 / 30288       MB
[1000.170s][info   ][gc,stats    ]      Memory: Heap Used After Relocation                     3932 / 3932           3968 / 4042           3833 / 4228           3833 / 4228        MB
[1000.170s][info   ][gc,stats    ]      Memory: Heap Used Before Mark                         14870 / 14870         14308 / 15342         15133 / 30112         15133 / 30112       MB
[1000.170s][info   ][gc,stats    ]      Memory: Heap Used Before Relocation                   10914 / 10914         10679 / 11370         11068 / 20378         11068 / 20378       MB
[1000.170s][info   ][gc,stats    ]      Memory: Out Of Memory                                     0 / 0                 0 / 0                 0 / 0                 0 / 0           ops/s
[1000.170s][info   ][gc,stats    ]      Memory: Page Cache Flush                                  0 / 0                 0 / 0                 0 / 0                 0 / 0           MB/s
[1000.170s][info   ][gc,stats    ]      Memory: Page Cache Hit L1                               366 / 931             339 / 1056            320 / 1642            320 / 1642        ops/s
[1000.170s][info   ][gc,stats    ]      Memory: Page Cache Hit L2                                 0 / 0                 0 / 0                 0 / 179               0 / 179         ops/s
[1000.170s][info   ][gc,stats    ]      Memory: Page Cache Miss                                   0 / 0                 0 / 0                14 / 341              14 / 341         ops/s
[1000.170s][info   ][gc,stats    ]      Memory: Undo Object Allocation Failed                     0 / 0                 0 / 0                 0 / 0                 0 / 0           ops/s
[1000.170s][info   ][gc,stats    ]      Memory: Undo Object Allocation Succeeded                  1 / 12                1 / 228               0 / 228               0 / 228         ops/s
[1000.170s][info   ][gc,stats    ]      Memory: Undo Page Allocation                              0 / 0                 0 / 0                 0 / 69                0 / 69          ops/s
[1000.170s][info   ][gc,stats    ]       Phase: Concurrent Destroy Detached Pages             0.001 / 0.001         0.001 / 0.001         0.001 / 0.001         0.001 / 0.001       ms
[1000.170s][info   ][gc,stats    ]       Phase: Concurrent Mark                             186.803 / 186.803     195.210 / 207.160     196.036 / 275.553     196.036 / 275.553     ms
[1000.170s][info   ][gc,stats    ]       Phase: Concurrent Mark Continue                      0.000 / 0.000         1.335 / 1.335         1.375 / 1.416         1.375 / 1.416       ms
[1000.170s][info   ][gc,stats    ]       Phase: Concurrent Prepare Relocation Set            10.527 / 10.527       14.848 / 29.002       20.754 / 89.649       20.754 / 89.649      ms
[1000.170s][info   ][gc,stats    ]       Phase: Concurrent Process Non-Strong References      1.645 / 1.645         1.674 / 1.922         2.339 / 19.270        2.339 / 19.270      ms
[1000.170s][info   ][gc,stats    ]       Phase: Concurrent Relocate                          96.439 / 96.439      101.908 / 115.167      99.402 / 165.671      99.402 / 165.671     ms
[1000.170s][info   ][gc,stats    ]       Phase: Concurrent Reset Relocation Set               1.254 / 1.254         1.632 / 2.283         2.252 / 14.653        2.252 / 14.653      ms
[1000.170s][info   ][gc,stats    ]       Phase: Concurrent Select Relocation Set              2.294 / 2.294         3.062 / 11.393        3.571 / 12.148        3.571 / 12.148      ms
[1000.170s][info   ][gc,stats    ]       Phase: Pause Mark End                                0.712 / 0.712         0.658 / 1.288         0.710 / 1.288         0.710 / 1.288       ms
[1000.170s][info   ][gc,stats    ]       Phase: Pause Mark Start                              0.154 / 0.154         0.198 / 0.678         0.278 / 1.400         0.278 / 1.400       ms
[1000.170s][info   ][gc,stats    ]       Phase: Pause Relocate Start                          0.235 / 0.235         0.189 / 0.265         0.211 / 1.025         0.211 / 1.025       ms
[1000.170s][info   ][gc,stats    ]       Phase: Pause Verify                                  0.000 / 0.000         0.000 / 0.000         0.000 / 0.000         0.000 / 0.000       ms
[1000.170s][info   ][gc,stats    ]    Subphase: Concurrent Classes Unload                     1.357 / 1.357         1.368 / 1.578         1.974 / 18.723        1.974 / 18.723      ms
[1000.171s][info   ][gc,stats    ]    Subphase: Concurrent Mark                             185.811 / 186.169     188.580 / 206.489     187.518 / 273.889     187.518 / 273.889     ms
[1000.171s][info   ][gc,stats    ]    Subphase: Concurrent Mark Idle                          1.139 / 1.179         1.136 / 1.413         1.137 / 1.413         1.137 / 1.413       ms
[1000.171s][info   ][gc,stats    ]    Subphase: Concurrent Mark Try Flush                     0.058 / 0.126         0.072 / 0.324         0.076 / 0.545         0.076 / 0.545       ms
[1000.171s][info   ][gc,stats    ]    Subphase: Concurrent Mark Try Terminate                 1.136 / 1.183         1.134 / 1.418         1.135 / 1.418         1.135 / 1.418       ms
[1000.171s][info   ][gc,stats    ]    Subphase: Concurrent References Enqueue                 0.004 / 0.004         0.005 / 0.007         0.005 / 0.008         0.005 / 0.008       ms
[1000.171s][info   ][gc,stats    ]    Subphase: Concurrent References Process                 0.059 / 0.059         0.063 / 0.104         0.070 / 0.140         0.070 / 0.140       ms
[1000.171s][info   ][gc,stats    ]    Subphase: Concurrent Roots                              0.058 / 0.379         0.069 / 0.885         0.085 / 2.807         0.085 / 2.807       ms
[1000.171s][info   ][gc,stats    ]    Subphase: Concurrent Roots ClassLoaderDataGraph         0.052 / 0.360         0.062 / 0.882         0.075 / 2.804         0.075 / 2.804       ms
[1000.171s][info   ][gc,stats    ]    Subphase: Concurrent Roots JNIHandles                   0.009 / 0.015         0.010 / 0.069         0.024 / 0.551         0.024 / 0.551       ms
[1000.171s][info   ][gc,stats    ]    Subphase: Concurrent Roots Setup                        0.081 / 0.081         0.137 / 1.420         0.204 / 1.622         0.204 / 1.622       ms
[1000.171s][info   ][gc,stats    ]    Subphase: Concurrent Roots Teardown                     0.001 / 0.001         0.001 / 0.001         0.001 / 0.001         0.001 / 0.001       ms
[1000.171s][info   ][gc,stats    ]    Subphase: Concurrent Weak Roots                         0.171 / 0.189         0.182 / 0.273         0.221 / 1.376         0.221 / 1.376       ms
[1000.171s][info   ][gc,stats    ]    Subphase: Concurrent Weak Roots JNIWeakHandles          0.001 / 0.004         0.002 / 0.012         0.002 / 0.073         0.002 / 0.073       ms
[1000.171s][info   ][gc,stats    ]    Subphase: Concurrent Weak Roots StringTable             0.145 / 0.150         0.155 / 0.264         0.194 / 1.327         0.194 / 1.327       ms
[1000.171s][info   ][gc,stats    ]    Subphase: Concurrent Weak Roots VMWeakHandles           0.020 / 0.040         0.022 / 0.052         0.023 / 0.052         0.023 / 0.052       ms
[1000.171s][info   ][gc,stats    ]    Subphase: Pause Mark Try Complete                       0.075 / 0.451         0.127 / 1.007         0.157 / 1.009         0.157 / 1.009       ms
[1000.171s][info   ][gc,stats    ]    Subphase: Pause Roots                                   0.034 / 0.164         0.035 / 0.329         0.042 / 1.060         0.042 / 1.060       ms
[1000.171s][info   ][gc,stats    ]    Subphase: Pause Roots CodeCache                         0.000 / 0.000         0.000 / 0.000         0.000 / 0.000         0.000 / 0.000       ms
[1000.171s][info   ][gc,stats    ]    Subphase: Pause Roots JVMTIExport                       0.001 / 0.001         0.001 / 0.002         0.002 / 0.017         0.002 / 0.017       ms
[1000.171s][info   ][gc,stats    ]    Subphase: Pause Roots JVMTIWeakExport                   0.001 / 0.001         0.001 / 0.002         0.001 / 0.002         0.001 / 0.002       ms
[1000.171s][info   ][gc,stats    ]    Subphase: Pause Roots Management                        0.003 / 0.003         0.005 / 0.036         0.009 / 0.430         0.009 / 0.430       ms
[1000.171s][info   ][gc,stats    ]    Subphase: Pause Roots ObjectSynchronizer                0.001 / 0.001         0.001 / 0.001         0.001 / 0.011         0.001 / 0.011       ms
[1000.171s][info   ][gc,stats    ]    Subphase: Pause Roots Setup                             0.001 / 0.001         0.001 / 0.002         0.001 / 0.002         0.001 / 0.002       ms
[1000.171s][info   ][gc,stats    ]    Subphase: Pause Roots SystemDictionary                  0.012 / 0.013         0.022 / 0.171         0.036 / 0.734         0.036 / 0.734       ms
[1000.171s][info   ][gc,stats    ]    Subphase: Pause Roots Teardown                          0.004 / 0.005         0.003 / 0.008         0.004 / 0.009         0.004 / 0.009       ms
[1000.171s][info   ][gc,stats    ]    Subphase: Pause Roots Threads                           0.043 / 0.162         0.041 / 0.316         0.050 / 1.042         0.050 / 1.042       ms
[1000.171s][info   ][gc,stats    ]    Subphase: Pause Roots Universe                          0.011 / 0.017         0.007 / 0.021         0.013 / 0.626         0.013 / 0.626       ms
[1000.171s][info   ][gc,stats    ]    Subphase: Pause Weak Roots                              0.001 / 0.003         0.001 / 0.025         0.001 / 0.025         0.001 / 0.025       ms
[1000.171s][info   ][gc,stats    ]    Subphase: Pause Weak Roots JFRWeak                      0.001 / 0.001         0.001 / 0.002         0.001 / 0.002         0.001 / 0.002       ms
[1000.171s][info   ][gc,stats    ]    Subphase: Pause Weak Roots JVMTIWeakExport              0.001 / 0.001         0.001 / 0.002         0.001 / 0.002         0.001 / 0.002       ms
[1000.171s][info   ][gc,stats    ]    Subphase: Pause Weak Roots Setup                        0.001 / 0.001         0.001 / 0.001         0.001 / 0.001         0.001 / 0.001       ms
[1000.171s][info   ][gc,stats    ]    Subphase: Pause Weak Roots Teardown                     0.001 / 0.001         0.001 / 0.002         0.001 / 0.004         0.001 / 0.004       ms
[1000.171s][info   ][gc,stats    ]      System: Java Threads                                     62 / 62               61 / 62               60 / 65               60 / 65          threads
[1000.171s][info   ][gc,stats    ] =========================================================================================================================================================
[1010.170s][info   ][gc,stats    ] === Garbage Collection Statistics =======================================================================================================================
[1010.170s][info   ][gc,stats    ]                                                              Last 10s              Last 10m              Last 10h                Total
[1010.170s][info   ][gc,stats    ]                                                              Avg / Max             Avg / Max             Avg / Max             Avg / Max
[1010.170s][info   ][gc,stats    ]   Collector: Garbage Collection Cycle                      0.000 / 0.000       320.475 / 354.075     326.705 / 515.532     326.705 / 515.532     ms
[1010.170s][info   ][gc,stats    ]  Contention: Mark Segment Reset Contention                     0 / 0                13 / 397              15 / 850              15 / 850         ops/s
[1010.170s][info   ][gc,stats    ]  Contention: Mark SeqNum Reset Contention                      0 / 0                 0 / 3                 0 / 9                 0 / 9           ops/s
[1010.170s][info   ][gc,stats    ]  Contention: Relocation Contention                             0 / 0                 1 / 228               0 / 228               0 / 228         ops/s
[1010.170s][info   ][gc,stats    ]    Critical: Allocation Stall                              0.000 / 0.000         0.000 / 0.000         0.000 / 0.000         0.000 / 0.000       ms
[1010.170s][info   ][gc,stats    ]    Critical: Allocation Stall                                  0 / 0                 0 / 0                 0 / 0                 0 / 0           ops/s
[1010.170s][info   ][gc,stats    ]    Critical: GC Locker Stall                               0.000 / 0.000         0.000 / 0.000         0.000 / 0.000         0.000 / 0.000       ms
[1010.170s][info   ][gc,stats    ]    Critical: GC Locker Stall                                   0 / 0                 0 / 0                 0 / 0                 0 / 0           ops/s
[1010.170s][info   ][gc,stats    ]      Memory: Allocation Rate                                 608 / 714             623 / 848             620 / 1436            620 / 1436        MB/s
[1010.170s][info   ][gc,stats    ]      Memory: Heap Used After Mark                              0 / 0             14495 / 15534         15316 / 30288         15316 / 30288       MB
[1010.170s][info   ][gc,stats    ]      Memory: Heap Used After Relocation                        0 / 0              3968 / 4042           3833 / 4228           3833 / 4228        MB
[1010.170s][info   ][gc,stats    ]      Memory: Heap Used Before Mark                             0 / 0             14308 / 15342         15133 / 30112         15133 / 30112       MB
[1010.170s][info   ][gc,stats    ]      Memory: Heap Used Before Relocation                       0 / 0             10679 / 11370         11068 / 20378         11068 / 20378       MB
[1010.170s][info   ][gc,stats    ]      Memory: Out Of Memory                                     0 / 0                 0 / 0                 0 / 0                 0 / 0           ops/s
[1010.170s][info   ][gc,stats    ]      Memory: Page Cache Flush                                  0 / 0                 0 / 0                 0 / 0                 0 / 0           MB/s
[1010.170s][info   ][gc,stats    ]      Memory: Page Cache Hit L1                               293 / 342             338 / 1056            320 / 1642            320 / 1642        ops/s
[1010.170s][info   ][gc,stats    ]      Memory: Page Cache Hit L2                                 0 / 0                 0 / 0                 0 / 179               0 / 179         ops/s
[1010.170s][info   ][gc,stats    ]      Memory: Page Cache Miss                                   0 / 0                 0 / 0                14 / 341              14 / 341         ops/s
[1010.170s][info   ][gc,stats    ]      Memory: Undo Object Allocation Failed                     0 / 0                 0 / 0                 0 / 0                 0 / 0           ops/s
[1010.170s][info   ][gc,stats    ]      Memory: Undo Object Allocation Succeeded                  0 / 0                 1 / 228               0 / 228               0 / 228         ops/s
[1010.170s][info   ][gc,stats    ]      Memory: Undo Page Allocation                              0 / 0                 0 / 0                 0 / 69                0 / 69          ops/s
[1010.170s][info   ][gc,stats    ]       Phase: Concurrent Destroy Detached Pages             0.000 / 0.000         0.001 / 0.001         0.001 / 0.001         0.001 / 0.001       ms
[1010.170s][info   ][gc,stats    ]       Phase: Concurrent Mark                               0.000 / 0.000       195.210 / 207.160     196.036 / 275.553     196.036 / 275.553     ms
[1010.170s][info   ][gc,stats    ]       Phase: Concurrent Mark Continue                      0.000 / 0.000         1.335 / 1.335         1.375 / 1.416         1.375 / 1.416       ms
[1010.170s][info   ][gc,stats    ]       Phase: Concurrent Prepare Relocation Set             0.000 / 0.000        14.848 / 29.002       20.754 / 89.649       20.754 / 89.649      ms
[1010.170s][info   ][gc,stats    ]       Phase: Concurrent Process Non-Strong References      0.000 / 0.000         1.674 / 1.922         2.339 / 19.270        2.339 / 19.270      ms
[1010.170s][info   ][gc,stats    ]       Phase: Concurrent Relocate                           0.000 / 0.000       101.908 / 115.167      99.402 / 165.671      99.402 / 165.671     ms
[1010.170s][info   ][gc,stats    ]       Phase: Concurrent Reset Relocation Set               0.000 / 0.000         1.632 / 2.283         2.252 / 14.653        2.252 / 14.653      ms
[1010.170s][info   ][gc,stats    ]       Phase: Concurrent Select Relocation Set              0.000 / 0.000         3.062 / 11.393        3.571 / 12.148        3.571 / 12.148      ms
[1010.170s][info   ][gc,stats    ]       Phase: Pause Mark End                                0.000 / 0.000         0.658 / 1.288         0.710 / 1.288         0.710 / 1.288       ms
[1010.170s][info   ][gc,stats    ]       Phase: Pause Mark Start                              0.000 / 0.000         0.198 / 0.678         0.278 / 1.400         0.278 / 1.400       ms
[1010.170s][info   ][gc,stats    ]       Phase: Pause Relocate Start                          0.000 / 0.000         0.189 / 0.265         0.211 / 1.025         0.211 / 1.025       ms
[1010.170s][info   ][gc,stats    ]       Phase: Pause Verify                                  0.000 / 0.000         0.000 / 0.000         0.000 / 0.000         0.000 / 0.000       ms
[1010.170s][info   ][gc,stats    ]    Subphase: Concurrent Classes Unload                     0.000 / 0.000         1.368 / 1.578         1.974 / 18.723        1.974 / 18.723      ms
[1010.170s][info   ][gc,stats    ]    Subphase: Concurrent Mark                               0.000 / 0.000       188.580 / 206.489     187.518 / 273.889     187.518 / 273.889     ms
[1010.170s][info   ][gc,stats    ]    Subphase: Concurrent Mark Idle                          0.000 / 0.000         1.136 / 1.413         1.137 / 1.413         1.137 / 1.413       ms
[1010.170s][info   ][gc,stats    ]    Subphase: Concurrent Mark Try Flush                     0.000 / 0.000         0.072 / 0.324         0.076 / 0.545         0.076 / 0.545       ms
[1010.170s][info   ][gc,stats    ]    Subphase: Concurrent Mark Try Terminate                 0.000 / 0.000         1.134 / 1.418         1.135 / 1.418         1.135 / 1.418       ms
[1010.170s][info   ][gc,stats    ]    Subphase: Concurrent References Enqueue                 0.000 / 0.000         0.005 / 0.007         0.005 / 0.008         0.005 / 0.008       ms
[1010.170s][info   ][gc,stats    ]    Subphase: Concurrent References Process                 0.000 / 0.000         0.063 / 0.104         0.070 / 0.140         0.070 / 0.140       ms
[1010.170s][info   ][gc,stats    ]    Subphase: Concurrent Roots                              0.000 / 0.000         0.069 / 0.885         0.085 / 2.807         0.085 / 2.807       ms
[1010.170s][info   ][gc,stats    ]    Subphase: Concurrent Roots ClassLoaderDataGraph         0.000 / 0.000         0.062 / 0.882         0.075 / 2.804         0.075 / 2.804       ms
[1010.170s][info   ][gc,stats    ]    Subphase: Concurrent Roots JNIHandles                   0.000 / 0.000         0.010 / 0.069         0.024 / 0.551         0.024 / 0.551       ms
[1010.170s][info   ][gc,stats    ]    Subphase: Concurrent Roots Setup                        0.000 / 0.000         0.137 / 1.420         0.204 / 1.622         0.204 / 1.622       ms
[1010.170s][info   ][gc,stats    ]    Subphase: Concurrent Roots Teardown                     0.000 / 0.000         0.001 / 0.001         0.001 / 0.001         0.001 / 0.001       ms
[1010.170s][info   ][gc,stats    ]    Subphase: Concurrent Weak Roots                         0.000 / 0.000         0.182 / 0.273         0.221 / 1.376         0.221 / 1.376       ms
[1010.170s][info   ][gc,stats    ]    Subphase: Concurrent Weak Roots JNIWeakHandles          0.000 / 0.000         0.002 / 0.012         0.002 / 0.073         0.002 / 0.073       ms
[1010.170s][info   ][gc,stats    ]    Subphase: Concurrent Weak Roots StringTable             0.000 / 0.000         0.155 / 0.264         0.194 / 1.327         0.194 / 1.327       ms
[1010.170s][info   ][gc,stats    ]    Subphase: Concurrent Weak Roots VMWeakHandles           0.000 / 0.000         0.022 / 0.052         0.023 / 0.052         0.023 / 0.052       ms
[1010.170s][info   ][gc,stats    ]    Subphase: Pause Mark Try Complete                       0.000 / 0.000         0.127 / 1.007         0.157 / 1.009         0.157 / 1.009       ms
[1010.170s][info   ][gc,stats    ]    Subphase: Pause Roots                                   0.000 / 0.000         0.035 / 0.329         0.042 / 1.060         0.042 / 1.060       ms
[1010.170s][info   ][gc,stats    ]    Subphase: Pause Roots CodeCache                         0.000 / 0.000         0.000 / 0.000         0.000 / 0.000         0.000 / 0.000       ms
[1010.170s][info   ][gc,stats    ]    Subphase: Pause Roots JVMTIExport                       0.000 / 0.000         0.001 / 0.002         0.002 / 0.017         0.002 / 0.017       ms
[1010.170s][info   ][gc,stats    ]    Subphase: Pause Roots JVMTIWeakExport                   0.000 / 0.000         0.001 / 0.002         0.001 / 0.002         0.001 / 0.002       ms
[1010.170s][info   ][gc,stats    ]    Subphase: Pause Roots Management                        0.000 / 0.000         0.005 / 0.036         0.009 / 0.430         0.009 / 0.430       ms
[1010.170s][info   ][gc,stats    ]    Subphase: Pause Roots ObjectSynchronizer                0.000 / 0.000         0.001 / 0.001         0.001 / 0.011         0.001 / 0.011       ms
[1010.170s][info   ][gc,stats    ]    Subphase: Pause Roots Setup                             0.000 / 0.000         0.001 / 0.002         0.001 / 0.002         0.001 / 0.002       ms
[1010.170s][info   ][gc,stats    ]    Subphase: Pause Roots SystemDictionary                  0.000 / 0.000         0.022 / 0.171         0.036 / 0.734         0.036 / 0.734       ms
[1010.170s][info   ][gc,stats    ]    Subphase: Pause Roots Teardown                          0.000 / 0.000         0.003 / 0.008         0.004 / 0.009         0.004 / 0.009       ms
[1010.170s][info   ][gc,stats    ]    Subphase: Pause Roots Threads                           0.000 / 0.000         0.041 / 0.316         0.050 / 1.042         0.050 / 1.042       ms
[1010.170s][info   ][gc,stats    ]    Subphase: Pause Roots Universe                          0.000 / 0.000         0.007 / 0.021         0.013 / 0.626         0.013 / 0.626       ms
[1010.170s][info   ][gc,stats    ]    Subphase: Pause Weak Roots                              0.000 / 0.000         0.001 / 0.025         0.001 / 0.025         0.001 / 0.025       ms
[1010.170s][info   ][gc,stats    ]    Subphase: Pause Weak Roots JFRWeak                      0.000 / 0.000         0.001 / 0.002         0.001 / 0.002         0.001 / 0.002       ms
[1010.170s][info   ][gc,stats    ]    Subphase: Pause Weak Roots JVMTIWeakExport              0.000 / 0.000         0.001 / 0.002         0.001 / 0.002         0.001 / 0.002       ms
[1010.170s][info   ][gc,stats    ]    Subphase: Pause Weak Roots Setup                        0.000 / 0.000         0.001 / 0.001         0.001 / 0.001         0.001 / 0.001       ms
[1010.170s][info   ][gc,stats    ]    Subphase: Pause Weak Roots Teardown                     0.000 / 0.000         0.001 / 0.002         0.001 / 0.004         0.001 / 0.004       ms
[1010.170s][info   ][gc,stats    ]      System: Java Threads                                      0 / 0                61 / 62               60 / 65               60 / 65          threads
[1010.170s][info   ][gc,stats    ] =========================================================================================================================================================
[1010.770s][info   ][gc,start    ] GC(53) Garbage Collection (Proactive)
[1010.771s][info   ][gc,phases   ] GC(53) Pause Mark Start 0.225ms
[1010.962s][info   ][gc,phases   ] GC(53) Concurrent Mark 191.048ms
[1010.963s][info   ][gc,phases   ] GC(53) Pause Mark End 1.174ms
[1010.964s][info   ][gc,phases   ] GC(53) Concurrent Mark Continue 1.268ms
[1010.965s][info   ][gc,phases   ] GC(53) Pause Mark End 0.150ms
[1010.966s][info   ][gc,phases   ] GC(53) Concurrent Process Non-Strong References 1.585ms
[1010.968s][info   ][gc,phases   ] GC(53) Concurrent Reset Relocation Set 1.322ms
[1010.968s][info   ][gc,phases   ] GC(53) Concurrent Destroy Detached Pages 0.001ms
[1010.971s][info   ][gc,phases   ] GC(53) Concurrent Select Relocation Set 3.022ms
[1010.981s][info   ][gc,phases   ] GC(53) Concurrent Prepare Relocation Set 10.036ms
[1010.981s][info   ][gc,phases   ] GC(53) Pause Relocate Start 0.160ms
[1011.076s][info   ][gc,phases   ] GC(53) Concurrent Relocate 95.150ms
[1011.076s][info   ][gc,load     ] GC(53) Load: 3.60/3.92/2.62
[1011.076s][info   ][gc,mmu      ] GC(53) MMU: 2ms/30.0%, 5ms/69.9%, 10ms/81.7%, 20ms/87.7%, 50ms/95.1%, 100ms/97.5%
[1011.076s][info   ][gc,marking  ] GC(53) Mark: 8 stripe(s), 11 proactive flush(es), 3 terminate flush(es), 1 completion(s), 1 continuation(s) 
[1011.076s][info   ][gc,reloc    ] GC(53) Relocation: Successful, 1316M relocated
[1011.076s][info   ][gc,nmethod  ] GC(53) NMethods: 5665 registered, 1191 unregistered
[1011.076s][info   ][gc,metaspace] GC(53) Metaspace: 40M used, 41M capacity, 41M committed, 42M reserved
[1011.076s][info   ][gc,ref      ] GC(53) Soft: 3327 encountered, 0 discovered, 0 enqueued
[1011.076s][info   ][gc,ref      ] GC(53) Weak: 1530 encountered, 222 discovered, 0 enqueued
[1011.076s][info   ][gc,ref      ] GC(53) Final: 30 encountered, 7 discovered, 3 enqueued
[1011.076s][info   ][gc,ref      ] GC(53) Phantom: 120 encountered, 108 discovered, 0 enqueued
[1011.077s][info   ][gc,heap     ] GC(53)                Mark Start          Mark End        Relocate Start      Relocate End           High               Low         
[1011.077s][info   ][gc,heap     ] GC(53)  Capacity:    30390M (30%)       30390M (30%)       30390M (30%)       30390M (30%)       30390M (30%)       30390M (30%)    
[1011.077s][info   ][gc,heap     ] GC(53)   Reserve:       80M (0%)           80M (0%)           80M (0%)           80M (0%)           80M (0%)           80M (0%)     
[1011.077s][info   ][gc,heap     ] GC(53)      Free:    86098M (86%)       85910M (86%)       89652M (89%)       96314M (96%)       96314M (96%)       85906M (86%)    
[1011.077s][info   ][gc,heap     ] GC(53)      Used:    14174M (14%)       14362M (14%)       10620M (11%)        3958M (4%)        14366M (14%)        3958M (4%)     
[1011.077s][info   ][gc,heap     ] GC(53)      Live:         -              3497M (3%)         3497M (3%)         3497M (3%)             -                  -          
[1011.077s][info   ][gc,heap     ] GC(53) Allocated:         -               188M (0%)          192M (0%)         1482M (1%)             -                  -          
[1011.077s][info   ][gc,heap     ] GC(53)   Garbage:         -             10676M (11%)        6930M (7%)          220M (0%)             -                  -          
[1011.077s][info   ][gc,heap     ] GC(53) Reclaimed:         -                  -              3746M (4%)        10456M (10%)            -                  -          
[1011.077s][info   ][gc          ] GC(53) Garbage Collection (Proactive) 14174M(14%)->3958M(4%)
[1020.169s][info   ][gc,stats    ] === Garbage Collection Statistics =======================================================================================================================
[1020.169s][info   ][gc,stats    ]                                                              Last 10s              Last 10m              Last 10h                Total
[1020.169s][info   ][gc,stats    ]                                                              Avg / Max             Avg / Max             Avg / Max             Avg / Max
[1020.169s][info   ][gc,stats    ]   Collector: Garbage Collection Cycle                    306.334 / 306.334     319.974 / 354.075     326.328 / 515.532     326.328 / 515.532     ms
[1020.169s][info   ][gc,stats    ]  Contention: Mark Segment Reset Contention                    19 / 192              13 / 397              15 / 850              15 / 850         ops/s
[1020.169s][info   ][gc,stats    ]  Contention: Mark SeqNum Reset Contention                      0 / 2                 0 / 3                 0 / 9                 0 / 9           ops/s
[1020.169s][info   ][gc,stats    ]  Contention: Relocation Contention                             0 / 6                 1 / 228               0 / 228               0 / 228         ops/s
[1020.169s][info   ][gc,stats    ]    Critical: Allocation Stall                              0.000 / 0.000         0.000 / 0.000         0.000 / 0.000         0.000 / 0.000       ms
[1020.169s][info   ][gc,stats    ]    Critical: Allocation Stall                                  0 / 0                 0 / 0                 0 / 0                 0 / 0           ops/s
[1020.169s][info   ][gc,stats    ]    Critical: GC Locker Stall                               0.000 / 0.000         0.000 / 0.000         0.000 / 0.000         0.000 / 0.000       ms
[1020.169s][info   ][gc,stats    ]    Critical: GC Locker Stall                                   0 / 0                 0 / 0                 0 / 0                 0 / 0           ops/s
[1020.169s][info   ][gc,stats    ]      Memory: Allocation Rate                                 633 / 704             623 / 848             620 / 1436            620 / 1436        MB/s
[1020.169s][info   ][gc,stats    ]      Memory: Heap Used After Mark                          14362 / 14362         14462 / 15376         15298 / 30288         15298 / 30288       MB
[1020.169s][info   ][gc,stats    ]      Memory: Heap Used After Relocation                     3958 / 3958           3969 / 4042           3836 / 4228           3836 / 4228        MB
[1020.169s][info   ][gc,stats    ]      Memory: Heap Used Before Mark                         14174 / 14174         14275 / 15194         15116 / 30112         15116 / 30112       MB
[1020.169s][info   ][gc,stats    ]      Memory: Heap Used Before Relocation                   10620 / 10620         10661 / 11370         11060 / 20378         11060 / 20378       MB
[1020.169s][info   ][gc,stats    ]      Memory: Out Of Memory                                     0 / 0                 0 / 0                 0 / 0                 0 / 0           ops/s
[1020.169s][info   ][gc,stats    ]      Memory: Page Cache Flush                                  0 / 0                 0 / 0                 0 / 0                 0 / 0           MB/s
[1020.170s][info   ][gc,stats    ]      Memory: Page Cache Hit L1                               366 / 939             338 / 1056            320 / 1642            320 / 1642        ops/s
[1020.170s][info   ][gc,stats    ]      Memory: Page Cache Hit L2                                 0 / 0                 0 / 0                 0 / 179               0 / 179         ops/s
[1020.170s][info   ][gc,stats    ]      Memory: Page Cache Miss                                   0 / 0                 0 / 0                14 / 341              14 / 341         ops/s
[1020.170s][info   ][gc,stats    ]      Memory: Undo Object Allocation Failed                     0 / 0                 0 / 0                 0 / 0                 0 / 0           ops/s
[1020.170s][info   ][gc,stats    ]      Memory: Undo Object Allocation Succeeded                  0 / 6                 1 / 228               0 / 228               0 / 228         ops/s
[1020.170s][info   ][gc,stats    ]      Memory: Undo Page Allocation                              0 / 0                 0 / 0                 0 / 69                0 / 69          ops/s
[1020.170s][info   ][gc,stats    ]       Phase: Concurrent Destroy Detached Pages             0.001 / 0.001         0.001 / 0.001         0.001 / 0.001         0.001 / 0.001       ms
[1020.170s][info   ][gc,stats    ]       Phase: Concurrent Mark                             191.048 / 191.048     194.996 / 207.160     195.943 / 275.553     195.943 / 275.553     ms
[1020.170s][info   ][gc,stats    ]       Phase: Concurrent Mark Continue                      1.268 / 1.268         1.301 / 1.335         1.340 / 1.416         1.340 / 1.416       ms
[1020.170s][info   ][gc,stats    ]       Phase: Concurrent Prepare Relocation Set            10.036 / 10.036       14.466 / 29.002       20.556 / 89.649       20.556 / 89.649      ms
[1020.170s][info   ][gc,stats    ]       Phase: Concurrent Process Non-Strong References      1.585 / 1.585         1.667 / 1.922         2.326 / 19.270        2.326 / 19.270      ms
[1020.170s][info   ][gc,stats    ]       Phase: Concurrent Relocate                          95.150 / 95.150      101.956 / 115.167      99.323 / 165.671      99.323 / 165.671     ms
[1020.170s][info   ][gc,stats    ]       Phase: Concurrent Reset Relocation Set               1.322 / 1.322         1.605 / 2.283         2.234 / 14.653        2.234 / 14.653      ms
[1020.170s][info   ][gc,stats    ]       Phase: Concurrent Select Relocation Set              3.022 / 3.022         3.078 / 11.393        3.561 / 12.148        3.561 / 12.148      ms
[1020.170s][info   ][gc,stats    ]       Phase: Pause Mark End                                0.662 / 1.174         0.661 / 1.288         0.708 / 1.288         0.708 / 1.288       ms
[1020.170s][info   ][gc,stats    ]       Phase: Pause Mark Start                              0.225 / 0.225         0.200 / 0.678         0.277 / 1.400         0.277 / 1.400       ms
[1020.170s][info   ][gc,stats    ]       Phase: Pause Relocate Start                          0.160 / 0.160         0.189 / 0.265         0.210 / 1.025         0.210 / 1.025       ms
[1020.170s][info   ][gc,stats    ]       Phase: Pause Verify                                  0.000 / 0.000         0.000 / 0.000         0.000 / 0.000         0.000 / 0.000       ms
[1020.170s][info   ][gc,stats    ]    Subphase: Concurrent Classes Unload                     1.303 / 1.303         1.362 / 1.578         1.961 / 18.723        1.961 / 18.723      ms
[1020.170s][info   ][gc,stats    ]    Subphase: Concurrent Mark                              95.438 / 190.327     183.314 / 206.489     184.287 / 273.889     184.287 / 273.889     ms
[1020.170s][info   ][gc,stats    ]    Subphase: Concurrent Mark Idle                          1.139 / 1.161         1.136 / 1.413         1.137 / 1.413         1.137 / 1.413       ms
[1020.170s][info   ][gc,stats    ]    Subphase: Concurrent Mark Try Flush                     0.067 / 0.110         0.072 / 0.324         0.075 / 0.545         0.075 / 0.545       ms
[1020.170s][info   ][gc,stats    ]    Subphase: Concurrent Mark Try Terminate                 1.133 / 1.165         1.134 / 1.418         1.135 / 1.418         1.135 / 1.418       ms
[1020.170s][info   ][gc,stats    ]    Subphase: Concurrent References Enqueue                 0.005 / 0.005         0.005 / 0.007         0.005 / 0.008         0.005 / 0.008       ms
[1020.170s][info   ][gc,stats    ]    Subphase: Concurrent References Process                 0.054 / 0.054         0.062 / 0.104         0.069 / 0.140         0.069 / 0.140       ms
[1020.170s][info   ][gc,stats    ]    Subphase: Concurrent Roots                              0.071 / 0.422         0.069 / 0.885         0.085 / 2.807         0.085 / 2.807       ms
[1020.170s][info   ][gc,stats    ]    Subphase: Concurrent Roots ClassLoaderDataGraph         0.061 / 0.419         0.062 / 0.882         0.075 / 2.804         0.075 / 2.804       ms
[1020.170s][info   ][gc,stats    ]    Subphase: Concurrent Roots JNIHandles                   0.011 / 0.028         0.010 / 0.069         0.024 / 0.551         0.024 / 0.551       ms
[1020.170s][info   ][gc,stats    ]    Subphase: Concurrent Roots Setup                        0.083 / 0.083         0.137 / 1.420         0.202 / 1.622         0.202 / 1.622       ms
[1020.170s][info   ][gc,stats    ]    Subphase: Concurrent Roots Teardown                     0.001 / 0.001         0.001 / 0.001         0.001 / 0.001         0.001 / 0.001       ms
[1020.170s][info   ][gc,stats    ]    Subphase: Concurrent Weak Roots                         0.169 / 0.187         0.181 / 0.273         0.220 / 1.376         0.220 / 1.376       ms
[1020.170s][info   ][gc,stats    ]    Subphase: Concurrent Weak Roots JNIWeakHandles          0.002 / 0.004         0.002 / 0.012         0.002 / 0.073         0.002 / 0.073       ms
[1020.170s][info   ][gc,stats    ]    Subphase: Concurrent Weak Roots StringTable             0.142 / 0.145         0.154 / 0.264         0.193 / 1.327         0.193 / 1.327       ms
[1020.170s][info   ][gc,stats    ]    Subphase: Concurrent Weak Roots VMWeakHandles           0.024 / 0.040         0.022 / 0.052         0.023 / 0.052         0.023 / 0.052       ms
[1020.170s][info   ][gc,stats    ]    Subphase: Pause Mark Try Complete                       0.143 / 1.028         0.126 / 1.028         0.157 / 1.028         0.157 / 1.028       ms
[1020.170s][info   ][gc,stats    ]    Subphase: Pause Roots                                   0.029 / 0.148         0.034 / 0.329         0.042 / 1.060         0.042 / 1.060       ms
[1020.170s][info   ][gc,stats    ]    Subphase: Pause Roots CodeCache                         0.000 / 0.000         0.000 / 0.000         0.000 / 0.000         0.000 / 0.000       ms
[1020.170s][info   ][gc,stats    ]    Subphase: Pause Roots JVMTIExport                       0.001 / 0.001         0.001 / 0.002         0.002 / 0.017         0.002 / 0.017       ms
[1020.170s][info   ][gc,stats    ]    Subphase: Pause Roots JVMTIWeakExport                   0.002 / 0.002         0.001 / 0.002         0.001 / 0.002         0.001 / 0.002       ms
[1020.170s][info   ][gc,stats    ]    Subphase: Pause Roots Management                        0.003 / 0.003         0.004 / 0.036         0.009 / 0.430         0.009 / 0.430       ms
[1020.170s][info   ][gc,stats    ]    Subphase: Pause Roots ObjectSynchronizer                0.001 / 0.001         0.001 / 0.001         0.001 / 0.011         0.001 / 0.011       ms
[1020.170s][info   ][gc,stats    ]    Subphase: Pause Roots Setup                             0.001 / 0.001         0.001 / 0.002         0.001 / 0.002         0.001 / 0.002       ms
[1020.170s][info   ][gc,stats    ]    Subphase: Pause Roots SystemDictionary                  0.014 / 0.015         0.021 / 0.171         0.035 / 0.734         0.035 / 0.734       ms
[1020.170s][info   ][gc,stats    ]    Subphase: Pause Roots Teardown                          0.003 / 0.005         0.003 / 0.008         0.004 / 0.009         0.004 / 0.009       ms
[1020.170s][info   ][gc,stats    ]    Subphase: Pause Roots Threads                           0.035 / 0.146         0.041 / 0.316         0.050 / 1.042         0.050 / 1.042       ms
[1020.170s][info   ][gc,stats    ]    Subphase: Pause Roots Universe                          0.004 / 0.006         0.007 / 0.021         0.013 / 0.626         0.013 / 0.626       ms
[1020.170s][info   ][gc,stats    ]    Subphase: Pause Weak Roots                              0.001 / 0.003         0.001 / 0.025         0.001 / 0.025         0.001 / 0.025       ms
[1020.170s][info   ][gc,stats    ]    Subphase: Pause Weak Roots JFRWeak                      0.002 / 0.002         0.001 / 0.002         0.001 / 0.002         0.001 / 0.002       ms
[1020.170s][info   ][gc,stats    ]    Subphase: Pause Weak Roots JVMTIWeakExport              0.001 / 0.001         0.001 / 0.002         0.001 / 0.002         0.001 / 0.002       ms
[1020.170s][info   ][gc,stats    ]    Subphase: Pause Weak Roots Setup                        0.001 / 0.001         0.001 / 0.001         0.001 / 0.001         0.001 / 0.001       ms
[1020.170s][info   ][gc,stats    ]    Subphase: Pause Weak Roots Teardown                     0.001 / 0.001         0.001 / 0.002         0.001 / 0.004         0.001 / 0.004       ms
[1020.170s][info   ][gc,stats    ]      System: Java Threads                                     62 / 62               61 / 62               60 / 65               60 / 65          threads
[1020.170s][info   ][gc,stats    ] =========================================================================================================================================================
[1027.270s][info   ][gc,start    ] GC(54) Garbage Collection (Proactive)
[1027.270s][info   ][gc,phases   ] GC(54) Pause Mark Start 0.167ms
[1027.460s][info   ][gc,phases   ] GC(54) Concurrent Mark 189.567ms
[1027.461s][info   ][gc,phases   ] GC(54) Pause Mark End 0.559ms
[1027.463s][info   ][gc,phases   ] GC(54) Concurrent Process Non-Strong References 1.689ms
[1027.464s][info   ][gc,phases   ] GC(54) Concurrent Reset Relocation Set 1.259ms
[1027.464s][info   ][gc,phases   ] GC(54) Concurrent Destroy Detached Pages 0.001ms
[1027.466s][info   ][gc,phases   ] GC(54) Concurrent Select Relocation Set 2.288ms
[1027.476s][info   ][gc,phases   ] GC(54) Concurrent Prepare Relocation Set 9.904ms
[1027.477s][info   ][gc,phases   ] GC(54) Pause Relocate Start 0.158ms
[1027.573s][info   ][gc,phases   ] GC(54) Concurrent Relocate 96.316ms
[1027.573s][info   ][gc,load     ] GC(54) Load: 3.61/3.90/2.64
[1027.573s][info   ][gc,mmu      ] GC(54) MMU: 2ms/30.0%, 5ms/69.9%, 10ms/81.7%, 20ms/87.7%, 50ms/95.1%, 100ms/97.5%
[1027.573s][info   ][gc,marking  ] GC(54) Mark: 8 stripe(s), 10 proactive flush(es), 2 terminate flush(es), 1 completion(s), 0 continuation(s) 
[1027.573s][info   ][gc,reloc    ] GC(54) Relocation: Successful, 1345M relocated
[1027.573s][info   ][gc,nmethod  ] GC(54) NMethods: 5665 registered, 1194 unregistered
[1027.573s][info   ][gc,metaspace] GC(54) Metaspace: 40M used, 41M capacity, 41M committed, 42M reserved
[1027.573s][info   ][gc,ref      ] GC(54) Soft: 3327 encountered, 0 discovered, 0 enqueued
[1027.573s][info   ][gc,ref      ] GC(54) Weak: 1530 encountered, 586 discovered, 0 enqueued
[1027.573s][info   ][gc,ref      ] GC(54) Final: 30 encountered, 3 discovered, 3 enqueued
[1027.573s][info   ][gc,ref      ] GC(54) Phantom: 120 encountered, 100 discovered, 0 enqueued
[1027.573s][info   ][gc,heap     ] GC(54)                Mark Start          Mark End        Relocate Start      Relocate End           High               Low         
[1027.573s][info   ][gc,heap     ] GC(54)  Capacity:    30390M (30%)       30390M (30%)       30390M (30%)       30390M (30%)       30390M (30%)       30390M (30%)    
[1027.573s][info   ][gc,heap     ] GC(54)   Reserve:       80M (0%)           80M (0%)           80M (0%)           80M (0%)           80M (0%)           80M (0%)     
[1027.573s][info   ][gc,heap     ] GC(54)      Free:    86218M (86%)       86050M (86%)       89814M (89%)       96332M (96%)       96332M (96%)       86044M (86%)    
[1027.573s][info   ][gc,heap     ] GC(54)      Used:    14054M (14%)       14222M (14%)       10458M (10%)        3940M (4%)        14228M (14%)        3940M (4%)     
[1027.573s][info   ][gc,heap     ] GC(54)      Live:         -              3503M (3%)         3503M (3%)         3503M (3%)             -                  -          
[1027.573s][info   ][gc,heap     ] GC(54) Allocated:         -               168M (0%)          182M (0%)         1448M (1%)             -                  -          
[1027.573s][info   ][gc,heap     ] GC(54)   Garbage:         -             10550M (11%)        6772M (7%)          224M (0%)             -                  -          
[1027.573s][info   ][gc,heap     ] GC(54) Reclaimed:         -                  -              3778M (4%)        10326M (10%)            -                  -          
[1027.573s][info   ][gc          ] GC(54) Garbage Collection (Proactive) 14054M(14%)->3940M(4%)
[1030.169s][info   ][gc,stats    ] === Garbage Collection Statistics =======================================================================================================================
[1030.169s][info   ][gc,stats    ]                                                              Last 10s              Last 10m              Last 10h                Total
[1030.169s][info   ][gc,stats    ]                                                              Avg / Max             Avg / Max             Avg / Max             Avg / Max
[1030.169s][info   ][gc,stats    ]   Collector: Garbage Collection Cycle                    302.950 / 302.950     319.501 / 354.075     325.903 / 515.532     325.903 / 515.532     ms
[1030.169s][info   ][gc,stats    ]  Contention: Mark Segment Reset Contention                    19 / 198              13 / 397              15 / 850              15 / 850         ops/s
[1030.169s][info   ][gc,stats    ]  Contention: Mark SeqNum Reset Contention                      0 / 0                 0 / 3                 0 / 9                 0 / 9           ops/s
[1030.169s][info   ][gc,stats    ]  Contention: Relocation Contention                             0 / 2                 1 / 228               0 / 228               0 / 228         ops/s
[1030.169s][info   ][gc,stats    ]    Critical: Allocation Stall                              0.000 / 0.000         0.000 / 0.000         0.000 / 0.000         0.000 / 0.000       ms
[1030.169s][info   ][gc,stats    ]    Critical: Allocation Stall                                  0 / 0                 0 / 0                 0 / 0                 0 / 0           ops/s
[1030.169s][info   ][gc,stats    ]    Critical: GC Locker Stall                               0.000 / 0.000         0.000 / 0.000         0.000 / 0.000         0.000 / 0.000       ms
[1030.169s][info   ][gc,stats    ]    Critical: GC Locker Stall                                   0 / 0                 0 / 0                 0 / 0                 0 / 0           ops/s
[1030.169s][info   ][gc,stats    ]      Memory: Allocation Rate                                 604 / 714             623 / 848             620 / 1436            620 / 1436        MB/s
[1030.169s][info   ][gc,stats    ]      Memory: Heap Used After Mark                          14222 / 14222         14455 / 15376         15279 / 30288         15279 / 30288       MB
[1030.169s][info   ][gc,stats    ]      Memory: Heap Used After Relocation                     3940 / 3940           3968 / 4042           3838 / 4228           3838 / 4228        MB
[1030.169s][info   ][gc,stats    ]      Memory: Heap Used Before Mark                         14054 / 14054         14269 / 15194         15096 / 30112         15096 / 30112       MB
[1030.169s][info   ][gc,stats    ]      Memory: Heap Used Before Relocation                   10458 / 10458         10656 / 11370         11049 / 20378         11049 / 20378       MB
[1030.169s][info   ][gc,stats    ]      Memory: Out Of Memory                                     0 / 0                 0 / 0                 0 / 0                 0 / 0           ops/s
[1030.169s][info   ][gc,stats    ]      Memory: Page Cache Flush                                  0 / 0                 0 / 0                 0 / 0                 0 / 0           MB/s
[1030.169s][info   ][gc,stats    ]      Memory: Page Cache Hit L1                               353 / 870             339 / 1056            321 / 1642            321 / 1642        ops/s
[1030.169s][info   ][gc,stats    ]      Memory: Page Cache Hit L2                                 0 / 0                 0 / 0                 0 / 179               0 / 179         ops/s
[1030.169s][info   ][gc,stats    ]      Memory: Page Cache Miss                                   0 / 0                 0 / 0                14 / 341              14 / 341         ops/s
[1030.169s][info   ][gc,stats    ]      Memory: Undo Object Allocation Failed                     0 / 0                 0 / 0                 0 / 0                 0 / 0           ops/s
[1030.169s][info   ][gc,stats    ]      Memory: Undo Object Allocation Succeeded                  0 / 2                 1 / 228               0 / 228               0 / 228         ops/s
[1030.169s][info   ][gc,stats    ]      Memory: Undo Page Allocation                              0 / 0                 0 / 0                 0 / 69                0 / 69          ops/s
[1030.170s][info   ][gc,stats    ]       Phase: Concurrent Destroy Detached Pages             0.001 / 0.001         0.001 / 0.001         0.001 / 0.001         0.001 / 0.001       ms
[1030.170s][info   ][gc,stats    ]       Phase: Concurrent Mark                             189.567 / 189.567     194.846 / 207.160     195.828 / 275.553     195.828 / 275.553     ms
[1030.170s][info   ][gc,stats    ]       Phase: Concurrent Mark Continue                      0.000 / 0.000         1.301 / 1.335         1.340 / 1.416         1.340 / 1.416       ms
[1030.170s][info   ][gc,stats    ]       Phase: Concurrent Prepare Relocation Set             9.904 / 9.904        14.339 / 29.002       20.362 / 89.649       20.362 / 89.649      ms
[1030.170s][info   ][gc,stats    ]       Phase: Concurrent Process Non-Strong References      1.689 / 1.689         1.667 / 1.922         2.314 / 19.270        2.314 / 19.270      ms
[1030.170s][info   ][gc,stats    ]       Phase: Concurrent Relocate                          96.316 / 96.316      101.799 / 115.167      99.268 / 165.671      99.268 / 165.671     ms
[1030.170s][info   ][gc,stats    ]       Phase: Concurrent Reset Relocation Set               1.259 / 1.259         1.595 / 2.283         2.217 / 14.653        2.217 / 14.653      ms
[1030.170s][info   ][gc,stats    ]       Phase: Concurrent Select Relocation Set              2.288 / 2.288         3.056 / 11.393        3.537 / 12.148        3.537 / 12.148      ms
[1030.170s][info   ][gc,stats    ]       Phase: Pause Mark End                                0.559 / 0.559         0.658 / 1.288         0.705 / 1.288         0.705 / 1.288       ms
[1030.170s][info   ][gc,stats    ]       Phase: Pause Mark Start                              0.167 / 0.167         0.199 / 0.678         0.275 / 1.400         0.275 / 1.400       ms
[1030.170s][info   ][gc,stats    ]       Phase: Pause Relocate Start                          0.158 / 0.158         0.188 / 0.265         0.209 / 1.025         0.209 / 1.025       ms
[1030.170s][info   ][gc,stats    ]       Phase: Pause Verify                                  0.000 / 0.000         0.000 / 0.000         0.000 / 0.000         0.000 / 0.000       ms
[1030.170s][info   ][gc,stats    ]    Subphase: Concurrent Classes Unload                     1.332 / 1.332         1.361 / 1.578         1.950 / 18.723        1.950 / 18.723      ms
[1030.170s][info   ][gc,stats    ]    Subphase: Concurrent Mark                             188.516 / 188.850     183.451 / 206.489     184.360 / 273.889     184.360 / 273.889     ms
[1030.170s][info   ][gc,stats    ]    Subphase: Concurrent Mark Idle                          1.138 / 1.166         1.136 / 1.413         1.137 / 1.413         1.137 / 1.413       ms
[1030.170s][info   ][gc,stats    ]    Subphase: Concurrent Mark Try Flush                     0.066 / 0.130         0.071 / 0.324         0.075 / 0.545         0.075 / 0.545       ms
[1030.170s][info   ][gc,stats    ]    Subphase: Concurrent Mark Try Terminate                 1.136 / 1.169         1.134 / 1.418         1.135 / 1.418         1.135 / 1.418       ms
[1030.170s][info   ][gc,stats    ]    Subphase: Concurrent References Enqueue                 0.004 / 0.004         0.005 / 0.007         0.005 / 0.008         0.005 / 0.008       ms
[1030.170s][info   ][gc,stats    ]    Subphase: Concurrent References Process                 0.076 / 0.076         0.063 / 0.104         0.070 / 0.140         0.070 / 0.140       ms
[1030.170s][info   ][gc,stats    ]    Subphase: Concurrent Roots                              0.070 / 0.436         0.069 / 0.885         0.085 / 2.807         0.085 / 2.807       ms
[1030.170s][info   ][gc,stats    ]    Subphase: Concurrent Roots ClassLoaderDataGraph         0.061 / 0.433         0.062 / 0.882         0.075 / 2.804         0.075 / 2.804       ms
[1030.170s][info   ][gc,stats    ]    Subphase: Concurrent Roots JNIHandles                   0.010 / 0.015         0.010 / 0.069         0.023 / 0.551         0.023 / 0.551       ms
[1030.170s][info   ][gc,stats    ]    Subphase: Concurrent Roots Setup                        0.083 / 0.083         0.135 / 1.420         0.200 / 1.622         0.200 / 1.622       ms
[1030.170s][info   ][gc,stats    ]    Subphase: Concurrent Roots Teardown                     0.001 / 0.001         0.001 / 0.001         0.001 / 0.001         0.001 / 0.001       ms
[1030.170s][info   ][gc,stats    ]    Subphase: Concurrent Weak Roots                         0.220 / 0.237         0.182 / 0.273         0.220 / 1.376         0.220 / 1.376       ms
[1030.170s][info   ][gc,stats    ]    Subphase: Concurrent Weak Roots JNIWeakHandles          0.003 / 0.007         0.002 / 0.012         0.002 / 0.073         0.002 / 0.073       ms
[1030.170s][info   ][gc,stats    ]    Subphase: Concurrent Weak Roots StringTable             0.189 / 0.193         0.155 / 0.264         0.193 / 1.327         0.193 / 1.327       ms
[1030.170s][info   ][gc,stats    ]    Subphase: Concurrent Weak Roots VMWeakHandles           0.027 / 0.045         0.023 / 0.052         0.023 / 0.052         0.023 / 0.052       ms
[1030.170s][info   ][gc,stats    ]    Subphase: Pause Mark Try Complete                       0.121 / 0.338         0.126 / 1.028         0.156 / 1.028         0.156 / 1.028       ms
[1030.170s][info   ][gc,stats    ]    Subphase: Pause Roots                                   0.034 / 0.109         0.034 / 0.329         0.042 / 1.060         0.042 / 1.060       ms
[1030.170s][info   ][gc,stats    ]    Subphase: Pause Roots CodeCache                         0.000 / 0.000         0.000 / 0.000         0.000 / 0.000         0.000 / 0.000       ms
[1030.170s][info   ][gc,stats    ]    Subphase: Pause Roots JVMTIExport                       0.001 / 0.002         0.001 / 0.002         0.002 / 0.017         0.002 / 0.017       ms
[1030.170s][info   ][gc,stats    ]    Subphase: Pause Roots JVMTIWeakExport                   0.001 / 0.001         0.001 / 0.002         0.001 / 0.002         0.001 / 0.002       ms
[1030.170s][info   ][gc,stats    ]    Subphase: Pause Roots Management                        0.004 / 0.005         0.004 / 0.036         0.009 / 0.430         0.009 / 0.430       ms
[1030.170s][info   ][gc,stats    ]    Subphase: Pause Roots ObjectSynchronizer                0.001 / 0.001         0.001 / 0.001         0.001 / 0.011         0.001 / 0.011       ms
[1030.170s][info   ][gc,stats    ]    Subphase: Pause Roots Setup                             0.001 / 0.001         0.001 / 0.002         0.001 / 0.002         0.001 / 0.002       ms
[1030.170s][info   ][gc,stats    ]    Subphase: Pause Roots SystemDictionary                  0.025 / 0.030         0.021 / 0.171         0.035 / 0.734         0.035 / 0.734       ms
[1030.170s][info   ][gc,stats    ]    Subphase: Pause Roots Teardown                          0.003 / 0.005         0.003 / 0.008         0.004 / 0.009         0.004 / 0.009       ms
[1030.170s][info   ][gc,stats    ]    Subphase: Pause Roots Threads                           0.041 / 0.101         0.041 / 0.316         0.050 / 1.042         0.050 / 1.042       ms
[1030.170s][info   ][gc,stats    ]    Subphase: Pause Roots Universe                          0.006 / 0.008         0.007 / 0.021         0.013 / 0.626         0.013 / 0.626       ms
[1030.170s][info   ][gc,stats    ]    Subphase: Pause Weak Roots                              0.001 / 0.005         0.001 / 0.025         0.001 / 0.025         0.001 / 0.025       ms
[1030.170s][info   ][gc,stats    ]    Subphase: Pause Weak Roots JFRWeak                      0.001 / 0.001         0.001 / 0.002         0.001 / 0.002         0.001 / 0.002       ms
[1030.170s][info   ][gc,stats    ]    Subphase: Pause Weak Roots JVMTIWeakExport              0.001 / 0.001         0.001 / 0.002         0.001 / 0.002         0.001 / 0.002       ms
[1030.170s][info   ][gc,stats    ]    Subphase: Pause Weak Roots Setup                        0.001 / 0.001         0.001 / 0.001         0.001 / 0.001         0.001 / 0.001       ms
[1030.170s][info   ][gc,stats    ]    Subphase: Pause Weak Roots Teardown                     0.001 / 0.001         0.001 / 0.002         0.001 / 0.004         0.001 / 0.004       ms
[1030.170s][info   ][gc,stats    ]      System: Java Threads                                     62 / 62               61 / 62               60 / 65               60 / 65          threads
[1030.170s][info   ][gc,stats    ] =========================================================================================================================================================
[1040.170s][info   ][gc,stats    ] === Garbage Collection Statistics =======================================================================================================================
[1040.170s][info   ][gc,stats    ]                                                              Last 10s              Last 10m              Last 10h                Total
[1040.170s][info   ][gc,stats    ]                                                              Avg / Max             Avg / Max             Avg / Max             Avg / Max
[1040.170s][info   ][gc,stats    ]   Collector: Garbage Collection Cycle                      0.000 / 0.000       320.149 / 354.075     325.903 / 515.532     325.903 / 515.532     ms
[1040.170s][info   ][gc,stats    ]  Contention: Mark Segment Reset Contention                     0 / 0                12 / 383              15 / 850              15 / 850         ops/s
[1040.170s][info   ][gc,stats    ]  Contention: Mark SeqNum Reset Contention                      0 / 0                 0 / 3                 0 / 9                 0 / 9           ops/s
[1040.170s][info   ][gc,stats    ]  Contention: Relocation Contention                             0 / 0                 1 / 228               0 / 228               0 / 228         ops/s
[1040.170s][info   ][gc,stats    ]    Critical: Allocation Stall                              0.000 / 0.000         0.000 / 0.000         0.000 / 0.000         0.000 / 0.000       ms
[1040.170s][info   ][gc,stats    ]    Critical: Allocation Stall                                  0 / 0                 0 / 0                 0 / 0                 0 / 0           ops/s
[1040.170s][info   ][gc,stats    ]    Critical: GC Locker Stall                               0.000 / 0.000         0.000 / 0.000         0.000 / 0.000         0.000 / 0.000       ms
[1040.170s][info   ][gc,stats    ]    Critical: GC Locker Stall                                   0 / 0                 0 / 0                 0 / 0                 0 / 0           ops/s
[1040.170s][info   ][gc,stats    ]      Memory: Allocation Rate                                 628 / 692             623 / 848             620 / 1436            620 / 1436        MB/s
[1040.170s][info   ][gc,stats    ]      Memory: Heap Used After Mark                              0 / 0             14459 / 15376         15279 / 30288         15279 / 30288       MB
[1040.170s][info   ][gc,stats    ]      Memory: Heap Used After Relocation                        0 / 0              3969 / 4042           3838 / 4228           3838 / 4228        MB
[1040.170s][info   ][gc,stats    ]      Memory: Heap Used Before Mark                             0 / 0             14273 / 15194         15096 / 30112         15096 / 30112       MB
[1040.170s][info   ][gc,stats    ]      Memory: Heap Used Before Relocation                       0 / 0             10658 / 11370         11049 / 20378         11049 / 20378       MB
[1040.170s][info   ][gc,stats    ]      Memory: Out Of Memory                                     0 / 0                 0 / 0                 0 / 0                 0 / 0           ops/s
[1040.170s][info   ][gc,stats    ]      Memory: Page Cache Flush                                  0 / 0                 0 / 0                 0 / 0                 0 / 0           MB/s
[1040.170s][info   ][gc,stats    ]      Memory: Page Cache Hit L1                               302 / 331             338 / 1056            321 / 1642            321 / 1642        ops/s
[1040.170s][info   ][gc,stats    ]      Memory: Page Cache Hit L2                                 0 / 0                 0 / 0                 0 / 179               0 / 179         ops/s
[1040.170s][info   ][gc,stats    ]      Memory: Page Cache Miss                                   0 / 0                 0 / 0                14 / 341              14 / 341         ops/s
[1040.170s][info   ][gc,stats    ]      Memory: Undo Object Allocation Failed                     0 / 0                 0 / 0                 0 / 0                 0 / 0           ops/s
[1040.170s][info   ][gc,stats    ]      Memory: Undo Object Allocation Succeeded                  0 / 0                 1 / 228               0 / 228               0 / 228         ops/s
[1040.170s][info   ][gc,stats    ]      Memory: Undo Page Allocation                              0 / 0                 0 / 0                 0 / 69                0 / 69          ops/s
[1040.170s][info   ][gc,stats    ]       Phase: Concurrent Destroy Detached Pages             0.000 / 0.000         0.001 / 0.001         0.001 / 0.001         0.001 / 0.001       ms
[1040.170s][info   ][gc,stats    ]       Phase: Concurrent Mark                               0.000 / 0.000       194.916 / 207.160     195.828 / 275.553     195.828 / 275.553     ms
[1040.170s][info   ][gc,stats    ]       Phase: Concurrent Mark Continue                      0.000 / 0.000         1.301 / 1.335         1.340 / 1.416         1.340 / 1.416       ms
[1040.170s][info   ][gc,stats    ]       Phase: Concurrent Prepare Relocation Set             0.000 / 0.000        14.338 / 29.002       20.362 / 89.649       20.362 / 89.649      ms
[1040.170s][info   ][gc,stats    ]       Phase: Concurrent Process Non-Strong References      0.000 / 0.000         1.660 / 1.910         2.314 / 19.270        2.314 / 19.270      ms
[1040.170s][info   ][gc,stats    ]       Phase: Concurrent Relocate                           0.000 / 0.000       102.376 / 115.167      99.268 / 165.671      99.268 / 165.671     ms
[1040.170s][info   ][gc,stats    ]       Phase: Concurrent Reset Relocation Set               0.000 / 0.000         1.580 / 2.283         2.217 / 14.653        2.217 / 14.653      ms
[1040.170s][info   ][gc,stats    ]       Phase: Concurrent Select Relocation Set              0.000 / 0.000         3.081 / 11.393        3.537 / 12.148        3.537 / 12.148      ms
[1040.170s][info   ][gc,stats    ]       Phase: Pause Mark End                                0.000 / 0.000         0.656 / 1.288         0.705 / 1.288         0.705 / 1.288       ms
[1040.170s][info   ][gc,stats    ]       Phase: Pause Mark Start                              0.000 / 0.000         0.199 / 0.678         0.275 / 1.400         0.275 / 1.400       ms
[1040.170s][info   ][gc,stats    ]       Phase: Pause Relocate Start                          0.000 / 0.000         0.189 / 0.265         0.209 / 1.025         0.209 / 1.025       ms
[1040.170s][info   ][gc,stats    ]       Phase: Pause Verify                                  0.000 / 0.000         0.000 / 0.000         0.000 / 0.000         0.000 / 0.000       ms
[1040.170s][info   ][gc,stats    ]    Subphase: Concurrent Classes Unload                     0.000 / 0.000         1.355 / 1.565         1.950 / 18.723        1.950 / 18.723      ms
[1040.170s][info   ][gc,stats    ]    Subphase: Concurrent Mark                               0.000 / 0.000       183.247 / 206.489     184.360 / 273.889     184.360 / 273.889     ms
[1040.170s][info   ][gc,stats    ]    Subphase: Concurrent Mark Idle                          0.000 / 0.000         1.136 / 1.413         1.137 / 1.413         1.137 / 1.413       ms
[1040.170s][info   ][gc,stats    ]    Subphase: Concurrent Mark Try Flush                     0.000 / 0.000         0.071 / 0.324         0.075 / 0.545         0.075 / 0.545       ms
[1040.170s][info   ][gc,stats    ]    Subphase: Concurrent Mark Try Terminate                 0.000 / 0.000         1.134 / 1.418         1.135 / 1.418         1.135 / 1.418       ms
[1040.170s][info   ][gc,stats    ]    Subphase: Concurrent References Enqueue                 0.000 / 0.000         0.005 / 0.007         0.005 / 0.008         0.005 / 0.008       ms
[1040.170s][info   ][gc,stats    ]    Subphase: Concurrent References Process                 0.000 / 0.000         0.062 / 0.104         0.070 / 0.140         0.070 / 0.140       ms
[1040.170s][info   ][gc,stats    ]    Subphase: Concurrent Roots                              0.000 / 0.000         0.069 / 0.885         0.085 / 2.807         0.085 / 2.807       ms
[1040.170s][info   ][gc,stats    ]    Subphase: Concurrent Roots ClassLoaderDataGraph         0.000 / 0.000         0.061 / 0.882         0.075 / 2.804         0.075 / 2.804       ms
[1040.170s][info   ][gc,stats    ]    Subphase: Concurrent Roots JNIHandles                   0.000 / 0.000         0.010 / 0.069         0.023 / 0.551         0.023 / 0.551       ms
[1040.170s][info   ][gc,stats    ]    Subphase: Concurrent Roots Setup                        0.000 / 0.000         0.136 / 1.420         0.200 / 1.622         0.200 / 1.622       ms
[1040.170s][info   ][gc,stats    ]    Subphase: Concurrent Roots Teardown                     0.000 / 0.000         0.001 / 0.001         0.001 / 0.001         0.001 / 0.001       ms
[1040.170s][info   ][gc,stats    ]    Subphase: Concurrent Weak Roots                         0.000 / 0.000         0.181 / 0.273         0.220 / 1.376         0.220 / 1.376       ms
[1040.170s][info   ][gc,stats    ]    Subphase: Concurrent Weak Roots JNIWeakHandles          0.000 / 0.000         0.002 / 0.012         0.002 / 0.073         0.002 / 0.073       ms
[1040.170s][info   ][gc,stats    ]    Subphase: Concurrent Weak Roots StringTable             0.000 / 0.000         0.155 / 0.264         0.193 / 1.327         0.193 / 1.327       ms
[1040.170s][info   ][gc,stats    ]    Subphase: Concurrent Weak Roots VMWeakHandles           0.000 / 0.000         0.023 / 0.052         0.023 / 0.052         0.023 / 0.052       ms
[1040.170s][info   ][gc,stats    ]    Subphase: Pause Mark Try Complete                       0.000 / 0.000         0.125 / 1.028         0.156 / 1.028         0.156 / 1.028       ms
[1040.170s][info   ][gc,stats    ]    Subphase: Pause Roots                                   0.000 / 0.000         0.035 / 0.329         0.042 / 1.060         0.042 / 1.060       ms
[1040.170s][info   ][gc,stats    ]    Subphase: Pause Roots CodeCache                         0.000 / 0.000         0.000 / 0.000         0.000 / 0.000         0.000 / 0.000       ms
[1040.170s][info   ][gc,stats    ]    Subphase: Pause Roots JVMTIExport                       0.000 / 0.000         0.001 / 0.002         0.002 / 0.017         0.002 / 0.017       ms
[1040.170s][info   ][gc,stats    ]    Subphase: Pause Roots JVMTIWeakExport                   0.000 / 0.000         0.001 / 0.002         0.001 / 0.002         0.001 / 0.002       ms
[1040.170s][info   ][gc,stats    ]    Subphase: Pause Roots Management                        0.000 / 0.000         0.004 / 0.036         0.009 / 0.430         0.009 / 0.430       ms
[1040.170s][info   ][gc,stats    ]    Subphase: Pause Roots ObjectSynchronizer                0.000 / 0.000         0.001 / 0.001         0.001 / 0.011         0.001 / 0.011       ms
[1040.170s][info   ][gc,stats    ]    Subphase: Pause Roots Setup                             0.000 / 0.000         0.001 / 0.002         0.001 / 0.002         0.001 / 0.002       ms
[1040.170s][info   ][gc,stats    ]    Subphase: Pause Roots SystemDictionary                  0.000 / 0.000         0.022 / 0.171         0.035 / 0.734         0.035 / 0.734       ms
[1040.170s][info   ][gc,stats    ]    Subphase: Pause Roots Teardown                          0.000 / 0.000         0.003 / 0.008         0.004 / 0.009         0.004 / 0.009       ms
[1040.170s][info   ][gc,stats    ]    Subphase: Pause Roots Threads                           0.000 / 0.000         0.041 / 0.316         0.050 / 1.042         0.050 / 1.042       ms
[1040.170s][info   ][gc,stats    ]    Subphase: Pause Roots Universe                          0.000 / 0.000         0.007 / 0.021         0.013 / 0.626         0.013 / 0.626       ms
[1040.170s][info   ][gc,stats    ]    Subphase: Pause Weak Roots                              0.000 / 0.000         0.001 / 0.025         0.001 / 0.025         0.001 / 0.025       ms
[1040.170s][info   ][gc,stats    ]    Subphase: Pause Weak Roots JFRWeak                      0.000 / 0.000         0.001 / 0.002         0.001 / 0.002         0.001 / 0.002       ms
[1040.170s][info   ][gc,stats    ]    Subphase: Pause Weak Roots JVMTIWeakExport              0.000 / 0.000         0.001 / 0.002         0.001 / 0.002         0.001 / 0.002       ms
[1040.170s][info   ][gc,stats    ]    Subphase: Pause Weak Roots Setup                        0.000 / 0.000         0.001 / 0.001         0.001 / 0.001         0.001 / 0.001       ms
[1040.170s][info   ][gc,stats    ]    Subphase: Pause Weak Roots Teardown                     0.000 / 0.000         0.001 / 0.002         0.001 / 0.004         0.001 / 0.004       ms
[1040.170s][info   ][gc,stats    ]      System: Java Threads                                      0 / 0                61 / 62               60 / 65               60 / 65          threads
[1040.170s][info   ][gc,stats    ] =========================================================================================================================================================
[1043.969s][info   ][gc,start    ] GC(55) Garbage Collection (Proactive)
[1043.970s][info   ][gc,phases   ] GC(55) Pause Mark Start 0.230ms
[1044.162s][info   ][gc,phases   ] GC(55) Concurrent Mark 192.276ms
[1044.163s][info   ][gc,phases   ] GC(55) Pause Mark End 1.021ms
[1044.165s][info   ][gc,phases   ] GC(55) Concurrent Process Non-Strong References 1.596ms
[1044.166s][info   ][gc,phases   ] GC(55) Concurrent Reset Relocation Set 1.150ms
[1044.166s][info   ][gc,phases   ] GC(55) Concurrent Destroy Detached Pages 0.001ms
[1044.169s][info   ][gc,phases   ] GC(55) Concurrent Select Relocation Set 2.966ms
[1044.181s][info   ][gc,phases   ] GC(55) Concurrent Prepare Relocation Set 11.541ms
[1044.181s][info   ][gc,phases   ] GC(55) Pause Relocate Start 0.223ms
[1044.287s][info   ][gc,phases   ] GC(55) Concurrent Relocate 105.573ms
[1044.287s][info   ][gc,load     ] GC(55) Load: 3.36/3.83/2.64
[1044.287s][info   ][gc,mmu      ] GC(55) MMU: 2ms/30.0%, 5ms/69.9%, 10ms/81.7%, 20ms/87.7%, 50ms/95.1%, 100ms/97.5%
[1044.287s][info   ][gc,marking  ] GC(55) Mark: 8 stripe(s), 10 proactive flush(es), 2 terminate flush(es), 1 completion(s), 0 continuation(s) 
[1044.287s][info   ][gc,reloc    ] GC(55) Relocation: Successful, 1392M relocated
[1044.287s][info   ][gc,nmethod  ] GC(55) NMethods: 5666 registered, 1195 unregistered
[1044.287s][info   ][gc,metaspace] GC(55) Metaspace: 40M used, 41M capacity, 41M committed, 42M reserved
[1044.287s][info   ][gc,ref      ] GC(55) Soft: 3327 encountered, 0 discovered, 0 enqueued
[1044.287s][info   ][gc,ref      ] GC(55) Weak: 1530 encountered, 442 discovered, 0 enqueued
[1044.287s][info   ][gc,ref      ] GC(55) Final: 31 encountered, 4 discovered, 4 enqueued
[1044.287s][info   ][gc,ref      ] GC(55) Phantom: 120 encountered, 98 discovered, 0 enqueued
[1044.287s][info   ][gc,heap     ] GC(55)                Mark Start          Mark End        Relocate Start      Relocate End           High               Low         
[1044.287s][info   ][gc,heap     ] GC(55)  Capacity:    30390M (30%)       30390M (30%)       30390M (30%)       30390M (30%)       30390M (30%)       30390M (30%)    
[1044.287s][info   ][gc,heap     ] GC(55)   Reserve:       80M (0%)           80M (0%)           80M (0%)           80M (0%)           80M (0%)           80M (0%)     
[1044.287s][info   ][gc,heap     ] GC(55)      Free:    86288M (86%)       86084M (86%)       89724M (89%)       96276M (96%)       96276M (96%)       86082M (86%)    
[1044.287s][info   ][gc,heap     ] GC(55)      Used:    13984M (14%)       14188M (14%)       10548M (11%)        3996M (4%)        14190M (14%)        3996M (4%)     
[1044.287s][info   ][gc,heap     ] GC(55)      Live:         -              3503M (3%)         3503M (3%)         3503M (3%)             -                  -          
[1044.287s][info   ][gc,heap     ] GC(55) Allocated:         -               204M (0%)          208M (0%)         1570M (2%)             -                  -          
[1044.287s][info   ][gc,heap     ] GC(55)   Garbage:         -             10480M (10%)        6836M (7%)          224M (0%)             -                  -          
[1044.287s][info   ][gc,heap     ] GC(55) Reclaimed:         -                  -              3644M (4%)        10256M (10%)            -                  -          
[1044.287s][info   ][gc          ] GC(55) Garbage Collection (Proactive) 13984M(14%)->3996M(4%)
[1050.169s][info   ][gc,stats    ] === Garbage Collection Statistics =======================================================================================================================
[1050.169s][info   ][gc,stats    ]                                                              Last 10s              Last 10m              Last 10h                Total
[1050.169s][info   ][gc,stats    ]                                                              Avg / Max             Avg / Max             Avg / Max             Avg / Max
[1050.169s][info   ][gc,stats    ]   Collector: Garbage Collection Cycle                    317.636 / 317.636     320.079 / 354.075     325.755 / 515.532     325.755 / 515.532     ms
[1050.169s][info   ][gc,stats    ]  Contention: Mark Segment Reset Contention                    14 / 149              12 / 383              15 / 850              15 / 850         ops/s
[1050.169s][info   ][gc,stats    ]  Contention: Mark SeqNum Reset Contention                      0 / 2                 0 / 3                 0 / 9                 0 / 9           ops/s
[1050.170s][info   ][gc,stats    ]  Contention: Relocation Contention                             1 / 10                1 / 228               0 / 228               0 / 228         ops/s
[1050.170s][info   ][gc,stats    ]    Critical: Allocation Stall                              0.000 / 0.000         0.000 / 0.000         0.000 / 0.000         0.000 / 0.000       ms
[1050.170s][info   ][gc,stats    ]    Critical: Allocation Stall                                  0 / 0                 0 / 0                 0 / 0                 0 / 0           ops/s
[1050.170s][info   ][gc,stats    ]    Critical: GC Locker Stall                               0.000 / 0.000         0.000 / 0.000         0.000 / 0.000         0.000 / 0.000       ms
[1050.170s][info   ][gc,stats    ]    Critical: GC Locker Stall                                   0 / 0                 0 / 0                 0 / 0                 0 / 0           ops/s
[1050.170s][info   ][gc,stats    ]      Memory: Allocation Rate                                 632 / 678             623 / 848             620 / 1436            620 / 1436        MB/s
[1050.170s][info   ][gc,stats    ]      Memory: Heap Used After Mark                          14188 / 14188         14452 / 15376         15259 / 30288         15259 / 30288       MB
[1050.170s][info   ][gc,stats    ]      Memory: Heap Used After Relocation                     3996 / 3996           3970 / 4042           3840 / 4228           3840 / 4228        MB
[1050.170s][info   ][gc,stats    ]      Memory: Heap Used Before Mark                         13984 / 13984         14265 / 15194         15076 / 30112         15076 / 30112       MB
[1050.170s][info   ][gc,stats    ]      Memory: Heap Used Before Relocation                   10548 / 10548         10655 / 11370         11040 / 20378         11040 / 20378       MB
[1050.170s][info   ][gc,stats    ]      Memory: Out Of Memory                                     0 / 0                 0 / 0                 0 / 0                 0 / 0           ops/s
[1050.170s][info   ][gc,stats    ]      Memory: Page Cache Flush                                  0 / 0                 0 / 0                 0 / 0                 0 / 0           MB/s
[1050.170s][info   ][gc,stats    ]      Memory: Page Cache Hit L1                               368 / 985             339 / 1056            321 / 1642            321 / 1642        ops/s
[1050.170s][info   ][gc,stats    ]      Memory: Page Cache Hit L2                                 0 / 0                 0 / 0                 0 / 179               0 / 179         ops/s
[1050.170s][info   ][gc,stats    ]      Memory: Page Cache Miss                                   0 / 0                 0 / 0                13 / 341              13 / 341         ops/s
[1050.170s][info   ][gc,stats    ]      Memory: Undo Object Allocation Failed                     0 / 0                 0 / 0                 0 / 0                 0 / 0           ops/s
[1050.170s][info   ][gc,stats    ]      Memory: Undo Object Allocation Succeeded                  1 / 10                1 / 228               0 / 228               0 / 228         ops/s
[1050.170s][info   ][gc,stats    ]      Memory: Undo Page Allocation                              0 / 0                 0 / 0                 0 / 69                0 / 69          ops/s
[1050.170s][info   ][gc,stats    ]       Phase: Concurrent Destroy Detached Pages             0.001 / 0.001         0.001 / 0.001         0.001 / 0.001         0.001 / 0.001       ms
[1050.170s][info   ][gc,stats    ]       Phase: Concurrent Mark                             192.276 / 192.276     194.843 / 207.160     195.764 / 275.553     195.764 / 275.553     ms
[1050.170s][info   ][gc,stats    ]       Phase: Concurrent Mark Continue                      0.000 / 0.000         1.301 / 1.335         1.340 / 1.416         1.340 / 1.416       ms
[1050.170s][info   ][gc,stats    ]       Phase: Concurrent Prepare Relocation Set            11.541 / 11.541       14.261 / 29.002       20.205 / 89.649       20.205 / 89.649      ms
[1050.170s][info   ][gc,stats    ]       Phase: Concurrent Process Non-Strong References      1.596 / 1.596         1.658 / 1.910         2.301 / 19.270        2.301 / 19.270      ms
[1050.170s][info   ][gc,stats    ]       Phase: Concurrent Relocate                         105.573 / 105.573     102.464 / 115.167      99.381 / 165.671      99.381 / 165.671     ms
[1050.170s][info   ][gc,stats    ]       Phase: Concurrent Reset Relocation Set               1.150 / 1.150         1.568 / 2.283         2.198 / 14.653        2.198 / 14.653      ms
[1050.170s][info   ][gc,stats    ]       Phase: Concurrent Select Relocation Set              2.966 / 2.966         3.078 / 11.393        3.527 / 12.148        3.527 / 12.148      ms
[1050.170s][info   ][gc,stats    ]       Phase: Pause Mark End                                1.021 / 1.021         0.666 / 1.288         0.711 / 1.288         0.711 / 1.288       ms
[1050.170s][info   ][gc,stats    ]       Phase: Pause Mark Start                              0.230 / 0.230         0.200 / 0.678         0.274 / 1.400         0.274 / 1.400       ms
[1050.170s][info   ][gc,stats    ]       Phase: Pause Relocate Start                          0.223 / 0.223         0.190 / 0.265         0.209 / 1.025         0.209 / 1.025       ms
[1050.170s][info   ][gc,stats    ]       Phase: Pause Verify                                  0.000 / 0.000         0.000 / 0.000         0.000 / 0.000         0.000 / 0.000       ms
[1050.170s][info   ][gc,stats    ]    Subphase: Concurrent Classes Unload                     1.273 / 1.273         1.353 / 1.565         1.938 / 18.723        1.938 / 18.723      ms
[1050.170s][info   ][gc,stats    ]    Subphase: Concurrent Mark                             190.882 / 191.599     183.448 / 206.489     184.471 / 273.889     184.471 / 273.889     ms
[1050.170s][info   ][gc,stats    ]    Subphase: Concurrent Mark Idle                          1.135 / 1.177         1.136 / 1.413         1.137 / 1.413         1.137 / 1.413       ms
[1050.170s][info   ][gc,stats    ]    Subphase: Concurrent Mark Try Flush                     0.079 / 0.105         0.071 / 0.324         0.075 / 0.545         0.075 / 0.545       ms
[1050.170s][info   ][gc,stats    ]    Subphase: Concurrent Mark Try Terminate                 1.132 / 1.180         1.134 / 1.418         1.135 / 1.418         1.135 / 1.418       ms
[1050.170s][info   ][gc,stats    ]    Subphase: Concurrent References Enqueue                 0.004 / 0.004         0.005 / 0.007         0.005 / 0.008         0.005 / 0.008       ms
[1050.170s][info   ][gc,stats    ]    Subphase: Concurrent References Process                 0.058 / 0.058         0.062 / 0.104         0.069 / 0.140         0.069 / 0.140       ms
[1050.170s][info   ][gc,stats    ]    Subphase: Concurrent Roots                              0.051 / 0.420         0.068 / 0.885         0.084 / 2.807         0.084 / 2.807       ms
[1050.170s][info   ][gc,stats    ]    Subphase: Concurrent Roots ClassLoaderDataGraph         0.071 / 0.402         0.061 / 0.882         0.075 / 2.804         0.075 / 2.804       ms
[1050.170s][info   ][gc,stats    ]    Subphase: Concurrent Roots JNIHandles                   0.012 / 0.016         0.010 / 0.069         0.023 / 0.551         0.023 / 0.551       ms
[1050.170s][info   ][gc,stats    ]    Subphase: Concurrent Roots Setup                        0.081 / 0.081         0.134 / 1.420         0.198 / 1.622         0.198 / 1.622       ms
[1050.170s][info   ][gc,stats    ]    Subphase: Concurrent Roots Teardown                     0.001 / 0.001         0.001 / 0.001         0.001 / 0.001         0.001 / 0.001       ms
[1050.170s][info   ][gc,stats    ]    Subphase: Concurrent Weak Roots                         0.192 / 0.203         0.182 / 0.273         0.219 / 1.376         0.219 / 1.376       ms
[1050.170s][info   ][gc,stats    ]    Subphase: Concurrent Weak Roots JNIWeakHandles          0.003 / 0.008         0.002 / 0.012         0.002 / 0.073         0.002 / 0.073       ms
[1050.170s][info   ][gc,stats    ]    Subphase: Concurrent Weak Roots StringTable             0.168 / 0.174         0.155 / 0.264         0.193 / 1.327         0.193 / 1.327       ms
[1050.170s][info   ][gc,stats    ]    Subphase: Concurrent Weak Roots VMWeakHandles           0.020 / 0.031         0.022 / 0.052         0.023 / 0.052         0.023 / 0.052       ms
[1050.170s][info   ][gc,stats    ]    Subphase: Pause Mark Try Complete                       0.214 / 0.754         0.127 / 1.028         0.157 / 1.028         0.157 / 1.028       ms
[1050.170s][info   ][gc,stats    ]    Subphase: Pause Roots                                   0.036 / 0.176         0.035 / 0.329         0.042 / 1.060         0.042 / 1.060       ms
[1050.170s][info   ][gc,stats    ]    Subphase: Pause Roots CodeCache                         0.000 / 0.000         0.000 / 0.000         0.000 / 0.000         0.000 / 0.000       ms
[1050.170s][info   ][gc,stats    ]    Subphase: Pause Roots JVMTIExport                       0.001 / 0.001         0.001 / 0.002         0.002 / 0.017         0.002 / 0.017       ms
[1050.170s][info   ][gc,stats    ]    Subphase: Pause Roots JVMTIWeakExport                   0.001 / 0.001         0.001 / 0.002         0.001 / 0.002         0.001 / 0.002       ms
[1050.170s][info   ][gc,stats    ]    Subphase: Pause Roots Management                        0.002 / 0.002         0.004 / 0.036         0.009 / 0.430         0.009 / 0.430       ms
[1050.170s][info   ][gc,stats    ]    Subphase: Pause Roots ObjectSynchronizer                0.001 / 0.001         0.001 / 0.001         0.001 / 0.011         0.001 / 0.011       ms
[1050.170s][info   ][gc,stats    ]    Subphase: Pause Roots Setup                             0.001 / 0.001         0.001 / 0.002         0.001 / 0.002         0.001 / 0.002       ms
[1050.170s][info   ][gc,stats    ]    Subphase: Pause Roots SystemDictionary                  0.012 / 0.014         0.021 / 0.171         0.035 / 0.734         0.035 / 0.734       ms
[1050.170s][info   ][gc,stats    ]    Subphase: Pause Roots Teardown                          0.004 / 0.005         0.003 / 0.008         0.004 / 0.009         0.004 / 0.009       ms
[1050.170s][info   ][gc,stats    ]    Subphase: Pause Roots Threads                           0.042 / 0.164         0.041 / 0.316         0.050 / 1.042         0.050 / 1.042       ms
[1050.170s][info   ][gc,stats    ]    Subphase: Pause Roots Universe                          0.012 / 0.021         0.007 / 0.021         0.013 / 0.626         0.013 / 0.626       ms
[1050.170s][info   ][gc,stats    ]    Subphase: Pause Weak Roots                              0.001 / 0.004         0.001 / 0.025         0.001 / 0.025         0.001 / 0.025       ms
[1050.170s][info   ][gc,stats    ]    Subphase: Pause Weak Roots JFRWeak                      0.001 / 0.001         0.001 / 0.002         0.001 / 0.002         0.001 / 0.002       ms
[1050.170s][info   ][gc,stats    ]    Subphase: Pause Weak Roots JVMTIWeakExport              0.001 / 0.001         0.001 / 0.002         0.001 / 0.002         0.001 / 0.002       ms
[1050.170s][info   ][gc,stats    ]    Subphase: Pause Weak Roots Setup                        0.001 / 0.001         0.001 / 0.001         0.001 / 0.001         0.001 / 0.001       ms
[1050.170s][info   ][gc,stats    ]    Subphase: Pause Weak Roots Teardown                     0.001 / 0.001         0.001 / 0.002         0.001 / 0.004         0.001 / 0.004       ms
[1050.170s][info   ][gc,stats    ]      System: Java Threads                                     62 / 62               61 / 62               60 / 65               60 / 65          threads
[1050.170s][info   ][gc,stats    ] =========================================================================================================================================================
[1060.170s][info   ][gc,stats    ] === Garbage Collection Statistics =======================================================================================================================
[1060.170s][info   ][gc,stats    ]                                                              Last 10s              Last 10m              Last 10h                Total
[1060.170s][info   ][gc,stats    ]                                                              Avg / Max             Avg / Max             Avg / Max             Avg / Max
[1060.170s][info   ][gc,stats    ]   Collector: Garbage Collection Cycle                      0.000 / 0.000       320.979 / 354.075     325.755 / 515.532     325.755 / 515.532     ms
[1060.170s][info   ][gc,stats    ]  Contention: Mark Segment Reset Contention                     0 / 0                12 / 383              14 / 850              14 / 850         ops/s
[1060.170s][info   ][gc,stats    ]  Contention: Mark SeqNum Reset Contention                      0 / 0                 0 / 3                 0 / 9                 0 / 9           ops/s
[1060.170s][info   ][gc,stats    ]  Contention: Relocation Contention                             0 / 0                 1 / 228               0 / 228               0 / 228         ops/s
[1060.170s][info   ][gc,stats    ]    Critical: Allocation Stall                              0.000 / 0.000         0.000 / 0.000         0.000 / 0.000         0.000 / 0.000       ms
[1060.170s][info   ][gc,stats    ]    Critical: Allocation Stall                                  0 / 0                 0 / 0                 0 / 0                 0 / 0           ops/s
[1060.170s][info   ][gc,stats    ]    Critical: GC Locker Stall                               0.000 / 0.000         0.000 / 0.000         0.000 / 0.000         0.000 / 0.000       ms
[1060.170s][info   ][gc,stats    ]    Critical: GC Locker Stall                                   0 / 0                 0 / 0                 0 / 0                 0 / 0           ops/s
[1060.170s][info   ][gc,stats    ]      Memory: Allocation Rate                                 632 / 710             623 / 848             620 / 1436            620 / 1436        MB/s
[1060.170s][info   ][gc,stats    ]      Memory: Heap Used After Mark                              0 / 0             14458 / 15376         15259 / 30288         15259 / 30288       MB
[1060.170s][info   ][gc,stats    ]      Memory: Heap Used After Relocation                        0 / 0              3971 / 4042           3840 / 4228           3840 / 4228        MB
[1060.170s][info   ][gc,stats    ]      Memory: Heap Used Before Mark                             0 / 0             14271 / 15194         15076 / 30112         15076 / 30112       MB
[1060.170s][info   ][gc,stats    ]      Memory: Heap Used Before Relocation                       0 / 0             10658 / 11370         11040 / 20378         11040 / 20378       MB
[1060.170s][info   ][gc,stats    ]      Memory: Out Of Memory                                     0 / 0                 0 / 0                 0 / 0                 0 / 0           ops/s
[1060.170s][info   ][gc,stats    ]      Memory: Page Cache Flush                                  0 / 0                 0 / 0                 0 / 0                 0 / 0           MB/s
[1060.170s][info   ][gc,stats    ]      Memory: Page Cache Hit L1                               305 / 340             338 / 1056            321 / 1642            321 / 1642        ops/s
[1060.170s][info   ][gc,stats    ]      Memory: Page Cache Hit L2                                 0 / 0                 0 / 0                 0 / 179               0 / 179         ops/s
[1060.170s][info   ][gc,stats    ]      Memory: Page Cache Miss                                   0 / 0                 0 / 0                13 / 341              13 / 341         ops/s
[1060.170s][info   ][gc,stats    ]      Memory: Undo Object Allocation Failed                     0 / 0                 0 / 0                 0 / 0                 0 / 0           ops/s
[1060.170s][info   ][gc,stats    ]      Memory: Undo Object Allocation Succeeded                  0 / 0                 1 / 228               0 / 228               0 / 228         ops/s
[1060.170s][info   ][gc,stats    ]      Memory: Undo Page Allocation                              0 / 0                 0 / 0                 0 / 69                0 / 69          ops/s
[1060.170s][info   ][gc,stats    ]       Phase: Concurrent Destroy Detached Pages             0.000 / 0.000         0.001 / 0.001         0.001 / 0.001         0.001 / 0.001       ms
[1060.170s][info   ][gc,stats    ]       Phase: Concurrent Mark                               0.000 / 0.000       194.987 / 207.160     195.764 / 275.553     195.764 / 275.553     ms
[1060.170s][info   ][gc,stats    ]       Phase: Concurrent Mark Continue                      0.000 / 0.000         1.301 / 1.335         1.340 / 1.416         1.340 / 1.416       ms
[1060.170s][info   ][gc,stats    ]       Phase: Concurrent Prepare Relocation Set             0.000 / 0.000        14.374 / 29.002       20.205 / 89.649       20.205 / 89.649      ms
[1060.170s][info   ][gc,stats    ]       Phase: Concurrent Process Non-Strong References      0.000 / 0.000         1.655 / 1.910         2.301 / 19.270        2.301 / 19.270      ms
[1060.170s][info   ][gc,stats    ]       Phase: Concurrent Relocate                           0.000 / 0.000       103.081 / 115.167      99.381 / 165.671      99.381 / 165.671     ms
[1060.170s][info   ][gc,stats    ]       Phase: Concurrent Reset Relocation Set               0.000 / 0.000         1.574 / 2.283         2.198 / 14.653        2.198 / 14.653      ms
[1060.170s][info   ][gc,stats    ]       Phase: Concurrent Select Relocation Set              0.000 / 0.000         3.099 / 11.393        3.527 / 12.148        3.527 / 12.148      ms
[1060.170s][info   ][gc,stats    ]       Phase: Pause Mark End                                0.000 / 0.000         0.668 / 1.288         0.711 / 1.288         0.711 / 1.288       ms
[1060.170s][info   ][gc,stats    ]       Phase: Pause Mark Start                              0.000 / 0.000         0.199 / 0.678         0.274 / 1.400         0.274 / 1.400       ms
[1060.170s][info   ][gc,stats    ]       Phase: Pause Relocate Start                          0.000 / 0.000         0.191 / 0.265         0.209 / 1.025         0.209 / 1.025       ms
[1060.170s][info   ][gc,stats    ]       Phase: Pause Verify                                  0.000 / 0.000         0.000 / 0.000         0.000 / 0.000         0.000 / 0.000       ms
[1060.170s][info   ][gc,stats    ]    Subphase: Concurrent Classes Unload                     0.000 / 0.000         1.349 / 1.565         1.938 / 18.723        1.938 / 18.723      ms
[1060.170s][info   ][gc,stats    ]    Subphase: Concurrent Mark                               0.000 / 0.000       183.308 / 206.489     184.471 / 273.889     184.471 / 273.889     ms
[1060.170s][info   ][gc,stats    ]    Subphase: Concurrent Mark Idle                          0.000 / 0.000         1.136 / 1.413         1.137 / 1.413         1.137 / 1.413       ms
[1060.170s][info   ][gc,stats    ]    Subphase: Concurrent Mark Try Flush                     0.000 / 0.000         0.071 / 0.324         0.075 / 0.545         0.075 / 0.545       ms
[1060.170s][info   ][gc,stats    ]    Subphase: Concurrent Mark Try Terminate                 0.000 / 0.000         1.134 / 1.418         1.135 / 1.418         1.135 / 1.418       ms
[1060.171s][info   ][gc,stats    ]    Subphase: Concurrent References Enqueue                 0.000 / 0.000         0.005 / 0.006         0.005 / 0.008         0.005 / 0.008       ms
[1060.171s][info   ][gc,stats    ]    Subphase: Concurrent References Process                 0.000 / 0.000         0.062 / 0.104         0.069 / 0.140         0.069 / 0.140       ms
[1060.171s][info   ][gc,stats    ]    Subphase: Concurrent Roots                              0.000 / 0.000         0.068 / 0.885         0.084 / 2.807         0.084 / 2.807       ms
[1060.171s][info   ][gc,stats    ]    Subphase: Concurrent Roots ClassLoaderDataGraph         0.000 / 0.000         0.061 / 0.882         0.075 / 2.804         0.075 / 2.804       ms
[1060.171s][info   ][gc,stats    ]    Subphase: Concurrent Roots JNIHandles                   0.000 / 0.000         0.011 / 0.069         0.023 / 0.551         0.023 / 0.551       ms
[1060.171s][info   ][gc,stats    ]    Subphase: Concurrent Roots Setup                        0.000 / 0.000         0.136 / 1.420         0.198 / 1.622         0.198 / 1.622       ms
[1060.171s][info   ][gc,stats    ]    Subphase: Concurrent Roots Teardown                     0.000 / 0.000         0.001 / 0.001         0.001 / 0.001         0.001 / 0.001       ms
[1060.171s][info   ][gc,stats    ]    Subphase: Concurrent Weak Roots                         0.000 / 0.000         0.182 / 0.273         0.219 / 1.376         0.219 / 1.376       ms
[1060.171s][info   ][gc,stats    ]    Subphase: Concurrent Weak Roots JNIWeakHandles          0.000 / 0.000         0.002 / 0.012         0.002 / 0.073         0.002 / 0.073       ms
[1060.171s][info   ][gc,stats    ]    Subphase: Concurrent Weak Roots StringTable             0.000 / 0.000         0.156 / 0.264         0.193 / 1.327         0.193 / 1.327       ms
[1060.171s][info   ][gc,stats    ]    Subphase: Concurrent Weak Roots VMWeakHandles           0.000 / 0.000         0.022 / 0.052         0.023 / 0.052         0.023 / 0.052       ms
[1060.171s][info   ][gc,stats    ]    Subphase: Pause Mark Try Complete                       0.000 / 0.000         0.127 / 1.028         0.157 / 1.028         0.157 / 1.028       ms
[1060.171s][info   ][gc,stats    ]    Subphase: Pause Roots                                   0.000 / 0.000         0.035 / 0.329         0.042 / 1.060         0.042 / 1.060       ms
[1060.171s][info   ][gc,stats    ]    Subphase: Pause Roots CodeCache                         0.000 / 0.000         0.000 / 0.000         0.000 / 0.000         0.000 / 0.000       ms
[1060.171s][info   ][gc,stats    ]    Subphase: Pause Roots JVMTIExport                       0.000 / 0.000         0.001 / 0.002         0.002 / 0.017         0.002 / 0.017       ms
[1060.171s][info   ][gc,stats    ]    Subphase: Pause Roots JVMTIWeakExport                   0.000 / 0.000         0.001 / 0.002         0.001 / 0.002         0.001 / 0.002       ms
[1060.171s][info   ][gc,stats    ]    Subphase: Pause Roots Management                        0.000 / 0.000         0.004 / 0.036         0.009 / 0.430         0.009 / 0.430       ms
[1060.171s][info   ][gc,stats    ]    Subphase: Pause Roots ObjectSynchronizer                0.000 / 0.000         0.001 / 0.001         0.001 / 0.011         0.001 / 0.011       ms
[1060.171s][info   ][gc,stats    ]    Subphase: Pause Roots Setup                             0.000 / 0.000         0.001 / 0.002         0.001 / 0.002         0.001 / 0.002       ms
[1060.171s][info   ][gc,stats    ]    Subphase: Pause Roots SystemDictionary                  0.000 / 0.000         0.022 / 0.171         0.035 / 0.734         0.035 / 0.734       ms
[1060.171s][info   ][gc,stats    ]    Subphase: Pause Roots Teardown                          0.000 / 0.000         0.003 / 0.006         0.004 / 0.009         0.004 / 0.009       ms
[1060.171s][info   ][gc,stats    ]    Subphase: Pause Roots Threads                           0.000 / 0.000         0.041 / 0.316         0.050 / 1.042         0.050 / 1.042       ms
[1060.171s][info   ][gc,stats    ]    Subphase: Pause Roots Universe                          0.000 / 0.000         0.007 / 0.021         0.013 / 0.626         0.013 / 0.626       ms
[1060.171s][info   ][gc,stats    ]    Subphase: Pause Weak Roots                              0.000 / 0.000         0.001 / 0.025         0.001 / 0.025         0.001 / 0.025       ms
[1060.171s][info   ][gc,stats    ]    Subphase: Pause Weak Roots JFRWeak                      0.000 / 0.000         0.001 / 0.002         0.001 / 0.002         0.001 / 0.002       ms
[1060.171s][info   ][gc,stats    ]    Subphase: Pause Weak Roots JVMTIWeakExport              0.000 / 0.000         0.001 / 0.002         0.001 / 0.002         0.001 / 0.002       ms
[1060.171s][info   ][gc,stats    ]    Subphase: Pause Weak Roots Setup                        0.000 / 0.000         0.001 / 0.001         0.001 / 0.001         0.001 / 0.001       ms
[1060.171s][info   ][gc,stats    ]    Subphase: Pause Weak Roots Teardown                     0.000 / 0.000         0.001 / 0.002         0.001 / 0.004         0.001 / 0.004       ms
[1060.171s][info   ][gc,stats    ]      System: Java Threads                                      0 / 0                61 / 62               60 / 65               60 / 65          threads
[1060.171s][info   ][gc,stats    ] =========================================================================================================================================================
[1060.270s][info   ][gc,start    ] GC(56) Garbage Collection (Proactive)
[1060.270s][info   ][gc,phases   ] GC(56) Pause Mark Start 0.212ms
[1060.456s][info   ][gc,phases   ] GC(56) Concurrent Mark 185.266ms
[1060.456s][info   ][gc,phases   ] GC(56) Pause Mark End 0.582ms
[1060.458s][info   ][gc,phases   ] GC(56) Concurrent Process Non-Strong References 1.681ms
[1060.459s][info   ][gc,phases   ] GC(56) Concurrent Reset Relocation Set 1.219ms
[1060.459s][info   ][gc,phases   ] GC(56) Concurrent Destroy Detached Pages 0.001ms
[1060.462s][info   ][gc,phases   ] GC(56) Concurrent Select Relocation Set 2.953ms
[1060.473s][info   ][gc,phases   ] GC(56) Concurrent Prepare Relocation Set 10.419ms
[1060.473s][info   ][gc,phases   ] GC(56) Pause Relocate Start 0.165ms
[1060.583s][info   ][gc,phases   ] GC(56) Concurrent Relocate 109.356ms
[1060.583s][info   ][gc,load     ] GC(56) Load: 3.63/3.87/2.67
[1060.583s][info   ][gc,mmu      ] GC(56) MMU: 2ms/30.0%, 5ms/69.9%, 10ms/81.7%, 20ms/87.7%, 50ms/95.1%, 100ms/97.5%
[1060.583s][info   ][gc,marking  ] GC(56) Mark: 8 stripe(s), 10 proactive flush(es), 1 terminate flush(es), 1 completion(s), 0 continuation(s) 
[1060.583s][info   ][gc,reloc    ] GC(56) Relocation: Successful, 1386M relocated
[1060.583s][info   ][gc,nmethod  ] GC(56) NMethods: 5667 registered, 1195 unregistered
[1060.583s][info   ][gc,metaspace] GC(56) Metaspace: 40M used, 41M capacity, 41M committed, 42M reserved
[1060.583s][info   ][gc,ref      ] GC(56) Soft: 3327 encountered, 0 discovered, 0 enqueued
[1060.583s][info   ][gc,ref      ] GC(56) Weak: 1530 encountered, 282 discovered, 0 enqueued
[1060.583s][info   ][gc,ref      ] GC(56) Final: 30 encountered, 3 discovered, 3 enqueued
[1060.583s][info   ][gc,ref      ] GC(56) Phantom: 120 encountered, 84 discovered, 0 enqueued
[1060.583s][info   ][gc,heap     ] GC(56)                Mark Start          Mark End        Relocate Start      Relocate End           High               Low         
[1060.583s][info   ][gc,heap     ] GC(56)  Capacity:    30390M (30%)       30390M (30%)       30390M (30%)       30390M (30%)       30390M (30%)       30390M (30%)    
[1060.583s][info   ][gc,heap     ] GC(56)   Reserve:       80M (0%)           80M (0%)           80M (0%)           80M (0%)           80M (0%)           80M (0%)     
[1060.583s][info   ][gc,heap     ] GC(56)      Free:    86214M (86%)       86050M (86%)       89734M (89%)       96306M (96%)       96306M (96%)       86042M (86%)    
[1060.583s][info   ][gc,heap     ] GC(56)      Used:    14058M (14%)       14222M (14%)       10538M (11%)        3966M (4%)        14230M (14%)        3966M (4%)     
[1060.583s][info   ][gc,heap     ] GC(56)      Live:         -              3508M (3%)         3508M (3%)         3508M (3%)             -                  -          
[1060.583s][info   ][gc,heap     ] GC(56) Allocated:         -               164M (0%)          190M (0%)         1548M (2%)             -                  -          
[1060.583s][info   ][gc,heap     ] GC(56)   Garbage:         -             10549M (11%)        6839M (7%)          223M (0%)             -                  -          
[1060.583s][info   ][gc,heap     ] GC(56) Reclaimed:         -                  -              3710M (4%)        10326M (10%)            -                  -          
[1060.583s][info   ][gc          ] GC(56) Garbage Collection (Proactive) 14058M(14%)->3966M(4%)
[1070.170s][info   ][gc,stats    ] === Garbage Collection Statistics =======================================================================================================================
[1070.170s][info   ][gc,stats    ]                                                              Last 10s              Last 10m              Last 10h                Total
[1070.170s][info   ][gc,stats    ]                                                              Avg / Max             Avg / Max             Avg / Max             Avg / Max
[1070.170s][info   ][gc,stats    ]   Collector: Garbage Collection Cycle                    312.850 / 312.850     321.261 / 354.075     325.529 / 515.532     325.529 / 515.532     ms
[1070.170s][info   ][gc,stats    ]  Contention: Mark Segment Reset Contention                    17 / 175              12 / 383              14 / 850              14 / 850         ops/s
[1070.170s][info   ][gc,stats    ]  Contention: Mark SeqNum Reset Contention                      0 / 0                 0 / 3                 0 / 9                 0 / 9           ops/s
[1070.170s][info   ][gc,stats    ]  Contention: Relocation Contention                            62 / 623               2 / 623               1 / 623               1 / 623         ops/s
[1070.170s][info   ][gc,stats    ]    Critical: Allocation Stall                              0.000 / 0.000         0.000 / 0.000         0.000 / 0.000         0.000 / 0.000       ms
[1070.170s][info   ][gc,stats    ]    Critical: Allocation Stall                                  0 / 0                 0 / 0                 0 / 0                 0 / 0           ops/s
[1070.170s][info   ][gc,stats    ]    Critical: GC Locker Stall                               0.000 / 0.000         0.000 / 0.000         0.000 / 0.000         0.000 / 0.000       ms
[1070.170s][info   ][gc,stats    ]    Critical: GC Locker Stall                                   0 / 0                 0 / 0                 0 / 0                 0 / 0           ops/s
[1070.170s][info   ][gc,stats    ]      Memory: Allocation Rate                                 658 / 716             623 / 848             620 / 1436            620 / 1436        MB/s
[1070.170s][info   ][gc,stats    ]      Memory: Heap Used After Mark                          14222 / 14222         14460 / 15376         15241 / 30288         15241 / 30288       MB
[1070.170s][info   ][gc,stats    ]      Memory: Heap Used After Relocation                     3966 / 3966           3971 / 4042           3843 / 4228           3843 / 4228        MB
[1070.170s][info   ][gc,stats    ]      Memory: Heap Used Before Mark                         14058 / 14058         14273 / 15194         15058 / 30112         15058 / 30112       MB
[1070.170s][info   ][gc,stats    ]      Memory: Heap Used Before Relocation                   10538 / 10538         10656 / 11370         11031 / 20378         11031 / 20378       MB
[1070.170s][info   ][gc,stats    ]      Memory: Out Of Memory                                     0 / 0                 0 / 0                 0 / 0                 0 / 0           ops/s
[1070.170s][info   ][gc,stats    ]      Memory: Page Cache Flush                                  0 / 0                 0 / 0                 0 / 0                 0 / 0           MB/s
[1070.170s][info   ][gc,stats    ]      Memory: Page Cache Hit L1                               382 / 949             339 / 1056            321 / 1642            321 / 1642        ops/s
[1070.170s][info   ][gc,stats    ]      Memory: Page Cache Hit L2                                 0 / 0                 0 / 0                 0 / 179               0 / 179         ops/s
[1070.170s][info   ][gc,stats    ]      Memory: Page Cache Miss                                   0 / 0                 0 / 0                13 / 341              13 / 341         ops/s
[1070.170s][info   ][gc,stats    ]      Memory: Undo Object Allocation Failed                     0 / 0                 0 / 0                 0 / 0                 0 / 0           ops/s
[1070.170s][info   ][gc,stats    ]      Memory: Undo Object Allocation Succeeded                 62 / 623               2 / 623               1 / 623               1 / 623         ops/s
[1070.170s][info   ][gc,stats    ]      Memory: Undo Page Allocation                              0 / 0                 0 / 0                 0 / 69                0 / 69          ops/s
[1070.170s][info   ][gc,stats    ]       Phase: Concurrent Destroy Detached Pages             0.001 / 0.001         0.001 / 0.001         0.001 / 0.001         0.001 / 0.001       ms
[1070.170s][info   ][gc,stats    ]       Phase: Concurrent Mark                             185.266 / 185.266     194.940 / 207.160     195.580 / 275.553     195.580 / 275.553     ms
[1070.170s][info   ][gc,stats    ]       Phase: Concurrent Mark Continue                      0.000 / 0.000         1.301 / 1.335         1.340 / 1.416         1.340 / 1.416       ms
[1070.170s][info   ][gc,stats    ]       Phase: Concurrent Prepare Relocation Set            10.419 / 10.419       14.359 / 29.002       20.033 / 89.649       20.033 / 89.649      ms
[1070.170s][info   ][gc,stats    ]       Phase: Concurrent Process Non-Strong References      1.681 / 1.681         1.656 / 1.910         2.290 / 19.270        2.290 / 19.270      ms
[1070.170s][info   ][gc,stats    ]       Phase: Concurrent Relocate                         109.356 / 109.356     103.404 / 115.167      99.556 / 165.671      99.556 / 165.671     ms
[1070.170s][info   ][gc,stats    ]       Phase: Concurrent Reset Relocation Set               1.219 / 1.219         1.576 / 2.283         2.180 / 14.653        2.180 / 14.653      ms
[1070.170s][info   ][gc,stats    ]       Phase: Concurrent Select Relocation Set              2.953 / 2.953         3.120 / 11.393        3.517 / 12.148        3.517 / 12.148      ms
[1070.170s][info   ][gc,stats    ]       Phase: Pause Mark End                                0.582 / 0.582         0.668 / 1.288         0.709 / 1.288         0.709 / 1.288       ms
[1070.170s][info   ][gc,stats    ]       Phase: Pause Mark Start                              0.212 / 0.212         0.200 / 0.678         0.273 / 1.400         0.273 / 1.400       ms
[1070.170s][info   ][gc,stats    ]       Phase: Pause Relocate Start                          0.165 / 0.165         0.189 / 0.265         0.208 / 1.025         0.208 / 1.025       ms
[1070.170s][info   ][gc,stats    ]       Phase: Pause Verify                                  0.000 / 0.000         0.000 / 0.000         0.000 / 0.000         0.000 / 0.000       ms
[1070.170s][info   ][gc,stats    ]    Subphase: Concurrent Classes Unload                     1.374 / 1.374         1.350 / 1.565         1.928 / 18.723        1.928 / 18.723      ms
[1070.170s][info   ][gc,stats    ]    Subphase: Concurrent Mark                             184.063 / 184.586     183.261 / 206.489     184.464 / 273.889     184.464 / 273.889     ms
[1070.170s][info   ][gc,stats    ]    Subphase: Concurrent Mark Idle                          1.137 / 1.168         1.136 / 1.413         1.137 / 1.413         1.137 / 1.413       ms
[1070.170s][info   ][gc,stats    ]    Subphase: Concurrent Mark Try Flush                     0.070 / 0.111         0.071 / 0.324         0.075 / 0.545         0.075 / 0.545       ms
[1070.170s][info   ][gc,stats    ]    Subphase: Concurrent Mark Try Terminate                 1.136 / 1.172         1.133 / 1.418         1.135 / 1.418         1.135 / 1.418       ms
[1070.170s][info   ][gc,stats    ]    Subphase: Concurrent References Enqueue                 0.004 / 0.004         0.005 / 0.006         0.005 / 0.008         0.005 / 0.008       ms
[1070.170s][info   ][gc,stats    ]    Subphase: Concurrent References Process                 0.065 / 0.065         0.062 / 0.104         0.069 / 0.140         0.069 / 0.140       ms
[1070.170s][info   ][gc,stats    ]    Subphase: Concurrent Roots                              0.063 / 0.391         0.068 / 0.885         0.084 / 2.807         0.084 / 2.807       ms
[1070.170s][info   ][gc,stats    ]    Subphase: Concurrent Roots ClassLoaderDataGraph         0.056 / 0.388         0.061 / 0.882         0.074 / 2.804         0.074 / 2.804       ms
[1070.170s][info   ][gc,stats    ]    Subphase: Concurrent Roots JNIHandles                   0.006 / 0.012         0.010 / 0.069         0.023 / 0.551         0.023 / 0.551       ms
[1070.170s][info   ][gc,stats    ]    Subphase: Concurrent Roots Setup                        0.081 / 0.081         0.135 / 1.420         0.196 / 1.622         0.196 / 1.622       ms
[1070.170s][info   ][gc,stats    ]    Subphase: Concurrent Roots Teardown                     0.001 / 0.001         0.001 / 0.001         0.001 / 0.001         0.001 / 0.001       ms
[1070.170s][info   ][gc,stats    ]    Subphase: Concurrent Weak Roots                         0.154 / 0.173         0.182 / 0.273         0.218 / 1.376         0.218 / 1.376       ms
[1070.170s][info   ][gc,stats    ]    Subphase: Concurrent Weak Roots JNIWeakHandles          0.003 / 0.008         0.002 / 0.012         0.002 / 0.073         0.002 / 0.073       ms
[1070.170s][info   ][gc,stats    ]    Subphase: Concurrent Weak Roots StringTable             0.128 / 0.160         0.155 / 0.264         0.191 / 1.327         0.191 / 1.327       ms
[1070.170s][info   ][gc,stats    ]    Subphase: Concurrent Weak Roots VMWeakHandles           0.023 / 0.042         0.022 / 0.052         0.023 / 0.052         0.023 / 0.052       ms
[1070.170s][info   ][gc,stats    ]    Subphase: Pause Mark Try Complete                       0.093 / 0.368         0.124 / 1.028         0.156 / 1.028         0.156 / 1.028       ms
[1070.170s][info   ][gc,stats    ]    Subphase: Pause Roots                                   0.041 / 0.142         0.035 / 0.329         0.042 / 1.060         0.042 / 1.060       ms
[1070.170s][info   ][gc,stats    ]    Subphase: Pause Roots CodeCache                         0.000 / 0.000         0.000 / 0.000         0.000 / 0.000         0.000 / 0.000       ms
[1070.170s][info   ][gc,stats    ]    Subphase: Pause Roots JVMTIExport                       0.001 / 0.001         0.001 / 0.002         0.002 / 0.017         0.002 / 0.017       ms
[1070.170s][info   ][gc,stats    ]    Subphase: Pause Roots JVMTIWeakExport                   0.001 / 0.001         0.001 / 0.002         0.001 / 0.002         0.001 / 0.002       ms
[1070.170s][info   ][gc,stats    ]    Subphase: Pause Roots Management                        0.003 / 0.003         0.004 / 0.036         0.009 / 0.430         0.009 / 0.430       ms
[1070.170s][info   ][gc,stats    ]    Subphase: Pause Roots ObjectSynchronizer                0.001 / 0.001         0.001 / 0.001         0.001 / 0.011         0.001 / 0.011       ms
[1070.170s][info   ][gc,stats    ]    Subphase: Pause Roots Setup                             0.001 / 0.001         0.001 / 0.002         0.001 / 0.002         0.001 / 0.002       ms
[1070.170s][info   ][gc,stats    ]    Subphase: Pause Roots SystemDictionary                  0.012 / 0.014         0.021 / 0.171         0.034 / 0.734         0.034 / 0.734       ms
[1070.170s][info   ][gc,stats    ]    Subphase: Pause Roots Teardown                          0.004 / 0.006         0.003 / 0.006         0.004 / 0.009         0.004 / 0.009       ms
[1070.170s][info   ][gc,stats    ]    Subphase: Pause Roots Threads                           0.045 / 0.139         0.042 / 0.316         0.050 / 1.042         0.050 / 1.042       ms
[1070.170s][info   ][gc,stats    ]    Subphase: Pause Roots Universe                          0.004 / 0.005         0.007 / 0.021         0.013 / 0.626         0.013 / 0.626       ms
[1070.170s][info   ][gc,stats    ]    Subphase: Pause Weak Roots                              0.001 / 0.005         0.001 / 0.025         0.001 / 0.025         0.001 / 0.025       ms
[1070.170s][info   ][gc,stats    ]    Subphase: Pause Weak Roots JFRWeak                      0.001 / 0.001         0.001 / 0.002         0.001 / 0.002         0.001 / 0.002       ms
[1070.170s][info   ][gc,stats    ]    Subphase: Pause Weak Roots JVMTIWeakExport              0.001 / 0.001         0.001 / 0.002         0.001 / 0.002         0.001 / 0.002       ms
[1070.170s][info   ][gc,stats    ]    Subphase: Pause Weak Roots Setup                        0.001 / 0.001         0.001 / 0.001         0.001 / 0.001         0.001 / 0.001       ms
[1070.170s][info   ][gc,stats    ]    Subphase: Pause Weak Roots Teardown                     0.001 / 0.001         0.001 / 0.002         0.001 / 0.004         0.001 / 0.004       ms
[1070.170s][info   ][gc,stats    ]      System: Java Threads                                     62 / 62               61 / 62               60 / 65               60 / 65          threads
[1070.170s][info   ][gc,stats    ] =========================================================================================================================================================
[1076.269s][info   ][gc,start    ] GC(57) Garbage Collection (Proactive)
[1076.270s][info   ][gc,phases   ] GC(57) Pause Mark Start 0.155ms
[1076.472s][info   ][gc,phases   ] GC(57) Concurrent Mark 201.981ms
[1076.473s][info   ][gc,phases   ] GC(57) Pause Mark End 0.605ms
[1076.474s][info   ][gc,phases   ] GC(57) Concurrent Process Non-Strong References 1.589ms
[1076.475s][info   ][gc,phases   ] GC(57) Concurrent Reset Relocation Set 1.194ms
[1076.475s][info   ][gc,phases   ] GC(57) Concurrent Destroy Detached Pages 0.001ms
[1076.478s][info   ][gc,phases   ] GC(57) Concurrent Select Relocation Set 2.883ms
[1076.490s][info   ][gc,phases   ] GC(57) Concurrent Prepare Relocation Set 11.718ms
[1076.490s][info   ][gc,phases   ] GC(57) Pause Relocate Start 0.181ms
[1076.593s][info   ][gc,phases   ] GC(57) Concurrent Relocate 102.798ms
[1076.593s][info   ][gc,load     ] GC(57) Load: 3.21/3.76/2.66
[1076.593s][info   ][gc,mmu      ] GC(57) MMU: 2ms/30.0%, 5ms/69.9%, 10ms/81.7%, 20ms/87.7%, 50ms/95.1%, 100ms/97.5%
[1076.593s][info   ][gc,marking  ] GC(57) Mark: 8 stripe(s), 10 proactive flush(es), 1 terminate flush(es), 1 completion(s), 0 continuation(s) 
[1076.593s][info   ][gc,reloc    ] GC(57) Relocation: Successful, 1449M relocated
[1076.593s][info   ][gc,nmethod  ] GC(57) NMethods: 5667 registered, 1195 unregistered
[1076.593s][info   ][gc,metaspace] GC(57) Metaspace: 40M used, 41M capacity, 41M committed, 42M reserved
[1076.593s][info   ][gc,ref      ] GC(57) Soft: 3327 encountered, 0 discovered, 0 enqueued
[1076.593s][info   ][gc,ref      ] GC(57) Weak: 1530 encountered, 361 discovered, 0 enqueued
[1076.593s][info   ][gc,ref      ] GC(57) Final: 30 encountered, 3 discovered, 3 enqueued
[1076.593s][info   ][gc,ref      ] GC(57) Phantom: 120 encountered, 88 discovered, 0 enqueued
[1076.594s][info   ][gc,heap     ] GC(57)                Mark Start          Mark End        Relocate Start      Relocate End           High               Low         
[1076.594s][info   ][gc,heap     ] GC(57)  Capacity:    30390M (30%)       30390M (30%)       30390M (30%)       30390M (30%)       30390M (30%)       30390M (30%)    
[1076.594s][info   ][gc,heap     ] GC(57)   Reserve:       80M (0%)           80M (0%)           80M (0%)           80M (0%)           80M (0%)           80M (0%)     
[1076.594s][info   ][gc,heap     ] GC(57)      Free:    86166M (86%)       85966M (86%)       89732M (89%)       96254M (96%)       96254M (96%)       85966M (86%)    
[1076.594s][info   ][gc,heap     ] GC(57)      Used:    14106M (14%)       14306M (14%)       10540M (11%)        4018M (4%)        14306M (14%)        4018M (4%)     
[1076.594s][info   ][gc,heap     ] GC(57)      Live:         -              3523M (4%)         3523M (4%)         3523M (4%)             -                  -          
[1076.594s][info   ][gc,heap     ] GC(57) Allocated:         -               200M (0%)          206M (0%)         1614M (2%)             -                  -          
[1076.594s][info   ][gc,heap     ] GC(57)   Garbage:         -             10582M (11%)        6810M (7%)          240M (0%)             -                  -          
[1076.594s][info   ][gc,heap     ] GC(57) Reclaimed:         -                  -              3772M (4%)        10342M (10%)            -                  -          
[1076.594s][info   ][gc          ] GC(57) Garbage Collection (Proactive) 14106M(14%)->4018M(4%)
[1080.169s][info   ][gc,stats    ] === Garbage Collection Statistics =======================================================================================================================
[1080.169s][info   ][gc,stats    ]                                                              Last 10s              Last 10m              Last 10h                Total
[1080.169s][info   ][gc,stats    ]                                                              Avg / Max             Avg / Max             Avg / Max             Avg / Max
[1080.169s][info   ][gc,stats    ]   Collector: Garbage Collection Cycle                    324.005 / 324.005     321.337 / 354.075     325.503 / 515.532     325.503 / 515.532     ms
[1080.169s][info   ][gc,stats    ]  Contention: Mark Segment Reset Contention                    16 / 166              12 / 383              14 / 850              14 / 850         ops/s
[1080.169s][info   ][gc,stats    ]  Contention: Mark SeqNum Reset Contention                      0 / 0                 0 / 3                 0 / 9                 0 / 9           ops/s
[1080.169s][info   ][gc,stats    ]  Contention: Relocation Contention                             0 / 9                 2 / 623               1 / 623               1 / 623         ops/s
[1080.169s][info   ][gc,stats    ]    Critical: Allocation Stall                              0.000 / 0.000         0.000 / 0.000         0.000 / 0.000         0.000 / 0.000       ms
[1080.169s][info   ][gc,stats    ]    Critical: Allocation Stall                                  0 / 0                 0 / 0                 0 / 0                 0 / 0           ops/s
[1080.169s][info   ][gc,stats    ]    Critical: GC Locker Stall                               0.000 / 0.000         0.000 / 0.000         0.000 / 0.000         0.000 / 0.000       ms
[1080.169s][info   ][gc,stats    ]    Critical: GC Locker Stall                                   0 / 0                 0 / 0                 0 / 0                 0 / 0           ops/s
[1080.169s][info   ][gc,stats    ]      Memory: Allocation Rate                                 640 / 684             623 / 848             621 / 1436            621 / 1436        MB/s
[1080.169s][info   ][gc,stats    ]      Memory: Heap Used After Mark                          14306 / 14306         14456 / 15376         15225 / 30288         15225 / 30288       MB
[1080.169s][info   ][gc,stats    ]      Memory: Heap Used After Relocation                     4018 / 4018           3972 / 4042           3846 / 4228           3846 / 4228        MB
[1080.169s][info   ][gc,stats    ]      Memory: Heap Used Before Mark                         14106 / 14106         14268 / 15194         15042 / 30112         15042 / 30112       MB
[1080.169s][info   ][gc,stats    ]      Memory: Heap Used Before Relocation                   10540 / 10540         10653 / 11370         11023 / 20378         11023 / 20378       MB
[1080.169s][info   ][gc,stats    ]      Memory: Out Of Memory                                     0 / 0                 0 / 0                 0 / 0                 0 / 0           ops/s
[1080.170s][info   ][gc,stats    ]      Memory: Page Cache Flush                                  0 / 0                 0 / 0                 0 / 0                 0 / 0           MB/s
[1080.170s][info   ][gc,stats    ]      Memory: Page Cache Hit L1                               376 / 998             340 / 1056            322 / 1642            322 / 1642        ops/s
[1080.170s][info   ][gc,stats    ]      Memory: Page Cache Hit L2                                 0 / 0                 0 / 0                 0 / 179               0 / 179         ops/s
[1080.170s][info   ][gc,stats    ]      Memory: Page Cache Miss                                   0 / 0                 0 / 0                13 / 341              13 / 341         ops/s
[1080.170s][info   ][gc,stats    ]      Memory: Undo Object Allocation Failed                     0 / 0                 0 / 0                 0 / 0                 0 / 0           ops/s
[1080.170s][info   ][gc,stats    ]      Memory: Undo Object Allocation Succeeded                  0 / 9                 2 / 623               1 / 623               1 / 623         ops/s
[1080.170s][info   ][gc,stats    ]      Memory: Undo Page Allocation                              0 / 0                 0 / 0                 0 / 69                0 / 69          ops/s
[1080.170s][info   ][gc,stats    ]       Phase: Concurrent Destroy Detached Pages             0.001 / 0.001         0.001 / 0.001         0.001 / 0.001         0.001 / 0.001       ms
[1080.170s][info   ][gc,stats    ]       Phase: Concurrent Mark                             201.981 / 201.981     195.136 / 207.160     195.690 / 275.553     195.690 / 275.553     ms
[1080.170s][info   ][gc,stats    ]       Phase: Concurrent Mark Continue                      0.000 / 0.000         1.301 / 1.335         1.340 / 1.416         1.340 / 1.416       ms
[1080.170s][info   ][gc,stats    ]       Phase: Concurrent Prepare Relocation Set            11.718 / 11.718       14.285 / 29.002       19.889 / 89.649       19.889 / 89.649      ms
[1080.170s][info   ][gc,stats    ]       Phase: Concurrent Process Non-Strong References      1.589 / 1.589         1.654 / 1.910         2.278 / 19.270        2.278 / 19.270      ms
[1080.170s][info   ][gc,stats    ]       Phase: Concurrent Relocate                         102.798 / 102.798     103.387 / 115.167      99.612 / 165.671      99.612 / 165.671     ms
[1080.170s][info   ][gc,stats    ]       Phase: Concurrent Reset Relocation Set               1.194 / 1.194         1.565 / 2.283         2.163 / 14.653        2.163 / 14.653      ms
[1080.170s][info   ][gc,stats    ]       Phase: Concurrent Select Relocation Set              2.883 / 2.883         3.113 / 11.393        3.506 / 12.148        3.506 / 12.148      ms
[1080.170s][info   ][gc,stats    ]       Phase: Pause Mark End                                0.605 / 0.605         0.666 / 1.288         0.707 / 1.288         0.707 / 1.288       ms
[1080.170s][info   ][gc,stats    ]       Phase: Pause Mark Start                              0.155 / 0.155         0.199 / 0.678         0.271 / 1.400         0.271 / 1.400       ms
[1080.170s][info   ][gc,stats    ]       Phase: Pause Relocate Start                          0.181 / 0.181         0.188 / 0.265         0.208 / 1.025         0.208 / 1.025       ms
[1080.170s][info   ][gc,stats    ]       Phase: Pause Verify                                  0.000 / 0.000         0.000 / 0.000         0.000 / 0.000         0.000 / 0.000       ms
[1080.170s][info   ][gc,stats    ]    Subphase: Concurrent Classes Unload                     1.333 / 1.333         1.350 / 1.565         1.918 / 18.723        1.918 / 18.723      ms
[1080.170s][info   ][gc,stats    ]    Subphase: Concurrent Mark                             200.856 / 201.364     183.724 / 206.489     184.733 / 273.889     184.733 / 273.889     ms
[1080.170s][info   ][gc,stats    ]    Subphase: Concurrent Mark Idle                          1.133 / 1.167         1.136 / 1.413         1.137 / 1.413         1.137 / 1.413       ms
[1080.170s][info   ][gc,stats    ]    Subphase: Concurrent Mark Try Flush                     0.056 / 0.119         0.071 / 0.324         0.075 / 0.545         0.075 / 0.545       ms
[1080.170s][info   ][gc,stats    ]    Subphase: Concurrent Mark Try Terminate                 1.133 / 1.171         1.133 / 1.418         1.135 / 1.418         1.135 / 1.418       ms
[1080.170s][info   ][gc,stats    ]    Subphase: Concurrent References Enqueue                 0.004 / 0.004         0.005 / 0.006         0.005 / 0.008         0.005 / 0.008       ms
[1080.170s][info   ][gc,stats    ]    Subphase: Concurrent References Process                 0.051 / 0.051         0.061 / 0.104         0.069 / 0.140         0.069 / 0.140       ms
[1080.170s][info   ][gc,stats    ]    Subphase: Concurrent Roots                              0.065 / 0.401         0.068 / 0.885         0.083 / 2.807         0.083 / 2.807       ms
[1080.170s][info   ][gc,stats    ]    Subphase: Concurrent Roots ClassLoaderDataGraph         0.058 / 0.392         0.061 / 0.882         0.074 / 2.804         0.074 / 2.804       ms
[1080.170s][info   ][gc,stats    ]    Subphase: Concurrent Roots JNIHandles                   0.007 / 0.013         0.010 / 0.069         0.023 / 0.551         0.023 / 0.551       ms
[1080.170s][info   ][gc,stats    ]    Subphase: Concurrent Roots Setup                        0.080 / 0.080         0.134 / 1.420         0.194 / 1.622         0.194 / 1.622       ms
[1080.170s][info   ][gc,stats    ]    Subphase: Concurrent Roots Teardown                     0.001 / 0.001         0.001 / 0.001         0.001 / 0.001         0.001 / 0.001       ms
[1080.170s][info   ][gc,stats    ]    Subphase: Concurrent Weak Roots                         0.145 / 0.162         0.181 / 0.273         0.217 / 1.376         0.217 / 1.376       ms
[1080.170s][info   ][gc,stats    ]    Subphase: Concurrent Weak Roots JNIWeakHandles          0.002 / 0.007         0.002 / 0.012         0.002 / 0.073         0.002 / 0.073       ms
[1080.170s][info   ][gc,stats    ]    Subphase: Concurrent Weak Roots StringTable             0.120 / 0.139         0.154 / 0.264         0.190 / 1.327         0.190 / 1.327       ms
[1080.170s][info   ][gc,stats    ]    Subphase: Concurrent Weak Roots VMWeakHandles           0.020 / 0.037         0.022 / 0.052         0.023 / 0.052         0.023 / 0.052       ms
[1080.170s][info   ][gc,stats    ]    Subphase: Pause Mark Try Complete                       0.095 / 0.357         0.123 / 1.028         0.155 / 1.028         0.155 / 1.028       ms
[1080.170s][info   ][gc,stats    ]    Subphase: Pause Roots                                   0.035 / 0.114         0.035 / 0.329         0.042 / 1.060         0.042 / 1.060       ms
[1080.170s][info   ][gc,stats    ]    Subphase: Pause Roots CodeCache                         0.000 / 0.000         0.000 / 0.000         0.000 / 0.000         0.000 / 0.000       ms
[1080.170s][info   ][gc,stats    ]    Subphase: Pause Roots JVMTIExport                       0.002 / 0.002         0.001 / 0.002         0.002 / 0.017         0.002 / 0.017       ms
[1080.170s][info   ][gc,stats    ]    Subphase: Pause Roots JVMTIWeakExport                   0.001 / 0.001         0.001 / 0.002         0.001 / 0.002         0.001 / 0.002       ms
[1080.170s][info   ][gc,stats    ]    Subphase: Pause Roots Management                        0.010 / 0.016         0.004 / 0.036         0.009 / 0.430         0.009 / 0.430       ms
[1080.170s][info   ][gc,stats    ]    Subphase: Pause Roots ObjectSynchronizer                0.001 / 0.001         0.001 / 0.001         0.001 / 0.011         0.001 / 0.011       ms
[1080.170s][info   ][gc,stats    ]    Subphase: Pause Roots Setup                             0.001 / 0.001         0.001 / 0.002         0.001 / 0.002         0.001 / 0.002       ms
[1080.170s][info   ][gc,stats    ]    Subphase: Pause Roots SystemDictionary                  0.062 / 0.111         0.022 / 0.171         0.035 / 0.734         0.035 / 0.734       ms
[1080.170s][info   ][gc,stats    ]    Subphase: Pause Roots Teardown                          0.003 / 0.004         0.003 / 0.006         0.004 / 0.009         0.004 / 0.009       ms
[1080.170s][info   ][gc,stats    ]    Subphase: Pause Roots Threads                           0.037 / 0.097         0.041 / 0.316         0.049 / 1.042         0.049 / 1.042       ms
[1080.170s][info   ][gc,stats    ]    Subphase: Pause Roots Universe                          0.020 / 0.036         0.007 / 0.036         0.013 / 0.626         0.013 / 0.626       ms
[1080.170s][info   ][gc,stats    ]    Subphase: Pause Weak Roots                              0.001 / 0.005         0.001 / 0.025         0.001 / 0.025         0.001 / 0.025       ms
[1080.170s][info   ][gc,stats    ]    Subphase: Pause Weak Roots JFRWeak                      0.001 / 0.001         0.001 / 0.002         0.001 / 0.002         0.001 / 0.002       ms
[1080.170s][info   ][gc,stats    ]    Subphase: Pause Weak Roots JVMTIWeakExport              0.001 / 0.001         0.001 / 0.002         0.001 / 0.002         0.001 / 0.002       ms
[1080.170s][info   ][gc,stats    ]    Subphase: Pause Weak Roots Setup                        0.001 / 0.001         0.001 / 0.001         0.001 / 0.001         0.001 / 0.001       ms
[1080.170s][info   ][gc,stats    ]    Subphase: Pause Weak Roots Teardown                     0.001 / 0.001         0.001 / 0.002         0.001 / 0.004         0.001 / 0.004       ms
[1080.170s][info   ][gc,stats    ]      System: Java Threads                                     62 / 62               61 / 62               60 / 65               60 / 65          threads
[1080.170s][info   ][gc,stats    ] =========================================================================================================================================================
[1090.170s][info   ][gc,stats    ] === Garbage Collection Statistics =======================================================================================================================
[1090.170s][info   ][gc,stats    ]                                                              Last 10s              Last 10m              Last 10h                Total
[1090.170s][info   ][gc,stats    ]                                                              Avg / Max             Avg / Max             Avg / Max             Avg / Max
[1090.170s][info   ][gc,stats    ]   Collector: Garbage Collection Cycle                      0.000 / 0.000       321.072 / 354.075     325.503 / 515.532     325.503 / 515.532     ms
[1090.170s][info   ][gc,stats    ]  Contention: Mark Segment Reset Contention                     0 / 0                12 / 383              14 / 850              14 / 850         ops/s
[1090.170s][info   ][gc,stats    ]  Contention: Mark SeqNum Reset Contention                      0 / 0                 0 / 3                 0 / 9                 0 / 9           ops/s
[1090.170s][info   ][gc,stats    ]  Contention: Relocation Contention                             0 / 0                 2 / 623               1 / 623               1 / 623         ops/s
[1090.170s][info   ][gc,stats    ]    Critical: Allocation Stall                              0.000 / 0.000         0.000 / 0.000         0.000 / 0.000         0.000 / 0.000       ms
[1090.170s][info   ][gc,stats    ]    Critical: Allocation Stall                                  0 / 0                 0 / 0                 0 / 0                 0 / 0           ops/s
[1090.170s][info   ][gc,stats    ]    Critical: GC Locker Stall                               0.000 / 0.000         0.000 / 0.000         0.000 / 0.000         0.000 / 0.000       ms
[1090.170s][info   ][gc,stats    ]    Critical: GC Locker Stall                                   0 / 0                 0 / 0                 0 / 0                 0 / 0           ops/s
[1090.170s][info   ][gc,stats    ]      Memory: Allocation Rate                                 623 / 688             624 / 848             621 / 1436            621 / 1436        MB/s
[1090.170s][info   ][gc,stats    ]      Memory: Heap Used After Mark                              0 / 0             14463 / 15376         15225 / 30288         15225 / 30288       MB
[1090.170s][info   ][gc,stats    ]      Memory: Heap Used After Relocation                        0 / 0              3972 / 4042           3846 / 4228           3846 / 4228        MB
[1090.170s][info   ][gc,stats    ]      Memory: Heap Used Before Mark                             0 / 0             14275 / 15194         15042 / 30112         15042 / 30112       MB
[1090.170s][info   ][gc,stats    ]      Memory: Heap Used Before Relocation                       0 / 0             10657 / 11370         11023 / 20378         11023 / 20378       MB
[1090.170s][info   ][gc,stats    ]      Memory: Out Of Memory                                     0 / 0                 0 / 0                 0 / 0                 0 / 0           ops/s
[1090.170s][info   ][gc,stats    ]      Memory: Page Cache Flush                                  0 / 0                 0 / 0                 0 / 0                 0 / 0           MB/s
[1090.170s][info   ][gc,stats    ]      Memory: Page Cache Hit L1                               301 / 329             339 / 1056            322 / 1642            322 / 1642        ops/s
[1090.170s][info   ][gc,stats    ]      Memory: Page Cache Hit L2                                 0 / 0                 0 / 0                 0 / 179               0 / 179         ops/s
[1090.170s][info   ][gc,stats    ]      Memory: Page Cache Miss                                   0 / 0                 0 / 0                13 / 341              13 / 341         ops/s
[1090.170s][info   ][gc,stats    ]      Memory: Undo Object Allocation Failed                     0 / 0                 0 / 0                 0 / 0                 0 / 0           ops/s
[1090.170s][info   ][gc,stats    ]      Memory: Undo Object Allocation Succeeded                  0 / 0                 2 / 623               1 / 623               1 / 623         ops/s
[1090.170s][info   ][gc,stats    ]      Memory: Undo Page Allocation                              0 / 0                 0 / 0                 0 / 69                0 / 69          ops/s
[1090.170s][info   ][gc,stats    ]       Phase: Concurrent Destroy Detached Pages             0.000 / 0.000         0.001 / 0.001         0.001 / 0.001         0.001 / 0.001       ms
[1090.170s][info   ][gc,stats    ]       Phase: Concurrent Mark                               0.000 / 0.000       194.908 / 207.160     195.690 / 275.553     195.690 / 275.553     ms
[1090.170s][info   ][gc,stats    ]       Phase: Concurrent Mark Continue                      0.000 / 0.000         1.301 / 1.335         1.340 / 1.416         1.340 / 1.416       ms
[1090.170s][info   ][gc,stats    ]       Phase: Concurrent Prepare Relocation Set             0.000 / 0.000        14.318 / 29.002       19.889 / 89.649       19.889 / 89.649      ms
[1090.170s][info   ][gc,stats    ]       Phase: Concurrent Process Non-Strong References      0.000 / 0.000         1.647 / 1.880         2.278 / 19.270        2.278 / 19.270      ms
[1090.170s][info   ][gc,stats    ]       Phase: Concurrent Relocate                           0.000 / 0.000       103.329 / 115.167      99.612 / 165.671      99.612 / 165.671     ms
[1090.170s][info   ][gc,stats    ]       Phase: Concurrent Reset Relocation Set               0.000 / 0.000         1.568 / 2.283         2.163 / 14.653        2.163 / 14.653      ms
[1090.170s][info   ][gc,stats    ]       Phase: Concurrent Select Relocation Set              0.000 / 0.000         3.112 / 11.393        3.506 / 12.148        3.506 / 12.148      ms
[1090.170s][info   ][gc,stats    ]       Phase: Pause Mark End                                0.000 / 0.000         0.666 / 1.288         0.707 / 1.288         0.707 / 1.288       ms
[1090.170s][info   ][gc,stats    ]       Phase: Pause Mark Start                              0.000 / 0.000         0.195 / 0.678         0.271 / 1.400         0.271 / 1.400       ms
[1090.170s][info   ][gc,stats    ]       Phase: Pause Relocate Start                          0.000 / 0.000         0.188 / 0.265         0.208 / 1.025         0.208 / 1.025       ms
[1090.170s][info   ][gc,stats    ]       Phase: Pause Verify                                  0.000 / 0.000         0.000 / 0.000         0.000 / 0.000         0.000 / 0.000       ms
[1090.170s][info   ][gc,stats    ]    Subphase: Concurrent Classes Unload                     0.000 / 0.000         1.346 / 1.565         1.918 / 18.723        1.918 / 18.723      ms
[1090.170s][info   ][gc,stats    ]    Subphase: Concurrent Mark                               0.000 / 0.000       183.249 / 206.489     184.733 / 273.889     184.733 / 273.889     ms
[1090.170s][info   ][gc,stats    ]    Subphase: Concurrent Mark Idle                          0.000 / 0.000         1.135 / 1.413         1.137 / 1.413         1.137 / 1.413       ms
[1090.170s][info   ][gc,stats    ]    Subphase: Concurrent Mark Try Flush                     0.000 / 0.000         0.070 / 0.324         0.075 / 0.545         0.075 / 0.545       ms
[1090.170s][info   ][gc,stats    ]    Subphase: Concurrent Mark Try Terminate                 0.000 / 0.000         1.133 / 1.418         1.135 / 1.418         1.135 / 1.418       ms
[1090.170s][info   ][gc,stats    ]    Subphase: Concurrent References Enqueue                 0.000 / 0.000         0.005 / 0.006         0.005 / 0.008         0.005 / 0.008       ms
[1090.170s][info   ][gc,stats    ]    Subphase: Concurrent References Process                 0.000 / 0.000         0.062 / 0.104         0.069 / 0.140         0.069 / 0.140       ms
[1090.170s][info   ][gc,stats    ]    Subphase: Concurrent Roots                              0.000 / 0.000         0.067 / 0.641         0.083 / 2.807         0.083 / 2.807       ms
[1090.170s][info   ][gc,stats    ]    Subphase: Concurrent Roots ClassLoaderDataGraph         0.000 / 0.000         0.060 / 0.609         0.074 / 2.804         0.074 / 2.804       ms
[1090.170s][info   ][gc,stats    ]    Subphase: Concurrent Roots JNIHandles                   0.000 / 0.000         0.010 / 0.069         0.023 / 0.551         0.023 / 0.551       ms
[1090.170s][info   ][gc,stats    ]    Subphase: Concurrent Roots Setup                        0.000 / 0.000         0.126 / 1.420         0.194 / 1.622         0.194 / 1.622       ms
[1090.170s][info   ][gc,stats    ]    Subphase: Concurrent Roots Teardown                     0.000 / 0.000         0.001 / 0.001         0.001 / 0.001         0.001 / 0.001       ms
[1090.170s][info   ][gc,stats    ]    Subphase: Concurrent Weak Roots                         0.000 / 0.000         0.180 / 0.237         0.217 / 1.376         0.217 / 1.376       ms
[1090.170s][info   ][gc,stats    ]    Subphase: Concurrent Weak Roots JNIWeakHandles          0.000 / 0.000         0.002 / 0.012         0.002 / 0.073         0.002 / 0.073       ms
[1090.170s][info   ][gc,stats    ]    Subphase: Concurrent Weak Roots StringTable             0.000 / 0.000         0.153 / 0.193         0.190 / 1.327         0.190 / 1.327       ms
[1090.170s][info   ][gc,stats    ]    Subphase: Concurrent Weak Roots VMWeakHandles           0.000 / 0.000         0.023 / 0.052         0.023 / 0.052         0.023 / 0.052       ms
[1090.170s][info   ][gc,stats    ]    Subphase: Pause Mark Try Complete                       0.000 / 0.000         0.122 / 1.028         0.155 / 1.028         0.155 / 1.028       ms
[1090.170s][info   ][gc,stats    ]    Subphase: Pause Roots                                   0.000 / 0.000         0.035 / 0.329         0.042 / 1.060         0.042 / 1.060       ms
[1090.171s][info   ][gc,stats    ]    Subphase: Pause Roots CodeCache                         0.000 / 0.000         0.000 / 0.000         0.000 / 0.000         0.000 / 0.000       ms
[1090.171s][info   ][gc,stats    ]    Subphase: Pause Roots JVMTIExport                       0.000 / 0.000         0.001 / 0.002         0.002 / 0.017         0.002 / 0.017       ms
[1090.171s][info   ][gc,stats    ]    Subphase: Pause Roots JVMTIWeakExport                   0.000 / 0.000         0.001 / 0.002         0.001 / 0.002         0.001 / 0.002       ms
[1090.171s][info   ][gc,stats    ]    Subphase: Pause Roots Management                        0.000 / 0.000         0.004 / 0.036         0.009 / 0.430         0.009 / 0.430       ms
[1090.171s][info   ][gc,stats    ]    Subphase: Pause Roots ObjectSynchronizer                0.000 / 0.000         0.001 / 0.001         0.001 / 0.011         0.001 / 0.011       ms
[1090.171s][info   ][gc,stats    ]    Subphase: Pause Roots Setup                             0.000 / 0.000         0.001 / 0.002         0.001 / 0.002         0.001 / 0.002       ms
[1090.171s][info   ][gc,stats    ]    Subphase: Pause Roots SystemDictionary                  0.000 / 0.000         0.021 / 0.171         0.035 / 0.734         0.035 / 0.734       ms
[1090.171s][info   ][gc,stats    ]    Subphase: Pause Roots Teardown                          0.000 / 0.000         0.003 / 0.006         0.004 / 0.009         0.004 / 0.009       ms
[1090.171s][info   ][gc,stats    ]    Subphase: Pause Roots Threads                           0.000 / 0.000         0.041 / 0.316         0.049 / 1.042         0.049 / 1.042       ms
[1090.171s][info   ][gc,stats    ]    Subphase: Pause Roots Universe                          0.000 / 0.000         0.007 / 0.036         0.013 / 0.626         0.013 / 0.626       ms
[1090.171s][info   ][gc,stats    ]    Subphase: Pause Weak Roots                              0.000 / 0.000         0.001 / 0.025         0.001 / 0.025         0.001 / 0.025       ms
[1090.171s][info   ][gc,stats    ]    Subphase: Pause Weak Roots JFRWeak                      0.000 / 0.000         0.001 / 0.002         0.001 / 0.002         0.001 / 0.002       ms
[1090.171s][info   ][gc,stats    ]    Subphase: Pause Weak Roots JVMTIWeakExport              0.000 / 0.000         0.001 / 0.002         0.001 / 0.002         0.001 / 0.002       ms
[1090.171s][info   ][gc,stats    ]    Subphase: Pause Weak Roots Setup                        0.000 / 0.000         0.001 / 0.001         0.001 / 0.001         0.001 / 0.001       ms
[1090.171s][info   ][gc,stats    ]    Subphase: Pause Weak Roots Teardown                     0.000 / 0.000         0.001 / 0.002         0.001 / 0.004         0.001 / 0.004       ms
[1090.171s][info   ][gc,stats    ]      System: Java Threads                                      0 / 0                61 / 62               60 / 65               60 / 65          threads
[1090.171s][info   ][gc,stats    ] =========================================================================================================================================================
[1092.869s][info   ][gc,start    ] GC(58) Garbage Collection (Proactive)
[1092.870s][info   ][gc,phases   ] GC(58) Pause Mark Start 0.180ms
[1093.066s][info   ][gc,phases   ] GC(58) Concurrent Mark 196.067ms
[1093.067s][info   ][gc,phases   ] GC(58) Pause Mark End 0.962ms
[1093.069s][info   ][gc,phases   ] GC(58) Concurrent Process Non-Strong References 1.630ms
[1093.071s][info   ][gc,phases   ] GC(58) Concurrent Reset Relocation Set 1.823ms
[1093.071s][info   ][gc,phases   ] GC(58) Concurrent Destroy Detached Pages 0.001ms
[1093.074s][info   ][gc,phases   ] GC(58) Concurrent Select Relocation Set 3.052ms
[1093.091s][info   ][gc,phases   ] GC(58) Concurrent Prepare Relocation Set 17.586ms
[1093.092s][info   ][gc,phases   ] GC(58) Pause Relocate Start 0.169ms
[1093.192s][info   ][gc,phases   ] GC(58) Concurrent Relocate 99.942ms
[1093.192s][info   ][gc,load     ] GC(58) Load: 3.61/3.82/2.69
[1093.192s][info   ][gc,mmu      ] GC(58) MMU: 2ms/30.0%, 5ms/69.9%, 10ms/81.7%, 20ms/87.7%, 50ms/95.1%, 100ms/97.5%
[1093.192s][info   ][gc,marking  ] GC(58) Mark: 8 stripe(s), 10 proactive flush(es), 2 terminate flush(es), 1 completion(s), 0 continuation(s) 
[1093.192s][info   ][gc,reloc    ] GC(58) Relocation: Successful, 1485M relocated
[1093.192s][info   ][gc,nmethod  ] GC(58) NMethods: 5671 registered, 1195 unregistered
[1093.192s][info   ][gc,metaspace] GC(58) Metaspace: 40M used, 41M capacity, 41M committed, 42M reserved
[1093.192s][info   ][gc,ref      ] GC(58) Soft: 3327 encountered, 0 discovered, 0 enqueued
[1093.192s][info   ][gc,ref      ] GC(58) Weak: 1530 encountered, 347 discovered, 0 enqueued
[1093.192s][info   ][gc,ref      ] GC(58) Final: 30 encountered, 3 discovered, 3 enqueued
[1093.192s][info   ][gc,ref      ] GC(58) Phantom: 120 encountered, 100 discovered, 0 enqueued
[1093.192s][info   ][gc,heap     ] GC(58)                Mark Start          Mark End        Relocate Start      Relocate End           High               Low         
[1093.192s][info   ][gc,heap     ] GC(58)  Capacity:    30390M (30%)       30390M (30%)       30390M (30%)       30390M (30%)       30390M (30%)       30390M (30%)    
[1093.192s][info   ][gc,heap     ] GC(58)   Reserve:       80M (0%)           80M (0%)           80M (0%)           80M (0%)           80M (0%)           80M (0%)     
[1093.192s][info   ][gc,heap     ] GC(58)      Free:    85948M (86%)       85760M (85%)       89614M (89%)       96288M (96%)       96288M (96%)       85756M (85%)    
[1093.192s][info   ][gc,heap     ] GC(58)      Used:    14324M (14%)       14512M (14%)       10658M (11%)        3984M (4%)        14516M (14%)        3984M (4%)     
[1093.192s][info   ][gc,heap     ] GC(58)      Live:         -              3533M (4%)         3533M (4%)         3533M (4%)             -                  -          
[1093.192s][info   ][gc,heap     ] GC(58) Allocated:         -               188M (0%)          194M (0%)         1586M (2%)             -                  -          
[1093.192s][info   ][gc,heap     ] GC(58)   Garbage:         -             10790M (11%)        6930M (7%)          222M (0%)             -                  -          
[1093.192s][info   ][gc,heap     ] GC(58) Reclaimed:         -                  -              3860M (4%)        10568M (11%)            -                  -          
[1093.192s][info   ][gc          ] GC(58) Garbage Collection (Proactive) 14324M(14%)->3984M(4%)
[1100.170s][info   ][gc,stats    ] === Garbage Collection Statistics =======================================================================================================================
[1100.170s][info   ][gc,stats    ]                                                              Last 10s              Last 10m              Last 10h                Total
[1100.170s][info   ][gc,stats    ]                                                              Avg / Max             Avg / Max             Avg / Max             Avg / Max
[1100.170s][info   ][gc,stats    ]   Collector: Garbage Collection Cycle                    322.456 / 322.456     321.111 / 354.075     325.451 / 515.532     325.451 / 515.532     ms
[1100.170s][info   ][gc,stats    ]  Contention: Mark Segment Reset Contention                    16 / 164              12 / 383              14 / 850              14 / 850         ops/s
[1100.170s][info   ][gc,stats    ]  Contention: Mark SeqNum Reset Contention                      0 / 1                 0 / 3                 0 / 9                 0 / 9           ops/s
[1100.170s][info   ][gc,stats    ]  Contention: Relocation Contention                             1 / 14                2 / 623               1 / 623               1 / 623         ops/s
[1100.170s][info   ][gc,stats    ]    Critical: Allocation Stall                              0.000 / 0.000         0.000 / 0.000         0.000 / 0.000         0.000 / 0.000       ms
[1100.170s][info   ][gc,stats    ]    Critical: Allocation Stall                                  0 / 0                 0 / 0                 0 / 0                 0 / 0           ops/s
[1100.170s][info   ][gc,stats    ]    Critical: GC Locker Stall                               0.000 / 0.000         0.000 / 0.000         0.000 / 0.000         0.000 / 0.000       ms
[1100.170s][info   ][gc,stats    ]    Critical: GC Locker Stall                                   0 / 0                 0 / 0                 0 / 0                 0 / 0           ops/s
[1100.170s][info   ][gc,stats    ]      Memory: Allocation Rate                                 652 / 700             625 / 848             621 / 1436            621 / 1436        MB/s
[1100.170s][info   ][gc,stats    ]      Memory: Heap Used After Mark                          14512 / 14512         14464 / 15376         15213 / 30288         15213 / 30288       MB
[1100.170s][info   ][gc,stats    ]      Memory: Heap Used After Relocation                     3984 / 3984           3972 / 4042           3848 / 4228           3848 / 4228        MB
[1100.170s][info   ][gc,stats    ]      Memory: Heap Used Before Mark                         14324 / 14324         14276 / 15194         15030 / 30112         15030 / 30112       MB
[1100.170s][info   ][gc,stats    ]      Memory: Heap Used Before Relocation                   10658 / 10658         10657 / 11370         11017 / 20378         11017 / 20378       MB
[1100.170s][info   ][gc,stats    ]      Memory: Out Of Memory                                     0 / 0                 0 / 0                 0 / 0                 0 / 0           ops/s
[1100.170s][info   ][gc,stats    ]      Memory: Page Cache Flush                                  0 / 0                 0 / 0                 0 / 0                 0 / 0           MB/s
[1100.170s][info   ][gc,stats    ]      Memory: Page Cache Hit L1                               381 / 856             340 / 1056            322 / 1642            322 / 1642        ops/s
[1100.170s][info   ][gc,stats    ]      Memory: Page Cache Hit L2                                 0 / 0                 0 / 0                 0 / 179               0 / 179         ops/s
[1100.170s][info   ][gc,stats    ]      Memory: Page Cache Miss                                   0 / 0                 0 / 0                13 / 341              13 / 341         ops/s
[1100.170s][info   ][gc,stats    ]      Memory: Undo Object Allocation Failed                     0 / 0                 0 / 0                 0 / 0                 0 / 0           ops/s
[1100.170s][info   ][gc,stats    ]      Memory: Undo Object Allocation Succeeded                  1 / 14                2 / 623               1 / 623               1 / 623         ops/s
[1100.170s][info   ][gc,stats    ]      Memory: Undo Page Allocation                              0 / 0                 0 / 0                 0 / 69                0 / 69          ops/s
[1100.170s][info   ][gc,stats    ]       Phase: Concurrent Destroy Detached Pages             0.001 / 0.001         0.001 / 0.001         0.001 / 0.001         0.001 / 0.001       ms
[1100.170s][info   ][gc,stats    ]       Phase: Concurrent Mark                             196.067 / 196.067     194.940 / 207.160     195.697 / 275.553     195.697 / 275.553     ms
[1100.170s][info   ][gc,stats    ]       Phase: Concurrent Mark Continue                      0.000 / 0.000         1.301 / 1.335         1.340 / 1.416         1.340 / 1.416       ms
[1100.170s][info   ][gc,stats    ]       Phase: Concurrent Prepare Relocation Set            17.586 / 17.586       14.409 / 29.002       19.850 / 89.649       19.850 / 89.649      ms
[1100.170s][info   ][gc,stats    ]       Phase: Concurrent Process Non-Strong References      1.630 / 1.630         1.647 / 1.880         2.267 / 19.270        2.267 / 19.270      ms
[1100.170s][info   ][gc,stats    ]       Phase: Concurrent Relocate                          99.942 / 99.942      103.235 / 115.167      99.617 / 165.671      99.617 / 165.671     ms
[1100.170s][info   ][gc,stats    ]       Phase: Concurrent Reset Relocation Set               1.823 / 1.823         1.575 / 2.283         2.158 / 14.653        2.158 / 14.653      ms
[1100.170s][info   ][gc,stats    ]       Phase: Concurrent Select Relocation Set              3.052 / 3.052         3.110 / 11.393        3.499 / 12.148        3.499 / 12.148      ms
[1100.170s][info   ][gc,stats    ]       Phase: Pause Mark End                                0.962 / 0.962         0.674 / 1.288         0.711 / 1.288         0.711 / 1.288       ms
[1100.170s][info   ][gc,stats    ]       Phase: Pause Mark Start                              0.180 / 0.180         0.195 / 0.678         0.270 / 1.400         0.270 / 1.400       ms
[1100.170s][info   ][gc,stats    ]       Phase: Pause Relocate Start                          0.169 / 0.169         0.187 / 0.265         0.207 / 1.025         0.207 / 1.025       ms
[1100.170s][info   ][gc,stats    ]       Phase: Pause Verify                                  0.000 / 0.000         0.000 / 0.000         0.000 / 0.000         0.000 / 0.000       ms
[1100.170s][info   ][gc,stats    ]    Subphase: Concurrent Classes Unload                     1.337 / 1.337         1.345 / 1.565         1.908 / 18.723        1.908 / 18.723      ms
[1100.170s][info   ][gc,stats    ]    Subphase: Concurrent Mark                             195.006 / 195.378     183.558 / 206.489     184.899 / 273.889     184.899 / 273.889     ms
[1100.170s][info   ][gc,stats    ]    Subphase: Concurrent Mark Idle                          1.138 / 1.264         1.136 / 1.413         1.137 / 1.413         1.137 / 1.413       ms
[1100.170s][info   ][gc,stats    ]    Subphase: Concurrent Mark Try Flush                     0.067 / 0.112         0.070 / 0.324         0.075 / 0.545         0.075 / 0.545       ms
[1100.170s][info   ][gc,stats    ]    Subphase: Concurrent Mark Try Terminate                 1.137 / 1.267         1.133 / 1.418         1.135 / 1.418         1.135 / 1.418       ms
[1100.170s][info   ][gc,stats    ]    Subphase: Concurrent References Enqueue                 0.006 / 0.006         0.005 / 0.006         0.005 / 0.008         0.005 / 0.008       ms
[1100.170s][info   ][gc,stats    ]    Subphase: Concurrent References Process                 0.057 / 0.057         0.061 / 0.104         0.069 / 0.140         0.069 / 0.140       ms
[1100.170s][info   ][gc,stats    ]    Subphase: Concurrent Roots                              0.071 / 0.479         0.067 / 0.641         0.083 / 2.807         0.083 / 2.807       ms
[1100.170s][info   ][gc,stats    ]    Subphase: Concurrent Roots ClassLoaderDataGraph         0.062 / 0.462         0.060 / 0.609         0.074 / 2.804         0.074 / 2.804       ms
[1100.170s][info   ][gc,stats    ]    Subphase: Concurrent Roots JNIHandles                   0.011 / 0.015         0.010 / 0.069         0.022 / 0.551         0.022 / 0.551       ms
[1100.170s][info   ][gc,stats    ]    Subphase: Concurrent Roots Setup                        0.081 / 0.081         0.125 / 1.420         0.192 / 1.622         0.192 / 1.622       ms
[1100.170s][info   ][gc,stats    ]    Subphase: Concurrent Roots Teardown                     0.001 / 0.001         0.001 / 0.001         0.001 / 0.001         0.001 / 0.001       ms
[1100.170s][info   ][gc,stats    ]    Subphase: Concurrent Weak Roots                         0.171 / 0.185         0.179 / 0.237         0.216 / 1.376         0.216 / 1.376       ms
[1100.170s][info   ][gc,stats    ]    Subphase: Concurrent Weak Roots JNIWeakHandles          0.002 / 0.005         0.002 / 0.012         0.002 / 0.073         0.002 / 0.073       ms
[1100.170s][info   ][gc,stats    ]    Subphase: Concurrent Weak Roots StringTable             0.144 / 0.152         0.153 / 0.193         0.189 / 1.327         0.189 / 1.327       ms
[1100.170s][info   ][gc,stats    ]    Subphase: Concurrent Weak Roots VMWeakHandles           0.024 / 0.038         0.023 / 0.052         0.023 / 0.052         0.023 / 0.052       ms
[1100.170s][info   ][gc,stats    ]    Subphase: Pause Mark Try Complete                       0.168 / 0.709         0.123 / 1.028         0.155 / 1.028         0.155 / 1.028       ms
[1100.170s][info   ][gc,stats    ]    Subphase: Pause Roots                                   0.030 / 0.092         0.034 / 0.329         0.041 / 1.060         0.041 / 1.060       ms
[1100.170s][info   ][gc,stats    ]    Subphase: Pause Roots CodeCache                         0.000 / 0.000         0.000 / 0.000         0.000 / 0.000         0.000 / 0.000       ms
[1100.170s][info   ][gc,stats    ]    Subphase: Pause Roots JVMTIExport                       0.001 / 0.002         0.001 / 0.002         0.002 / 0.017         0.002 / 0.017       ms
[1100.170s][info   ][gc,stats    ]    Subphase: Pause Roots JVMTIWeakExport                   0.001 / 0.001         0.001 / 0.002         0.001 / 0.002         0.001 / 0.002       ms
[1100.170s][info   ][gc,stats    ]    Subphase: Pause Roots Management                        0.003 / 0.003         0.004 / 0.036         0.008 / 0.430         0.008 / 0.430       ms
[1100.170s][info   ][gc,stats    ]    Subphase: Pause Roots ObjectSynchronizer                0.001 / 0.001         0.001 / 0.001         0.001 / 0.011         0.001 / 0.011       ms
[1100.170s][info   ][gc,stats    ]    Subphase: Pause Roots Setup                             0.001 / 0.001         0.001 / 0.002         0.001 / 0.002         0.001 / 0.002       ms
[1100.170s][info   ][gc,stats    ]    Subphase: Pause Roots SystemDictionary                  0.015 / 0.021         0.021 / 0.171         0.035 / 0.734         0.035 / 0.734       ms
[1100.170s][info   ][gc,stats    ]    Subphase: Pause Roots Teardown                          0.003 / 0.004         0.003 / 0.006         0.004 / 0.009         0.004 / 0.009       ms
[1100.170s][info   ][gc,stats    ]    Subphase: Pause Roots Threads                           0.036 / 0.074         0.041 / 0.316         0.049 / 1.042         0.049 / 1.042       ms
[1100.170s][info   ][gc,stats    ]    Subphase: Pause Roots Universe                          0.012 / 0.017         0.007 / 0.036         0.013 / 0.626         0.013 / 0.626       ms
[1100.170s][info   ][gc,stats    ]    Subphase: Pause Weak Roots                              0.001 / 0.005         0.001 / 0.025         0.001 / 0.025         0.001 / 0.025       ms
[1100.170s][info   ][gc,stats    ]    Subphase: Pause Weak Roots JFRWeak                      0.001 / 0.001         0.001 / 0.002         0.001 / 0.002         0.001 / 0.002       ms
[1100.170s][info   ][gc,stats    ]    Subphase: Pause Weak Roots JVMTIWeakExport              0.001 / 0.001         0.001 / 0.002         0.001 / 0.002         0.001 / 0.002       ms
[1100.170s][info   ][gc,stats    ]    Subphase: Pause Weak Roots Setup                        0.001 / 0.001         0.001 / 0.001         0.001 / 0.001         0.001 / 0.001       ms
[1100.170s][info   ][gc,stats    ]    Subphase: Pause Weak Roots Teardown                     0.001 / 0.001         0.001 / 0.002         0.001 / 0.004         0.001 / 0.004       ms
[1100.170s][info   ][gc,stats    ]      System: Java Threads                                     62 / 62               61 / 62               60 / 65               60 / 65          threads
[1100.170s][info   ][gc,stats    ] =========================================================================================================================================================
[1109.270s][info   ][gc,start    ] GC(59) Garbage Collection (Proactive)
[1109.270s][info   ][gc,phases   ] GC(59) Pause Mark Start 0.159ms
[1109.460s][info   ][gc,phases   ] GC(59) Concurrent Mark 189.849ms
[1109.461s][info   ][gc,phases   ] GC(59) Pause Mark End 0.578ms
[1109.463s][info   ][gc,phases   ] GC(59) Concurrent Process Non-Strong References 1.671ms
[1109.465s][info   ][gc,phases   ] GC(59) Concurrent Reset Relocation Set 2.038ms
[1109.465s][info   ][gc,phases   ] GC(59) Concurrent Destroy Detached Pages 0.001ms
[1109.467s][info   ][gc,phases   ] GC(59) Concurrent Select Relocation Set 2.256ms
[1109.484s][info   ][gc,phases   ] GC(59) Concurrent Prepare Relocation Set 17.146ms
[1109.485s][info   ][gc,phases   ] GC(59) Pause Relocate Start 0.179ms
[1109.590s][info   ][gc,phases   ] GC(59) Concurrent Relocate 105.179ms
[1109.590s][info   ][gc,load     ] GC(59) Load: 3.82/3.88/2.74
[1109.590s][info   ][gc,mmu      ] GC(59) MMU: 2ms/30.0%, 5ms/69.9%, 10ms/81.7%, 20ms/87.7%, 50ms/95.1%, 100ms/97.5%
[1109.590s][info   ][gc,marking  ] GC(59) Mark: 8 stripe(s), 10 proactive flush(es), 2 terminate flush(es), 1 completion(s), 0 continuation(s) 
[1109.590s][info   ][gc,reloc    ] GC(59) Relocation: Successful, 1478M relocated
[1109.590s][info   ][gc,nmethod  ] GC(59) NMethods: 5671 registered, 1195 unregistered
[1109.590s][info   ][gc,metaspace] GC(59) Metaspace: 40M used, 41M capacity, 41M committed, 42M reserved
[1109.590s][info   ][gc,ref      ] GC(59) Soft: 3327 encountered, 0 discovered, 0 enqueued
[1109.590s][info   ][gc,ref      ] GC(59) Weak: 1530 encountered, 518 discovered, 0 enqueued
[1109.590s][info   ][gc,ref      ] GC(59) Final: 31 encountered, 4 discovered, 4 enqueued
[1109.590s][info   ][gc,ref      ] GC(59) Phantom: 120 encountered, 76 discovered, 0 enqueued
[1109.590s][info   ][gc,heap     ] GC(59)                Mark Start          Mark End        Relocate Start      Relocate End           High               Low         
[1109.590s][info   ][gc,heap     ] GC(59)  Capacity:    30390M (30%)       30390M (30%)       30390M (30%)       30390M (30%)       30390M (30%)       30390M (30%)    
[1109.590s][info   ][gc,heap     ] GC(59)   Reserve:       80M (0%)           80M (0%)           80M (0%)           80M (0%)           80M (0%)           80M (0%)     
[1109.590s][info   ][gc,heap     ] GC(59)      Free:    86100M (86%)       85924M (86%)       89662M (89%)       96300M (96%)       96300M (96%)       85916M (86%)    
[1109.590s][info   ][gc,heap     ] GC(59)      Used:    14172M (14%)       14348M (14%)       10610M (11%)        3972M (4%)        14356M (14%)        3972M (4%)     
[1109.590s][info   ][gc,heap     ] GC(59)      Live:         -              3525M (4%)         3525M (4%)         3525M (4%)             -                  -          
[1109.590s][info   ][gc,heap     ] GC(59) Allocated:         -               176M (0%)          192M (0%)         1608M (2%)             -                  -          
[1109.590s][info   ][gc,heap     ] GC(59)   Garbage:         -             10646M (11%)        6892M (7%)          214M (0%)             -                  -          
[1109.590s][info   ][gc,heap     ] GC(59) Reclaimed:         -                  -              3754M (4%)        10432M (10%)            -                  -          
[1109.590s][info   ][gc          ] GC(59) Garbage Collection (Proactive) 14172M(14%)->3972M(4%)
[1110.170s][info   ][gc,stats    ] === Garbage Collection Statistics =======================================================================================================================
[1110.170s][info   ][gc,stats    ]                                                              Last 10s              Last 10m              Last 10h                Total
[1110.170s][info   ][gc,stats    ]                                                              Avg / Max             Avg / Max             Avg / Max             Avg / Max
[1110.170s][info   ][gc,stats    ]   Collector: Garbage Collection Cycle                    320.236 / 320.236     321.039 / 354.075     325.364 / 515.532     325.364 / 515.532     ms
[1110.170s][info   ][gc,stats    ]  Contention: Mark Segment Reset Contention                     9 / 98               12 / 383              14 / 850              14 / 850         ops/s
[1110.170s][info   ][gc,stats    ]  Contention: Mark SeqNum Reset Contention                      0 / 1                 0 / 3                 0 / 9                 0 / 9           ops/s
[1110.170s][info   ][gc,stats    ]  Contention: Relocation Contention                             0 / 8                 2 / 623               1 / 623               1 / 623         ops/s
[1110.170s][info   ][gc,stats    ]    Critical: Allocation Stall                              0.000 / 0.000         0.000 / 0.000         0.000 / 0.000         0.000 / 0.000       ms
[1110.170s][info   ][gc,stats    ]    Critical: Allocation Stall                                  0 / 0                 0 / 0                 0 / 0                 0 / 0           ops/s
[1110.170s][info   ][gc,stats    ]    Critical: GC Locker Stall                               0.000 / 0.000         0.000 / 0.000         0.000 / 0.000         0.000 / 0.000       ms
[1110.170s][info   ][gc,stats    ]    Critical: GC Locker Stall                                   0 / 0                 0 / 0                 0 / 0                 0 / 0           ops/s
[1110.170s][info   ][gc,stats    ]      Memory: Allocation Rate                                 631 / 704             625 / 848             621 / 1436            621 / 1436        MB/s
[1110.170s][info   ][gc,stats    ]      Memory: Heap Used After Mark                          14348 / 14348         14465 / 15376         15198 / 30288         15198 / 30288       MB
[1110.170s][info   ][gc,stats    ]      Memory: Heap Used After Relocation                     3972 / 3972           3971 / 4042           3850 / 4228           3850 / 4228        MB
[1110.170s][info   ][gc,stats    ]      Memory: Heap Used Before Mark                         14172 / 14172         14277 / 15194         15016 / 30112         15016 / 30112       MB
[1110.170s][info   ][gc,stats    ]      Memory: Heap Used Before Relocation                   10610 / 10610         10659 / 11370         11010 / 20378         11010 / 20378       MB
[1110.170s][info   ][gc,stats    ]      Memory: Out Of Memory                                     0 / 0                 0 / 0                 0 / 0                 0 / 0           ops/s
[1110.170s][info   ][gc,stats    ]      Memory: Page Cache Flush                                  0 / 0                 0 / 0                 0 / 0                 0 / 0           MB/s
[1110.170s][info   ][gc,stats    ]      Memory: Page Cache Hit L1                               373 / 1016            340 / 1056            323 / 1642            323 / 1642        ops/s
[1110.170s][info   ][gc,stats    ]      Memory: Page Cache Hit L2                                 0 / 0                 0 / 0                 0 / 179               0 / 179         ops/s
[1110.170s][info   ][gc,stats    ]      Memory: Page Cache Miss                                   0 / 0                 0 / 0                13 / 341              13 / 341         ops/s
[1110.170s][info   ][gc,stats    ]      Memory: Undo Object Allocation Failed                     0 / 0                 0 / 0                 0 / 0                 0 / 0           ops/s
[1110.170s][info   ][gc,stats    ]      Memory: Undo Object Allocation Succeeded                  0 / 8                 2 / 623               1 / 623               1 / 623         ops/s
[1110.170s][info   ][gc,stats    ]      Memory: Undo Page Allocation                              0 / 0                 0 / 0                 0 / 69                0 / 69          ops/s
[1110.170s][info   ][gc,stats    ]       Phase: Concurrent Destroy Detached Pages             0.001 / 0.001         0.001 / 0.001         0.001 / 0.001         0.001 / 0.001       ms
[1110.170s][info   ][gc,stats    ]       Phase: Concurrent Mark                             189.849 / 189.849     194.898 / 207.160     195.599 / 275.553     195.599 / 275.553     ms
[1110.170s][info   ][gc,stats    ]       Phase: Concurrent Mark Continue                      0.000 / 0.000         1.301 / 1.335         1.340 / 1.416         1.340 / 1.416       ms
[1110.170s][info   ][gc,stats    ]       Phase: Concurrent Prepare Relocation Set            17.146 / 17.146       14.416 / 29.002       19.805 / 89.649       19.805 / 89.649      ms
[1110.170s][info   ][gc,stats    ]       Phase: Concurrent Process Non-Strong References      1.671 / 1.671         1.650 / 1.880         2.257 / 19.270        2.257 / 19.270      ms
[1110.170s][info   ][gc,stats    ]       Phase: Concurrent Relocate                         105.179 / 105.179     103.182 / 115.167      99.710 / 165.671      99.710 / 165.671     ms
[1110.170s][info   ][gc,stats    ]       Phase: Concurrent Reset Relocation Set               2.038 / 2.038         1.584 / 2.283         2.156 / 14.653        2.156 / 14.653      ms
[1110.170s][info   ][gc,stats    ]       Phase: Concurrent Select Relocation Set              2.256 / 2.256         3.109 / 11.393        3.478 / 12.148        3.478 / 12.148      ms
[1110.171s][info   ][gc,stats    ]       Phase: Pause Mark End                                0.578 / 0.578         0.674 / 1.288         0.709 / 1.288         0.709 / 1.288       ms
[1110.171s][info   ][gc,stats    ]       Phase: Pause Mark Start                              0.159 / 0.159         0.195 / 0.678         0.268 / 1.400         0.268 / 1.400       ms
[1110.171s][info   ][gc,stats    ]       Phase: Pause Relocate Start                          0.179 / 0.179         0.188 / 0.265         0.207 / 1.025         0.207 / 1.025       ms
[1110.171s][info   ][gc,stats    ]       Phase: Pause Verify                                  0.000 / 0.000         0.000 / 0.000         0.000 / 0.000         0.000 / 0.000       ms
[1110.171s][info   ][gc,stats    ]    Subphase: Concurrent Classes Unload                     1.345 / 1.345         1.347 / 1.565         1.898 / 18.723        1.898 / 18.723      ms
[1110.171s][info   ][gc,stats    ]    Subphase: Concurrent Mark                             188.563 / 189.173     183.516 / 206.489     184.957 / 273.889     184.957 / 273.889     ms
[1110.171s][info   ][gc,stats    ]    Subphase: Concurrent Mark Idle                          1.138 / 1.164         1.136 / 1.413         1.137 / 1.413         1.137 / 1.413       ms
[1110.171s][info   ][gc,stats    ]    Subphase: Concurrent Mark Try Flush                     0.059 / 0.088         0.070 / 0.324         0.074 / 0.545         0.074 / 0.545       ms
[1110.171s][info   ][gc,stats    ]    Subphase: Concurrent Mark Try Terminate                 1.136 / 1.167         1.133 / 1.418         1.135 / 1.418         1.135 / 1.418       ms
[1110.171s][info   ][gc,stats    ]    Subphase: Concurrent References Enqueue                 0.005 / 0.005         0.005 / 0.006         0.005 / 0.008         0.005 / 0.008       ms
[1110.171s][info   ][gc,stats    ]    Subphase: Concurrent References Process                 0.058 / 0.058         0.062 / 0.104         0.069 / 0.140         0.069 / 0.140       ms
[1110.171s][info   ][gc,stats    ]    Subphase: Concurrent Roots                              0.071 / 0.475         0.067 / 0.641         0.083 / 2.807         0.083 / 2.807       ms
[1110.171s][info   ][gc,stats    ]    Subphase: Concurrent Roots ClassLoaderDataGraph         0.062 / 0.457         0.060 / 0.609         0.074 / 2.804         0.074 / 2.804       ms
[1110.171s][info   ][gc,stats    ]    Subphase: Concurrent Roots JNIHandles                   0.010 / 0.014         0.010 / 0.069         0.022 / 0.551         0.022 / 0.551       ms
[1110.171s][info   ][gc,stats    ]    Subphase: Concurrent Roots Setup                        0.082 / 0.082         0.125 / 1.420         0.190 / 1.622         0.190 / 1.622       ms
[1110.171s][info   ][gc,stats    ]    Subphase: Concurrent Roots Teardown                     0.001 / 0.001         0.001 / 0.001         0.001 / 0.001         0.001 / 0.001       ms
[1110.171s][info   ][gc,stats    ]    Subphase: Concurrent Weak Roots                         0.205 / 0.219         0.180 / 0.237         0.216 / 1.376         0.216 / 1.376       ms
[1110.171s][info   ][gc,stats    ]    Subphase: Concurrent Weak Roots JNIWeakHandles          0.002 / 0.007         0.002 / 0.012         0.002 / 0.073         0.002 / 0.073       ms
[1110.171s][info   ][gc,stats    ]    Subphase: Concurrent Weak Roots StringTable             0.173 / 0.180         0.154 / 0.193         0.189 / 1.327         0.189 / 1.327       ms
[1110.171s][info   ][gc,stats    ]    Subphase: Concurrent Weak Roots VMWeakHandles           0.026 / 0.043         0.023 / 0.052         0.023 / 0.052         0.023 / 0.052       ms
[1110.171s][info   ][gc,stats    ]    Subphase: Pause Mark Try Complete                       0.068 / 0.273         0.122 / 1.028         0.154 / 1.028         0.154 / 1.028       ms
[1110.171s][info   ][gc,stats    ]    Subphase: Pause Roots                                   0.034 / 0.131         0.035 / 0.329         0.041 / 1.060         0.041 / 1.060       ms
[1110.171s][info   ][gc,stats    ]    Subphase: Pause Roots CodeCache                         0.000 / 0.000         0.000 / 0.000         0.000 / 0.000         0.000 / 0.000       ms
[1110.171s][info   ][gc,stats    ]    Subphase: Pause Roots JVMTIExport                       0.001 / 0.001         0.001 / 0.002         0.002 / 0.017         0.002 / 0.017       ms
[1110.171s][info   ][gc,stats    ]    Subphase: Pause Roots JVMTIWeakExport                   0.001 / 0.001         0.001 / 0.002         0.001 / 0.002         0.001 / 0.002       ms
[1110.171s][info   ][gc,stats    ]    Subphase: Pause Roots Management                        0.003 / 0.003         0.004 / 0.036         0.008 / 0.430         0.008 / 0.430       ms
[1110.171s][info   ][gc,stats    ]    Subphase: Pause Roots ObjectSynchronizer                0.001 / 0.001         0.001 / 0.001         0.001 / 0.011         0.001 / 0.011       ms
[1110.171s][info   ][gc,stats    ]    Subphase: Pause Roots Setup                             0.001 / 0.001         0.001 / 0.002         0.001 / 0.002         0.001 / 0.002       ms
[1110.171s][info   ][gc,stats    ]    Subphase: Pause Roots SystemDictionary                  0.012 / 0.013         0.021 / 0.171         0.034 / 0.734         0.034 / 0.734       ms
[1110.171s][info   ][gc,stats    ]    Subphase: Pause Roots Teardown                          0.003 / 0.004         0.003 / 0.006         0.004 / 0.009         0.004 / 0.009       ms
[1110.171s][info   ][gc,stats    ]    Subphase: Pause Roots Threads                           0.039 / 0.124         0.041 / 0.316         0.049 / 1.042         0.049 / 1.042       ms
[1110.171s][info   ][gc,stats    ]    Subphase: Pause Roots Universe                          0.004 / 0.005         0.007 / 0.036         0.013 / 0.626         0.013 / 0.626       ms
[1110.171s][info   ][gc,stats    ]    Subphase: Pause Weak Roots                              0.001 / 0.005         0.001 / 0.025         0.001 / 0.025         0.001 / 0.025       ms
[1110.171s][info   ][gc,stats    ]    Subphase: Pause Weak Roots JFRWeak                      0.001 / 0.001         0.001 / 0.002         0.001 / 0.002         0.001 / 0.002       ms
[1110.171s][info   ][gc,stats    ]    Subphase: Pause Weak Roots JVMTIWeakExport              0.001 / 0.001         0.001 / 0.002         0.001 / 0.002         0.001 / 0.002       ms
[1110.171s][info   ][gc,stats    ]    Subphase: Pause Weak Roots Setup                        0.001 / 0.001         0.001 / 0.001         0.001 / 0.001         0.001 / 0.001       ms
[1110.171s][info   ][gc,stats    ]    Subphase: Pause Weak Roots Teardown                     0.001 / 0.001         0.001 / 0.002         0.001 / 0.004         0.001 / 0.004       ms
[1110.171s][info   ][gc,stats    ]      System: Java Threads                                     62 / 62               61 / 62               60 / 65               60 / 65          threads
[1110.171s][info   ][gc,stats    ] =========================================================================================================================================================
[1120.170s][info   ][gc,stats    ] === Garbage Collection Statistics =======================================================================================================================
[1120.170s][info   ][gc,stats    ]                                                              Last 10s              Last 10m              Last 10h                Total
[1120.170s][info   ][gc,stats    ]                                                              Avg / Max             Avg / Max             Avg / Max             Avg / Max
[1120.170s][info   ][gc,stats    ]   Collector: Garbage Collection Cycle                      0.000 / 0.000       320.095 / 352.308     325.364 / 515.532     325.364 / 515.532     ms
[1120.170s][info   ][gc,stats    ]  Contention: Mark Segment Reset Contention                     0 / 0                11 / 383              14 / 850              14 / 850         ops/s
[1120.170s][info   ][gc,stats    ]  Contention: Mark SeqNum Reset Contention                      0 / 0                 0 / 3                 0 / 9                 0 / 9           ops/s
[1120.170s][info   ][gc,stats    ]  Contention: Relocation Contention                             0 / 0                 2 / 623               1 / 623               1 / 623         ops/s
[1120.170s][info   ][gc,stats    ]    Critical: Allocation Stall                              0.000 / 0.000         0.000 / 0.000         0.000 / 0.000         0.000 / 0.000       ms
[1120.170s][info   ][gc,stats    ]    Critical: Allocation Stall                                  0 / 0                 0 / 0                 0 / 0                 0 / 0           ops/s
[1120.170s][info   ][gc,stats    ]    Critical: GC Locker Stall                               0.000 / 0.000         0.000 / 0.000         0.000 / 0.000         0.000 / 0.000       ms
[1120.170s][info   ][gc,stats    ]    Critical: GC Locker Stall                                   0 / 0                 0 / 0                 0 / 0                 0 / 0           ops/s
[1120.170s][info   ][gc,stats    ]      Memory: Allocation Rate                                 601 / 664             624 / 848             621 / 1436            621 / 1436        MB/s
[1120.170s][info   ][gc,stats    ]      Memory: Heap Used After Mark                              0 / 0             14461 / 15376         15198 / 30288         15198 / 30288       MB
[1120.170s][info   ][gc,stats    ]      Memory: Heap Used After Relocation                        0 / 0              3971 / 4042           3850 / 4228           3850 / 4228        MB
[1120.170s][info   ][gc,stats    ]      Memory: Heap Used Before Mark                             0 / 0             14272 / 15194         15016 / 30112         15016 / 30112       MB
[1120.170s][info   ][gc,stats    ]      Memory: Heap Used Before Relocation                       0 / 0             10659 / 11370         11010 / 20378         11010 / 20378       MB
[1120.170s][info   ][gc,stats    ]      Memory: Out Of Memory                                     0 / 0                 0 / 0                 0 / 0                 0 / 0           ops/s
[1120.170s][info   ][gc,stats    ]      Memory: Page Cache Flush                                  0 / 0                 0 / 0                 0 / 0                 0 / 0           MB/s
[1120.170s][info   ][gc,stats    ]      Memory: Page Cache Hit L1                               288 / 317             339 / 1056            322 / 1642            322 / 1642        ops/s
[1120.170s][info   ][gc,stats    ]      Memory: Page Cache Hit L2                                 0 / 0                 0 / 0                 0 / 179               0 / 179         ops/s
[1120.170s][info   ][gc,stats    ]      Memory: Page Cache Miss                                   0 / 0                 0 / 0                13 / 341              13 / 341         ops/s
[1120.170s][info   ][gc,stats    ]      Memory: Undo Object Allocation Failed                     0 / 0                 0 / 0                 0 / 0                 0 / 0           ops/s
[1120.170s][info   ][gc,stats    ]      Memory: Undo Object Allocation Succeeded                  0 / 0                 2 / 623               1 / 623               1 / 623         ops/s
[1120.170s][info   ][gc,stats    ]      Memory: Undo Page Allocation                              0 / 0                 0 / 0                 0 / 69                0 / 69          ops/s
[1120.170s][info   ][gc,stats    ]       Phase: Concurrent Destroy Detached Pages             0.000 / 0.000         0.001 / 0.001         0.001 / 0.001         0.001 / 0.001       ms
[1120.170s][info   ][gc,stats    ]       Phase: Concurrent Mark                               0.000 / 0.000       194.612 / 207.160     195.599 / 275.553     195.599 / 275.553     ms
[1120.170s][info   ][gc,stats    ]       Phase: Concurrent Mark Continue                      0.000 / 0.000         1.301 / 1.335         1.340 / 1.416         1.340 / 1.416       ms
[1120.170s][info   ][gc,stats    ]       Phase: Concurrent Prepare Relocation Set             0.000 / 0.000        14.318 / 29.002       19.805 / 89.649       19.805 / 89.649      ms
[1120.170s][info   ][gc,stats    ]       Phase: Concurrent Process Non-Strong References      0.000 / 0.000         1.649 / 1.880         2.257 / 19.270        2.257 / 19.270      ms
[1120.170s][info   ][gc,stats    ]       Phase: Concurrent Relocate                           0.000 / 0.000       102.869 / 115.167      99.710 / 165.671      99.710 / 165.671     ms
[1120.170s][info   ][gc,stats    ]       Phase: Concurrent Reset Relocation Set               0.000 / 0.000         1.568 / 2.283         2.156 / 14.653        2.156 / 14.653      ms
[1120.170s][info   ][gc,stats    ]       Phase: Concurrent Select Relocation Set              0.000 / 0.000         2.872 / 7.536         3.478 / 12.148        3.478 / 12.148      ms
[1120.170s][info   ][gc,stats    ]       Phase: Pause Mark End                                0.000 / 0.000         0.675 / 1.288         0.709 / 1.288         0.709 / 1.288       ms
[1120.170s][info   ][gc,stats    ]       Phase: Pause Mark Start                              0.000 / 0.000         0.195 / 0.678         0.268 / 1.400         0.268 / 1.400       ms
[1120.170s][info   ][gc,stats    ]       Phase: Pause Relocate Start                          0.000 / 0.000         0.188 / 0.265         0.207 / 1.025         0.207 / 1.025       ms
[1120.170s][info   ][gc,stats    ]       Phase: Pause Verify                                  0.000 / 0.000         0.000 / 0.000         0.000 / 0.000         0.000 / 0.000       ms
[1120.170s][info   ][gc,stats    ]    Subphase: Concurrent Classes Unload                     0.000 / 0.000         1.347 / 1.565         1.898 / 18.723        1.898 / 18.723      ms
[1120.170s][info   ][gc,stats    ]    Subphase: Concurrent Mark                               0.000 / 0.000       182.966 / 206.489     184.957 / 273.889     184.957 / 273.889     ms
[1120.170s][info   ][gc,stats    ]    Subphase: Concurrent Mark Idle                          0.000 / 0.000         1.136 / 1.413         1.137 / 1.413         1.137 / 1.413       ms
[1120.170s][info   ][gc,stats    ]    Subphase: Concurrent Mark Try Flush                     0.000 / 0.000         0.070 / 0.324         0.074 / 0.545         0.074 / 0.545       ms
[1120.170s][info   ][gc,stats    ]    Subphase: Concurrent Mark Try Terminate                 0.000 / 0.000         1.133 / 1.418         1.135 / 1.418         1.135 / 1.418       ms
[1120.170s][info   ][gc,stats    ]    Subphase: Concurrent References Enqueue                 0.000 / 0.000         0.005 / 0.006         0.005 / 0.008         0.005 / 0.008       ms
[1120.170s][info   ][gc,stats    ]    Subphase: Concurrent References Process                 0.000 / 0.000         0.061 / 0.104         0.069 / 0.140         0.069 / 0.140       ms
[1120.170s][info   ][gc,stats    ]    Subphase: Concurrent Roots                              0.000 / 0.000         0.067 / 0.641         0.083 / 2.807         0.083 / 2.807       ms
[1120.170s][info   ][gc,stats    ]    Subphase: Concurrent Roots ClassLoaderDataGraph         0.000 / 0.000         0.060 / 0.609         0.074 / 2.804         0.074 / 2.804       ms
[1120.170s][info   ][gc,stats    ]    Subphase: Concurrent Roots JNIHandles                   0.000 / 0.000         0.010 / 0.069         0.022 / 0.551         0.022 / 0.551       ms
[1120.170s][info   ][gc,stats    ]    Subphase: Concurrent Roots Setup                        0.000 / 0.000         0.125 / 1.420         0.190 / 1.622         0.190 / 1.622       ms
[1120.170s][info   ][gc,stats    ]    Subphase: Concurrent Roots Teardown                     0.000 / 0.000         0.001 / 0.001         0.001 / 0.001         0.001 / 0.001       ms
[1120.170s][info   ][gc,stats    ]    Subphase: Concurrent Weak Roots                         0.000 / 0.000         0.180 / 0.237         0.216 / 1.376         0.216 / 1.376       ms
[1120.170s][info   ][gc,stats    ]    Subphase: Concurrent Weak Roots JNIWeakHandles          0.000 / 0.000         0.002 / 0.012         0.002 / 0.073         0.002 / 0.073       ms
[1120.170s][info   ][gc,stats    ]    Subphase: Concurrent Weak Roots StringTable             0.000 / 0.000         0.153 / 0.193         0.189 / 1.327         0.189 / 1.327       ms
[1120.170s][info   ][gc,stats    ]    Subphase: Concurrent Weak Roots VMWeakHandles           0.000 / 0.000         0.023 / 0.052         0.023 / 0.052         0.023 / 0.052       ms
[1120.170s][info   ][gc,stats    ]    Subphase: Pause Mark Try Complete                       0.000 / 0.000         0.120 / 1.028         0.154 / 1.028         0.154 / 1.028       ms
[1120.170s][info   ][gc,stats    ]    Subphase: Pause Roots                                   0.000 / 0.000         0.035 / 0.329         0.041 / 1.060         0.041 / 1.060       ms
[1120.170s][info   ][gc,stats    ]    Subphase: Pause Roots CodeCache                         0.000 / 0.000         0.000 / 0.000         0.000 / 0.000         0.000 / 0.000       ms
[1120.170s][info   ][gc,stats    ]    Subphase: Pause Roots JVMTIExport                       0.000 / 0.000         0.001 / 0.002         0.002 / 0.017         0.002 / 0.017       ms
[1120.170s][info   ][gc,stats    ]    Subphase: Pause Roots JVMTIWeakExport                   0.000 / 0.000         0.001 / 0.002         0.001 / 0.002         0.001 / 0.002       ms
[1120.170s][info   ][gc,stats    ]    Subphase: Pause Roots Management                        0.000 / 0.000         0.004 / 0.036         0.008 / 0.430         0.008 / 0.430       ms
[1120.170s][info   ][gc,stats    ]    Subphase: Pause Roots ObjectSynchronizer                0.000 / 0.000         0.001 / 0.001         0.001 / 0.011         0.001 / 0.011       ms
[1120.170s][info   ][gc,stats    ]    Subphase: Pause Roots Setup                             0.000 / 0.000         0.001 / 0.002         0.001 / 0.002         0.001 / 0.002       ms
[1120.170s][info   ][gc,stats    ]    Subphase: Pause Roots SystemDictionary                  0.000 / 0.000         0.021 / 0.171         0.034 / 0.734         0.034 / 0.734       ms
[1120.170s][info   ][gc,stats    ]    Subphase: Pause Roots Teardown                          0.000 / 0.000         0.003 / 0.006         0.004 / 0.009         0.004 / 0.009       ms
[1120.170s][info   ][gc,stats    ]    Subphase: Pause Roots Threads                           0.000 / 0.000         0.041 / 0.316         0.049 / 1.042         0.049 / 1.042       ms
[1120.170s][info   ][gc,stats    ]    Subphase: Pause Roots Universe                          0.000 / 0.000         0.007 / 0.036         0.013 / 0.626         0.013 / 0.626       ms
[1120.170s][info   ][gc,stats    ]    Subphase: Pause Weak Roots                              0.000 / 0.000         0.001 / 0.025         0.001 / 0.025         0.001 / 0.025       ms
[1120.171s][info   ][gc,stats    ]    Subphase: Pause Weak Roots JFRWeak                      0.000 / 0.000         0.001 / 0.002         0.001 / 0.002         0.001 / 0.002       ms
[1120.171s][info   ][gc,stats    ]    Subphase: Pause Weak Roots JVMTIWeakExport              0.000 / 0.000         0.001 / 0.002         0.001 / 0.002         0.001 / 0.002       ms
[1120.171s][info   ][gc,stats    ]    Subphase: Pause Weak Roots Setup                        0.000 / 0.000         0.001 / 0.001         0.001 / 0.001         0.001 / 0.001       ms
[1120.171s][info   ][gc,stats    ]    Subphase: Pause Weak Roots Teardown                     0.000 / 0.000         0.001 / 0.002         0.001 / 0.004         0.001 / 0.004       ms
[1120.171s][info   ][gc,stats    ]      System: Java Threads                                      0 / 0                61 / 62               60 / 65               60 / 65          threads
[1120.171s][info   ][gc,stats    ] =========================================================================================================================================================
[1125.770s][info   ][gc,start    ] GC(60) Garbage Collection (Proactive)
[1125.770s][info   ][gc,phases   ] GC(60) Pause Mark Start 0.184ms
[1125.961s][info   ][gc,phases   ] GC(60) Concurrent Mark 191.082ms
[1125.962s][info   ][gc,phases   ] GC(60) Pause Mark End 0.699ms
[1125.964s][info   ][gc,phases   ] GC(60) Concurrent Process Non-Strong References 1.746ms
[1125.966s][info   ][gc,phases   ] GC(60) Concurrent Reset Relocation Set 1.872ms
[1125.966s][info   ][gc,phases   ] GC(60) Concurrent Destroy Detached Pages 0.001ms
[1125.969s][info   ][gc,phases   ] GC(60) Concurrent Select Relocation Set 2.964ms
[1125.985s][info   ][gc,phases   ] GC(60) Concurrent Prepare Relocation Set 16.188ms
[1125.986s][info   ][gc,phases   ] GC(60) Pause Relocate Start 0.251ms
[1126.077s][info   ][gc,phases   ] GC(60) Concurrent Relocate 91.286ms
[1126.077s][info   ][gc,load     ] GC(60) Load: 3.41/3.78/2.72
[1126.077s][info   ][gc,mmu      ] GC(60) MMU: 2ms/30.0%, 5ms/69.9%, 10ms/81.7%, 20ms/87.7%, 50ms/95.1%, 100ms/97.5%
[1126.077s][info   ][gc,marking  ] GC(60) Mark: 8 stripe(s), 10 proactive flush(es), 1 terminate flush(es), 1 completion(s), 0 continuation(s) 
[1126.077s][info   ][gc,reloc    ] GC(60) Relocation: Successful, 1468M relocated
[1126.077s][info   ][gc,nmethod  ] GC(60) NMethods: 5671 registered, 1195 unregistered
[1126.077s][info   ][gc,metaspace] GC(60) Metaspace: 40M used, 41M capacity, 41M committed, 42M reserved
[1126.077s][info   ][gc,ref      ] GC(60) Soft: 3327 encountered, 0 discovered, 0 enqueued
[1126.077s][info   ][gc,ref      ] GC(60) Weak: 1530 encountered, 234 discovered, 0 enqueued
[1126.077s][info   ][gc,ref      ] GC(60) Final: 30 encountered, 3 discovered, 3 enqueued
[1126.077s][info   ][gc,ref      ] GC(60) Phantom: 120 encountered, 82 discovered, 0 enqueued
[1126.077s][info   ][gc,heap     ] GC(60)                Mark Start          Mark End        Relocate Start      Relocate End           High               Low         
[1126.077s][info   ][gc,heap     ] GC(60)  Capacity:    30390M (30%)       30390M (30%)       30390M (30%)       30390M (30%)       30390M (30%)       30390M (30%)    
[1126.077s][info   ][gc,heap     ] GC(60)   Reserve:       80M (0%)           80M (0%)           80M (0%)           80M (0%)           80M (0%)           80M (0%)     
[1126.077s][info   ][gc,heap     ] GC(60)      Free:    86254M (86%)       86088M (86%)       89698M (89%)       96310M (96%)       96310M (96%)       86088M (86%)    
[1126.077s][info   ][gc,heap     ] GC(60)      Used:    14018M (14%)       14184M (14%)       10574M (11%)        3962M (4%)        14184M (14%)        3962M (4%)     
[1126.077s][info   ][gc,heap     ] GC(60)      Live:         -              3530M (4%)         3530M (4%)         3530M (4%)             -                  -          
[1126.077s][info   ][gc,heap     ] GC(60) Allocated:         -               166M (0%)          166M (0%)         1586M (2%)             -                  -          
[1126.077s][info   ][gc,heap     ] GC(60)   Garbage:         -             10487M (10%)        6877M (7%)          223M (0%)             -                  -          
[1126.077s][info   ][gc,heap     ] GC(60) Reclaimed:         -                  -              3610M (4%)        10264M (10%)            -                  -          
[1126.077s][info   ][gc          ] GC(60) Garbage Collection (Proactive) 14018M(14%)->3962M(4%)
[1130.170s][info   ][gc,stats    ] === Garbage Collection Statistics =======================================================================================================================
[1130.170s][info   ][gc,stats    ]                                                              Last 10s              Last 10m              Last 10h                Total
[1130.170s][info   ][gc,stats    ]                                                              Avg / Max             Avg / Max             Avg / Max             Avg / Max
[1130.170s][info   ][gc,stats    ]   Collector: Garbage Collection Cycle                    307.281 / 307.281     319.739 / 352.308     325.068 / 515.532     325.068 / 515.532     ms
[1130.170s][info   ][gc,stats    ]  Contention: Mark Segment Reset Contention                    30 / 302              12 / 383              14 / 850              14 / 850         ops/s
[1130.170s][info   ][gc,stats    ]  Contention: Mark SeqNum Reset Contention                      0 / 1                 0 / 3                 0 / 9                 0 / 9           ops/s
[1130.170s][info   ][gc,stats    ]  Contention: Relocation Contention                             0 / 3                 2 / 623               1 / 623               1 / 623         ops/s
[1130.170s][info   ][gc,stats    ]    Critical: Allocation Stall                              0.000 / 0.000         0.000 / 0.000         0.000 / 0.000         0.000 / 0.000       ms
[1130.170s][info   ][gc,stats    ]    Critical: Allocation Stall                                  0 / 0                 0 / 0                 0 / 0                 0 / 0           ops/s
[1130.170s][info   ][gc,stats    ]    Critical: GC Locker Stall                               0.000 / 0.000         0.000 / 0.000         0.000 / 0.000         0.000 / 0.000       ms
[1130.170s][info   ][gc,stats    ]    Critical: GC Locker Stall                                   0 / 0                 0 / 0                 0 / 0                 0 / 0           ops/s
[1130.170s][info   ][gc,stats    ]      Memory: Allocation Rate                                 641 / 720             624 / 848             621 / 1436            621 / 1436        MB/s
[1130.170s][info   ][gc,stats    ]      Memory: Heap Used After Mark                          14184 / 14184         14453 / 15376         15182 / 30288         15182 / 30288       MB
[1130.170s][info   ][gc,stats    ]      Memory: Heap Used After Relocation                     3962 / 3962           3970 / 4042           3852 / 4228           3852 / 4228        MB
[1130.170s][info   ][gc,stats    ]      Memory: Heap Used Before Mark                         14018 / 14018         14265 / 15194         14999 / 30112         14999 / 30112       MB
[1130.170s][info   ][gc,stats    ]      Memory: Heap Used Before Relocation                   10574 / 10574         10656 / 11370         11003 / 20378         11003 / 20378       MB
[1130.170s][info   ][gc,stats    ]      Memory: Out Of Memory                                     0 / 0                 0 / 0                 0 / 0                 0 / 0           ops/s
[1130.170s][info   ][gc,stats    ]      Memory: Page Cache Flush                                  0 / 0                 0 / 0                 0 / 0                 0 / 0           MB/s
[1130.170s][info   ][gc,stats    ]      Memory: Page Cache Hit L1                               378 / 1030            340 / 1056            323 / 1642            323 / 1642        ops/s
[1130.170s][info   ][gc,stats    ]      Memory: Page Cache Hit L2                                 0 / 0                 0 / 0                 0 / 179               0 / 179         ops/s
[1130.170s][info   ][gc,stats    ]      Memory: Page Cache Miss                                   0 / 0                 0 / 0                12 / 341              12 / 341         ops/s
[1130.170s][info   ][gc,stats    ]      Memory: Undo Object Allocation Failed                     0 / 0                 0 / 0                 0 / 0                 0 / 0           ops/s
[1130.170s][info   ][gc,stats    ]      Memory: Undo Object Allocation Succeeded                  0 / 3                 2 / 623               1 / 623               1 / 623         ops/s
[1130.170s][info   ][gc,stats    ]      Memory: Undo Page Allocation                              0 / 0                 0 / 0                 0 / 69                0 / 69          ops/s
[1130.170s][info   ][gc,stats    ]       Phase: Concurrent Destroy Detached Pages             0.001 / 0.001         0.001 / 0.001         0.001 / 0.001         0.001 / 0.001       ms
[1130.170s][info   ][gc,stats    ]       Phase: Concurrent Mark                             191.082 / 191.082     194.514 / 207.160     195.525 / 275.553     195.525 / 275.553     ms
[1130.170s][info   ][gc,stats    ]       Phase: Concurrent Mark Continue                      0.000 / 0.000         1.301 / 1.335         1.340 / 1.416         1.340 / 1.416       ms
[1130.170s][info   ][gc,stats    ]       Phase: Concurrent Prepare Relocation Set            16.188 / 16.188       14.370 / 29.002       19.746 / 89.649       19.746 / 89.649      ms
[1130.170s][info   ][gc,stats    ]       Phase: Concurrent Process Non-Strong References      1.746 / 1.746         1.652 / 1.880         2.249 / 19.270        2.249 / 19.270      ms
[1130.170s][info   ][gc,stats    ]       Phase: Concurrent Relocate                          91.286 / 91.286      102.547 / 115.167      99.572 / 165.671      99.572 / 165.671     ms
[1130.170s][info   ][gc,stats    ]       Phase: Concurrent Reset Relocation Set               1.872 / 1.872         1.576 / 2.283         2.151 / 14.653        2.151 / 14.653      ms
[1130.170s][info   ][gc,stats    ]       Phase: Concurrent Select Relocation Set              2.964 / 2.964         2.875 / 7.536         3.469 / 12.148        3.469 / 12.148      ms
[1130.170s][info   ][gc,stats    ]       Phase: Pause Mark End                                0.699 / 0.699         0.676 / 1.288         0.709 / 1.288         0.709 / 1.288       ms
[1130.170s][info   ][gc,stats    ]       Phase: Pause Mark Start                              0.184 / 0.184         0.195 / 0.678         0.267 / 1.400         0.267 / 1.400       ms
[1130.170s][info   ][gc,stats    ]       Phase: Pause Relocate Start                          0.251 / 0.251         0.190 / 0.265         0.208 / 1.025         0.208 / 1.025       ms
[1130.170s][info   ][gc,stats    ]       Phase: Pause Verify                                  0.000 / 0.000         0.000 / 0.000         0.000 / 0.000         0.000 / 0.000       ms
[1130.170s][info   ][gc,stats    ]    Subphase: Concurrent Classes Unload                     1.451 / 1.451         1.350 / 1.565         1.891 / 18.723        1.891 / 18.723      ms
[1130.170s][info   ][gc,stats    ]    Subphase: Concurrent Mark                             189.962 / 190.269     183.150 / 206.489     185.035 / 273.889     185.035 / 273.889     ms
[1130.170s][info   ][gc,stats    ]    Subphase: Concurrent Mark Idle                          1.138 / 1.157         1.136 / 1.413         1.137 / 1.413         1.137 / 1.413       ms
[1130.170s][info   ][gc,stats    ]    Subphase: Concurrent Mark Try Flush                     0.062 / 0.111         0.070 / 0.324         0.074 / 0.545         0.074 / 0.545       ms
[1130.170s][info   ][gc,stats    ]    Subphase: Concurrent Mark Try Terminate                 1.138 / 1.160         1.134 / 1.418         1.135 / 1.418         1.135 / 1.418       ms
[1130.170s][info   ][gc,stats    ]    Subphase: Concurrent References Enqueue                 0.004 / 0.004         0.005 / 0.006         0.005 / 0.008         0.005 / 0.008       ms
[1130.170s][info   ][gc,stats    ]    Subphase: Concurrent References Process                 0.073 / 0.073         0.062 / 0.104         0.069 / 0.140         0.069 / 0.140       ms
[1130.170s][info   ][gc,stats    ]    Subphase: Concurrent Roots                              0.097 / 0.482         0.068 / 0.641         0.083 / 2.807         0.083 / 2.807       ms
[1130.170s][info   ][gc,stats    ]    Subphase: Concurrent Roots ClassLoaderDataGraph         0.090 / 0.478         0.061 / 0.609         0.074 / 2.804         0.074 / 2.804       ms
[1130.170s][info   ][gc,stats    ]    Subphase: Concurrent Roots JNIHandles                   0.013 / 0.017         0.010 / 0.069         0.022 / 0.551         0.022 / 0.551       ms
[1130.170s][info   ][gc,stats    ]    Subphase: Concurrent Roots Setup                        0.101 / 0.101         0.124 / 1.420         0.189 / 1.622         0.189 / 1.622       ms
[1130.170s][info   ][gc,stats    ]    Subphase: Concurrent Roots Teardown                     0.001 / 0.001         0.001 / 0.001         0.001 / 0.001         0.001 / 0.001       ms
[1130.170s][info   ][gc,stats    ]    Subphase: Concurrent Weak Roots                         0.161 / 0.183         0.180 / 0.237         0.215 / 1.376         0.215 / 1.376       ms
[1130.170s][info   ][gc,stats    ]    Subphase: Concurrent Weak Roots JNIWeakHandles          0.002 / 0.006         0.002 / 0.012         0.002 / 0.073         0.002 / 0.073       ms
[1130.170s][info   ][gc,stats    ]    Subphase: Concurrent Weak Roots StringTable             0.134 / 0.141         0.153 / 0.193         0.188 / 1.327         0.188 / 1.327       ms
[1130.170s][info   ][gc,stats    ]    Subphase: Concurrent Weak Roots VMWeakHandles           0.023 / 0.038         0.023 / 0.052         0.023 / 0.052         0.023 / 0.052       ms
[1130.170s][info   ][gc,stats    ]    Subphase: Pause Mark Try Complete                       0.065 / 0.363         0.118 / 1.028         0.152 / 1.028         0.152 / 1.028       ms
[1130.170s][info   ][gc,stats    ]    Subphase: Pause Roots                                   0.036 / 0.127         0.035 / 0.329         0.041 / 1.060         0.041 / 1.060       ms
[1130.170s][info   ][gc,stats    ]    Subphase: Pause Roots CodeCache                         0.000 / 0.000         0.000 / 0.000         0.000 / 0.000         0.000 / 0.000       ms
[1130.170s][info   ][gc,stats    ]    Subphase: Pause Roots JVMTIExport                       0.002 / 0.002         0.001 / 0.002         0.002 / 0.017         0.002 / 0.017       ms
[1130.170s][info   ][gc,stats    ]    Subphase: Pause Roots JVMTIWeakExport                   0.010 / 0.010         0.002 / 0.010         0.001 / 0.010         0.001 / 0.010       ms
[1130.170s][info   ][gc,stats    ]    Subphase: Pause Roots Management                        0.005 / 0.006         0.004 / 0.036         0.008 / 0.430         0.008 / 0.430       ms
[1130.170s][info   ][gc,stats    ]    Subphase: Pause Roots ObjectSynchronizer                0.001 / 0.001         0.001 / 0.001         0.001 / 0.011         0.001 / 0.011       ms
[1130.170s][info   ][gc,stats    ]    Subphase: Pause Roots Setup                             0.001 / 0.001         0.001 / 0.002         0.001 / 0.002         0.001 / 0.002       ms
[1130.170s][info   ][gc,stats    ]    Subphase: Pause Roots SystemDictionary                  0.028 / 0.042         0.021 / 0.171         0.034 / 0.734         0.034 / 0.734       ms
[1130.170s][info   ][gc,stats    ]    Subphase: Pause Roots Teardown                          0.003 / 0.004         0.003 / 0.006         0.004 / 0.009         0.004 / 0.009       ms
[1130.170s][info   ][gc,stats    ]    Subphase: Pause Roots Threads                           0.043 / 0.104         0.041 / 0.316         0.049 / 1.042         0.049 / 1.042       ms
[1130.170s][info   ][gc,stats    ]    Subphase: Pause Roots Universe                          0.007 / 0.008         0.007 / 0.036         0.013 / 0.626         0.013 / 0.626       ms
[1130.170s][info   ][gc,stats    ]    Subphase: Pause Weak Roots                              0.001 / 0.006         0.001 / 0.025         0.001 / 0.025         0.001 / 0.025       ms
[1130.170s][info   ][gc,stats    ]    Subphase: Pause Weak Roots JFRWeak                      0.001 / 0.001         0.001 / 0.002         0.001 / 0.002         0.001 / 0.002       ms
[1130.170s][info   ][gc,stats    ]    Subphase: Pause Weak Roots JVMTIWeakExport              0.001 / 0.001         0.001 / 0.002         0.001 / 0.002         0.001 / 0.002       ms
[1130.170s][info   ][gc,stats    ]    Subphase: Pause Weak Roots Setup                        0.001 / 0.001         0.001 / 0.001         0.001 / 0.001         0.001 / 0.001       ms
[1130.170s][info   ][gc,stats    ]    Subphase: Pause Weak Roots Teardown                     0.001 / 0.001         0.001 / 0.002         0.001 / 0.004         0.001 / 0.004       ms
[1130.170s][info   ][gc,stats    ]      System: Java Threads                                     62 / 62               61 / 62               60 / 65               60 / 65          threads
[1130.170s][info   ][gc,stats    ] =========================================================================================================================================================
[1140.170s][info   ][gc,stats    ] === Garbage Collection Statistics =======================================================================================================================
[1140.170s][info   ][gc,stats    ]                                                              Last 10s              Last 10m              Last 10h                Total
[1140.170s][info   ][gc,stats    ]                                                              Avg / Max             Avg / Max             Avg / Max             Avg / Max
[1140.170s][info   ][gc,stats    ]   Collector: Garbage Collection Cycle                      0.000 / 0.000       319.470 / 352.308     325.068 / 515.532     325.068 / 515.532     ms
[1140.170s][info   ][gc,stats    ]  Contention: Mark Segment Reset Contention                     0 / 0                11 / 348              14 / 850              14 / 850         ops/s
[1140.170s][info   ][gc,stats    ]  Contention: Mark SeqNum Reset Contention                      0 / 0                 0 / 3                 0 / 9                 0 / 9           ops/s
[1140.170s][info   ][gc,stats    ]  Contention: Relocation Contention                             0 / 0                 2 / 623               1 / 623               1 / 623         ops/s
[1140.170s][info   ][gc,stats    ]    Critical: Allocation Stall                              0.000 / 0.000         0.000 / 0.000         0.000 / 0.000         0.000 / 0.000       ms
[1140.170s][info   ][gc,stats    ]    Critical: Allocation Stall                                  0 / 0                 0 / 0                 0 / 0                 0 / 0           ops/s
[1140.170s][info   ][gc,stats    ]    Critical: GC Locker Stall                               0.000 / 0.000         0.000 / 0.000         0.000 / 0.000         0.000 / 0.000       ms
[1140.170s][info   ][gc,stats    ]    Critical: GC Locker Stall                                   0 / 0                 0 / 0                 0 / 0                 0 / 0           ops/s
[1140.170s][info   ][gc,stats    ]      Memory: Allocation Rate                                 639 / 708             625 / 848             621 / 1436            621 / 1436        MB/s
[1140.170s][info   ][gc,stats    ]      Memory: Heap Used After Mark                              0 / 0             14427 / 15348         15182 / 30288         15182 / 30288       MB
[1140.170s][info   ][gc,stats    ]      Memory: Heap Used After Relocation                        0 / 0              3970 / 4042           3852 / 4228           3852 / 4228        MB
[1140.170s][info   ][gc,stats    ]      Memory: Heap Used Before Mark                             0 / 0             14239 / 15152         14999 / 30112         14999 / 30112       MB
[1140.170s][info   ][gc,stats    ]      Memory: Heap Used Before Relocation                       0 / 0             10641 / 11370         11003 / 20378         11003 / 20378       MB
[1140.170s][info   ][gc,stats    ]      Memory: Out Of Memory                                     0 / 0                 0 / 0                 0 / 0                 0 / 0           ops/s
[1140.170s][info   ][gc,stats    ]      Memory: Page Cache Flush                                  0 / 0                 0 / 0                 0 / 0                 0 / 0           MB/s
[1140.170s][info   ][gc,stats    ]      Memory: Page Cache Hit L1                               307 / 339             339 / 1056            323 / 1642            323 / 1642        ops/s
[1140.170s][info   ][gc,stats    ]      Memory: Page Cache Hit L2                                 0 / 0                 0 / 0                 0 / 179               0 / 179         ops/s
[1140.170s][info   ][gc,stats    ]      Memory: Page Cache Miss                                   0 / 0                 0 / 0                12 / 341              12 / 341         ops/s
[1140.170s][info   ][gc,stats    ]      Memory: Undo Object Allocation Failed                     0 / 0                 0 / 0                 0 / 0                 0 / 0           ops/s
[1140.170s][info   ][gc,stats    ]      Memory: Undo Object Allocation Succeeded                  0 / 0                 2 / 623               1 / 623               1 / 623         ops/s
[1140.170s][info   ][gc,stats    ]      Memory: Undo Page Allocation                              0 / 0                 0 / 0                 0 / 69                0 / 69          ops/s
[1140.170s][info   ][gc,stats    ]       Phase: Concurrent Destroy Detached Pages             0.000 / 0.000         0.001 / 0.001         0.001 / 0.001         0.001 / 0.001       ms
[1140.170s][info   ][gc,stats    ]       Phase: Concurrent Mark                               0.000 / 0.000       194.476 / 207.160     195.525 / 275.553     195.525 / 275.553     ms
[1140.170s][info   ][gc,stats    ]       Phase: Concurrent Mark Continue                      0.000 / 0.000         1.301 / 1.335         1.340 / 1.416         1.340 / 1.416       ms
[1140.170s][info   ][gc,stats    ]       Phase: Concurrent Prepare Relocation Set             0.000 / 0.000        14.198 / 29.002       19.746 / 89.649       19.746 / 89.649      ms
[1140.170s][info   ][gc,stats    ]       Phase: Concurrent Process Non-Strong References      0.000 / 0.000         1.645 / 1.787         2.249 / 19.270        2.249 / 19.270      ms
[1140.170s][info   ][gc,stats    ]       Phase: Concurrent Relocate                           0.000 / 0.000       102.493 / 115.167      99.572 / 165.671      99.572 / 165.671     ms
[1140.170s][info   ][gc,stats    ]       Phase: Concurrent Reset Relocation Set               0.000 / 0.000         1.560 / 2.283         2.151 / 14.653        2.151 / 14.653      ms
[1140.170s][info   ][gc,stats    ]       Phase: Concurrent Select Relocation Set              0.000 / 0.000         2.892 / 7.536         3.469 / 12.148        3.469 / 12.148      ms
[1140.170s][info   ][gc,stats    ]       Phase: Pause Mark End                                0.000 / 0.000         0.677 / 1.288         0.709 / 1.288         0.709 / 1.288       ms
[1140.171s][info   ][gc,stats    ]       Phase: Pause Mark Start                              0.000 / 0.000         0.195 / 0.678         0.267 / 1.400         0.267 / 1.400       ms
[1140.171s][info   ][gc,stats    ]       Phase: Pause Relocate Start                          0.000 / 0.000         0.188 / 0.251         0.208 / 1.025         0.208 / 1.025       ms
[1140.171s][info   ][gc,stats    ]       Phase: Pause Verify                                  0.000 / 0.000         0.000 / 0.000         0.000 / 0.000         0.000 / 0.000       ms
[1140.171s][info   ][gc,stats    ]    Subphase: Concurrent Classes Unload                     0.000 / 0.000         1.344 / 1.459         1.891 / 18.723        1.891 / 18.723      ms
[1140.171s][info   ][gc,stats    ]    Subphase: Concurrent Mark                               0.000 / 0.000       182.845 / 206.489     185.035 / 273.889     185.035 / 273.889     ms
[1140.171s][info   ][gc,stats    ]    Subphase: Concurrent Mark Idle                          0.000 / 0.000         1.136 / 1.413         1.137 / 1.413         1.137 / 1.413       ms
[1140.171s][info   ][gc,stats    ]    Subphase: Concurrent Mark Try Flush                     0.000 / 0.000         0.069 / 0.324         0.074 / 0.545         0.074 / 0.545       ms
[1140.171s][info   ][gc,stats    ]    Subphase: Concurrent Mark Try Terminate                 0.000 / 0.000         1.134 / 1.418         1.135 / 1.418         1.135 / 1.418       ms
[1140.171s][info   ][gc,stats    ]    Subphase: Concurrent References Enqueue                 0.000 / 0.000         0.005 / 0.006         0.005 / 0.008         0.005 / 0.008       ms
[1140.171s][info   ][gc,stats    ]    Subphase: Concurrent References Process                 0.000 / 0.000         0.061 / 0.104         0.069 / 0.140         0.069 / 0.140       ms
[1140.171s][info   ][gc,stats    ]    Subphase: Concurrent Roots                              0.000 / 0.000         0.067 / 0.641         0.083 / 2.807         0.083 / 2.807       ms
[1140.171s][info   ][gc,stats    ]    Subphase: Concurrent Roots ClassLoaderDataGraph         0.000 / 0.000         0.060 / 0.609         0.074 / 2.804         0.074 / 2.804       ms
[1140.171s][info   ][gc,stats    ]    Subphase: Concurrent Roots JNIHandles                   0.000 / 0.000         0.010 / 0.069         0.022 / 0.551         0.022 / 0.551       ms
[1140.171s][info   ][gc,stats    ]    Subphase: Concurrent Roots Setup                        0.000 / 0.000         0.125 / 1.420         0.189 / 1.622         0.189 / 1.622       ms
[1140.171s][info   ][gc,stats    ]    Subphase: Concurrent Roots Teardown                     0.000 / 0.000         0.001 / 0.001         0.001 / 0.001         0.001 / 0.001       ms
[1140.171s][info   ][gc,stats    ]    Subphase: Concurrent Weak Roots                         0.000 / 0.000         0.180 / 0.237         0.215 / 1.376         0.215 / 1.376       ms
[1140.171s][info   ][gc,stats    ]    Subphase: Concurrent Weak Roots JNIWeakHandles          0.000 / 0.000         0.002 / 0.012         0.002 / 0.073         0.002 / 0.073       ms
[1140.171s][info   ][gc,stats    ]    Subphase: Concurrent Weak Roots StringTable             0.000 / 0.000         0.153 / 0.193         0.188 / 1.327         0.188 / 1.327       ms
[1140.171s][info   ][gc,stats    ]    Subphase: Concurrent Weak Roots VMWeakHandles           0.000 / 0.000         0.023 / 0.052         0.023 / 0.052         0.023 / 0.052       ms
[1140.171s][info   ][gc,stats    ]    Subphase: Pause Mark Try Complete                       0.000 / 0.000         0.116 / 1.028         0.152 / 1.028         0.152 / 1.028       ms
[1140.171s][info   ][gc,stats    ]    Subphase: Pause Roots                                   0.000 / 0.000         0.035 / 0.329         0.041 / 1.060         0.041 / 1.060       ms
[1140.171s][info   ][gc,stats    ]    Subphase: Pause Roots CodeCache                         0.000 / 0.000         0.000 / 0.000         0.000 / 0.000         0.000 / 0.000       ms
[1140.171s][info   ][gc,stats    ]    Subphase: Pause Roots JVMTIExport                       0.000 / 0.000         0.001 / 0.002         0.002 / 0.017         0.002 / 0.017       ms
[1140.171s][info   ][gc,stats    ]    Subphase: Pause Roots JVMTIWeakExport                   0.000 / 0.000         0.002 / 0.010         0.001 / 0.010         0.001 / 0.010       ms
[1140.171s][info   ][gc,stats    ]    Subphase: Pause Roots Management                        0.000 / 0.000         0.004 / 0.036         0.008 / 0.430         0.008 / 0.430       ms
[1140.171s][info   ][gc,stats    ]    Subphase: Pause Roots ObjectSynchronizer                0.000 / 0.000         0.001 / 0.001         0.001 / 0.011         0.001 / 0.011       ms
[1140.171s][info   ][gc,stats    ]    Subphase: Pause Roots Setup                             0.000 / 0.000         0.001 / 0.002         0.001 / 0.002         0.001 / 0.002       ms
[1140.171s][info   ][gc,stats    ]    Subphase: Pause Roots SystemDictionary                  0.000 / 0.000         0.022 / 0.171         0.034 / 0.734         0.034 / 0.734       ms
[1140.171s][info   ][gc,stats    ]    Subphase: Pause Roots Teardown                          0.000 / 0.000         0.003 / 0.006         0.004 / 0.009         0.004 / 0.009       ms
[1140.171s][info   ][gc,stats    ]    Subphase: Pause Roots Threads                           0.000 / 0.000         0.041 / 0.316         0.049 / 1.042         0.049 / 1.042       ms
[1140.171s][info   ][gc,stats    ]    Subphase: Pause Roots Universe                          0.000 / 0.000         0.007 / 0.036         0.013 / 0.626         0.013 / 0.626       ms
[1140.171s][info   ][gc,stats    ]    Subphase: Pause Weak Roots                              0.000 / 0.000         0.001 / 0.025         0.001 / 0.025         0.001 / 0.025       ms
[1140.171s][info   ][gc,stats    ]    Subphase: Pause Weak Roots JFRWeak                      0.000 / 0.000         0.001 / 0.002         0.001 / 0.002         0.001 / 0.002       ms
[1140.171s][info   ][gc,stats    ]    Subphase: Pause Weak Roots JVMTIWeakExport              0.000 / 0.000         0.001 / 0.002         0.001 / 0.002         0.001 / 0.002       ms
[1140.171s][info   ][gc,stats    ]    Subphase: Pause Weak Roots Setup                        0.000 / 0.000         0.001 / 0.001         0.001 / 0.001         0.001 / 0.001       ms
[1140.171s][info   ][gc,stats    ]    Subphase: Pause Weak Roots Teardown                     0.000 / 0.000         0.001 / 0.002         0.001 / 0.004         0.001 / 0.004       ms
[1140.171s][info   ][gc,stats    ]      System: Java Threads                                      0 / 0                61 / 62               60 / 65               60 / 65          threads
[1140.171s][info   ][gc,stats    ] =========================================================================================================================================================
[1141.970s][info   ][gc,start    ] GC(61) Garbage Collection (Proactive)
[1141.971s][info   ][gc,phases   ] GC(61) Pause Mark Start 0.204ms
[1142.178s][info   ][gc,phases   ] GC(61) Concurrent Mark 206.820ms
[1142.179s][info   ][gc,phases   ] GC(61) Pause Mark End 0.714ms
[1142.180s][info   ][gc,phases   ] GC(61) Concurrent Process Non-Strong References 1.796ms
[1142.182s][info   ][gc,phases   ] GC(61) Concurrent Reset Relocation Set 1.787ms
[1142.182s][info   ][gc,phases   ] GC(61) Concurrent Destroy Detached Pages 0.001ms
[1142.184s][info   ][gc,phases   ] GC(61) Concurrent Select Relocation Set 2.200ms
[1142.201s][info   ][gc,phases   ] GC(61) Concurrent Prepare Relocation Set 16.501ms
[1142.201s][info   ][gc,phases   ] GC(61) Pause Relocate Start 0.197ms
[1142.297s][info   ][gc,phases   ] GC(61) Concurrent Relocate 95.458ms
[1142.297s][info   ][gc,load     ] GC(61) Load: 3.09/3.70/2.71
[1142.297s][info   ][gc,mmu      ] GC(61) MMU: 2ms/30.0%, 5ms/69.9%, 10ms/81.7%, 20ms/87.7%, 50ms/95.1%, 100ms/97.5%
[1142.297s][info   ][gc,marking  ] GC(61) Mark: 8 stripe(s), 10 proactive flush(es), 1 terminate flush(es), 1 completion(s), 0 continuation(s) 
[1142.297s][info   ][gc,reloc    ] GC(61) Relocation: Successful, 1496M relocated
[1142.297s][info   ][gc,nmethod  ] GC(61) NMethods: 5674 registered, 1195 unregistered
[1142.297s][info   ][gc,metaspace] GC(61) Metaspace: 40M used, 41M capacity, 41M committed, 42M reserved
[1142.297s][info   ][gc,ref      ] GC(61) Soft: 3327 encountered, 0 discovered, 0 enqueued
[1142.297s][info   ][gc,ref      ] GC(61) Weak: 1530 encountered, 448 discovered, 0 enqueued
[1142.297s][info   ][gc,ref      ] GC(61) Final: 30 encountered, 3 discovered, 3 enqueued
[1142.297s][info   ][gc,ref      ] GC(61) Phantom: 120 encountered, 80 discovered, 0 enqueued
[1142.297s][info   ][gc,heap     ] GC(61)                Mark Start          Mark End        Relocate Start      Relocate End           High               Low         
[1142.297s][info   ][gc,heap     ] GC(61)  Capacity:    30390M (30%)       30390M (30%)       30390M (30%)       30390M (30%)       30390M (30%)       30390M (30%)    
[1142.297s][info   ][gc,heap     ] GC(61)   Reserve:       80M (0%)           80M (0%)           80M (0%)           80M (0%)           80M (0%)           80M (0%)     
[1142.297s][info   ][gc,heap     ] GC(61)      Free:    86268M (86%)       86042M (86%)       89728M (89%)       96226M (96%)       96226M (96%)       86038M (86%)    
[1142.297s][info   ][gc,heap     ] GC(61)      Used:    14004M (14%)       14230M (14%)       10544M (11%)        4046M (4%)        14234M (14%)        4046M (4%)     
[1142.297s][info   ][gc,heap     ] GC(61)      Live:         -              3540M (4%)         3540M (4%)         3540M (4%)             -                  -          
[1142.297s][info   ][gc,heap     ] GC(61) Allocated:         -               226M (0%)          240M (0%)         1658M (2%)             -                  -          
[1142.297s][info   ][gc,heap     ] GC(61)   Garbage:         -             10463M (10%)        6763M (7%)          225M (0%)             -                  -          
[1142.297s][info   ][gc,heap     ] GC(61) Reclaimed:         -                  -              3700M (4%)        10238M (10%)            -                  -          
[1142.297s][info   ][gc          ] GC(61) Garbage Collection (Proactive) 14004M(14%)->4046M(4%)
[1150.170s][info   ][gc,stats    ] === Garbage Collection Statistics =======================================================================================================================
[1150.170s][info   ][gc,stats    ]                                                              Last 10s              Last 10m              Last 10h                Total
[1150.170s][info   ][gc,stats    ]                                                              Avg / Max             Avg / Max             Avg / Max             Avg / Max
[1150.170s][info   ][gc,stats    ]   Collector: Garbage Collection Cycle                    326.841 / 326.841     319.674 / 352.308     325.096 / 515.532     325.096 / 515.532     ms
[1150.170s][info   ][gc,stats    ]  Contention: Mark Segment Reset Contention                    21 / 219              12 / 348              14 / 850              14 / 850         ops/s
[1150.170s][info   ][gc,stats    ]  Contention: Mark SeqNum Reset Contention                      0 / 0                 0 / 3                 0 / 9                 0 / 9           ops/s
[1150.170s][info   ][gc,stats    ]  Contention: Relocation Contention                            10 / 108               2 / 623               1 / 623               1 / 623         ops/s
[1150.170s][info   ][gc,stats    ]    Critical: Allocation Stall                              0.000 / 0.000         0.000 / 0.000         0.000 / 0.000         0.000 / 0.000       ms
[1150.170s][info   ][gc,stats    ]    Critical: Allocation Stall                                  0 / 0                 0 / 0                 0 / 0                 0 / 0           ops/s
[1150.170s][info   ][gc,stats    ]    Critical: GC Locker Stall                               0.000 / 0.000         0.000 / 0.000         0.000 / 0.000         0.000 / 0.000       ms
[1150.170s][info   ][gc,stats    ]    Critical: GC Locker Stall                                   0 / 0                 0 / 0                 0 / 0                 0 / 0           ops/s
[1150.170s][info   ][gc,stats    ]      Memory: Allocation Rate                                 638 / 882             626 / 882             621 / 1436            621 / 1436        MB/s
[1150.170s][info   ][gc,stats    ]      Memory: Heap Used After Mark                          14230 / 14230         14421 / 15348         15166 / 30288         15166 / 30288       MB
[1150.170s][info   ][gc,stats    ]      Memory: Heap Used After Relocation                     4046 / 4046           3972 / 4046           3855 / 4228           3855 / 4228        MB
[1150.170s][info   ][gc,stats    ]      Memory: Heap Used Before Mark                         14004 / 14004         14232 / 15152         14983 / 30112         14983 / 30112       MB
[1150.170s][info   ][gc,stats    ]      Memory: Heap Used Before Relocation                   10544 / 10544         10638 / 11370         10995 / 20378         10995 / 20378       MB
[1150.170s][info   ][gc,stats    ]      Memory: Out Of Memory                                     0 / 0                 0 / 0                 0 / 0                 0 / 0           ops/s
[1150.170s][info   ][gc,stats    ]      Memory: Page Cache Flush                                  0 / 0                 0 / 0                 0 / 0                 0 / 0           MB/s
[1150.170s][info   ][gc,stats    ]      Memory: Page Cache Hit L1                               378 / 978             341 / 1056            323 / 1642            323 / 1642        ops/s
[1150.170s][info   ][gc,stats    ]      Memory: Page Cache Hit L2                                 0 / 0                 0 / 0                 0 / 179               0 / 179         ops/s
[1150.170s][info   ][gc,stats    ]      Memory: Page Cache Miss                                   0 / 0                 0 / 0                12 / 341              12 / 341         ops/s
[1150.170s][info   ][gc,stats    ]      Memory: Undo Object Allocation Failed                     0 / 0                 0 / 0                 0 / 0                 0 / 0           ops/s
[1150.170s][info   ][gc,stats    ]      Memory: Undo Object Allocation Succeeded                 10 / 108               2 / 623               1 / 623               1 / 623         ops/s
[1150.170s][info   ][gc,stats    ]      Memory: Undo Page Allocation                              0 / 0                 0 / 0                 0 / 69                0 / 69          ops/s
[1150.170s][info   ][gc,stats    ]       Phase: Concurrent Destroy Detached Pages             0.001 / 0.001         0.001 / 0.001         0.001 / 0.001         0.001 / 0.001       ms
[1150.170s][info   ][gc,stats    ]       Phase: Concurrent Mark                             206.820 / 206.820     194.819 / 207.160     195.707 / 275.553     195.707 / 275.553     ms
[1150.170s][info   ][gc,stats    ]       Phase: Concurrent Mark Continue                      0.000 / 0.000         1.301 / 1.335         1.340 / 1.416         1.340 / 1.416       ms
[1150.170s][info   ][gc,stats    ]       Phase: Concurrent Prepare Relocation Set            16.501 / 16.501       14.262 / 29.002       19.694 / 89.649       19.694 / 89.649      ms
[1150.170s][info   ][gc,stats    ]       Phase: Concurrent Process Non-Strong References      1.796 / 1.796         1.650 / 1.796         2.242 / 19.270        2.242 / 19.270      ms
[1150.170s][info   ][gc,stats    ]       Phase: Concurrent Relocate                          95.458 / 95.458      102.297 / 115.167      99.506 / 165.671      99.506 / 165.671     ms
[1150.170s][info   ][gc,stats    ]       Phase: Concurrent Reset Relocation Set               1.787 / 1.787         1.566 / 2.283         2.145 / 14.653        2.145 / 14.653      ms
[1150.170s][info   ][gc,stats    ]       Phase: Concurrent Select Relocation Set              2.200 / 2.200         2.872 / 7.536         3.449 / 12.148        3.449 / 12.148      ms
[1150.170s][info   ][gc,stats    ]       Phase: Pause Mark End                                0.714 / 0.714         0.678 / 1.288         0.709 / 1.288         0.709 / 1.288       ms
[1150.170s][info   ][gc,stats    ]       Phase: Pause Mark Start                              0.204 / 0.204         0.195 / 0.678         0.266 / 1.400         0.266 / 1.400       ms
[1150.170s][info   ][gc,stats    ]       Phase: Pause Relocate Start                          0.197 / 0.197         0.188 / 0.251         0.207 / 1.025         0.207 / 1.025       ms
[1150.170s][info   ][gc,stats    ]       Phase: Pause Verify                                  0.000 / 0.000         0.000 / 0.000         0.000 / 0.000         0.000 / 0.000       ms
[1150.170s][info   ][gc,stats    ]    Subphase: Concurrent Classes Unload                     1.467 / 1.467         1.347 / 1.467         1.884 / 18.723        1.884 / 18.723      ms
[1150.170s][info   ][gc,stats    ]    Subphase: Concurrent Mark                             205.546 / 206.144     183.442 / 206.489     185.350 / 273.889     185.350 / 273.889     ms
[1150.170s][info   ][gc,stats    ]    Subphase: Concurrent Mark Idle                          1.132 / 1.171         1.136 / 1.413         1.137 / 1.413         1.137 / 1.413       ms
[1150.170s][info   ][gc,stats    ]    Subphase: Concurrent Mark Try Flush                     0.086 / 0.137         0.070 / 0.324         0.074 / 0.545         0.074 / 0.545       ms
[1150.170s][info   ][gc,stats    ]    Subphase: Concurrent Mark Try Terminate                 1.132 / 1.176         1.134 / 1.418         1.135 / 1.418         1.135 / 1.418       ms
[1150.170s][info   ][gc,stats    ]    Subphase: Concurrent References Enqueue                 0.005 / 0.005         0.005 / 0.006         0.005 / 0.008         0.005 / 0.008       ms
[1150.170s][info   ][gc,stats    ]    Subphase: Concurrent References Process                 0.079 / 0.079         0.062 / 0.104         0.069 / 0.140         0.069 / 0.140       ms
[1150.170s][info   ][gc,stats    ]    Subphase: Concurrent Roots                              0.077 / 0.401         0.068 / 0.641         0.083 / 2.807         0.083 / 2.807       ms
[1150.170s][info   ][gc,stats    ]    Subphase: Concurrent Roots ClassLoaderDataGraph         0.069 / 0.399         0.061 / 0.609         0.074 / 2.804         0.074 / 2.804       ms
[1150.170s][info   ][gc,stats    ]    Subphase: Concurrent Roots JNIHandles                   0.009 / 0.014         0.010 / 0.069         0.022 / 0.551         0.022 / 0.551       ms
[1150.170s][info   ][gc,stats    ]    Subphase: Concurrent Roots Setup                        0.083 / 0.083         0.123 / 1.420         0.187 / 1.622         0.187 / 1.622       ms
[1150.170s][info   ][gc,stats    ]    Subphase: Concurrent Roots Teardown                     0.001 / 0.001         0.001 / 0.001         0.001 / 0.001         0.001 / 0.001       ms
[1150.170s][info   ][gc,stats    ]    Subphase: Concurrent Weak Roots                         0.183 / 0.196         0.180 / 0.237         0.215 / 1.376         0.215 / 1.376       ms
[1150.170s][info   ][gc,stats    ]    Subphase: Concurrent Weak Roots JNIWeakHandles          0.002 / 0.006         0.002 / 0.012         0.002 / 0.073         0.002 / 0.073       ms
[1150.170s][info   ][gc,stats    ]    Subphase: Concurrent Weak Roots StringTable             0.155 / 0.160         0.153 / 0.193         0.188 / 1.327         0.188 / 1.327       ms
[1150.170s][info   ][gc,stats    ]    Subphase: Concurrent Weak Roots VMWeakHandles           0.023 / 0.040         0.023 / 0.052         0.023 / 0.052         0.023 / 0.052       ms
[1150.170s][info   ][gc,stats    ]    Subphase: Pause Mark Try Complete                       0.293 / 0.453         0.121 / 1.028         0.155 / 1.028         0.155 / 1.028       ms
[1150.170s][info   ][gc,stats    ]    Subphase: Pause Roots                                   0.038 / 0.096         0.035 / 0.329         0.041 / 1.060         0.041 / 1.060       ms
[1150.170s][info   ][gc,stats    ]    Subphase: Pause Roots CodeCache                         0.000 / 0.000         0.000 / 0.000         0.000 / 0.000         0.000 / 0.000       ms
[1150.170s][info   ][gc,stats    ]    Subphase: Pause Roots JVMTIExport                       0.002 / 0.003         0.001 / 0.003         0.002 / 0.017         0.002 / 0.017       ms
[1150.170s][info   ][gc,stats    ]    Subphase: Pause Roots JVMTIWeakExport                   0.001 / 0.001         0.002 / 0.010         0.001 / 0.010         0.001 / 0.010       ms
[1150.170s][info   ][gc,stats    ]    Subphase: Pause Roots Management                        0.004 / 0.006         0.004 / 0.036         0.008 / 0.430         0.008 / 0.430       ms
[1150.170s][info   ][gc,stats    ]    Subphase: Pause Roots ObjectSynchronizer                0.002 / 0.002         0.001 / 0.002         0.001 / 0.011         0.001 / 0.011       ms
[1150.170s][info   ][gc,stats    ]    Subphase: Pause Roots Setup                             0.001 / 0.002         0.001 / 0.002         0.001 / 0.002         0.001 / 0.002       ms
[1150.170s][info   ][gc,stats    ]    Subphase: Pause Roots SystemDictionary                  0.024 / 0.038         0.022 / 0.171         0.034 / 0.734         0.034 / 0.734       ms
[1150.170s][info   ][gc,stats    ]    Subphase: Pause Roots Teardown                          0.004 / 0.006         0.003 / 0.006         0.004 / 0.009         0.004 / 0.009       ms
[1150.170s][info   ][gc,stats    ]    Subphase: Pause Roots Threads                           0.037 / 0.079         0.041 / 0.316         0.049 / 1.042         0.049 / 1.042       ms
[1150.170s][info   ][gc,stats    ]    Subphase: Pause Roots Universe                          0.015 / 0.019         0.008 / 0.036         0.013 / 0.626         0.013 / 0.626       ms
[1150.170s][info   ][gc,stats    ]    Subphase: Pause Weak Roots                              0.001 / 0.005         0.001 / 0.025         0.001 / 0.025         0.001 / 0.025       ms
[1150.170s][info   ][gc,stats    ]    Subphase: Pause Weak Roots JFRWeak                      0.001 / 0.001         0.001 / 0.002         0.001 / 0.002         0.001 / 0.002       ms
[1150.170s][info   ][gc,stats    ]    Subphase: Pause Weak Roots JVMTIWeakExport              0.001 / 0.001         0.001 / 0.002         0.001 / 0.002         0.001 / 0.002       ms
[1150.170s][info   ][gc,stats    ]    Subphase: Pause Weak Roots Setup                        0.001 / 0.001         0.001 / 0.001         0.001 / 0.001         0.001 / 0.001       ms
[1150.170s][info   ][gc,stats    ]    Subphase: Pause Weak Roots Teardown                     0.001 / 0.001         0.001 / 0.002         0.001 / 0.004         0.001 / 0.004       ms
[1150.170s][info   ][gc,stats    ]      System: Java Threads                                     62 / 62               61 / 62               60 / 65               60 / 65          threads
[1150.170s][info   ][gc,stats    ] =========================================================================================================================================================
[1158.870s][info   ][gc,start    ] GC(62) Garbage Collection (Proactive)
[1158.870s][info   ][gc,phases   ] GC(62) Pause Mark Start 0.248ms
[1159.080s][info   ][gc,phases   ] GC(62) Concurrent Mark 209.794ms
[1159.081s][info   ][gc,phases   ] GC(62) Pause Mark End 0.663ms
[1159.083s][info   ][gc,phases   ] GC(62) Concurrent Process Non-Strong References 1.785ms
[1159.085s][info   ][gc,phases   ] GC(62) Concurrent Reset Relocation Set 1.964ms
[1159.085s][info   ][gc,phases   ] GC(62) Concurrent Destroy Detached Pages 0.001ms
[1159.087s][info   ][gc,phases   ] GC(62) Concurrent Select Relocation Set 2.273ms
[1159.106s][info   ][gc,phases   ] GC(62) Concurrent Prepare Relocation Set 18.248ms
[1159.106s][info   ][gc,phases   ] GC(62) Pause Relocate Start 0.255ms
[1159.187s][info   ][gc,phases   ] GC(62) Concurrent Relocate 80.879ms
[1159.187s][info   ][gc,load     ] GC(62) Load: 3.12/3.65/2.72
[1159.187s][info   ][gc,mmu      ] GC(62) MMU: 2ms/30.0%, 5ms/69.9%, 10ms/81.7%, 20ms/87.7%, 50ms/95.1%, 100ms/97.5%
[1159.187s][info   ][gc,marking  ] GC(62) Mark: 8 stripe(s), 10 proactive flush(es), 2 terminate flush(es), 1 completion(s), 0 continuation(s) 
[1159.187s][info   ][gc,reloc    ] GC(62) Relocation: Successful, 1513M relocated
[1159.187s][info   ][gc,nmethod  ] GC(62) NMethods: 5715 registered, 1196 unregistered
[1159.187s][info   ][gc,metaspace] GC(62) Metaspace: 40M used, 41M capacity, 41M committed, 42M reserved
[1159.187s][info   ][gc,ref      ] GC(62) Soft: 3327 encountered, 0 discovered, 0 enqueued
[1159.187s][info   ][gc,ref      ] GC(62) Weak: 1530 encountered, 577 discovered, 0 enqueued
[1159.187s][info   ][gc,ref      ] GC(62) Final: 30 encountered, 3 discovered, 3 enqueued
[1159.187s][info   ][gc,ref      ] GC(62) Phantom: 120 encountered, 95 discovered, 0 enqueued
[1159.187s][info   ][gc,heap     ] GC(62)                Mark Start          Mark End        Relocate Start      Relocate End           High               Low         
[1159.187s][info   ][gc,heap     ] GC(62)  Capacity:    30390M (30%)       30390M (30%)       30390M (30%)       30390M (30%)       30390M (30%)       30390M (30%)    
[1159.187s][info   ][gc,heap     ] GC(62)   Reserve:       80M (0%)           80M (0%)           80M (0%)           80M (0%)           80M (0%)           80M (0%)     
[1159.187s][info   ][gc,heap     ] GC(62)      Free:    85692M (85%)       85510M (85%)       89700M (89%)       96262M (96%)       96262M (96%)       85498M (85%)    
[1159.187s][info   ][gc,heap     ] GC(62)      Used:    14580M (15%)       14762M (15%)       10572M (11%)        4010M (4%)        14774M (15%)        4010M (4%)     
[1159.187s][info   ][gc,heap     ] GC(62)      Live:         -              3549M (4%)         3549M (4%)         3549M (4%)             -                  -          
[1159.187s][info   ][gc,heap     ] GC(62) Allocated:         -               182M (0%)          218M (0%)         1636M (2%)             -                  -          
[1159.187s][info   ][gc,heap     ] GC(62)   Garbage:         -             11030M (11%)        6804M (7%)          212M (0%)             -                  -          
[1159.187s][info   ][gc,heap     ] GC(62) Reclaimed:         -                  -              4226M (4%)        10818M (11%)            -                  -          
[1159.187s][info   ][gc          ] GC(62) Garbage Collection (Proactive) 14580M(15%)->4010M(4%)
[1160.169s][info   ][gc,stats    ] === Garbage Collection Statistics =======================================================================================================================
[1160.169s][info   ][gc,stats    ]                                                              Last 10s              Last 10m              Last 10h                Total
[1160.169s][info   ][gc,stats    ]                                                              Avg / Max             Avg / Max             Avg / Max             Avg / Max
[1160.169s][info   ][gc,stats    ]   Collector: Garbage Collection Cycle                    317.486 / 317.486     319.577 / 352.308     324.975 / 515.532     324.975 / 515.532     ms
[1160.169s][info   ][gc,stats    ]  Contention: Mark Segment Reset Contention                    15 / 156              11 / 348              14 / 850              14 / 850         ops/s
[1160.169s][info   ][gc,stats    ]  Contention: Mark SeqNum Reset Contention                      0 / 2                 0 / 3                 0 / 9                 0 / 9           ops/s
[1160.169s][info   ][gc,stats    ]  Contention: Relocation Contention                             0 / 1                 2 / 623               1 / 623               1 / 623         ops/s
[1160.169s][info   ][gc,stats    ]    Critical: Allocation Stall                              0.000 / 0.000         0.000 / 0.000         0.000 / 0.000         0.000 / 0.000       ms
[1160.169s][info   ][gc,stats    ]    Critical: Allocation Stall                                  0 / 0                 0 / 0                 0 / 0                 0 / 0           ops/s
[1160.169s][info   ][gc,stats    ]    Critical: GC Locker Stall                               0.000 / 0.000         0.000 / 0.000         0.000 / 0.000         0.000 / 0.000       ms
[1160.169s][info   ][gc,stats    ]    Critical: GC Locker Stall                                   0 / 0                 0 / 0                 0 / 0                 0 / 0           ops/s
[1160.169s][info   ][gc,stats    ]      Memory: Allocation Rate                                 637 / 700             626 / 882             621 / 1436            621 / 1436        MB/s
[1160.169s][info   ][gc,stats    ]      Memory: Heap Used After Mark                          14762 / 14762         14424 / 15348         15160 / 30288         15160 / 30288       MB
[1160.169s][info   ][gc,stats    ]      Memory: Heap Used After Relocation                     4010 / 4010           3973 / 4046           3857 / 4228           3857 / 4228        MB
[1160.169s][info   ][gc,stats    ]      Memory: Heap Used Before Mark                         14580 / 14580         14235 / 15152         14977 / 30112         14977 / 30112       MB
[1160.169s][info   ][gc,stats    ]      Memory: Heap Used Before Relocation                   10572 / 10572         10632 / 11370         10988 / 20378         10988 / 20378       MB
[1160.169s][info   ][gc,stats    ]      Memory: Out Of Memory                                     0 / 0                 0 / 0                 0 / 0                 0 / 0           ops/s
[1160.169s][info   ][gc,stats    ]      Memory: Page Cache Flush                                  0 / 0                 0 / 0                 0 / 0                 0 / 0           MB/s
[1160.169s][info   ][gc,stats    ]      Memory: Page Cache Hit L1                               373 / 859             341 / 1056            324 / 1642            324 / 1642        ops/s
[1160.170s][info   ][gc,stats    ]      Memory: Page Cache Hit L2                                 0 / 0                 0 / 0                 0 / 179               0 / 179         ops/s
[1160.170s][info   ][gc,stats    ]      Memory: Page Cache Miss                                   0 / 0                 0 / 0                12 / 341              12 / 341         ops/s
[1160.170s][info   ][gc,stats    ]      Memory: Undo Object Allocation Failed                     0 / 0                 0 / 0                 0 / 0                 0 / 0           ops/s
[1160.170s][info   ][gc,stats    ]      Memory: Undo Object Allocation Succeeded                  0 / 1                 2 / 623               1 / 623               1 / 623         ops/s
[1160.170s][info   ][gc,stats    ]      Memory: Undo Page Allocation                              0 / 0                 0 / 0                 0 / 69                0 / 69          ops/s
[1160.170s][info   ][gc,stats    ]       Phase: Concurrent Destroy Detached Pages             0.001 / 0.001         0.001 / 0.001         0.001 / 0.001         0.001 / 0.001       ms
[1160.170s][info   ][gc,stats    ]       Phase: Concurrent Mark                             209.794 / 209.794     195.085 / 209.794     195.931 / 275.553     195.931 / 275.553     ms
[1160.170s][info   ][gc,stats    ]       Phase: Concurrent Mark Continue                      0.000 / 0.000         1.268 / 1.268         1.340 / 1.416         1.340 / 1.416       ms
[1160.170s][info   ][gc,stats    ]       Phase: Concurrent Prepare Relocation Set            18.248 / 18.248       14.355 / 29.002       19.671 / 89.649       19.671 / 89.649      ms
[1160.170s][info   ][gc,stats    ]       Phase: Concurrent Process Non-Strong References      1.785 / 1.785         1.652 / 1.796         2.234 / 19.270        2.234 / 19.270      ms
[1160.170s][info   ][gc,stats    ]       Phase: Concurrent Relocate                          80.879 / 80.879      101.922 / 115.167      99.210 / 165.671      99.210 / 165.671     ms
[1160.170s][info   ][gc,stats    ]       Phase: Concurrent Reset Relocation Set               1.964 / 1.964         1.560 / 2.283         2.142 / 14.653        2.142 / 14.653      ms
[1160.170s][info   ][gc,stats    ]       Phase: Concurrent Select Relocation Set              2.273 / 2.273         2.864 / 7.536         3.430 / 12.148        3.430 / 12.148      ms
[1160.170s][info   ][gc,stats    ]       Phase: Pause Mark End                                0.663 / 0.663         0.677 / 1.288         0.708 / 1.288         0.708 / 1.288       ms
[1160.170s][info   ][gc,stats    ]       Phase: Pause Mark Start                              0.248 / 0.248         0.183 / 0.248         0.265 / 1.400         0.265 / 1.400       ms
[1160.170s][info   ][gc,stats    ]       Phase: Pause Relocate Start                          0.255 / 0.255         0.189 / 0.255         0.208 / 1.025         0.208 / 1.025       ms
[1160.170s][info   ][gc,stats    ]       Phase: Pause Verify                                  0.000 / 0.000         0.000 / 0.000         0.000 / 0.000         0.000 / 0.000       ms
[1160.170s][info   ][gc,stats    ]    Subphase: Concurrent Classes Unload                     1.449 / 1.449         1.349 / 1.467         1.877 / 18.723        1.877 / 18.723      ms
[1160.170s][info   ][gc,stats    ]    Subphase: Concurrent Mark                             208.770 / 209.103     188.676 / 209.103     185.705 / 273.889     185.705 / 273.889     ms
[1160.170s][info   ][gc,stats    ]    Subphase: Concurrent Mark Idle                          1.140 / 1.191         1.136 / 1.413         1.137 / 1.413         1.137 / 1.413       ms
[1160.170s][info   ][gc,stats    ]    Subphase: Concurrent Mark Try Flush                     0.079 / 0.131         0.070 / 0.324         0.074 / 0.545         0.074 / 0.545       ms
[1160.170s][info   ][gc,stats    ]    Subphase: Concurrent Mark Try Terminate                 1.139 / 1.194         1.134 / 1.418         1.135 / 1.418         1.135 / 1.418       ms
[1160.170s][info   ][gc,stats    ]    Subphase: Concurrent References Enqueue                 0.004 / 0.004         0.005 / 0.006         0.005 / 0.008         0.005 / 0.008       ms
[1160.170s][info   ][gc,stats    ]    Subphase: Concurrent References Process                 0.082 / 0.082         0.062 / 0.104         0.069 / 0.140         0.069 / 0.140       ms
[1160.170s][info   ][gc,stats    ]    Subphase: Concurrent Roots                              0.081 / 0.420         0.067 / 0.566         0.083 / 2.807         0.083 / 2.807       ms
[1160.170s][info   ][gc,stats    ]    Subphase: Concurrent Roots ClassLoaderDataGraph         0.071 / 0.418         0.060 / 0.563         0.074 / 2.804         0.074 / 2.804       ms
[1160.170s][info   ][gc,stats    ]    Subphase: Concurrent Roots JNIHandles                   0.009 / 0.017         0.009 / 0.069         0.021 / 0.551         0.021 / 0.551       ms
[1160.170s][info   ][gc,stats    ]    Subphase: Concurrent Roots Setup                        0.082 / 0.082         0.086 / 0.159         0.185 / 1.622         0.185 / 1.622       ms
[1160.170s][info   ][gc,stats    ]    Subphase: Concurrent Roots Teardown                     0.001 / 0.001         0.001 / 0.001         0.001 / 0.001         0.001 / 0.001       ms
[1160.170s][info   ][gc,stats    ]    Subphase: Concurrent Weak Roots                         0.178 / 0.208         0.180 / 0.237         0.214 / 1.376         0.214 / 1.376       ms
[1160.170s][info   ][gc,stats    ]    Subphase: Concurrent Weak Roots JNIWeakHandles          0.002 / 0.005         0.002 / 0.009         0.002 / 0.073         0.002 / 0.073       ms
[1160.170s][info   ][gc,stats    ]    Subphase: Concurrent Weak Roots StringTable             0.160 / 0.164         0.153 / 0.193         0.187 / 1.327         0.187 / 1.327       ms
[1160.170s][info   ][gc,stats    ]    Subphase: Concurrent Weak Roots VMWeakHandles           0.027 / 0.043         0.023 / 0.052         0.023 / 0.052         0.023 / 0.052       ms
[1160.170s][info   ][gc,stats    ]    Subphase: Pause Mark Try Complete                       0.175 / 0.336         0.119 / 1.028         0.155 / 1.028         0.155 / 1.028       ms
[1160.170s][info   ][gc,stats    ]    Subphase: Pause Roots                                   0.039 / 0.122         0.034 / 0.203         0.041 / 1.060         0.041 / 1.060       ms
[1160.170s][info   ][gc,stats    ]    Subphase: Pause Roots CodeCache                         0.000 / 0.000         0.000 / 0.000         0.000 / 0.000         0.000 / 0.000       ms
[1160.170s][info   ][gc,stats    ]    Subphase: Pause Roots JVMTIExport                       0.008 / 0.015         0.002 / 0.015         0.002 / 0.017         0.002 / 0.017       ms
[1160.170s][info   ][gc,stats    ]    Subphase: Pause Roots JVMTIWeakExport                   0.001 / 0.001         0.002 / 0.010         0.001 / 0.010         0.001 / 0.010       ms
[1160.170s][info   ][gc,stats    ]    Subphase: Pause Roots Management                        0.010 / 0.018         0.005 / 0.036         0.008 / 0.430         0.008 / 0.430       ms
[1160.170s][info   ][gc,stats    ]    Subphase: Pause Roots ObjectSynchronizer                0.002 / 0.002         0.001 / 0.002         0.001 / 0.011         0.001 / 0.011       ms
[1160.170s][info   ][gc,stats    ]    Subphase: Pause Roots Setup                             0.001 / 0.002         0.001 / 0.002         0.001 / 0.002         0.001 / 0.002       ms
[1160.170s][info   ][gc,stats    ]    Subphase: Pause Roots SystemDictionary                  0.013 / 0.016         0.019 / 0.111         0.034 / 0.734         0.034 / 0.734       ms
[1160.170s][info   ][gc,stats    ]    Subphase: Pause Roots Teardown                          0.004 / 0.007         0.003 / 0.007         0.004 / 0.009         0.004 / 0.009       ms
[1160.170s][info   ][gc,stats    ]    Subphase: Pause Roots Threads                           0.043 / 0.116         0.040 / 0.187         0.049 / 1.042         0.049 / 1.042       ms
[1160.170s][info   ][gc,stats    ]    Subphase: Pause Roots Universe                          0.007 / 0.011         0.008 / 0.036         0.013 / 0.626         0.013 / 0.626       ms
[1160.170s][info   ][gc,stats    ]    Subphase: Pause Weak Roots                              0.001 / 0.005         0.001 / 0.025         0.001 / 0.025         0.001 / 0.025       ms
[1160.170s][info   ][gc,stats    ]    Subphase: Pause Weak Roots JFRWeak                      0.001 / 0.001         0.001 / 0.002         0.001 / 0.002         0.001 / 0.002       ms
[1160.170s][info   ][gc,stats    ]    Subphase: Pause Weak Roots JVMTIWeakExport              0.001 / 0.001         0.001 / 0.002         0.001 / 0.002         0.001 / 0.002       ms
[1160.170s][info   ][gc,stats    ]    Subphase: Pause Weak Roots Setup                        0.001 / 0.001         0.001 / 0.001         0.001 / 0.001         0.001 / 0.001       ms
[1160.170s][info   ][gc,stats    ]    Subphase: Pause Weak Roots Teardown                     0.001 / 0.001         0.001 / 0.002         0.001 / 0.004         0.001 / 0.004       ms
[1160.170s][info   ][gc,stats    ]      System: Java Threads                                     66 / 66               62 / 66               60 / 66               60 / 66          threads
[1160.170s][info   ][gc,stats    ] =========================================================================================================================================================
[1170.170s][info   ][gc,stats    ] === Garbage Collection Statistics =======================================================================================================================
[1170.170s][info   ][gc,stats    ]                                                              Last 10s              Last 10m              Last 10h                Total
[1170.170s][info   ][gc,stats    ]                                                              Avg / Max             Avg / Max             Avg / Max             Avg / Max
[1170.170s][info   ][gc,stats    ]   Collector: Garbage Collection Cycle                      0.000 / 0.000       319.577 / 352.308     324.975 / 515.532     324.975 / 515.532     ms
[1170.170s][info   ][gc,stats    ]  Contention: Mark Segment Reset Contention                     0 / 0                11 / 348              14 / 850              14 / 850         ops/s
[1170.170s][info   ][gc,stats    ]  Contention: Mark SeqNum Reset Contention                      0 / 0                 0 / 3                 0 / 9                 0 / 9           ops/s
[1170.170s][info   ][gc,stats    ]  Contention: Relocation Contention                             0 / 0                 2 / 623               1 / 623               1 / 623         ops/s
[1170.170s][info   ][gc,stats    ]    Critical: Allocation Stall                              0.000 / 0.000         0.000 / 0.000         0.000 / 0.000         0.000 / 0.000       ms
[1170.170s][info   ][gc,stats    ]    Critical: Allocation Stall                                  0 / 0                 0 / 0                 0 / 0                 0 / 0           ops/s
[1170.170s][info   ][gc,stats    ]    Critical: GC Locker Stall                               0.000 / 0.000         0.000 / 0.000         0.000 / 0.000         0.000 / 0.000       ms
[1170.170s][info   ][gc,stats    ]    Critical: GC Locker Stall                                   0 / 0                 0 / 0                 0 / 0                 0 / 0           ops/s
[1170.170s][info   ][gc,stats    ]      Memory: Allocation Rate                                 651 / 722             627 / 882             622 / 1436            622 / 1436        MB/s
[1170.170s][info   ][gc,stats    ]      Memory: Heap Used After Mark                              0 / 0             14424 / 15348         15160 / 30288         15160 / 30288       MB
[1170.170s][info   ][gc,stats    ]      Memory: Heap Used After Relocation                        0 / 0              3973 / 4046           3857 / 4228           3857 / 4228        MB
[1170.170s][info   ][gc,stats    ]      Memory: Heap Used Before Mark                             0 / 0             14235 / 15152         14977 / 30112         14977 / 30112       MB
[1170.170s][info   ][gc,stats    ]      Memory: Heap Used Before Relocation                       0 / 0             10632 / 11370         10988 / 20378         10988 / 20378       MB
[1170.170s][info   ][gc,stats    ]      Memory: Out Of Memory                                     0 / 0                 0 / 0                 0 / 0                 0 / 0           ops/s
[1170.170s][info   ][gc,stats    ]      Memory: Page Cache Flush                                  0 / 0                 0 / 0                 0 / 0                 0 / 0           MB/s
[1170.170s][info   ][gc,stats    ]      Memory: Page Cache Hit L1                               315 / 346             341 / 1056            324 / 1642            324 / 1642        ops/s
[1170.170s][info   ][gc,stats    ]      Memory: Page Cache Hit L2                                 0 / 0                 0 / 0                 0 / 179               0 / 179         ops/s
[1170.170s][info   ][gc,stats    ]      Memory: Page Cache Miss                                   0 / 0                 0 / 0                12 / 341              12 / 341         ops/s
[1170.170s][info   ][gc,stats    ]      Memory: Undo Object Allocation Failed                     0 / 0                 0 / 0                 0 / 0                 0 / 0           ops/s
[1170.170s][info   ][gc,stats    ]      Memory: Undo Object Allocation Succeeded                  0 / 0                 2 / 623               1 / 623               1 / 623         ops/s
[1170.170s][info   ][gc,stats    ]      Memory: Undo Page Allocation                              0 / 0                 0 / 0                 0 / 69                0 / 69          ops/s
[1170.170s][info   ][gc,stats    ]       Phase: Concurrent Destroy Detached Pages             0.000 / 0.000         0.001 / 0.001         0.001 / 0.001         0.001 / 0.001       ms
[1170.170s][info   ][gc,stats    ]       Phase: Concurrent Mark                               0.000 / 0.000       195.085 / 209.794     195.931 / 275.553     195.931 / 275.553     ms
[1170.170s][info   ][gc,stats    ]       Phase: Concurrent Mark Continue                      0.000 / 0.000         1.268 / 1.268         1.340 / 1.416         1.340 / 1.416       ms
[1170.170s][info   ][gc,stats    ]       Phase: Concurrent Prepare Relocation Set             0.000 / 0.000        14.355 / 29.002       19.671 / 89.649       19.671 / 89.649      ms
[1170.170s][info   ][gc,stats    ]       Phase: Concurrent Process Non-Strong References      0.000 / 0.000         1.652 / 1.796         2.234 / 19.270        2.234 / 19.270      ms
[1170.170s][info   ][gc,stats    ]       Phase: Concurrent Relocate                           0.000 / 0.000       101.922 / 115.167      99.210 / 165.671      99.210 / 165.671     ms
[1170.170s][info   ][gc,stats    ]       Phase: Concurrent Reset Relocation Set               0.000 / 0.000         1.560 / 2.283         2.142 / 14.653        2.142 / 14.653      ms
[1170.170s][info   ][gc,stats    ]       Phase: Concurrent Select Relocation Set              0.000 / 0.000         2.864 / 7.536         3.430 / 12.148        3.430 / 12.148      ms
[1170.170s][info   ][gc,stats    ]       Phase: Pause Mark End                                0.000 / 0.000         0.677 / 1.288         0.708 / 1.288         0.708 / 1.288       ms
[1170.170s][info   ][gc,stats    ]       Phase: Pause Mark Start                              0.000 / 0.000         0.183 / 0.248         0.265 / 1.400         0.265 / 1.400       ms
[1170.170s][info   ][gc,stats    ]       Phase: Pause Relocate Start                          0.000 / 0.000         0.189 / 0.255         0.208 / 1.025         0.208 / 1.025       ms
[1170.170s][info   ][gc,stats    ]       Phase: Pause Verify                                  0.000 / 0.000         0.000 / 0.000         0.000 / 0.000         0.000 / 0.000       ms
[1170.170s][info   ][gc,stats    ]    Subphase: Concurrent Classes Unload                     0.000 / 0.000         1.349 / 1.467         1.877 / 18.723        1.877 / 18.723      ms
[1170.170s][info   ][gc,stats    ]    Subphase: Concurrent Mark                               0.000 / 0.000       188.676 / 209.103     185.705 / 273.889     185.705 / 273.889     ms
[1170.170s][info   ][gc,stats    ]    Subphase: Concurrent Mark Idle                          0.000 / 0.000         1.136 / 1.413         1.137 / 1.413         1.137 / 1.413       ms
[1170.170s][info   ][gc,stats    ]    Subphase: Concurrent Mark Try Flush                     0.000 / 0.000         0.070 / 0.324         0.074 / 0.545         0.074 / 0.545       ms
[1170.170s][info   ][gc,stats    ]    Subphase: Concurrent Mark Try Terminate                 0.000 / 0.000         1.134 / 1.418         1.135 / 1.418         1.135 / 1.418       ms
[1170.170s][info   ][gc,stats    ]    Subphase: Concurrent References Enqueue                 0.000 / 0.000         0.005 / 0.006         0.005 / 0.008         0.005 / 0.008       ms
[1170.170s][info   ][gc,stats    ]    Subphase: Concurrent References Process                 0.000 / 0.000         0.062 / 0.104         0.069 / 0.140         0.069 / 0.140       ms
[1170.170s][info   ][gc,stats    ]    Subphase: Concurrent Roots                              0.000 / 0.000         0.067 / 0.566         0.083 / 2.807         0.083 / 2.807       ms
[1170.170s][info   ][gc,stats    ]    Subphase: Concurrent Roots ClassLoaderDataGraph         0.000 / 0.000         0.060 / 0.563         0.074 / 2.804         0.074 / 2.804       ms
[1170.170s][info   ][gc,stats    ]    Subphase: Concurrent Roots JNIHandles                   0.000 / 0.000         0.009 / 0.069         0.021 / 0.551         0.021 / 0.551       ms
[1170.170s][info   ][gc,stats    ]    Subphase: Concurrent Roots Setup                        0.000 / 0.000         0.086 / 0.159         0.185 / 1.622         0.185 / 1.622       ms
[1170.170s][info   ][gc,stats    ]    Subphase: Concurrent Roots Teardown                     0.000 / 0.000         0.001 / 0.001         0.001 / 0.001         0.001 / 0.001       ms
[1170.170s][info   ][gc,stats    ]    Subphase: Concurrent Weak Roots                         0.000 / 0.000         0.180 / 0.237         0.214 / 1.376         0.214 / 1.376       ms
[1170.170s][info   ][gc,stats    ]    Subphase: Concurrent Weak Roots JNIWeakHandles          0.000 / 0.000         0.002 / 0.009         0.002 / 0.073         0.002 / 0.073       ms
[1170.171s][info   ][gc,stats    ]    Subphase: Concurrent Weak Roots StringTable             0.000 / 0.000         0.153 / 0.193         0.187 / 1.327         0.187 / 1.327       ms
[1170.171s][info   ][gc,stats    ]    Subphase: Concurrent Weak Roots VMWeakHandles           0.000 / 0.000         0.023 / 0.052         0.023 / 0.052         0.023 / 0.052       ms
[1170.171s][info   ][gc,stats    ]    Subphase: Pause Mark Try Complete                       0.000 / 0.000         0.119 / 1.028         0.155 / 1.028         0.155 / 1.028       ms
[1170.171s][info   ][gc,stats    ]    Subphase: Pause Roots                                   0.000 / 0.000         0.034 / 0.203         0.041 / 1.060         0.041 / 1.060       ms
[1170.171s][info   ][gc,stats    ]    Subphase: Pause Roots CodeCache                         0.000 / 0.000         0.000 / 0.000         0.000 / 0.000         0.000 / 0.000       ms
[1170.171s][info   ][gc,stats    ]    Subphase: Pause Roots JVMTIExport                       0.000 / 0.000         0.002 / 0.015         0.002 / 0.017         0.002 / 0.017       ms
[1170.171s][info   ][gc,stats    ]    Subphase: Pause Roots JVMTIWeakExport                   0.000 / 0.000         0.002 / 0.010         0.001 / 0.010         0.001 / 0.010       ms
[1170.171s][info   ][gc,stats    ]    Subphase: Pause Roots Management                        0.000 / 0.000         0.005 / 0.036         0.008 / 0.430         0.008 / 0.430       ms
[1170.171s][info   ][gc,stats    ]    Subphase: Pause Roots ObjectSynchronizer                0.000 / 0.000         0.001 / 0.002         0.001 / 0.011         0.001 / 0.011       ms
[1170.171s][info   ][gc,stats    ]    Subphase: Pause Roots Setup                             0.000 / 0.000         0.001 / 0.002         0.001 / 0.002         0.001 / 0.002       ms
[1170.171s][info   ][gc,stats    ]    Subphase: Pause Roots SystemDictionary                  0.000 / 0.000         0.019 / 0.111         0.034 / 0.734         0.034 / 0.734       ms
[1170.171s][info   ][gc,stats    ]    Subphase: Pause Roots Teardown                          0.000 / 0.000         0.003 / 0.007         0.004 / 0.009         0.004 / 0.009       ms
[1170.171s][info   ][gc,stats    ]    Subphase: Pause Roots Threads                           0.000 / 0.000         0.040 / 0.187         0.049 / 1.042         0.049 / 1.042       ms
[1170.171s][info   ][gc,stats    ]    Subphase: Pause Roots Universe                          0.000 / 0.000         0.008 / 0.036         0.013 / 0.626         0.013 / 0.626       ms
[1170.171s][info   ][gc,stats    ]    Subphase: Pause Weak Roots                              0.000 / 0.000         0.001 / 0.025         0.001 / 0.025         0.001 / 0.025       ms
[1170.171s][info   ][gc,stats    ]    Subphase: Pause Weak Roots JFRWeak                      0.000 / 0.000         0.001 / 0.002         0.001 / 0.002         0.001 / 0.002       ms
[1170.171s][info   ][gc,stats    ]    Subphase: Pause Weak Roots JVMTIWeakExport              0.000 / 0.000         0.001 / 0.002         0.001 / 0.002         0.001 / 0.002       ms
[1170.171s][info   ][gc,stats    ]    Subphase: Pause Weak Roots Setup                        0.000 / 0.000         0.001 / 0.001         0.001 / 0.001         0.001 / 0.001       ms
[1170.171s][info   ][gc,stats    ]    Subphase: Pause Weak Roots Teardown                     0.000 / 0.000         0.001 / 0.002         0.001 / 0.004         0.001 / 0.004       ms
[1170.171s][info   ][gc,stats    ]      System: Java Threads                                      0 / 0                62 / 66               60 / 66               60 / 66          threads
[1170.171s][info   ][gc,stats    ] =========================================================================================================================================================
[1175.270s][info   ][gc,start    ] GC(63) Garbage Collection (Proactive)
[1175.270s][info   ][gc,phases   ] GC(63) Pause Mark Start 0.185ms
[1175.477s][info   ][gc,phases   ] GC(63) Concurrent Mark 206.485ms
[1175.478s][info   ][gc,phases   ] GC(63) Pause Mark End 0.917ms
[1175.480s][info   ][gc,phases   ] GC(63) Concurrent Process Non-Strong References 1.817ms
[1175.482s][info   ][gc,phases   ] GC(63) Concurrent Reset Relocation Set 2.317ms
[1175.482s][info   ][gc,phases   ] GC(63) Concurrent Destroy Detached Pages 0.001ms
[1175.485s][info   ][gc,phases   ] GC(63) Concurrent Select Relocation Set 2.495ms
[1175.506s][info   ][gc,phases   ] GC(63) Concurrent Prepare Relocation Set 21.795ms
[1175.507s][info   ][gc,phases   ] GC(63) Pause Relocate Start 0.189ms
[1175.590s][info   ][gc,phases   ] GC(63) Concurrent Relocate 83.248ms
[1175.590s][info   ][gc,load     ] GC(63) Load: 2.58/3.51/2.69
[1175.590s][info   ][gc,mmu      ] GC(63) MMU: 2ms/30.0%, 5ms/69.9%, 10ms/81.7%, 20ms/87.7%, 50ms/95.1%, 100ms/97.5%
[1175.590s][info   ][gc,marking  ] GC(63) Mark: 8 stripe(s), 10 proactive flush(es), 1 terminate flush(es), 1 completion(s), 0 continuation(s) 
[1175.590s][info   ][gc,reloc    ] GC(63) Relocation: Successful, 1527M relocated
[1175.590s][info   ][gc,nmethod  ] GC(63) NMethods: 5717 registered, 1196 unregistered
[1175.590s][info   ][gc,metaspace] GC(63) Metaspace: 40M used, 41M capacity, 41M committed, 42M reserved
[1175.590s][info   ][gc,ref      ] GC(63) Soft: 3327 encountered, 0 discovered, 0 enqueued
[1175.590s][info   ][gc,ref      ] GC(63) Weak: 1530 encountered, 259 discovered, 0 enqueued
[1175.590s][info   ][gc,ref      ] GC(63) Final: 31 encountered, 4 discovered, 4 enqueued
[1175.590s][info   ][gc,ref      ] GC(63) Phantom: 120 encountered, 76 discovered, 0 enqueued
[1175.590s][info   ][gc,heap     ] GC(63)                Mark Start          Mark End        Relocate Start      Relocate End           High               Low         
[1175.591s][info   ][gc,heap     ] GC(63)  Capacity:    30390M (30%)       30390M (30%)       30390M (30%)       30390M (30%)       30390M (30%)       30390M (30%)    
[1175.591s][info   ][gc,heap     ] GC(63)   Reserve:       80M (0%)           80M (0%)           80M (0%)           80M (0%)           80M (0%)           80M (0%)     
[1175.591s][info   ][gc,heap     ] GC(63)      Free:    86004M (86%)       85822M (86%)       89508M (89%)       96284M (96%)       96284M (96%)       85820M (86%)    
[1175.591s][info   ][gc,heap     ] GC(63)      Used:    14268M (14%)       14450M (14%)       10764M (11%)        3988M (4%)        14452M (14%)        3988M (4%)     
[1175.591s][info   ][gc,heap     ] GC(63)      Live:         -              3548M (4%)         3548M (4%)         3548M (4%)             -                  -          
[1175.591s][info   ][gc,heap     ] GC(63) Allocated:         -               182M (0%)          204M (0%)         1616M (2%)             -                  -          
[1175.591s][info   ][gc,heap     ] GC(63)   Garbage:         -             10719M (11%)        7011M (7%)          213M (0%)             -                  -          
[1175.591s][info   ][gc,heap     ] GC(63) Reclaimed:         -                  -              3708M (4%)        10506M (10%)            -                  -          
[1175.591s][info   ][gc          ] GC(63) Garbage Collection (Proactive) 14268M(14%)->3988M(4%)
[1180.170s][info   ][gc,stats    ] === Garbage Collection Statistics =======================================================================================================================
[1180.170s][info   ][gc,stats    ]                                                              Last 10s              Last 10m              Last 10h                Total
[1180.170s][info   ][gc,stats    ]                                                              Avg / Max             Avg / Max             Avg / Max             Avg / Max
[1180.170s][info   ][gc,stats    ]   Collector: Garbage Collection Cycle                    320.425 / 320.425     319.952 / 352.308     324.904 / 515.532     324.904 / 515.532     ms
[1180.170s][info   ][gc,stats    ]  Contention: Mark Segment Reset Contention                    23 / 235              11 / 348              14 / 850              14 / 850         ops/s
[1180.170s][info   ][gc,stats    ]  Contention: Mark SeqNum Reset Contention                      0 / 1                 0 / 2                 0 / 9                 0 / 9           ops/s
[1180.170s][info   ][gc,stats    ]  Contention: Relocation Contention                             0 / 2                 2 / 623               1 / 623               1 / 623         ops/s
[1180.170s][info   ][gc,stats    ]    Critical: Allocation Stall                              0.000 / 0.000         0.000 / 0.000         0.000 / 0.000         0.000 / 0.000       ms
[1180.170s][info   ][gc,stats    ]    Critical: Allocation Stall                                  0 / 0                 0 / 0                 0 / 0                 0 / 0           ops/s
[1180.170s][info   ][gc,stats    ]    Critical: GC Locker Stall                               0.000 / 0.000         0.000 / 0.000         0.000 / 0.000         0.000 / 0.000       ms
[1180.170s][info   ][gc,stats    ]    Critical: GC Locker Stall                                   0 / 0                 0 / 0                 0 / 0                 0 / 0           ops/s
[1180.170s][info   ][gc,stats    ]      Memory: Allocation Rate                                 610 / 648             626 / 882             622 / 1436            622 / 1436        MB/s
[1180.170s][info   ][gc,stats    ]      Memory: Heap Used After Mark                          14450 / 14450         14430 / 15348         15149 / 30288         15149 / 30288       MB
[1180.170s][info   ][gc,stats    ]      Memory: Heap Used After Relocation                     3988 / 3988           3975 / 4046           3859 / 4228           3859 / 4228        MB
[1180.170s][info   ][gc,stats    ]      Memory: Heap Used Before Mark                         14268 / 14268         14240 / 15152         14966 / 30112         14966 / 30112       MB
[1180.170s][info   ][gc,stats    ]      Memory: Heap Used Before Relocation                   10764 / 10764         10642 / 11370         10985 / 20378         10985 / 20378       MB
[1180.170s][info   ][gc,stats    ]      Memory: Out Of Memory                                     0 / 0                 0 / 0                 0 / 0                 0 / 0           ops/s
[1180.170s][info   ][gc,stats    ]      Memory: Page Cache Flush                                  0 / 0                 0 / 0                 0 / 0                 0 / 0           MB/s
[1180.170s][info   ][gc,stats    ]      Memory: Page Cache Hit L1                               362 / 983             341 / 1056            324 / 1642            324 / 1642        ops/s
[1180.170s][info   ][gc,stats    ]      Memory: Page Cache Hit L2                                 0 / 0                 0 / 0                 0 / 179               0 / 179         ops/s
[1180.170s][info   ][gc,stats    ]      Memory: Page Cache Miss                                   0 / 0                 0 / 0                12 / 341              12 / 341         ops/s
[1180.170s][info   ][gc,stats    ]      Memory: Undo Object Allocation Failed                     0 / 0                 0 / 0                 0 / 0                 0 / 0           ops/s
[1180.170s][info   ][gc,stats    ]      Memory: Undo Object Allocation Succeeded                  0 / 2                 2 / 623               1 / 623               1 / 623         ops/s
[1180.170s][info   ][gc,stats    ]      Memory: Undo Page Allocation                              0 / 0                 0 / 0                 0 / 69                0 / 69          ops/s
[1180.170s][info   ][gc,stats    ]       Phase: Concurrent Destroy Detached Pages             0.001 / 0.001         0.001 / 0.001         0.001 / 0.001         0.001 / 0.001       ms
[1180.170s][info   ][gc,stats    ]       Phase: Concurrent Mark                             206.485 / 206.485     195.430 / 209.794     196.096 / 275.553     196.096 / 275.553     ms
[1180.170s][info   ][gc,stats    ]       Phase: Concurrent Mark Continue                      0.000 / 0.000         1.268 / 1.268         1.340 / 1.416         1.340 / 1.416       ms
[1180.170s][info   ][gc,stats    ]       Phase: Concurrent Prepare Relocation Set            21.795 / 21.795       14.691 / 29.002       19.704 / 89.649       19.704 / 89.649      ms
[1180.170s][info   ][gc,stats    ]       Phase: Concurrent Process Non-Strong References      1.817 / 1.817         1.658 / 1.817         2.228 / 19.270        2.228 / 19.270      ms
[1180.170s][info   ][gc,stats    ]       Phase: Concurrent Relocate                          83.248 / 83.248      101.587 / 115.167      98.961 / 165.671      98.961 / 165.671     ms
[1180.170s][info   ][gc,stats    ]       Phase: Concurrent Reset Relocation Set               2.317 / 2.317         1.591 / 2.317         2.145 / 14.653        2.145 / 14.653      ms
[1180.170s][info   ][gc,stats    ]       Phase: Concurrent Select Relocation Set              2.495 / 2.495         2.868 / 7.536         3.416 / 12.148        3.416 / 12.148      ms
[1180.170s][info   ][gc,stats    ]       Phase: Pause Mark End                                0.917 / 0.917         0.667 / 1.174         0.711 / 1.288         0.711 / 1.288       ms
[1180.170s][info   ][gc,stats    ]       Phase: Pause Mark Start                              0.185 / 0.185         0.183 / 0.248         0.264 / 1.400         0.264 / 1.400       ms
[1180.170s][info   ][gc,stats    ]       Phase: Pause Relocate Start                          0.189 / 0.189         0.188 / 0.255         0.208 / 1.025         0.208 / 1.025       ms
[1180.170s][info   ][gc,stats    ]       Phase: Pause Verify                                  0.000 / 0.000         0.000 / 0.000         0.000 / 0.000         0.000 / 0.000       ms
[1180.170s][info   ][gc,stats    ]    Subphase: Concurrent Classes Unload                     1.502 / 1.502         1.355 / 1.502         1.871 / 18.723        1.871 / 18.723      ms
[1180.170s][info   ][gc,stats    ]    Subphase: Concurrent Mark                             205.232 / 205.665     189.010 / 209.103     185.997 / 273.889     185.997 / 273.889     ms
[1180.170s][info   ][gc,stats    ]    Subphase: Concurrent Mark Idle                          1.143 / 1.186         1.136 / 1.413         1.137 / 1.413         1.137 / 1.413       ms
[1180.170s][info   ][gc,stats    ]    Subphase: Concurrent Mark Try Flush                     0.107 / 0.143         0.071 / 0.324         0.075 / 0.545         0.075 / 0.545       ms
[1180.170s][info   ][gc,stats    ]    Subphase: Concurrent Mark Try Terminate                 1.143 / 1.192         1.134 / 1.418         1.135 / 1.418         1.135 / 1.418       ms
[1180.170s][info   ][gc,stats    ]    Subphase: Concurrent References Enqueue                 0.005 / 0.005         0.005 / 0.006         0.005 / 0.008         0.005 / 0.008       ms
[1180.170s][info   ][gc,stats    ]    Subphase: Concurrent References Process                 0.063 / 0.063         0.063 / 0.104         0.069 / 0.140         0.069 / 0.140       ms
[1180.170s][info   ][gc,stats    ]    Subphase: Concurrent Roots                              0.084 / 0.472         0.068 / 0.566         0.083 / 2.807         0.083 / 2.807       ms
[1180.170s][info   ][gc,stats    ]    Subphase: Concurrent Roots ClassLoaderDataGraph         0.075 / 0.453         0.061 / 0.563         0.074 / 2.804         0.074 / 2.804       ms
[1180.170s][info   ][gc,stats    ]    Subphase: Concurrent Roots JNIHandles                   0.009 / 0.018         0.009 / 0.069         0.021 / 0.551         0.021 / 0.551       ms
[1180.170s][info   ][gc,stats    ]    Subphase: Concurrent Roots Setup                        0.085 / 0.085         0.086 / 0.159         0.184 / 1.622         0.184 / 1.622       ms
[1180.170s][info   ][gc,stats    ]    Subphase: Concurrent Roots Teardown                     0.001 / 0.001         0.001 / 0.001         0.001 / 0.001         0.001 / 0.001       ms
[1180.170s][info   ][gc,stats    ]    Subphase: Concurrent Weak Roots                         0.193 / 0.205         0.180 / 0.237         0.214 / 1.376         0.214 / 1.376       ms
[1180.170s][info   ][gc,stats    ]    Subphase: Concurrent Weak Roots JNIWeakHandles          0.003 / 0.006         0.002 / 0.009         0.002 / 0.073         0.002 / 0.073       ms
[1180.170s][info   ][gc,stats    ]    Subphase: Concurrent Weak Roots StringTable             0.160 / 0.166         0.153 / 0.193         0.187 / 1.327         0.187 / 1.327       ms
[1180.170s][info   ][gc,stats    ]    Subphase: Concurrent Weak Roots VMWeakHandles           0.028 / 0.044         0.023 / 0.052         0.023 / 0.052         0.023 / 0.052       ms
[1180.170s][info   ][gc,stats    ]    Subphase: Pause Mark Try Complete                       0.300 / 0.649         0.119 / 1.028         0.157 / 1.028         0.157 / 1.028       ms
[1180.170s][info   ][gc,stats    ]    Subphase: Pause Roots                                   0.034 / 0.109         0.034 / 0.176         0.041 / 1.060         0.041 / 1.060       ms
[1180.170s][info   ][gc,stats    ]    Subphase: Pause Roots CodeCache                         0.000 / 0.000         0.000 / 0.000         0.000 / 0.000         0.000 / 0.000       ms
[1180.170s][info   ][gc,stats    ]    Subphase: Pause Roots JVMTIExport                       0.001 / 0.001         0.002 / 0.015         0.002 / 0.017         0.002 / 0.017       ms
[1180.170s][info   ][gc,stats    ]    Subphase: Pause Roots JVMTIWeakExport                   0.001 / 0.001         0.002 / 0.010         0.001 / 0.010         0.001 / 0.010       ms
[1180.170s][info   ][gc,stats    ]    Subphase: Pause Roots Management                        0.006 / 0.008         0.005 / 0.036         0.008 / 0.430         0.008 / 0.430       ms
[1180.170s][info   ][gc,stats    ]    Subphase: Pause Roots ObjectSynchronizer                0.001 / 0.002         0.001 / 0.002         0.001 / 0.011         0.001 / 0.011       ms
[1180.170s][info   ][gc,stats    ]    Subphase: Pause Roots Setup                             0.001 / 0.002         0.001 / 0.002         0.001 / 0.002         0.001 / 0.002       ms
[1180.170s][info   ][gc,stats    ]    Subphase: Pause Roots SystemDictionary                  0.020 / 0.027         0.019 / 0.111         0.033 / 0.734         0.033 / 0.734       ms
[1180.170s][info   ][gc,stats    ]    Subphase: Pause Roots Teardown                          0.004 / 0.005         0.003 / 0.007         0.004 / 0.009         0.004 / 0.009       ms
[1180.170s][info   ][gc,stats    ]    Subphase: Pause Roots Threads                           0.037 / 0.106         0.040 / 0.169         0.048 / 1.042         0.048 / 1.042       ms
[1180.170s][info   ][gc,stats    ]    Subphase: Pause Roots Universe                          0.008 / 0.008         0.008 / 0.036         0.013 / 0.626         0.013 / 0.626       ms
[1180.170s][info   ][gc,stats    ]    Subphase: Pause Weak Roots                              0.001 / 0.006         0.001 / 0.025         0.001 / 0.025         0.001 / 0.025       ms
[1180.170s][info   ][gc,stats    ]    Subphase: Pause Weak Roots JFRWeak                      0.001 / 0.001         0.001 / 0.002         0.001 / 0.002         0.001 / 0.002       ms
[1180.170s][info   ][gc,stats    ]    Subphase: Pause Weak Roots JVMTIWeakExport              0.001 / 0.001         0.001 / 0.002         0.001 / 0.002         0.001 / 0.002       ms
[1180.170s][info   ][gc,stats    ]    Subphase: Pause Weak Roots Setup                        0.001 / 0.001         0.001 / 0.001         0.001 / 0.001         0.001 / 0.001       ms
[1180.170s][info   ][gc,stats    ]    Subphase: Pause Weak Roots Teardown                     0.001 / 0.001         0.001 / 0.002         0.001 / 0.004         0.001 / 0.004       ms
[1180.170s][info   ][gc,stats    ]      System: Java Threads                                     62 / 62               62 / 66               60 / 66               60 / 66          threads
[1180.170s][info   ][gc,stats    ] =========================================================================================================================================================
[1190.169s][info   ][gc,stats    ] === Garbage Collection Statistics =======================================================================================================================
[1190.169s][info   ][gc,stats    ]                                                              Last 10s              Last 10m              Last 10h                Total
[1190.169s][info   ][gc,stats    ]                                                              Avg / Max             Avg / Max             Avg / Max             Avg / Max
[1190.169s][info   ][gc,stats    ]   Collector: Garbage Collection Cycle                      0.000 / 0.000       320.419 / 352.308     324.904 / 515.532     324.904 / 515.532     ms
[1190.169s][info   ][gc,stats    ]  Contention: Mark Segment Reset Contention                     0 / 0                11 / 339              14 / 850              14 / 850         ops/s
[1190.169s][info   ][gc,stats    ]  Contention: Mark SeqNum Reset Contention                      0 / 0                 0 / 2                 0 / 9                 0 / 9           ops/s
[1190.169s][info   ][gc,stats    ]  Contention: Relocation Contention                             0 / 0                 2 / 623               1 / 623               1 / 623         ops/s
[1190.169s][info   ][gc,stats    ]    Critical: Allocation Stall                              0.000 / 0.000         0.000 / 0.000         0.000 / 0.000         0.000 / 0.000       ms
[1190.169s][info   ][gc,stats    ]    Critical: Allocation Stall                                  0 / 0                 0 / 0                 0 / 0                 0 / 0           ops/s
[1190.169s][info   ][gc,stats    ]    Critical: GC Locker Stall                               0.000 / 0.000         0.000 / 0.000         0.000 / 0.000         0.000 / 0.000       ms
[1190.169s][info   ][gc,stats    ]    Critical: GC Locker Stall                                   0 / 0                 0 / 0                 0 / 0                 0 / 0           ops/s
[1190.169s][info   ][gc,stats    ]      Memory: Allocation Rate                                 634 / 706             626 / 882             622 / 1436            622 / 1436        MB/s
[1190.169s][info   ][gc,stats    ]      Memory: Heap Used After Mark                              0 / 0             14433 / 15348         15149 / 30288         15149 / 30288       MB
[1190.169s][info   ][gc,stats    ]      Memory: Heap Used After Relocation                        0 / 0              3976 / 4046           3859 / 4228           3859 / 4228        MB
[1190.169s][info   ][gc,stats    ]      Memory: Heap Used Before Mark                             0 / 0             14243 / 15152         14966 / 30112         14966 / 30112       MB
[1190.169s][info   ][gc,stats    ]      Memory: Heap Used Before Relocation                       0 / 0             10646 / 11370         10985 / 20378         10985 / 20378       MB
[1190.169s][info   ][gc,stats    ]      Memory: Out Of Memory                                     0 / 0                 0 / 0                 0 / 0                 0 / 0           ops/s
[1190.169s][info   ][gc,stats    ]      Memory: Page Cache Flush                                  0 / 0                 0 / 0                 0 / 0                 0 / 0           MB/s
[1190.169s][info   ][gc,stats    ]      Memory: Page Cache Hit L1                               306 / 338             340 / 1056            324 / 1642            324 / 1642        ops/s
[1190.169s][info   ][gc,stats    ]      Memory: Page Cache Hit L2                                 0 / 0                 0 / 0                 0 / 179               0 / 179         ops/s
[1190.169s][info   ][gc,stats    ]      Memory: Page Cache Miss                                   0 / 0                 0 / 0                12 / 341              12 / 341         ops/s
[1190.169s][info   ][gc,stats    ]      Memory: Undo Object Allocation Failed                     0 / 0                 0 / 0                 0 / 0                 0 / 0           ops/s
[1190.170s][info   ][gc,stats    ]      Memory: Undo Object Allocation Succeeded                  0 / 0                 2 / 623               1 / 623               1 / 623         ops/s
[1190.170s][info   ][gc,stats    ]      Memory: Undo Page Allocation                              0 / 0                 0 / 0                 0 / 69                0 / 69          ops/s
[1190.170s][info   ][gc,stats    ]       Phase: Concurrent Destroy Detached Pages             0.000 / 0.000         0.001 / 0.001         0.001 / 0.001         0.001 / 0.001       ms
[1190.170s][info   ][gc,stats    ]       Phase: Concurrent Mark                               0.000 / 0.000       195.475 / 209.794     196.096 / 275.553     196.096 / 275.553     ms
[1190.170s][info   ][gc,stats    ]       Phase: Concurrent Mark Continue                      0.000 / 0.000         1.268 / 1.268         1.340 / 1.416         1.340 / 1.416       ms
[1190.170s][info   ][gc,stats    ]       Phase: Concurrent Prepare Relocation Set             0.000 / 0.000        14.808 / 29.002       19.704 / 89.649       19.704 / 89.649      ms
[1190.170s][info   ][gc,stats    ]       Phase: Concurrent Process Non-Strong References      0.000 / 0.000         1.660 / 1.817         2.228 / 19.270        2.228 / 19.270      ms
[1190.170s][info   ][gc,stats    ]       Phase: Concurrent Relocate                           0.000 / 0.000       101.899 / 115.167      98.961 / 165.671      98.961 / 165.671     ms
[1190.170s][info   ][gc,stats    ]       Phase: Concurrent Reset Relocation Set               0.000 / 0.000         1.603 / 2.317         2.145 / 14.653        2.145 / 14.653      ms
[1190.170s][info   ][gc,stats    ]       Phase: Concurrent Select Relocation Set              0.000 / 0.000         2.843 / 7.536         3.416 / 12.148        3.416 / 12.148      ms
[1190.170s][info   ][gc,stats    ]       Phase: Pause Mark End                                0.000 / 0.000         0.669 / 1.174         0.711 / 1.288         0.711 / 1.288       ms
[1190.170s][info   ][gc,stats    ]       Phase: Pause Mark Start                              0.000 / 0.000         0.181 / 0.248         0.264 / 1.400         0.264 / 1.400       ms
[1190.170s][info   ][gc,stats    ]       Phase: Pause Relocate Start                          0.000 / 0.000         0.186 / 0.255         0.208 / 1.025         0.208 / 1.025       ms
[1190.170s][info   ][gc,stats    ]       Phase: Pause Verify                                  0.000 / 0.000         0.000 / 0.000         0.000 / 0.000         0.000 / 0.000       ms
[1190.170s][info   ][gc,stats    ]    Subphase: Concurrent Classes Unload                     0.000 / 0.000         1.356 / 1.502         1.871 / 18.723        1.871 / 18.723      ms
[1190.170s][info   ][gc,stats    ]    Subphase: Concurrent Mark                               0.000 / 0.000       188.913 / 209.103     185.997 / 273.889     185.997 / 273.889     ms
[1190.170s][info   ][gc,stats    ]    Subphase: Concurrent Mark Idle                          0.000 / 0.000         1.136 / 1.413         1.137 / 1.413         1.137 / 1.413       ms
[1190.170s][info   ][gc,stats    ]    Subphase: Concurrent Mark Try Flush                     0.000 / 0.000         0.071 / 0.324         0.075 / 0.545         0.075 / 0.545       ms
[1190.170s][info   ][gc,stats    ]    Subphase: Concurrent Mark Try Terminate                 0.000 / 0.000         1.134 / 1.418         1.135 / 1.418         1.135 / 1.418       ms
[1190.170s][info   ][gc,stats    ]    Subphase: Concurrent References Enqueue                 0.000 / 0.000         0.005 / 0.006         0.005 / 0.008         0.005 / 0.008       ms
[1190.170s][info   ][gc,stats    ]    Subphase: Concurrent References Process                 0.000 / 0.000         0.063 / 0.104         0.069 / 0.140         0.069 / 0.140       ms
[1190.170s][info   ][gc,stats    ]    Subphase: Concurrent Roots                              0.000 / 0.000         0.068 / 0.566         0.083 / 2.807         0.083 / 2.807       ms
[1190.170s][info   ][gc,stats    ]    Subphase: Concurrent Roots ClassLoaderDataGraph         0.000 / 0.000         0.061 / 0.563         0.074 / 2.804         0.074 / 2.804       ms
[1190.170s][info   ][gc,stats    ]    Subphase: Concurrent Roots JNIHandles                   0.000 / 0.000         0.009 / 0.069         0.021 / 0.551         0.021 / 0.551       ms
[1190.170s][info   ][gc,stats    ]    Subphase: Concurrent Roots Setup                        0.000 / 0.000         0.086 / 0.159         0.184 / 1.622         0.184 / 1.622       ms
[1190.170s][info   ][gc,stats    ]    Subphase: Concurrent Roots Teardown                     0.000 / 0.000         0.001 / 0.001         0.001 / 0.001         0.001 / 0.001       ms
[1190.170s][info   ][gc,stats    ]    Subphase: Concurrent Weak Roots                         0.000 / 0.000         0.180 / 0.237         0.214 / 1.376         0.214 / 1.376       ms
[1190.170s][info   ][gc,stats    ]    Subphase: Concurrent Weak Roots JNIWeakHandles          0.000 / 0.000         0.002 / 0.009         0.002 / 0.073         0.002 / 0.073       ms
[1190.170s][info   ][gc,stats    ]    Subphase: Concurrent Weak Roots StringTable             0.000 / 0.000         0.153 / 0.193         0.187 / 1.327         0.187 / 1.327       ms
[1190.170s][info   ][gc,stats    ]    Subphase: Concurrent Weak Roots VMWeakHandles           0.000 / 0.000         0.023 / 0.052         0.023 / 0.052         0.023 / 0.052       ms
[1190.170s][info   ][gc,stats    ]    Subphase: Pause Mark Try Complete                       0.000 / 0.000         0.119 / 1.028         0.157 / 1.028         0.157 / 1.028       ms
[1190.170s][info   ][gc,stats    ]    Subphase: Pause Roots                                   0.000 / 0.000         0.034 / 0.176         0.041 / 1.060         0.041 / 1.060       ms
[1190.170s][info   ][gc,stats    ]    Subphase: Pause Roots CodeCache                         0.000 / 0.000         0.000 / 0.000         0.000 / 0.000         0.000 / 0.000       ms
[1190.170s][info   ][gc,stats    ]    Subphase: Pause Roots JVMTIExport                       0.000 / 0.000         0.002 / 0.015         0.002 / 0.017         0.002 / 0.017       ms
[1190.170s][info   ][gc,stats    ]    Subphase: Pause Roots JVMTIWeakExport                   0.000 / 0.000         0.002 / 0.010         0.001 / 0.010         0.001 / 0.010       ms
[1190.170s][info   ][gc,stats    ]    Subphase: Pause Roots Management                        0.000 / 0.000         0.005 / 0.036         0.008 / 0.430         0.008 / 0.430       ms
[1190.170s][info   ][gc,stats    ]    Subphase: Pause Roots ObjectSynchronizer                0.000 / 0.000         0.001 / 0.002         0.001 / 0.011         0.001 / 0.011       ms
[1190.170s][info   ][gc,stats    ]    Subphase: Pause Roots Setup                             0.000 / 0.000         0.001 / 0.002         0.001 / 0.002         0.001 / 0.002       ms
[1190.170s][info   ][gc,stats    ]    Subphase: Pause Roots SystemDictionary                  0.000 / 0.000         0.020 / 0.111         0.033 / 0.734         0.033 / 0.734       ms
[1190.170s][info   ][gc,stats    ]    Subphase: Pause Roots Teardown                          0.000 / 0.000         0.003 / 0.007         0.004 / 0.009         0.004 / 0.009       ms
[1190.170s][info   ][gc,stats    ]    Subphase: Pause Roots Threads                           0.000 / 0.000         0.040 / 0.164         0.048 / 1.042         0.048 / 1.042       ms
[1190.170s][info   ][gc,stats    ]    Subphase: Pause Roots Universe                          0.000 / 0.000         0.008 / 0.036         0.013 / 0.626         0.013 / 0.626       ms
[1190.170s][info   ][gc,stats    ]    Subphase: Pause Weak Roots                              0.000 / 0.000         0.001 / 0.025         0.001 / 0.025         0.001 / 0.025       ms
[1190.170s][info   ][gc,stats    ]    Subphase: Pause Weak Roots JFRWeak                      0.000 / 0.000         0.001 / 0.002         0.001 / 0.002         0.001 / 0.002       ms
[1190.170s][info   ][gc,stats    ]    Subphase: Pause Weak Roots JVMTIWeakExport              0.000 / 0.000         0.001 / 0.002         0.001 / 0.002         0.001 / 0.002       ms
[1190.170s][info   ][gc,stats    ]    Subphase: Pause Weak Roots Setup                        0.000 / 0.000         0.001 / 0.001         0.001 / 0.001         0.001 / 0.001       ms
[1190.170s][info   ][gc,stats    ]    Subphase: Pause Weak Roots Teardown                     0.000 / 0.000         0.001 / 0.002         0.001 / 0.004         0.001 / 0.004       ms
[1190.170s][info   ][gc,stats    ]      System: Java Threads                                      0 / 0                62 / 66               60 / 66               60 / 66          threads
[1190.170s][info   ][gc,stats    ] =========================================================================================================================================================
[1191.770s][info   ][gc,start    ] GC(64) Garbage Collection (Proactive)
[1191.770s][info   ][gc,phases   ] GC(64) Pause Mark Start 0.176ms
[1191.977s][info   ][gc,phases   ] GC(64) Concurrent Mark 207.088ms
[1191.978s][info   ][gc,phases   ] GC(64) Pause Mark End 0.920ms
[1191.980s][info   ][gc,phases   ] GC(64) Concurrent Process Non-Strong References 1.854ms
[1191.982s][info   ][gc,phases   ] GC(64) Concurrent Reset Relocation Set 2.188ms
[1191.982s][info   ][gc,phases   ] GC(64) Concurrent Destroy Detached Pages 0.001ms
[1191.987s][info   ][gc,phases   ] GC(64) Concurrent Select Relocation Set 4.256ms
[1192.014s][info   ][gc,phases   ] GC(64) Concurrent Prepare Relocation Set 27.092ms
[1192.014s][info   ][gc,phases   ] GC(64) Pause Relocate Start 0.181ms
[1192.099s][info   ][gc,phases   ] GC(64) Concurrent Relocate 84.676ms
[1192.099s][info   ][gc,load     ] GC(64) Load: 3.23/3.60/2.73
[1192.099s][info   ][gc,mmu      ] GC(64) MMU: 2ms/30.0%, 5ms/69.9%, 10ms/81.7%, 20ms/87.7%, 50ms/95.1%, 100ms/97.5%
[1192.099s][info   ][gc,marking  ] GC(64) Mark: 8 stripe(s), 10 proactive flush(es), 2 terminate flush(es), 1 completion(s), 0 continuation(s) 
[1192.099s][info   ][gc,reloc    ] GC(64) Relocation: Successful, 1532M relocated
[1192.099s][info   ][gc,nmethod  ] GC(64) NMethods: 5723 registered, 1196 unregistered
[1192.099s][info   ][gc,metaspace] GC(64) Metaspace: 40M used, 41M capacity, 41M committed, 42M reserved
[1192.099s][info   ][gc,ref      ] GC(64) Soft: 3327 encountered, 0 discovered, 0 enqueued
[1192.099s][info   ][gc,ref      ] GC(64) Weak: 1530 encountered, 295 discovered, 0 enqueued
[1192.099s][info   ][gc,ref      ] GC(64) Final: 30 encountered, 3 discovered, 3 enqueued
[1192.099s][info   ][gc,ref      ] GC(64) Phantom: 120 encountered, 80 discovered, 0 enqueued
[1192.099s][info   ][gc,heap     ] GC(64)                Mark Start          Mark End        Relocate Start      Relocate End           High               Low         
[1192.099s][info   ][gc,heap     ] GC(64)  Capacity:    30390M (30%)       30390M (30%)       30390M (30%)       30390M (30%)       30390M (30%)       30390M (30%)    
[1192.099s][info   ][gc,heap     ] GC(64)   Reserve:       80M (0%)           80M (0%)           80M (0%)           80M (0%)           80M (0%)           80M (0%)     
[1192.099s][info   ][gc,heap     ] GC(64)      Free:    86190M (86%)       86002M (86%)       89554M (89%)       96266M (96%)       96266M (96%)       85994M (86%)    
[1192.099s][info   ][gc,heap     ] GC(64)      Used:    14082M (14%)       14270M (14%)       10718M (11%)        4006M (4%)        14278M (14%)        4006M (4%)     
[1192.099s][info   ][gc,heap     ] GC(64)      Live:         -              3563M (4%)         3563M (4%)         3563M (4%)             -                  -          
[1192.099s][info   ][gc,heap     ] GC(64) Allocated:         -               188M (0%)          212M (0%)         1646M (2%)             -                  -          
[1192.099s][info   ][gc,heap     ] GC(64)   Garbage:         -             10518M (10%)        6942M (7%)          190M (0%)             -                  -          
[1192.099s][info   ][gc,heap     ] GC(64) Reclaimed:         -                  -              3576M (4%)        10328M (10%)            -                  -          
[1192.099s][info   ][gc          ] GC(64) Garbage Collection (Proactive) 14082M(14%)->4006M(4%)
[1200.170s][info   ][gc,stats    ] === Garbage Collection Statistics =======================================================================================================================
[1200.170s][info   ][gc,stats    ]                                                              Last 10s              Last 10m              Last 10h                Total
[1200.170s][info   ][gc,stats    ]                                                              Avg / Max             Avg / Max             Avg / Max             Avg / Max
[1200.170s][info   ][gc,stats    ]   Collector: Garbage Collection Cycle                    329.541 / 329.541     320.673 / 352.308     324.976 / 515.532     324.976 / 515.532     ms
[1200.170s][info   ][gc,stats    ]  Contention: Mark Segment Reset Contention                    14 / 147              11 / 339              14 / 850              14 / 850         ops/s
[1200.170s][info   ][gc,stats    ]  Contention: Mark SeqNum Reset Contention                      0 / 0                 0 / 2                 0 / 9                 0 / 9           ops/s
[1200.170s][info   ][gc,stats    ]  Contention: Relocation Contention                             0 / 4                 2 / 623               1 / 623               1 / 623         ops/s
[1200.170s][info   ][gc,stats    ]    Critical: Allocation Stall                              0.000 / 0.000         0.000 / 0.000         0.000 / 0.000         0.000 / 0.000       ms
[1200.170s][info   ][gc,stats    ]    Critical: Allocation Stall                                  0 / 0                 0 / 0                 0 / 0                 0 / 0           ops/s
[1200.170s][info   ][gc,stats    ]    Critical: GC Locker Stall                               0.000 / 0.000         0.000 / 0.000         0.000 / 0.000         0.000 / 0.000       ms
[1200.170s][info   ][gc,stats    ]    Critical: GC Locker Stall                                   0 / 0                 0 / 0                 0 / 0                 0 / 0           ops/s
[1200.170s][info   ][gc,stats    ]      Memory: Allocation Rate                                 646 / 704             627 / 882             622 / 1436            622 / 1436        MB/s
[1200.170s][info   ][gc,stats    ]      Memory: Heap Used After Mark                          14270 / 14270         14428 / 15348         15135 / 30288         15135 / 30288       MB
[1200.170s][info   ][gc,stats    ]      Memory: Heap Used After Relocation                     4006 / 4006           3977 / 4046           3862 / 4228           3862 / 4228        MB
[1200.170s][info   ][gc,stats    ]      Memory: Heap Used Before Mark                         14082 / 14082         14239 / 15152         14952 / 30112         14952 / 30112       MB
[1200.170s][info   ][gc,stats    ]      Memory: Heap Used Before Relocation                   10718 / 10718         10648 / 11370         10981 / 20378         10981 / 20378       MB
[1200.170s][info   ][gc,stats    ]      Memory: Out Of Memory                                     0 / 0                 0 / 0                 0 / 0                 0 / 0           ops/s
[1200.170s][info   ][gc,stats    ]      Memory: Page Cache Flush                                  0 / 0                 0 / 0                 0 / 0                 0 / 0           MB/s
[1200.170s][info   ][gc,stats    ]      Memory: Page Cache Hit L1                               380 / 1024            342 / 1056            324 / 1642            324 / 1642        ops/s
[1200.170s][info   ][gc,stats    ]      Memory: Page Cache Hit L2                                 0 / 0                 0 / 0                 0 / 179               0 / 179         ops/s
[1200.170s][info   ][gc,stats    ]      Memory: Page Cache Miss                                   0 / 0                 0 / 0                12 / 341              12 / 341         ops/s
[1200.170s][info   ][gc,stats    ]      Memory: Undo Object Allocation Failed                     0 / 0                 0 / 0                 0 / 0                 0 / 0           ops/s
[1200.170s][info   ][gc,stats    ]      Memory: Undo Object Allocation Succeeded                  0 / 4                 2 / 623               1 / 623               1 / 623         ops/s
[1200.170s][info   ][gc,stats    ]      Memory: Undo Page Allocation                              0 / 0                 0 / 0                 0 / 69                0 / 69          ops/s
[1200.170s][info   ][gc,stats    ]       Phase: Concurrent Destroy Detached Pages             0.001 / 0.001         0.001 / 0.001         0.001 / 0.001         0.001 / 0.001       ms
[1200.170s][info   ][gc,stats    ]       Phase: Concurrent Mark                             207.088 / 207.088     195.798 / 209.794     196.265 / 275.553     196.265 / 275.553     ms
[1200.170s][info   ][gc,stats    ]       Phase: Concurrent Mark Continue                      0.000 / 0.000         1.268 / 1.268         1.340 / 1.416         1.340 / 1.416       ms
[1200.170s][info   ][gc,stats    ]       Phase: Concurrent Prepare Relocation Set            27.092 / 27.092       15.149 / 29.002       19.818 / 89.649       19.818 / 89.649      ms
[1200.170s][info   ][gc,stats    ]       Phase: Concurrent Process Non-Strong References      1.854 / 1.854         1.665 / 1.854         2.222 / 19.270        2.222 / 19.270      ms
[1200.170s][info   ][gc,stats    ]       Phase: Concurrent Relocate                          84.676 / 84.676      101.420 / 115.167      98.741 / 165.671      98.741 / 165.671     ms
[1200.170s][info   ][gc,stats    ]       Phase: Concurrent Reset Relocation Set               2.188 / 2.188         1.619 / 2.317         2.146 / 14.653        2.146 / 14.653      ms
[1200.170s][info   ][gc,stats    ]       Phase: Concurrent Select Relocation Set              4.256 / 4.256         2.883 / 7.536         3.429 / 12.148        3.429 / 12.148      ms
[1200.170s][info   ][gc,stats    ]       Phase: Pause Mark End                                0.920 / 0.920         0.676 / 1.174         0.714 / 1.288         0.714 / 1.288       ms
[1200.170s][info   ][gc,stats    ]       Phase: Pause Mark Start                              0.176 / 0.176         0.181 / 0.248         0.263 / 1.400         0.263 / 1.400       ms
[1200.170s][info   ][gc,stats    ]       Phase: Pause Relocate Start                          0.181 / 0.181         0.186 / 0.255         0.207 / 1.025         0.207 / 1.025       ms
[1200.170s][info   ][gc,stats    ]       Phase: Pause Verify                                  0.000 / 0.000         0.000 / 0.000         0.000 / 0.000         0.000 / 0.000       ms
[1200.170s][info   ][gc,stats    ]    Subphase: Concurrent Classes Unload                     1.475 / 1.475         1.359 / 1.502         1.865 / 18.723        1.865 / 18.723      ms
[1200.170s][info   ][gc,stats    ]    Subphase: Concurrent Mark                             205.794 / 206.281     189.369 / 209.103     186.288 / 273.889     186.288 / 273.889     ms
[1200.170s][info   ][gc,stats    ]    Subphase: Concurrent Mark Idle                          1.140 / 1.185         1.136 / 1.413         1.137 / 1.413         1.137 / 1.413       ms
[1200.170s][info   ][gc,stats    ]    Subphase: Concurrent Mark Try Flush                     0.075 / 0.125         0.071 / 0.324         0.075 / 0.545         0.075 / 0.545       ms
[1200.170s][info   ][gc,stats    ]    Subphase: Concurrent Mark Try Terminate                 1.139 / 1.191         1.134 / 1.418         1.135 / 1.418         1.135 / 1.418       ms
[1200.170s][info   ][gc,stats    ]    Subphase: Concurrent References Enqueue                 0.007 / 0.007         0.005 / 0.007         0.005 / 0.008         0.005 / 0.008       ms
[1200.170s][info   ][gc,stats    ]    Subphase: Concurrent References Process                 0.062 / 0.062         0.063 / 0.104         0.069 / 0.140         0.069 / 0.140       ms
[1200.170s][info   ][gc,stats    ]    Subphase: Concurrent Roots                              0.088 / 0.512         0.068 / 0.566         0.083 / 2.807         0.083 / 2.807       ms
[1200.170s][info   ][gc,stats    ]    Subphase: Concurrent Roots ClassLoaderDataGraph         0.080 / 0.509         0.061 / 0.563         0.074 / 2.804         0.074 / 2.804       ms
[1200.170s][info   ][gc,stats    ]    Subphase: Concurrent Roots JNIHandles                   0.013 / 0.019         0.009 / 0.069         0.021 / 0.551         0.021 / 0.551       ms
[1200.170s][info   ][gc,stats    ]    Subphase: Concurrent Roots Setup                        0.114 / 0.114         0.087 / 0.159         0.183 / 1.622         0.183 / 1.622       ms
[1200.170s][info   ][gc,stats    ]    Subphase: Concurrent Roots Teardown                     0.001 / 0.001         0.001 / 0.001         0.001 / 0.001         0.001 / 0.001       ms
[1200.170s][info   ][gc,stats    ]    Subphase: Concurrent Weak Roots                         0.208 / 0.220         0.181 / 0.237         0.214 / 1.376         0.214 / 1.376       ms
[1200.170s][info   ][gc,stats    ]    Subphase: Concurrent Weak Roots JNIWeakHandles          0.002 / 0.009         0.002 / 0.009         0.002 / 0.073         0.002 / 0.073       ms
[1200.170s][info   ][gc,stats    ]    Subphase: Concurrent Weak Roots StringTable             0.176 / 0.185         0.154 / 0.193         0.187 / 1.327         0.187 / 1.327       ms
[1200.170s][info   ][gc,stats    ]    Subphase: Concurrent Weak Roots VMWeakHandles           0.026 / 0.048         0.023 / 0.052         0.023 / 0.052         0.023 / 0.052       ms
[1200.170s][info   ][gc,stats    ]    Subphase: Pause Mark Try Complete                       0.220 / 0.596         0.121 / 1.028         0.158 / 1.028         0.158 / 1.028       ms
[1200.170s][info   ][gc,stats    ]    Subphase: Pause Roots                                   0.032 / 0.100         0.034 / 0.176         0.041 / 1.060         0.041 / 1.060       ms
[1200.170s][info   ][gc,stats    ]    Subphase: Pause Roots CodeCache                         0.000 / 0.000         0.000 / 0.000         0.000 / 0.000         0.000 / 0.000       ms
[1200.170s][info   ][gc,stats    ]    Subphase: Pause Roots JVMTIExport                       0.001 / 0.001         0.002 / 0.015         0.002 / 0.017         0.002 / 0.017       ms
[1200.170s][info   ][gc,stats    ]    Subphase: Pause Roots JVMTIWeakExport                   0.001 / 0.001         0.002 / 0.010         0.001 / 0.010         0.001 / 0.010       ms
[1200.170s][info   ][gc,stats    ]    Subphase: Pause Roots Management                        0.004 / 0.004         0.005 / 0.036         0.008 / 0.430         0.008 / 0.430       ms
[1200.170s][info   ][gc,stats    ]    Subphase: Pause Roots ObjectSynchronizer                0.001 / 0.001         0.001 / 0.002         0.001 / 0.011         0.001 / 0.011       ms
[1200.171s][info   ][gc,stats    ]    Subphase: Pause Roots Setup                             0.001 / 0.001         0.001 / 0.002         0.001 / 0.002         0.001 / 0.002       ms
[1200.171s][info   ][gc,stats    ]    Subphase: Pause Roots SystemDictionary                  0.012 / 0.013         0.019 / 0.111         0.033 / 0.734         0.033 / 0.734       ms
[1200.171s][info   ][gc,stats    ]    Subphase: Pause Roots Teardown                          0.004 / 0.006         0.003 / 0.007         0.004 / 0.009         0.004 / 0.009       ms
[1200.171s][info   ][gc,stats    ]    Subphase: Pause Roots Threads                           0.041 / 0.086         0.040 / 0.164         0.048 / 1.042         0.048 / 1.042       ms
[1200.171s][info   ][gc,stats    ]    Subphase: Pause Roots Universe                          0.009 / 0.013         0.008 / 0.036         0.013 / 0.626         0.013 / 0.626       ms
[1200.171s][info   ][gc,stats    ]    Subphase: Pause Weak Roots                              0.001 / 0.004         0.001 / 0.025         0.001 / 0.025         0.001 / 0.025       ms
[1200.171s][info   ][gc,stats    ]    Subphase: Pause Weak Roots JFRWeak                      0.001 / 0.001         0.001 / 0.002         0.001 / 0.002         0.001 / 0.002       ms
[1200.171s][info   ][gc,stats    ]    Subphase: Pause Weak Roots JVMTIWeakExport              0.001 / 0.001         0.001 / 0.002         0.001 / 0.002         0.001 / 0.002       ms
[1200.171s][info   ][gc,stats    ]    Subphase: Pause Weak Roots Setup                        0.001 / 0.001         0.001 / 0.001         0.001 / 0.001         0.001 / 0.001       ms
[1200.171s][info   ][gc,stats    ]    Subphase: Pause Weak Roots Teardown                     0.001 / 0.001         0.001 / 0.002         0.001 / 0.004         0.001 / 0.004       ms
[1200.171s][info   ][gc,stats    ]      System: Java Threads                                     62 / 62               62 / 66               60 / 66               60 / 66          threads
[1200.171s][info   ][gc,stats    ] =========================================================================================================================================================
[1208.570s][info   ][gc,start    ] GC(65) Garbage Collection (Proactive)
[1208.570s][info   ][gc,phases   ] GC(65) Pause Mark Start 0.181ms
[1208.766s][info   ][gc,phases   ] GC(65) Concurrent Mark 195.778ms
[1208.767s][info   ][gc,phases   ] GC(65) Pause Mark End 0.717ms
[1208.769s][info   ][gc,phases   ] GC(65) Concurrent Process Non-Strong References 1.722ms
[1208.770s][info   ][gc,phases   ] GC(65) Concurrent Reset Relocation Set 1.784ms
[1208.770s][info   ][gc,phases   ] GC(65) Concurrent Destroy Detached Pages 0.001ms
[1208.773s][info   ][gc,phases   ] GC(65) Concurrent Select Relocation Set 2.392ms
[1208.790s][info   ][gc,phases   ] GC(65) Concurrent Prepare Relocation Set 17.599ms
[1208.791s][info   ][gc,phases   ] GC(65) Pause Relocate Start 0.173ms
[1208.879s][info   ][gc,phases   ] GC(65) Concurrent Relocate 88.040ms
[1208.879s][info   ][gc,load     ] GC(65) Load: 3.41/3.62/2.76
[1208.879s][info   ][gc,mmu      ] GC(65) MMU: 2ms/30.0%, 5ms/69.9%, 10ms/81.7%, 20ms/87.7%, 50ms/95.1%, 100ms/97.5%
[1208.879s][info   ][gc,marking  ] GC(65) Mark: 8 stripe(s), 10 proactive flush(es), 2 terminate flush(es), 1 completion(s), 0 continuation(s) 
[1208.879s][info   ][gc,reloc    ] GC(65) Relocation: Successful, 1471M relocated
[1208.879s][info   ][gc,nmethod  ] GC(65) NMethods: 5724 registered, 1198 unregistered
[1208.879s][info   ][gc,metaspace] GC(65) Metaspace: 40M used, 41M capacity, 41M committed, 42M reserved
[1208.879s][info   ][gc,ref      ] GC(65) Soft: 3327 encountered, 0 discovered, 0 enqueued
[1208.879s][info   ][gc,ref      ] GC(65) Weak: 1530 encountered, 458 discovered, 0 enqueued
[1208.879s][info   ][gc,ref      ] GC(65) Final: 30 encountered, 3 discovered, 3 enqueued
[1208.879s][info   ][gc,ref      ] GC(65) Phantom: 120 encountered, 83 discovered, 0 enqueued
[1208.879s][info   ][gc,heap     ] GC(65)                Mark Start          Mark End        Relocate Start      Relocate End           High               Low         
[1208.879s][info   ][gc,heap     ] GC(65)  Capacity:    30390M (30%)       30390M (30%)       30390M (30%)       30390M (30%)       30390M (30%)       30390M (30%)    
[1208.879s][info   ][gc,heap     ] GC(65)   Reserve:       80M (0%)           80M (0%)           80M (0%)           80M (0%)           80M (0%)           80M (0%)     
[1208.879s][info   ][gc,heap     ] GC(65)      Free:    85836M (86%)       85676M (85%)       89636M (89%)       96354M (96%)       96354M (96%)       85674M (85%)    
[1208.879s][info   ][gc,heap     ] GC(65)      Used:    14436M (14%)       14596M (15%)       10636M (11%)        3918M (4%)        14598M (15%)        3918M (4%)     
[1208.879s][info   ][gc,heap     ] GC(65)      Live:         -              3506M (3%)         3506M (3%)         3506M (3%)             -                  -          
[1208.879s][info   ][gc,heap     ] GC(65) Allocated:         -               160M (0%)          162M (0%)         1568M (2%)             -                  -          
[1208.879s][info   ][gc,heap     ] GC(65)   Garbage:         -             10929M (11%)        6967M (7%)          201M (0%)             -                  -          
[1208.879s][info   ][gc,heap     ] GC(65) Reclaimed:         -                  -              3962M (4%)        10728M (11%)            -                  -          
[1208.879s][info   ][gc          ] GC(65) Garbage Collection (Proactive) 14436M(14%)->3918M(4%)
[1210.170s][info   ][gc,stats    ] === Garbage Collection Statistics =======================================================================================================================
[1210.170s][info   ][gc,stats    ]                                                              Last 10s              Last 10m              Last 10h                Total
[1210.170s][info   ][gc,stats    ]                                                              Avg / Max             Avg / Max             Avg / Max             Avg / Max
[1210.170s][info   ][gc,stats    ]   Collector: Garbage Collection Cycle                    309.282 / 309.282     320.239 / 352.308     324.738 / 515.532     324.738 / 515.532     ms
[1210.170s][info   ][gc,stats    ]  Contention: Mark Segment Reset Contention                    17 / 178              11 / 339              14 / 850              14 / 850         ops/s
[1210.170s][info   ][gc,stats    ]  Contention: Mark SeqNum Reset Contention                      0 / 0                 0 / 2                 0 / 9                 0 / 9           ops/s
[1210.170s][info   ][gc,stats    ]  Contention: Relocation Contention                             0 / 8                 2 / 623               1 / 623               1 / 623         ops/s
[1210.170s][info   ][gc,stats    ]    Critical: Allocation Stall                              0.000 / 0.000         0.000 / 0.000         0.000 / 0.000         0.000 / 0.000       ms
[1210.170s][info   ][gc,stats    ]    Critical: Allocation Stall                                  0 / 0                 0 / 0                 0 / 0                 0 / 0           ops/s
[1210.170s][info   ][gc,stats    ]    Critical: GC Locker Stall                               0.000 / 0.000         0.000 / 0.000         0.000 / 0.000         0.000 / 0.000       ms
[1210.170s][info   ][gc,stats    ]    Critical: GC Locker Stall                                   0 / 0                 0 / 0                 0 / 0                 0 / 0           ops/s
[1210.170s][info   ][gc,stats    ]      Memory: Allocation Rate                                 637 / 700             627 / 882             622 / 1436            622 / 1436        MB/s
[1210.170s][info   ][gc,stats    ]      Memory: Heap Used After Mark                          14596 / 14596         14440 / 15348         15127 / 30288         15127 / 30288       MB
[1210.170s][info   ][gc,stats    ]      Memory: Heap Used After Relocation                     3918 / 3918           3975 / 4046           3863 / 4228           3863 / 4228        MB
[1210.170s][info   ][gc,stats    ]      Memory: Heap Used Before Mark                         14436 / 14436         14251 / 15152         14944 / 30112         14944 / 30112       MB
[1210.170s][info   ][gc,stats    ]      Memory: Heap Used Before Relocation                   10636 / 10636         10652 / 11370         10976 / 20378         10976 / 20378       MB
[1210.170s][info   ][gc,stats    ]      Memory: Out Of Memory                                     0 / 0                 0 / 0                 0 / 0                 0 / 0           ops/s
[1210.170s][info   ][gc,stats    ]      Memory: Page Cache Flush                                  0 / 0                 0 / 0                 0 / 0                 0 / 0           MB/s
[1210.170s][info   ][gc,stats    ]      Memory: Page Cache Hit L1                               374 / 962             342 / 1056            325 / 1642            325 / 1642        ops/s
[1210.170s][info   ][gc,stats    ]      Memory: Page Cache Hit L2                                 0 / 0                 0 / 0                 0 / 179               0 / 179         ops/s
[1210.170s][info   ][gc,stats    ]      Memory: Page Cache Miss                                   0 / 0                 0 / 0                12 / 341              12 / 341         ops/s
[1210.170s][info   ][gc,stats    ]      Memory: Undo Object Allocation Failed                     0 / 0                 0 / 0                 0 / 0                 0 / 0           ops/s
[1210.170s][info   ][gc,stats    ]      Memory: Undo Object Allocation Succeeded                  0 / 8                 2 / 623               1 / 623               1 / 623         ops/s
[1210.170s][info   ][gc,stats    ]      Memory: Undo Page Allocation                              0 / 0                 0 / 0                 0 / 69                0 / 69          ops/s
[1210.170s][info   ][gc,stats    ]       Phase: Concurrent Destroy Detached Pages             0.001 / 0.001         0.001 / 0.001         0.001 / 0.001         0.001 / 0.001       ms
[1210.170s][info   ][gc,stats    ]       Phase: Concurrent Mark                             195.778 / 195.778     195.483 / 209.794     196.258 / 275.553     196.258 / 275.553     ms
[1210.170s][info   ][gc,stats    ]       Phase: Concurrent Mark Continue                      0.000 / 0.000         1.268 / 1.268         1.340 / 1.416         1.340 / 1.416       ms
[1210.170s][info   ][gc,stats    ]       Phase: Concurrent Prepare Relocation Set            17.599 / 17.599       15.353 / 29.002       19.784 / 89.649       19.784 / 89.649      ms
[1210.170s][info   ][gc,stats    ]       Phase: Concurrent Process Non-Strong References      1.722 / 1.722         1.665 / 1.854         2.214 / 19.270        2.214 / 19.270      ms
[1210.170s][info   ][gc,stats    ]       Phase: Concurrent Relocate                          88.040 / 88.040      101.230 / 115.167      98.579 / 165.671      98.579 / 165.671     ms
[1210.170s][info   ][gc,stats    ]       Phase: Concurrent Reset Relocation Set               1.784 / 1.784         1.633 / 2.317         2.140 / 14.653        2.140 / 14.653      ms
[1210.170s][info   ][gc,stats    ]       Phase: Concurrent Select Relocation Set              2.392 / 2.392         2.740 / 4.347         3.413 / 12.148        3.413 / 12.148      ms
[1210.170s][info   ][gc,stats    ]       Phase: Pause Mark End                                0.717 / 0.717         0.679 / 1.174         0.714 / 1.288         0.714 / 1.288       ms
[1210.170s][info   ][gc,stats    ]       Phase: Pause Mark Start                              0.181 / 0.181         0.180 / 0.248         0.261 / 1.400         0.261 / 1.400       ms
[1210.170s][info   ][gc,stats    ]       Phase: Pause Relocate Start                          0.173 / 0.173         0.186 / 0.255         0.207 / 1.025         0.207 / 1.025       ms
[1210.170s][info   ][gc,stats    ]       Phase: Pause Verify                                  0.000 / 0.000         0.000 / 0.000         0.000 / 0.000         0.000 / 0.000       ms
[1210.170s][info   ][gc,stats    ]    Subphase: Concurrent Classes Unload                     1.430 / 1.430         1.359 / 1.502         1.859 / 18.723        1.859 / 18.723      ms
[1210.170s][info   ][gc,stats    ]    Subphase: Concurrent Mark                             194.424 / 195.056     189.057 / 209.103     186.406 / 273.889     186.406 / 273.889     ms
[1210.170s][info   ][gc,stats    ]    Subphase: Concurrent Mark Idle                          1.141 / 1.181         1.136 / 1.413         1.137 / 1.413         1.137 / 1.413       ms
[1210.170s][info   ][gc,stats    ]    Subphase: Concurrent Mark Try Flush                     0.082 / 0.141         0.072 / 0.324         0.075 / 0.545         0.075 / 0.545       ms
[1210.170s][info   ][gc,stats    ]    Subphase: Concurrent Mark Try Terminate                 1.140 / 1.187         1.134 / 1.418         1.135 / 1.418         1.135 / 1.418       ms
[1210.170s][info   ][gc,stats    ]    Subphase: Concurrent References Enqueue                 0.004 / 0.004         0.005 / 0.007         0.005 / 0.008         0.005 / 0.008       ms
[1210.170s][info   ][gc,stats    ]    Subphase: Concurrent References Process                 0.056 / 0.056         0.063 / 0.104         0.069 / 0.140         0.069 / 0.140       ms
[1210.170s][info   ][gc,stats    ]    Subphase: Concurrent Roots                              0.064 / 0.418         0.068 / 0.566         0.083 / 2.807         0.083 / 2.807       ms
[1210.170s][info   ][gc,stats    ]    Subphase: Concurrent Roots ClassLoaderDataGraph         0.057 / 0.416         0.061 / 0.563         0.074 / 2.804         0.074 / 2.804       ms
[1210.170s][info   ][gc,stats    ]    Subphase: Concurrent Roots JNIHandles                   0.011 / 0.019         0.009 / 0.028         0.021 / 0.551         0.021 / 0.551       ms
[1210.170s][info   ][gc,stats    ]    Subphase: Concurrent Roots Setup                        0.084 / 0.084         0.085 / 0.114         0.181 / 1.622         0.181 / 1.622       ms
[1210.170s][info   ][gc,stats    ]    Subphase: Concurrent Roots Teardown                     0.001 / 0.001         0.001 / 0.001         0.001 / 0.001         0.001 / 0.001       ms
[1210.170s][info   ][gc,stats    ]    Subphase: Concurrent Weak Roots                         0.178 / 0.197         0.180 / 0.237         0.213 / 1.376         0.213 / 1.376       ms
[1210.170s][info   ][gc,stats    ]    Subphase: Concurrent Weak Roots JNIWeakHandles          0.002 / 0.008         0.002 / 0.009         0.002 / 0.073         0.002 / 0.073       ms
[1210.170s][info   ][gc,stats    ]    Subphase: Concurrent Weak Roots StringTable             0.153 / 0.163         0.153 / 0.193         0.186 / 1.327         0.186 / 1.327       ms
[1210.170s][info   ][gc,stats    ]    Subphase: Concurrent Weak Roots VMWeakHandles           0.020 / 0.033         0.023 / 0.052         0.023 / 0.052         0.023 / 0.052       ms
[1210.170s][info   ][gc,stats    ]    Subphase: Pause Mark Try Complete                       0.187 / 0.455         0.124 / 1.028         0.159 / 1.028         0.159 / 1.028       ms
[1210.170s][info   ][gc,stats    ]    Subphase: Pause Roots                                   0.033 / 0.117         0.034 / 0.176         0.041 / 1.060         0.041 / 1.060       ms
[1210.170s][info   ][gc,stats    ]    Subphase: Pause Roots CodeCache                         0.000 / 0.000         0.000 / 0.000         0.000 / 0.000         0.000 / 0.000       ms
[1210.170s][info   ][gc,stats    ]    Subphase: Pause Roots JVMTIExport                       0.001 / 0.002         0.002 / 0.015         0.002 / 0.017         0.002 / 0.017       ms
[1210.170s][info   ][gc,stats    ]    Subphase: Pause Roots JVMTIWeakExport                   0.001 / 0.001         0.002 / 0.010         0.001 / 0.010         0.001 / 0.010       ms
[1210.170s][info   ][gc,stats    ]    Subphase: Pause Roots Management                        0.003 / 0.004         0.005 / 0.036         0.008 / 0.430         0.008 / 0.430       ms
[1210.170s][info   ][gc,stats    ]    Subphase: Pause Roots ObjectSynchronizer                0.001 / 0.001         0.001 / 0.002         0.001 / 0.011         0.001 / 0.011       ms
[1210.170s][info   ][gc,stats    ]    Subphase: Pause Roots Setup                             0.001 / 0.001         0.001 / 0.002         0.001 / 0.002         0.001 / 0.002       ms
[1210.170s][info   ][gc,stats    ]    Subphase: Pause Roots SystemDictionary                  0.016 / 0.020         0.019 / 0.111         0.033 / 0.734         0.033 / 0.734       ms
[1210.170s][info   ][gc,stats    ]    Subphase: Pause Roots Teardown                          0.004 / 0.006         0.003 / 0.007         0.004 / 0.009         0.004 / 0.009       ms
[1210.170s][info   ][gc,stats    ]    Subphase: Pause Roots Threads                           0.038 / 0.108         0.039 / 0.164         0.048 / 1.042         0.048 / 1.042       ms
[1210.170s][info   ][gc,stats    ]    Subphase: Pause Roots Universe                          0.003 / 0.004         0.008 / 0.036         0.012 / 0.626         0.012 / 0.626       ms
[1210.170s][info   ][gc,stats    ]    Subphase: Pause Weak Roots                              0.001 / 0.005         0.001 / 0.025         0.001 / 0.025         0.001 / 0.025       ms
[1210.170s][info   ][gc,stats    ]    Subphase: Pause Weak Roots JFRWeak                      0.001 / 0.001         0.001 / 0.002         0.001 / 0.002         0.001 / 0.002       ms
[1210.170s][info   ][gc,stats    ]    Subphase: Pause Weak Roots JVMTIWeakExport              0.001 / 0.001         0.001 / 0.002         0.001 / 0.002         0.001 / 0.002       ms
[1210.170s][info   ][gc,stats    ]    Subphase: Pause Weak Roots Setup                        0.001 / 0.001         0.001 / 0.001         0.001 / 0.001         0.001 / 0.001       ms
[1210.170s][info   ][gc,stats    ]    Subphase: Pause Weak Roots Teardown                     0.001 / 0.001         0.001 / 0.002         0.001 / 0.004         0.001 / 0.004       ms
[1210.170s][info   ][gc,stats    ]      System: Java Threads                                     62 / 62               62 / 66               60 / 66               60 / 66          threads
[1210.170s][info   ][gc,stats    ] =========================================================================================================================================================
[1220.110s][info   ][gc,heap,exit] Heap
[1220.110s][info   ][gc,heap,exit]  ZHeap           used 11210M, capacity 30390M, max capacity 100352M
[1220.110s][info   ][gc,heap,exit]  Metaspace       used 41642K, capacity 42375K, committed 42496K, reserved 43008K
