[0.004s][info][gc,init] Initializing The Z Garbage Collector
[0.004s][info][gc,init] Version: 12.0.1+12 (release)
[0.004s][info][gc,init] NUMA Support: Enabled
[0.004s][info][gc,init] NUMA Nodes: 2
[0.004s][info][gc,init] CPUs: 40 total, 40 available
[0.004s][info][gc,init] Memory: 161170M
[0.004s][info][gc,init] Large Page Support: Enabled (Explicit)
[0.004s][info][gc,init] Workers: 24 parallel, 14 concurrent
[0.007s][info][gc,init] Heap backed by file: /memfd:java_heap.hugetlb
[0.007s][info][gc,init] Available space on backing filesystem: N/A
[0.007s][info][gc,init] Pre-touching: Disabled
[0.007s][info][gc,init] Pre-mapping: 10240M
[0.025s][info][gc,init] Runtime Workers: 24 parallel
[0.028s][info][gc     ] Using The Z Garbage Collector
[10.060s][info][gc,stats] === Garbage Collection Statistics =======================================================================================================================
[10.060s][info][gc,stats]                                                              Last 10s              Last 10m              Last 10h                Total
[10.060s][info][gc,stats]                                                              Avg / Max             Avg / Max             Avg / Max             Avg / Max
[10.060s][info][gc,stats]   Collector: Garbage Collection Cycle                      0.000 / 0.000         0.000 / 0.000         0.000 / 0.000         0.000 / 0.000       ms
[10.060s][info][gc,stats]  Contention: Mark Segment Reset Contention                     0 / 0                 0 / 0                 0 / 0                 0 / 0           ops/s
[10.060s][info][gc,stats]  Contention: Mark SeqNum Reset Contention                      0 / 0                 0 / 0                 0 / 0                 0 / 0           ops/s
[10.060s][info][gc,stats]  Contention: Relocation Contention                             0 / 0                 0 / 0                 0 / 0                 0 / 0           ops/s
[10.060s][info][gc,stats]    Critical: Allocation Stall                              0.000 / 0.000         0.000 / 0.000         0.000 / 0.000         0.000 / 0.000       ms
[10.060s][info][gc,stats]    Critical: Allocation Stall                                  0 / 0                 0 / 0                 0 / 0                 0 / 0           ops/s
[10.060s][info][gc,stats]    Critical: GC Locker Stall                               0.000 / 0.000         0.000 / 0.000         0.000 / 0.000         0.000 / 0.000       ms
[10.060s][info][gc,stats]    Critical: GC Locker Stall                                   0 / 0                 0 / 0                 0 / 0                 0 / 0           ops/s
[10.060s][info][gc,stats]      Memory: Allocation Rate                                 165 / 486             165 / 486             165 / 486             165 / 486         MB/s
[10.060s][info][gc,stats]      Memory: Heap Used After Mark                              0 / 0                 0 / 0                 0 / 0                 0 / 0           MB
[10.060s][info][gc,stats]      Memory: Heap Used After Relocation                        0 / 0                 0 / 0                 0 / 0                 0 / 0           MB
[10.060s][info][gc,stats]      Memory: Heap Used Before Mark                             0 / 0                 0 / 0                 0 / 0                 0 / 0           MB
[10.060s][info][gc,stats]      Memory: Heap Used Before Relocation                       0 / 0                 0 / 0                 0 / 0                 0 / 0           MB
[10.060s][info][gc,stats]      Memory: Out Of Memory                                     0 / 0                 0 / 0                 0 / 0                 0 / 0           ops/s
[10.060s][info][gc,stats]      Memory: Page Cache Flush                                  0 / 0                 0 / 0                 0 / 0                 0 / 0           MB/s
[10.060s][info][gc,stats]      Memory: Page Cache Hit L1                                 3 / 36                3 / 36                3 / 36                3 / 36          ops/s
[10.060s][info][gc,stats]      Memory: Page Cache Hit L2                                 3 / 30                3 / 30                3 / 30                3 / 30          ops/s
[10.060s][info][gc,stats]      Memory: Page Cache Miss                                  72 / 240              72 / 240              72 / 240              72 / 240         ops/s
[10.060s][info][gc,stats]      Memory: Undo Object Allocation Failed                     0 / 0                 0 / 0                 0 / 0                 0 / 0           ops/s
[10.060s][info][gc,stats]      Memory: Undo Object Allocation Succeeded                  0 / 0                 0 / 0                 0 / 0                 0 / 0           ops/s
[10.060s][info][gc,stats]      Memory: Undo Page Allocation                              6 / 66                6 / 66                6 / 66                6 / 66          ops/s
[10.060s][info][gc,stats]       Phase: Concurrent Destroy Detached Pages             0.000 / 0.000         0.000 / 0.000         0.000 / 0.000         0.000 / 0.000       ms
[10.060s][info][gc,stats]       Phase: Concurrent Mark                               0.000 / 0.000         0.000 / 0.000         0.000 / 0.000         0.000 / 0.000       ms
[10.060s][info][gc,stats]       Phase: Concurrent Mark Continue                      0.000 / 0.000         0.000 / 0.000         0.000 / 0.000         0.000 / 0.000       ms
[10.060s][info][gc,stats]       Phase: Concurrent Prepare Relocation Set             0.000 / 0.000         0.000 / 0.000         0.000 / 0.000         0.000 / 0.000       ms
[10.060s][info][gc,stats]       Phase: Concurrent Process Non-Strong References      0.000 / 0.000         0.000 / 0.000         0.000 / 0.000         0.000 / 0.000       ms
[10.060s][info][gc,stats]       Phase: Concurrent Relocate                           0.000 / 0.000         0.000 / 0.000         0.000 / 0.000         0.000 / 0.000       ms
[10.060s][info][gc,stats]       Phase: Concurrent Reset Relocation Set               0.000 / 0.000         0.000 / 0.000         0.000 / 0.000         0.000 / 0.000       ms
[10.060s][info][gc,stats]       Phase: Concurrent Select Relocation Set              0.000 / 0.000         0.000 / 0.000         0.000 / 0.000         0.000 / 0.000       ms
[10.060s][info][gc,stats]       Phase: Pause Mark End                                0.000 / 0.000         0.000 / 0.000         0.000 / 0.000         0.000 / 0.000       ms
[10.060s][info][gc,stats]       Phase: Pause Mark Start                              0.000 / 0.000         0.000 / 0.000         0.000 / 0.000         0.000 / 0.000       ms
[10.060s][info][gc,stats]       Phase: Pause Relocate Start                          0.000 / 0.000         0.000 / 0.000         0.000 / 0.000         0.000 / 0.000       ms
[10.060s][info][gc,stats]       Phase: Pause Verify                                  0.000 / 0.000         0.000 / 0.000         0.000 / 0.000         0.000 / 0.000       ms
[10.060s][info][gc,stats]    Subphase: Concurrent Classes Unload                     0.000 / 0.000         0.000 / 0.000         0.000 / 0.000         0.000 / 0.000       ms
[10.060s][info][gc,stats]    Subphase: Concurrent Mark                               0.000 / 0.000         0.000 / 0.000         0.000 / 0.000         0.000 / 0.000       ms
[10.060s][info][gc,stats]    Subphase: Concurrent Mark Idle                          0.000 / 0.000         0.000 / 0.000         0.000 / 0.000         0.000 / 0.000       ms
[10.060s][info][gc,stats]    Subphase: Concurrent Mark Try Flush                     0.000 / 0.000         0.000 / 0.000         0.000 / 0.000         0.000 / 0.000       ms
[10.060s][info][gc,stats]    Subphase: Concurrent Mark Try Terminate                 0.000 / 0.000         0.000 / 0.000         0.000 / 0.000         0.000 / 0.000       ms
[10.060s][info][gc,stats]    Subphase: Concurrent References Enqueue                 0.000 / 0.000         0.000 / 0.000         0.000 / 0.000         0.000 / 0.000       ms
[10.060s][info][gc,stats]    Subphase: Concurrent References Process                 0.000 / 0.000         0.000 / 0.000         0.000 / 0.000         0.000 / 0.000       ms
[10.060s][info][gc,stats]    Subphase: Concurrent Roots                              0.000 / 0.000         0.000 / 0.000         0.000 / 0.000         0.000 / 0.000       ms
[10.060s][info][gc,stats]    Subphase: Concurrent Roots ClassLoaderDataGraph         0.000 / 0.000         0.000 / 0.000         0.000 / 0.000         0.000 / 0.000       ms
[10.060s][info][gc,stats]    Subphase: Concurrent Roots JNIHandles                   0.000 / 0.000         0.000 / 0.000         0.000 / 0.000         0.000 / 0.000       ms
[10.060s][info][gc,stats]    Subphase: Concurrent Roots Setup                        0.000 / 0.000         0.000 / 0.000         0.000 / 0.000         0.000 / 0.000       ms
[10.060s][info][gc,stats]    Subphase: Concurrent Roots Teardown                     0.000 / 0.000         0.000 / 0.000         0.000 / 0.000         0.000 / 0.000       ms
[10.060s][info][gc,stats]    Subphase: Concurrent Weak Roots                         0.000 / 0.000         0.000 / 0.000         0.000 / 0.000         0.000 / 0.000       ms
[10.060s][info][gc,stats]    Subphase: Concurrent Weak Roots JNIWeakHandles          0.000 / 0.000         0.000 / 0.000         0.000 / 0.000         0.000 / 0.000       ms
[10.060s][info][gc,stats]    Subphase: Concurrent Weak Roots StringTable             0.000 / 0.000         0.000 / 0.000         0.000 / 0.000         0.000 / 0.000       ms
[10.060s][info][gc,stats]    Subphase: Concurrent Weak Roots VMWeakHandles           0.000 / 0.000         0.000 / 0.000         0.000 / 0.000         0.000 / 0.000       ms
[10.060s][info][gc,stats]    Subphase: Pause Mark Try Complete                       0.000 / 0.000         0.000 / 0.000         0.000 / 0.000         0.000 / 0.000       ms
[10.060s][info][gc,stats]    Subphase: Pause Roots                                   0.000 / 0.000         0.000 / 0.000         0.000 / 0.000         0.000 / 0.000       ms
[10.060s][info][gc,stats]    Subphase: Pause Roots CodeCache                         0.000 / 0.000         0.000 / 0.000         0.000 / 0.000         0.000 / 0.000       ms
[10.060s][info][gc,stats]    Subphase: Pause Roots JVMTIExport                       0.000 / 0.000         0.000 / 0.000         0.000 / 0.000         0.000 / 0.000       ms
[10.060s][info][gc,stats]    Subphase: Pause Roots JVMTIWeakExport                   0.000 / 0.000         0.000 / 0.000         0.000 / 0.000         0.000 / 0.000       ms
[10.060s][info][gc,stats]    Subphase: Pause Roots Management                        0.000 / 0.000         0.000 / 0.000         0.000 / 0.000         0.000 / 0.000       ms
[10.060s][info][gc,stats]    Subphase: Pause Roots ObjectSynchronizer                0.000 / 0.000         0.000 / 0.000         0.000 / 0.000         0.000 / 0.000       ms
[10.060s][info][gc,stats]    Subphase: Pause Roots Setup                             0.000 / 0.000         0.000 / 0.000         0.000 / 0.000         0.000 / 0.000       ms
[10.060s][info][gc,stats]    Subphase: Pause Roots SystemDictionary                  0.000 / 0.000         0.000 / 0.000         0.000 / 0.000         0.000 / 0.000       ms
[10.060s][info][gc,stats]    Subphase: Pause Roots Teardown                          0.000 / 0.000         0.000 / 0.000         0.000 / 0.000         0.000 / 0.000       ms
[10.060s][info][gc,stats]    Subphase: Pause Roots Threads                           0.000 / 0.000         0.000 / 0.000         0.000 / 0.000         0.000 / 0.000       ms
[10.060s][info][gc,stats]    Subphase: Pause Roots Universe                          0.000 / 0.000         0.000 / 0.000         0.000 / 0.000         0.000 / 0.000       ms
[10.060s][info][gc,stats]    Subphase: Pause Weak Roots                              0.000 / 0.000         0.000 / 0.000         0.000 / 0.000         0.000 / 0.000       ms
[10.060s][info][gc,stats]    Subphase: Pause Weak Roots JFRWeak                      0.000 / 0.000         0.000 / 0.000         0.000 / 0.000         0.000 / 0.000       ms
[10.060s][info][gc,stats]    Subphase: Pause Weak Roots JVMTIWeakExport              0.000 / 0.000         0.000 / 0.000         0.000 / 0.000         0.000 / 0.000       ms
[10.060s][info][gc,stats]    Subphase: Pause Weak Roots Setup                        0.000 / 0.000         0.000 / 0.000         0.000 / 0.000         0.000 / 0.000       ms
[10.060s][info][gc,stats]    Subphase: Pause Weak Roots Teardown                     0.000 / 0.000         0.000 / 0.000         0.000 / 0.000         0.000 / 0.000       ms
[10.060s][info][gc,stats]      System: Java Threads                                      0 / 0                 0 / 0                 0 / 0                 0 / 0           threads
[10.060s][info][gc,stats] =========================================================================================================================================================
[20.060s][info][gc,stats] === Garbage Collection Statistics =======================================================================================================================
[20.060s][info][gc,stats]                                                              Last 10s              Last 10m              Last 10h                Total
[20.060s][info][gc,stats]                                                              Avg / Max             Avg / Max             Avg / Max             Avg / Max
[20.060s][info][gc,stats]   Collector: Garbage Collection Cycle                      0.000 / 0.000         0.000 / 0.000         0.000 / 0.000         0.000 / 0.000       ms
[20.060s][info][gc,stats]  Contention: Mark Segment Reset Contention                     0 / 0                 0 / 0                 0 / 0                 0 / 0           ops/s
[20.060s][info][gc,stats]  Contention: Mark SeqNum Reset Contention                      0 / 0                 0 / 0                 0 / 0                 0 / 0           ops/s
[20.060s][info][gc,stats]  Contention: Relocation Contention                             0 / 0                 0 / 0                 0 / 0                 0 / 0           ops/s
[20.060s][info][gc,stats]    Critical: Allocation Stall                              0.000 / 0.000         0.000 / 0.000         0.000 / 0.000         0.000 / 0.000       ms
[20.060s][info][gc,stats]    Critical: Allocation Stall                                  0 / 0                 0 / 0                 0 / 0                 0 / 0           ops/s
[20.060s][info][gc,stats]    Critical: GC Locker Stall                               0.000 / 0.000         0.000 / 0.000         0.000 / 0.000         0.000 / 0.000       ms
[20.060s][info][gc,stats]    Critical: GC Locker Stall                                   0 / 0                 0 / 0                 0 / 0                 0 / 0           ops/s
[20.060s][info][gc,stats]      Memory: Allocation Rate                                   5 / 6                85 / 486              85 / 486              85 / 486         MB/s
[20.060s][info][gc,stats]      Memory: Heap Used After Mark                              0 / 0                 0 / 0                 0 / 0                 0 / 0           MB
[20.060s][info][gc,stats]      Memory: Heap Used After Relocation                        0 / 0                 0 / 0                 0 / 0                 0 / 0           MB
[20.060s][info][gc,stats]      Memory: Heap Used Before Mark                             0 / 0                 0 / 0                 0 / 0                 0 / 0           MB
[20.060s][info][gc,stats]      Memory: Heap Used Before Relocation                       0 / 0                 0 / 0                 0 / 0                 0 / 0           MB
[20.060s][info][gc,stats]      Memory: Out Of Memory                                     0 / 0                 0 / 0                 0 / 0                 0 / 0           ops/s
[20.060s][info][gc,stats]      Memory: Page Cache Flush                                  0 / 0                 0 / 0                 0 / 0                 0 / 0           MB/s
[20.060s][info][gc,stats]      Memory: Page Cache Hit L1                                 0 / 0                 1 / 36                1 / 36                1 / 36          ops/s
[20.060s][info][gc,stats]      Memory: Page Cache Hit L2                                 0 / 0                 1 / 30                1 / 30                1 / 30          ops/s
[20.060s][info][gc,stats]      Memory: Page Cache Miss                                   2 / 3                37 / 240              37 / 240              37 / 240         ops/s
[20.060s][info][gc,stats]      Memory: Undo Object Allocation Failed                     0 / 0                 0 / 0                 0 / 0                 0 / 0           ops/s
[20.060s][info][gc,stats]      Memory: Undo Object Allocation Succeeded                  0 / 0                 0 / 0                 0 / 0                 0 / 0           ops/s
[20.060s][info][gc,stats]      Memory: Undo Page Allocation                              0 / 0                 3 / 66                3 / 66                3 / 66          ops/s
[20.060s][info][gc,stats]       Phase: Concurrent Destroy Detached Pages             0.000 / 0.000         0.000 / 0.000         0.000 / 0.000         0.000 / 0.000       ms
[20.060s][info][gc,stats]       Phase: Concurrent Mark                               0.000 / 0.000         0.000 / 0.000         0.000 / 0.000         0.000 / 0.000       ms
[20.060s][info][gc,stats]       Phase: Concurrent Mark Continue                      0.000 / 0.000         0.000 / 0.000         0.000 / 0.000         0.000 / 0.000       ms
[20.060s][info][gc,stats]       Phase: Concurrent Prepare Relocation Set             0.000 / 0.000         0.000 / 0.000         0.000 / 0.000         0.000 / 0.000       ms
[20.060s][info][gc,stats]       Phase: Concurrent Process Non-Strong References      0.000 / 0.000         0.000 / 0.000         0.000 / 0.000         0.000 / 0.000       ms
[20.060s][info][gc,stats]       Phase: Concurrent Relocate                           0.000 / 0.000         0.000 / 0.000         0.000 / 0.000         0.000 / 0.000       ms
[20.060s][info][gc,stats]       Phase: Concurrent Reset Relocation Set               0.000 / 0.000         0.000 / 0.000         0.000 / 0.000         0.000 / 0.000       ms
[20.060s][info][gc,stats]       Phase: Concurrent Select Relocation Set              0.000 / 0.000         0.000 / 0.000         0.000 / 0.000         0.000 / 0.000       ms
[20.060s][info][gc,stats]       Phase: Pause Mark End                                0.000 / 0.000         0.000 / 0.000         0.000 / 0.000         0.000 / 0.000       ms
[20.060s][info][gc,stats]       Phase: Pause Mark Start                              0.000 / 0.000         0.000 / 0.000         0.000 / 0.000         0.000 / 0.000       ms
[20.060s][info][gc,stats]       Phase: Pause Relocate Start                          0.000 / 0.000         0.000 / 0.000         0.000 / 0.000         0.000 / 0.000       ms
[20.060s][info][gc,stats]       Phase: Pause Verify                                  0.000 / 0.000         0.000 / 0.000         0.000 / 0.000         0.000 / 0.000       ms
[20.060s][info][gc,stats]    Subphase: Concurrent Classes Unload                     0.000 / 0.000         0.000 / 0.000         0.000 / 0.000         0.000 / 0.000       ms
[20.060s][info][gc,stats]    Subphase: Concurrent Mark                               0.000 / 0.000         0.000 / 0.000         0.000 / 0.000         0.000 / 0.000       ms
[20.060s][info][gc,stats]    Subphase: Concurrent Mark Idle                          0.000 / 0.000         0.000 / 0.000         0.000 / 0.000         0.000 / 0.000       ms
[20.060s][info][gc,stats]    Subphase: Concurrent Mark Try Flush                     0.000 / 0.000         0.000 / 0.000         0.000 / 0.000         0.000 / 0.000       ms
[20.060s][info][gc,stats]    Subphase: Concurrent Mark Try Terminate                 0.000 / 0.000         0.000 / 0.000         0.000 / 0.000         0.000 / 0.000       ms
[20.060s][info][gc,stats]    Subphase: Concurrent References Enqueue                 0.000 / 0.000         0.000 / 0.000         0.000 / 0.000         0.000 / 0.000       ms
[20.060s][info][gc,stats]    Subphase: Concurrent References Process                 0.000 / 0.000         0.000 / 0.000         0.000 / 0.000         0.000 / 0.000       ms
[20.060s][info][gc,stats]    Subphase: Concurrent Roots                              0.000 / 0.000         0.000 / 0.000         0.000 / 0.000         0.000 / 0.000       ms
[20.060s][info][gc,stats]    Subphase: Concurrent Roots ClassLoaderDataGraph         0.000 / 0.000         0.000 / 0.000         0.000 / 0.000         0.000 / 0.000       ms
[20.060s][info][gc,stats]    Subphase: Concurrent Roots JNIHandles                   0.000 / 0.000         0.000 / 0.000         0.000 / 0.000         0.000 / 0.000       ms
[20.060s][info][gc,stats]    Subphase: Concurrent Roots Setup                        0.000 / 0.000         0.000 / 0.000         0.000 / 0.000         0.000 / 0.000       ms
[20.060s][info][gc,stats]    Subphase: Concurrent Roots Teardown                     0.000 / 0.000         0.000 / 0.000         0.000 / 0.000         0.000 / 0.000       ms
[20.060s][info][gc,stats]    Subphase: Concurrent Weak Roots                         0.000 / 0.000         0.000 / 0.000         0.000 / 0.000         0.000 / 0.000       ms
[20.060s][info][gc,stats]    Subphase: Concurrent Weak Roots JNIWeakHandles          0.000 / 0.000         0.000 / 0.000         0.000 / 0.000         0.000 / 0.000       ms
[20.060s][info][gc,stats]    Subphase: Concurrent Weak Roots StringTable             0.000 / 0.000         0.000 / 0.000         0.000 / 0.000         0.000 / 0.000       ms
[20.060s][info][gc,stats]    Subphase: Concurrent Weak Roots VMWeakHandles           0.000 / 0.000         0.000 / 0.000         0.000 / 0.000         0.000 / 0.000       ms
[20.060s][info][gc,stats]    Subphase: Pause Mark Try Complete                       0.000 / 0.000         0.000 / 0.000         0.000 / 0.000         0.000 / 0.000       ms
[20.060s][info][gc,stats]    Subphase: Pause Roots                                   0.000 / 0.000         0.000 / 0.000         0.000 / 0.000         0.000 / 0.000       ms
[20.060s][info][gc,stats]    Subphase: Pause Roots CodeCache                         0.000 / 0.000         0.000 / 0.000         0.000 / 0.000         0.000 / 0.000       ms
[20.060s][info][gc,stats]    Subphase: Pause Roots JVMTIExport                       0.000 / 0.000         0.000 / 0.000         0.000 / 0.000         0.000 / 0.000       ms
[20.060s][info][gc,stats]    Subphase: Pause Roots JVMTIWeakExport                   0.000 / 0.000         0.000 / 0.000         0.000 / 0.000         0.000 / 0.000       ms
[20.060s][info][gc,stats]    Subphase: Pause Roots Management                        0.000 / 0.000         0.000 / 0.000         0.000 / 0.000         0.000 / 0.000       ms
[20.060s][info][gc,stats]    Subphase: Pause Roots ObjectSynchronizer                0.000 / 0.000         0.000 / 0.000         0.000 / 0.000         0.000 / 0.000       ms
[20.060s][info][gc,stats]    Subphase: Pause Roots Setup                             0.000 / 0.000         0.000 / 0.000         0.000 / 0.000         0.000 / 0.000       ms
[20.060s][info][gc,stats]    Subphase: Pause Roots SystemDictionary                  0.000 / 0.000         0.000 / 0.000         0.000 / 0.000         0.000 / 0.000       ms
[20.060s][info][gc,stats]    Subphase: Pause Roots Teardown                          0.000 / 0.000         0.000 / 0.000         0.000 / 0.000         0.000 / 0.000       ms
[20.060s][info][gc,stats]    Subphase: Pause Roots Threads                           0.000 / 0.000         0.000 / 0.000         0.000 / 0.000         0.000 / 0.000       ms
[20.060s][info][gc,stats]    Subphase: Pause Roots Universe                          0.000 / 0.000         0.000 / 0.000         0.000 / 0.000         0.000 / 0.000       ms
[20.060s][info][gc,stats]    Subphase: Pause Weak Roots                              0.000 / 0.000         0.000 / 0.000         0.000 / 0.000         0.000 / 0.000       ms
[20.060s][info][gc,stats]    Subphase: Pause Weak Roots JFRWeak                      0.000 / 0.000         0.000 / 0.000         0.000 / 0.000         0.000 / 0.000       ms
[20.060s][info][gc,stats]    Subphase: Pause Weak Roots JVMTIWeakExport              0.000 / 0.000         0.000 / 0.000         0.000 / 0.000         0.000 / 0.000       ms
[20.060s][info][gc,stats]    Subphase: Pause Weak Roots Setup                        0.000 / 0.000         0.000 / 0.000         0.000 / 0.000         0.000 / 0.000       ms
[20.060s][info][gc,stats]    Subphase: Pause Weak Roots Teardown                     0.000 / 0.000         0.000 / 0.000         0.000 / 0.000         0.000 / 0.000       ms
[20.060s][info][gc,stats]      System: Java Threads                                      0 / 0                 0 / 0                 0 / 0                 0 / 0           threads
[20.060s][info][gc,stats] =========================================================================================================================================================
[30.060s][info][gc,stats] === Garbage Collection Statistics =======================================================================================================================
[30.060s][info][gc,stats]                                                              Last 10s              Last 10m              Last 10h                Total
[30.060s][info][gc,stats]                                                              Avg / Max             Avg / Max             Avg / Max             Avg / Max
[30.060s][info][gc,stats]   Collector: Garbage Collection Cycle                      0.000 / 0.000         0.000 / 0.000         0.000 / 0.000         0.000 / 0.000       ms
[30.060s][info][gc,stats]  Contention: Mark Segment Reset Contention                     0 / 0                 0 / 0                 0 / 0                 0 / 0           ops/s
[30.060s][info][gc,stats]  Contention: Mark SeqNum Reset Contention                      0 / 0                 0 / 0                 0 / 0                 0 / 0           ops/s
[30.060s][info][gc,stats]  Contention: Relocation Contention                             0 / 0                 0 / 0                 0 / 0                 0 / 0           ops/s
[30.060s][info][gc,stats]    Critical: Allocation Stall                              0.000 / 0.000         0.000 / 0.000         0.000 / 0.000         0.000 / 0.000       ms
[30.060s][info][gc,stats]    Critical: Allocation Stall                                  0 / 0                 0 / 0                 0 / 0                 0 / 0           ops/s
[30.060s][info][gc,stats]    Critical: GC Locker Stall                               0.000 / 0.000         0.000 / 0.000         0.000 / 0.000         0.000 / 0.000       ms
[30.060s][info][gc,stats]    Critical: GC Locker Stall                                   0 / 0                 0 / 0                 0 / 0                 0 / 0           ops/s
[30.060s][info][gc,stats]      Memory: Allocation Rate                                   5 / 6                58 / 486              58 / 486              58 / 486         MB/s
[30.060s][info][gc,stats]      Memory: Heap Used After Mark                              0 / 0                 0 / 0                 0 / 0                 0 / 0           MB
[30.060s][info][gc,stats]      Memory: Heap Used After Relocation                        0 / 0                 0 / 0                 0 / 0                 0 / 0           MB
[30.060s][info][gc,stats]      Memory: Heap Used Before Mark                             0 / 0                 0 / 0                 0 / 0                 0 / 0           MB
[30.060s][info][gc,stats]      Memory: Heap Used Before Relocation                       0 / 0                 0 / 0                 0 / 0                 0 / 0           MB
[30.060s][info][gc,stats]      Memory: Out Of Memory                                     0 / 0                 0 / 0                 0 / 0                 0 / 0           ops/s
[30.060s][info][gc,stats]      Memory: Page Cache Flush                                  0 / 0                 0 / 0                 0 / 0                 0 / 0           MB/s
[30.060s][info][gc,stats]      Memory: Page Cache Hit L1                                 0 / 0                 1 / 36                1 / 36                1 / 36          ops/s
[30.060s][info][gc,stats]      Memory: Page Cache Hit L2                                 0 / 0                 1 / 30                1 / 30                1 / 30          ops/s
[30.060s][info][gc,stats]      Memory: Page Cache Miss                                   2 / 3                26 / 240              26 / 240              26 / 240         ops/s
[30.060s][info][gc,stats]      Memory: Undo Object Allocation Failed                     0 / 0                 0 / 0                 0 / 0                 0 / 0           ops/s
[30.060s][info][gc,stats]      Memory: Undo Object Allocation Succeeded                  0 / 0                 0 / 0                 0 / 0                 0 / 0           ops/s
[30.060s][info][gc,stats]      Memory: Undo Page Allocation                              0 / 0                 2 / 66                2 / 66                2 / 66          ops/s
[30.060s][info][gc,stats]       Phase: Concurrent Destroy Detached Pages             0.000 / 0.000         0.000 / 0.000         0.000 / 0.000         0.000 / 0.000       ms
[30.060s][info][gc,stats]       Phase: Concurrent Mark                               0.000 / 0.000         0.000 / 0.000         0.000 / 0.000         0.000 / 0.000       ms
[30.060s][info][gc,stats]       Phase: Concurrent Mark Continue                      0.000 / 0.000         0.000 / 0.000         0.000 / 0.000         0.000 / 0.000       ms
[30.060s][info][gc,stats]       Phase: Concurrent Prepare Relocation Set             0.000 / 0.000         0.000 / 0.000         0.000 / 0.000         0.000 / 0.000       ms
[30.060s][info][gc,stats]       Phase: Concurrent Process Non-Strong References      0.000 / 0.000         0.000 / 0.000         0.000 / 0.000         0.000 / 0.000       ms
[30.060s][info][gc,stats]       Phase: Concurrent Relocate                           0.000 / 0.000         0.000 / 0.000         0.000 / 0.000         0.000 / 0.000       ms
[30.060s][info][gc,stats]       Phase: Concurrent Reset Relocation Set               0.000 / 0.000         0.000 / 0.000         0.000 / 0.000         0.000 / 0.000       ms
[30.060s][info][gc,stats]       Phase: Concurrent Select Relocation Set              0.000 / 0.000         0.000 / 0.000         0.000 / 0.000         0.000 / 0.000       ms
[30.060s][info][gc,stats]       Phase: Pause Mark End                                0.000 / 0.000         0.000 / 0.000         0.000 / 0.000         0.000 / 0.000       ms
[30.060s][info][gc,stats]       Phase: Pause Mark Start                              0.000 / 0.000         0.000 / 0.000         0.000 / 0.000         0.000 / 0.000       ms
[30.060s][info][gc,stats]       Phase: Pause Relocate Start                          0.000 / 0.000         0.000 / 0.000         0.000 / 0.000         0.000 / 0.000       ms
[30.060s][info][gc,stats]       Phase: Pause Verify                                  0.000 / 0.000         0.000 / 0.000         0.000 / 0.000         0.000 / 0.000       ms
[30.060s][info][gc,stats]    Subphase: Concurrent Classes Unload                     0.000 / 0.000         0.000 / 0.000         0.000 / 0.000         0.000 / 0.000       ms
[30.060s][info][gc,stats]    Subphase: Concurrent Mark                               0.000 / 0.000         0.000 / 0.000         0.000 / 0.000         0.000 / 0.000       ms
[30.060s][info][gc,stats]    Subphase: Concurrent Mark Idle                          0.000 / 0.000         0.000 / 0.000         0.000 / 0.000         0.000 / 0.000       ms
[30.060s][info][gc,stats]    Subphase: Concurrent Mark Try Flush                     0.000 / 0.000         0.000 / 0.000         0.000 / 0.000         0.000 / 0.000       ms
[30.060s][info][gc,stats]    Subphase: Concurrent Mark Try Terminate                 0.000 / 0.000         0.000 / 0.000         0.000 / 0.000         0.000 / 0.000       ms
[30.060s][info][gc,stats]    Subphase: Concurrent References Enqueue                 0.000 / 0.000         0.000 / 0.000         0.000 / 0.000         0.000 / 0.000       ms
[30.060s][info][gc,stats]    Subphase: Concurrent References Process                 0.000 / 0.000         0.000 / 0.000         0.000 / 0.000         0.000 / 0.000       ms
[30.060s][info][gc,stats]    Subphase: Concurrent Roots                              0.000 / 0.000         0.000 / 0.000         0.000 / 0.000         0.000 / 0.000       ms
[30.060s][info][gc,stats]    Subphase: Concurrent Roots ClassLoaderDataGraph         0.000 / 0.000         0.000 / 0.000         0.000 / 0.000         0.000 / 0.000       ms
[30.060s][info][gc,stats]    Subphase: Concurrent Roots JNIHandles                   0.000 / 0.000         0.000 / 0.000         0.000 / 0.000         0.000 / 0.000       ms
[30.060s][info][gc,stats]    Subphase: Concurrent Roots Setup                        0.000 / 0.000         0.000 / 0.000         0.000 / 0.000         0.000 / 0.000       ms
[30.060s][info][gc,stats]    Subphase: Concurrent Roots Teardown                     0.000 / 0.000         0.000 / 0.000         0.000 / 0.000         0.000 / 0.000       ms
[30.060s][info][gc,stats]    Subphase: Concurrent Weak Roots                         0.000 / 0.000         0.000 / 0.000         0.000 / 0.000         0.000 / 0.000       ms
[30.060s][info][gc,stats]    Subphase: Concurrent Weak Roots JNIWeakHandles          0.000 / 0.000         0.000 / 0.000         0.000 / 0.000         0.000 / 0.000       ms
[30.060s][info][gc,stats]    Subphase: Concurrent Weak Roots StringTable             0.000 / 0.000         0.000 / 0.000         0.000 / 0.000         0.000 / 0.000       ms
[30.060s][info][gc,stats]    Subphase: Concurrent Weak Roots VMWeakHandles           0.000 / 0.000         0.000 / 0.000         0.000 / 0.000         0.000 / 0.000       ms
[30.060s][info][gc,stats]    Subphase: Pause Mark Try Complete                       0.000 / 0.000         0.000 / 0.000         0.000 / 0.000         0.000 / 0.000       ms
[30.060s][info][gc,stats]    Subphase: Pause Roots                                   0.000 / 0.000         0.000 / 0.000         0.000 / 0.000         0.000 / 0.000       ms
[30.060s][info][gc,stats]    Subphase: Pause Roots CodeCache                         0.000 / 0.000         0.000 / 0.000         0.000 / 0.000         0.000 / 0.000       ms
[30.060s][info][gc,stats]    Subphase: Pause Roots JVMTIExport                       0.000 / 0.000         0.000 / 0.000         0.000 / 0.000         0.000 / 0.000       ms
[30.060s][info][gc,stats]    Subphase: Pause Roots JVMTIWeakExport                   0.000 / 0.000         0.000 / 0.000         0.000 / 0.000         0.000 / 0.000       ms
[30.060s][info][gc,stats]    Subphase: Pause Roots Management                        0.000 / 0.000         0.000 / 0.000         0.000 / 0.000         0.000 / 0.000       ms
[30.060s][info][gc,stats]    Subphase: Pause Roots ObjectSynchronizer                0.000 / 0.000         0.000 / 0.000         0.000 / 0.000         0.000 / 0.000       ms
[30.060s][info][gc,stats]    Subphase: Pause Roots Setup                             0.000 / 0.000         0.000 / 0.000         0.000 / 0.000         0.000 / 0.000       ms
[30.060s][info][gc,stats]    Subphase: Pause Roots SystemDictionary                  0.000 / 0.000         0.000 / 0.000         0.000 / 0.000         0.000 / 0.000       ms
[30.060s][info][gc,stats]    Subphase: Pause Roots Teardown                          0.000 / 0.000         0.000 / 0.000         0.000 / 0.000         0.000 / 0.000       ms
[30.060s][info][gc,stats]    Subphase: Pause Roots Threads                           0.000 / 0.000         0.000 / 0.000         0.000 / 0.000         0.000 / 0.000       ms
[30.060s][info][gc,stats]    Subphase: Pause Roots Universe                          0.000 / 0.000         0.000 / 0.000         0.000 / 0.000         0.000 / 0.000       ms
[30.060s][info][gc,stats]    Subphase: Pause Weak Roots                              0.000 / 0.000         0.000 / 0.000         0.000 / 0.000         0.000 / 0.000       ms
[30.060s][info][gc,stats]    Subphase: Pause Weak Roots JFRWeak                      0.000 / 0.000         0.000 / 0.000         0.000 / 0.000         0.000 / 0.000       ms
[30.060s][info][gc,stats]    Subphase: Pause Weak Roots JVMTIWeakExport              0.000 / 0.000         0.000 / 0.000         0.000 / 0.000         0.000 / 0.000       ms
[30.060s][info][gc,stats]    Subphase: Pause Weak Roots Setup                        0.000 / 0.000         0.000 / 0.000         0.000 / 0.000         0.000 / 0.000       ms
[30.060s][info][gc,stats]    Subphase: Pause Weak Roots Teardown                     0.000 / 0.000         0.000 / 0.000         0.000 / 0.000         0.000 / 0.000       ms
[30.060s][info][gc,stats]      System: Java Threads                                      0 / 0                 0 / 0                 0 / 0                 0 / 0           threads
[30.060s][info][gc,stats] =========================================================================================================================================================
[40.059s][info][gc,stats] === Garbage Collection Statistics =======================================================================================================================
[40.059s][info][gc,stats]                                                              Last 10s              Last 10m              Last 10h                Total
[40.059s][info][gc,stats]                                                              Avg / Max             Avg / Max             Avg / Max             Avg / Max
[40.059s][info][gc,stats]   Collector: Garbage Collection Cycle                      0.000 / 0.000         0.000 / 0.000         0.000 / 0.000         0.000 / 0.000       ms
[40.059s][info][gc,stats]  Contention: Mark Segment Reset Contention                     0 / 0                 0 / 0                 0 / 0                 0 / 0           ops/s
[40.059s][info][gc,stats]  Contention: Mark SeqNum Reset Contention                      0 / 0                 0 / 0                 0 / 0                 0 / 0           ops/s
[40.059s][info][gc,stats]  Contention: Relocation Contention                             0 / 0                 0 / 0                 0 / 0                 0 / 0           ops/s
[40.059s][info][gc,stats]    Critical: Allocation Stall                              0.000 / 0.000         0.000 / 0.000         0.000 / 0.000         0.000 / 0.000       ms
[40.059s][info][gc,stats]    Critical: Allocation Stall                                  0 / 0                 0 / 0                 0 / 0                 0 / 0           ops/s
[40.059s][info][gc,stats]    Critical: GC Locker Stall                               0.000 / 0.000         0.000 / 0.000         0.000 / 0.000         0.000 / 0.000       ms
[40.059s][info][gc,stats]    Critical: GC Locker Stall                                   0 / 0                 0 / 0                 0 / 0                 0 / 0           ops/s
[40.059s][info][gc,stats]      Memory: Allocation Rate                                   5 / 6                45 / 486              45 / 486              45 / 486         MB/s
[40.059s][info][gc,stats]      Memory: Heap Used After Mark                              0 / 0                 0 / 0                 0 / 0                 0 / 0           MB
[40.059s][info][gc,stats]      Memory: Heap Used After Relocation                        0 / 0                 0 / 0                 0 / 0                 0 / 0           MB
[40.059s][info][gc,stats]      Memory: Heap Used Before Mark                             0 / 0                 0 / 0                 0 / 0                 0 / 0           MB
[40.059s][info][gc,stats]      Memory: Heap Used Before Relocation                       0 / 0                 0 / 0                 0 / 0                 0 / 0           MB
[40.059s][info][gc,stats]      Memory: Out Of Memory                                     0 / 0                 0 / 0                 0 / 0                 0 / 0           ops/s
[40.059s][info][gc,stats]      Memory: Page Cache Flush                                  0 / 0                 0 / 0                 0 / 0                 0 / 0           MB/s
[40.059s][info][gc,stats]      Memory: Page Cache Hit L1                                 0 / 0                 0 / 36                0 / 36                0 / 36          ops/s
[40.059s][info][gc,stats]      Memory: Page Cache Hit L2                                 0 / 0                 0 / 30                0 / 30                0 / 30          ops/s
[40.059s][info][gc,stats]      Memory: Page Cache Miss                                   2 / 3                20 / 240              20 / 240              20 / 240         ops/s
[40.059s][info][gc,stats]      Memory: Undo Object Allocation Failed                     0 / 0                 0 / 0                 0 / 0                 0 / 0           ops/s
[40.059s][info][gc,stats]      Memory: Undo Object Allocation Succeeded                  0 / 0                 0 / 0                 0 / 0                 0 / 0           ops/s
[40.059s][info][gc,stats]      Memory: Undo Page Allocation                              0 / 0                 1 / 66                1 / 66                1 / 66          ops/s
[40.060s][info][gc,stats]       Phase: Concurrent Destroy Detached Pages             0.000 / 0.000         0.000 / 0.000         0.000 / 0.000         0.000 / 0.000       ms
[40.060s][info][gc,stats]       Phase: Concurrent Mark                               0.000 / 0.000         0.000 / 0.000         0.000 / 0.000         0.000 / 0.000       ms
[40.060s][info][gc,stats]       Phase: Concurrent Mark Continue                      0.000 / 0.000         0.000 / 0.000         0.000 / 0.000         0.000 / 0.000       ms
[40.060s][info][gc,stats]       Phase: Concurrent Prepare Relocation Set             0.000 / 0.000         0.000 / 0.000         0.000 / 0.000         0.000 / 0.000       ms
[40.060s][info][gc,stats]       Phase: Concurrent Process Non-Strong References      0.000 / 0.000         0.000 / 0.000         0.000 / 0.000         0.000 / 0.000       ms
[40.060s][info][gc,stats]       Phase: Concurrent Relocate                           0.000 / 0.000         0.000 / 0.000         0.000 / 0.000         0.000 / 0.000       ms
[40.060s][info][gc,stats]       Phase: Concurrent Reset Relocation Set               0.000 / 0.000         0.000 / 0.000         0.000 / 0.000         0.000 / 0.000       ms
[40.060s][info][gc,stats]       Phase: Concurrent Select Relocation Set              0.000 / 0.000         0.000 / 0.000         0.000 / 0.000         0.000 / 0.000       ms
[40.060s][info][gc,stats]       Phase: Pause Mark End                                0.000 / 0.000         0.000 / 0.000         0.000 / 0.000         0.000 / 0.000       ms
[40.060s][info][gc,stats]       Phase: Pause Mark Start                              0.000 / 0.000         0.000 / 0.000         0.000 / 0.000         0.000 / 0.000       ms
[40.060s][info][gc,stats]       Phase: Pause Relocate Start                          0.000 / 0.000         0.000 / 0.000         0.000 / 0.000         0.000 / 0.000       ms
[40.060s][info][gc,stats]       Phase: Pause Verify                                  0.000 / 0.000         0.000 / 0.000         0.000 / 0.000         0.000 / 0.000       ms
[40.060s][info][gc,stats]    Subphase: Concurrent Classes Unload                     0.000 / 0.000         0.000 / 0.000         0.000 / 0.000         0.000 / 0.000       ms
[40.060s][info][gc,stats]    Subphase: Concurrent Mark                               0.000 / 0.000         0.000 / 0.000         0.000 / 0.000         0.000 / 0.000       ms
[40.060s][info][gc,stats]    Subphase: Concurrent Mark Idle                          0.000 / 0.000         0.000 / 0.000         0.000 / 0.000         0.000 / 0.000       ms
[40.060s][info][gc,stats]    Subphase: Concurrent Mark Try Flush                     0.000 / 0.000         0.000 / 0.000         0.000 / 0.000         0.000 / 0.000       ms
[40.060s][info][gc,stats]    Subphase: Concurrent Mark Try Terminate                 0.000 / 0.000         0.000 / 0.000         0.000 / 0.000         0.000 / 0.000       ms
[40.060s][info][gc,stats]    Subphase: Concurrent References Enqueue                 0.000 / 0.000         0.000 / 0.000         0.000 / 0.000         0.000 / 0.000       ms
[40.060s][info][gc,stats]    Subphase: Concurrent References Process                 0.000 / 0.000         0.000 / 0.000         0.000 / 0.000         0.000 / 0.000       ms
[40.060s][info][gc,stats]    Subphase: Concurrent Roots                              0.000 / 0.000         0.000 / 0.000         0.000 / 0.000         0.000 / 0.000       ms
[40.060s][info][gc,stats]    Subphase: Concurrent Roots ClassLoaderDataGraph         0.000 / 0.000         0.000 / 0.000         0.000 / 0.000         0.000 / 0.000       ms
[40.060s][info][gc,stats]    Subphase: Concurrent Roots JNIHandles                   0.000 / 0.000         0.000 / 0.000         0.000 / 0.000         0.000 / 0.000       ms
[40.060s][info][gc,stats]    Subphase: Concurrent Roots Setup                        0.000 / 0.000         0.000 / 0.000         0.000 / 0.000         0.000 / 0.000       ms
[40.060s][info][gc,stats]    Subphase: Concurrent Roots Teardown                     0.000 / 0.000         0.000 / 0.000         0.000 / 0.000         0.000 / 0.000       ms
[40.060s][info][gc,stats]    Subphase: Concurrent Weak Roots                         0.000 / 0.000         0.000 / 0.000         0.000 / 0.000         0.000 / 0.000       ms
[40.060s][info][gc,stats]    Subphase: Concurrent Weak Roots JNIWeakHandles          0.000 / 0.000         0.000 / 0.000         0.000 / 0.000         0.000 / 0.000       ms
[40.060s][info][gc,stats]    Subphase: Concurrent Weak Roots StringTable             0.000 / 0.000         0.000 / 0.000         0.000 / 0.000         0.000 / 0.000       ms
[40.060s][info][gc,stats]    Subphase: Concurrent Weak Roots VMWeakHandles           0.000 / 0.000         0.000 / 0.000         0.000 / 0.000         0.000 / 0.000       ms
[40.060s][info][gc,stats]    Subphase: Pause Mark Try Complete                       0.000 / 0.000         0.000 / 0.000         0.000 / 0.000         0.000 / 0.000       ms
[40.060s][info][gc,stats]    Subphase: Pause Roots                                   0.000 / 0.000         0.000 / 0.000         0.000 / 0.000         0.000 / 0.000       ms
[40.060s][info][gc,stats]    Subphase: Pause Roots CodeCache                         0.000 / 0.000         0.000 / 0.000         0.000 / 0.000         0.000 / 0.000       ms
[40.060s][info][gc,stats]    Subphase: Pause Roots JVMTIExport                       0.000 / 0.000         0.000 / 0.000         0.000 / 0.000         0.000 / 0.000       ms
[40.060s][info][gc,stats]    Subphase: Pause Roots JVMTIWeakExport                   0.000 / 0.000         0.000 / 0.000         0.000 / 0.000         0.000 / 0.000       ms
[40.060s][info][gc,stats]    Subphase: Pause Roots Management                        0.000 / 0.000         0.000 / 0.000         0.000 / 0.000         0.000 / 0.000       ms
[40.060s][info][gc,stats]    Subphase: Pause Roots ObjectSynchronizer                0.000 / 0.000         0.000 / 0.000         0.000 / 0.000         0.000 / 0.000       ms
[40.060s][info][gc,stats]    Subphase: Pause Roots Setup                             0.000 / 0.000         0.000 / 0.000         0.000 / 0.000         0.000 / 0.000       ms
[40.060s][info][gc,stats]    Subphase: Pause Roots SystemDictionary                  0.000 / 0.000         0.000 / 0.000         0.000 / 0.000         0.000 / 0.000       ms
[40.060s][info][gc,stats]    Subphase: Pause Roots Teardown                          0.000 / 0.000         0.000 / 0.000         0.000 / 0.000         0.000 / 0.000       ms
[40.060s][info][gc,stats]    Subphase: Pause Roots Threads                           0.000 / 0.000         0.000 / 0.000         0.000 / 0.000         0.000 / 0.000       ms
[40.060s][info][gc,stats]    Subphase: Pause Roots Universe                          0.000 / 0.000         0.000 / 0.000         0.000 / 0.000         0.000 / 0.000       ms
[40.060s][info][gc,stats]    Subphase: Pause Weak Roots                              0.000 / 0.000         0.000 / 0.000         0.000 / 0.000         0.000 / 0.000       ms
[40.060s][info][gc,stats]    Subphase: Pause Weak Roots JFRWeak                      0.000 / 0.000         0.000 / 0.000         0.000 / 0.000         0.000 / 0.000       ms
[40.060s][info][gc,stats]    Subphase: Pause Weak Roots JVMTIWeakExport              0.000 / 0.000         0.000 / 0.000         0.000 / 0.000         0.000 / 0.000       ms
[40.060s][info][gc,stats]    Subphase: Pause Weak Roots Setup                        0.000 / 0.000         0.000 / 0.000         0.000 / 0.000         0.000 / 0.000       ms
[40.060s][info][gc,stats]    Subphase: Pause Weak Roots Teardown                     0.000 / 0.000         0.000 / 0.000         0.000 / 0.000         0.000 / 0.000       ms
[40.060s][info][gc,stats]      System: Java Threads                                      0 / 0                 0 / 0                 0 / 0                 0 / 0           threads
[40.060s][info][gc,stats] =========================================================================================================================================================
[50.060s][info][gc,stats] === Garbage Collection Statistics =======================================================================================================================
[50.060s][info][gc,stats]                                                              Last 10s              Last 10m              Last 10h                Total
[50.060s][info][gc,stats]                                                              Avg / Max             Avg / Max             Avg / Max             Avg / Max
[50.060s][info][gc,stats]   Collector: Garbage Collection Cycle                      0.000 / 0.000         0.000 / 0.000         0.000 / 0.000         0.000 / 0.000       ms
[50.060s][info][gc,stats]  Contention: Mark Segment Reset Contention                     0 / 0                 0 / 0                 0 / 0                 0 / 0           ops/s
[50.060s][info][gc,stats]  Contention: Mark SeqNum Reset Contention                      0 / 0                 0 / 0                 0 / 0                 0 / 0           ops/s
[50.060s][info][gc,stats]  Contention: Relocation Contention                             0 / 0                 0 / 0                 0 / 0                 0 / 0           ops/s
[50.060s][info][gc,stats]    Critical: Allocation Stall                              0.000 / 0.000         0.000 / 0.000         0.000 / 0.000         0.000 / 0.000       ms
[50.060s][info][gc,stats]    Critical: Allocation Stall                                  0 / 0                 0 / 0                 0 / 0                 0 / 0           ops/s
[50.060s][info][gc,stats]    Critical: GC Locker Stall                               0.000 / 0.000         0.000 / 0.000         0.000 / 0.000         0.000 / 0.000       ms
[50.060s][info][gc,stats]    Critical: GC Locker Stall                                   0 / 0                 0 / 0                 0 / 0                 0 / 0           ops/s
[50.060s][info][gc,stats]      Memory: Allocation Rate                                   5 / 6                37 / 486              37 / 486              37 / 486         MB/s
[50.060s][info][gc,stats]      Memory: Heap Used After Mark                              0 / 0                 0 / 0                 0 / 0                 0 / 0           MB
[50.060s][info][gc,stats]      Memory: Heap Used After Relocation                        0 / 0                 0 / 0                 0 / 0                 0 / 0           MB
[50.060s][info][gc,stats]      Memory: Heap Used Before Mark                             0 / 0                 0 / 0                 0 / 0                 0 / 0           MB
[50.060s][info][gc,stats]      Memory: Heap Used Before Relocation                       0 / 0                 0 / 0                 0 / 0                 0 / 0           MB
[50.060s][info][gc,stats]      Memory: Out Of Memory                                     0 / 0                 0 / 0                 0 / 0                 0 / 0           ops/s
[50.060s][info][gc,stats]      Memory: Page Cache Flush                                  0 / 0                 0 / 0                 0 / 0                 0 / 0           MB/s
[50.060s][info][gc,stats]      Memory: Page Cache Hit L1                                 0 / 0                 0 / 36                0 / 36                0 / 36          ops/s
[50.060s][info][gc,stats]      Memory: Page Cache Hit L2                                 0 / 0                 0 / 30                0 / 30                0 / 30          ops/s
[50.060s][info][gc,stats]      Memory: Page Cache Miss                                   2 / 3                16 / 240              16 / 240              16 / 240         ops/s
[50.060s][info][gc,stats]      Memory: Undo Object Allocation Failed                     0 / 0                 0 / 0                 0 / 0                 0 / 0           ops/s
[50.060s][info][gc,stats]      Memory: Undo Object Allocation Succeeded                  0 / 0                 0 / 0                 0 / 0                 0 / 0           ops/s
[50.060s][info][gc,stats]      Memory: Undo Page Allocation                              0 / 0                 1 / 66                1 / 66                1 / 66          ops/s
[50.060s][info][gc,stats]       Phase: Concurrent Destroy Detached Pages             0.000 / 0.000         0.000 / 0.000         0.000 / 0.000         0.000 / 0.000       ms
[50.060s][info][gc,stats]       Phase: Concurrent Mark                               0.000 / 0.000         0.000 / 0.000         0.000 / 0.000         0.000 / 0.000       ms
[50.060s][info][gc,stats]       Phase: Concurrent Mark Continue                      0.000 / 0.000         0.000 / 0.000         0.000 / 0.000         0.000 / 0.000       ms
[50.060s][info][gc,stats]       Phase: Concurrent Prepare Relocation Set             0.000 / 0.000         0.000 / 0.000         0.000 / 0.000         0.000 / 0.000       ms
[50.060s][info][gc,stats]       Phase: Concurrent Process Non-Strong References      0.000 / 0.000         0.000 / 0.000         0.000 / 0.000         0.000 / 0.000       ms
[50.060s][info][gc,stats]       Phase: Concurrent Relocate                           0.000 / 0.000         0.000 / 0.000         0.000 / 0.000         0.000 / 0.000       ms
[50.060s][info][gc,stats]       Phase: Concurrent Reset Relocation Set               0.000 / 0.000         0.000 / 0.000         0.000 / 0.000         0.000 / 0.000       ms
[50.060s][info][gc,stats]       Phase: Concurrent Select Relocation Set              0.000 / 0.000         0.000 / 0.000         0.000 / 0.000         0.000 / 0.000       ms
[50.060s][info][gc,stats]       Phase: Pause Mark End                                0.000 / 0.000         0.000 / 0.000         0.000 / 0.000         0.000 / 0.000       ms
[50.060s][info][gc,stats]       Phase: Pause Mark Start                              0.000 / 0.000         0.000 / 0.000         0.000 / 0.000         0.000 / 0.000       ms
[50.060s][info][gc,stats]       Phase: Pause Relocate Start                          0.000 / 0.000         0.000 / 0.000         0.000 / 0.000         0.000 / 0.000       ms
[50.060s][info][gc,stats]       Phase: Pause Verify                                  0.000 / 0.000         0.000 / 0.000         0.000 / 0.000         0.000 / 0.000       ms
[50.060s][info][gc,stats]    Subphase: Concurrent Classes Unload                     0.000 / 0.000         0.000 / 0.000         0.000 / 0.000         0.000 / 0.000       ms
[50.060s][info][gc,stats]    Subphase: Concurrent Mark                               0.000 / 0.000         0.000 / 0.000         0.000 / 0.000         0.000 / 0.000       ms
[50.060s][info][gc,stats]    Subphase: Concurrent Mark Idle                          0.000 / 0.000         0.000 / 0.000         0.000 / 0.000         0.000 / 0.000       ms
[50.060s][info][gc,stats]    Subphase: Concurrent Mark Try Flush                     0.000 / 0.000         0.000 / 0.000         0.000 / 0.000         0.000 / 0.000       ms
[50.060s][info][gc,stats]    Subphase: Concurrent Mark Try Terminate                 0.000 / 0.000         0.000 / 0.000         0.000 / 0.000         0.000 / 0.000       ms
[50.060s][info][gc,stats]    Subphase: Concurrent References Enqueue                 0.000 / 0.000         0.000 / 0.000         0.000 / 0.000         0.000 / 0.000       ms
[50.060s][info][gc,stats]    Subphase: Concurrent References Process                 0.000 / 0.000         0.000 / 0.000         0.000 / 0.000         0.000 / 0.000       ms
[50.060s][info][gc,stats]    Subphase: Concurrent Roots                              0.000 / 0.000         0.000 / 0.000         0.000 / 0.000         0.000 / 0.000       ms
[50.060s][info][gc,stats]    Subphase: Concurrent Roots ClassLoaderDataGraph         0.000 / 0.000         0.000 / 0.000         0.000 / 0.000         0.000 / 0.000       ms
[50.060s][info][gc,stats]    Subphase: Concurrent Roots JNIHandles                   0.000 / 0.000         0.000 / 0.000         0.000 / 0.000         0.000 / 0.000       ms
[50.060s][info][gc,stats]    Subphase: Concurrent Roots Setup                        0.000 / 0.000         0.000 / 0.000         0.000 / 0.000         0.000 / 0.000       ms
[50.060s][info][gc,stats]    Subphase: Concurrent Roots Teardown                     0.000 / 0.000         0.000 / 0.000         0.000 / 0.000         0.000 / 0.000       ms
[50.060s][info][gc,stats]    Subphase: Concurrent Weak Roots                         0.000 / 0.000         0.000 / 0.000         0.000 / 0.000         0.000 / 0.000       ms
[50.060s][info][gc,stats]    Subphase: Concurrent Weak Roots JNIWeakHandles          0.000 / 0.000         0.000 / 0.000         0.000 / 0.000         0.000 / 0.000       ms
[50.060s][info][gc,stats]    Subphase: Concurrent Weak Roots StringTable             0.000 / 0.000         0.000 / 0.000         0.000 / 0.000         0.000 / 0.000       ms
[50.060s][info][gc,stats]    Subphase: Concurrent Weak Roots VMWeakHandles           0.000 / 0.000         0.000 / 0.000         0.000 / 0.000         0.000 / 0.000       ms
[50.060s][info][gc,stats]    Subphase: Pause Mark Try Complete                       0.000 / 0.000         0.000 / 0.000         0.000 / 0.000         0.000 / 0.000       ms
[50.060s][info][gc,stats]    Subphase: Pause Roots                                   0.000 / 0.000         0.000 / 0.000         0.000 / 0.000         0.000 / 0.000       ms
[50.060s][info][gc,stats]    Subphase: Pause Roots CodeCache                         0.000 / 0.000         0.000 / 0.000         0.000 / 0.000         0.000 / 0.000       ms
[50.060s][info][gc,stats]    Subphase: Pause Roots JVMTIExport                       0.000 / 0.000         0.000 / 0.000         0.000 / 0.000         0.000 / 0.000       ms
[50.060s][info][gc,stats]    Subphase: Pause Roots JVMTIWeakExport                   0.000 / 0.000         0.000 / 0.000         0.000 / 0.000         0.000 / 0.000       ms
[50.060s][info][gc,stats]    Subphase: Pause Roots Management                        0.000 / 0.000         0.000 / 0.000         0.000 / 0.000         0.000 / 0.000       ms
[50.060s][info][gc,stats]    Subphase: Pause Roots ObjectSynchronizer                0.000 / 0.000         0.000 / 0.000         0.000 / 0.000         0.000 / 0.000       ms
[50.060s][info][gc,stats]    Subphase: Pause Roots Setup                             0.000 / 0.000         0.000 / 0.000         0.000 / 0.000         0.000 / 0.000       ms
[50.060s][info][gc,stats]    Subphase: Pause Roots SystemDictionary                  0.000 / 0.000         0.000 / 0.000         0.000 / 0.000         0.000 / 0.000       ms
[50.060s][info][gc,stats]    Subphase: Pause Roots Teardown                          0.000 / 0.000         0.000 / 0.000         0.000 / 0.000         0.000 / 0.000       ms
[50.060s][info][gc,stats]    Subphase: Pause Roots Threads                           0.000 / 0.000         0.000 / 0.000         0.000 / 0.000         0.000 / 0.000       ms
[50.060s][info][gc,stats]    Subphase: Pause Roots Universe                          0.000 / 0.000         0.000 / 0.000         0.000 / 0.000         0.000 / 0.000       ms
[50.060s][info][gc,stats]    Subphase: Pause Weak Roots                              0.000 / 0.000         0.000 / 0.000         0.000 / 0.000         0.000 / 0.000       ms
[50.060s][info][gc,stats]    Subphase: Pause Weak Roots JFRWeak                      0.000 / 0.000         0.000 / 0.000         0.000 / 0.000         0.000 / 0.000       ms
[50.060s][info][gc,stats]    Subphase: Pause Weak Roots JVMTIWeakExport              0.000 / 0.000         0.000 / 0.000         0.000 / 0.000         0.000 / 0.000       ms
[50.060s][info][gc,stats]    Subphase: Pause Weak Roots Setup                        0.000 / 0.000         0.000 / 0.000         0.000 / 0.000         0.000 / 0.000       ms
[50.060s][info][gc,stats]    Subphase: Pause Weak Roots Teardown                     0.000 / 0.000         0.000 / 0.000         0.000 / 0.000         0.000 / 0.000       ms
[50.060s][info][gc,stats]      System: Java Threads                                      0 / 0                 0 / 0                 0 / 0                 0 / 0           threads
[50.060s][info][gc,stats] =========================================================================================================================================================
[60.060s][info][gc,stats] === Garbage Collection Statistics =======================================================================================================================
[60.060s][info][gc,stats]                                                              Last 10s              Last 10m              Last 10h                Total
[60.060s][info][gc,stats]                                                              Avg / Max             Avg / Max             Avg / Max             Avg / Max
[60.060s][info][gc,stats]   Collector: Garbage Collection Cycle                      0.000 / 0.000         0.000 / 0.000         0.000 / 0.000         0.000 / 0.000       ms
[60.060s][info][gc,stats]  Contention: Mark Segment Reset Contention                     0 / 0                 0 / 0                 0 / 0                 0 / 0           ops/s
[60.060s][info][gc,stats]  Contention: Mark SeqNum Reset Contention                      0 / 0                 0 / 0                 0 / 0                 0 / 0           ops/s
[60.060s][info][gc,stats]  Contention: Relocation Contention                             0 / 0                 0 / 0                 0 / 0                 0 / 0           ops/s
[60.060s][info][gc,stats]    Critical: Allocation Stall                              0.000 / 0.000         0.000 / 0.000         0.000 / 0.000         0.000 / 0.000       ms
[60.060s][info][gc,stats]    Critical: Allocation Stall                                  0 / 0                 0 / 0                 0 / 0                 0 / 0           ops/s
[60.060s][info][gc,stats]    Critical: GC Locker Stall                               0.000 / 0.000         0.000 / 0.000         0.000 / 0.000         0.000 / 0.000       ms
[60.060s][info][gc,stats]    Critical: GC Locker Stall                                   0 / 0                 0 / 0                 0 / 0                 0 / 0           ops/s
[60.060s][info][gc,stats]      Memory: Allocation Rate                                   5 / 6                32 / 486              32 / 486              32 / 486         MB/s
[60.060s][info][gc,stats]      Memory: Heap Used After Mark                              0 / 0                 0 / 0                 0 / 0                 0 / 0           MB
[60.060s][info][gc,stats]      Memory: Heap Used After Relocation                        0 / 0                 0 / 0                 0 / 0                 0 / 0           MB
[60.060s][info][gc,stats]      Memory: Heap Used Before Mark                             0 / 0                 0 / 0                 0 / 0                 0 / 0           MB
[60.060s][info][gc,stats]      Memory: Heap Used Before Relocation                       0 / 0                 0 / 0                 0 / 0                 0 / 0           MB
[60.060s][info][gc,stats]      Memory: Out Of Memory                                     0 / 0                 0 / 0                 0 / 0                 0 / 0           ops/s
[60.060s][info][gc,stats]      Memory: Page Cache Flush                                  0 / 0                 0 / 0                 0 / 0                 0 / 0           MB/s
[60.060s][info][gc,stats]      Memory: Page Cache Hit L1                                 0 / 0                 0 / 36                0 / 36                0 / 36          ops/s
[60.060s][info][gc,stats]      Memory: Page Cache Hit L2                                 0 / 0                 0 / 30                0 / 30                0 / 30          ops/s
[60.060s][info][gc,stats]      Memory: Page Cache Miss                                   2 / 3                14 / 240              14 / 240              14 / 240         ops/s
[60.060s][info][gc,stats]      Memory: Undo Object Allocation Failed                     0 / 0                 0 / 0                 0 / 0                 0 / 0           ops/s
[60.060s][info][gc,stats]      Memory: Undo Object Allocation Succeeded                  0 / 0                 0 / 0                 0 / 0                 0 / 0           ops/s
[60.060s][info][gc,stats]      Memory: Undo Page Allocation                              0 / 0                 1 / 66                1 / 66                1 / 66          ops/s
[60.060s][info][gc,stats]       Phase: Concurrent Destroy Detached Pages             0.000 / 0.000         0.000 / 0.000         0.000 / 0.000         0.000 / 0.000       ms
[60.060s][info][gc,stats]       Phase: Concurrent Mark                               0.000 / 0.000         0.000 / 0.000         0.000 / 0.000         0.000 / 0.000       ms
[60.060s][info][gc,stats]       Phase: Concurrent Mark Continue                      0.000 / 0.000         0.000 / 0.000         0.000 / 0.000         0.000 / 0.000       ms
[60.060s][info][gc,stats]       Phase: Concurrent Prepare Relocation Set             0.000 / 0.000         0.000 / 0.000         0.000 / 0.000         0.000 / 0.000       ms
[60.060s][info][gc,stats]       Phase: Concurrent Process Non-Strong References      0.000 / 0.000         0.000 / 0.000         0.000 / 0.000         0.000 / 0.000       ms
[60.060s][info][gc,stats]       Phase: Concurrent Relocate                           0.000 / 0.000         0.000 / 0.000         0.000 / 0.000         0.000 / 0.000       ms
[60.060s][info][gc,stats]       Phase: Concurrent Reset Relocation Set               0.000 / 0.000         0.000 / 0.000         0.000 / 0.000         0.000 / 0.000       ms
[60.060s][info][gc,stats]       Phase: Concurrent Select Relocation Set              0.000 / 0.000         0.000 / 0.000         0.000 / 0.000         0.000 / 0.000       ms
[60.060s][info][gc,stats]       Phase: Pause Mark End                                0.000 / 0.000         0.000 / 0.000         0.000 / 0.000         0.000 / 0.000       ms
[60.060s][info][gc,stats]       Phase: Pause Mark Start                              0.000 / 0.000         0.000 / 0.000         0.000 / 0.000         0.000 / 0.000       ms
[60.060s][info][gc,stats]       Phase: Pause Relocate Start                          0.000 / 0.000         0.000 / 0.000         0.000 / 0.000         0.000 / 0.000       ms
[60.060s][info][gc,stats]       Phase: Pause Verify                                  0.000 / 0.000         0.000 / 0.000         0.000 / 0.000         0.000 / 0.000       ms
[60.060s][info][gc,stats]    Subphase: Concurrent Classes Unload                     0.000 / 0.000         0.000 / 0.000         0.000 / 0.000         0.000 / 0.000       ms
[60.060s][info][gc,stats]    Subphase: Concurrent Mark                               0.000 / 0.000         0.000 / 0.000         0.000 / 0.000         0.000 / 0.000       ms
[60.060s][info][gc,stats]    Subphase: Concurrent Mark Idle                          0.000 / 0.000         0.000 / 0.000         0.000 / 0.000         0.000 / 0.000       ms
[60.060s][info][gc,stats]    Subphase: Concurrent Mark Try Flush                     0.000 / 0.000         0.000 / 0.000         0.000 / 0.000         0.000 / 0.000       ms
[60.060s][info][gc,stats]    Subphase: Concurrent Mark Try Terminate                 0.000 / 0.000         0.000 / 0.000         0.000 / 0.000         0.000 / 0.000       ms
[60.060s][info][gc,stats]    Subphase: Concurrent References Enqueue                 0.000 / 0.000         0.000 / 0.000         0.000 / 0.000         0.000 / 0.000       ms
[60.060s][info][gc,stats]    Subphase: Concurrent References Process                 0.000 / 0.000         0.000 / 0.000         0.000 / 0.000         0.000 / 0.000       ms
[60.060s][info][gc,stats]    Subphase: Concurrent Roots                              0.000 / 0.000         0.000 / 0.000         0.000 / 0.000         0.000 / 0.000       ms
[60.060s][info][gc,stats]    Subphase: Concurrent Roots ClassLoaderDataGraph         0.000 / 0.000         0.000 / 0.000         0.000 / 0.000         0.000 / 0.000       ms
[60.060s][info][gc,stats]    Subphase: Concurrent Roots JNIHandles                   0.000 / 0.000         0.000 / 0.000         0.000 / 0.000         0.000 / 0.000       ms
[60.060s][info][gc,stats]    Subphase: Concurrent Roots Setup                        0.000 / 0.000         0.000 / 0.000         0.000 / 0.000         0.000 / 0.000       ms
[60.060s][info][gc,stats]    Subphase: Concurrent Roots Teardown                     0.000 / 0.000         0.000 / 0.000         0.000 / 0.000         0.000 / 0.000       ms
[60.060s][info][gc,stats]    Subphase: Concurrent Weak Roots                         0.000 / 0.000         0.000 / 0.000         0.000 / 0.000         0.000 / 0.000       ms
[60.060s][info][gc,stats]    Subphase: Concurrent Weak Roots JNIWeakHandles          0.000 / 0.000         0.000 / 0.000         0.000 / 0.000         0.000 / 0.000       ms
[60.060s][info][gc,stats]    Subphase: Concurrent Weak Roots StringTable             0.000 / 0.000         0.000 / 0.000         0.000 / 0.000         0.000 / 0.000       ms
[60.060s][info][gc,stats]    Subphase: Concurrent Weak Roots VMWeakHandles           0.000 / 0.000         0.000 / 0.000         0.000 / 0.000         0.000 / 0.000       ms
[60.060s][info][gc,stats]    Subphase: Pause Mark Try Complete                       0.000 / 0.000         0.000 / 0.000         0.000 / 0.000         0.000 / 0.000       ms
[60.060s][info][gc,stats]    Subphase: Pause Roots                                   0.000 / 0.000         0.000 / 0.000         0.000 / 0.000         0.000 / 0.000       ms
[60.061s][info][gc,stats]    Subphase: Pause Roots CodeCache                         0.000 / 0.000         0.000 / 0.000         0.000 / 0.000         0.000 / 0.000       ms
[60.061s][info][gc,stats]    Subphase: Pause Roots JVMTIExport                       0.000 / 0.000         0.000 / 0.000         0.000 / 0.000         0.000 / 0.000       ms
[60.061s][info][gc,stats]    Subphase: Pause Roots JVMTIWeakExport                   0.000 / 0.000         0.000 / 0.000         0.000 / 0.000         0.000 / 0.000       ms
[60.061s][info][gc,stats]    Subphase: Pause Roots Management                        0.000 / 0.000         0.000 / 0.000         0.000 / 0.000         0.000 / 0.000       ms
[60.061s][info][gc,stats]    Subphase: Pause Roots ObjectSynchronizer                0.000 / 0.000         0.000 / 0.000         0.000 / 0.000         0.000 / 0.000       ms
[60.061s][info][gc,stats]    Subphase: Pause Roots Setup                             0.000 / 0.000         0.000 / 0.000         0.000 / 0.000         0.000 / 0.000       ms
[60.061s][info][gc,stats]    Subphase: Pause Roots SystemDictionary                  0.000 / 0.000         0.000 / 0.000         0.000 / 0.000         0.000 / 0.000       ms
[60.061s][info][gc,stats]    Subphase: Pause Roots Teardown                          0.000 / 0.000         0.000 / 0.000         0.000 / 0.000         0.000 / 0.000       ms
[60.061s][info][gc,stats]    Subphase: Pause Roots Threads                           0.000 / 0.000         0.000 / 0.000         0.000 / 0.000         0.000 / 0.000       ms
[60.061s][info][gc,stats]    Subphase: Pause Roots Universe                          0.000 / 0.000         0.000 / 0.000         0.000 / 0.000         0.000 / 0.000       ms
[60.061s][info][gc,stats]    Subphase: Pause Weak Roots                              0.000 / 0.000         0.000 / 0.000         0.000 / 0.000         0.000 / 0.000       ms
[60.061s][info][gc,stats]    Subphase: Pause Weak Roots JFRWeak                      0.000 / 0.000         0.000 / 0.000         0.000 / 0.000         0.000 / 0.000       ms
[60.061s][info][gc,stats]    Subphase: Pause Weak Roots JVMTIWeakExport              0.000 / 0.000         0.000 / 0.000         0.000 / 0.000         0.000 / 0.000       ms
[60.061s][info][gc,stats]    Subphase: Pause Weak Roots Setup                        0.000 / 0.000         0.000 / 0.000         0.000 / 0.000         0.000 / 0.000       ms
[60.061s][info][gc,stats]    Subphase: Pause Weak Roots Teardown                     0.000 / 0.000         0.000 / 0.000         0.000 / 0.000         0.000 / 0.000       ms
[60.061s][info][gc,stats]      System: Java Threads                                      0 / 0                 0 / 0                 0 / 0                 0 / 0           threads
[60.061s][info][gc,stats] =========================================================================================================================================================
[70.060s][info][gc,stats] === Garbage Collection Statistics =======================================================================================================================
[70.060s][info][gc,stats]                                                              Last 10s              Last 10m              Last 10h                Total
[70.060s][info][gc,stats]                                                              Avg / Max             Avg / Max             Avg / Max             Avg / Max
[70.060s][info][gc,stats]   Collector: Garbage Collection Cycle                      0.000 / 0.000         0.000 / 0.000         0.000 / 0.000         0.000 / 0.000       ms
[70.060s][info][gc,stats]  Contention: Mark Segment Reset Contention                     0 / 0                 0 / 0                 0 / 0                 0 / 0           ops/s
[70.060s][info][gc,stats]  Contention: Mark SeqNum Reset Contention                      0 / 0                 0 / 0                 0 / 0                 0 / 0           ops/s
[70.060s][info][gc,stats]  Contention: Relocation Contention                             0 / 0                 0 / 0                 0 / 0                 0 / 0           ops/s
[70.060s][info][gc,stats]    Critical: Allocation Stall                              0.000 / 0.000         0.000 / 0.000         0.000 / 0.000         0.000 / 0.000       ms
[70.060s][info][gc,stats]    Critical: Allocation Stall                                  0 / 0                 0 / 0                 0 / 0                 0 / 0           ops/s
[70.060s][info][gc,stats]    Critical: GC Locker Stall                               0.000 / 0.000         0.000 / 0.000         0.000 / 0.000         0.000 / 0.000       ms
[70.060s][info][gc,stats]    Critical: GC Locker Stall                                   0 / 0                 0 / 0                 0 / 0                 0 / 0           ops/s
[70.060s][info][gc,stats]      Memory: Allocation Rate                                   5 / 6                28 / 486              28 / 486              28 / 486         MB/s
[70.060s][info][gc,stats]      Memory: Heap Used After Mark                              0 / 0                 0 / 0                 0 / 0                 0 / 0           MB
[70.060s][info][gc,stats]      Memory: Heap Used After Relocation                        0 / 0                 0 / 0                 0 / 0                 0 / 0           MB
[70.060s][info][gc,stats]      Memory: Heap Used Before Mark                             0 / 0                 0 / 0                 0 / 0                 0 / 0           MB
[70.060s][info][gc,stats]      Memory: Heap Used Before Relocation                       0 / 0                 0 / 0                 0 / 0                 0 / 0           MB
[70.060s][info][gc,stats]      Memory: Out Of Memory                                     0 / 0                 0 / 0                 0 / 0                 0 / 0           ops/s
[70.060s][info][gc,stats]      Memory: Page Cache Flush                                  0 / 0                 0 / 0                 0 / 0                 0 / 0           MB/s
[70.060s][info][gc,stats]      Memory: Page Cache Hit L1                                 0 / 0                 0 / 36                0 / 36                0 / 36          ops/s
[70.060s][info][gc,stats]      Memory: Page Cache Hit L2                                 0 / 0                 0 / 30                0 / 30                0 / 30          ops/s
[70.060s][info][gc,stats]      Memory: Page Cache Miss                                   2 / 3                12 / 240              12 / 240              12 / 240         ops/s
[70.060s][info][gc,stats]      Memory: Undo Object Allocation Failed                     0 / 0                 0 / 0                 0 / 0                 0 / 0           ops/s
[70.060s][info][gc,stats]      Memory: Undo Object Allocation Succeeded                  0 / 0                 0 / 0                 0 / 0                 0 / 0           ops/s
[70.060s][info][gc,stats]      Memory: Undo Page Allocation                              0 / 0                 0 / 66                0 / 66                0 / 66          ops/s
[70.060s][info][gc,stats]       Phase: Concurrent Destroy Detached Pages             0.000 / 0.000         0.000 / 0.000         0.000 / 0.000         0.000 / 0.000       ms
[70.060s][info][gc,stats]       Phase: Concurrent Mark                               0.000 / 0.000         0.000 / 0.000         0.000 / 0.000         0.000 / 0.000       ms
[70.060s][info][gc,stats]       Phase: Concurrent Mark Continue                      0.000 / 0.000         0.000 / 0.000         0.000 / 0.000         0.000 / 0.000       ms
[70.060s][info][gc,stats]       Phase: Concurrent Prepare Relocation Set             0.000 / 0.000         0.000 / 0.000         0.000 / 0.000         0.000 / 0.000       ms
[70.060s][info][gc,stats]       Phase: Concurrent Process Non-Strong References      0.000 / 0.000         0.000 / 0.000         0.000 / 0.000         0.000 / 0.000       ms
[70.060s][info][gc,stats]       Phase: Concurrent Relocate                           0.000 / 0.000         0.000 / 0.000         0.000 / 0.000         0.000 / 0.000       ms
[70.060s][info][gc,stats]       Phase: Concurrent Reset Relocation Set               0.000 / 0.000         0.000 / 0.000         0.000 / 0.000         0.000 / 0.000       ms
[70.060s][info][gc,stats]       Phase: Concurrent Select Relocation Set              0.000 / 0.000         0.000 / 0.000         0.000 / 0.000         0.000 / 0.000       ms
[70.060s][info][gc,stats]       Phase: Pause Mark End                                0.000 / 0.000         0.000 / 0.000         0.000 / 0.000         0.000 / 0.000       ms
[70.060s][info][gc,stats]       Phase: Pause Mark Start                              0.000 / 0.000         0.000 / 0.000         0.000 / 0.000         0.000 / 0.000       ms
[70.060s][info][gc,stats]       Phase: Pause Relocate Start                          0.000 / 0.000         0.000 / 0.000         0.000 / 0.000         0.000 / 0.000       ms
[70.060s][info][gc,stats]       Phase: Pause Verify                                  0.000 / 0.000         0.000 / 0.000         0.000 / 0.000         0.000 / 0.000       ms
[70.060s][info][gc,stats]    Subphase: Concurrent Classes Unload                     0.000 / 0.000         0.000 / 0.000         0.000 / 0.000         0.000 / 0.000       ms
[70.060s][info][gc,stats]    Subphase: Concurrent Mark                               0.000 / 0.000         0.000 / 0.000         0.000 / 0.000         0.000 / 0.000       ms
[70.060s][info][gc,stats]    Subphase: Concurrent Mark Idle                          0.000 / 0.000         0.000 / 0.000         0.000 / 0.000         0.000 / 0.000       ms
[70.060s][info][gc,stats]    Subphase: Concurrent Mark Try Flush                     0.000 / 0.000         0.000 / 0.000         0.000 / 0.000         0.000 / 0.000       ms
[70.060s][info][gc,stats]    Subphase: Concurrent Mark Try Terminate                 0.000 / 0.000         0.000 / 0.000         0.000 / 0.000         0.000 / 0.000       ms
[70.060s][info][gc,stats]    Subphase: Concurrent References Enqueue                 0.000 / 0.000         0.000 / 0.000         0.000 / 0.000         0.000 / 0.000       ms
[70.060s][info][gc,stats]    Subphase: Concurrent References Process                 0.000 / 0.000         0.000 / 0.000         0.000 / 0.000         0.000 / 0.000       ms
[70.060s][info][gc,stats]    Subphase: Concurrent Roots                              0.000 / 0.000         0.000 / 0.000         0.000 / 0.000         0.000 / 0.000       ms
[70.060s][info][gc,stats]    Subphase: Concurrent Roots ClassLoaderDataGraph         0.000 / 0.000         0.000 / 0.000         0.000 / 0.000         0.000 / 0.000       ms
[70.060s][info][gc,stats]    Subphase: Concurrent Roots JNIHandles                   0.000 / 0.000         0.000 / 0.000         0.000 / 0.000         0.000 / 0.000       ms
[70.060s][info][gc,stats]    Subphase: Concurrent Roots Setup                        0.000 / 0.000         0.000 / 0.000         0.000 / 0.000         0.000 / 0.000       ms
[70.060s][info][gc,stats]    Subphase: Concurrent Roots Teardown                     0.000 / 0.000         0.000 / 0.000         0.000 / 0.000         0.000 / 0.000       ms
[70.060s][info][gc,stats]    Subphase: Concurrent Weak Roots                         0.000 / 0.000         0.000 / 0.000         0.000 / 0.000         0.000 / 0.000       ms
[70.060s][info][gc,stats]    Subphase: Concurrent Weak Roots JNIWeakHandles          0.000 / 0.000         0.000 / 0.000         0.000 / 0.000         0.000 / 0.000       ms
[70.060s][info][gc,stats]    Subphase: Concurrent Weak Roots StringTable             0.000 / 0.000         0.000 / 0.000         0.000 / 0.000         0.000 / 0.000       ms
[70.060s][info][gc,stats]    Subphase: Concurrent Weak Roots VMWeakHandles           0.000 / 0.000         0.000 / 0.000         0.000 / 0.000         0.000 / 0.000       ms
[70.060s][info][gc,stats]    Subphase: Pause Mark Try Complete                       0.000 / 0.000         0.000 / 0.000         0.000 / 0.000         0.000 / 0.000       ms
[70.060s][info][gc,stats]    Subphase: Pause Roots                                   0.000 / 0.000         0.000 / 0.000         0.000 / 0.000         0.000 / 0.000       ms
[70.060s][info][gc,stats]    Subphase: Pause Roots CodeCache                         0.000 / 0.000         0.000 / 0.000         0.000 / 0.000         0.000 / 0.000       ms
[70.060s][info][gc,stats]    Subphase: Pause Roots JVMTIExport                       0.000 / 0.000         0.000 / 0.000         0.000 / 0.000         0.000 / 0.000       ms
[70.060s][info][gc,stats]    Subphase: Pause Roots JVMTIWeakExport                   0.000 / 0.000         0.000 / 0.000         0.000 / 0.000         0.000 / 0.000       ms
[70.060s][info][gc,stats]    Subphase: Pause Roots Management                        0.000 / 0.000         0.000 / 0.000         0.000 / 0.000         0.000 / 0.000       ms
[70.060s][info][gc,stats]    Subphase: Pause Roots ObjectSynchronizer                0.000 / 0.000         0.000 / 0.000         0.000 / 0.000         0.000 / 0.000       ms
[70.060s][info][gc,stats]    Subphase: Pause Roots Setup                             0.000 / 0.000         0.000 / 0.000         0.000 / 0.000         0.000 / 0.000       ms
[70.060s][info][gc,stats]    Subphase: Pause Roots SystemDictionary                  0.000 / 0.000         0.000 / 0.000         0.000 / 0.000         0.000 / 0.000       ms
[70.060s][info][gc,stats]    Subphase: Pause Roots Teardown                          0.000 / 0.000         0.000 / 0.000         0.000 / 0.000         0.000 / 0.000       ms
[70.060s][info][gc,stats]    Subphase: Pause Roots Threads                           0.000 / 0.000         0.000 / 0.000         0.000 / 0.000         0.000 / 0.000       ms
[70.060s][info][gc,stats]    Subphase: Pause Roots Universe                          0.000 / 0.000         0.000 / 0.000         0.000 / 0.000         0.000 / 0.000       ms
[70.060s][info][gc,stats]    Subphase: Pause Weak Roots                              0.000 / 0.000         0.000 / 0.000         0.000 / 0.000         0.000 / 0.000       ms
[70.060s][info][gc,stats]    Subphase: Pause Weak Roots JFRWeak                      0.000 / 0.000         0.000 / 0.000         0.000 / 0.000         0.000 / 0.000       ms
[70.060s][info][gc,stats]    Subphase: Pause Weak Roots JVMTIWeakExport              0.000 / 0.000         0.000 / 0.000         0.000 / 0.000         0.000 / 0.000       ms
[70.060s][info][gc,stats]    Subphase: Pause Weak Roots Setup                        0.000 / 0.000         0.000 / 0.000         0.000 / 0.000         0.000 / 0.000       ms
[70.060s][info][gc,stats]    Subphase: Pause Weak Roots Teardown                     0.000 / 0.000         0.000 / 0.000         0.000 / 0.000         0.000 / 0.000       ms
[70.060s][info][gc,stats]      System: Java Threads                                      0 / 0                 0 / 0                 0 / 0                 0 / 0           threads
[70.060s][info][gc,stats] =========================================================================================================================================================
[80.060s][info][gc,stats] === Garbage Collection Statistics =======================================================================================================================
[80.060s][info][gc,stats]                                                              Last 10s              Last 10m              Last 10h                Total
[80.060s][info][gc,stats]                                                              Avg / Max             Avg / Max             Avg / Max             Avg / Max
[80.060s][info][gc,stats]   Collector: Garbage Collection Cycle                      0.000 / 0.000         0.000 / 0.000         0.000 / 0.000         0.000 / 0.000       ms
[80.060s][info][gc,stats]  Contention: Mark Segment Reset Contention                     0 / 0                 0 / 0                 0 / 0                 0 / 0           ops/s
[80.060s][info][gc,stats]  Contention: Mark SeqNum Reset Contention                      0 / 0                 0 / 0                 0 / 0                 0 / 0           ops/s
[80.060s][info][gc,stats]  Contention: Relocation Contention                             0 / 0                 0 / 0                 0 / 0                 0 / 0           ops/s
[80.060s][info][gc,stats]    Critical: Allocation Stall                              0.000 / 0.000         0.000 / 0.000         0.000 / 0.000         0.000 / 0.000       ms
[80.060s][info][gc,stats]    Critical: Allocation Stall                                  0 / 0                 0 / 0                 0 / 0                 0 / 0           ops/s
[80.060s][info][gc,stats]    Critical: GC Locker Stall                               0.000 / 0.000         0.000 / 0.000         0.000 / 0.000         0.000 / 0.000       ms
[80.060s][info][gc,stats]    Critical: GC Locker Stall                                   0 / 0                 0 / 0                 0 / 0                 0 / 0           ops/s
[80.060s][info][gc,stats]      Memory: Allocation Rate                                   5 / 6                25 / 486              25 / 486              25 / 486         MB/s
[80.060s][info][gc,stats]      Memory: Heap Used After Mark                              0 / 0                 0 / 0                 0 / 0                 0 / 0           MB
[80.060s][info][gc,stats]      Memory: Heap Used After Relocation                        0 / 0                 0 / 0                 0 / 0                 0 / 0           MB
[80.060s][info][gc,stats]      Memory: Heap Used Before Mark                             0 / 0                 0 / 0                 0 / 0                 0 / 0           MB
[80.060s][info][gc,stats]      Memory: Heap Used Before Relocation                       0 / 0                 0 / 0                 0 / 0                 0 / 0           MB
[80.060s][info][gc,stats]      Memory: Out Of Memory                                     0 / 0                 0 / 0                 0 / 0                 0 / 0           ops/s
[80.060s][info][gc,stats]      Memory: Page Cache Flush                                  0 / 0                 0 / 0                 0 / 0                 0 / 0           MB/s
[80.060s][info][gc,stats]      Memory: Page Cache Hit L1                                 0 / 0                 0 / 36                0 / 36                0 / 36          ops/s
[80.060s][info][gc,stats]      Memory: Page Cache Hit L2                                 0 / 0                 0 / 30                0 / 30                0 / 30          ops/s
[80.060s][info][gc,stats]      Memory: Page Cache Miss                                   2 / 3                11 / 240              11 / 240              11 / 240         ops/s
[80.060s][info][gc,stats]      Memory: Undo Object Allocation Failed                     0 / 0                 0 / 0                 0 / 0                 0 / 0           ops/s
[80.060s][info][gc,stats]      Memory: Undo Object Allocation Succeeded                  0 / 0                 0 / 0                 0 / 0                 0 / 0           ops/s
[80.060s][info][gc,stats]      Memory: Undo Page Allocation                              0 / 0                 0 / 66                0 / 66                0 / 66          ops/s
[80.060s][info][gc,stats]       Phase: Concurrent Destroy Detached Pages             0.000 / 0.000         0.000 / 0.000         0.000 / 0.000         0.000 / 0.000       ms
[80.060s][info][gc,stats]       Phase: Concurrent Mark                               0.000 / 0.000         0.000 / 0.000         0.000 / 0.000         0.000 / 0.000       ms
[80.060s][info][gc,stats]       Phase: Concurrent Mark Continue                      0.000 / 0.000         0.000 / 0.000         0.000 / 0.000         0.000 / 0.000       ms
[80.060s][info][gc,stats]       Phase: Concurrent Prepare Relocation Set             0.000 / 0.000         0.000 / 0.000         0.000 / 0.000         0.000 / 0.000       ms
[80.060s][info][gc,stats]       Phase: Concurrent Process Non-Strong References      0.000 / 0.000         0.000 / 0.000         0.000 / 0.000         0.000 / 0.000       ms
[80.060s][info][gc,stats]       Phase: Concurrent Relocate                           0.000 / 0.000         0.000 / 0.000         0.000 / 0.000         0.000 / 0.000       ms
[80.060s][info][gc,stats]       Phase: Concurrent Reset Relocation Set               0.000 / 0.000         0.000 / 0.000         0.000 / 0.000         0.000 / 0.000       ms
[80.060s][info][gc,stats]       Phase: Concurrent Select Relocation Set              0.000 / 0.000         0.000 / 0.000         0.000 / 0.000         0.000 / 0.000       ms
[80.060s][info][gc,stats]       Phase: Pause Mark End                                0.000 / 0.000         0.000 / 0.000         0.000 / 0.000         0.000 / 0.000       ms
[80.060s][info][gc,stats]       Phase: Pause Mark Start                              0.000 / 0.000         0.000 / 0.000         0.000 / 0.000         0.000 / 0.000       ms
[80.060s][info][gc,stats]       Phase: Pause Relocate Start                          0.000 / 0.000         0.000 / 0.000         0.000 / 0.000         0.000 / 0.000       ms
[80.060s][info][gc,stats]       Phase: Pause Verify                                  0.000 / 0.000         0.000 / 0.000         0.000 / 0.000         0.000 / 0.000       ms
[80.060s][info][gc,stats]    Subphase: Concurrent Classes Unload                     0.000 / 0.000         0.000 / 0.000         0.000 / 0.000         0.000 / 0.000       ms
[80.060s][info][gc,stats]    Subphase: Concurrent Mark                               0.000 / 0.000         0.000 / 0.000         0.000 / 0.000         0.000 / 0.000       ms
[80.060s][info][gc,stats]    Subphase: Concurrent Mark Idle                          0.000 / 0.000         0.000 / 0.000         0.000 / 0.000         0.000 / 0.000       ms
[80.060s][info][gc,stats]    Subphase: Concurrent Mark Try Flush                     0.000 / 0.000         0.000 / 0.000         0.000 / 0.000         0.000 / 0.000       ms
[80.060s][info][gc,stats]    Subphase: Concurrent Mark Try Terminate                 0.000 / 0.000         0.000 / 0.000         0.000 / 0.000         0.000 / 0.000       ms
[80.060s][info][gc,stats]    Subphase: Concurrent References Enqueue                 0.000 / 0.000         0.000 / 0.000         0.000 / 0.000         0.000 / 0.000       ms
[80.060s][info][gc,stats]    Subphase: Concurrent References Process                 0.000 / 0.000         0.000 / 0.000         0.000 / 0.000         0.000 / 0.000       ms
[80.060s][info][gc,stats]    Subphase: Concurrent Roots                              0.000 / 0.000         0.000 / 0.000         0.000 / 0.000         0.000 / 0.000       ms
[80.060s][info][gc,stats]    Subphase: Concurrent Roots ClassLoaderDataGraph         0.000 / 0.000         0.000 / 0.000         0.000 / 0.000         0.000 / 0.000       ms
[80.060s][info][gc,stats]    Subphase: Concurrent Roots JNIHandles                   0.000 / 0.000         0.000 / 0.000         0.000 / 0.000         0.000 / 0.000       ms
[80.060s][info][gc,stats]    Subphase: Concurrent Roots Setup                        0.000 / 0.000         0.000 / 0.000         0.000 / 0.000         0.000 / 0.000       ms
[80.060s][info][gc,stats]    Subphase: Concurrent Roots Teardown                     0.000 / 0.000         0.000 / 0.000         0.000 / 0.000         0.000 / 0.000       ms
[80.060s][info][gc,stats]    Subphase: Concurrent Weak Roots                         0.000 / 0.000         0.000 / 0.000         0.000 / 0.000         0.000 / 0.000       ms
[80.060s][info][gc,stats]    Subphase: Concurrent Weak Roots JNIWeakHandles          0.000 / 0.000         0.000 / 0.000         0.000 / 0.000         0.000 / 0.000       ms
[80.060s][info][gc,stats]    Subphase: Concurrent Weak Roots StringTable             0.000 / 0.000         0.000 / 0.000         0.000 / 0.000         0.000 / 0.000       ms
[80.060s][info][gc,stats]    Subphase: Concurrent Weak Roots VMWeakHandles           0.000 / 0.000         0.000 / 0.000         0.000 / 0.000         0.000 / 0.000       ms
[80.060s][info][gc,stats]    Subphase: Pause Mark Try Complete                       0.000 / 0.000         0.000 / 0.000         0.000 / 0.000         0.000 / 0.000       ms
[80.060s][info][gc,stats]    Subphase: Pause Roots                                   0.000 / 0.000         0.000 / 0.000         0.000 / 0.000         0.000 / 0.000       ms
[80.060s][info][gc,stats]    Subphase: Pause Roots CodeCache                         0.000 / 0.000         0.000 / 0.000         0.000 / 0.000         0.000 / 0.000       ms
[80.060s][info][gc,stats]    Subphase: Pause Roots JVMTIExport                       0.000 / 0.000         0.000 / 0.000         0.000 / 0.000         0.000 / 0.000       ms
[80.060s][info][gc,stats]    Subphase: Pause Roots JVMTIWeakExport                   0.000 / 0.000         0.000 / 0.000         0.000 / 0.000         0.000 / 0.000       ms
[80.060s][info][gc,stats]    Subphase: Pause Roots Management                        0.000 / 0.000         0.000 / 0.000         0.000 / 0.000         0.000 / 0.000       ms
[80.060s][info][gc,stats]    Subphase: Pause Roots ObjectSynchronizer                0.000 / 0.000         0.000 / 0.000         0.000 / 0.000         0.000 / 0.000       ms
[80.060s][info][gc,stats]    Subphase: Pause Roots Setup                             0.000 / 0.000         0.000 / 0.000         0.000 / 0.000         0.000 / 0.000       ms
[80.060s][info][gc,stats]    Subphase: Pause Roots SystemDictionary                  0.000 / 0.000         0.000 / 0.000         0.000 / 0.000         0.000 / 0.000       ms
[80.060s][info][gc,stats]    Subphase: Pause Roots Teardown                          0.000 / 0.000         0.000 / 0.000         0.000 / 0.000         0.000 / 0.000       ms
[80.060s][info][gc,stats]    Subphase: Pause Roots Threads                           0.000 / 0.000         0.000 / 0.000         0.000 / 0.000         0.000 / 0.000       ms
[80.060s][info][gc,stats]    Subphase: Pause Roots Universe                          0.000 / 0.000         0.000 / 0.000         0.000 / 0.000         0.000 / 0.000       ms
[80.060s][info][gc,stats]    Subphase: Pause Weak Roots                              0.000 / 0.000         0.000 / 0.000         0.000 / 0.000         0.000 / 0.000       ms
[80.060s][info][gc,stats]    Subphase: Pause Weak Roots JFRWeak                      0.000 / 0.000         0.000 / 0.000         0.000 / 0.000         0.000 / 0.000       ms
[80.060s][info][gc,stats]    Subphase: Pause Weak Roots JVMTIWeakExport              0.000 / 0.000         0.000 / 0.000         0.000 / 0.000         0.000 / 0.000       ms
[80.061s][info][gc,stats]    Subphase: Pause Weak Roots Setup                        0.000 / 0.000         0.000 / 0.000         0.000 / 0.000         0.000 / 0.000       ms
[80.061s][info][gc,stats]    Subphase: Pause Weak Roots Teardown                     0.000 / 0.000         0.000 / 0.000         0.000 / 0.000         0.000 / 0.000       ms
[80.061s][info][gc,stats]      System: Java Threads                                      0 / 0                 0 / 0                 0 / 0                 0 / 0           threads
[80.061s][info][gc,stats] =========================================================================================================================================================
[90.060s][info][gc,stats] === Garbage Collection Statistics =======================================================================================================================
[90.060s][info][gc,stats]                                                              Last 10s              Last 10m              Last 10h                Total
[90.060s][info][gc,stats]                                                              Avg / Max             Avg / Max             Avg / Max             Avg / Max
[90.060s][info][gc,stats]   Collector: Garbage Collection Cycle                      0.000 / 0.000         0.000 / 0.000         0.000 / 0.000         0.000 / 0.000       ms
[90.060s][info][gc,stats]  Contention: Mark Segment Reset Contention                     0 / 0                 0 / 0                 0 / 0                 0 / 0           ops/s
[90.060s][info][gc,stats]  Contention: Mark SeqNum Reset Contention                      0 / 0                 0 / 0                 0 / 0                 0 / 0           ops/s
[90.060s][info][gc,stats]  Contention: Relocation Contention                             0 / 0                 0 / 0                 0 / 0                 0 / 0           ops/s
[90.060s][info][gc,stats]    Critical: Allocation Stall                              0.000 / 0.000         0.000 / 0.000         0.000 / 0.000         0.000 / 0.000       ms
[90.060s][info][gc,stats]    Critical: Allocation Stall                                  0 / 0                 0 / 0                 0 / 0                 0 / 0           ops/s
[90.060s][info][gc,stats]    Critical: GC Locker Stall                               0.000 / 0.000         0.000 / 0.000         0.000 / 0.000         0.000 / 0.000       ms
[90.060s][info][gc,stats]    Critical: GC Locker Stall                                   0 / 0                 0 / 0                 0 / 0                 0 / 0           ops/s
[90.060s][info][gc,stats]      Memory: Allocation Rate                                   5 / 6                23 / 486              23 / 486              23 / 486         MB/s
[90.060s][info][gc,stats]      Memory: Heap Used After Mark                              0 / 0                 0 / 0                 0 / 0                 0 / 0           MB
[90.060s][info][gc,stats]      Memory: Heap Used After Relocation                        0 / 0                 0 / 0                 0 / 0                 0 / 0           MB
[90.060s][info][gc,stats]      Memory: Heap Used Before Mark                             0 / 0                 0 / 0                 0 / 0                 0 / 0           MB
[90.060s][info][gc,stats]      Memory: Heap Used Before Relocation                       0 / 0                 0 / 0                 0 / 0                 0 / 0           MB
[90.060s][info][gc,stats]      Memory: Out Of Memory                                     0 / 0                 0 / 0                 0 / 0                 0 / 0           ops/s
[90.060s][info][gc,stats]      Memory: Page Cache Flush                                  0 / 0                 0 / 0                 0 / 0                 0 / 0           MB/s
[90.060s][info][gc,stats]      Memory: Page Cache Hit L1                                 0 / 0                 0 / 36                0 / 36                0 / 36          ops/s
[90.060s][info][gc,stats]      Memory: Page Cache Hit L2                                 0 / 0                 0 / 30                0 / 30                0 / 30          ops/s
[90.060s][info][gc,stats]      Memory: Page Cache Miss                                   2 / 3                10 / 240              10 / 240              10 / 240         ops/s
[90.060s][info][gc,stats]      Memory: Undo Object Allocation Failed                     0 / 0                 0 / 0                 0 / 0                 0 / 0           ops/s
[90.060s][info][gc,stats]      Memory: Undo Object Allocation Succeeded                  0 / 0                 0 / 0                 0 / 0                 0 / 0           ops/s
[90.060s][info][gc,stats]      Memory: Undo Page Allocation                              0 / 0                 0 / 66                0 / 66                0 / 66          ops/s
[90.060s][info][gc,stats]       Phase: Concurrent Destroy Detached Pages             0.000 / 0.000         0.000 / 0.000         0.000 / 0.000         0.000 / 0.000       ms
[90.060s][info][gc,stats]       Phase: Concurrent Mark                               0.000 / 0.000         0.000 / 0.000         0.000 / 0.000         0.000 / 0.000       ms
[90.060s][info][gc,stats]       Phase: Concurrent Mark Continue                      0.000 / 0.000         0.000 / 0.000         0.000 / 0.000         0.000 / 0.000       ms
[90.060s][info][gc,stats]       Phase: Concurrent Prepare Relocation Set             0.000 / 0.000         0.000 / 0.000         0.000 / 0.000         0.000 / 0.000       ms
[90.060s][info][gc,stats]       Phase: Concurrent Process Non-Strong References      0.000 / 0.000         0.000 / 0.000         0.000 / 0.000         0.000 / 0.000       ms
[90.060s][info][gc,stats]       Phase: Concurrent Relocate                           0.000 / 0.000         0.000 / 0.000         0.000 / 0.000         0.000 / 0.000       ms
[90.060s][info][gc,stats]       Phase: Concurrent Reset Relocation Set               0.000 / 0.000         0.000 / 0.000         0.000 / 0.000         0.000 / 0.000       ms
[90.060s][info][gc,stats]       Phase: Concurrent Select Relocation Set              0.000 / 0.000         0.000 / 0.000         0.000 / 0.000         0.000 / 0.000       ms
[90.060s][info][gc,stats]       Phase: Pause Mark End                                0.000 / 0.000         0.000 / 0.000         0.000 / 0.000         0.000 / 0.000       ms
[90.060s][info][gc,stats]       Phase: Pause Mark Start                              0.000 / 0.000         0.000 / 0.000         0.000 / 0.000         0.000 / 0.000       ms
[90.060s][info][gc,stats]       Phase: Pause Relocate Start                          0.000 / 0.000         0.000 / 0.000         0.000 / 0.000         0.000 / 0.000       ms
[90.060s][info][gc,stats]       Phase: Pause Verify                                  0.000 / 0.000         0.000 / 0.000         0.000 / 0.000         0.000 / 0.000       ms
[90.060s][info][gc,stats]    Subphase: Concurrent Classes Unload                     0.000 / 0.000         0.000 / 0.000         0.000 / 0.000         0.000 / 0.000       ms
[90.060s][info][gc,stats]    Subphase: Concurrent Mark                               0.000 / 0.000         0.000 / 0.000         0.000 / 0.000         0.000 / 0.000       ms
[90.060s][info][gc,stats]    Subphase: Concurrent Mark Idle                          0.000 / 0.000         0.000 / 0.000         0.000 / 0.000         0.000 / 0.000       ms
[90.060s][info][gc,stats]    Subphase: Concurrent Mark Try Flush                     0.000 / 0.000         0.000 / 0.000         0.000 / 0.000         0.000 / 0.000       ms
[90.060s][info][gc,stats]    Subphase: Concurrent Mark Try Terminate                 0.000 / 0.000         0.000 / 0.000         0.000 / 0.000         0.000 / 0.000       ms
[90.060s][info][gc,stats]    Subphase: Concurrent References Enqueue                 0.000 / 0.000         0.000 / 0.000         0.000 / 0.000         0.000 / 0.000       ms
[90.060s][info][gc,stats]    Subphase: Concurrent References Process                 0.000 / 0.000         0.000 / 0.000         0.000 / 0.000         0.000 / 0.000       ms
[90.060s][info][gc,stats]    Subphase: Concurrent Roots                              0.000 / 0.000         0.000 / 0.000         0.000 / 0.000         0.000 / 0.000       ms
[90.060s][info][gc,stats]    Subphase: Concurrent Roots ClassLoaderDataGraph         0.000 / 0.000         0.000 / 0.000         0.000 / 0.000         0.000 / 0.000       ms
[90.060s][info][gc,stats]    Subphase: Concurrent Roots JNIHandles                   0.000 / 0.000         0.000 / 0.000         0.000 / 0.000         0.000 / 0.000       ms
[90.060s][info][gc,stats]    Subphase: Concurrent Roots Setup                        0.000 / 0.000         0.000 / 0.000         0.000 / 0.000         0.000 / 0.000       ms
[90.060s][info][gc,stats]    Subphase: Concurrent Roots Teardown                     0.000 / 0.000         0.000 / 0.000         0.000 / 0.000         0.000 / 0.000       ms
[90.060s][info][gc,stats]    Subphase: Concurrent Weak Roots                         0.000 / 0.000         0.000 / 0.000         0.000 / 0.000         0.000 / 0.000       ms
[90.060s][info][gc,stats]    Subphase: Concurrent Weak Roots JNIWeakHandles          0.000 / 0.000         0.000 / 0.000         0.000 / 0.000         0.000 / 0.000       ms
[90.060s][info][gc,stats]    Subphase: Concurrent Weak Roots StringTable             0.000 / 0.000         0.000 / 0.000         0.000 / 0.000         0.000 / 0.000       ms
[90.060s][info][gc,stats]    Subphase: Concurrent Weak Roots VMWeakHandles           0.000 / 0.000         0.000 / 0.000         0.000 / 0.000         0.000 / 0.000       ms
[90.060s][info][gc,stats]    Subphase: Pause Mark Try Complete                       0.000 / 0.000         0.000 / 0.000         0.000 / 0.000         0.000 / 0.000       ms
[90.060s][info][gc,stats]    Subphase: Pause Roots                                   0.000 / 0.000         0.000 / 0.000         0.000 / 0.000         0.000 / 0.000       ms
[90.060s][info][gc,stats]    Subphase: Pause Roots CodeCache                         0.000 / 0.000         0.000 / 0.000         0.000 / 0.000         0.000 / 0.000       ms
[90.060s][info][gc,stats]    Subphase: Pause Roots JVMTIExport                       0.000 / 0.000         0.000 / 0.000         0.000 / 0.000         0.000 / 0.000       ms
[90.060s][info][gc,stats]    Subphase: Pause Roots JVMTIWeakExport                   0.000 / 0.000         0.000 / 0.000         0.000 / 0.000         0.000 / 0.000       ms
[90.060s][info][gc,stats]    Subphase: Pause Roots Management                        0.000 / 0.000         0.000 / 0.000         0.000 / 0.000         0.000 / 0.000       ms
[90.060s][info][gc,stats]    Subphase: Pause Roots ObjectSynchronizer                0.000 / 0.000         0.000 / 0.000         0.000 / 0.000         0.000 / 0.000       ms
[90.060s][info][gc,stats]    Subphase: Pause Roots Setup                             0.000 / 0.000         0.000 / 0.000         0.000 / 0.000         0.000 / 0.000       ms
[90.060s][info][gc,stats]    Subphase: Pause Roots SystemDictionary                  0.000 / 0.000         0.000 / 0.000         0.000 / 0.000         0.000 / 0.000       ms
[90.060s][info][gc,stats]    Subphase: Pause Roots Teardown                          0.000 / 0.000         0.000 / 0.000         0.000 / 0.000         0.000 / 0.000       ms
[90.060s][info][gc,stats]    Subphase: Pause Roots Threads                           0.000 / 0.000         0.000 / 0.000         0.000 / 0.000         0.000 / 0.000       ms
[90.060s][info][gc,stats]    Subphase: Pause Roots Universe                          0.000 / 0.000         0.000 / 0.000         0.000 / 0.000         0.000 / 0.000       ms
[90.060s][info][gc,stats]    Subphase: Pause Weak Roots                              0.000 / 0.000         0.000 / 0.000         0.000 / 0.000         0.000 / 0.000       ms
[90.060s][info][gc,stats]    Subphase: Pause Weak Roots JFRWeak                      0.000 / 0.000         0.000 / 0.000         0.000 / 0.000         0.000 / 0.000       ms
[90.060s][info][gc,stats]    Subphase: Pause Weak Roots JVMTIWeakExport              0.000 / 0.000         0.000 / 0.000         0.000 / 0.000         0.000 / 0.000       ms
[90.060s][info][gc,stats]    Subphase: Pause Weak Roots Setup                        0.000 / 0.000         0.000 / 0.000         0.000 / 0.000         0.000 / 0.000       ms
[90.060s][info][gc,stats]    Subphase: Pause Weak Roots Teardown                     0.000 / 0.000         0.000 / 0.000         0.000 / 0.000         0.000 / 0.000       ms
[90.060s][info][gc,stats]      System: Java Threads                                      0 / 0                 0 / 0                 0 / 0                 0 / 0           threads
[90.060s][info][gc,stats] =========================================================================================================================================================
[100.060s][info][gc,stats] === Garbage Collection Statistics =======================================================================================================================
[100.060s][info][gc,stats]                                                              Last 10s              Last 10m              Last 10h                Total
[100.060s][info][gc,stats]                                                              Avg / Max             Avg / Max             Avg / Max             Avg / Max
[100.060s][info][gc,stats]   Collector: Garbage Collection Cycle                      0.000 / 0.000         0.000 / 0.000         0.000 / 0.000         0.000 / 0.000       ms
[100.060s][info][gc,stats]  Contention: Mark Segment Reset Contention                     0 / 0                 0 / 0                 0 / 0                 0 / 0           ops/s
[100.060s][info][gc,stats]  Contention: Mark SeqNum Reset Contention                      0 / 0                 0 / 0                 0 / 0                 0 / 0           ops/s
[100.060s][info][gc,stats]  Contention: Relocation Contention                             0 / 0                 0 / 0                 0 / 0                 0 / 0           ops/s
[100.060s][info][gc,stats]    Critical: Allocation Stall                              0.000 / 0.000         0.000 / 0.000         0.000 / 0.000         0.000 / 0.000       ms
[100.060s][info][gc,stats]    Critical: Allocation Stall                                  0 / 0                 0 / 0                 0 / 0                 0 / 0           ops/s
[100.060s][info][gc,stats]    Critical: GC Locker Stall                               0.000 / 0.000         0.000 / 0.000         0.000 / 0.000         0.000 / 0.000       ms
[100.060s][info][gc,stats]    Critical: GC Locker Stall                                   0 / 0                 0 / 0                 0 / 0                 0 / 0           ops/s
[100.060s][info][gc,stats]      Memory: Allocation Rate                                   5 / 6                21 / 486              21 / 486              21 / 486         MB/s
[100.060s][info][gc,stats]      Memory: Heap Used After Mark                              0 / 0                 0 / 0                 0 / 0                 0 / 0           MB
[100.060s][info][gc,stats]      Memory: Heap Used After Relocation                        0 / 0                 0 / 0                 0 / 0                 0 / 0           MB
[100.060s][info][gc,stats]      Memory: Heap Used Before Mark                             0 / 0                 0 / 0                 0 / 0                 0 / 0           MB
[100.060s][info][gc,stats]      Memory: Heap Used Before Relocation                       0 / 0                 0 / 0                 0 / 0                 0 / 0           MB
[100.060s][info][gc,stats]      Memory: Out Of Memory                                     0 / 0                 0 / 0                 0 / 0                 0 / 0           ops/s
[100.060s][info][gc,stats]      Memory: Page Cache Flush                                  0 / 0                 0 / 0                 0 / 0                 0 / 0           MB/s
[100.060s][info][gc,stats]      Memory: Page Cache Hit L1                                 0 / 0                 0 / 36                0 / 36                0 / 36          ops/s
[100.060s][info][gc,stats]      Memory: Page Cache Hit L2                                 0 / 0                 0 / 30                0 / 30                0 / 30          ops/s
[100.060s][info][gc,stats]      Memory: Page Cache Miss                                   2 / 3                 9 / 240               9 / 240               9 / 240         ops/s
[100.060s][info][gc,stats]      Memory: Undo Object Allocation Failed                     0 / 0                 0 / 0                 0 / 0                 0 / 0           ops/s
[100.060s][info][gc,stats]      Memory: Undo Object Allocation Succeeded                  0 / 0                 0 / 0                 0 / 0                 0 / 0           ops/s
[100.060s][info][gc,stats]      Memory: Undo Page Allocation                              0 / 0                 0 / 66                0 / 66                0 / 66          ops/s
[100.060s][info][gc,stats]       Phase: Concurrent Destroy Detached Pages             0.000 / 0.000         0.000 / 0.000         0.000 / 0.000         0.000 / 0.000       ms
[100.060s][info][gc,stats]       Phase: Concurrent Mark                               0.000 / 0.000         0.000 / 0.000         0.000 / 0.000         0.000 / 0.000       ms
[100.060s][info][gc,stats]       Phase: Concurrent Mark Continue                      0.000 / 0.000         0.000 / 0.000         0.000 / 0.000         0.000 / 0.000       ms
[100.060s][info][gc,stats]       Phase: Concurrent Prepare Relocation Set             0.000 / 0.000         0.000 / 0.000         0.000 / 0.000         0.000 / 0.000       ms
[100.060s][info][gc,stats]       Phase: Concurrent Process Non-Strong References      0.000 / 0.000         0.000 / 0.000         0.000 / 0.000         0.000 / 0.000       ms
[100.060s][info][gc,stats]       Phase: Concurrent Relocate                           0.000 / 0.000         0.000 / 0.000         0.000 / 0.000         0.000 / 0.000       ms
[100.060s][info][gc,stats]       Phase: Concurrent Reset Relocation Set               0.000 / 0.000         0.000 / 0.000         0.000 / 0.000         0.000 / 0.000       ms
[100.060s][info][gc,stats]       Phase: Concurrent Select Relocation Set              0.000 / 0.000         0.000 / 0.000         0.000 / 0.000         0.000 / 0.000       ms
[100.060s][info][gc,stats]       Phase: Pause Mark End                                0.000 / 0.000         0.000 / 0.000         0.000 / 0.000         0.000 / 0.000       ms
[100.060s][info][gc,stats]       Phase: Pause Mark Start                              0.000 / 0.000         0.000 / 0.000         0.000 / 0.000         0.000 / 0.000       ms
[100.060s][info][gc,stats]       Phase: Pause Relocate Start                          0.000 / 0.000         0.000 / 0.000         0.000 / 0.000         0.000 / 0.000       ms
[100.060s][info][gc,stats]       Phase: Pause Verify                                  0.000 / 0.000         0.000 / 0.000         0.000 / 0.000         0.000 / 0.000       ms
[100.060s][info][gc,stats]    Subphase: Concurrent Classes Unload                     0.000 / 0.000         0.000 / 0.000         0.000 / 0.000         0.000 / 0.000       ms
[100.060s][info][gc,stats]    Subphase: Concurrent Mark                               0.000 / 0.000         0.000 / 0.000         0.000 / 0.000         0.000 / 0.000       ms
[100.060s][info][gc,stats]    Subphase: Concurrent Mark Idle                          0.000 / 0.000         0.000 / 0.000         0.000 / 0.000         0.000 / 0.000       ms
[100.060s][info][gc,stats]    Subphase: Concurrent Mark Try Flush                     0.000 / 0.000         0.000 / 0.000         0.000 / 0.000         0.000 / 0.000       ms
[100.060s][info][gc,stats]    Subphase: Concurrent Mark Try Terminate                 0.000 / 0.000         0.000 / 0.000         0.000 / 0.000         0.000 / 0.000       ms
[100.060s][info][gc,stats]    Subphase: Concurrent References Enqueue                 0.000 / 0.000         0.000 / 0.000         0.000 / 0.000         0.000 / 0.000       ms
[100.060s][info][gc,stats]    Subphase: Concurrent References Process                 0.000 / 0.000         0.000 / 0.000         0.000 / 0.000         0.000 / 0.000       ms
[100.060s][info][gc,stats]    Subphase: Concurrent Roots                              0.000 / 0.000         0.000 / 0.000         0.000 / 0.000         0.000 / 0.000       ms
[100.060s][info][gc,stats]    Subphase: Concurrent Roots ClassLoaderDataGraph         0.000 / 0.000         0.000 / 0.000         0.000 / 0.000         0.000 / 0.000       ms
[100.060s][info][gc,stats]    Subphase: Concurrent Roots JNIHandles                   0.000 / 0.000         0.000 / 0.000         0.000 / 0.000         0.000 / 0.000       ms
[100.060s][info][gc,stats]    Subphase: Concurrent Roots Setup                        0.000 / 0.000         0.000 / 0.000         0.000 / 0.000         0.000 / 0.000       ms
[100.060s][info][gc,stats]    Subphase: Concurrent Roots Teardown                     0.000 / 0.000         0.000 / 0.000         0.000 / 0.000         0.000 / 0.000       ms
[100.060s][info][gc,stats]    Subphase: Concurrent Weak Roots                         0.000 / 0.000         0.000 / 0.000         0.000 / 0.000         0.000 / 0.000       ms
[100.060s][info][gc,stats]    Subphase: Concurrent Weak Roots JNIWeakHandles          0.000 / 0.000         0.000 / 0.000         0.000 / 0.000         0.000 / 0.000       ms
[100.060s][info][gc,stats]    Subphase: Concurrent Weak Roots StringTable             0.000 / 0.000         0.000 / 0.000         0.000 / 0.000         0.000 / 0.000       ms
[100.060s][info][gc,stats]    Subphase: Concurrent Weak Roots VMWeakHandles           0.000 / 0.000         0.000 / 0.000         0.000 / 0.000         0.000 / 0.000       ms
[100.060s][info][gc,stats]    Subphase: Pause Mark Try Complete                       0.000 / 0.000         0.000 / 0.000         0.000 / 0.000         0.000 / 0.000       ms
[100.060s][info][gc,stats]    Subphase: Pause Roots                                   0.000 / 0.000         0.000 / 0.000         0.000 / 0.000         0.000 / 0.000       ms
[100.060s][info][gc,stats]    Subphase: Pause Roots CodeCache                         0.000 / 0.000         0.000 / 0.000         0.000 / 0.000         0.000 / 0.000       ms
[100.060s][info][gc,stats]    Subphase: Pause Roots JVMTIExport                       0.000 / 0.000         0.000 / 0.000         0.000 / 0.000         0.000 / 0.000       ms
[100.060s][info][gc,stats]    Subphase: Pause Roots JVMTIWeakExport                   0.000 / 0.000         0.000 / 0.000         0.000 / 0.000         0.000 / 0.000       ms
[100.060s][info][gc,stats]    Subphase: Pause Roots Management                        0.000 / 0.000         0.000 / 0.000         0.000 / 0.000         0.000 / 0.000       ms
[100.060s][info][gc,stats]    Subphase: Pause Roots ObjectSynchronizer                0.000 / 0.000         0.000 / 0.000         0.000 / 0.000         0.000 / 0.000       ms
[100.060s][info][gc,stats]    Subphase: Pause Roots Setup                             0.000 / 0.000         0.000 / 0.000         0.000 / 0.000         0.000 / 0.000       ms
[100.060s][info][gc,stats]    Subphase: Pause Roots SystemDictionary                  0.000 / 0.000         0.000 / 0.000         0.000 / 0.000         0.000 / 0.000       ms
[100.060s][info][gc,stats]    Subphase: Pause Roots Teardown                          0.000 / 0.000         0.000 / 0.000         0.000 / 0.000         0.000 / 0.000       ms
[100.060s][info][gc,stats]    Subphase: Pause Roots Threads                           0.000 / 0.000         0.000 / 0.000         0.000 / 0.000         0.000 / 0.000       ms
[100.060s][info][gc,stats]    Subphase: Pause Roots Universe                          0.000 / 0.000         0.000 / 0.000         0.000 / 0.000         0.000 / 0.000       ms
[100.060s][info][gc,stats]    Subphase: Pause Weak Roots                              0.000 / 0.000         0.000 / 0.000         0.000 / 0.000         0.000 / 0.000       ms
[100.060s][info][gc,stats]    Subphase: Pause Weak Roots JFRWeak                      0.000 / 0.000         0.000 / 0.000         0.000 / 0.000         0.000 / 0.000       ms
[100.060s][info][gc,stats]    Subphase: Pause Weak Roots JVMTIWeakExport              0.000 / 0.000         0.000 / 0.000         0.000 / 0.000         0.000 / 0.000       ms
[100.060s][info][gc,stats]    Subphase: Pause Weak Roots Setup                        0.000 / 0.000         0.000 / 0.000         0.000 / 0.000         0.000 / 0.000       ms
[100.060s][info][gc,stats]    Subphase: Pause Weak Roots Teardown                     0.000 / 0.000         0.000 / 0.000         0.000 / 0.000         0.000 / 0.000       ms
[100.060s][info][gc,stats]      System: Java Threads                                      0 / 0                 0 / 0                 0 / 0                 0 / 0           threads
[100.060s][info][gc,stats] =========================================================================================================================================================
[110.059s][info][gc,stats] === Garbage Collection Statistics =======================================================================================================================
[110.059s][info][gc,stats]                                                              Last 10s              Last 10m              Last 10h                Total
[110.059s][info][gc,stats]                                                              Avg / Max             Avg / Max             Avg / Max             Avg / Max
[110.060s][info][gc,stats]   Collector: Garbage Collection Cycle                      0.000 / 0.000         0.000 / 0.000         0.000 / 0.000         0.000 / 0.000       ms
[110.060s][info][gc,stats]  Contention: Mark Segment Reset Contention                     0 / 0                 0 / 0                 0 / 0                 0 / 0           ops/s
[110.060s][info][gc,stats]  Contention: Mark SeqNum Reset Contention                      0 / 0                 0 / 0                 0 / 0                 0 / 0           ops/s
[110.060s][info][gc,stats]  Contention: Relocation Contention                             0 / 0                 0 / 0                 0 / 0                 0 / 0           ops/s
[110.060s][info][gc,stats]    Critical: Allocation Stall                              0.000 / 0.000         0.000 / 0.000         0.000 / 0.000         0.000 / 0.000       ms
[110.060s][info][gc,stats]    Critical: Allocation Stall                                  0 / 0                 0 / 0                 0 / 0                 0 / 0           ops/s
[110.060s][info][gc,stats]    Critical: GC Locker Stall                               0.000 / 0.000         0.000 / 0.000         0.000 / 0.000         0.000 / 0.000       ms
[110.060s][info][gc,stats]    Critical: GC Locker Stall                                   0 / 0                 0 / 0                 0 / 0                 0 / 0           ops/s
[110.060s][info][gc,stats]      Memory: Allocation Rate                                   5 / 6                20 / 486              20 / 486              20 / 486         MB/s
[110.060s][info][gc,stats]      Memory: Heap Used After Mark                              0 / 0                 0 / 0                 0 / 0                 0 / 0           MB
[110.060s][info][gc,stats]      Memory: Heap Used After Relocation                        0 / 0                 0 / 0                 0 / 0                 0 / 0           MB
[110.060s][info][gc,stats]      Memory: Heap Used Before Mark                             0 / 0                 0 / 0                 0 / 0                 0 / 0           MB
[110.060s][info][gc,stats]      Memory: Heap Used Before Relocation                       0 / 0                 0 / 0                 0 / 0                 0 / 0           MB
[110.060s][info][gc,stats]      Memory: Out Of Memory                                     0 / 0                 0 / 0                 0 / 0                 0 / 0           ops/s
[110.060s][info][gc,stats]      Memory: Page Cache Flush                                  0 / 0                 0 / 0                 0 / 0                 0 / 0           MB/s
[110.060s][info][gc,stats]      Memory: Page Cache Hit L1                                 0 / 0                 0 / 36                0 / 36                0 / 36          ops/s
[110.060s][info][gc,stats]      Memory: Page Cache Hit L2                                 0 / 0                 0 / 30                0 / 30                0 / 30          ops/s
[110.060s][info][gc,stats]      Memory: Page Cache Miss                                   2 / 3                 9 / 240               9 / 240               9 / 240         ops/s
[110.060s][info][gc,stats]      Memory: Undo Object Allocation Failed                     0 / 0                 0 / 0                 0 / 0                 0 / 0           ops/s
[110.060s][info][gc,stats]      Memory: Undo Object Allocation Succeeded                  0 / 0                 0 / 0                 0 / 0                 0 / 0           ops/s
[110.060s][info][gc,stats]      Memory: Undo Page Allocation                              0 / 0                 0 / 66                0 / 66                0 / 66          ops/s
[110.060s][info][gc,stats]       Phase: Concurrent Destroy Detached Pages             0.000 / 0.000         0.000 / 0.000         0.000 / 0.000         0.000 / 0.000       ms
[110.060s][info][gc,stats]       Phase: Concurrent Mark                               0.000 / 0.000         0.000 / 0.000         0.000 / 0.000         0.000 / 0.000       ms
[110.060s][info][gc,stats]       Phase: Concurrent Mark Continue                      0.000 / 0.000         0.000 / 0.000         0.000 / 0.000         0.000 / 0.000       ms
[110.060s][info][gc,stats]       Phase: Concurrent Prepare Relocation Set             0.000 / 0.000         0.000 / 0.000         0.000 / 0.000         0.000 / 0.000       ms
[110.060s][info][gc,stats]       Phase: Concurrent Process Non-Strong References      0.000 / 0.000         0.000 / 0.000         0.000 / 0.000         0.000 / 0.000       ms
[110.060s][info][gc,stats]       Phase: Concurrent Relocate                           0.000 / 0.000         0.000 / 0.000         0.000 / 0.000         0.000 / 0.000       ms
[110.060s][info][gc,stats]       Phase: Concurrent Reset Relocation Set               0.000 / 0.000         0.000 / 0.000         0.000 / 0.000         0.000 / 0.000       ms
[110.060s][info][gc,stats]       Phase: Concurrent Select Relocation Set              0.000 / 0.000         0.000 / 0.000         0.000 / 0.000         0.000 / 0.000       ms
[110.060s][info][gc,stats]       Phase: Pause Mark End                                0.000 / 0.000         0.000 / 0.000         0.000 / 0.000         0.000 / 0.000       ms
[110.060s][info][gc,stats]       Phase: Pause Mark Start                              0.000 / 0.000         0.000 / 0.000         0.000 / 0.000         0.000 / 0.000       ms
[110.060s][info][gc,stats]       Phase: Pause Relocate Start                          0.000 / 0.000         0.000 / 0.000         0.000 / 0.000         0.000 / 0.000       ms
[110.060s][info][gc,stats]       Phase: Pause Verify                                  0.000 / 0.000         0.000 / 0.000         0.000 / 0.000         0.000 / 0.000       ms
[110.060s][info][gc,stats]    Subphase: Concurrent Classes Unload                     0.000 / 0.000         0.000 / 0.000         0.000 / 0.000         0.000 / 0.000       ms
[110.060s][info][gc,stats]    Subphase: Concurrent Mark                               0.000 / 0.000         0.000 / 0.000         0.000 / 0.000         0.000 / 0.000       ms
[110.060s][info][gc,stats]    Subphase: Concurrent Mark Idle                          0.000 / 0.000         0.000 / 0.000         0.000 / 0.000         0.000 / 0.000       ms
[110.060s][info][gc,stats]    Subphase: Concurrent Mark Try Flush                     0.000 / 0.000         0.000 / 0.000         0.000 / 0.000         0.000 / 0.000       ms
[110.060s][info][gc,stats]    Subphase: Concurrent Mark Try Terminate                 0.000 / 0.000         0.000 / 0.000         0.000 / 0.000         0.000 / 0.000       ms
[110.060s][info][gc,stats]    Subphase: Concurrent References Enqueue                 0.000 / 0.000         0.000 / 0.000         0.000 / 0.000         0.000 / 0.000       ms
[110.060s][info][gc,stats]    Subphase: Concurrent References Process                 0.000 / 0.000         0.000 / 0.000         0.000 / 0.000         0.000 / 0.000       ms
[110.060s][info][gc,stats]    Subphase: Concurrent Roots                              0.000 / 0.000         0.000 / 0.000         0.000 / 0.000         0.000 / 0.000       ms
[110.060s][info][gc,stats]    Subphase: Concurrent Roots ClassLoaderDataGraph         0.000 / 0.000         0.000 / 0.000         0.000 / 0.000         0.000 / 0.000       ms
[110.060s][info][gc,stats]    Subphase: Concurrent Roots JNIHandles                   0.000 / 0.000         0.000 / 0.000         0.000 / 0.000         0.000 / 0.000       ms
[110.060s][info][gc,stats]    Subphase: Concurrent Roots Setup                        0.000 / 0.000         0.000 / 0.000         0.000 / 0.000         0.000 / 0.000       ms
[110.060s][info][gc,stats]    Subphase: Concurrent Roots Teardown                     0.000 / 0.000         0.000 / 0.000         0.000 / 0.000         0.000 / 0.000       ms
[110.060s][info][gc,stats]    Subphase: Concurrent Weak Roots                         0.000 / 0.000         0.000 / 0.000         0.000 / 0.000         0.000 / 0.000       ms
[110.060s][info][gc,stats]    Subphase: Concurrent Weak Roots JNIWeakHandles          0.000 / 0.000         0.000 / 0.000         0.000 / 0.000         0.000 / 0.000       ms
[110.060s][info][gc,stats]    Subphase: Concurrent Weak Roots StringTable             0.000 / 0.000         0.000 / 0.000         0.000 / 0.000         0.000 / 0.000       ms
[110.060s][info][gc,stats]    Subphase: Concurrent Weak Roots VMWeakHandles           0.000 / 0.000         0.000 / 0.000         0.000 / 0.000         0.000 / 0.000       ms
[110.060s][info][gc,stats]    Subphase: Pause Mark Try Complete                       0.000 / 0.000         0.000 / 0.000         0.000 / 0.000         0.000 / 0.000       ms
[110.060s][info][gc,stats]    Subphase: Pause Roots                                   0.000 / 0.000         0.000 / 0.000         0.000 / 0.000         0.000 / 0.000       ms
[110.060s][info][gc,stats]    Subphase: Pause Roots CodeCache                         0.000 / 0.000         0.000 / 0.000         0.000 / 0.000         0.000 / 0.000       ms
[110.060s][info][gc,stats]    Subphase: Pause Roots JVMTIExport                       0.000 / 0.000         0.000 / 0.000         0.000 / 0.000         0.000 / 0.000       ms
[110.060s][info][gc,stats]    Subphase: Pause Roots JVMTIWeakExport                   0.000 / 0.000         0.000 / 0.000         0.000 / 0.000         0.000 / 0.000       ms
[110.060s][info][gc,stats]    Subphase: Pause Roots Management                        0.000 / 0.000         0.000 / 0.000         0.000 / 0.000         0.000 / 0.000       ms
[110.060s][info][gc,stats]    Subphase: Pause Roots ObjectSynchronizer                0.000 / 0.000         0.000 / 0.000         0.000 / 0.000         0.000 / 0.000       ms
[110.060s][info][gc,stats]    Subphase: Pause Roots Setup                             0.000 / 0.000         0.000 / 0.000         0.000 / 0.000         0.000 / 0.000       ms
[110.060s][info][gc,stats]    Subphase: Pause Roots SystemDictionary                  0.000 / 0.000         0.000 / 0.000         0.000 / 0.000         0.000 / 0.000       ms
[110.060s][info][gc,stats]    Subphase: Pause Roots Teardown                          0.000 / 0.000         0.000 / 0.000         0.000 / 0.000         0.000 / 0.000       ms
[110.060s][info][gc,stats]    Subphase: Pause Roots Threads                           0.000 / 0.000         0.000 / 0.000         0.000 / 0.000         0.000 / 0.000       ms
[110.060s][info][gc,stats]    Subphase: Pause Roots Universe                          0.000 / 0.000         0.000 / 0.000         0.000 / 0.000         0.000 / 0.000       ms
[110.060s][info][gc,stats]    Subphase: Pause Weak Roots                              0.000 / 0.000         0.000 / 0.000         0.000 / 0.000         0.000 / 0.000       ms
[110.060s][info][gc,stats]    Subphase: Pause Weak Roots JFRWeak                      0.000 / 0.000         0.000 / 0.000         0.000 / 0.000         0.000 / 0.000       ms
[110.060s][info][gc,stats]    Subphase: Pause Weak Roots JVMTIWeakExport              0.000 / 0.000         0.000 / 0.000         0.000 / 0.000         0.000 / 0.000       ms
[110.060s][info][gc,stats]    Subphase: Pause Weak Roots Setup                        0.000 / 0.000         0.000 / 0.000         0.000 / 0.000         0.000 / 0.000       ms
[110.060s][info][gc,stats]    Subphase: Pause Weak Roots Teardown                     0.000 / 0.000         0.000 / 0.000         0.000 / 0.000         0.000 / 0.000       ms
[110.060s][info][gc,stats]      System: Java Threads                                      0 / 0                 0 / 0                 0 / 0                 0 / 0           threads
[110.060s][info][gc,stats] =========================================================================================================================================================
[120.060s][info][gc,stats] === Garbage Collection Statistics =======================================================================================================================
[120.060s][info][gc,stats]                                                              Last 10s              Last 10m              Last 10h                Total
[120.060s][info][gc,stats]                                                              Avg / Max             Avg / Max             Avg / Max             Avg / Max
[120.060s][info][gc,stats]   Collector: Garbage Collection Cycle                      0.000 / 0.000         0.000 / 0.000         0.000 / 0.000         0.000 / 0.000       ms
[120.060s][info][gc,stats]  Contention: Mark Segment Reset Contention                     0 / 0                 0 / 0                 0 / 0                 0 / 0           ops/s
[120.060s][info][gc,stats]  Contention: Mark SeqNum Reset Contention                      0 / 0                 0 / 0                 0 / 0                 0 / 0           ops/s
[120.060s][info][gc,stats]  Contention: Relocation Contention                             0 / 0                 0 / 0                 0 / 0                 0 / 0           ops/s
[120.060s][info][gc,stats]    Critical: Allocation Stall                              0.000 / 0.000         0.000 / 0.000         0.000 / 0.000         0.000 / 0.000       ms
[120.060s][info][gc,stats]    Critical: Allocation Stall                                  0 / 0                 0 / 0                 0 / 0                 0 / 0           ops/s
[120.060s][info][gc,stats]    Critical: GC Locker Stall                               0.000 / 0.000         0.000 / 0.000         0.000 / 0.000         0.000 / 0.000       ms
[120.060s][info][gc,stats]    Critical: GC Locker Stall                                   0 / 0                 0 / 0                 0 / 0                 0 / 0           ops/s
[120.060s][info][gc,stats]      Memory: Allocation Rate                                   5 / 6                18 / 486              18 / 486              18 / 486         MB/s
[120.060s][info][gc,stats]      Memory: Heap Used After Mark                              0 / 0                 0 / 0                 0 / 0                 0 / 0           MB
[120.060s][info][gc,stats]      Memory: Heap Used After Relocation                        0 / 0                 0 / 0                 0 / 0                 0 / 0           MB
[120.060s][info][gc,stats]      Memory: Heap Used Before Mark                             0 / 0                 0 / 0                 0 / 0                 0 / 0           MB
[120.060s][info][gc,stats]      Memory: Heap Used Before Relocation                       0 / 0                 0 / 0                 0 / 0                 0 / 0           MB
[120.060s][info][gc,stats]      Memory: Out Of Memory                                     0 / 0                 0 / 0                 0 / 0                 0 / 0           ops/s
[120.060s][info][gc,stats]      Memory: Page Cache Flush                                  0 / 0                 0 / 0                 0 / 0                 0 / 0           MB/s
[120.060s][info][gc,stats]      Memory: Page Cache Hit L1                                 0 / 0                 0 / 36                0 / 36                0 / 36          ops/s
[120.060s][info][gc,stats]      Memory: Page Cache Hit L2                                 0 / 0                 0 / 30                0 / 30                0 / 30          ops/s
[120.060s][info][gc,stats]      Memory: Page Cache Miss                                   2 / 3                 8 / 240               8 / 240               8 / 240         ops/s
[120.060s][info][gc,stats]      Memory: Undo Object Allocation Failed                     0 / 0                 0 / 0                 0 / 0                 0 / 0           ops/s
[120.060s][info][gc,stats]      Memory: Undo Object Allocation Succeeded                  0 / 0                 0 / 0                 0 / 0                 0 / 0           ops/s
[120.060s][info][gc,stats]      Memory: Undo Page Allocation                              0 / 0                 0 / 66                0 / 66                0 / 66          ops/s
[120.060s][info][gc,stats]       Phase: Concurrent Destroy Detached Pages             0.000 / 0.000         0.000 / 0.000         0.000 / 0.000         0.000 / 0.000       ms
[120.060s][info][gc,stats]       Phase: Concurrent Mark                               0.000 / 0.000         0.000 / 0.000         0.000 / 0.000         0.000 / 0.000       ms
[120.060s][info][gc,stats]       Phase: Concurrent Mark Continue                      0.000 / 0.000         0.000 / 0.000         0.000 / 0.000         0.000 / 0.000       ms
[120.060s][info][gc,stats]       Phase: Concurrent Prepare Relocation Set             0.000 / 0.000         0.000 / 0.000         0.000 / 0.000         0.000 / 0.000       ms
[120.060s][info][gc,stats]       Phase: Concurrent Process Non-Strong References      0.000 / 0.000         0.000 / 0.000         0.000 / 0.000         0.000 / 0.000       ms
[120.060s][info][gc,stats]       Phase: Concurrent Relocate                           0.000 / 0.000         0.000 / 0.000         0.000 / 0.000         0.000 / 0.000       ms
[120.060s][info][gc,stats]       Phase: Concurrent Reset Relocation Set               0.000 / 0.000         0.000 / 0.000         0.000 / 0.000         0.000 / 0.000       ms
[120.060s][info][gc,stats]       Phase: Concurrent Select Relocation Set              0.000 / 0.000         0.000 / 0.000         0.000 / 0.000         0.000 / 0.000       ms
[120.060s][info][gc,stats]       Phase: Pause Mark End                                0.000 / 0.000         0.000 / 0.000         0.000 / 0.000         0.000 / 0.000       ms
[120.060s][info][gc,stats]       Phase: Pause Mark Start                              0.000 / 0.000         0.000 / 0.000         0.000 / 0.000         0.000 / 0.000       ms
[120.060s][info][gc,stats]       Phase: Pause Relocate Start                          0.000 / 0.000         0.000 / 0.000         0.000 / 0.000         0.000 / 0.000       ms
[120.060s][info][gc,stats]       Phase: Pause Verify                                  0.000 / 0.000         0.000 / 0.000         0.000 / 0.000         0.000 / 0.000       ms
[120.060s][info][gc,stats]    Subphase: Concurrent Classes Unload                     0.000 / 0.000         0.000 / 0.000         0.000 / 0.000         0.000 / 0.000       ms
[120.060s][info][gc,stats]    Subphase: Concurrent Mark                               0.000 / 0.000         0.000 / 0.000         0.000 / 0.000         0.000 / 0.000       ms
[120.060s][info][gc,stats]    Subphase: Concurrent Mark Idle                          0.000 / 0.000         0.000 / 0.000         0.000 / 0.000         0.000 / 0.000       ms
[120.060s][info][gc,stats]    Subphase: Concurrent Mark Try Flush                     0.000 / 0.000         0.000 / 0.000         0.000 / 0.000         0.000 / 0.000       ms
[120.060s][info][gc,stats]    Subphase: Concurrent Mark Try Terminate                 0.000 / 0.000         0.000 / 0.000         0.000 / 0.000         0.000 / 0.000       ms
[120.060s][info][gc,stats]    Subphase: Concurrent References Enqueue                 0.000 / 0.000         0.000 / 0.000         0.000 / 0.000         0.000 / 0.000       ms
[120.060s][info][gc,stats]    Subphase: Concurrent References Process                 0.000 / 0.000         0.000 / 0.000         0.000 / 0.000         0.000 / 0.000       ms
[120.060s][info][gc,stats]    Subphase: Concurrent Roots                              0.000 / 0.000         0.000 / 0.000         0.000 / 0.000         0.000 / 0.000       ms
[120.060s][info][gc,stats]    Subphase: Concurrent Roots ClassLoaderDataGraph         0.000 / 0.000         0.000 / 0.000         0.000 / 0.000         0.000 / 0.000       ms
[120.060s][info][gc,stats]    Subphase: Concurrent Roots JNIHandles                   0.000 / 0.000         0.000 / 0.000         0.000 / 0.000         0.000 / 0.000       ms
[120.060s][info][gc,stats]    Subphase: Concurrent Roots Setup                        0.000 / 0.000         0.000 / 0.000         0.000 / 0.000         0.000 / 0.000       ms
[120.060s][info][gc,stats]    Subphase: Concurrent Roots Teardown                     0.000 / 0.000         0.000 / 0.000         0.000 / 0.000         0.000 / 0.000       ms
[120.060s][info][gc,stats]    Subphase: Concurrent Weak Roots                         0.000 / 0.000         0.000 / 0.000         0.000 / 0.000         0.000 / 0.000       ms
[120.060s][info][gc,stats]    Subphase: Concurrent Weak Roots JNIWeakHandles          0.000 / 0.000         0.000 / 0.000         0.000 / 0.000         0.000 / 0.000       ms
[120.060s][info][gc,stats]    Subphase: Concurrent Weak Roots StringTable             0.000 / 0.000         0.000 / 0.000         0.000 / 0.000         0.000 / 0.000       ms
[120.060s][info][gc,stats]    Subphase: Concurrent Weak Roots VMWeakHandles           0.000 / 0.000         0.000 / 0.000         0.000 / 0.000         0.000 / 0.000       ms
[120.060s][info][gc,stats]    Subphase: Pause Mark Try Complete                       0.000 / 0.000         0.000 / 0.000         0.000 / 0.000         0.000 / 0.000       ms
[120.060s][info][gc,stats]    Subphase: Pause Roots                                   0.000 / 0.000         0.000 / 0.000         0.000 / 0.000         0.000 / 0.000       ms
[120.060s][info][gc,stats]    Subphase: Pause Roots CodeCache                         0.000 / 0.000         0.000 / 0.000         0.000 / 0.000         0.000 / 0.000       ms
[120.060s][info][gc,stats]    Subphase: Pause Roots JVMTIExport                       0.000 / 0.000         0.000 / 0.000         0.000 / 0.000         0.000 / 0.000       ms
[120.060s][info][gc,stats]    Subphase: Pause Roots JVMTIWeakExport                   0.000 / 0.000         0.000 / 0.000         0.000 / 0.000         0.000 / 0.000       ms
[120.060s][info][gc,stats]    Subphase: Pause Roots Management                        0.000 / 0.000         0.000 / 0.000         0.000 / 0.000         0.000 / 0.000       ms
[120.060s][info][gc,stats]    Subphase: Pause Roots ObjectSynchronizer                0.000 / 0.000         0.000 / 0.000         0.000 / 0.000         0.000 / 0.000       ms
[120.060s][info][gc,stats]    Subphase: Pause Roots Setup                             0.000 / 0.000         0.000 / 0.000         0.000 / 0.000         0.000 / 0.000       ms
[120.060s][info][gc,stats]    Subphase: Pause Roots SystemDictionary                  0.000 / 0.000         0.000 / 0.000         0.000 / 0.000         0.000 / 0.000       ms
[120.060s][info][gc,stats]    Subphase: Pause Roots Teardown                          0.000 / 0.000         0.000 / 0.000         0.000 / 0.000         0.000 / 0.000       ms
[120.060s][info][gc,stats]    Subphase: Pause Roots Threads                           0.000 / 0.000         0.000 / 0.000         0.000 / 0.000         0.000 / 0.000       ms
[120.060s][info][gc,stats]    Subphase: Pause Roots Universe                          0.000 / 0.000         0.000 / 0.000         0.000 / 0.000         0.000 / 0.000       ms
[120.060s][info][gc,stats]    Subphase: Pause Weak Roots                              0.000 / 0.000         0.000 / 0.000         0.000 / 0.000         0.000 / 0.000       ms
[120.060s][info][gc,stats]    Subphase: Pause Weak Roots JFRWeak                      0.000 / 0.000         0.000 / 0.000         0.000 / 0.000         0.000 / 0.000       ms
[120.060s][info][gc,stats]    Subphase: Pause Weak Roots JVMTIWeakExport              0.000 / 0.000         0.000 / 0.000         0.000 / 0.000         0.000 / 0.000       ms
[120.060s][info][gc,stats]    Subphase: Pause Weak Roots Setup                        0.000 / 0.000         0.000 / 0.000         0.000 / 0.000         0.000 / 0.000       ms
[120.061s][info][gc,stats]    Subphase: Pause Weak Roots Teardown                     0.000 / 0.000         0.000 / 0.000         0.000 / 0.000         0.000 / 0.000       ms
[120.061s][info][gc,stats]      System: Java Threads                                      0 / 0                 0 / 0                 0 / 0                 0 / 0           threads
[120.061s][info][gc,stats] =========================================================================================================================================================
[130.060s][info][gc,stats] === Garbage Collection Statistics =======================================================================================================================
[130.060s][info][gc,stats]                                                              Last 10s              Last 10m              Last 10h                Total
[130.060s][info][gc,stats]                                                              Avg / Max             Avg / Max             Avg / Max             Avg / Max
[130.060s][info][gc,stats]   Collector: Garbage Collection Cycle                      0.000 / 0.000         0.000 / 0.000         0.000 / 0.000         0.000 / 0.000       ms
[130.060s][info][gc,stats]  Contention: Mark Segment Reset Contention                     0 / 0                 0 / 0                 0 / 0                 0 / 0           ops/s
[130.060s][info][gc,stats]  Contention: Mark SeqNum Reset Contention                      0 / 0                 0 / 0                 0 / 0                 0 / 0           ops/s
[130.060s][info][gc,stats]  Contention: Relocation Contention                             0 / 0                 0 / 0                 0 / 0                 0 / 0           ops/s
[130.060s][info][gc,stats]    Critical: Allocation Stall                              0.000 / 0.000         0.000 / 0.000         0.000 / 0.000         0.000 / 0.000       ms
[130.060s][info][gc,stats]    Critical: Allocation Stall                                  0 / 0                 0 / 0                 0 / 0                 0 / 0           ops/s
[130.060s][info][gc,stats]    Critical: GC Locker Stall                               0.000 / 0.000         0.000 / 0.000         0.000 / 0.000         0.000 / 0.000       ms
[130.060s][info][gc,stats]    Critical: GC Locker Stall                                   0 / 0                 0 / 0                 0 / 0                 0 / 0           ops/s
[130.060s][info][gc,stats]      Memory: Allocation Rate                                   5 / 6                17 / 486              17 / 486              17 / 486         MB/s
[130.060s][info][gc,stats]      Memory: Heap Used After Mark                              0 / 0                 0 / 0                 0 / 0                 0 / 0           MB
[130.060s][info][gc,stats]      Memory: Heap Used After Relocation                        0 / 0                 0 / 0                 0 / 0                 0 / 0           MB
[130.060s][info][gc,stats]      Memory: Heap Used Before Mark                             0 / 0                 0 / 0                 0 / 0                 0 / 0           MB
[130.060s][info][gc,stats]      Memory: Heap Used Before Relocation                       0 / 0                 0 / 0                 0 / 0                 0 / 0           MB
[130.060s][info][gc,stats]      Memory: Out Of Memory                                     0 / 0                 0 / 0                 0 / 0                 0 / 0           ops/s
[130.060s][info][gc,stats]      Memory: Page Cache Flush                                  0 / 0                 0 / 0                 0 / 0                 0 / 0           MB/s
[130.060s][info][gc,stats]      Memory: Page Cache Hit L1                                 0 / 0                 0 / 36                0 / 36                0 / 36          ops/s
[130.060s][info][gc,stats]      Memory: Page Cache Hit L2                                 0 / 0                 0 / 30                0 / 30                0 / 30          ops/s
[130.060s][info][gc,stats]      Memory: Page Cache Miss                                   2 / 3                 8 / 240               8 / 240               8 / 240         ops/s
[130.060s][info][gc,stats]      Memory: Undo Object Allocation Failed                     0 / 0                 0 / 0                 0 / 0                 0 / 0           ops/s
[130.060s][info][gc,stats]      Memory: Undo Object Allocation Succeeded                  0 / 0                 0 / 0                 0 / 0                 0 / 0           ops/s
[130.060s][info][gc,stats]      Memory: Undo Page Allocation                              0 / 0                 0 / 66                0 / 66                0 / 66          ops/s
[130.060s][info][gc,stats]       Phase: Concurrent Destroy Detached Pages             0.000 / 0.000         0.000 / 0.000         0.000 / 0.000         0.000 / 0.000       ms
[130.060s][info][gc,stats]       Phase: Concurrent Mark                               0.000 / 0.000         0.000 / 0.000         0.000 / 0.000         0.000 / 0.000       ms
[130.060s][info][gc,stats]       Phase: Concurrent Mark Continue                      0.000 / 0.000         0.000 / 0.000         0.000 / 0.000         0.000 / 0.000       ms
[130.060s][info][gc,stats]       Phase: Concurrent Prepare Relocation Set             0.000 / 0.000         0.000 / 0.000         0.000 / 0.000         0.000 / 0.000       ms
[130.060s][info][gc,stats]       Phase: Concurrent Process Non-Strong References      0.000 / 0.000         0.000 / 0.000         0.000 / 0.000         0.000 / 0.000       ms
[130.060s][info][gc,stats]       Phase: Concurrent Relocate                           0.000 / 0.000         0.000 / 0.000         0.000 / 0.000         0.000 / 0.000       ms
[130.060s][info][gc,stats]       Phase: Concurrent Reset Relocation Set               0.000 / 0.000         0.000 / 0.000         0.000 / 0.000         0.000 / 0.000       ms
[130.060s][info][gc,stats]       Phase: Concurrent Select Relocation Set              0.000 / 0.000         0.000 / 0.000         0.000 / 0.000         0.000 / 0.000       ms
[130.060s][info][gc,stats]       Phase: Pause Mark End                                0.000 / 0.000         0.000 / 0.000         0.000 / 0.000         0.000 / 0.000       ms
[130.060s][info][gc,stats]       Phase: Pause Mark Start                              0.000 / 0.000         0.000 / 0.000         0.000 / 0.000         0.000 / 0.000       ms
[130.060s][info][gc,stats]       Phase: Pause Relocate Start                          0.000 / 0.000         0.000 / 0.000         0.000 / 0.000         0.000 / 0.000       ms
[130.060s][info][gc,stats]       Phase: Pause Verify                                  0.000 / 0.000         0.000 / 0.000         0.000 / 0.000         0.000 / 0.000       ms
[130.060s][info][gc,stats]    Subphase: Concurrent Classes Unload                     0.000 / 0.000         0.000 / 0.000         0.000 / 0.000         0.000 / 0.000       ms
[130.060s][info][gc,stats]    Subphase: Concurrent Mark                               0.000 / 0.000         0.000 / 0.000         0.000 / 0.000         0.000 / 0.000       ms
[130.060s][info][gc,stats]    Subphase: Concurrent Mark Idle                          0.000 / 0.000         0.000 / 0.000         0.000 / 0.000         0.000 / 0.000       ms
[130.060s][info][gc,stats]    Subphase: Concurrent Mark Try Flush                     0.000 / 0.000         0.000 / 0.000         0.000 / 0.000         0.000 / 0.000       ms
[130.060s][info][gc,stats]    Subphase: Concurrent Mark Try Terminate                 0.000 / 0.000         0.000 / 0.000         0.000 / 0.000         0.000 / 0.000       ms
[130.060s][info][gc,stats]    Subphase: Concurrent References Enqueue                 0.000 / 0.000         0.000 / 0.000         0.000 / 0.000         0.000 / 0.000       ms
[130.060s][info][gc,stats]    Subphase: Concurrent References Process                 0.000 / 0.000         0.000 / 0.000         0.000 / 0.000         0.000 / 0.000       ms
[130.060s][info][gc,stats]    Subphase: Concurrent Roots                              0.000 / 0.000         0.000 / 0.000         0.000 / 0.000         0.000 / 0.000       ms
[130.060s][info][gc,stats]    Subphase: Concurrent Roots ClassLoaderDataGraph         0.000 / 0.000         0.000 / 0.000         0.000 / 0.000         0.000 / 0.000       ms
[130.060s][info][gc,stats]    Subphase: Concurrent Roots JNIHandles                   0.000 / 0.000         0.000 / 0.000         0.000 / 0.000         0.000 / 0.000       ms
[130.060s][info][gc,stats]    Subphase: Concurrent Roots Setup                        0.000 / 0.000         0.000 / 0.000         0.000 / 0.000         0.000 / 0.000       ms
[130.060s][info][gc,stats]    Subphase: Concurrent Roots Teardown                     0.000 / 0.000         0.000 / 0.000         0.000 / 0.000         0.000 / 0.000       ms
[130.060s][info][gc,stats]    Subphase: Concurrent Weak Roots                         0.000 / 0.000         0.000 / 0.000         0.000 / 0.000         0.000 / 0.000       ms
[130.060s][info][gc,stats]    Subphase: Concurrent Weak Roots JNIWeakHandles          0.000 / 0.000         0.000 / 0.000         0.000 / 0.000         0.000 / 0.000       ms
[130.060s][info][gc,stats]    Subphase: Concurrent Weak Roots StringTable             0.000 / 0.000         0.000 / 0.000         0.000 / 0.000         0.000 / 0.000       ms
[130.060s][info][gc,stats]    Subphase: Concurrent Weak Roots VMWeakHandles           0.000 / 0.000         0.000 / 0.000         0.000 / 0.000         0.000 / 0.000       ms
[130.060s][info][gc,stats]    Subphase: Pause Mark Try Complete                       0.000 / 0.000         0.000 / 0.000         0.000 / 0.000         0.000 / 0.000       ms
[130.060s][info][gc,stats]    Subphase: Pause Roots                                   0.000 / 0.000         0.000 / 0.000         0.000 / 0.000         0.000 / 0.000       ms
[130.060s][info][gc,stats]    Subphase: Pause Roots CodeCache                         0.000 / 0.000         0.000 / 0.000         0.000 / 0.000         0.000 / 0.000       ms
[130.060s][info][gc,stats]    Subphase: Pause Roots JVMTIExport                       0.000 / 0.000         0.000 / 0.000         0.000 / 0.000         0.000 / 0.000       ms
[130.060s][info][gc,stats]    Subphase: Pause Roots JVMTIWeakExport                   0.000 / 0.000         0.000 / 0.000         0.000 / 0.000         0.000 / 0.000       ms
[130.060s][info][gc,stats]    Subphase: Pause Roots Management                        0.000 / 0.000         0.000 / 0.000         0.000 / 0.000         0.000 / 0.000       ms
[130.060s][info][gc,stats]    Subphase: Pause Roots ObjectSynchronizer                0.000 / 0.000         0.000 / 0.000         0.000 / 0.000         0.000 / 0.000       ms
[130.060s][info][gc,stats]    Subphase: Pause Roots Setup                             0.000 / 0.000         0.000 / 0.000         0.000 / 0.000         0.000 / 0.000       ms
[130.060s][info][gc,stats]    Subphase: Pause Roots SystemDictionary                  0.000 / 0.000         0.000 / 0.000         0.000 / 0.000         0.000 / 0.000       ms
[130.060s][info][gc,stats]    Subphase: Pause Roots Teardown                          0.000 / 0.000         0.000 / 0.000         0.000 / 0.000         0.000 / 0.000       ms
[130.060s][info][gc,stats]    Subphase: Pause Roots Threads                           0.000 / 0.000         0.000 / 0.000         0.000 / 0.000         0.000 / 0.000       ms
[130.060s][info][gc,stats]    Subphase: Pause Roots Universe                          0.000 / 0.000         0.000 / 0.000         0.000 / 0.000         0.000 / 0.000       ms
[130.060s][info][gc,stats]    Subphase: Pause Weak Roots                              0.000 / 0.000         0.000 / 0.000         0.000 / 0.000         0.000 / 0.000       ms
[130.060s][info][gc,stats]    Subphase: Pause Weak Roots JFRWeak                      0.000 / 0.000         0.000 / 0.000         0.000 / 0.000         0.000 / 0.000       ms
[130.060s][info][gc,stats]    Subphase: Pause Weak Roots JVMTIWeakExport              0.000 / 0.000         0.000 / 0.000         0.000 / 0.000         0.000 / 0.000       ms
[130.060s][info][gc,stats]    Subphase: Pause Weak Roots Setup                        0.000 / 0.000         0.000 / 0.000         0.000 / 0.000         0.000 / 0.000       ms
[130.060s][info][gc,stats]    Subphase: Pause Weak Roots Teardown                     0.000 / 0.000         0.000 / 0.000         0.000 / 0.000         0.000 / 0.000       ms
[130.060s][info][gc,stats]      System: Java Threads                                      0 / 0                 0 / 0                 0 / 0                 0 / 0           threads
[130.060s][info][gc,stats] =========================================================================================================================================================
[140.059s][info][gc,stats] === Garbage Collection Statistics =======================================================================================================================
[140.059s][info][gc,stats]                                                              Last 10s              Last 10m              Last 10h                Total
[140.059s][info][gc,stats]                                                              Avg / Max             Avg / Max             Avg / Max             Avg / Max
[140.059s][info][gc,stats]   Collector: Garbage Collection Cycle                      0.000 / 0.000         0.000 / 0.000         0.000 / 0.000         0.000 / 0.000       ms
[140.059s][info][gc,stats]  Contention: Mark Segment Reset Contention                     0 / 0                 0 / 0                 0 / 0                 0 / 0           ops/s
[140.059s][info][gc,stats]  Contention: Mark SeqNum Reset Contention                      0 / 0                 0 / 0                 0 / 0                 0 / 0           ops/s
[140.059s][info][gc,stats]  Contention: Relocation Contention                             0 / 0                 0 / 0                 0 / 0                 0 / 0           ops/s
[140.059s][info][gc,stats]    Critical: Allocation Stall                              0.000 / 0.000         0.000 / 0.000         0.000 / 0.000         0.000 / 0.000       ms
[140.059s][info][gc,stats]    Critical: Allocation Stall                                  0 / 0                 0 / 0                 0 / 0                 0 / 0           ops/s
[140.059s][info][gc,stats]    Critical: GC Locker Stall                               0.000 / 0.000         0.000 / 0.000         0.000 / 0.000         0.000 / 0.000       ms
[140.059s][info][gc,stats]    Critical: GC Locker Stall                                   0 / 0                 0 / 0                 0 / 0                 0 / 0           ops/s
[140.059s][info][gc,stats]      Memory: Allocation Rate                                   6 / 16               17 / 486              17 / 486              17 / 486         MB/s
[140.059s][info][gc,stats]      Memory: Heap Used After Mark                              0 / 0                 0 / 0                 0 / 0                 0 / 0           MB
[140.059s][info][gc,stats]      Memory: Heap Used After Relocation                        0 / 0                 0 / 0                 0 / 0                 0 / 0           MB
[140.059s][info][gc,stats]      Memory: Heap Used Before Mark                             0 / 0                 0 / 0                 0 / 0                 0 / 0           MB
[140.059s][info][gc,stats]      Memory: Heap Used Before Relocation                       0 / 0                 0 / 0                 0 / 0                 0 / 0           MB
[140.059s][info][gc,stats]      Memory: Out Of Memory                                     0 / 0                 0 / 0                 0 / 0                 0 / 0           ops/s
[140.059s][info][gc,stats]      Memory: Page Cache Flush                                  0 / 0                 0 / 0                 0 / 0                 0 / 0           MB/s
[140.059s][info][gc,stats]      Memory: Page Cache Hit L1                                 0 / 0                 0 / 36                0 / 36                0 / 36          ops/s
[140.059s][info][gc,stats]      Memory: Page Cache Hit L2                                 0 / 0                 0 / 30                0 / 30                0 / 30          ops/s
[140.059s][info][gc,stats]      Memory: Page Cache Miss                                   2 / 4                 7 / 240               7 / 240               7 / 240         ops/s
[140.059s][info][gc,stats]      Memory: Undo Object Allocation Failed                     0 / 0                 0 / 0                 0 / 0                 0 / 0           ops/s
[140.059s][info][gc,stats]      Memory: Undo Object Allocation Succeeded                  0 / 0                 0 / 0                 0 / 0                 0 / 0           ops/s
[140.059s][info][gc,stats]      Memory: Undo Page Allocation                              0 / 0                 0 / 66                0 / 66                0 / 66          ops/s
[140.059s][info][gc,stats]       Phase: Concurrent Destroy Detached Pages             0.000 / 0.000         0.000 / 0.000         0.000 / 0.000         0.000 / 0.000       ms
[140.059s][info][gc,stats]       Phase: Concurrent Mark                               0.000 / 0.000         0.000 / 0.000         0.000 / 0.000         0.000 / 0.000       ms
[140.060s][info][gc,stats]       Phase: Concurrent Mark Continue                      0.000 / 0.000         0.000 / 0.000         0.000 / 0.000         0.000 / 0.000       ms
[140.060s][info][gc,stats]       Phase: Concurrent Prepare Relocation Set             0.000 / 0.000         0.000 / 0.000         0.000 / 0.000         0.000 / 0.000       ms
[140.060s][info][gc,stats]       Phase: Concurrent Process Non-Strong References      0.000 / 0.000         0.000 / 0.000         0.000 / 0.000         0.000 / 0.000       ms
[140.060s][info][gc,stats]       Phase: Concurrent Relocate                           0.000 / 0.000         0.000 / 0.000         0.000 / 0.000         0.000 / 0.000       ms
[140.060s][info][gc,stats]       Phase: Concurrent Reset Relocation Set               0.000 / 0.000         0.000 / 0.000         0.000 / 0.000         0.000 / 0.000       ms
[140.060s][info][gc,stats]       Phase: Concurrent Select Relocation Set              0.000 / 0.000         0.000 / 0.000         0.000 / 0.000         0.000 / 0.000       ms
[140.060s][info][gc,stats]       Phase: Pause Mark End                                0.000 / 0.000         0.000 / 0.000         0.000 / 0.000         0.000 / 0.000       ms
[140.060s][info][gc,stats]       Phase: Pause Mark Start                              0.000 / 0.000         0.000 / 0.000         0.000 / 0.000         0.000 / 0.000       ms
[140.060s][info][gc,stats]       Phase: Pause Relocate Start                          0.000 / 0.000         0.000 / 0.000         0.000 / 0.000         0.000 / 0.000       ms
[140.060s][info][gc,stats]       Phase: Pause Verify                                  0.000 / 0.000         0.000 / 0.000         0.000 / 0.000         0.000 / 0.000       ms
[140.060s][info][gc,stats]    Subphase: Concurrent Classes Unload                     0.000 / 0.000         0.000 / 0.000         0.000 / 0.000         0.000 / 0.000       ms
[140.060s][info][gc,stats]    Subphase: Concurrent Mark                               0.000 / 0.000         0.000 / 0.000         0.000 / 0.000         0.000 / 0.000       ms
[140.060s][info][gc,stats]    Subphase: Concurrent Mark Idle                          0.000 / 0.000         0.000 / 0.000         0.000 / 0.000         0.000 / 0.000       ms
[140.060s][info][gc,stats]    Subphase: Concurrent Mark Try Flush                     0.000 / 0.000         0.000 / 0.000         0.000 / 0.000         0.000 / 0.000       ms
[140.060s][info][gc,stats]    Subphase: Concurrent Mark Try Terminate                 0.000 / 0.000         0.000 / 0.000         0.000 / 0.000         0.000 / 0.000       ms
[140.060s][info][gc,stats]    Subphase: Concurrent References Enqueue                 0.000 / 0.000         0.000 / 0.000         0.000 / 0.000         0.000 / 0.000       ms
[140.060s][info][gc,stats]    Subphase: Concurrent References Process                 0.000 / 0.000         0.000 / 0.000         0.000 / 0.000         0.000 / 0.000       ms
[140.060s][info][gc,stats]    Subphase: Concurrent Roots                              0.000 / 0.000         0.000 / 0.000         0.000 / 0.000         0.000 / 0.000       ms
[140.060s][info][gc,stats]    Subphase: Concurrent Roots ClassLoaderDataGraph         0.000 / 0.000         0.000 / 0.000         0.000 / 0.000         0.000 / 0.000       ms
[140.060s][info][gc,stats]    Subphase: Concurrent Roots JNIHandles                   0.000 / 0.000         0.000 / 0.000         0.000 / 0.000         0.000 / 0.000       ms
[140.060s][info][gc,stats]    Subphase: Concurrent Roots Setup                        0.000 / 0.000         0.000 / 0.000         0.000 / 0.000         0.000 / 0.000       ms
[140.060s][info][gc,stats]    Subphase: Concurrent Roots Teardown                     0.000 / 0.000         0.000 / 0.000         0.000 / 0.000         0.000 / 0.000       ms
[140.060s][info][gc,stats]    Subphase: Concurrent Weak Roots                         0.000 / 0.000         0.000 / 0.000         0.000 / 0.000         0.000 / 0.000       ms
[140.060s][info][gc,stats]    Subphase: Concurrent Weak Roots JNIWeakHandles          0.000 / 0.000         0.000 / 0.000         0.000 / 0.000         0.000 / 0.000       ms
[140.060s][info][gc,stats]    Subphase: Concurrent Weak Roots StringTable             0.000 / 0.000         0.000 / 0.000         0.000 / 0.000         0.000 / 0.000       ms
[140.060s][info][gc,stats]    Subphase: Concurrent Weak Roots VMWeakHandles           0.000 / 0.000         0.000 / 0.000         0.000 / 0.000         0.000 / 0.000       ms
[140.060s][info][gc,stats]    Subphase: Pause Mark Try Complete                       0.000 / 0.000         0.000 / 0.000         0.000 / 0.000         0.000 / 0.000       ms
[140.060s][info][gc,stats]    Subphase: Pause Roots                                   0.000 / 0.000         0.000 / 0.000         0.000 / 0.000         0.000 / 0.000       ms
[140.060s][info][gc,stats]    Subphase: Pause Roots CodeCache                         0.000 / 0.000         0.000 / 0.000         0.000 / 0.000         0.000 / 0.000       ms
[140.060s][info][gc,stats]    Subphase: Pause Roots JVMTIExport                       0.000 / 0.000         0.000 / 0.000         0.000 / 0.000         0.000 / 0.000       ms
[140.060s][info][gc,stats]    Subphase: Pause Roots JVMTIWeakExport                   0.000 / 0.000         0.000 / 0.000         0.000 / 0.000         0.000 / 0.000       ms
[140.060s][info][gc,stats]    Subphase: Pause Roots Management                        0.000 / 0.000         0.000 / 0.000         0.000 / 0.000         0.000 / 0.000       ms
[140.060s][info][gc,stats]    Subphase: Pause Roots ObjectSynchronizer                0.000 / 0.000         0.000 / 0.000         0.000 / 0.000         0.000 / 0.000       ms
[140.060s][info][gc,stats]    Subphase: Pause Roots Setup                             0.000 / 0.000         0.000 / 0.000         0.000 / 0.000         0.000 / 0.000       ms
[140.060s][info][gc,stats]    Subphase: Pause Roots SystemDictionary                  0.000 / 0.000         0.000 / 0.000         0.000 / 0.000         0.000 / 0.000       ms
[140.060s][info][gc,stats]    Subphase: Pause Roots Teardown                          0.000 / 0.000         0.000 / 0.000         0.000 / 0.000         0.000 / 0.000       ms
[140.060s][info][gc,stats]    Subphase: Pause Roots Threads                           0.000 / 0.000         0.000 / 0.000         0.000 / 0.000         0.000 / 0.000       ms
[140.060s][info][gc,stats]    Subphase: Pause Roots Universe                          0.000 / 0.000         0.000 / 0.000         0.000 / 0.000         0.000 / 0.000       ms
[140.060s][info][gc,stats]    Subphase: Pause Weak Roots                              0.000 / 0.000         0.000 / 0.000         0.000 / 0.000         0.000 / 0.000       ms
[140.060s][info][gc,stats]    Subphase: Pause Weak Roots JFRWeak                      0.000 / 0.000         0.000 / 0.000         0.000 / 0.000         0.000 / 0.000       ms
[140.060s][info][gc,stats]    Subphase: Pause Weak Roots JVMTIWeakExport              0.000 / 0.000         0.000 / 0.000         0.000 / 0.000         0.000 / 0.000       ms
[140.060s][info][gc,stats]    Subphase: Pause Weak Roots Setup                        0.000 / 0.000         0.000 / 0.000         0.000 / 0.000         0.000 / 0.000       ms
[140.060s][info][gc,stats]    Subphase: Pause Weak Roots Teardown                     0.000 / 0.000         0.000 / 0.000         0.000 / 0.000         0.000 / 0.000       ms
[140.060s][info][gc,stats]      System: Java Threads                                      0 / 0                 0 / 0                 0 / 0                 0 / 0           threads
[140.060s][info][gc,stats] =========================================================================================================================================================
[150.060s][info][gc,stats] === Garbage Collection Statistics =======================================================================================================================
[150.060s][info][gc,stats]                                                              Last 10s              Last 10m              Last 10h                Total
[150.060s][info][gc,stats]                                                              Avg / Max             Avg / Max             Avg / Max             Avg / Max
[150.060s][info][gc,stats]   Collector: Garbage Collection Cycle                      0.000 / 0.000         0.000 / 0.000         0.000 / 0.000         0.000 / 0.000       ms
[150.060s][info][gc,stats]  Contention: Mark Segment Reset Contention                     0 / 0                 0 / 0                 0 / 0                 0 / 0           ops/s
[150.060s][info][gc,stats]  Contention: Mark SeqNum Reset Contention                      0 / 0                 0 / 0                 0 / 0                 0 / 0           ops/s
[150.060s][info][gc,stats]  Contention: Relocation Contention                             0 / 0                 0 / 0                 0 / 0                 0 / 0           ops/s
[150.060s][info][gc,stats]    Critical: Allocation Stall                              0.000 / 0.000         0.000 / 0.000         0.000 / 0.000         0.000 / 0.000       ms
[150.060s][info][gc,stats]    Critical: Allocation Stall                                  0 / 0                 0 / 0                 0 / 0                 0 / 0           ops/s
[150.060s][info][gc,stats]    Critical: GC Locker Stall                               0.000 / 0.000         0.000 / 0.000         0.000 / 0.000         0.000 / 0.000       ms
[150.060s][info][gc,stats]    Critical: GC Locker Stall                                   0 / 0                 0 / 0                 0 / 0                 0 / 0           ops/s
[150.060s][info][gc,stats]      Memory: Allocation Rate                                   5 / 8                16 / 486              16 / 486              16 / 486         MB/s
[150.060s][info][gc,stats]      Memory: Heap Used After Mark                              0 / 0                 0 / 0                 0 / 0                 0 / 0           MB
[150.060s][info][gc,stats]      Memory: Heap Used After Relocation                        0 / 0                 0 / 0                 0 / 0                 0 / 0           MB
[150.060s][info][gc,stats]      Memory: Heap Used Before Mark                             0 / 0                 0 / 0                 0 / 0                 0 / 0           MB
[150.060s][info][gc,stats]      Memory: Heap Used Before Relocation                       0 / 0                 0 / 0                 0 / 0                 0 / 0           MB
[150.060s][info][gc,stats]      Memory: Out Of Memory                                     0 / 0                 0 / 0                 0 / 0                 0 / 0           ops/s
[150.060s][info][gc,stats]      Memory: Page Cache Flush                                  0 / 0                 0 / 0                 0 / 0                 0 / 0           MB/s
[150.060s][info][gc,stats]      Memory: Page Cache Hit L1                                 0 / 0                 0 / 36                0 / 36                0 / 36          ops/s
[150.060s][info][gc,stats]      Memory: Page Cache Hit L2                                 0 / 0                 0 / 30                0 / 30                0 / 30          ops/s
[150.060s][info][gc,stats]      Memory: Page Cache Miss                                   2 / 4                 7 / 240               7 / 240               7 / 240         ops/s
[150.060s][info][gc,stats]      Memory: Undo Object Allocation Failed                     0 / 0                 0 / 0                 0 / 0                 0 / 0           ops/s
[150.060s][info][gc,stats]      Memory: Undo Object Allocation Succeeded                  0 / 0                 0 / 0                 0 / 0                 0 / 0           ops/s
[150.060s][info][gc,stats]      Memory: Undo Page Allocation                              0 / 0                 0 / 66                0 / 66                0 / 66          ops/s
[150.060s][info][gc,stats]       Phase: Concurrent Destroy Detached Pages             0.000 / 0.000         0.000 / 0.000         0.000 / 0.000         0.000 / 0.000       ms
[150.060s][info][gc,stats]       Phase: Concurrent Mark                               0.000 / 0.000         0.000 / 0.000         0.000 / 0.000         0.000 / 0.000       ms
[150.060s][info][gc,stats]       Phase: Concurrent Mark Continue                      0.000 / 0.000         0.000 / 0.000         0.000 / 0.000         0.000 / 0.000       ms
[150.060s][info][gc,stats]       Phase: Concurrent Prepare Relocation Set             0.000 / 0.000         0.000 / 0.000         0.000 / 0.000         0.000 / 0.000       ms
[150.060s][info][gc,stats]       Phase: Concurrent Process Non-Strong References      0.000 / 0.000         0.000 / 0.000         0.000 / 0.000         0.000 / 0.000       ms
[150.060s][info][gc,stats]       Phase: Concurrent Relocate                           0.000 / 0.000         0.000 / 0.000         0.000 / 0.000         0.000 / 0.000       ms
[150.060s][info][gc,stats]       Phase: Concurrent Reset Relocation Set               0.000 / 0.000         0.000 / 0.000         0.000 / 0.000         0.000 / 0.000       ms
[150.060s][info][gc,stats]       Phase: Concurrent Select Relocation Set              0.000 / 0.000         0.000 / 0.000         0.000 / 0.000         0.000 / 0.000       ms
[150.060s][info][gc,stats]       Phase: Pause Mark End                                0.000 / 0.000         0.000 / 0.000         0.000 / 0.000         0.000 / 0.000       ms
[150.060s][info][gc,stats]       Phase: Pause Mark Start                              0.000 / 0.000         0.000 / 0.000         0.000 / 0.000         0.000 / 0.000       ms
[150.060s][info][gc,stats]       Phase: Pause Relocate Start                          0.000 / 0.000         0.000 / 0.000         0.000 / 0.000         0.000 / 0.000       ms
[150.060s][info][gc,stats]       Phase: Pause Verify                                  0.000 / 0.000         0.000 / 0.000         0.000 / 0.000         0.000 / 0.000       ms
[150.060s][info][gc,stats]    Subphase: Concurrent Classes Unload                     0.000 / 0.000         0.000 / 0.000         0.000 / 0.000         0.000 / 0.000       ms
[150.060s][info][gc,stats]    Subphase: Concurrent Mark                               0.000 / 0.000         0.000 / 0.000         0.000 / 0.000         0.000 / 0.000       ms
[150.060s][info][gc,stats]    Subphase: Concurrent Mark Idle                          0.000 / 0.000         0.000 / 0.000         0.000 / 0.000         0.000 / 0.000       ms
[150.060s][info][gc,stats]    Subphase: Concurrent Mark Try Flush                     0.000 / 0.000         0.000 / 0.000         0.000 / 0.000         0.000 / 0.000       ms
[150.060s][info][gc,stats]    Subphase: Concurrent Mark Try Terminate                 0.000 / 0.000         0.000 / 0.000         0.000 / 0.000         0.000 / 0.000       ms
[150.060s][info][gc,stats]    Subphase: Concurrent References Enqueue                 0.000 / 0.000         0.000 / 0.000         0.000 / 0.000         0.000 / 0.000       ms
[150.060s][info][gc,stats]    Subphase: Concurrent References Process                 0.000 / 0.000         0.000 / 0.000         0.000 / 0.000         0.000 / 0.000       ms
[150.060s][info][gc,stats]    Subphase: Concurrent Roots                              0.000 / 0.000         0.000 / 0.000         0.000 / 0.000         0.000 / 0.000       ms
[150.060s][info][gc,stats]    Subphase: Concurrent Roots ClassLoaderDataGraph         0.000 / 0.000         0.000 / 0.000         0.000 / 0.000         0.000 / 0.000       ms
[150.060s][info][gc,stats]    Subphase: Concurrent Roots JNIHandles                   0.000 / 0.000         0.000 / 0.000         0.000 / 0.000         0.000 / 0.000       ms
[150.060s][info][gc,stats]    Subphase: Concurrent Roots Setup                        0.000 / 0.000         0.000 / 0.000         0.000 / 0.000         0.000 / 0.000       ms
[150.060s][info][gc,stats]    Subphase: Concurrent Roots Teardown                     0.000 / 0.000         0.000 / 0.000         0.000 / 0.000         0.000 / 0.000       ms
[150.060s][info][gc,stats]    Subphase: Concurrent Weak Roots                         0.000 / 0.000         0.000 / 0.000         0.000 / 0.000         0.000 / 0.000       ms
[150.060s][info][gc,stats]    Subphase: Concurrent Weak Roots JNIWeakHandles          0.000 / 0.000         0.000 / 0.000         0.000 / 0.000         0.000 / 0.000       ms
[150.060s][info][gc,stats]    Subphase: Concurrent Weak Roots StringTable             0.000 / 0.000         0.000 / 0.000         0.000 / 0.000         0.000 / 0.000       ms
[150.060s][info][gc,stats]    Subphase: Concurrent Weak Roots VMWeakHandles           0.000 / 0.000         0.000 / 0.000         0.000 / 0.000         0.000 / 0.000       ms
[150.060s][info][gc,stats]    Subphase: Pause Mark Try Complete                       0.000 / 0.000         0.000 / 0.000         0.000 / 0.000         0.000 / 0.000       ms
[150.060s][info][gc,stats]    Subphase: Pause Roots                                   0.000 / 0.000         0.000 / 0.000         0.000 / 0.000         0.000 / 0.000       ms
[150.060s][info][gc,stats]    Subphase: Pause Roots CodeCache                         0.000 / 0.000         0.000 / 0.000         0.000 / 0.000         0.000 / 0.000       ms
[150.060s][info][gc,stats]    Subphase: Pause Roots JVMTIExport                       0.000 / 0.000         0.000 / 0.000         0.000 / 0.000         0.000 / 0.000       ms
[150.060s][info][gc,stats]    Subphase: Pause Roots JVMTIWeakExport                   0.000 / 0.000         0.000 / 0.000         0.000 / 0.000         0.000 / 0.000       ms
[150.060s][info][gc,stats]    Subphase: Pause Roots Management                        0.000 / 0.000         0.000 / 0.000         0.000 / 0.000         0.000 / 0.000       ms
[150.060s][info][gc,stats]    Subphase: Pause Roots ObjectSynchronizer                0.000 / 0.000         0.000 / 0.000         0.000 / 0.000         0.000 / 0.000       ms
[150.060s][info][gc,stats]    Subphase: Pause Roots Setup                             0.000 / 0.000         0.000 / 0.000         0.000 / 0.000         0.000 / 0.000       ms
[150.060s][info][gc,stats]    Subphase: Pause Roots SystemDictionary                  0.000 / 0.000         0.000 / 0.000         0.000 / 0.000         0.000 / 0.000       ms
[150.060s][info][gc,stats]    Subphase: Pause Roots Teardown                          0.000 / 0.000         0.000 / 0.000         0.000 / 0.000         0.000 / 0.000       ms
[150.060s][info][gc,stats]    Subphase: Pause Roots Threads                           0.000 / 0.000         0.000 / 0.000         0.000 / 0.000         0.000 / 0.000       ms
[150.060s][info][gc,stats]    Subphase: Pause Roots Universe                          0.000 / 0.000         0.000 / 0.000         0.000 / 0.000         0.000 / 0.000       ms
[150.060s][info][gc,stats]    Subphase: Pause Weak Roots                              0.000 / 0.000         0.000 / 0.000         0.000 / 0.000         0.000 / 0.000       ms
[150.060s][info][gc,stats]    Subphase: Pause Weak Roots JFRWeak                      0.000 / 0.000         0.000 / 0.000         0.000 / 0.000         0.000 / 0.000       ms
[150.060s][info][gc,stats]    Subphase: Pause Weak Roots JVMTIWeakExport              0.000 / 0.000         0.000 / 0.000         0.000 / 0.000         0.000 / 0.000       ms
[150.060s][info][gc,stats]    Subphase: Pause Weak Roots Setup                        0.000 / 0.000         0.000 / 0.000         0.000 / 0.000         0.000 / 0.000       ms
[150.060s][info][gc,stats]    Subphase: Pause Weak Roots Teardown                     0.000 / 0.000         0.000 / 0.000         0.000 / 0.000         0.000 / 0.000       ms
[150.060s][info][gc,stats]      System: Java Threads                                      0 / 0                 0 / 0                 0 / 0                 0 / 0           threads
[150.060s][info][gc,stats] =========================================================================================================================================================
[160.060s][info][gc,stats] === Garbage Collection Statistics =======================================================================================================================
[160.060s][info][gc,stats]                                                              Last 10s              Last 10m              Last 10h                Total
[160.060s][info][gc,stats]                                                              Avg / Max             Avg / Max             Avg / Max             Avg / Max
[160.060s][info][gc,stats]   Collector: Garbage Collection Cycle                      0.000 / 0.000         0.000 / 0.000         0.000 / 0.000         0.000 / 0.000       ms
[160.060s][info][gc,stats]  Contention: Mark Segment Reset Contention                     0 / 0                 0 / 0                 0 / 0                 0 / 0           ops/s
[160.060s][info][gc,stats]  Contention: Mark SeqNum Reset Contention                      0 / 0                 0 / 0                 0 / 0                 0 / 0           ops/s
[160.060s][info][gc,stats]  Contention: Relocation Contention                             0 / 0                 0 / 0                 0 / 0                 0 / 0           ops/s
[160.060s][info][gc,stats]    Critical: Allocation Stall                              0.000 / 0.000         0.000 / 0.000         0.000 / 0.000         0.000 / 0.000       ms
[160.060s][info][gc,stats]    Critical: Allocation Stall                                  0 / 0                 0 / 0                 0 / 0                 0 / 0           ops/s
[160.060s][info][gc,stats]    Critical: GC Locker Stall                               0.000 / 0.000         0.000 / 0.000         0.000 / 0.000         0.000 / 0.000       ms
[160.060s][info][gc,stats]    Critical: GC Locker Stall                                   0 / 0                 0 / 0                 0 / 0                 0 / 0           ops/s
[160.060s][info][gc,stats]      Memory: Allocation Rate                                   5 / 6                15 / 486              15 / 486              15 / 486         MB/s
[160.060s][info][gc,stats]      Memory: Heap Used After Mark                              0 / 0                 0 / 0                 0 / 0                 0 / 0           MB
[160.060s][info][gc,stats]      Memory: Heap Used After Relocation                        0 / 0                 0 / 0                 0 / 0                 0 / 0           MB
[160.060s][info][gc,stats]      Memory: Heap Used Before Mark                             0 / 0                 0 / 0                 0 / 0                 0 / 0           MB
[160.060s][info][gc,stats]      Memory: Heap Used Before Relocation                       0 / 0                 0 / 0                 0 / 0                 0 / 0           MB
[160.060s][info][gc,stats]      Memory: Out Of Memory                                     0 / 0                 0 / 0                 0 / 0                 0 / 0           ops/s
[160.060s][info][gc,stats]      Memory: Page Cache Flush                                  0 / 0                 0 / 0                 0 / 0                 0 / 0           MB/s
[160.060s][info][gc,stats]      Memory: Page Cache Hit L1                                 0 / 0                 0 / 36                0 / 36                0 / 36          ops/s
[160.060s][info][gc,stats]      Memory: Page Cache Hit L2                                 0 / 0                 0 / 30                0 / 30                0 / 30          ops/s
[160.060s][info][gc,stats]      Memory: Page Cache Miss                                   2 / 3                 7 / 240               7 / 240               7 / 240         ops/s
[160.060s][info][gc,stats]      Memory: Undo Object Allocation Failed                     0 / 0                 0 / 0                 0 / 0                 0 / 0           ops/s
[160.060s][info][gc,stats]      Memory: Undo Object Allocation Succeeded                  0 / 0                 0 / 0                 0 / 0                 0 / 0           ops/s
[160.060s][info][gc,stats]      Memory: Undo Page Allocation                              0 / 0                 0 / 66                0 / 66                0 / 66          ops/s
[160.060s][info][gc,stats]       Phase: Concurrent Destroy Detached Pages             0.000 / 0.000         0.000 / 0.000         0.000 / 0.000         0.000 / 0.000       ms
[160.060s][info][gc,stats]       Phase: Concurrent Mark                               0.000 / 0.000         0.000 / 0.000         0.000 / 0.000         0.000 / 0.000       ms
[160.060s][info][gc,stats]       Phase: Concurrent Mark Continue                      0.000 / 0.000         0.000 / 0.000         0.000 / 0.000         0.000 / 0.000       ms
[160.060s][info][gc,stats]       Phase: Concurrent Prepare Relocation Set             0.000 / 0.000         0.000 / 0.000         0.000 / 0.000         0.000 / 0.000       ms
[160.060s][info][gc,stats]       Phase: Concurrent Process Non-Strong References      0.000 / 0.000         0.000 / 0.000         0.000 / 0.000         0.000 / 0.000       ms
[160.060s][info][gc,stats]       Phase: Concurrent Relocate                           0.000 / 0.000         0.000 / 0.000         0.000 / 0.000         0.000 / 0.000       ms
[160.060s][info][gc,stats]       Phase: Concurrent Reset Relocation Set               0.000 / 0.000         0.000 / 0.000         0.000 / 0.000         0.000 / 0.000       ms
[160.060s][info][gc,stats]       Phase: Concurrent Select Relocation Set              0.000 / 0.000         0.000 / 0.000         0.000 / 0.000         0.000 / 0.000       ms
[160.060s][info][gc,stats]       Phase: Pause Mark End                                0.000 / 0.000         0.000 / 0.000         0.000 / 0.000         0.000 / 0.000       ms
[160.060s][info][gc,stats]       Phase: Pause Mark Start                              0.000 / 0.000         0.000 / 0.000         0.000 / 0.000         0.000 / 0.000       ms
[160.060s][info][gc,stats]       Phase: Pause Relocate Start                          0.000 / 0.000         0.000 / 0.000         0.000 / 0.000         0.000 / 0.000       ms
[160.060s][info][gc,stats]       Phase: Pause Verify                                  0.000 / 0.000         0.000 / 0.000         0.000 / 0.000         0.000 / 0.000       ms
[160.060s][info][gc,stats]    Subphase: Concurrent Classes Unload                     0.000 / 0.000         0.000 / 0.000         0.000 / 0.000         0.000 / 0.000       ms
[160.060s][info][gc,stats]    Subphase: Concurrent Mark                               0.000 / 0.000         0.000 / 0.000         0.000 / 0.000         0.000 / 0.000       ms
[160.060s][info][gc,stats]    Subphase: Concurrent Mark Idle                          0.000 / 0.000         0.000 / 0.000         0.000 / 0.000         0.000 / 0.000       ms
[160.060s][info][gc,stats]    Subphase: Concurrent Mark Try Flush                     0.000 / 0.000         0.000 / 0.000         0.000 / 0.000         0.000 / 0.000       ms
[160.060s][info][gc,stats]    Subphase: Concurrent Mark Try Terminate                 0.000 / 0.000         0.000 / 0.000         0.000 / 0.000         0.000 / 0.000       ms
[160.060s][info][gc,stats]    Subphase: Concurrent References Enqueue                 0.000 / 0.000         0.000 / 0.000         0.000 / 0.000         0.000 / 0.000       ms
[160.060s][info][gc,stats]    Subphase: Concurrent References Process                 0.000 / 0.000         0.000 / 0.000         0.000 / 0.000         0.000 / 0.000       ms
[160.060s][info][gc,stats]    Subphase: Concurrent Roots                              0.000 / 0.000         0.000 / 0.000         0.000 / 0.000         0.000 / 0.000       ms
[160.060s][info][gc,stats]    Subphase: Concurrent Roots ClassLoaderDataGraph         0.000 / 0.000         0.000 / 0.000         0.000 / 0.000         0.000 / 0.000       ms
[160.060s][info][gc,stats]    Subphase: Concurrent Roots JNIHandles                   0.000 / 0.000         0.000 / 0.000         0.000 / 0.000         0.000 / 0.000       ms
[160.060s][info][gc,stats]    Subphase: Concurrent Roots Setup                        0.000 / 0.000         0.000 / 0.000         0.000 / 0.000         0.000 / 0.000       ms
[160.060s][info][gc,stats]    Subphase: Concurrent Roots Teardown                     0.000 / 0.000         0.000 / 0.000         0.000 / 0.000         0.000 / 0.000       ms
[160.061s][info][gc,stats]    Subphase: Concurrent Weak Roots                         0.000 / 0.000         0.000 / 0.000         0.000 / 0.000         0.000 / 0.000       ms
[160.061s][info][gc,stats]    Subphase: Concurrent Weak Roots JNIWeakHandles          0.000 / 0.000         0.000 / 0.000         0.000 / 0.000         0.000 / 0.000       ms
[160.061s][info][gc,stats]    Subphase: Concurrent Weak Roots StringTable             0.000 / 0.000         0.000 / 0.000         0.000 / 0.000         0.000 / 0.000       ms
[160.061s][info][gc,stats]    Subphase: Concurrent Weak Roots VMWeakHandles           0.000 / 0.000         0.000 / 0.000         0.000 / 0.000         0.000 / 0.000       ms
[160.061s][info][gc,stats]    Subphase: Pause Mark Try Complete                       0.000 / 0.000         0.000 / 0.000         0.000 / 0.000         0.000 / 0.000       ms
[160.061s][info][gc,stats]    Subphase: Pause Roots                                   0.000 / 0.000         0.000 / 0.000         0.000 / 0.000         0.000 / 0.000       ms
[160.061s][info][gc,stats]    Subphase: Pause Roots CodeCache                         0.000 / 0.000         0.000 / 0.000         0.000 / 0.000         0.000 / 0.000       ms
[160.061s][info][gc,stats]    Subphase: Pause Roots JVMTIExport                       0.000 / 0.000         0.000 / 0.000         0.000 / 0.000         0.000 / 0.000       ms
[160.061s][info][gc,stats]    Subphase: Pause Roots JVMTIWeakExport                   0.000 / 0.000         0.000 / 0.000         0.000 / 0.000         0.000 / 0.000       ms
[160.061s][info][gc,stats]    Subphase: Pause Roots Management                        0.000 / 0.000         0.000 / 0.000         0.000 / 0.000         0.000 / 0.000       ms
[160.061s][info][gc,stats]    Subphase: Pause Roots ObjectSynchronizer                0.000 / 0.000         0.000 / 0.000         0.000 / 0.000         0.000 / 0.000       ms
[160.061s][info][gc,stats]    Subphase: Pause Roots Setup                             0.000 / 0.000         0.000 / 0.000         0.000 / 0.000         0.000 / 0.000       ms
[160.061s][info][gc,stats]    Subphase: Pause Roots SystemDictionary                  0.000 / 0.000         0.000 / 0.000         0.000 / 0.000         0.000 / 0.000       ms
[160.061s][info][gc,stats]    Subphase: Pause Roots Teardown                          0.000 / 0.000         0.000 / 0.000         0.000 / 0.000         0.000 / 0.000       ms
[160.061s][info][gc,stats]    Subphase: Pause Roots Threads                           0.000 / 0.000         0.000 / 0.000         0.000 / 0.000         0.000 / 0.000       ms
[160.061s][info][gc,stats]    Subphase: Pause Roots Universe                          0.000 / 0.000         0.000 / 0.000         0.000 / 0.000         0.000 / 0.000       ms
[160.061s][info][gc,stats]    Subphase: Pause Weak Roots                              0.000 / 0.000         0.000 / 0.000         0.000 / 0.000         0.000 / 0.000       ms
[160.061s][info][gc,stats]    Subphase: Pause Weak Roots JFRWeak                      0.000 / 0.000         0.000 / 0.000         0.000 / 0.000         0.000 / 0.000       ms
[160.061s][info][gc,stats]    Subphase: Pause Weak Roots JVMTIWeakExport              0.000 / 0.000         0.000 / 0.000         0.000 / 0.000         0.000 / 0.000       ms
[160.061s][info][gc,stats]    Subphase: Pause Weak Roots Setup                        0.000 / 0.000         0.000 / 0.000         0.000 / 0.000         0.000 / 0.000       ms
[160.061s][info][gc,stats]    Subphase: Pause Weak Roots Teardown                     0.000 / 0.000         0.000 / 0.000         0.000 / 0.000         0.000 / 0.000       ms
[160.061s][info][gc,stats]      System: Java Threads                                      0 / 0                 0 / 0                 0 / 0                 0 / 0           threads
[160.061s][info][gc,stats] =========================================================================================================================================================
[170.060s][info][gc,stats] === Garbage Collection Statistics =======================================================================================================================
[170.060s][info][gc,stats]                                                              Last 10s              Last 10m              Last 10h                Total
[170.060s][info][gc,stats]                                                              Avg / Max             Avg / Max             Avg / Max             Avg / Max
[170.060s][info][gc,stats]   Collector: Garbage Collection Cycle                      0.000 / 0.000         0.000 / 0.000         0.000 / 0.000         0.000 / 0.000       ms
[170.060s][info][gc,stats]  Contention: Mark Segment Reset Contention                     0 / 0                 0 / 0                 0 / 0                 0 / 0           ops/s
[170.060s][info][gc,stats]  Contention: Mark SeqNum Reset Contention                      0 / 0                 0 / 0                 0 / 0                 0 / 0           ops/s
[170.060s][info][gc,stats]  Contention: Relocation Contention                             0 / 0                 0 / 0                 0 / 0                 0 / 0           ops/s
[170.060s][info][gc,stats]    Critical: Allocation Stall                              0.000 / 0.000         0.000 / 0.000         0.000 / 0.000         0.000 / 0.000       ms
[170.060s][info][gc,stats]    Critical: Allocation Stall                                  0 / 0                 0 / 0                 0 / 0                 0 / 0           ops/s
[170.060s][info][gc,stats]    Critical: GC Locker Stall                               0.000 / 0.000         0.000 / 0.000         0.000 / 0.000         0.000 / 0.000       ms
[170.060s][info][gc,stats]    Critical: GC Locker Stall                                   0 / 0                 0 / 0                 0 / 0                 0 / 0           ops/s
[170.060s][info][gc,stats]      Memory: Allocation Rate                                   5 / 6                15 / 486              15 / 486              15 / 486         MB/s
[170.060s][info][gc,stats]      Memory: Heap Used After Mark                              0 / 0                 0 / 0                 0 / 0                 0 / 0           MB
[170.060s][info][gc,stats]      Memory: Heap Used After Relocation                        0 / 0                 0 / 0                 0 / 0                 0 / 0           MB
[170.060s][info][gc,stats]      Memory: Heap Used Before Mark                             0 / 0                 0 / 0                 0 / 0                 0 / 0           MB
[170.060s][info][gc,stats]      Memory: Heap Used Before Relocation                       0 / 0                 0 / 0                 0 / 0                 0 / 0           MB
[170.060s][info][gc,stats]      Memory: Out Of Memory                                     0 / 0                 0 / 0                 0 / 0                 0 / 0           ops/s
[170.060s][info][gc,stats]      Memory: Page Cache Flush                                  0 / 0                 0 / 0                 0 / 0                 0 / 0           MB/s
[170.060s][info][gc,stats]      Memory: Page Cache Hit L1                                 0 / 0                 0 / 36                0 / 36                0 / 36          ops/s
[170.060s][info][gc,stats]      Memory: Page Cache Hit L2                                 0 / 0                 0 / 30                0 / 30                0 / 30          ops/s
[170.060s][info][gc,stats]      Memory: Page Cache Miss                                   2 / 3                 6 / 240               6 / 240               6 / 240         ops/s
[170.060s][info][gc,stats]      Memory: Undo Object Allocation Failed                     0 / 0                 0 / 0                 0 / 0                 0 / 0           ops/s
[170.060s][info][gc,stats]      Memory: Undo Object Allocation Succeeded                  0 / 0                 0 / 0                 0 / 0                 0 / 0           ops/s
[170.060s][info][gc,stats]      Memory: Undo Page Allocation                              0 / 0                 0 / 66                0 / 66                0 / 66          ops/s
[170.060s][info][gc,stats]       Phase: Concurrent Destroy Detached Pages             0.000 / 0.000         0.000 / 0.000         0.000 / 0.000         0.000 / 0.000       ms
[170.060s][info][gc,stats]       Phase: Concurrent Mark                               0.000 / 0.000         0.000 / 0.000         0.000 / 0.000         0.000 / 0.000       ms
[170.060s][info][gc,stats]       Phase: Concurrent Mark Continue                      0.000 / 0.000         0.000 / 0.000         0.000 / 0.000         0.000 / 0.000       ms
[170.060s][info][gc,stats]       Phase: Concurrent Prepare Relocation Set             0.000 / 0.000         0.000 / 0.000         0.000 / 0.000         0.000 / 0.000       ms
[170.060s][info][gc,stats]       Phase: Concurrent Process Non-Strong References      0.000 / 0.000         0.000 / 0.000         0.000 / 0.000         0.000 / 0.000       ms
[170.060s][info][gc,stats]       Phase: Concurrent Relocate                           0.000 / 0.000         0.000 / 0.000         0.000 / 0.000         0.000 / 0.000       ms
[170.060s][info][gc,stats]       Phase: Concurrent Reset Relocation Set               0.000 / 0.000         0.000 / 0.000         0.000 / 0.000         0.000 / 0.000       ms
[170.060s][info][gc,stats]       Phase: Concurrent Select Relocation Set              0.000 / 0.000         0.000 / 0.000         0.000 / 0.000         0.000 / 0.000       ms
[170.060s][info][gc,stats]       Phase: Pause Mark End                                0.000 / 0.000         0.000 / 0.000         0.000 / 0.000         0.000 / 0.000       ms
[170.060s][info][gc,stats]       Phase: Pause Mark Start                              0.000 / 0.000         0.000 / 0.000         0.000 / 0.000         0.000 / 0.000       ms
[170.060s][info][gc,stats]       Phase: Pause Relocate Start                          0.000 / 0.000         0.000 / 0.000         0.000 / 0.000         0.000 / 0.000       ms
[170.060s][info][gc,stats]       Phase: Pause Verify                                  0.000 / 0.000         0.000 / 0.000         0.000 / 0.000         0.000 / 0.000       ms
[170.060s][info][gc,stats]    Subphase: Concurrent Classes Unload                     0.000 / 0.000         0.000 / 0.000         0.000 / 0.000         0.000 / 0.000       ms
[170.060s][info][gc,stats]    Subphase: Concurrent Mark                               0.000 / 0.000         0.000 / 0.000         0.000 / 0.000         0.000 / 0.000       ms
[170.060s][info][gc,stats]    Subphase: Concurrent Mark Idle                          0.000 / 0.000         0.000 / 0.000         0.000 / 0.000         0.000 / 0.000       ms
[170.060s][info][gc,stats]    Subphase: Concurrent Mark Try Flush                     0.000 / 0.000         0.000 / 0.000         0.000 / 0.000         0.000 / 0.000       ms
[170.060s][info][gc,stats]    Subphase: Concurrent Mark Try Terminate                 0.000 / 0.000         0.000 / 0.000         0.000 / 0.000         0.000 / 0.000       ms
[170.060s][info][gc,stats]    Subphase: Concurrent References Enqueue                 0.000 / 0.000         0.000 / 0.000         0.000 / 0.000         0.000 / 0.000       ms
[170.060s][info][gc,stats]    Subphase: Concurrent References Process                 0.000 / 0.000         0.000 / 0.000         0.000 / 0.000         0.000 / 0.000       ms
[170.060s][info][gc,stats]    Subphase: Concurrent Roots                              0.000 / 0.000         0.000 / 0.000         0.000 / 0.000         0.000 / 0.000       ms
[170.060s][info][gc,stats]    Subphase: Concurrent Roots ClassLoaderDataGraph         0.000 / 0.000         0.000 / 0.000         0.000 / 0.000         0.000 / 0.000       ms
[170.060s][info][gc,stats]    Subphase: Concurrent Roots JNIHandles                   0.000 / 0.000         0.000 / 0.000         0.000 / 0.000         0.000 / 0.000       ms
[170.060s][info][gc,stats]    Subphase: Concurrent Roots Setup                        0.000 / 0.000         0.000 / 0.000         0.000 / 0.000         0.000 / 0.000       ms
[170.060s][info][gc,stats]    Subphase: Concurrent Roots Teardown                     0.000 / 0.000         0.000 / 0.000         0.000 / 0.000         0.000 / 0.000       ms
[170.060s][info][gc,stats]    Subphase: Concurrent Weak Roots                         0.000 / 0.000         0.000 / 0.000         0.000 / 0.000         0.000 / 0.000       ms
[170.060s][info][gc,stats]    Subphase: Concurrent Weak Roots JNIWeakHandles          0.000 / 0.000         0.000 / 0.000         0.000 / 0.000         0.000 / 0.000       ms
[170.060s][info][gc,stats]    Subphase: Concurrent Weak Roots StringTable             0.000 / 0.000         0.000 / 0.000         0.000 / 0.000         0.000 / 0.000       ms
[170.060s][info][gc,stats]    Subphase: Concurrent Weak Roots VMWeakHandles           0.000 / 0.000         0.000 / 0.000         0.000 / 0.000         0.000 / 0.000       ms
[170.060s][info][gc,stats]    Subphase: Pause Mark Try Complete                       0.000 / 0.000         0.000 / 0.000         0.000 / 0.000         0.000 / 0.000       ms
[170.060s][info][gc,stats]    Subphase: Pause Roots                                   0.000 / 0.000         0.000 / 0.000         0.000 / 0.000         0.000 / 0.000       ms
[170.060s][info][gc,stats]    Subphase: Pause Roots CodeCache                         0.000 / 0.000         0.000 / 0.000         0.000 / 0.000         0.000 / 0.000       ms
[170.060s][info][gc,stats]    Subphase: Pause Roots JVMTIExport                       0.000 / 0.000         0.000 / 0.000         0.000 / 0.000         0.000 / 0.000       ms
[170.060s][info][gc,stats]    Subphase: Pause Roots JVMTIWeakExport                   0.000 / 0.000         0.000 / 0.000         0.000 / 0.000         0.000 / 0.000       ms
[170.060s][info][gc,stats]    Subphase: Pause Roots Management                        0.000 / 0.000         0.000 / 0.000         0.000 / 0.000         0.000 / 0.000       ms
[170.060s][info][gc,stats]    Subphase: Pause Roots ObjectSynchronizer                0.000 / 0.000         0.000 / 0.000         0.000 / 0.000         0.000 / 0.000       ms
[170.060s][info][gc,stats]    Subphase: Pause Roots Setup                             0.000 / 0.000         0.000 / 0.000         0.000 / 0.000         0.000 / 0.000       ms
[170.060s][info][gc,stats]    Subphase: Pause Roots SystemDictionary                  0.000 / 0.000         0.000 / 0.000         0.000 / 0.000         0.000 / 0.000       ms
[170.060s][info][gc,stats]    Subphase: Pause Roots Teardown                          0.000 / 0.000         0.000 / 0.000         0.000 / 0.000         0.000 / 0.000       ms
[170.060s][info][gc,stats]    Subphase: Pause Roots Threads                           0.000 / 0.000         0.000 / 0.000         0.000 / 0.000         0.000 / 0.000       ms
[170.060s][info][gc,stats]    Subphase: Pause Roots Universe                          0.000 / 0.000         0.000 / 0.000         0.000 / 0.000         0.000 / 0.000       ms
[170.060s][info][gc,stats]    Subphase: Pause Weak Roots                              0.000 / 0.000         0.000 / 0.000         0.000 / 0.000         0.000 / 0.000       ms
[170.060s][info][gc,stats]    Subphase: Pause Weak Roots JFRWeak                      0.000 / 0.000         0.000 / 0.000         0.000 / 0.000         0.000 / 0.000       ms
[170.060s][info][gc,stats]    Subphase: Pause Weak Roots JVMTIWeakExport              0.000 / 0.000         0.000 / 0.000         0.000 / 0.000         0.000 / 0.000       ms
[170.060s][info][gc,stats]    Subphase: Pause Weak Roots Setup                        0.000 / 0.000         0.000 / 0.000         0.000 / 0.000         0.000 / 0.000       ms
[170.060s][info][gc,stats]    Subphase: Pause Weak Roots Teardown                     0.000 / 0.000         0.000 / 0.000         0.000 / 0.000         0.000 / 0.000       ms
[170.060s][info][gc,stats]      System: Java Threads                                      0 / 0                 0 / 0                 0 / 0                 0 / 0           threads
[170.060s][info][gc,stats] =========================================================================================================================================================
[180.060s][info][gc,stats] === Garbage Collection Statistics =======================================================================================================================
[180.060s][info][gc,stats]                                                              Last 10s              Last 10m              Last 10h                Total
[180.060s][info][gc,stats]                                                              Avg / Max             Avg / Max             Avg / Max             Avg / Max
[180.060s][info][gc,stats]   Collector: Garbage Collection Cycle                      0.000 / 0.000         0.000 / 0.000         0.000 / 0.000         0.000 / 0.000       ms
[180.060s][info][gc,stats]  Contention: Mark Segment Reset Contention                     0 / 0                 0 / 0                 0 / 0                 0 / 0           ops/s
[180.060s][info][gc,stats]  Contention: Mark SeqNum Reset Contention                      0 / 0                 0 / 0                 0 / 0                 0 / 0           ops/s
[180.060s][info][gc,stats]  Contention: Relocation Contention                             0 / 0                 0 / 0                 0 / 0                 0 / 0           ops/s
[180.060s][info][gc,stats]    Critical: Allocation Stall                              0.000 / 0.000         0.000 / 0.000         0.000 / 0.000         0.000 / 0.000       ms
[180.060s][info][gc,stats]    Critical: Allocation Stall                                  0 / 0                 0 / 0                 0 / 0                 0 / 0           ops/s
[180.060s][info][gc,stats]    Critical: GC Locker Stall                               0.000 / 0.000         0.000 / 0.000         0.000 / 0.000         0.000 / 0.000       ms
[180.060s][info][gc,stats]    Critical: GC Locker Stall                                   0 / 0                 0 / 0                 0 / 0                 0 / 0           ops/s
[180.060s][info][gc,stats]      Memory: Allocation Rate                                   5 / 6                14 / 486              14 / 486              14 / 486         MB/s
[180.060s][info][gc,stats]      Memory: Heap Used After Mark                              0 / 0                 0 / 0                 0 / 0                 0 / 0           MB
[180.060s][info][gc,stats]      Memory: Heap Used After Relocation                        0 / 0                 0 / 0                 0 / 0                 0 / 0           MB
[180.060s][info][gc,stats]      Memory: Heap Used Before Mark                             0 / 0                 0 / 0                 0 / 0                 0 / 0           MB
[180.060s][info][gc,stats]      Memory: Heap Used Before Relocation                       0 / 0                 0 / 0                 0 / 0                 0 / 0           MB
[180.060s][info][gc,stats]      Memory: Out Of Memory                                     0 / 0                 0 / 0                 0 / 0                 0 / 0           ops/s
[180.060s][info][gc,stats]      Memory: Page Cache Flush                                  0 / 0                 0 / 0                 0 / 0                 0 / 0           MB/s
[180.060s][info][gc,stats]      Memory: Page Cache Hit L1                                 0 / 0                 0 / 36                0 / 36                0 / 36          ops/s
[180.060s][info][gc,stats]      Memory: Page Cache Hit L2                                 0 / 0                 0 / 30                0 / 30                0 / 30          ops/s
[180.060s][info][gc,stats]      Memory: Page Cache Miss                                   2 / 3                 6 / 240               6 / 240               6 / 240         ops/s
[180.060s][info][gc,stats]      Memory: Undo Object Allocation Failed                     0 / 0                 0 / 0                 0 / 0                 0 / 0           ops/s
[180.060s][info][gc,stats]      Memory: Undo Object Allocation Succeeded                  0 / 0                 0 / 0                 0 / 0                 0 / 0           ops/s
[180.060s][info][gc,stats]      Memory: Undo Page Allocation                              0 / 0                 0 / 66                0 / 66                0 / 66          ops/s
[180.060s][info][gc,stats]       Phase: Concurrent Destroy Detached Pages             0.000 / 0.000         0.000 / 0.000         0.000 / 0.000         0.000 / 0.000       ms
[180.060s][info][gc,stats]       Phase: Concurrent Mark                               0.000 / 0.000         0.000 / 0.000         0.000 / 0.000         0.000 / 0.000       ms
[180.060s][info][gc,stats]       Phase: Concurrent Mark Continue                      0.000 / 0.000         0.000 / 0.000         0.000 / 0.000         0.000 / 0.000       ms
[180.060s][info][gc,stats]       Phase: Concurrent Prepare Relocation Set             0.000 / 0.000         0.000 / 0.000         0.000 / 0.000         0.000 / 0.000       ms
[180.060s][info][gc,stats]       Phase: Concurrent Process Non-Strong References      0.000 / 0.000         0.000 / 0.000         0.000 / 0.000         0.000 / 0.000       ms
[180.060s][info][gc,stats]       Phase: Concurrent Relocate                           0.000 / 0.000         0.000 / 0.000         0.000 / 0.000         0.000 / 0.000       ms
[180.060s][info][gc,stats]       Phase: Concurrent Reset Relocation Set               0.000 / 0.000         0.000 / 0.000         0.000 / 0.000         0.000 / 0.000       ms
[180.060s][info][gc,stats]       Phase: Concurrent Select Relocation Set              0.000 / 0.000         0.000 / 0.000         0.000 / 0.000         0.000 / 0.000       ms
[180.060s][info][gc,stats]       Phase: Pause Mark End                                0.000 / 0.000         0.000 / 0.000         0.000 / 0.000         0.000 / 0.000       ms
[180.060s][info][gc,stats]       Phase: Pause Mark Start                              0.000 / 0.000         0.000 / 0.000         0.000 / 0.000         0.000 / 0.000       ms
[180.060s][info][gc,stats]       Phase: Pause Relocate Start                          0.000 / 0.000         0.000 / 0.000         0.000 / 0.000         0.000 / 0.000       ms
[180.060s][info][gc,stats]       Phase: Pause Verify                                  0.000 / 0.000         0.000 / 0.000         0.000 / 0.000         0.000 / 0.000       ms
[180.060s][info][gc,stats]    Subphase: Concurrent Classes Unload                     0.000 / 0.000         0.000 / 0.000         0.000 / 0.000         0.000 / 0.000       ms
[180.060s][info][gc,stats]    Subphase: Concurrent Mark                               0.000 / 0.000         0.000 / 0.000         0.000 / 0.000         0.000 / 0.000       ms
[180.060s][info][gc,stats]    Subphase: Concurrent Mark Idle                          0.000 / 0.000         0.000 / 0.000         0.000 / 0.000         0.000 / 0.000       ms
[180.060s][info][gc,stats]    Subphase: Concurrent Mark Try Flush                     0.000 / 0.000         0.000 / 0.000         0.000 / 0.000         0.000 / 0.000       ms
[180.060s][info][gc,stats]    Subphase: Concurrent Mark Try Terminate                 0.000 / 0.000         0.000 / 0.000         0.000 / 0.000         0.000 / 0.000       ms
[180.060s][info][gc,stats]    Subphase: Concurrent References Enqueue                 0.000 / 0.000         0.000 / 0.000         0.000 / 0.000         0.000 / 0.000       ms
[180.060s][info][gc,stats]    Subphase: Concurrent References Process                 0.000 / 0.000         0.000 / 0.000         0.000 / 0.000         0.000 / 0.000       ms
[180.061s][info][gc,stats]    Subphase: Concurrent Roots                              0.000 / 0.000         0.000 / 0.000         0.000 / 0.000         0.000 / 0.000       ms
[180.061s][info][gc,stats]    Subphase: Concurrent Roots ClassLoaderDataGraph         0.000 / 0.000         0.000 / 0.000         0.000 / 0.000         0.000 / 0.000       ms
[180.061s][info][gc,stats]    Subphase: Concurrent Roots JNIHandles                   0.000 / 0.000         0.000 / 0.000         0.000 / 0.000         0.000 / 0.000       ms
[180.061s][info][gc,stats]    Subphase: Concurrent Roots Setup                        0.000 / 0.000         0.000 / 0.000         0.000 / 0.000         0.000 / 0.000       ms
[180.061s][info][gc,stats]    Subphase: Concurrent Roots Teardown                     0.000 / 0.000         0.000 / 0.000         0.000 / 0.000         0.000 / 0.000       ms
[180.061s][info][gc,stats]    Subphase: Concurrent Weak Roots                         0.000 / 0.000         0.000 / 0.000         0.000 / 0.000         0.000 / 0.000       ms
[180.061s][info][gc,stats]    Subphase: Concurrent Weak Roots JNIWeakHandles          0.000 / 0.000         0.000 / 0.000         0.000 / 0.000         0.000 / 0.000       ms
[180.061s][info][gc,stats]    Subphase: Concurrent Weak Roots StringTable             0.000 / 0.000         0.000 / 0.000         0.000 / 0.000         0.000 / 0.000       ms
[180.061s][info][gc,stats]    Subphase: Concurrent Weak Roots VMWeakHandles           0.000 / 0.000         0.000 / 0.000         0.000 / 0.000         0.000 / 0.000       ms
[180.061s][info][gc,stats]    Subphase: Pause Mark Try Complete                       0.000 / 0.000         0.000 / 0.000         0.000 / 0.000         0.000 / 0.000       ms
[180.061s][info][gc,stats]    Subphase: Pause Roots                                   0.000 / 0.000         0.000 / 0.000         0.000 / 0.000         0.000 / 0.000       ms
[180.061s][info][gc,stats]    Subphase: Pause Roots CodeCache                         0.000 / 0.000         0.000 / 0.000         0.000 / 0.000         0.000 / 0.000       ms
[180.061s][info][gc,stats]    Subphase: Pause Roots JVMTIExport                       0.000 / 0.000         0.000 / 0.000         0.000 / 0.000         0.000 / 0.000       ms
[180.061s][info][gc,stats]    Subphase: Pause Roots JVMTIWeakExport                   0.000 / 0.000         0.000 / 0.000         0.000 / 0.000         0.000 / 0.000       ms
[180.061s][info][gc,stats]    Subphase: Pause Roots Management                        0.000 / 0.000         0.000 / 0.000         0.000 / 0.000         0.000 / 0.000       ms
[180.061s][info][gc,stats]    Subphase: Pause Roots ObjectSynchronizer                0.000 / 0.000         0.000 / 0.000         0.000 / 0.000         0.000 / 0.000       ms
[180.061s][info][gc,stats]    Subphase: Pause Roots Setup                             0.000 / 0.000         0.000 / 0.000         0.000 / 0.000         0.000 / 0.000       ms
[180.061s][info][gc,stats]    Subphase: Pause Roots SystemDictionary                  0.000 / 0.000         0.000 / 0.000         0.000 / 0.000         0.000 / 0.000       ms
[180.061s][info][gc,stats]    Subphase: Pause Roots Teardown                          0.000 / 0.000         0.000 / 0.000         0.000 / 0.000         0.000 / 0.000       ms
[180.061s][info][gc,stats]    Subphase: Pause Roots Threads                           0.000 / 0.000         0.000 / 0.000         0.000 / 0.000         0.000 / 0.000       ms
[180.061s][info][gc,stats]    Subphase: Pause Roots Universe                          0.000 / 0.000         0.000 / 0.000         0.000 / 0.000         0.000 / 0.000       ms
[180.061s][info][gc,stats]    Subphase: Pause Weak Roots                              0.000 / 0.000         0.000 / 0.000         0.000 / 0.000         0.000 / 0.000       ms
[180.061s][info][gc,stats]    Subphase: Pause Weak Roots JFRWeak                      0.000 / 0.000         0.000 / 0.000         0.000 / 0.000         0.000 / 0.000       ms
[180.061s][info][gc,stats]    Subphase: Pause Weak Roots JVMTIWeakExport              0.000 / 0.000         0.000 / 0.000         0.000 / 0.000         0.000 / 0.000       ms
[180.061s][info][gc,stats]    Subphase: Pause Weak Roots Setup                        0.000 / 0.000         0.000 / 0.000         0.000 / 0.000         0.000 / 0.000       ms
[180.061s][info][gc,stats]    Subphase: Pause Weak Roots Teardown                     0.000 / 0.000         0.000 / 0.000         0.000 / 0.000         0.000 / 0.000       ms
[180.061s][info][gc,stats]      System: Java Threads                                      0 / 0                 0 / 0                 0 / 0                 0 / 0           threads
[180.061s][info][gc,stats] =========================================================================================================================================================
[190.060s][info][gc,stats] === Garbage Collection Statistics =======================================================================================================================
[190.060s][info][gc,stats]                                                              Last 10s              Last 10m              Last 10h                Total
[190.060s][info][gc,stats]                                                              Avg / Max             Avg / Max             Avg / Max             Avg / Max
[190.060s][info][gc,stats]   Collector: Garbage Collection Cycle                      0.000 / 0.000         0.000 / 0.000         0.000 / 0.000         0.000 / 0.000       ms
[190.060s][info][gc,stats]  Contention: Mark Segment Reset Contention                     0 / 0                 0 / 0                 0 / 0                 0 / 0           ops/s
[190.060s][info][gc,stats]  Contention: Mark SeqNum Reset Contention                      0 / 0                 0 / 0                 0 / 0                 0 / 0           ops/s
[190.060s][info][gc,stats]  Contention: Relocation Contention                             0 / 0                 0 / 0                 0 / 0                 0 / 0           ops/s
[190.060s][info][gc,stats]    Critical: Allocation Stall                              0.000 / 0.000         0.000 / 0.000         0.000 / 0.000         0.000 / 0.000       ms
[190.060s][info][gc,stats]    Critical: Allocation Stall                                  0 / 0                 0 / 0                 0 / 0                 0 / 0           ops/s
[190.060s][info][gc,stats]    Critical: GC Locker Stall                               0.000 / 0.000         0.000 / 0.000         0.000 / 0.000         0.000 / 0.000       ms
[190.060s][info][gc,stats]    Critical: GC Locker Stall                                   0 / 0                 0 / 0                 0 / 0                 0 / 0           ops/s
[190.060s][info][gc,stats]      Memory: Allocation Rate                                   5 / 6                14 / 486              14 / 486              14 / 486         MB/s
[190.060s][info][gc,stats]      Memory: Heap Used After Mark                              0 / 0                 0 / 0                 0 / 0                 0 / 0           MB
[190.060s][info][gc,stats]      Memory: Heap Used After Relocation                        0 / 0                 0 / 0                 0 / 0                 0 / 0           MB
[190.060s][info][gc,stats]      Memory: Heap Used Before Mark                             0 / 0                 0 / 0                 0 / 0                 0 / 0           MB
[190.060s][info][gc,stats]      Memory: Heap Used Before Relocation                       0 / 0                 0 / 0                 0 / 0                 0 / 0           MB
[190.060s][info][gc,stats]      Memory: Out Of Memory                                     0 / 0                 0 / 0                 0 / 0                 0 / 0           ops/s
[190.060s][info][gc,stats]      Memory: Page Cache Flush                                  0 / 0                 0 / 0                 0 / 0                 0 / 0           MB/s
[190.060s][info][gc,stats]      Memory: Page Cache Hit L1                                 0 / 0                 0 / 36                0 / 36                0 / 36          ops/s
[190.060s][info][gc,stats]      Memory: Page Cache Hit L2                                 0 / 0                 0 / 30                0 / 30                0 / 30          ops/s
[190.060s][info][gc,stats]      Memory: Page Cache Miss                                   2 / 3                 6 / 240               6 / 240               6 / 240         ops/s
[190.060s][info][gc,stats]      Memory: Undo Object Allocation Failed                     0 / 0                 0 / 0                 0 / 0                 0 / 0           ops/s
[190.060s][info][gc,stats]      Memory: Undo Object Allocation Succeeded                  0 / 0                 0 / 0                 0 / 0                 0 / 0           ops/s
[190.060s][info][gc,stats]      Memory: Undo Page Allocation                              0 / 0                 0 / 66                0 / 66                0 / 66          ops/s
[190.060s][info][gc,stats]       Phase: Concurrent Destroy Detached Pages             0.000 / 0.000         0.000 / 0.000         0.000 / 0.000         0.000 / 0.000       ms
[190.060s][info][gc,stats]       Phase: Concurrent Mark                               0.000 / 0.000         0.000 / 0.000         0.000 / 0.000         0.000 / 0.000       ms
[190.060s][info][gc,stats]       Phase: Concurrent Mark Continue                      0.000 / 0.000         0.000 / 0.000         0.000 / 0.000         0.000 / 0.000       ms
[190.060s][info][gc,stats]       Phase: Concurrent Prepare Relocation Set             0.000 / 0.000         0.000 / 0.000         0.000 / 0.000         0.000 / 0.000       ms
[190.060s][info][gc,stats]       Phase: Concurrent Process Non-Strong References      0.000 / 0.000         0.000 / 0.000         0.000 / 0.000         0.000 / 0.000       ms
[190.060s][info][gc,stats]       Phase: Concurrent Relocate                           0.000 / 0.000         0.000 / 0.000         0.000 / 0.000         0.000 / 0.000       ms
[190.060s][info][gc,stats]       Phase: Concurrent Reset Relocation Set               0.000 / 0.000         0.000 / 0.000         0.000 / 0.000         0.000 / 0.000       ms
[190.060s][info][gc,stats]       Phase: Concurrent Select Relocation Set              0.000 / 0.000         0.000 / 0.000         0.000 / 0.000         0.000 / 0.000       ms
[190.060s][info][gc,stats]       Phase: Pause Mark End                                0.000 / 0.000         0.000 / 0.000         0.000 / 0.000         0.000 / 0.000       ms
[190.060s][info][gc,stats]       Phase: Pause Mark Start                              0.000 / 0.000         0.000 / 0.000         0.000 / 0.000         0.000 / 0.000       ms
[190.060s][info][gc,stats]       Phase: Pause Relocate Start                          0.000 / 0.000         0.000 / 0.000         0.000 / 0.000         0.000 / 0.000       ms
[190.060s][info][gc,stats]       Phase: Pause Verify                                  0.000 / 0.000         0.000 / 0.000         0.000 / 0.000         0.000 / 0.000       ms
[190.060s][info][gc,stats]    Subphase: Concurrent Classes Unload                     0.000 / 0.000         0.000 / 0.000         0.000 / 0.000         0.000 / 0.000       ms
[190.060s][info][gc,stats]    Subphase: Concurrent Mark                               0.000 / 0.000         0.000 / 0.000         0.000 / 0.000         0.000 / 0.000       ms
[190.060s][info][gc,stats]    Subphase: Concurrent Mark Idle                          0.000 / 0.000         0.000 / 0.000         0.000 / 0.000         0.000 / 0.000       ms
[190.060s][info][gc,stats]    Subphase: Concurrent Mark Try Flush                     0.000 / 0.000         0.000 / 0.000         0.000 / 0.000         0.000 / 0.000       ms
[190.060s][info][gc,stats]    Subphase: Concurrent Mark Try Terminate                 0.000 / 0.000         0.000 / 0.000         0.000 / 0.000         0.000 / 0.000       ms
[190.060s][info][gc,stats]    Subphase: Concurrent References Enqueue                 0.000 / 0.000         0.000 / 0.000         0.000 / 0.000         0.000 / 0.000       ms
[190.060s][info][gc,stats]    Subphase: Concurrent References Process                 0.000 / 0.000         0.000 / 0.000         0.000 / 0.000         0.000 / 0.000       ms
[190.060s][info][gc,stats]    Subphase: Concurrent Roots                              0.000 / 0.000         0.000 / 0.000         0.000 / 0.000         0.000 / 0.000       ms
[190.060s][info][gc,stats]    Subphase: Concurrent Roots ClassLoaderDataGraph         0.000 / 0.000         0.000 / 0.000         0.000 / 0.000         0.000 / 0.000       ms
[190.060s][info][gc,stats]    Subphase: Concurrent Roots JNIHandles                   0.000 / 0.000         0.000 / 0.000         0.000 / 0.000         0.000 / 0.000       ms
[190.060s][info][gc,stats]    Subphase: Concurrent Roots Setup                        0.000 / 0.000         0.000 / 0.000         0.000 / 0.000         0.000 / 0.000       ms
[190.060s][info][gc,stats]    Subphase: Concurrent Roots Teardown                     0.000 / 0.000         0.000 / 0.000         0.000 / 0.000         0.000 / 0.000       ms
[190.060s][info][gc,stats]    Subphase: Concurrent Weak Roots                         0.000 / 0.000         0.000 / 0.000         0.000 / 0.000         0.000 / 0.000       ms
[190.060s][info][gc,stats]    Subphase: Concurrent Weak Roots JNIWeakHandles          0.000 / 0.000         0.000 / 0.000         0.000 / 0.000         0.000 / 0.000       ms
[190.060s][info][gc,stats]    Subphase: Concurrent Weak Roots StringTable             0.000 / 0.000         0.000 / 0.000         0.000 / 0.000         0.000 / 0.000       ms
[190.060s][info][gc,stats]    Subphase: Concurrent Weak Roots VMWeakHandles           0.000 / 0.000         0.000 / 0.000         0.000 / 0.000         0.000 / 0.000       ms
[190.060s][info][gc,stats]    Subphase: Pause Mark Try Complete                       0.000 / 0.000         0.000 / 0.000         0.000 / 0.000         0.000 / 0.000       ms
[190.060s][info][gc,stats]    Subphase: Pause Roots                                   0.000 / 0.000         0.000 / 0.000         0.000 / 0.000         0.000 / 0.000       ms
[190.060s][info][gc,stats]    Subphase: Pause Roots CodeCache                         0.000 / 0.000         0.000 / 0.000         0.000 / 0.000         0.000 / 0.000       ms
[190.060s][info][gc,stats]    Subphase: Pause Roots JVMTIExport                       0.000 / 0.000         0.000 / 0.000         0.000 / 0.000         0.000 / 0.000       ms
[190.060s][info][gc,stats]    Subphase: Pause Roots JVMTIWeakExport                   0.000 / 0.000         0.000 / 0.000         0.000 / 0.000         0.000 / 0.000       ms
[190.060s][info][gc,stats]    Subphase: Pause Roots Management                        0.000 / 0.000         0.000 / 0.000         0.000 / 0.000         0.000 / 0.000       ms
[190.060s][info][gc,stats]    Subphase: Pause Roots ObjectSynchronizer                0.000 / 0.000         0.000 / 0.000         0.000 / 0.000         0.000 / 0.000       ms
[190.060s][info][gc,stats]    Subphase: Pause Roots Setup                             0.000 / 0.000         0.000 / 0.000         0.000 / 0.000         0.000 / 0.000       ms
[190.060s][info][gc,stats]    Subphase: Pause Roots SystemDictionary                  0.000 / 0.000         0.000 / 0.000         0.000 / 0.000         0.000 / 0.000       ms
[190.060s][info][gc,stats]    Subphase: Pause Roots Teardown                          0.000 / 0.000         0.000 / 0.000         0.000 / 0.000         0.000 / 0.000       ms
[190.060s][info][gc,stats]    Subphase: Pause Roots Threads                           0.000 / 0.000         0.000 / 0.000         0.000 / 0.000         0.000 / 0.000       ms
[190.060s][info][gc,stats]    Subphase: Pause Roots Universe                          0.000 / 0.000         0.000 / 0.000         0.000 / 0.000         0.000 / 0.000       ms
[190.060s][info][gc,stats]    Subphase: Pause Weak Roots                              0.000 / 0.000         0.000 / 0.000         0.000 / 0.000         0.000 / 0.000       ms
[190.060s][info][gc,stats]    Subphase: Pause Weak Roots JFRWeak                      0.000 / 0.000         0.000 / 0.000         0.000 / 0.000         0.000 / 0.000       ms
[190.060s][info][gc,stats]    Subphase: Pause Weak Roots JVMTIWeakExport              0.000 / 0.000         0.000 / 0.000         0.000 / 0.000         0.000 / 0.000       ms
[190.060s][info][gc,stats]    Subphase: Pause Weak Roots Setup                        0.000 / 0.000         0.000 / 0.000         0.000 / 0.000         0.000 / 0.000       ms
[190.060s][info][gc,stats]    Subphase: Pause Weak Roots Teardown                     0.000 / 0.000         0.000 / 0.000         0.000 / 0.000         0.000 / 0.000       ms
[190.060s][info][gc,stats]      System: Java Threads                                      0 / 0                 0 / 0                 0 / 0                 0 / 0           threads
[190.060s][info][gc,stats] =========================================================================================================================================================
[200.060s][info][gc,stats] === Garbage Collection Statistics =======================================================================================================================
[200.060s][info][gc,stats]                                                              Last 10s              Last 10m              Last 10h                Total
[200.060s][info][gc,stats]                                                              Avg / Max             Avg / Max             Avg / Max             Avg / Max
[200.060s][info][gc,stats]   Collector: Garbage Collection Cycle                      0.000 / 0.000         0.000 / 0.000         0.000 / 0.000         0.000 / 0.000       ms
[200.060s][info][gc,stats]  Contention: Mark Segment Reset Contention                     0 / 0                 0 / 0                 0 / 0                 0 / 0           ops/s
[200.060s][info][gc,stats]  Contention: Mark SeqNum Reset Contention                      0 / 0                 0 / 0                 0 / 0                 0 / 0           ops/s
[200.060s][info][gc,stats]  Contention: Relocation Contention                             0 / 0                 0 / 0                 0 / 0                 0 / 0           ops/s
[200.060s][info][gc,stats]    Critical: Allocation Stall                              0.000 / 0.000         0.000 / 0.000         0.000 / 0.000         0.000 / 0.000       ms
[200.060s][info][gc,stats]    Critical: Allocation Stall                                  0 / 0                 0 / 0                 0 / 0                 0 / 0           ops/s
[200.060s][info][gc,stats]    Critical: GC Locker Stall                               0.000 / 0.000         0.000 / 0.000         0.000 / 0.000         0.000 / 0.000       ms
[200.060s][info][gc,stats]    Critical: GC Locker Stall                                   0 / 0                 0 / 0                 0 / 0                 0 / 0           ops/s
[200.060s][info][gc,stats]      Memory: Allocation Rate                                   5 / 6                13 / 486              13 / 486              13 / 486         MB/s
[200.060s][info][gc,stats]      Memory: Heap Used After Mark                              0 / 0                 0 / 0                 0 / 0                 0 / 0           MB
[200.060s][info][gc,stats]      Memory: Heap Used After Relocation                        0 / 0                 0 / 0                 0 / 0                 0 / 0           MB
[200.060s][info][gc,stats]      Memory: Heap Used Before Mark                             0 / 0                 0 / 0                 0 / 0                 0 / 0           MB
[200.060s][info][gc,stats]      Memory: Heap Used Before Relocation                       0 / 0                 0 / 0                 0 / 0                 0 / 0           MB
[200.060s][info][gc,stats]      Memory: Out Of Memory                                     0 / 0                 0 / 0                 0 / 0                 0 / 0           ops/s
[200.060s][info][gc,stats]      Memory: Page Cache Flush                                  0 / 0                 0 / 0                 0 / 0                 0 / 0           MB/s
[200.060s][info][gc,stats]      Memory: Page Cache Hit L1                                 0 / 0                 0 / 36                0 / 36                0 / 36          ops/s
[200.060s][info][gc,stats]      Memory: Page Cache Hit L2                                 0 / 0                 0 / 30                0 / 30                0 / 30          ops/s
[200.060s][info][gc,stats]      Memory: Page Cache Miss                                   2 / 3                 6 / 240               6 / 240               6 / 240         ops/s
[200.060s][info][gc,stats]      Memory: Undo Object Allocation Failed                     0 / 0                 0 / 0                 0 / 0                 0 / 0           ops/s
[200.060s][info][gc,stats]      Memory: Undo Object Allocation Succeeded                  0 / 0                 0 / 0                 0 / 0                 0 / 0           ops/s
[200.060s][info][gc,stats]      Memory: Undo Page Allocation                              0 / 0                 0 / 66                0 / 66                0 / 66          ops/s
[200.060s][info][gc,stats]       Phase: Concurrent Destroy Detached Pages             0.000 / 0.000         0.000 / 0.000         0.000 / 0.000         0.000 / 0.000       ms
[200.060s][info][gc,stats]       Phase: Concurrent Mark                               0.000 / 0.000         0.000 / 0.000         0.000 / 0.000         0.000 / 0.000       ms
[200.060s][info][gc,stats]       Phase: Concurrent Mark Continue                      0.000 / 0.000         0.000 / 0.000         0.000 / 0.000         0.000 / 0.000       ms
[200.060s][info][gc,stats]       Phase: Concurrent Prepare Relocation Set             0.000 / 0.000         0.000 / 0.000         0.000 / 0.000         0.000 / 0.000       ms
[200.060s][info][gc,stats]       Phase: Concurrent Process Non-Strong References      0.000 / 0.000         0.000 / 0.000         0.000 / 0.000         0.000 / 0.000       ms
[200.060s][info][gc,stats]       Phase: Concurrent Relocate                           0.000 / 0.000         0.000 / 0.000         0.000 / 0.000         0.000 / 0.000       ms
[200.060s][info][gc,stats]       Phase: Concurrent Reset Relocation Set               0.000 / 0.000         0.000 / 0.000         0.000 / 0.000         0.000 / 0.000       ms
[200.060s][info][gc,stats]       Phase: Concurrent Select Relocation Set              0.000 / 0.000         0.000 / 0.000         0.000 / 0.000         0.000 / 0.000       ms
[200.060s][info][gc,stats]       Phase: Pause Mark End                                0.000 / 0.000         0.000 / 0.000         0.000 / 0.000         0.000 / 0.000       ms
[200.060s][info][gc,stats]       Phase: Pause Mark Start                              0.000 / 0.000         0.000 / 0.000         0.000 / 0.000         0.000 / 0.000       ms
[200.060s][info][gc,stats]       Phase: Pause Relocate Start                          0.000 / 0.000         0.000 / 0.000         0.000 / 0.000         0.000 / 0.000       ms
[200.060s][info][gc,stats]       Phase: Pause Verify                                  0.000 / 0.000         0.000 / 0.000         0.000 / 0.000         0.000 / 0.000       ms
[200.060s][info][gc,stats]    Subphase: Concurrent Classes Unload                     0.000 / 0.000         0.000 / 0.000         0.000 / 0.000         0.000 / 0.000       ms
[200.060s][info][gc,stats]    Subphase: Concurrent Mark                               0.000 / 0.000         0.000 / 0.000         0.000 / 0.000         0.000 / 0.000       ms
[200.060s][info][gc,stats]    Subphase: Concurrent Mark Idle                          0.000 / 0.000         0.000 / 0.000         0.000 / 0.000         0.000 / 0.000       ms
[200.060s][info][gc,stats]    Subphase: Concurrent Mark Try Flush                     0.000 / 0.000         0.000 / 0.000         0.000 / 0.000         0.000 / 0.000       ms
[200.060s][info][gc,stats]    Subphase: Concurrent Mark Try Terminate                 0.000 / 0.000         0.000 / 0.000         0.000 / 0.000         0.000 / 0.000       ms
[200.060s][info][gc,stats]    Subphase: Concurrent References Enqueue                 0.000 / 0.000         0.000 / 0.000         0.000 / 0.000         0.000 / 0.000       ms
[200.060s][info][gc,stats]    Subphase: Concurrent References Process                 0.000 / 0.000         0.000 / 0.000         0.000 / 0.000         0.000 / 0.000       ms
[200.060s][info][gc,stats]    Subphase: Concurrent Roots                              0.000 / 0.000         0.000 / 0.000         0.000 / 0.000         0.000 / 0.000       ms
[200.060s][info][gc,stats]    Subphase: Concurrent Roots ClassLoaderDataGraph         0.000 / 0.000         0.000 / 0.000         0.000 / 0.000         0.000 / 0.000       ms
[200.060s][info][gc,stats]    Subphase: Concurrent Roots JNIHandles                   0.000 / 0.000         0.000 / 0.000         0.000 / 0.000         0.000 / 0.000       ms
[200.060s][info][gc,stats]    Subphase: Concurrent Roots Setup                        0.000 / 0.000         0.000 / 0.000         0.000 / 0.000         0.000 / 0.000       ms
[200.060s][info][gc,stats]    Subphase: Concurrent Roots Teardown                     0.000 / 0.000         0.000 / 0.000         0.000 / 0.000         0.000 / 0.000       ms
[200.060s][info][gc,stats]    Subphase: Concurrent Weak Roots                         0.000 / 0.000         0.000 / 0.000         0.000 / 0.000         0.000 / 0.000       ms
[200.060s][info][gc,stats]    Subphase: Concurrent Weak Roots JNIWeakHandles          0.000 / 0.000         0.000 / 0.000         0.000 / 0.000         0.000 / 0.000       ms
[200.060s][info][gc,stats]    Subphase: Concurrent Weak Roots StringTable             0.000 / 0.000         0.000 / 0.000         0.000 / 0.000         0.000 / 0.000       ms
[200.060s][info][gc,stats]    Subphase: Concurrent Weak Roots VMWeakHandles           0.000 / 0.000         0.000 / 0.000         0.000 / 0.000         0.000 / 0.000       ms
[200.060s][info][gc,stats]    Subphase: Pause Mark Try Complete                       0.000 / 0.000         0.000 / 0.000         0.000 / 0.000         0.000 / 0.000       ms
[200.060s][info][gc,stats]    Subphase: Pause Roots                                   0.000 / 0.000         0.000 / 0.000         0.000 / 0.000         0.000 / 0.000       ms
[200.060s][info][gc,stats]    Subphase: Pause Roots CodeCache                         0.000 / 0.000         0.000 / 0.000         0.000 / 0.000         0.000 / 0.000       ms
[200.060s][info][gc,stats]    Subphase: Pause Roots JVMTIExport                       0.000 / 0.000         0.000 / 0.000         0.000 / 0.000         0.000 / 0.000       ms
[200.060s][info][gc,stats]    Subphase: Pause Roots JVMTIWeakExport                   0.000 / 0.000         0.000 / 0.000         0.000 / 0.000         0.000 / 0.000       ms
[200.060s][info][gc,stats]    Subphase: Pause Roots Management                        0.000 / 0.000         0.000 / 0.000         0.000 / 0.000         0.000 / 0.000       ms
[200.060s][info][gc,stats]    Subphase: Pause Roots ObjectSynchronizer                0.000 / 0.000         0.000 / 0.000         0.000 / 0.000         0.000 / 0.000       ms
[200.060s][info][gc,stats]    Subphase: Pause Roots Setup                             0.000 / 0.000         0.000 / 0.000         0.000 / 0.000         0.000 / 0.000       ms
[200.060s][info][gc,stats]    Subphase: Pause Roots SystemDictionary                  0.000 / 0.000         0.000 / 0.000         0.000 / 0.000         0.000 / 0.000       ms
[200.060s][info][gc,stats]    Subphase: Pause Roots Teardown                          0.000 / 0.000         0.000 / 0.000         0.000 / 0.000         0.000 / 0.000       ms
[200.060s][info][gc,stats]    Subphase: Pause Roots Threads                           0.000 / 0.000         0.000 / 0.000         0.000 / 0.000         0.000 / 0.000       ms
[200.060s][info][gc,stats]    Subphase: Pause Roots Universe                          0.000 / 0.000         0.000 / 0.000         0.000 / 0.000         0.000 / 0.000       ms
[200.060s][info][gc,stats]    Subphase: Pause Weak Roots                              0.000 / 0.000         0.000 / 0.000         0.000 / 0.000         0.000 / 0.000       ms
[200.060s][info][gc,stats]    Subphase: Pause Weak Roots JFRWeak                      0.000 / 0.000         0.000 / 0.000         0.000 / 0.000         0.000 / 0.000       ms
[200.060s][info][gc,stats]    Subphase: Pause Weak Roots JVMTIWeakExport              0.000 / 0.000         0.000 / 0.000         0.000 / 0.000         0.000 / 0.000       ms
[200.060s][info][gc,stats]    Subphase: Pause Weak Roots Setup                        0.000 / 0.000         0.000 / 0.000         0.000 / 0.000         0.000 / 0.000       ms
[200.060s][info][gc,stats]    Subphase: Pause Weak Roots Teardown                     0.000 / 0.000         0.000 / 0.000         0.000 / 0.000         0.000 / 0.000       ms
[200.060s][info][gc,stats]      System: Java Threads                                      0 / 0                 0 / 0                 0 / 0                 0 / 0           threads
[200.060s][info][gc,stats] =========================================================================================================================================================
[210.060s][info][gc,stats] === Garbage Collection Statistics =======================================================================================================================
[210.060s][info][gc,stats]                                                              Last 10s              Last 10m              Last 10h                Total
[210.060s][info][gc,stats]                                                              Avg / Max             Avg / Max             Avg / Max             Avg / Max
[210.060s][info][gc,stats]   Collector: Garbage Collection Cycle                      0.000 / 0.000         0.000 / 0.000         0.000 / 0.000         0.000 / 0.000       ms
[210.060s][info][gc,stats]  Contention: Mark Segment Reset Contention                     0 / 0                 0 / 0                 0 / 0                 0 / 0           ops/s
[210.060s][info][gc,stats]  Contention: Mark SeqNum Reset Contention                      0 / 0                 0 / 0                 0 / 0                 0 / 0           ops/s
[210.060s][info][gc,stats]  Contention: Relocation Contention                             0 / 0                 0 / 0                 0 / 0                 0 / 0           ops/s
[210.060s][info][gc,stats]    Critical: Allocation Stall                              0.000 / 0.000         0.000 / 0.000         0.000 / 0.000         0.000 / 0.000       ms
[210.060s][info][gc,stats]    Critical: Allocation Stall                                  0 / 0                 0 / 0                 0 / 0                 0 / 0           ops/s
[210.060s][info][gc,stats]    Critical: GC Locker Stall                               0.000 / 0.000         0.000 / 0.000         0.000 / 0.000         0.000 / 0.000       ms
[210.060s][info][gc,stats]    Critical: GC Locker Stall                                   0 / 0                 0 / 0                 0 / 0                 0 / 0           ops/s
[210.060s][info][gc,stats]      Memory: Allocation Rate                                  12 / 58               13 / 486              13 / 486              13 / 486         MB/s
[210.060s][info][gc,stats]      Memory: Heap Used After Mark                              0 / 0                 0 / 0                 0 / 0                 0 / 0           MB
[210.060s][info][gc,stats]      Memory: Heap Used After Relocation                        0 / 0                 0 / 0                 0 / 0                 0 / 0           MB
[210.060s][info][gc,stats]      Memory: Heap Used Before Mark                             0 / 0                 0 / 0                 0 / 0                 0 / 0           MB
[210.060s][info][gc,stats]      Memory: Heap Used Before Relocation                       0 / 0                 0 / 0                 0 / 0                 0 / 0           MB
[210.060s][info][gc,stats]      Memory: Out Of Memory                                     0 / 0                 0 / 0                 0 / 0                 0 / 0           ops/s
[210.060s][info][gc,stats]      Memory: Page Cache Flush                                  0 / 0                 0 / 0                 0 / 0                 0 / 0           MB/s
[210.060s][info][gc,stats]      Memory: Page Cache Hit L1                                 0 / 0                 0 / 36                0 / 36                0 / 36          ops/s
[210.060s][info][gc,stats]      Memory: Page Cache Hit L2                                 0 / 0                 0 / 30                0 / 30                0 / 30          ops/s
[210.060s][info][gc,stats]      Memory: Page Cache Miss                                   6 / 29                6 / 240               6 / 240               6 / 240         ops/s
[210.060s][info][gc,stats]      Memory: Undo Object Allocation Failed                     0 / 0                 0 / 0                 0 / 0                 0 / 0           ops/s
[210.060s][info][gc,stats]      Memory: Undo Object Allocation Succeeded                  0 / 0                 0 / 0                 0 / 0                 0 / 0           ops/s
[210.060s][info][gc,stats]      Memory: Undo Page Allocation                              0 / 0                 0 / 66                0 / 66                0 / 66          ops/s
[210.060s][info][gc,stats]       Phase: Concurrent Destroy Detached Pages             0.000 / 0.000         0.000 / 0.000         0.000 / 0.000         0.000 / 0.000       ms
[210.060s][info][gc,stats]       Phase: Concurrent Mark                               0.000 / 0.000         0.000 / 0.000         0.000 / 0.000         0.000 / 0.000       ms
[210.060s][info][gc,stats]       Phase: Concurrent Mark Continue                      0.000 / 0.000         0.000 / 0.000         0.000 / 0.000         0.000 / 0.000       ms
[210.060s][info][gc,stats]       Phase: Concurrent Prepare Relocation Set             0.000 / 0.000         0.000 / 0.000         0.000 / 0.000         0.000 / 0.000       ms
[210.060s][info][gc,stats]       Phase: Concurrent Process Non-Strong References      0.000 / 0.000         0.000 / 0.000         0.000 / 0.000         0.000 / 0.000       ms
[210.060s][info][gc,stats]       Phase: Concurrent Relocate                           0.000 / 0.000         0.000 / 0.000         0.000 / 0.000         0.000 / 0.000       ms
[210.060s][info][gc,stats]       Phase: Concurrent Reset Relocation Set               0.000 / 0.000         0.000 / 0.000         0.000 / 0.000         0.000 / 0.000       ms
[210.060s][info][gc,stats]       Phase: Concurrent Select Relocation Set              0.000 / 0.000         0.000 / 0.000         0.000 / 0.000         0.000 / 0.000       ms
[210.060s][info][gc,stats]       Phase: Pause Mark End                                0.000 / 0.000         0.000 / 0.000         0.000 / 0.000         0.000 / 0.000       ms
[210.060s][info][gc,stats]       Phase: Pause Mark Start                              0.000 / 0.000         0.000 / 0.000         0.000 / 0.000         0.000 / 0.000       ms
[210.060s][info][gc,stats]       Phase: Pause Relocate Start                          0.000 / 0.000         0.000 / 0.000         0.000 / 0.000         0.000 / 0.000       ms
[210.060s][info][gc,stats]       Phase: Pause Verify                                  0.000 / 0.000         0.000 / 0.000         0.000 / 0.000         0.000 / 0.000       ms
[210.060s][info][gc,stats]    Subphase: Concurrent Classes Unload                     0.000 / 0.000         0.000 / 0.000         0.000 / 0.000         0.000 / 0.000       ms
[210.060s][info][gc,stats]    Subphase: Concurrent Mark                               0.000 / 0.000         0.000 / 0.000         0.000 / 0.000         0.000 / 0.000       ms
[210.060s][info][gc,stats]    Subphase: Concurrent Mark Idle                          0.000 / 0.000         0.000 / 0.000         0.000 / 0.000         0.000 / 0.000       ms
[210.060s][info][gc,stats]    Subphase: Concurrent Mark Try Flush                     0.000 / 0.000         0.000 / 0.000         0.000 / 0.000         0.000 / 0.000       ms
[210.060s][info][gc,stats]    Subphase: Concurrent Mark Try Terminate                 0.000 / 0.000         0.000 / 0.000         0.000 / 0.000         0.000 / 0.000       ms
[210.060s][info][gc,stats]    Subphase: Concurrent References Enqueue                 0.000 / 0.000         0.000 / 0.000         0.000 / 0.000         0.000 / 0.000       ms
[210.060s][info][gc,stats]    Subphase: Concurrent References Process                 0.000 / 0.000         0.000 / 0.000         0.000 / 0.000         0.000 / 0.000       ms
[210.060s][info][gc,stats]    Subphase: Concurrent Roots                              0.000 / 0.000         0.000 / 0.000         0.000 / 0.000         0.000 / 0.000       ms
[210.060s][info][gc,stats]    Subphase: Concurrent Roots ClassLoaderDataGraph         0.000 / 0.000         0.000 / 0.000         0.000 / 0.000         0.000 / 0.000       ms
[210.060s][info][gc,stats]    Subphase: Concurrent Roots JNIHandles                   0.000 / 0.000         0.000 / 0.000         0.000 / 0.000         0.000 / 0.000       ms
[210.060s][info][gc,stats]    Subphase: Concurrent Roots Setup                        0.000 / 0.000         0.000 / 0.000         0.000 / 0.000         0.000 / 0.000       ms
[210.060s][info][gc,stats]    Subphase: Concurrent Roots Teardown                     0.000 / 0.000         0.000 / 0.000         0.000 / 0.000         0.000 / 0.000       ms
[210.060s][info][gc,stats]    Subphase: Concurrent Weak Roots                         0.000 / 0.000         0.000 / 0.000         0.000 / 0.000         0.000 / 0.000       ms
[210.060s][info][gc,stats]    Subphase: Concurrent Weak Roots JNIWeakHandles          0.000 / 0.000         0.000 / 0.000         0.000 / 0.000         0.000 / 0.000       ms
[210.060s][info][gc,stats]    Subphase: Concurrent Weak Roots StringTable             0.000 / 0.000         0.000 / 0.000         0.000 / 0.000         0.000 / 0.000       ms
[210.060s][info][gc,stats]    Subphase: Concurrent Weak Roots VMWeakHandles           0.000 / 0.000         0.000 / 0.000         0.000 / 0.000         0.000 / 0.000       ms
[210.060s][info][gc,stats]    Subphase: Pause Mark Try Complete                       0.000 / 0.000         0.000 / 0.000         0.000 / 0.000         0.000 / 0.000       ms
[210.060s][info][gc,stats]    Subphase: Pause Roots                                   0.000 / 0.000         0.000 / 0.000         0.000 / 0.000         0.000 / 0.000       ms
[210.060s][info][gc,stats]    Subphase: Pause Roots CodeCache                         0.000 / 0.000         0.000 / 0.000         0.000 / 0.000         0.000 / 0.000       ms
[210.060s][info][gc,stats]    Subphase: Pause Roots JVMTIExport                       0.000 / 0.000         0.000 / 0.000         0.000 / 0.000         0.000 / 0.000       ms
[210.060s][info][gc,stats]    Subphase: Pause Roots JVMTIWeakExport                   0.000 / 0.000         0.000 / 0.000         0.000 / 0.000         0.000 / 0.000       ms
[210.060s][info][gc,stats]    Subphase: Pause Roots Management                        0.000 / 0.000         0.000 / 0.000         0.000 / 0.000         0.000 / 0.000       ms
[210.060s][info][gc,stats]    Subphase: Pause Roots ObjectSynchronizer                0.000 / 0.000         0.000 / 0.000         0.000 / 0.000         0.000 / 0.000       ms
[210.060s][info][gc,stats]    Subphase: Pause Roots Setup                             0.000 / 0.000         0.000 / 0.000         0.000 / 0.000         0.000 / 0.000       ms
[210.060s][info][gc,stats]    Subphase: Pause Roots SystemDictionary                  0.000 / 0.000         0.000 / 0.000         0.000 / 0.000         0.000 / 0.000       ms
[210.060s][info][gc,stats]    Subphase: Pause Roots Teardown                          0.000 / 0.000         0.000 / 0.000         0.000 / 0.000         0.000 / 0.000       ms
[210.060s][info][gc,stats]    Subphase: Pause Roots Threads                           0.000 / 0.000         0.000 / 0.000         0.000 / 0.000         0.000 / 0.000       ms
[210.060s][info][gc,stats]    Subphase: Pause Roots Universe                          0.000 / 0.000         0.000 / 0.000         0.000 / 0.000         0.000 / 0.000       ms
[210.060s][info][gc,stats]    Subphase: Pause Weak Roots                              0.000 / 0.000         0.000 / 0.000         0.000 / 0.000         0.000 / 0.000       ms
[210.060s][info][gc,stats]    Subphase: Pause Weak Roots JFRWeak                      0.000 / 0.000         0.000 / 0.000         0.000 / 0.000         0.000 / 0.000       ms
[210.060s][info][gc,stats]    Subphase: Pause Weak Roots JVMTIWeakExport              0.000 / 0.000         0.000 / 0.000         0.000 / 0.000         0.000 / 0.000       ms
[210.060s][info][gc,stats]    Subphase: Pause Weak Roots Setup                        0.000 / 0.000         0.000 / 0.000         0.000 / 0.000         0.000 / 0.000       ms
[210.060s][info][gc,stats]    Subphase: Pause Weak Roots Teardown                     0.000 / 0.000         0.000 / 0.000         0.000 / 0.000         0.000 / 0.000       ms
[210.060s][info][gc,stats]      System: Java Threads                                      0 / 0                 0 / 0                 0 / 0                 0 / 0           threads
[210.060s][info][gc,stats] =========================================================================================================================================================
[220.060s][info][gc,stats] === Garbage Collection Statistics =======================================================================================================================
[220.060s][info][gc,stats]                                                              Last 10s              Last 10m              Last 10h                Total
[220.060s][info][gc,stats]                                                              Avg / Max             Avg / Max             Avg / Max             Avg / Max
[220.060s][info][gc,stats]   Collector: Garbage Collection Cycle                      0.000 / 0.000         0.000 / 0.000         0.000 / 0.000         0.000 / 0.000       ms
[220.060s][info][gc,stats]  Contention: Mark Segment Reset Contention                     0 / 0                 0 / 0                 0 / 0                 0 / 0           ops/s
[220.060s][info][gc,stats]  Contention: Mark SeqNum Reset Contention                      0 / 0                 0 / 0                 0 / 0                 0 / 0           ops/s
[220.060s][info][gc,stats]  Contention: Relocation Contention                             0 / 0                 0 / 0                 0 / 0                 0 / 0           ops/s
[220.060s][info][gc,stats]    Critical: Allocation Stall                              0.000 / 0.000         0.000 / 0.000         0.000 / 0.000         0.000 / 0.000       ms
[220.060s][info][gc,stats]    Critical: Allocation Stall                                  0 / 0                 0 / 0                 0 / 0                 0 / 0           ops/s
[220.060s][info][gc,stats]    Critical: GC Locker Stall                               0.000 / 0.000         0.000 / 0.000         0.000 / 0.000         0.000 / 0.000       ms
[220.060s][info][gc,stats]    Critical: GC Locker Stall                                   0 / 0                 0 / 0                 0 / 0                 0 / 0           ops/s
[220.060s][info][gc,stats]      Memory: Allocation Rate                                  55 / 64               15 / 486              15 / 486              15 / 486         MB/s
[220.060s][info][gc,stats]      Memory: Heap Used After Mark                              0 / 0                 0 / 0                 0 / 0                 0 / 0           MB
[220.060s][info][gc,stats]      Memory: Heap Used After Relocation                        0 / 0                 0 / 0                 0 / 0                 0 / 0           MB
[220.060s][info][gc,stats]      Memory: Heap Used Before Mark                             0 / 0                 0 / 0                 0 / 0                 0 / 0           MB
[220.060s][info][gc,stats]      Memory: Heap Used Before Relocation                       0 / 0                 0 / 0                 0 / 0                 0 / 0           MB
[220.060s][info][gc,stats]      Memory: Out Of Memory                                     0 / 0                 0 / 0                 0 / 0                 0 / 0           ops/s
[220.060s][info][gc,stats]      Memory: Page Cache Flush                                  0 / 0                 0 / 0                 0 / 0                 0 / 0           MB/s
[220.060s][info][gc,stats]      Memory: Page Cache Hit L1                                 0 / 0                 0 / 36                0 / 36                0 / 36          ops/s
[220.060s][info][gc,stats]      Memory: Page Cache Hit L2                                 0 / 0                 0 / 30                0 / 30                0 / 30          ops/s
[220.060s][info][gc,stats]      Memory: Page Cache Miss                                  27 / 32                7 / 240               7 / 240               7 / 240         ops/s
[220.060s][info][gc,stats]      Memory: Undo Object Allocation Failed                     0 / 0                 0 / 0                 0 / 0                 0 / 0           ops/s
[220.060s][info][gc,stats]      Memory: Undo Object Allocation Succeeded                  0 / 0                 0 / 0                 0 / 0                 0 / 0           ops/s
[220.060s][info][gc,stats]      Memory: Undo Page Allocation                              0 / 0                 0 / 66                0 / 66                0 / 66          ops/s
[220.060s][info][gc,stats]       Phase: Concurrent Destroy Detached Pages             0.000 / 0.000         0.000 / 0.000         0.000 / 0.000         0.000 / 0.000       ms
[220.060s][info][gc,stats]       Phase: Concurrent Mark                               0.000 / 0.000         0.000 / 0.000         0.000 / 0.000         0.000 / 0.000       ms
[220.060s][info][gc,stats]       Phase: Concurrent Mark Continue                      0.000 / 0.000         0.000 / 0.000         0.000 / 0.000         0.000 / 0.000       ms
[220.060s][info][gc,stats]       Phase: Concurrent Prepare Relocation Set             0.000 / 0.000         0.000 / 0.000         0.000 / 0.000         0.000 / 0.000       ms
[220.060s][info][gc,stats]       Phase: Concurrent Process Non-Strong References      0.000 / 0.000         0.000 / 0.000         0.000 / 0.000         0.000 / 0.000       ms
[220.060s][info][gc,stats]       Phase: Concurrent Relocate                           0.000 / 0.000         0.000 / 0.000         0.000 / 0.000         0.000 / 0.000       ms
[220.060s][info][gc,stats]       Phase: Concurrent Reset Relocation Set               0.000 / 0.000         0.000 / 0.000         0.000 / 0.000         0.000 / 0.000       ms
[220.060s][info][gc,stats]       Phase: Concurrent Select Relocation Set              0.000 / 0.000         0.000 / 0.000         0.000 / 0.000         0.000 / 0.000       ms
[220.060s][info][gc,stats]       Phase: Pause Mark End                                0.000 / 0.000         0.000 / 0.000         0.000 / 0.000         0.000 / 0.000       ms
[220.060s][info][gc,stats]       Phase: Pause Mark Start                              0.000 / 0.000         0.000 / 0.000         0.000 / 0.000         0.000 / 0.000       ms
[220.060s][info][gc,stats]       Phase: Pause Relocate Start                          0.000 / 0.000         0.000 / 0.000         0.000 / 0.000         0.000 / 0.000       ms
[220.060s][info][gc,stats]       Phase: Pause Verify                                  0.000 / 0.000         0.000 / 0.000         0.000 / 0.000         0.000 / 0.000       ms
[220.060s][info][gc,stats]    Subphase: Concurrent Classes Unload                     0.000 / 0.000         0.000 / 0.000         0.000 / 0.000         0.000 / 0.000       ms
[220.060s][info][gc,stats]    Subphase: Concurrent Mark                               0.000 / 0.000         0.000 / 0.000         0.000 / 0.000         0.000 / 0.000       ms
[220.060s][info][gc,stats]    Subphase: Concurrent Mark Idle                          0.000 / 0.000         0.000 / 0.000         0.000 / 0.000         0.000 / 0.000       ms
[220.060s][info][gc,stats]    Subphase: Concurrent Mark Try Flush                     0.000 / 0.000         0.000 / 0.000         0.000 / 0.000         0.000 / 0.000       ms
[220.060s][info][gc,stats]    Subphase: Concurrent Mark Try Terminate                 0.000 / 0.000         0.000 / 0.000         0.000 / 0.000         0.000 / 0.000       ms
[220.060s][info][gc,stats]    Subphase: Concurrent References Enqueue                 0.000 / 0.000         0.000 / 0.000         0.000 / 0.000         0.000 / 0.000       ms
[220.060s][info][gc,stats]    Subphase: Concurrent References Process                 0.000 / 0.000         0.000 / 0.000         0.000 / 0.000         0.000 / 0.000       ms
[220.060s][info][gc,stats]    Subphase: Concurrent Roots                              0.000 / 0.000         0.000 / 0.000         0.000 / 0.000         0.000 / 0.000       ms
[220.060s][info][gc,stats]    Subphase: Concurrent Roots ClassLoaderDataGraph         0.000 / 0.000         0.000 / 0.000         0.000 / 0.000         0.000 / 0.000       ms
[220.060s][info][gc,stats]    Subphase: Concurrent Roots JNIHandles                   0.000 / 0.000         0.000 / 0.000         0.000 / 0.000         0.000 / 0.000       ms
[220.060s][info][gc,stats]    Subphase: Concurrent Roots Setup                        0.000 / 0.000         0.000 / 0.000         0.000 / 0.000         0.000 / 0.000       ms
[220.060s][info][gc,stats]    Subphase: Concurrent Roots Teardown                     0.000 / 0.000         0.000 / 0.000         0.000 / 0.000         0.000 / 0.000       ms
[220.060s][info][gc,stats]    Subphase: Concurrent Weak Roots                         0.000 / 0.000         0.000 / 0.000         0.000 / 0.000         0.000 / 0.000       ms
[220.060s][info][gc,stats]    Subphase: Concurrent Weak Roots JNIWeakHandles          0.000 / 0.000         0.000 / 0.000         0.000 / 0.000         0.000 / 0.000       ms
[220.060s][info][gc,stats]    Subphase: Concurrent Weak Roots StringTable             0.000 / 0.000         0.000 / 0.000         0.000 / 0.000         0.000 / 0.000       ms
[220.060s][info][gc,stats]    Subphase: Concurrent Weak Roots VMWeakHandles           0.000 / 0.000         0.000 / 0.000         0.000 / 0.000         0.000 / 0.000       ms
[220.060s][info][gc,stats]    Subphase: Pause Mark Try Complete                       0.000 / 0.000         0.000 / 0.000         0.000 / 0.000         0.000 / 0.000       ms
[220.060s][info][gc,stats]    Subphase: Pause Roots                                   0.000 / 0.000         0.000 / 0.000         0.000 / 0.000         0.000 / 0.000       ms
[220.060s][info][gc,stats]    Subphase: Pause Roots CodeCache                         0.000 / 0.000         0.000 / 0.000         0.000 / 0.000         0.000 / 0.000       ms
[220.060s][info][gc,stats]    Subphase: Pause Roots JVMTIExport                       0.000 / 0.000         0.000 / 0.000         0.000 / 0.000         0.000 / 0.000       ms
[220.060s][info][gc,stats]    Subphase: Pause Roots JVMTIWeakExport                   0.000 / 0.000         0.000 / 0.000         0.000 / 0.000         0.000 / 0.000       ms
[220.060s][info][gc,stats]    Subphase: Pause Roots Management                        0.000 / 0.000         0.000 / 0.000         0.000 / 0.000         0.000 / 0.000       ms
[220.060s][info][gc,stats]    Subphase: Pause Roots ObjectSynchronizer                0.000 / 0.000         0.000 / 0.000         0.000 / 0.000         0.000 / 0.000       ms
[220.060s][info][gc,stats]    Subphase: Pause Roots Setup                             0.000 / 0.000         0.000 / 0.000         0.000 / 0.000         0.000 / 0.000       ms
[220.060s][info][gc,stats]    Subphase: Pause Roots SystemDictionary                  0.000 / 0.000         0.000 / 0.000         0.000 / 0.000         0.000 / 0.000       ms
[220.060s][info][gc,stats]    Subphase: Pause Roots Teardown                          0.000 / 0.000         0.000 / 0.000         0.000 / 0.000         0.000 / 0.000       ms
[220.060s][info][gc,stats]    Subphase: Pause Roots Threads                           0.000 / 0.000         0.000 / 0.000         0.000 / 0.000         0.000 / 0.000       ms
[220.060s][info][gc,stats]    Subphase: Pause Roots Universe                          0.000 / 0.000         0.000 / 0.000         0.000 / 0.000         0.000 / 0.000       ms
[220.060s][info][gc,stats]    Subphase: Pause Weak Roots                              0.000 / 0.000         0.000 / 0.000         0.000 / 0.000         0.000 / 0.000       ms
[220.060s][info][gc,stats]    Subphase: Pause Weak Roots JFRWeak                      0.000 / 0.000         0.000 / 0.000         0.000 / 0.000         0.000 / 0.000       ms
[220.060s][info][gc,stats]    Subphase: Pause Weak Roots JVMTIWeakExport              0.000 / 0.000         0.000 / 0.000         0.000 / 0.000         0.000 / 0.000       ms
[220.060s][info][gc,stats]    Subphase: Pause Weak Roots Setup                        0.000 / 0.000         0.000 / 0.000         0.000 / 0.000         0.000 / 0.000       ms
[220.060s][info][gc,stats]    Subphase: Pause Weak Roots Teardown                     0.000 / 0.000         0.000 / 0.000         0.000 / 0.000         0.000 / 0.000       ms
[220.060s][info][gc,stats]      System: Java Threads                                      0 / 0                 0 / 0                 0 / 0                 0 / 0           threads
[220.060s][info][gc,stats] =========================================================================================================================================================
[230.060s][info][gc,stats] === Garbage Collection Statistics =======================================================================================================================
[230.060s][info][gc,stats]                                                              Last 10s              Last 10m              Last 10h                Total
[230.060s][info][gc,stats]                                                              Avg / Max             Avg / Max             Avg / Max             Avg / Max
[230.060s][info][gc,stats]   Collector: Garbage Collection Cycle                      0.000 / 0.000         0.000 / 0.000         0.000 / 0.000         0.000 / 0.000       ms
[230.060s][info][gc,stats]  Contention: Mark Segment Reset Contention                     0 / 0                 0 / 0                 0 / 0                 0 / 0           ops/s
[230.060s][info][gc,stats]  Contention: Mark SeqNum Reset Contention                      0 / 0                 0 / 0                 0 / 0                 0 / 0           ops/s
[230.060s][info][gc,stats]  Contention: Relocation Contention                             0 / 0                 0 / 0                 0 / 0                 0 / 0           ops/s
[230.060s][info][gc,stats]    Critical: Allocation Stall                              0.000 / 0.000         0.000 / 0.000         0.000 / 0.000         0.000 / 0.000       ms
[230.060s][info][gc,stats]    Critical: Allocation Stall                                  0 / 0                 0 / 0                 0 / 0                 0 / 0           ops/s
[230.060s][info][gc,stats]    Critical: GC Locker Stall                               0.000 / 0.000         0.000 / 0.000         0.000 / 0.000         0.000 / 0.000       ms
[230.060s][info][gc,stats]    Critical: GC Locker Stall                                   0 / 0                 0 / 0                 0 / 0                 0 / 0           ops/s
[230.060s][info][gc,stats]      Memory: Allocation Rate                                  19 / 52               15 / 486              15 / 486              15 / 486         MB/s
[230.060s][info][gc,stats]      Memory: Heap Used After Mark                              0 / 0                 0 / 0                 0 / 0                 0 / 0           MB
[230.060s][info][gc,stats]      Memory: Heap Used After Relocation                        0 / 0                 0 / 0                 0 / 0                 0 / 0           MB
[230.060s][info][gc,stats]      Memory: Heap Used Before Mark                             0 / 0                 0 / 0                 0 / 0                 0 / 0           MB
[230.060s][info][gc,stats]      Memory: Heap Used Before Relocation                       0 / 0                 0 / 0                 0 / 0                 0 / 0           MB
[230.060s][info][gc,stats]      Memory: Out Of Memory                                     0 / 0                 0 / 0                 0 / 0                 0 / 0           ops/s
[230.060s][info][gc,stats]      Memory: Page Cache Flush                                  0 / 0                 0 / 0                 0 / 0                 0 / 0           MB/s
[230.060s][info][gc,stats]      Memory: Page Cache Hit L1                                 0 / 0                 0 / 36                0 / 36                0 / 36          ops/s
[230.060s][info][gc,stats]      Memory: Page Cache Hit L2                                 0 / 0                 0 / 30                0 / 30                0 / 30          ops/s
[230.060s][info][gc,stats]      Memory: Page Cache Miss                                   9 / 26                7 / 240               7 / 240               7 / 240         ops/s
[230.060s][info][gc,stats]      Memory: Undo Object Allocation Failed                     0 / 0                 0 / 0                 0 / 0                 0 / 0           ops/s
[230.060s][info][gc,stats]      Memory: Undo Object Allocation Succeeded                  0 / 0                 0 / 0                 0 / 0                 0 / 0           ops/s
[230.060s][info][gc,stats]      Memory: Undo Page Allocation                              0 / 0                 0 / 66                0 / 66                0 / 66          ops/s
[230.060s][info][gc,stats]       Phase: Concurrent Destroy Detached Pages             0.000 / 0.000         0.000 / 0.000         0.000 / 0.000         0.000 / 0.000       ms
[230.060s][info][gc,stats]       Phase: Concurrent Mark                               0.000 / 0.000         0.000 / 0.000         0.000 / 0.000         0.000 / 0.000       ms
[230.060s][info][gc,stats]       Phase: Concurrent Mark Continue                      0.000 / 0.000         0.000 / 0.000         0.000 / 0.000         0.000 / 0.000       ms
[230.060s][info][gc,stats]       Phase: Concurrent Prepare Relocation Set             0.000 / 0.000         0.000 / 0.000         0.000 / 0.000         0.000 / 0.000       ms
[230.060s][info][gc,stats]       Phase: Concurrent Process Non-Strong References      0.000 / 0.000         0.000 / 0.000         0.000 / 0.000         0.000 / 0.000       ms
[230.060s][info][gc,stats]       Phase: Concurrent Relocate                           0.000 / 0.000         0.000 / 0.000         0.000 / 0.000         0.000 / 0.000       ms
[230.060s][info][gc,stats]       Phase: Concurrent Reset Relocation Set               0.000 / 0.000         0.000 / 0.000         0.000 / 0.000         0.000 / 0.000       ms
[230.060s][info][gc,stats]       Phase: Concurrent Select Relocation Set              0.000 / 0.000         0.000 / 0.000         0.000 / 0.000         0.000 / 0.000       ms
[230.060s][info][gc,stats]       Phase: Pause Mark End                                0.000 / 0.000         0.000 / 0.000         0.000 / 0.000         0.000 / 0.000       ms
[230.060s][info][gc,stats]       Phase: Pause Mark Start                              0.000 / 0.000         0.000 / 0.000         0.000 / 0.000         0.000 / 0.000       ms
[230.060s][info][gc,stats]       Phase: Pause Relocate Start                          0.000 / 0.000         0.000 / 0.000         0.000 / 0.000         0.000 / 0.000       ms
[230.060s][info][gc,stats]       Phase: Pause Verify                                  0.000 / 0.000         0.000 / 0.000         0.000 / 0.000         0.000 / 0.000       ms
[230.060s][info][gc,stats]    Subphase: Concurrent Classes Unload                     0.000 / 0.000         0.000 / 0.000         0.000 / 0.000         0.000 / 0.000       ms
[230.060s][info][gc,stats]    Subphase: Concurrent Mark                               0.000 / 0.000         0.000 / 0.000         0.000 / 0.000         0.000 / 0.000       ms
[230.060s][info][gc,stats]    Subphase: Concurrent Mark Idle                          0.000 / 0.000         0.000 / 0.000         0.000 / 0.000         0.000 / 0.000       ms
[230.060s][info][gc,stats]    Subphase: Concurrent Mark Try Flush                     0.000 / 0.000         0.000 / 0.000         0.000 / 0.000         0.000 / 0.000       ms
[230.060s][info][gc,stats]    Subphase: Concurrent Mark Try Terminate                 0.000 / 0.000         0.000 / 0.000         0.000 / 0.000         0.000 / 0.000       ms
[230.060s][info][gc,stats]    Subphase: Concurrent References Enqueue                 0.000 / 0.000         0.000 / 0.000         0.000 / 0.000         0.000 / 0.000       ms
[230.060s][info][gc,stats]    Subphase: Concurrent References Process                 0.000 / 0.000         0.000 / 0.000         0.000 / 0.000         0.000 / 0.000       ms
[230.060s][info][gc,stats]    Subphase: Concurrent Roots                              0.000 / 0.000         0.000 / 0.000         0.000 / 0.000         0.000 / 0.000       ms
[230.060s][info][gc,stats]    Subphase: Concurrent Roots ClassLoaderDataGraph         0.000 / 0.000         0.000 / 0.000         0.000 / 0.000         0.000 / 0.000       ms
[230.060s][info][gc,stats]    Subphase: Concurrent Roots JNIHandles                   0.000 / 0.000         0.000 / 0.000         0.000 / 0.000         0.000 / 0.000       ms
[230.060s][info][gc,stats]    Subphase: Concurrent Roots Setup                        0.000 / 0.000         0.000 / 0.000         0.000 / 0.000         0.000 / 0.000       ms
[230.060s][info][gc,stats]    Subphase: Concurrent Roots Teardown                     0.000 / 0.000         0.000 / 0.000         0.000 / 0.000         0.000 / 0.000       ms
[230.060s][info][gc,stats]    Subphase: Concurrent Weak Roots                         0.000 / 0.000         0.000 / 0.000         0.000 / 0.000         0.000 / 0.000       ms
[230.060s][info][gc,stats]    Subphase: Concurrent Weak Roots JNIWeakHandles          0.000 / 0.000         0.000 / 0.000         0.000 / 0.000         0.000 / 0.000       ms
[230.060s][info][gc,stats]    Subphase: Concurrent Weak Roots StringTable             0.000 / 0.000         0.000 / 0.000         0.000 / 0.000         0.000 / 0.000       ms
[230.060s][info][gc,stats]    Subphase: Concurrent Weak Roots VMWeakHandles           0.000 / 0.000         0.000 / 0.000         0.000 / 0.000         0.000 / 0.000       ms
[230.060s][info][gc,stats]    Subphase: Pause Mark Try Complete                       0.000 / 0.000         0.000 / 0.000         0.000 / 0.000         0.000 / 0.000       ms
[230.060s][info][gc,stats]    Subphase: Pause Roots                                   0.000 / 0.000         0.000 / 0.000         0.000 / 0.000         0.000 / 0.000       ms
[230.060s][info][gc,stats]    Subphase: Pause Roots CodeCache                         0.000 / 0.000         0.000 / 0.000         0.000 / 0.000         0.000 / 0.000       ms
[230.060s][info][gc,stats]    Subphase: Pause Roots JVMTIExport                       0.000 / 0.000         0.000 / 0.000         0.000 / 0.000         0.000 / 0.000       ms
[230.060s][info][gc,stats]    Subphase: Pause Roots JVMTIWeakExport                   0.000 / 0.000         0.000 / 0.000         0.000 / 0.000         0.000 / 0.000       ms
[230.060s][info][gc,stats]    Subphase: Pause Roots Management                        0.000 / 0.000         0.000 / 0.000         0.000 / 0.000         0.000 / 0.000       ms
[230.060s][info][gc,stats]    Subphase: Pause Roots ObjectSynchronizer                0.000 / 0.000         0.000 / 0.000         0.000 / 0.000         0.000 / 0.000       ms
[230.060s][info][gc,stats]    Subphase: Pause Roots Setup                             0.000 / 0.000         0.000 / 0.000         0.000 / 0.000         0.000 / 0.000       ms
[230.060s][info][gc,stats]    Subphase: Pause Roots SystemDictionary                  0.000 / 0.000         0.000 / 0.000         0.000 / 0.000         0.000 / 0.000       ms
[230.060s][info][gc,stats]    Subphase: Pause Roots Teardown                          0.000 / 0.000         0.000 / 0.000         0.000 / 0.000         0.000 / 0.000       ms
[230.060s][info][gc,stats]    Subphase: Pause Roots Threads                           0.000 / 0.000         0.000 / 0.000         0.000 / 0.000         0.000 / 0.000       ms
[230.060s][info][gc,stats]    Subphase: Pause Roots Universe                          0.000 / 0.000         0.000 / 0.000         0.000 / 0.000         0.000 / 0.000       ms
[230.060s][info][gc,stats]    Subphase: Pause Weak Roots                              0.000 / 0.000         0.000 / 0.000         0.000 / 0.000         0.000 / 0.000       ms
[230.060s][info][gc,stats]    Subphase: Pause Weak Roots JFRWeak                      0.000 / 0.000         0.000 / 0.000         0.000 / 0.000         0.000 / 0.000       ms
[230.060s][info][gc,stats]    Subphase: Pause Weak Roots JVMTIWeakExport              0.000 / 0.000         0.000 / 0.000         0.000 / 0.000         0.000 / 0.000       ms
[230.060s][info][gc,stats]    Subphase: Pause Weak Roots Setup                        0.000 / 0.000         0.000 / 0.000         0.000 / 0.000         0.000 / 0.000       ms
[230.060s][info][gc,stats]    Subphase: Pause Weak Roots Teardown                     0.000 / 0.000         0.000 / 0.000         0.000 / 0.000         0.000 / 0.000       ms
[230.060s][info][gc,stats]      System: Java Threads                                      0 / 0                 0 / 0                 0 / 0                 0 / 0           threads
[230.060s][info][gc,stats] =========================================================================================================================================================
[240.059s][info][gc,stats] === Garbage Collection Statistics =======================================================================================================================
[240.059s][info][gc,stats]                                                              Last 10s              Last 10m              Last 10h                Total
[240.059s][info][gc,stats]                                                              Avg / Max             Avg / Max             Avg / Max             Avg / Max
[240.059s][info][gc,stats]   Collector: Garbage Collection Cycle                      0.000 / 0.000         0.000 / 0.000         0.000 / 0.000         0.000 / 0.000       ms
[240.059s][info][gc,stats]  Contention: Mark Segment Reset Contention                     0 / 0                 0 / 0                 0 / 0                 0 / 0           ops/s
[240.059s][info][gc,stats]  Contention: Mark SeqNum Reset Contention                      0 / 0                 0 / 0                 0 / 0                 0 / 0           ops/s
[240.059s][info][gc,stats]  Contention: Relocation Contention                             0 / 0                 0 / 0                 0 / 0                 0 / 0           ops/s
[240.060s][info][gc,stats]    Critical: Allocation Stall                              0.000 / 0.000         0.000 / 0.000         0.000 / 0.000         0.000 / 0.000       ms
[240.060s][info][gc,stats]    Critical: Allocation Stall                                  0 / 0                 0 / 0                 0 / 0                 0 / 0           ops/s
[240.060s][info][gc,stats]    Critical: GC Locker Stall                               0.000 / 0.000         0.000 / 0.000         0.000 / 0.000         0.000 / 0.000       ms
[240.060s][info][gc,stats]    Critical: GC Locker Stall                                   0 / 0                 0 / 0                 0 / 0                 0 / 0           ops/s
[240.060s][info][gc,stats]      Memory: Allocation Rate                                   9 / 14               15 / 486              15 / 486              15 / 486         MB/s
[240.060s][info][gc,stats]      Memory: Heap Used After Mark                              0 / 0                 0 / 0                 0 / 0                 0 / 0           MB
[240.060s][info][gc,stats]      Memory: Heap Used After Relocation                        0 / 0                 0 / 0                 0 / 0                 0 / 0           MB
[240.060s][info][gc,stats]      Memory: Heap Used Before Mark                             0 / 0                 0 / 0                 0 / 0                 0 / 0           MB
[240.060s][info][gc,stats]      Memory: Heap Used Before Relocation                       0 / 0                 0 / 0                 0 / 0                 0 / 0           MB
[240.060s][info][gc,stats]      Memory: Out Of Memory                                     0 / 0                 0 / 0                 0 / 0                 0 / 0           ops/s
[240.060s][info][gc,stats]      Memory: Page Cache Flush                                  0 / 0                 0 / 0                 0 / 0                 0 / 0           MB/s
[240.060s][info][gc,stats]      Memory: Page Cache Hit L1                                 0 / 0                 0 / 36                0 / 36                0 / 36          ops/s
[240.060s][info][gc,stats]      Memory: Page Cache Hit L2                                 0 / 0                 0 / 30                0 / 30                0 / 30          ops/s
[240.060s][info][gc,stats]      Memory: Page Cache Miss                                   4 / 7                 7 / 240               7 / 240               7 / 240         ops/s
[240.060s][info][gc,stats]      Memory: Undo Object Allocation Failed                     0 / 0                 0 / 0                 0 / 0                 0 / 0           ops/s
[240.060s][info][gc,stats]      Memory: Undo Object Allocation Succeeded                  0 / 0                 0 / 0                 0 / 0                 0 / 0           ops/s
[240.060s][info][gc,stats]      Memory: Undo Page Allocation                              0 / 0                 0 / 66                0 / 66                0 / 66          ops/s
[240.060s][info][gc,stats]       Phase: Concurrent Destroy Detached Pages             0.000 / 0.000         0.000 / 0.000         0.000 / 0.000         0.000 / 0.000       ms
[240.060s][info][gc,stats]       Phase: Concurrent Mark                               0.000 / 0.000         0.000 / 0.000         0.000 / 0.000         0.000 / 0.000       ms
[240.060s][info][gc,stats]       Phase: Concurrent Mark Continue                      0.000 / 0.000         0.000 / 0.000         0.000 / 0.000         0.000 / 0.000       ms
[240.060s][info][gc,stats]       Phase: Concurrent Prepare Relocation Set             0.000 / 0.000         0.000 / 0.000         0.000 / 0.000         0.000 / 0.000       ms
[240.060s][info][gc,stats]       Phase: Concurrent Process Non-Strong References      0.000 / 0.000         0.000 / 0.000         0.000 / 0.000         0.000 / 0.000       ms
[240.060s][info][gc,stats]       Phase: Concurrent Relocate                           0.000 / 0.000         0.000 / 0.000         0.000 / 0.000         0.000 / 0.000       ms
[240.060s][info][gc,stats]       Phase: Concurrent Reset Relocation Set               0.000 / 0.000         0.000 / 0.000         0.000 / 0.000         0.000 / 0.000       ms
[240.060s][info][gc,stats]       Phase: Concurrent Select Relocation Set              0.000 / 0.000         0.000 / 0.000         0.000 / 0.000         0.000 / 0.000       ms
[240.060s][info][gc,stats]       Phase: Pause Mark End                                0.000 / 0.000         0.000 / 0.000         0.000 / 0.000         0.000 / 0.000       ms
[240.060s][info][gc,stats]       Phase: Pause Mark Start                              0.000 / 0.000         0.000 / 0.000         0.000 / 0.000         0.000 / 0.000       ms
[240.060s][info][gc,stats]       Phase: Pause Relocate Start                          0.000 / 0.000         0.000 / 0.000         0.000 / 0.000         0.000 / 0.000       ms
[240.060s][info][gc,stats]       Phase: Pause Verify                                  0.000 / 0.000         0.000 / 0.000         0.000 / 0.000         0.000 / 0.000       ms
[240.060s][info][gc,stats]    Subphase: Concurrent Classes Unload                     0.000 / 0.000         0.000 / 0.000         0.000 / 0.000         0.000 / 0.000       ms
[240.060s][info][gc,stats]    Subphase: Concurrent Mark                               0.000 / 0.000         0.000 / 0.000         0.000 / 0.000         0.000 / 0.000       ms
[240.060s][info][gc,stats]    Subphase: Concurrent Mark Idle                          0.000 / 0.000         0.000 / 0.000         0.000 / 0.000         0.000 / 0.000       ms
[240.060s][info][gc,stats]    Subphase: Concurrent Mark Try Flush                     0.000 / 0.000         0.000 / 0.000         0.000 / 0.000         0.000 / 0.000       ms
[240.060s][info][gc,stats]    Subphase: Concurrent Mark Try Terminate                 0.000 / 0.000         0.000 / 0.000         0.000 / 0.000         0.000 / 0.000       ms
[240.060s][info][gc,stats]    Subphase: Concurrent References Enqueue                 0.000 / 0.000         0.000 / 0.000         0.000 / 0.000         0.000 / 0.000       ms
[240.060s][info][gc,stats]    Subphase: Concurrent References Process                 0.000 / 0.000         0.000 / 0.000         0.000 / 0.000         0.000 / 0.000       ms
[240.060s][info][gc,stats]    Subphase: Concurrent Roots                              0.000 / 0.000         0.000 / 0.000         0.000 / 0.000         0.000 / 0.000       ms
[240.060s][info][gc,stats]    Subphase: Concurrent Roots ClassLoaderDataGraph         0.000 / 0.000         0.000 / 0.000         0.000 / 0.000         0.000 / 0.000       ms
[240.060s][info][gc,stats]    Subphase: Concurrent Roots JNIHandles                   0.000 / 0.000         0.000 / 0.000         0.000 / 0.000         0.000 / 0.000       ms
[240.060s][info][gc,stats]    Subphase: Concurrent Roots Setup                        0.000 / 0.000         0.000 / 0.000         0.000 / 0.000         0.000 / 0.000       ms
[240.060s][info][gc,stats]    Subphase: Concurrent Roots Teardown                     0.000 / 0.000         0.000 / 0.000         0.000 / 0.000         0.000 / 0.000       ms
[240.060s][info][gc,stats]    Subphase: Concurrent Weak Roots                         0.000 / 0.000         0.000 / 0.000         0.000 / 0.000         0.000 / 0.000       ms
[240.060s][info][gc,stats]    Subphase: Concurrent Weak Roots JNIWeakHandles          0.000 / 0.000         0.000 / 0.000         0.000 / 0.000         0.000 / 0.000       ms
[240.060s][info][gc,stats]    Subphase: Concurrent Weak Roots StringTable             0.000 / 0.000         0.000 / 0.000         0.000 / 0.000         0.000 / 0.000       ms
[240.060s][info][gc,stats]    Subphase: Concurrent Weak Roots VMWeakHandles           0.000 / 0.000         0.000 / 0.000         0.000 / 0.000         0.000 / 0.000       ms
[240.060s][info][gc,stats]    Subphase: Pause Mark Try Complete                       0.000 / 0.000         0.000 / 0.000         0.000 / 0.000         0.000 / 0.000       ms
[240.060s][info][gc,stats]    Subphase: Pause Roots                                   0.000 / 0.000         0.000 / 0.000         0.000 / 0.000         0.000 / 0.000       ms
[240.060s][info][gc,stats]    Subphase: Pause Roots CodeCache                         0.000 / 0.000         0.000 / 0.000         0.000 / 0.000         0.000 / 0.000       ms
[240.060s][info][gc,stats]    Subphase: Pause Roots JVMTIExport                       0.000 / 0.000         0.000 / 0.000         0.000 / 0.000         0.000 / 0.000       ms
[240.060s][info][gc,stats]    Subphase: Pause Roots JVMTIWeakExport                   0.000 / 0.000         0.000 / 0.000         0.000 / 0.000         0.000 / 0.000       ms
[240.060s][info][gc,stats]    Subphase: Pause Roots Management                        0.000 / 0.000         0.000 / 0.000         0.000 / 0.000         0.000 / 0.000       ms
[240.060s][info][gc,stats]    Subphase: Pause Roots ObjectSynchronizer                0.000 / 0.000         0.000 / 0.000         0.000 / 0.000         0.000 / 0.000       ms
[240.060s][info][gc,stats]    Subphase: Pause Roots Setup                             0.000 / 0.000         0.000 / 0.000         0.000 / 0.000         0.000 / 0.000       ms
[240.060s][info][gc,stats]    Subphase: Pause Roots SystemDictionary                  0.000 / 0.000         0.000 / 0.000         0.000 / 0.000         0.000 / 0.000       ms
[240.060s][info][gc,stats]    Subphase: Pause Roots Teardown                          0.000 / 0.000         0.000 / 0.000         0.000 / 0.000         0.000 / 0.000       ms
[240.060s][info][gc,stats]    Subphase: Pause Roots Threads                           0.000 / 0.000         0.000 / 0.000         0.000 / 0.000         0.000 / 0.000       ms
[240.060s][info][gc,stats]    Subphase: Pause Roots Universe                          0.000 / 0.000         0.000 / 0.000         0.000 / 0.000         0.000 / 0.000       ms
[240.060s][info][gc,stats]    Subphase: Pause Weak Roots                              0.000 / 0.000         0.000 / 0.000         0.000 / 0.000         0.000 / 0.000       ms
[240.060s][info][gc,stats]    Subphase: Pause Weak Roots JFRWeak                      0.000 / 0.000         0.000 / 0.000         0.000 / 0.000         0.000 / 0.000       ms
[240.060s][info][gc,stats]    Subphase: Pause Weak Roots JVMTIWeakExport              0.000 / 0.000         0.000 / 0.000         0.000 / 0.000         0.000 / 0.000       ms
[240.060s][info][gc,stats]    Subphase: Pause Weak Roots Setup                        0.000 / 0.000         0.000 / 0.000         0.000 / 0.000         0.000 / 0.000       ms
[240.060s][info][gc,stats]    Subphase: Pause Weak Roots Teardown                     0.000 / 0.000         0.000 / 0.000         0.000 / 0.000         0.000 / 0.000       ms
[240.060s][info][gc,stats]      System: Java Threads                                      0 / 0                 0 / 0                 0 / 0                 0 / 0           threads
[240.060s][info][gc,stats] =========================================================================================================================================================
[250.060s][info][gc,stats] === Garbage Collection Statistics =======================================================================================================================
[250.060s][info][gc,stats]                                                              Last 10s              Last 10m              Last 10h                Total
[250.060s][info][gc,stats]                                                              Avg / Max             Avg / Max             Avg / Max             Avg / Max
[250.060s][info][gc,stats]   Collector: Garbage Collection Cycle                      0.000 / 0.000         0.000 / 0.000         0.000 / 0.000         0.000 / 0.000       ms
[250.060s][info][gc,stats]  Contention: Mark Segment Reset Contention                     0 / 0                 0 / 0                 0 / 0                 0 / 0           ops/s
[250.060s][info][gc,stats]  Contention: Mark SeqNum Reset Contention                      0 / 0                 0 / 0                 0 / 0                 0 / 0           ops/s
[250.060s][info][gc,stats]  Contention: Relocation Contention                             0 / 0                 0 / 0                 0 / 0                 0 / 0           ops/s
[250.060s][info][gc,stats]    Critical: Allocation Stall                              0.000 / 0.000         0.000 / 0.000         0.000 / 0.000         0.000 / 0.000       ms
[250.060s][info][gc,stats]    Critical: Allocation Stall                                  0 / 0                 0 / 0                 0 / 0                 0 / 0           ops/s
[250.060s][info][gc,stats]    Critical: GC Locker Stall                               0.000 / 0.000         0.000 / 0.000         0.000 / 0.000         0.000 / 0.000       ms
[250.060s][info][gc,stats]    Critical: GC Locker Stall                                   0 / 0                 0 / 0                 0 / 0                 0 / 0           ops/s
[250.060s][info][gc,stats]      Memory: Allocation Rate                                   8 / 20               15 / 486              15 / 486              15 / 486         MB/s
[250.060s][info][gc,stats]      Memory: Heap Used After Mark                              0 / 0                 0 / 0                 0 / 0                 0 / 0           MB
[250.060s][info][gc,stats]      Memory: Heap Used After Relocation                        0 / 0                 0 / 0                 0 / 0                 0 / 0           MB
[250.060s][info][gc,stats]      Memory: Heap Used Before Mark                             0 / 0                 0 / 0                 0 / 0                 0 / 0           MB
[250.060s][info][gc,stats]      Memory: Heap Used Before Relocation                       0 / 0                 0 / 0                 0 / 0                 0 / 0           MB
[250.060s][info][gc,stats]      Memory: Out Of Memory                                     0 / 0                 0 / 0                 0 / 0                 0 / 0           ops/s
[250.060s][info][gc,stats]      Memory: Page Cache Flush                                  0 / 0                 0 / 0                 0 / 0                 0 / 0           MB/s
[250.060s][info][gc,stats]      Memory: Page Cache Hit L1                                 0 / 0                 0 / 36                0 / 36                0 / 36          ops/s
[250.060s][info][gc,stats]      Memory: Page Cache Hit L2                                 0 / 0                 0 / 30                0 / 30                0 / 30          ops/s
[250.060s][info][gc,stats]      Memory: Page Cache Miss                                   4 / 10                7 / 240               7 / 240               7 / 240         ops/s
[250.060s][info][gc,stats]      Memory: Undo Object Allocation Failed                     0 / 0                 0 / 0                 0 / 0                 0 / 0           ops/s
[250.060s][info][gc,stats]      Memory: Undo Object Allocation Succeeded                  0 / 0                 0 / 0                 0 / 0                 0 / 0           ops/s
[250.060s][info][gc,stats]      Memory: Undo Page Allocation                              0 / 0                 0 / 66                0 / 66                0 / 66          ops/s
[250.060s][info][gc,stats]       Phase: Concurrent Destroy Detached Pages             0.000 / 0.000         0.000 / 0.000         0.000 / 0.000         0.000 / 0.000       ms
[250.060s][info][gc,stats]       Phase: Concurrent Mark                               0.000 / 0.000         0.000 / 0.000         0.000 / 0.000         0.000 / 0.000       ms
[250.060s][info][gc,stats]       Phase: Concurrent Mark Continue                      0.000 / 0.000         0.000 / 0.000         0.000 / 0.000         0.000 / 0.000       ms
[250.060s][info][gc,stats]       Phase: Concurrent Prepare Relocation Set             0.000 / 0.000         0.000 / 0.000         0.000 / 0.000         0.000 / 0.000       ms
[250.060s][info][gc,stats]       Phase: Concurrent Process Non-Strong References      0.000 / 0.000         0.000 / 0.000         0.000 / 0.000         0.000 / 0.000       ms
[250.060s][info][gc,stats]       Phase: Concurrent Relocate                           0.000 / 0.000         0.000 / 0.000         0.000 / 0.000         0.000 / 0.000       ms
[250.060s][info][gc,stats]       Phase: Concurrent Reset Relocation Set               0.000 / 0.000         0.000 / 0.000         0.000 / 0.000         0.000 / 0.000       ms
[250.060s][info][gc,stats]       Phase: Concurrent Select Relocation Set              0.000 / 0.000         0.000 / 0.000         0.000 / 0.000         0.000 / 0.000       ms
[250.060s][info][gc,stats]       Phase: Pause Mark End                                0.000 / 0.000         0.000 / 0.000         0.000 / 0.000         0.000 / 0.000       ms
[250.060s][info][gc,stats]       Phase: Pause Mark Start                              0.000 / 0.000         0.000 / 0.000         0.000 / 0.000         0.000 / 0.000       ms
[250.060s][info][gc,stats]       Phase: Pause Relocate Start                          0.000 / 0.000         0.000 / 0.000         0.000 / 0.000         0.000 / 0.000       ms
[250.060s][info][gc,stats]       Phase: Pause Verify                                  0.000 / 0.000         0.000 / 0.000         0.000 / 0.000         0.000 / 0.000       ms
[250.060s][info][gc,stats]    Subphase: Concurrent Classes Unload                     0.000 / 0.000         0.000 / 0.000         0.000 / 0.000         0.000 / 0.000       ms
[250.060s][info][gc,stats]    Subphase: Concurrent Mark                               0.000 / 0.000         0.000 / 0.000         0.000 / 0.000         0.000 / 0.000       ms
[250.060s][info][gc,stats]    Subphase: Concurrent Mark Idle                          0.000 / 0.000         0.000 / 0.000         0.000 / 0.000         0.000 / 0.000       ms
[250.060s][info][gc,stats]    Subphase: Concurrent Mark Try Flush                     0.000 / 0.000         0.000 / 0.000         0.000 / 0.000         0.000 / 0.000       ms
[250.060s][info][gc,stats]    Subphase: Concurrent Mark Try Terminate                 0.000 / 0.000         0.000 / 0.000         0.000 / 0.000         0.000 / 0.000       ms
[250.060s][info][gc,stats]    Subphase: Concurrent References Enqueue                 0.000 / 0.000         0.000 / 0.000         0.000 / 0.000         0.000 / 0.000       ms
[250.060s][info][gc,stats]    Subphase: Concurrent References Process                 0.000 / 0.000         0.000 / 0.000         0.000 / 0.000         0.000 / 0.000       ms
[250.060s][info][gc,stats]    Subphase: Concurrent Roots                              0.000 / 0.000         0.000 / 0.000         0.000 / 0.000         0.000 / 0.000       ms
[250.060s][info][gc,stats]    Subphase: Concurrent Roots ClassLoaderDataGraph         0.000 / 0.000         0.000 / 0.000         0.000 / 0.000         0.000 / 0.000       ms
[250.060s][info][gc,stats]    Subphase: Concurrent Roots JNIHandles                   0.000 / 0.000         0.000 / 0.000         0.000 / 0.000         0.000 / 0.000       ms
[250.060s][info][gc,stats]    Subphase: Concurrent Roots Setup                        0.000 / 0.000         0.000 / 0.000         0.000 / 0.000         0.000 / 0.000       ms
[250.060s][info][gc,stats]    Subphase: Concurrent Roots Teardown                     0.000 / 0.000         0.000 / 0.000         0.000 / 0.000         0.000 / 0.000       ms
[250.060s][info][gc,stats]    Subphase: Concurrent Weak Roots                         0.000 / 0.000         0.000 / 0.000         0.000 / 0.000         0.000 / 0.000       ms
[250.060s][info][gc,stats]    Subphase: Concurrent Weak Roots JNIWeakHandles          0.000 / 0.000         0.000 / 0.000         0.000 / 0.000         0.000 / 0.000       ms
[250.060s][info][gc,stats]    Subphase: Concurrent Weak Roots StringTable             0.000 / 0.000         0.000 / 0.000         0.000 / 0.000         0.000 / 0.000       ms
[250.060s][info][gc,stats]    Subphase: Concurrent Weak Roots VMWeakHandles           0.000 / 0.000         0.000 / 0.000         0.000 / 0.000         0.000 / 0.000       ms
[250.060s][info][gc,stats]    Subphase: Pause Mark Try Complete                       0.000 / 0.000         0.000 / 0.000         0.000 / 0.000         0.000 / 0.000       ms
[250.060s][info][gc,stats]    Subphase: Pause Roots                                   0.000 / 0.000         0.000 / 0.000         0.000 / 0.000         0.000 / 0.000       ms
[250.060s][info][gc,stats]    Subphase: Pause Roots CodeCache                         0.000 / 0.000         0.000 / 0.000         0.000 / 0.000         0.000 / 0.000       ms
[250.060s][info][gc,stats]    Subphase: Pause Roots JVMTIExport                       0.000 / 0.000         0.000 / 0.000         0.000 / 0.000         0.000 / 0.000       ms
[250.060s][info][gc,stats]    Subphase: Pause Roots JVMTIWeakExport                   0.000 / 0.000         0.000 / 0.000         0.000 / 0.000         0.000 / 0.000       ms
[250.060s][info][gc,stats]    Subphase: Pause Roots Management                        0.000 / 0.000         0.000 / 0.000         0.000 / 0.000         0.000 / 0.000       ms
[250.060s][info][gc,stats]    Subphase: Pause Roots ObjectSynchronizer                0.000 / 0.000         0.000 / 0.000         0.000 / 0.000         0.000 / 0.000       ms
[250.060s][info][gc,stats]    Subphase: Pause Roots Setup                             0.000 / 0.000         0.000 / 0.000         0.000 / 0.000         0.000 / 0.000       ms
[250.060s][info][gc,stats]    Subphase: Pause Roots SystemDictionary                  0.000 / 0.000         0.000 / 0.000         0.000 / 0.000         0.000 / 0.000       ms
[250.060s][info][gc,stats]    Subphase: Pause Roots Teardown                          0.000 / 0.000         0.000 / 0.000         0.000 / 0.000         0.000 / 0.000       ms
[250.060s][info][gc,stats]    Subphase: Pause Roots Threads                           0.000 / 0.000         0.000 / 0.000         0.000 / 0.000         0.000 / 0.000       ms
[250.060s][info][gc,stats]    Subphase: Pause Roots Universe                          0.000 / 0.000         0.000 / 0.000         0.000 / 0.000         0.000 / 0.000       ms
[250.060s][info][gc,stats]    Subphase: Pause Weak Roots                              0.000 / 0.000         0.000 / 0.000         0.000 / 0.000         0.000 / 0.000       ms
[250.060s][info][gc,stats]    Subphase: Pause Weak Roots JFRWeak                      0.000 / 0.000         0.000 / 0.000         0.000 / 0.000         0.000 / 0.000       ms
[250.060s][info][gc,stats]    Subphase: Pause Weak Roots JVMTIWeakExport              0.000 / 0.000         0.000 / 0.000         0.000 / 0.000         0.000 / 0.000       ms
[250.060s][info][gc,stats]    Subphase: Pause Weak Roots Setup                        0.000 / 0.000         0.000 / 0.000         0.000 / 0.000         0.000 / 0.000       ms
[250.060s][info][gc,stats]    Subphase: Pause Weak Roots Teardown                     0.000 / 0.000         0.000 / 0.000         0.000 / 0.000         0.000 / 0.000       ms
[250.060s][info][gc,stats]      System: Java Threads                                      0 / 0                 0 / 0                 0 / 0                 0 / 0           threads
[250.060s][info][gc,stats] =========================================================================================================================================================
[260.059s][info][gc,stats] === Garbage Collection Statistics =======================================================================================================================
[260.059s][info][gc,stats]                                                              Last 10s              Last 10m              Last 10h                Total
[260.059s][info][gc,stats]                                                              Avg / Max             Avg / Max             Avg / Max             Avg / Max
[260.059s][info][gc,stats]   Collector: Garbage Collection Cycle                      0.000 / 0.000         0.000 / 0.000         0.000 / 0.000         0.000 / 0.000       ms
[260.059s][info][gc,stats]  Contention: Mark Segment Reset Contention                     0 / 0                 0 / 0                 0 / 0                 0 / 0           ops/s
[260.059s][info][gc,stats]  Contention: Mark SeqNum Reset Contention                      0 / 0                 0 / 0                 0 / 0                 0 / 0           ops/s
[260.059s][info][gc,stats]  Contention: Relocation Contention                             0 / 0                 0 / 0                 0 / 0                 0 / 0           ops/s
[260.059s][info][gc,stats]    Critical: Allocation Stall                              0.000 / 0.000         0.000 / 0.000         0.000 / 0.000         0.000 / 0.000       ms
[260.059s][info][gc,stats]    Critical: Allocation Stall                                  0 / 0                 0 / 0                 0 / 0                 0 / 0           ops/s
[260.059s][info][gc,stats]    Critical: GC Locker Stall                               0.000 / 0.000         0.000 / 0.000         0.000 / 0.000         0.000 / 0.000       ms
[260.059s][info][gc,stats]    Critical: GC Locker Stall                                   0 / 0                 0 / 0                 0 / 0                 0 / 0           ops/s
[260.059s][info][gc,stats]      Memory: Allocation Rate                                   7 / 10               14 / 486              14 / 486              14 / 486         MB/s
[260.059s][info][gc,stats]      Memory: Heap Used After Mark                              0 / 0                 0 / 0                 0 / 0                 0 / 0           MB
[260.059s][info][gc,stats]      Memory: Heap Used After Relocation                        0 / 0                 0 / 0                 0 / 0                 0 / 0           MB
[260.059s][info][gc,stats]      Memory: Heap Used Before Mark                             0 / 0                 0 / 0                 0 / 0                 0 / 0           MB
[260.059s][info][gc,stats]      Memory: Heap Used Before Relocation                       0 / 0                 0 / 0                 0 / 0                 0 / 0           MB
[260.060s][info][gc,stats]      Memory: Out Of Memory                                     0 / 0                 0 / 0                 0 / 0                 0 / 0           ops/s
[260.060s][info][gc,stats]      Memory: Page Cache Flush                                  0 / 0                 0 / 0                 0 / 0                 0 / 0           MB/s
[260.060s][info][gc,stats]      Memory: Page Cache Hit L1                                 0 / 0                 0 / 36                0 / 36                0 / 36          ops/s
[260.060s][info][gc,stats]      Memory: Page Cache Hit L2                                 0 / 0                 0 / 30                0 / 30                0 / 30          ops/s
[260.060s][info][gc,stats]      Memory: Page Cache Miss                                   3 / 5                 7 / 240               7 / 240               7 / 240         ops/s
[260.060s][info][gc,stats]      Memory: Undo Object Allocation Failed                     0 / 0                 0 / 0                 0 / 0                 0 / 0           ops/s
[260.060s][info][gc,stats]      Memory: Undo Object Allocation Succeeded                  0 / 0                 0 / 0                 0 / 0                 0 / 0           ops/s
[260.060s][info][gc,stats]      Memory: Undo Page Allocation                              0 / 0                 0 / 66                0 / 66                0 / 66          ops/s
[260.060s][info][gc,stats]       Phase: Concurrent Destroy Detached Pages             0.000 / 0.000         0.000 / 0.000         0.000 / 0.000         0.000 / 0.000       ms
[260.060s][info][gc,stats]       Phase: Concurrent Mark                               0.000 / 0.000         0.000 / 0.000         0.000 / 0.000         0.000 / 0.000       ms
[260.060s][info][gc,stats]       Phase: Concurrent Mark Continue                      0.000 / 0.000         0.000 / 0.000         0.000 / 0.000         0.000 / 0.000       ms
[260.060s][info][gc,stats]       Phase: Concurrent Prepare Relocation Set             0.000 / 0.000         0.000 / 0.000         0.000 / 0.000         0.000 / 0.000       ms
[260.060s][info][gc,stats]       Phase: Concurrent Process Non-Strong References      0.000 / 0.000         0.000 / 0.000         0.000 / 0.000         0.000 / 0.000       ms
[260.060s][info][gc,stats]       Phase: Concurrent Relocate                           0.000 / 0.000         0.000 / 0.000         0.000 / 0.000         0.000 / 0.000       ms
[260.060s][info][gc,stats]       Phase: Concurrent Reset Relocation Set               0.000 / 0.000         0.000 / 0.000         0.000 / 0.000         0.000 / 0.000       ms
[260.060s][info][gc,stats]       Phase: Concurrent Select Relocation Set              0.000 / 0.000         0.000 / 0.000         0.000 / 0.000         0.000 / 0.000       ms
[260.060s][info][gc,stats]       Phase: Pause Mark End                                0.000 / 0.000         0.000 / 0.000         0.000 / 0.000         0.000 / 0.000       ms
[260.060s][info][gc,stats]       Phase: Pause Mark Start                              0.000 / 0.000         0.000 / 0.000         0.000 / 0.000         0.000 / 0.000       ms
[260.060s][info][gc,stats]       Phase: Pause Relocate Start                          0.000 / 0.000         0.000 / 0.000         0.000 / 0.000         0.000 / 0.000       ms
[260.060s][info][gc,stats]       Phase: Pause Verify                                  0.000 / 0.000         0.000 / 0.000         0.000 / 0.000         0.000 / 0.000       ms
[260.060s][info][gc,stats]    Subphase: Concurrent Classes Unload                     0.000 / 0.000         0.000 / 0.000         0.000 / 0.000         0.000 / 0.000       ms
[260.060s][info][gc,stats]    Subphase: Concurrent Mark                               0.000 / 0.000         0.000 / 0.000         0.000 / 0.000         0.000 / 0.000       ms
[260.060s][info][gc,stats]    Subphase: Concurrent Mark Idle                          0.000 / 0.000         0.000 / 0.000         0.000 / 0.000         0.000 / 0.000       ms
[260.060s][info][gc,stats]    Subphase: Concurrent Mark Try Flush                     0.000 / 0.000         0.000 / 0.000         0.000 / 0.000         0.000 / 0.000       ms
[260.060s][info][gc,stats]    Subphase: Concurrent Mark Try Terminate                 0.000 / 0.000         0.000 / 0.000         0.000 / 0.000         0.000 / 0.000       ms
[260.060s][info][gc,stats]    Subphase: Concurrent References Enqueue                 0.000 / 0.000         0.000 / 0.000         0.000 / 0.000         0.000 / 0.000       ms
[260.060s][info][gc,stats]    Subphase: Concurrent References Process                 0.000 / 0.000         0.000 / 0.000         0.000 / 0.000         0.000 / 0.000       ms
[260.060s][info][gc,stats]    Subphase: Concurrent Roots                              0.000 / 0.000         0.000 / 0.000         0.000 / 0.000         0.000 / 0.000       ms
[260.060s][info][gc,stats]    Subphase: Concurrent Roots ClassLoaderDataGraph         0.000 / 0.000         0.000 / 0.000         0.000 / 0.000         0.000 / 0.000       ms
[260.060s][info][gc,stats]    Subphase: Concurrent Roots JNIHandles                   0.000 / 0.000         0.000 / 0.000         0.000 / 0.000         0.000 / 0.000       ms
[260.060s][info][gc,stats]    Subphase: Concurrent Roots Setup                        0.000 / 0.000         0.000 / 0.000         0.000 / 0.000         0.000 / 0.000       ms
[260.060s][info][gc,stats]    Subphase: Concurrent Roots Teardown                     0.000 / 0.000         0.000 / 0.000         0.000 / 0.000         0.000 / 0.000       ms
[260.060s][info][gc,stats]    Subphase: Concurrent Weak Roots                         0.000 / 0.000         0.000 / 0.000         0.000 / 0.000         0.000 / 0.000       ms
[260.060s][info][gc,stats]    Subphase: Concurrent Weak Roots JNIWeakHandles          0.000 / 0.000         0.000 / 0.000         0.000 / 0.000         0.000 / 0.000       ms
[260.060s][info][gc,stats]    Subphase: Concurrent Weak Roots StringTable             0.000 / 0.000         0.000 / 0.000         0.000 / 0.000         0.000 / 0.000       ms
[260.060s][info][gc,stats]    Subphase: Concurrent Weak Roots VMWeakHandles           0.000 / 0.000         0.000 / 0.000         0.000 / 0.000         0.000 / 0.000       ms
[260.060s][info][gc,stats]    Subphase: Pause Mark Try Complete                       0.000 / 0.000         0.000 / 0.000         0.000 / 0.000         0.000 / 0.000       ms
[260.060s][info][gc,stats]    Subphase: Pause Roots                                   0.000 / 0.000         0.000 / 0.000         0.000 / 0.000         0.000 / 0.000       ms
[260.060s][info][gc,stats]    Subphase: Pause Roots CodeCache                         0.000 / 0.000         0.000 / 0.000         0.000 / 0.000         0.000 / 0.000       ms
[260.060s][info][gc,stats]    Subphase: Pause Roots JVMTIExport                       0.000 / 0.000         0.000 / 0.000         0.000 / 0.000         0.000 / 0.000       ms
[260.060s][info][gc,stats]    Subphase: Pause Roots JVMTIWeakExport                   0.000 / 0.000         0.000 / 0.000         0.000 / 0.000         0.000 / 0.000       ms
[260.060s][info][gc,stats]    Subphase: Pause Roots Management                        0.000 / 0.000         0.000 / 0.000         0.000 / 0.000         0.000 / 0.000       ms
[260.060s][info][gc,stats]    Subphase: Pause Roots ObjectSynchronizer                0.000 / 0.000         0.000 / 0.000         0.000 / 0.000         0.000 / 0.000       ms
[260.060s][info][gc,stats]    Subphase: Pause Roots Setup                             0.000 / 0.000         0.000 / 0.000         0.000 / 0.000         0.000 / 0.000       ms
[260.060s][info][gc,stats]    Subphase: Pause Roots SystemDictionary                  0.000 / 0.000         0.000 / 0.000         0.000 / 0.000         0.000 / 0.000       ms
[260.060s][info][gc,stats]    Subphase: Pause Roots Teardown                          0.000 / 0.000         0.000 / 0.000         0.000 / 0.000         0.000 / 0.000       ms
[260.060s][info][gc,stats]    Subphase: Pause Roots Threads                           0.000 / 0.000         0.000 / 0.000         0.000 / 0.000         0.000 / 0.000       ms
[260.060s][info][gc,stats]    Subphase: Pause Roots Universe                          0.000 / 0.000         0.000 / 0.000         0.000 / 0.000         0.000 / 0.000       ms
[260.060s][info][gc,stats]    Subphase: Pause Weak Roots                              0.000 / 0.000         0.000 / 0.000         0.000 / 0.000         0.000 / 0.000       ms
[260.060s][info][gc,stats]    Subphase: Pause Weak Roots JFRWeak                      0.000 / 0.000         0.000 / 0.000         0.000 / 0.000         0.000 / 0.000       ms
[260.060s][info][gc,stats]    Subphase: Pause Weak Roots JVMTIWeakExport              0.000 / 0.000         0.000 / 0.000         0.000 / 0.000         0.000 / 0.000       ms
[260.060s][info][gc,stats]    Subphase: Pause Weak Roots Setup                        0.000 / 0.000         0.000 / 0.000         0.000 / 0.000         0.000 / 0.000       ms
[260.060s][info][gc,stats]    Subphase: Pause Weak Roots Teardown                     0.000 / 0.000         0.000 / 0.000         0.000 / 0.000         0.000 / 0.000       ms
[260.060s][info][gc,stats]      System: Java Threads                                      0 / 0                 0 / 0                 0 / 0                 0 / 0           threads
[260.060s][info][gc,stats] =========================================================================================================================================================
[270.060s][info][gc,stats] === Garbage Collection Statistics =======================================================================================================================
[270.060s][info][gc,stats]                                                              Last 10s              Last 10m              Last 10h                Total
[270.060s][info][gc,stats]                                                              Avg / Max             Avg / Max             Avg / Max             Avg / Max
[270.060s][info][gc,stats]   Collector: Garbage Collection Cycle                      0.000 / 0.000         0.000 / 0.000         0.000 / 0.000         0.000 / 0.000       ms
[270.060s][info][gc,stats]  Contention: Mark Segment Reset Contention                     0 / 0                 0 / 0                 0 / 0                 0 / 0           ops/s
[270.060s][info][gc,stats]  Contention: Mark SeqNum Reset Contention                      0 / 0                 0 / 0                 0 / 0                 0 / 0           ops/s
[270.060s][info][gc,stats]  Contention: Relocation Contention                             0 / 0                 0 / 0                 0 / 0                 0 / 0           ops/s
[270.060s][info][gc,stats]    Critical: Allocation Stall                              0.000 / 0.000         0.000 / 0.000         0.000 / 0.000         0.000 / 0.000       ms
[270.060s][info][gc,stats]    Critical: Allocation Stall                                  0 / 0                 0 / 0                 0 / 0                 0 / 0           ops/s
[270.060s][info][gc,stats]    Critical: GC Locker Stall                               0.000 / 0.000         0.000 / 0.000         0.000 / 0.000         0.000 / 0.000       ms
[270.060s][info][gc,stats]    Critical: GC Locker Stall                                   0 / 0                 0 / 0                 0 / 0                 0 / 0           ops/s
[270.060s][info][gc,stats]      Memory: Allocation Rate                                   7 / 12               14 / 486              14 / 486              14 / 486         MB/s
[270.060s][info][gc,stats]      Memory: Heap Used After Mark                              0 / 0                 0 / 0                 0 / 0                 0 / 0           MB
[270.060s][info][gc,stats]      Memory: Heap Used After Relocation                        0 / 0                 0 / 0                 0 / 0                 0 / 0           MB
[270.060s][info][gc,stats]      Memory: Heap Used Before Mark                             0 / 0                 0 / 0                 0 / 0                 0 / 0           MB
[270.060s][info][gc,stats]      Memory: Heap Used Before Relocation                       0 / 0                 0 / 0                 0 / 0                 0 / 0           MB
[270.060s][info][gc,stats]      Memory: Out Of Memory                                     0 / 0                 0 / 0                 0 / 0                 0 / 0           ops/s
[270.060s][info][gc,stats]      Memory: Page Cache Flush                                  0 / 0                 0 / 0                 0 / 0                 0 / 0           MB/s
[270.060s][info][gc,stats]      Memory: Page Cache Hit L1                                 0 / 0                 0 / 36                0 / 36                0 / 36          ops/s
[270.060s][info][gc,stats]      Memory: Page Cache Hit L2                                 0 / 0                 0 / 30                0 / 30                0 / 30          ops/s
[270.060s][info][gc,stats]      Memory: Page Cache Miss                                   3 / 6                 6 / 240               6 / 240               6 / 240         ops/s
[270.060s][info][gc,stats]      Memory: Undo Object Allocation Failed                     0 / 0                 0 / 0                 0 / 0                 0 / 0           ops/s
[270.060s][info][gc,stats]      Memory: Undo Object Allocation Succeeded                  0 / 0                 0 / 0                 0 / 0                 0 / 0           ops/s
[270.060s][info][gc,stats]      Memory: Undo Page Allocation                              0 / 0                 0 / 66                0 / 66                0 / 66          ops/s
[270.060s][info][gc,stats]       Phase: Concurrent Destroy Detached Pages             0.000 / 0.000         0.000 / 0.000         0.000 / 0.000         0.000 / 0.000       ms
[270.060s][info][gc,stats]       Phase: Concurrent Mark                               0.000 / 0.000         0.000 / 0.000         0.000 / 0.000         0.000 / 0.000       ms
[270.060s][info][gc,stats]       Phase: Concurrent Mark Continue                      0.000 / 0.000         0.000 / 0.000         0.000 / 0.000         0.000 / 0.000       ms
[270.060s][info][gc,stats]       Phase: Concurrent Prepare Relocation Set             0.000 / 0.000         0.000 / 0.000         0.000 / 0.000         0.000 / 0.000       ms
[270.060s][info][gc,stats]       Phase: Concurrent Process Non-Strong References      0.000 / 0.000         0.000 / 0.000         0.000 / 0.000         0.000 / 0.000       ms
[270.060s][info][gc,stats]       Phase: Concurrent Relocate                           0.000 / 0.000         0.000 / 0.000         0.000 / 0.000         0.000 / 0.000       ms
[270.060s][info][gc,stats]       Phase: Concurrent Reset Relocation Set               0.000 / 0.000         0.000 / 0.000         0.000 / 0.000         0.000 / 0.000       ms
[270.060s][info][gc,stats]       Phase: Concurrent Select Relocation Set              0.000 / 0.000         0.000 / 0.000         0.000 / 0.000         0.000 / 0.000       ms
[270.060s][info][gc,stats]       Phase: Pause Mark End                                0.000 / 0.000         0.000 / 0.000         0.000 / 0.000         0.000 / 0.000       ms
[270.060s][info][gc,stats]       Phase: Pause Mark Start                              0.000 / 0.000         0.000 / 0.000         0.000 / 0.000         0.000 / 0.000       ms
[270.060s][info][gc,stats]       Phase: Pause Relocate Start                          0.000 / 0.000         0.000 / 0.000         0.000 / 0.000         0.000 / 0.000       ms
[270.060s][info][gc,stats]       Phase: Pause Verify                                  0.000 / 0.000         0.000 / 0.000         0.000 / 0.000         0.000 / 0.000       ms
[270.060s][info][gc,stats]    Subphase: Concurrent Classes Unload                     0.000 / 0.000         0.000 / 0.000         0.000 / 0.000         0.000 / 0.000       ms
[270.060s][info][gc,stats]    Subphase: Concurrent Mark                               0.000 / 0.000         0.000 / 0.000         0.000 / 0.000         0.000 / 0.000       ms
[270.060s][info][gc,stats]    Subphase: Concurrent Mark Idle                          0.000 / 0.000         0.000 / 0.000         0.000 / 0.000         0.000 / 0.000       ms
[270.060s][info][gc,stats]    Subphase: Concurrent Mark Try Flush                     0.000 / 0.000         0.000 / 0.000         0.000 / 0.000         0.000 / 0.000       ms
[270.060s][info][gc,stats]    Subphase: Concurrent Mark Try Terminate                 0.000 / 0.000         0.000 / 0.000         0.000 / 0.000         0.000 / 0.000       ms
[270.060s][info][gc,stats]    Subphase: Concurrent References Enqueue                 0.000 / 0.000         0.000 / 0.000         0.000 / 0.000         0.000 / 0.000       ms
[270.060s][info][gc,stats]    Subphase: Concurrent References Process                 0.000 / 0.000         0.000 / 0.000         0.000 / 0.000         0.000 / 0.000       ms
[270.060s][info][gc,stats]    Subphase: Concurrent Roots                              0.000 / 0.000         0.000 / 0.000         0.000 / 0.000         0.000 / 0.000       ms
[270.060s][info][gc,stats]    Subphase: Concurrent Roots ClassLoaderDataGraph         0.000 / 0.000         0.000 / 0.000         0.000 / 0.000         0.000 / 0.000       ms
[270.060s][info][gc,stats]    Subphase: Concurrent Roots JNIHandles                   0.000 / 0.000         0.000 / 0.000         0.000 / 0.000         0.000 / 0.000       ms
[270.060s][info][gc,stats]    Subphase: Concurrent Roots Setup                        0.000 / 0.000         0.000 / 0.000         0.000 / 0.000         0.000 / 0.000       ms
[270.060s][info][gc,stats]    Subphase: Concurrent Roots Teardown                     0.000 / 0.000         0.000 / 0.000         0.000 / 0.000         0.000 / 0.000       ms
[270.060s][info][gc,stats]    Subphase: Concurrent Weak Roots                         0.000 / 0.000         0.000 / 0.000         0.000 / 0.000         0.000 / 0.000       ms
[270.060s][info][gc,stats]    Subphase: Concurrent Weak Roots JNIWeakHandles          0.000 / 0.000         0.000 / 0.000         0.000 / 0.000         0.000 / 0.000       ms
[270.060s][info][gc,stats]    Subphase: Concurrent Weak Roots StringTable             0.000 / 0.000         0.000 / 0.000         0.000 / 0.000         0.000 / 0.000       ms
[270.060s][info][gc,stats]    Subphase: Concurrent Weak Roots VMWeakHandles           0.000 / 0.000         0.000 / 0.000         0.000 / 0.000         0.000 / 0.000       ms
[270.060s][info][gc,stats]    Subphase: Pause Mark Try Complete                       0.000 / 0.000         0.000 / 0.000         0.000 / 0.000         0.000 / 0.000       ms
[270.060s][info][gc,stats]    Subphase: Pause Roots                                   0.000 / 0.000         0.000 / 0.000         0.000 / 0.000         0.000 / 0.000       ms
[270.060s][info][gc,stats]    Subphase: Pause Roots CodeCache                         0.000 / 0.000         0.000 / 0.000         0.000 / 0.000         0.000 / 0.000       ms
[270.060s][info][gc,stats]    Subphase: Pause Roots JVMTIExport                       0.000 / 0.000         0.000 / 0.000         0.000 / 0.000         0.000 / 0.000       ms
[270.060s][info][gc,stats]    Subphase: Pause Roots JVMTIWeakExport                   0.000 / 0.000         0.000 / 0.000         0.000 / 0.000         0.000 / 0.000       ms
[270.060s][info][gc,stats]    Subphase: Pause Roots Management                        0.000 / 0.000         0.000 / 0.000         0.000 / 0.000         0.000 / 0.000       ms
[270.060s][info][gc,stats]    Subphase: Pause Roots ObjectSynchronizer                0.000 / 0.000         0.000 / 0.000         0.000 / 0.000         0.000 / 0.000       ms
[270.060s][info][gc,stats]    Subphase: Pause Roots Setup                             0.000 / 0.000         0.000 / 0.000         0.000 / 0.000         0.000 / 0.000       ms
[270.060s][info][gc,stats]    Subphase: Pause Roots SystemDictionary                  0.000 / 0.000         0.000 / 0.000         0.000 / 0.000         0.000 / 0.000       ms
[270.060s][info][gc,stats]    Subphase: Pause Roots Teardown                          0.000 / 0.000         0.000 / 0.000         0.000 / 0.000         0.000 / 0.000       ms
[270.060s][info][gc,stats]    Subphase: Pause Roots Threads                           0.000 / 0.000         0.000 / 0.000         0.000 / 0.000         0.000 / 0.000       ms
[270.060s][info][gc,stats]    Subphase: Pause Roots Universe                          0.000 / 0.000         0.000 / 0.000         0.000 / 0.000         0.000 / 0.000       ms
[270.060s][info][gc,stats]    Subphase: Pause Weak Roots                              0.000 / 0.000         0.000 / 0.000         0.000 / 0.000         0.000 / 0.000       ms
[270.061s][info][gc,stats]    Subphase: Pause Weak Roots JFRWeak                      0.000 / 0.000         0.000 / 0.000         0.000 / 0.000         0.000 / 0.000       ms
[270.061s][info][gc,stats]    Subphase: Pause Weak Roots JVMTIWeakExport              0.000 / 0.000         0.000 / 0.000         0.000 / 0.000         0.000 / 0.000       ms
[270.061s][info][gc,stats]    Subphase: Pause Weak Roots Setup                        0.000 / 0.000         0.000 / 0.000         0.000 / 0.000         0.000 / 0.000       ms
[270.061s][info][gc,stats]    Subphase: Pause Weak Roots Teardown                     0.000 / 0.000         0.000 / 0.000         0.000 / 0.000         0.000 / 0.000       ms
[270.061s][info][gc,stats]      System: Java Threads                                      0 / 0                 0 / 0                 0 / 0                 0 / 0           threads
[270.061s][info][gc,stats] =========================================================================================================================================================
[280.060s][info][gc,stats] === Garbage Collection Statistics =======================================================================================================================
[280.060s][info][gc,stats]                                                              Last 10s              Last 10m              Last 10h                Total
[280.060s][info][gc,stats]                                                              Avg / Max             Avg / Max             Avg / Max             Avg / Max
[280.060s][info][gc,stats]   Collector: Garbage Collection Cycle                      0.000 / 0.000         0.000 / 0.000         0.000 / 0.000         0.000 / 0.000       ms
[280.060s][info][gc,stats]  Contention: Mark Segment Reset Contention                     0 / 0                 0 / 0                 0 / 0                 0 / 0           ops/s
[280.060s][info][gc,stats]  Contention: Mark SeqNum Reset Contention                      0 / 0                 0 / 0                 0 / 0                 0 / 0           ops/s
[280.060s][info][gc,stats]  Contention: Relocation Contention                             0 / 0                 0 / 0                 0 / 0                 0 / 0           ops/s
[280.060s][info][gc,stats]    Critical: Allocation Stall                              0.000 / 0.000         0.000 / 0.000         0.000 / 0.000         0.000 / 0.000       ms
[280.060s][info][gc,stats]    Critical: Allocation Stall                                  0 / 0                 0 / 0                 0 / 0                 0 / 0           ops/s
[280.060s][info][gc,stats]    Critical: GC Locker Stall                               0.000 / 0.000         0.000 / 0.000         0.000 / 0.000         0.000 / 0.000       ms
[280.060s][info][gc,stats]    Critical: GC Locker Stall                                   0 / 0                 0 / 0                 0 / 0                 0 / 0           ops/s
[280.060s][info][gc,stats]      Memory: Allocation Rate                                   8 / 12               14 / 486              14 / 486              14 / 486         MB/s
[280.060s][info][gc,stats]      Memory: Heap Used After Mark                              0 / 0                 0 / 0                 0 / 0                 0 / 0           MB
[280.060s][info][gc,stats]      Memory: Heap Used After Relocation                        0 / 0                 0 / 0                 0 / 0                 0 / 0           MB
[280.060s][info][gc,stats]      Memory: Heap Used Before Mark                             0 / 0                 0 / 0                 0 / 0                 0 / 0           MB
[280.060s][info][gc,stats]      Memory: Heap Used Before Relocation                       0 / 0                 0 / 0                 0 / 0                 0 / 0           MB
[280.060s][info][gc,stats]      Memory: Out Of Memory                                     0 / 0                 0 / 0                 0 / 0                 0 / 0           ops/s
[280.060s][info][gc,stats]      Memory: Page Cache Flush                                  0 / 0                 0 / 0                 0 / 0                 0 / 0           MB/s
[280.060s][info][gc,stats]      Memory: Page Cache Hit L1                                 0 / 0                 0 / 36                0 / 36                0 / 36          ops/s
[280.060s][info][gc,stats]      Memory: Page Cache Hit L2                                 0 / 0                 0 / 30                0 / 30                0 / 30          ops/s
[280.060s][info][gc,stats]      Memory: Page Cache Miss                                   4 / 6                 6 / 240               6 / 240               6 / 240         ops/s
[280.060s][info][gc,stats]      Memory: Undo Object Allocation Failed                     0 / 0                 0 / 0                 0 / 0                 0 / 0           ops/s
[280.060s][info][gc,stats]      Memory: Undo Object Allocation Succeeded                  0 / 0                 0 / 0                 0 / 0                 0 / 0           ops/s
[280.060s][info][gc,stats]      Memory: Undo Page Allocation                              0 / 0                 0 / 66                0 / 66                0 / 66          ops/s
[280.060s][info][gc,stats]       Phase: Concurrent Destroy Detached Pages             0.000 / 0.000         0.000 / 0.000         0.000 / 0.000         0.000 / 0.000       ms
[280.060s][info][gc,stats]       Phase: Concurrent Mark                               0.000 / 0.000         0.000 / 0.000         0.000 / 0.000         0.000 / 0.000       ms
[280.060s][info][gc,stats]       Phase: Concurrent Mark Continue                      0.000 / 0.000         0.000 / 0.000         0.000 / 0.000         0.000 / 0.000       ms
[280.060s][info][gc,stats]       Phase: Concurrent Prepare Relocation Set             0.000 / 0.000         0.000 / 0.000         0.000 / 0.000         0.000 / 0.000       ms
[280.060s][info][gc,stats]       Phase: Concurrent Process Non-Strong References      0.000 / 0.000         0.000 / 0.000         0.000 / 0.000         0.000 / 0.000       ms
[280.060s][info][gc,stats]       Phase: Concurrent Relocate                           0.000 / 0.000         0.000 / 0.000         0.000 / 0.000         0.000 / 0.000       ms
[280.060s][info][gc,stats]       Phase: Concurrent Reset Relocation Set               0.000 / 0.000         0.000 / 0.000         0.000 / 0.000         0.000 / 0.000       ms
[280.060s][info][gc,stats]       Phase: Concurrent Select Relocation Set              0.000 / 0.000         0.000 / 0.000         0.000 / 0.000         0.000 / 0.000       ms
[280.060s][info][gc,stats]       Phase: Pause Mark End                                0.000 / 0.000         0.000 / 0.000         0.000 / 0.000         0.000 / 0.000       ms
[280.060s][info][gc,stats]       Phase: Pause Mark Start                              0.000 / 0.000         0.000 / 0.000         0.000 / 0.000         0.000 / 0.000       ms
[280.060s][info][gc,stats]       Phase: Pause Relocate Start                          0.000 / 0.000         0.000 / 0.000         0.000 / 0.000         0.000 / 0.000       ms
[280.060s][info][gc,stats]       Phase: Pause Verify                                  0.000 / 0.000         0.000 / 0.000         0.000 / 0.000         0.000 / 0.000       ms
[280.060s][info][gc,stats]    Subphase: Concurrent Classes Unload                     0.000 / 0.000         0.000 / 0.000         0.000 / 0.000         0.000 / 0.000       ms
[280.060s][info][gc,stats]    Subphase: Concurrent Mark                               0.000 / 0.000         0.000 / 0.000         0.000 / 0.000         0.000 / 0.000       ms
[280.060s][info][gc,stats]    Subphase: Concurrent Mark Idle                          0.000 / 0.000         0.000 / 0.000         0.000 / 0.000         0.000 / 0.000       ms
[280.060s][info][gc,stats]    Subphase: Concurrent Mark Try Flush                     0.000 / 0.000         0.000 / 0.000         0.000 / 0.000         0.000 / 0.000       ms
[280.060s][info][gc,stats]    Subphase: Concurrent Mark Try Terminate                 0.000 / 0.000         0.000 / 0.000         0.000 / 0.000         0.000 / 0.000       ms
[280.060s][info][gc,stats]    Subphase: Concurrent References Enqueue                 0.000 / 0.000         0.000 / 0.000         0.000 / 0.000         0.000 / 0.000       ms
[280.060s][info][gc,stats]    Subphase: Concurrent References Process                 0.000 / 0.000         0.000 / 0.000         0.000 / 0.000         0.000 / 0.000       ms
[280.060s][info][gc,stats]    Subphase: Concurrent Roots                              0.000 / 0.000         0.000 / 0.000         0.000 / 0.000         0.000 / 0.000       ms
[280.060s][info][gc,stats]    Subphase: Concurrent Roots ClassLoaderDataGraph         0.000 / 0.000         0.000 / 0.000         0.000 / 0.000         0.000 / 0.000       ms
[280.060s][info][gc,stats]    Subphase: Concurrent Roots JNIHandles                   0.000 / 0.000         0.000 / 0.000         0.000 / 0.000         0.000 / 0.000       ms
[280.060s][info][gc,stats]    Subphase: Concurrent Roots Setup                        0.000 / 0.000         0.000 / 0.000         0.000 / 0.000         0.000 / 0.000       ms
[280.060s][info][gc,stats]    Subphase: Concurrent Roots Teardown                     0.000 / 0.000         0.000 / 0.000         0.000 / 0.000         0.000 / 0.000       ms
[280.060s][info][gc,stats]    Subphase: Concurrent Weak Roots                         0.000 / 0.000         0.000 / 0.000         0.000 / 0.000         0.000 / 0.000       ms
[280.060s][info][gc,stats]    Subphase: Concurrent Weak Roots JNIWeakHandles          0.000 / 0.000         0.000 / 0.000         0.000 / 0.000         0.000 / 0.000       ms
[280.060s][info][gc,stats]    Subphase: Concurrent Weak Roots StringTable             0.000 / 0.000         0.000 / 0.000         0.000 / 0.000         0.000 / 0.000       ms
[280.060s][info][gc,stats]    Subphase: Concurrent Weak Roots VMWeakHandles           0.000 / 0.000         0.000 / 0.000         0.000 / 0.000         0.000 / 0.000       ms
[280.060s][info][gc,stats]    Subphase: Pause Mark Try Complete                       0.000 / 0.000         0.000 / 0.000         0.000 / 0.000         0.000 / 0.000       ms
[280.060s][info][gc,stats]    Subphase: Pause Roots                                   0.000 / 0.000         0.000 / 0.000         0.000 / 0.000         0.000 / 0.000       ms
[280.060s][info][gc,stats]    Subphase: Pause Roots CodeCache                         0.000 / 0.000         0.000 / 0.000         0.000 / 0.000         0.000 / 0.000       ms
[280.060s][info][gc,stats]    Subphase: Pause Roots JVMTIExport                       0.000 / 0.000         0.000 / 0.000         0.000 / 0.000         0.000 / 0.000       ms
[280.060s][info][gc,stats]    Subphase: Pause Roots JVMTIWeakExport                   0.000 / 0.000         0.000 / 0.000         0.000 / 0.000         0.000 / 0.000       ms
[280.060s][info][gc,stats]    Subphase: Pause Roots Management                        0.000 / 0.000         0.000 / 0.000         0.000 / 0.000         0.000 / 0.000       ms
[280.060s][info][gc,stats]    Subphase: Pause Roots ObjectSynchronizer                0.000 / 0.000         0.000 / 0.000         0.000 / 0.000         0.000 / 0.000       ms
[280.060s][info][gc,stats]    Subphase: Pause Roots Setup                             0.000 / 0.000         0.000 / 0.000         0.000 / 0.000         0.000 / 0.000       ms
[280.060s][info][gc,stats]    Subphase: Pause Roots SystemDictionary                  0.000 / 0.000         0.000 / 0.000         0.000 / 0.000         0.000 / 0.000       ms
[280.060s][info][gc,stats]    Subphase: Pause Roots Teardown                          0.000 / 0.000         0.000 / 0.000         0.000 / 0.000         0.000 / 0.000       ms
[280.060s][info][gc,stats]    Subphase: Pause Roots Threads                           0.000 / 0.000         0.000 / 0.000         0.000 / 0.000         0.000 / 0.000       ms
[280.060s][info][gc,stats]    Subphase: Pause Roots Universe                          0.000 / 0.000         0.000 / 0.000         0.000 / 0.000         0.000 / 0.000       ms
[280.060s][info][gc,stats]    Subphase: Pause Weak Roots                              0.000 / 0.000         0.000 / 0.000         0.000 / 0.000         0.000 / 0.000       ms
[280.060s][info][gc,stats]    Subphase: Pause Weak Roots JFRWeak                      0.000 / 0.000         0.000 / 0.000         0.000 / 0.000         0.000 / 0.000       ms
[280.060s][info][gc,stats]    Subphase: Pause Weak Roots JVMTIWeakExport              0.000 / 0.000         0.000 / 0.000         0.000 / 0.000         0.000 / 0.000       ms
[280.060s][info][gc,stats]    Subphase: Pause Weak Roots Setup                        0.000 / 0.000         0.000 / 0.000         0.000 / 0.000         0.000 / 0.000       ms
[280.060s][info][gc,stats]    Subphase: Pause Weak Roots Teardown                     0.000 / 0.000         0.000 / 0.000         0.000 / 0.000         0.000 / 0.000       ms
[280.060s][info][gc,stats]      System: Java Threads                                      0 / 0                 0 / 0                 0 / 0                 0 / 0           threads
[280.060s][info][gc,stats] =========================================================================================================================================================
[290.059s][info][gc,stats] === Garbage Collection Statistics =======================================================================================================================
[290.059s][info][gc,stats]                                                              Last 10s              Last 10m              Last 10h                Total
[290.059s][info][gc,stats]                                                              Avg / Max             Avg / Max             Avg / Max             Avg / Max
[290.059s][info][gc,stats]   Collector: Garbage Collection Cycle                      0.000 / 0.000         0.000 / 0.000         0.000 / 0.000         0.000 / 0.000       ms
[290.059s][info][gc,stats]  Contention: Mark Segment Reset Contention                     0 / 0                 0 / 0                 0 / 0                 0 / 0           ops/s
[290.059s][info][gc,stats]  Contention: Mark SeqNum Reset Contention                      0 / 0                 0 / 0                 0 / 0                 0 / 0           ops/s
[290.059s][info][gc,stats]  Contention: Relocation Contention                             0 / 0                 0 / 0                 0 / 0                 0 / 0           ops/s
[290.059s][info][gc,stats]    Critical: Allocation Stall                              0.000 / 0.000         0.000 / 0.000         0.000 / 0.000         0.000 / 0.000       ms
[290.060s][info][gc,stats]    Critical: Allocation Stall                                  0 / 0                 0 / 0                 0 / 0                 0 / 0           ops/s
[290.060s][info][gc,stats]    Critical: GC Locker Stall                               0.000 / 0.000         0.000 / 0.000         0.000 / 0.000         0.000 / 0.000       ms
[290.060s][info][gc,stats]    Critical: GC Locker Stall                                   0 / 0                 0 / 0                 0 / 0                 0 / 0           ops/s
[290.060s][info][gc,stats]      Memory: Allocation Rate                                   9 / 18               14 / 486              14 / 486              14 / 486         MB/s
[290.060s][info][gc,stats]      Memory: Heap Used After Mark                              0 / 0                 0 / 0                 0 / 0                 0 / 0           MB
[290.060s][info][gc,stats]      Memory: Heap Used After Relocation                        0 / 0                 0 / 0                 0 / 0                 0 / 0           MB
[290.060s][info][gc,stats]      Memory: Heap Used Before Mark                             0 / 0                 0 / 0                 0 / 0                 0 / 0           MB
[290.060s][info][gc,stats]      Memory: Heap Used Before Relocation                       0 / 0                 0 / 0                 0 / 0                 0 / 0           MB
[290.060s][info][gc,stats]      Memory: Out Of Memory                                     0 / 0                 0 / 0                 0 / 0                 0 / 0           ops/s
[290.060s][info][gc,stats]      Memory: Page Cache Flush                                  0 / 0                 0 / 0                 0 / 0                 0 / 0           MB/s
[290.060s][info][gc,stats]      Memory: Page Cache Hit L1                                 0 / 0                 0 / 36                0 / 36                0 / 36          ops/s
[290.060s][info][gc,stats]      Memory: Page Cache Hit L2                                 0 / 0                 0 / 30                0 / 30                0 / 30          ops/s
[290.060s][info][gc,stats]      Memory: Page Cache Miss                                   4 / 9                 6 / 240               6 / 240               6 / 240         ops/s
[290.060s][info][gc,stats]      Memory: Undo Object Allocation Failed                     0 / 0                 0 / 0                 0 / 0                 0 / 0           ops/s
[290.060s][info][gc,stats]      Memory: Undo Object Allocation Succeeded                  0 / 0                 0 / 0                 0 / 0                 0 / 0           ops/s
[290.060s][info][gc,stats]      Memory: Undo Page Allocation                              0 / 0                 0 / 66                0 / 66                0 / 66          ops/s
[290.060s][info][gc,stats]       Phase: Concurrent Destroy Detached Pages             0.000 / 0.000         0.000 / 0.000         0.000 / 0.000         0.000 / 0.000       ms
[290.060s][info][gc,stats]       Phase: Concurrent Mark                               0.000 / 0.000         0.000 / 0.000         0.000 / 0.000         0.000 / 0.000       ms
[290.060s][info][gc,stats]       Phase: Concurrent Mark Continue                      0.000 / 0.000         0.000 / 0.000         0.000 / 0.000         0.000 / 0.000       ms
[290.060s][info][gc,stats]       Phase: Concurrent Prepare Relocation Set             0.000 / 0.000         0.000 / 0.000         0.000 / 0.000         0.000 / 0.000       ms
[290.060s][info][gc,stats]       Phase: Concurrent Process Non-Strong References      0.000 / 0.000         0.000 / 0.000         0.000 / 0.000         0.000 / 0.000       ms
[290.060s][info][gc,stats]       Phase: Concurrent Relocate                           0.000 / 0.000         0.000 / 0.000         0.000 / 0.000         0.000 / 0.000       ms
[290.060s][info][gc,stats]       Phase: Concurrent Reset Relocation Set               0.000 / 0.000         0.000 / 0.000         0.000 / 0.000         0.000 / 0.000       ms
[290.060s][info][gc,stats]       Phase: Concurrent Select Relocation Set              0.000 / 0.000         0.000 / 0.000         0.000 / 0.000         0.000 / 0.000       ms
[290.060s][info][gc,stats]       Phase: Pause Mark End                                0.000 / 0.000         0.000 / 0.000         0.000 / 0.000         0.000 / 0.000       ms
[290.060s][info][gc,stats]       Phase: Pause Mark Start                              0.000 / 0.000         0.000 / 0.000         0.000 / 0.000         0.000 / 0.000       ms
[290.060s][info][gc,stats]       Phase: Pause Relocate Start                          0.000 / 0.000         0.000 / 0.000         0.000 / 0.000         0.000 / 0.000       ms
[290.060s][info][gc,stats]       Phase: Pause Verify                                  0.000 / 0.000         0.000 / 0.000         0.000 / 0.000         0.000 / 0.000       ms
[290.060s][info][gc,stats]    Subphase: Concurrent Classes Unload                     0.000 / 0.000         0.000 / 0.000         0.000 / 0.000         0.000 / 0.000       ms
[290.060s][info][gc,stats]    Subphase: Concurrent Mark                               0.000 / 0.000         0.000 / 0.000         0.000 / 0.000         0.000 / 0.000       ms
[290.060s][info][gc,stats]    Subphase: Concurrent Mark Idle                          0.000 / 0.000         0.000 / 0.000         0.000 / 0.000         0.000 / 0.000       ms
[290.060s][info][gc,stats]    Subphase: Concurrent Mark Try Flush                     0.000 / 0.000         0.000 / 0.000         0.000 / 0.000         0.000 / 0.000       ms
[290.060s][info][gc,stats]    Subphase: Concurrent Mark Try Terminate                 0.000 / 0.000         0.000 / 0.000         0.000 / 0.000         0.000 / 0.000       ms
[290.060s][info][gc,stats]    Subphase: Concurrent References Enqueue                 0.000 / 0.000         0.000 / 0.000         0.000 / 0.000         0.000 / 0.000       ms
[290.060s][info][gc,stats]    Subphase: Concurrent References Process                 0.000 / 0.000         0.000 / 0.000         0.000 / 0.000         0.000 / 0.000       ms
[290.060s][info][gc,stats]    Subphase: Concurrent Roots                              0.000 / 0.000         0.000 / 0.000         0.000 / 0.000         0.000 / 0.000       ms
[290.060s][info][gc,stats]    Subphase: Concurrent Roots ClassLoaderDataGraph         0.000 / 0.000         0.000 / 0.000         0.000 / 0.000         0.000 / 0.000       ms
[290.060s][info][gc,stats]    Subphase: Concurrent Roots JNIHandles                   0.000 / 0.000         0.000 / 0.000         0.000 / 0.000         0.000 / 0.000       ms
[290.060s][info][gc,stats]    Subphase: Concurrent Roots Setup                        0.000 / 0.000         0.000 / 0.000         0.000 / 0.000         0.000 / 0.000       ms
[290.060s][info][gc,stats]    Subphase: Concurrent Roots Teardown                     0.000 / 0.000         0.000 / 0.000         0.000 / 0.000         0.000 / 0.000       ms
[290.060s][info][gc,stats]    Subphase: Concurrent Weak Roots                         0.000 / 0.000         0.000 / 0.000         0.000 / 0.000         0.000 / 0.000       ms
[290.060s][info][gc,stats]    Subphase: Concurrent Weak Roots JNIWeakHandles          0.000 / 0.000         0.000 / 0.000         0.000 / 0.000         0.000 / 0.000       ms
[290.060s][info][gc,stats]    Subphase: Concurrent Weak Roots StringTable             0.000 / 0.000         0.000 / 0.000         0.000 / 0.000         0.000 / 0.000       ms
[290.060s][info][gc,stats]    Subphase: Concurrent Weak Roots VMWeakHandles           0.000 / 0.000         0.000 / 0.000         0.000 / 0.000         0.000 / 0.000       ms
[290.060s][info][gc,stats]    Subphase: Pause Mark Try Complete                       0.000 / 0.000         0.000 / 0.000         0.000 / 0.000         0.000 / 0.000       ms
[290.060s][info][gc,stats]    Subphase: Pause Roots                                   0.000 / 0.000         0.000 / 0.000         0.000 / 0.000         0.000 / 0.000       ms
[290.060s][info][gc,stats]    Subphase: Pause Roots CodeCache                         0.000 / 0.000         0.000 / 0.000         0.000 / 0.000         0.000 / 0.000       ms
[290.060s][info][gc,stats]    Subphase: Pause Roots JVMTIExport                       0.000 / 0.000         0.000 / 0.000         0.000 / 0.000         0.000 / 0.000       ms
[290.060s][info][gc,stats]    Subphase: Pause Roots JVMTIWeakExport                   0.000 / 0.000         0.000 / 0.000         0.000 / 0.000         0.000 / 0.000       ms
[290.060s][info][gc,stats]    Subphase: Pause Roots Management                        0.000 / 0.000         0.000 / 0.000         0.000 / 0.000         0.000 / 0.000       ms
[290.060s][info][gc,stats]    Subphase: Pause Roots ObjectSynchronizer                0.000 / 0.000         0.000 / 0.000         0.000 / 0.000         0.000 / 0.000       ms
[290.060s][info][gc,stats]    Subphase: Pause Roots Setup                             0.000 / 0.000         0.000 / 0.000         0.000 / 0.000         0.000 / 0.000       ms
[290.060s][info][gc,stats]    Subphase: Pause Roots SystemDictionary                  0.000 / 0.000         0.000 / 0.000         0.000 / 0.000         0.000 / 0.000       ms
[290.060s][info][gc,stats]    Subphase: Pause Roots Teardown                          0.000 / 0.000         0.000 / 0.000         0.000 / 0.000         0.000 / 0.000       ms
[290.060s][info][gc,stats]    Subphase: Pause Roots Threads                           0.000 / 0.000         0.000 / 0.000         0.000 / 0.000         0.000 / 0.000       ms
[290.060s][info][gc,stats]    Subphase: Pause Roots Universe                          0.000 / 0.000         0.000 / 0.000         0.000 / 0.000         0.000 / 0.000       ms
[290.060s][info][gc,stats]    Subphase: Pause Weak Roots                              0.000 / 0.000         0.000 / 0.000         0.000 / 0.000         0.000 / 0.000       ms
[290.060s][info][gc,stats]    Subphase: Pause Weak Roots JFRWeak                      0.000 / 0.000         0.000 / 0.000         0.000 / 0.000         0.000 / 0.000       ms
[290.060s][info][gc,stats]    Subphase: Pause Weak Roots JVMTIWeakExport              0.000 / 0.000         0.000 / 0.000         0.000 / 0.000         0.000 / 0.000       ms
[290.060s][info][gc,stats]    Subphase: Pause Weak Roots Setup                        0.000 / 0.000         0.000 / 0.000         0.000 / 0.000         0.000 / 0.000       ms
[290.060s][info][gc,stats]    Subphase: Pause Weak Roots Teardown                     0.000 / 0.000         0.000 / 0.000         0.000 / 0.000         0.000 / 0.000       ms
[290.060s][info][gc,stats]      System: Java Threads                                      0 / 0                 0 / 0                 0 / 0                 0 / 0           threads
[290.060s][info][gc,stats] =========================================================================================================================================================
[300.059s][info][gc,stats] === Garbage Collection Statistics =======================================================================================================================
[300.059s][info][gc,stats]                                                              Last 10s              Last 10m              Last 10h                Total
[300.059s][info][gc,stats]                                                              Avg / Max             Avg / Max             Avg / Max             Avg / Max
[300.059s][info][gc,stats]   Collector: Garbage Collection Cycle                      0.000 / 0.000         0.000 / 0.000         0.000 / 0.000         0.000 / 0.000       ms
[300.059s][info][gc,stats]  Contention: Mark Segment Reset Contention                     0 / 0                 0 / 0                 0 / 0                 0 / 0           ops/s
[300.059s][info][gc,stats]  Contention: Mark SeqNum Reset Contention                      0 / 0                 0 / 0                 0 / 0                 0 / 0           ops/s
[300.059s][info][gc,stats]  Contention: Relocation Contention                             0 / 0                 0 / 0                 0 / 0                 0 / 0           ops/s
[300.059s][info][gc,stats]    Critical: Allocation Stall                              0.000 / 0.000         0.000 / 0.000         0.000 / 0.000         0.000 / 0.000       ms
[300.059s][info][gc,stats]    Critical: Allocation Stall                                  0 / 0                 0 / 0                 0 / 0                 0 / 0           ops/s
[300.059s][info][gc,stats]    Critical: GC Locker Stall                               0.000 / 0.000         0.000 / 0.000         0.000 / 0.000         0.000 / 0.000       ms
[300.059s][info][gc,stats]    Critical: GC Locker Stall                                   0 / 0                 0 / 0                 0 / 0                 0 / 0           ops/s
[300.059s][info][gc,stats]      Memory: Allocation Rate                                   8 / 12               13 / 486              13 / 486              13 / 486         MB/s
[300.059s][info][gc,stats]      Memory: Heap Used After Mark                              0 / 0                 0 / 0                 0 / 0                 0 / 0           MB
[300.059s][info][gc,stats]      Memory: Heap Used After Relocation                        0 / 0                 0 / 0                 0 / 0                 0 / 0           MB
[300.059s][info][gc,stats]      Memory: Heap Used Before Mark                             0 / 0                 0 / 0                 0 / 0                 0 / 0           MB
[300.059s][info][gc,stats]      Memory: Heap Used Before Relocation                       0 / 0                 0 / 0                 0 / 0                 0 / 0           MB
[300.059s][info][gc,stats]      Memory: Out Of Memory                                     0 / 0                 0 / 0                 0 / 0                 0 / 0           ops/s
[300.059s][info][gc,stats]      Memory: Page Cache Flush                                  0 / 0                 0 / 0                 0 / 0                 0 / 0           MB/s
[300.059s][info][gc,stats]      Memory: Page Cache Hit L1                                 0 / 0                 0 / 36                0 / 36                0 / 36          ops/s
[300.059s][info][gc,stats]      Memory: Page Cache Hit L2                                 0 / 0                 0 / 30                0 / 30                0 / 30          ops/s
[300.059s][info][gc,stats]      Memory: Page Cache Miss                                   4 / 6                 6 / 240               6 / 240               6 / 240         ops/s
[300.059s][info][gc,stats]      Memory: Undo Object Allocation Failed                     0 / 0                 0 / 0                 0 / 0                 0 / 0           ops/s
[300.059s][info][gc,stats]      Memory: Undo Object Allocation Succeeded                  0 / 0                 0 / 0                 0 / 0                 0 / 0           ops/s
[300.059s][info][gc,stats]      Memory: Undo Page Allocation                              0 / 0                 0 / 66                0 / 66                0 / 66          ops/s
[300.059s][info][gc,stats]       Phase: Concurrent Destroy Detached Pages             0.000 / 0.000         0.000 / 0.000         0.000 / 0.000         0.000 / 0.000       ms
[300.059s][info][gc,stats]       Phase: Concurrent Mark                               0.000 / 0.000         0.000 / 0.000         0.000 / 0.000         0.000 / 0.000       ms
[300.059s][info][gc,stats]       Phase: Concurrent Mark Continue                      0.000 / 0.000         0.000 / 0.000         0.000 / 0.000         0.000 / 0.000       ms
[300.059s][info][gc,stats]       Phase: Concurrent Prepare Relocation Set             0.000 / 0.000         0.000 / 0.000         0.000 / 0.000         0.000 / 0.000       ms
[300.059s][info][gc,stats]       Phase: Concurrent Process Non-Strong References      0.000 / 0.000         0.000 / 0.000         0.000 / 0.000         0.000 / 0.000       ms
[300.059s][info][gc,stats]       Phase: Concurrent Relocate                           0.000 / 0.000         0.000 / 0.000         0.000 / 0.000         0.000 / 0.000       ms
[300.059s][info][gc,stats]       Phase: Concurrent Reset Relocation Set               0.000 / 0.000         0.000 / 0.000         0.000 / 0.000         0.000 / 0.000       ms
[300.059s][info][gc,stats]       Phase: Concurrent Select Relocation Set              0.000 / 0.000         0.000 / 0.000         0.000 / 0.000         0.000 / 0.000       ms
[300.059s][info][gc,stats]       Phase: Pause Mark End                                0.000 / 0.000         0.000 / 0.000         0.000 / 0.000         0.000 / 0.000       ms
[300.059s][info][gc,stats]       Phase: Pause Mark Start                              0.000 / 0.000         0.000 / 0.000         0.000 / 0.000         0.000 / 0.000       ms
[300.059s][info][gc,stats]       Phase: Pause Relocate Start                          0.000 / 0.000         0.000 / 0.000         0.000 / 0.000         0.000 / 0.000       ms
[300.059s][info][gc,stats]       Phase: Pause Verify                                  0.000 / 0.000         0.000 / 0.000         0.000 / 0.000         0.000 / 0.000       ms
[300.059s][info][gc,stats]    Subphase: Concurrent Classes Unload                     0.000 / 0.000         0.000 / 0.000         0.000 / 0.000         0.000 / 0.000       ms
[300.059s][info][gc,stats]    Subphase: Concurrent Mark                               0.000 / 0.000         0.000 / 0.000         0.000 / 0.000         0.000 / 0.000       ms
[300.060s][info][gc,stats]    Subphase: Concurrent Mark Idle                          0.000 / 0.000         0.000 / 0.000         0.000 / 0.000         0.000 / 0.000       ms
[300.060s][info][gc,stats]    Subphase: Concurrent Mark Try Flush                     0.000 / 0.000         0.000 / 0.000         0.000 / 0.000         0.000 / 0.000       ms
[300.060s][info][gc,stats]    Subphase: Concurrent Mark Try Terminate                 0.000 / 0.000         0.000 / 0.000         0.000 / 0.000         0.000 / 0.000       ms
[300.060s][info][gc,stats]    Subphase: Concurrent References Enqueue                 0.000 / 0.000         0.000 / 0.000         0.000 / 0.000         0.000 / 0.000       ms
[300.060s][info][gc,stats]    Subphase: Concurrent References Process                 0.000 / 0.000         0.000 / 0.000         0.000 / 0.000         0.000 / 0.000       ms
[300.060s][info][gc,stats]    Subphase: Concurrent Roots                              0.000 / 0.000         0.000 / 0.000         0.000 / 0.000         0.000 / 0.000       ms
[300.060s][info][gc,stats]    Subphase: Concurrent Roots ClassLoaderDataGraph         0.000 / 0.000         0.000 / 0.000         0.000 / 0.000         0.000 / 0.000       ms
[300.060s][info][gc,stats]    Subphase: Concurrent Roots JNIHandles                   0.000 / 0.000         0.000 / 0.000         0.000 / 0.000         0.000 / 0.000       ms
[300.060s][info][gc,stats]    Subphase: Concurrent Roots Setup                        0.000 / 0.000         0.000 / 0.000         0.000 / 0.000         0.000 / 0.000       ms
[300.060s][info][gc,stats]    Subphase: Concurrent Roots Teardown                     0.000 / 0.000         0.000 / 0.000         0.000 / 0.000         0.000 / 0.000       ms
[300.060s][info][gc,stats]    Subphase: Concurrent Weak Roots                         0.000 / 0.000         0.000 / 0.000         0.000 / 0.000         0.000 / 0.000       ms
[300.060s][info][gc,stats]    Subphase: Concurrent Weak Roots JNIWeakHandles          0.000 / 0.000         0.000 / 0.000         0.000 / 0.000         0.000 / 0.000       ms
[300.060s][info][gc,stats]    Subphase: Concurrent Weak Roots StringTable             0.000 / 0.000         0.000 / 0.000         0.000 / 0.000         0.000 / 0.000       ms
[300.060s][info][gc,stats]    Subphase: Concurrent Weak Roots VMWeakHandles           0.000 / 0.000         0.000 / 0.000         0.000 / 0.000         0.000 / 0.000       ms
[300.060s][info][gc,stats]    Subphase: Pause Mark Try Complete                       0.000 / 0.000         0.000 / 0.000         0.000 / 0.000         0.000 / 0.000       ms
[300.060s][info][gc,stats]    Subphase: Pause Roots                                   0.000 / 0.000         0.000 / 0.000         0.000 / 0.000         0.000 / 0.000       ms
[300.060s][info][gc,stats]    Subphase: Pause Roots CodeCache                         0.000 / 0.000         0.000 / 0.000         0.000 / 0.000         0.000 / 0.000       ms
[300.060s][info][gc,stats]    Subphase: Pause Roots JVMTIExport                       0.000 / 0.000         0.000 / 0.000         0.000 / 0.000         0.000 / 0.000       ms
[300.060s][info][gc,stats]    Subphase: Pause Roots JVMTIWeakExport                   0.000 / 0.000         0.000 / 0.000         0.000 / 0.000         0.000 / 0.000       ms
[300.060s][info][gc,stats]    Subphase: Pause Roots Management                        0.000 / 0.000         0.000 / 0.000         0.000 / 0.000         0.000 / 0.000       ms
[300.060s][info][gc,stats]    Subphase: Pause Roots ObjectSynchronizer                0.000 / 0.000         0.000 / 0.000         0.000 / 0.000         0.000 / 0.000       ms
[300.060s][info][gc,stats]    Subphase: Pause Roots Setup                             0.000 / 0.000         0.000 / 0.000         0.000 / 0.000         0.000 / 0.000       ms
[300.060s][info][gc,stats]    Subphase: Pause Roots SystemDictionary                  0.000 / 0.000         0.000 / 0.000         0.000 / 0.000         0.000 / 0.000       ms
[300.060s][info][gc,stats]    Subphase: Pause Roots Teardown                          0.000 / 0.000         0.000 / 0.000         0.000 / 0.000         0.000 / 0.000       ms
[300.060s][info][gc,stats]    Subphase: Pause Roots Threads                           0.000 / 0.000         0.000 / 0.000         0.000 / 0.000         0.000 / 0.000       ms
[300.060s][info][gc,stats]    Subphase: Pause Roots Universe                          0.000 / 0.000         0.000 / 0.000         0.000 / 0.000         0.000 / 0.000       ms
[300.060s][info][gc,stats]    Subphase: Pause Weak Roots                              0.000 / 0.000         0.000 / 0.000         0.000 / 0.000         0.000 / 0.000       ms
[300.060s][info][gc,stats]    Subphase: Pause Weak Roots JFRWeak                      0.000 / 0.000         0.000 / 0.000         0.000 / 0.000         0.000 / 0.000       ms
[300.060s][info][gc,stats]    Subphase: Pause Weak Roots JVMTIWeakExport              0.000 / 0.000         0.000 / 0.000         0.000 / 0.000         0.000 / 0.000       ms
[300.060s][info][gc,stats]    Subphase: Pause Weak Roots Setup                        0.000 / 0.000         0.000 / 0.000         0.000 / 0.000         0.000 / 0.000       ms
[300.060s][info][gc,stats]    Subphase: Pause Weak Roots Teardown                     0.000 / 0.000         0.000 / 0.000         0.000 / 0.000         0.000 / 0.000       ms
[300.060s][info][gc,stats]      System: Java Threads                                      0 / 0                 0 / 0                 0 / 0                 0 / 0           threads
[300.060s][info][gc,stats] =========================================================================================================================================================
[310.060s][info][gc,stats] === Garbage Collection Statistics =======================================================================================================================
[310.060s][info][gc,stats]                                                              Last 10s              Last 10m              Last 10h                Total
[310.060s][info][gc,stats]                                                              Avg / Max             Avg / Max             Avg / Max             Avg / Max
[310.060s][info][gc,stats]   Collector: Garbage Collection Cycle                      0.000 / 0.000         0.000 / 0.000         0.000 / 0.000         0.000 / 0.000       ms
[310.060s][info][gc,stats]  Contention: Mark Segment Reset Contention                     0 / 0                 0 / 0                 0 / 0                 0 / 0           ops/s
[310.060s][info][gc,stats]  Contention: Mark SeqNum Reset Contention                      0 / 0                 0 / 0                 0 / 0                 0 / 0           ops/s
[310.060s][info][gc,stats]  Contention: Relocation Contention                             0 / 0                 0 / 0                 0 / 0                 0 / 0           ops/s
[310.060s][info][gc,stats]    Critical: Allocation Stall                              0.000 / 0.000         0.000 / 0.000         0.000 / 0.000         0.000 / 0.000       ms
[310.060s][info][gc,stats]    Critical: Allocation Stall                                  0 / 0                 0 / 0                 0 / 0                 0 / 0           ops/s
[310.060s][info][gc,stats]    Critical: GC Locker Stall                               0.000 / 0.000         0.000 / 0.000         0.000 / 0.000         0.000 / 0.000       ms
[310.060s][info][gc,stats]    Critical: GC Locker Stall                                   0 / 0                 0 / 0                 0 / 0                 0 / 0           ops/s
[310.060s][info][gc,stats]      Memory: Allocation Rate                                   8 / 14               13 / 486              13 / 486              13 / 486         MB/s
[310.060s][info][gc,stats]      Memory: Heap Used After Mark                              0 / 0                 0 / 0                 0 / 0                 0 / 0           MB
[310.060s][info][gc,stats]      Memory: Heap Used After Relocation                        0 / 0                 0 / 0                 0 / 0                 0 / 0           MB
[310.060s][info][gc,stats]      Memory: Heap Used Before Mark                             0 / 0                 0 / 0                 0 / 0                 0 / 0           MB
[310.060s][info][gc,stats]      Memory: Heap Used Before Relocation                       0 / 0                 0 / 0                 0 / 0                 0 / 0           MB
[310.060s][info][gc,stats]      Memory: Out Of Memory                                     0 / 0                 0 / 0                 0 / 0                 0 / 0           ops/s
[310.060s][info][gc,stats]      Memory: Page Cache Flush                                  0 / 0                 0 / 0                 0 / 0                 0 / 0           MB/s
[310.060s][info][gc,stats]      Memory: Page Cache Hit L1                                 0 / 0                 0 / 36                0 / 36                0 / 36          ops/s
[310.060s][info][gc,stats]      Memory: Page Cache Hit L2                                 0 / 0                 0 / 30                0 / 30                0 / 30          ops/s
[310.060s][info][gc,stats]      Memory: Page Cache Miss                                   4 / 7                 6 / 240               6 / 240               6 / 240         ops/s
[310.060s][info][gc,stats]      Memory: Undo Object Allocation Failed                     0 / 0                 0 / 0                 0 / 0                 0 / 0           ops/s
[310.060s][info][gc,stats]      Memory: Undo Object Allocation Succeeded                  0 / 0                 0 / 0                 0 / 0                 0 / 0           ops/s
[310.060s][info][gc,stats]      Memory: Undo Page Allocation                              0 / 0                 0 / 66                0 / 66                0 / 66          ops/s
[310.060s][info][gc,stats]       Phase: Concurrent Destroy Detached Pages             0.000 / 0.000         0.000 / 0.000         0.000 / 0.000         0.000 / 0.000       ms
[310.060s][info][gc,stats]       Phase: Concurrent Mark                               0.000 / 0.000         0.000 / 0.000         0.000 / 0.000         0.000 / 0.000       ms
[310.060s][info][gc,stats]       Phase: Concurrent Mark Continue                      0.000 / 0.000         0.000 / 0.000         0.000 / 0.000         0.000 / 0.000       ms
[310.060s][info][gc,stats]       Phase: Concurrent Prepare Relocation Set             0.000 / 0.000         0.000 / 0.000         0.000 / 0.000         0.000 / 0.000       ms
[310.060s][info][gc,stats]       Phase: Concurrent Process Non-Strong References      0.000 / 0.000         0.000 / 0.000         0.000 / 0.000         0.000 / 0.000       ms
[310.060s][info][gc,stats]       Phase: Concurrent Relocate                           0.000 / 0.000         0.000 / 0.000         0.000 / 0.000         0.000 / 0.000       ms
[310.060s][info][gc,stats]       Phase: Concurrent Reset Relocation Set               0.000 / 0.000         0.000 / 0.000         0.000 / 0.000         0.000 / 0.000       ms
[310.060s][info][gc,stats]       Phase: Concurrent Select Relocation Set              0.000 / 0.000         0.000 / 0.000         0.000 / 0.000         0.000 / 0.000       ms
[310.060s][info][gc,stats]       Phase: Pause Mark End                                0.000 / 0.000         0.000 / 0.000         0.000 / 0.000         0.000 / 0.000       ms
[310.060s][info][gc,stats]       Phase: Pause Mark Start                              0.000 / 0.000         0.000 / 0.000         0.000 / 0.000         0.000 / 0.000       ms
[310.060s][info][gc,stats]       Phase: Pause Relocate Start                          0.000 / 0.000         0.000 / 0.000         0.000 / 0.000         0.000 / 0.000       ms
[310.060s][info][gc,stats]       Phase: Pause Verify                                  0.000 / 0.000         0.000 / 0.000         0.000 / 0.000         0.000 / 0.000       ms
[310.060s][info][gc,stats]    Subphase: Concurrent Classes Unload                     0.000 / 0.000         0.000 / 0.000         0.000 / 0.000         0.000 / 0.000       ms
[310.060s][info][gc,stats]    Subphase: Concurrent Mark                               0.000 / 0.000         0.000 / 0.000         0.000 / 0.000         0.000 / 0.000       ms
[310.060s][info][gc,stats]    Subphase: Concurrent Mark Idle                          0.000 / 0.000         0.000 / 0.000         0.000 / 0.000         0.000 / 0.000       ms
[310.060s][info][gc,stats]    Subphase: Concurrent Mark Try Flush                     0.000 / 0.000         0.000 / 0.000         0.000 / 0.000         0.000 / 0.000       ms
[310.060s][info][gc,stats]    Subphase: Concurrent Mark Try Terminate                 0.000 / 0.000         0.000 / 0.000         0.000 / 0.000         0.000 / 0.000       ms
[310.060s][info][gc,stats]    Subphase: Concurrent References Enqueue                 0.000 / 0.000         0.000 / 0.000         0.000 / 0.000         0.000 / 0.000       ms
[310.060s][info][gc,stats]    Subphase: Concurrent References Process                 0.000 / 0.000         0.000 / 0.000         0.000 / 0.000         0.000 / 0.000       ms
[310.060s][info][gc,stats]    Subphase: Concurrent Roots                              0.000 / 0.000         0.000 / 0.000         0.000 / 0.000         0.000 / 0.000       ms
[310.060s][info][gc,stats]    Subphase: Concurrent Roots ClassLoaderDataGraph         0.000 / 0.000         0.000 / 0.000         0.000 / 0.000         0.000 / 0.000       ms
[310.060s][info][gc,stats]    Subphase: Concurrent Roots JNIHandles                   0.000 / 0.000         0.000 / 0.000         0.000 / 0.000         0.000 / 0.000       ms
[310.060s][info][gc,stats]    Subphase: Concurrent Roots Setup                        0.000 / 0.000         0.000 / 0.000         0.000 / 0.000         0.000 / 0.000       ms
[310.060s][info][gc,stats]    Subphase: Concurrent Roots Teardown                     0.000 / 0.000         0.000 / 0.000         0.000 / 0.000         0.000 / 0.000       ms
[310.060s][info][gc,stats]    Subphase: Concurrent Weak Roots                         0.000 / 0.000         0.000 / 0.000         0.000 / 0.000         0.000 / 0.000       ms
[310.060s][info][gc,stats]    Subphase: Concurrent Weak Roots JNIWeakHandles          0.000 / 0.000         0.000 / 0.000         0.000 / 0.000         0.000 / 0.000       ms
[310.060s][info][gc,stats]    Subphase: Concurrent Weak Roots StringTable             0.000 / 0.000         0.000 / 0.000         0.000 / 0.000         0.000 / 0.000       ms
[310.060s][info][gc,stats]    Subphase: Concurrent Weak Roots VMWeakHandles           0.000 / 0.000         0.000 / 0.000         0.000 / 0.000         0.000 / 0.000       ms
[310.060s][info][gc,stats]    Subphase: Pause Mark Try Complete                       0.000 / 0.000         0.000 / 0.000         0.000 / 0.000         0.000 / 0.000       ms
[310.060s][info][gc,stats]    Subphase: Pause Roots                                   0.000 / 0.000         0.000 / 0.000         0.000 / 0.000         0.000 / 0.000       ms
[310.060s][info][gc,stats]    Subphase: Pause Roots CodeCache                         0.000 / 0.000         0.000 / 0.000         0.000 / 0.000         0.000 / 0.000       ms
[310.060s][info][gc,stats]    Subphase: Pause Roots JVMTIExport                       0.000 / 0.000         0.000 / 0.000         0.000 / 0.000         0.000 / 0.000       ms
[310.060s][info][gc,stats]    Subphase: Pause Roots JVMTIWeakExport                   0.000 / 0.000         0.000 / 0.000         0.000 / 0.000         0.000 / 0.000       ms
[310.060s][info][gc,stats]    Subphase: Pause Roots Management                        0.000 / 0.000         0.000 / 0.000         0.000 / 0.000         0.000 / 0.000       ms
[310.060s][info][gc,stats]    Subphase: Pause Roots ObjectSynchronizer                0.000 / 0.000         0.000 / 0.000         0.000 / 0.000         0.000 / 0.000       ms
[310.060s][info][gc,stats]    Subphase: Pause Roots Setup                             0.000 / 0.000         0.000 / 0.000         0.000 / 0.000         0.000 / 0.000       ms
[310.060s][info][gc,stats]    Subphase: Pause Roots SystemDictionary                  0.000 / 0.000         0.000 / 0.000         0.000 / 0.000         0.000 / 0.000       ms
[310.060s][info][gc,stats]    Subphase: Pause Roots Teardown                          0.000 / 0.000         0.000 / 0.000         0.000 / 0.000         0.000 / 0.000       ms
[310.060s][info][gc,stats]    Subphase: Pause Roots Threads                           0.000 / 0.000         0.000 / 0.000         0.000 / 0.000         0.000 / 0.000       ms
[310.060s][info][gc,stats]    Subphase: Pause Roots Universe                          0.000 / 0.000         0.000 / 0.000         0.000 / 0.000         0.000 / 0.000       ms
[310.060s][info][gc,stats]    Subphase: Pause Weak Roots                              0.000 / 0.000         0.000 / 0.000         0.000 / 0.000         0.000 / 0.000       ms
[310.060s][info][gc,stats]    Subphase: Pause Weak Roots JFRWeak                      0.000 / 0.000         0.000 / 0.000         0.000 / 0.000         0.000 / 0.000       ms
[310.060s][info][gc,stats]    Subphase: Pause Weak Roots JVMTIWeakExport              0.000 / 0.000         0.000 / 0.000         0.000 / 0.000         0.000 / 0.000       ms
[310.060s][info][gc,stats]    Subphase: Pause Weak Roots Setup                        0.000 / 0.000         0.000 / 0.000         0.000 / 0.000         0.000 / 0.000       ms
[310.060s][info][gc,stats]    Subphase: Pause Weak Roots Teardown                     0.000 / 0.000         0.000 / 0.000         0.000 / 0.000         0.000 / 0.000       ms
[310.060s][info][gc,stats]      System: Java Threads                                      0 / 0                 0 / 0                 0 / 0                 0 / 0           threads
[310.060s][info][gc,stats] =========================================================================================================================================================
[320.059s][info][gc,stats] === Garbage Collection Statistics =======================================================================================================================
[320.059s][info][gc,stats]                                                              Last 10s              Last 10m              Last 10h                Total
[320.059s][info][gc,stats]                                                              Avg / Max             Avg / Max             Avg / Max             Avg / Max
[320.059s][info][gc,stats]   Collector: Garbage Collection Cycle                      0.000 / 0.000         0.000 / 0.000         0.000 / 0.000         0.000 / 0.000       ms
[320.059s][info][gc,stats]  Contention: Mark Segment Reset Contention                     0 / 0                 0 / 0                 0 / 0                 0 / 0           ops/s
[320.059s][info][gc,stats]  Contention: Mark SeqNum Reset Contention                      0 / 0                 0 / 0                 0 / 0                 0 / 0           ops/s
[320.059s][info][gc,stats]  Contention: Relocation Contention                             0 / 0                 0 / 0                 0 / 0                 0 / 0           ops/s
[320.059s][info][gc,stats]    Critical: Allocation Stall                              0.000 / 0.000         0.000 / 0.000         0.000 / 0.000         0.000 / 0.000       ms
[320.059s][info][gc,stats]    Critical: Allocation Stall                                  0 / 0                 0 / 0                 0 / 0                 0 / 0           ops/s
[320.059s][info][gc,stats]    Critical: GC Locker Stall                               0.000 / 0.000         0.000 / 0.000         0.000 / 0.000         0.000 / 0.000       ms
[320.059s][info][gc,stats]    Critical: GC Locker Stall                                   0 / 0                 0 / 0                 0 / 0                 0 / 0           ops/s
[320.059s][info][gc,stats]      Memory: Allocation Rate                                   8 / 12               13 / 486              13 / 486              13 / 486         MB/s
[320.059s][info][gc,stats]      Memory: Heap Used After Mark                              0 / 0                 0 / 0                 0 / 0                 0 / 0           MB
[320.059s][info][gc,stats]      Memory: Heap Used After Relocation                        0 / 0                 0 / 0                 0 / 0                 0 / 0           MB
[320.059s][info][gc,stats]      Memory: Heap Used Before Mark                             0 / 0                 0 / 0                 0 / 0                 0 / 0           MB
[320.059s][info][gc,stats]      Memory: Heap Used Before Relocation                       0 / 0                 0 / 0                 0 / 0                 0 / 0           MB
[320.059s][info][gc,stats]      Memory: Out Of Memory                                     0 / 0                 0 / 0                 0 / 0                 0 / 0           ops/s
[320.059s][info][gc,stats]      Memory: Page Cache Flush                                  0 / 0                 0 / 0                 0 / 0                 0 / 0           MB/s
[320.060s][info][gc,stats]      Memory: Page Cache Hit L1                                 0 / 0                 0 / 36                0 / 36                0 / 36          ops/s
[320.060s][info][gc,stats]      Memory: Page Cache Hit L2                                 0 / 0                 0 / 30                0 / 30                0 / 30          ops/s
[320.060s][info][gc,stats]      Memory: Page Cache Miss                                   4 / 6                 6 / 240               6 / 240               6 / 240         ops/s
[320.060s][info][gc,stats]      Memory: Undo Object Allocation Failed                     0 / 0                 0 / 0                 0 / 0                 0 / 0           ops/s
[320.060s][info][gc,stats]      Memory: Undo Object Allocation Succeeded                  0 / 0                 0 / 0                 0 / 0                 0 / 0           ops/s
[320.060s][info][gc,stats]      Memory: Undo Page Allocation                              0 / 0                 0 / 66                0 / 66                0 / 66          ops/s
[320.060s][info][gc,stats]       Phase: Concurrent Destroy Detached Pages             0.000 / 0.000         0.000 / 0.000         0.000 / 0.000         0.000 / 0.000       ms
[320.060s][info][gc,stats]       Phase: Concurrent Mark                               0.000 / 0.000         0.000 / 0.000         0.000 / 0.000         0.000 / 0.000       ms
[320.060s][info][gc,stats]       Phase: Concurrent Mark Continue                      0.000 / 0.000         0.000 / 0.000         0.000 / 0.000         0.000 / 0.000       ms
[320.060s][info][gc,stats]       Phase: Concurrent Prepare Relocation Set             0.000 / 0.000         0.000 / 0.000         0.000 / 0.000         0.000 / 0.000       ms
[320.060s][info][gc,stats]       Phase: Concurrent Process Non-Strong References      0.000 / 0.000         0.000 / 0.000         0.000 / 0.000         0.000 / 0.000       ms
[320.060s][info][gc,stats]       Phase: Concurrent Relocate                           0.000 / 0.000         0.000 / 0.000         0.000 / 0.000         0.000 / 0.000       ms
[320.060s][info][gc,stats]       Phase: Concurrent Reset Relocation Set               0.000 / 0.000         0.000 / 0.000         0.000 / 0.000         0.000 / 0.000       ms
[320.060s][info][gc,stats]       Phase: Concurrent Select Relocation Set              0.000 / 0.000         0.000 / 0.000         0.000 / 0.000         0.000 / 0.000       ms
[320.060s][info][gc,stats]       Phase: Pause Mark End                                0.000 / 0.000         0.000 / 0.000         0.000 / 0.000         0.000 / 0.000       ms
[320.060s][info][gc,stats]       Phase: Pause Mark Start                              0.000 / 0.000         0.000 / 0.000         0.000 / 0.000         0.000 / 0.000       ms
[320.060s][info][gc,stats]       Phase: Pause Relocate Start                          0.000 / 0.000         0.000 / 0.000         0.000 / 0.000         0.000 / 0.000       ms
[320.060s][info][gc,stats]       Phase: Pause Verify                                  0.000 / 0.000         0.000 / 0.000         0.000 / 0.000         0.000 / 0.000       ms
[320.060s][info][gc,stats]    Subphase: Concurrent Classes Unload                     0.000 / 0.000         0.000 / 0.000         0.000 / 0.000         0.000 / 0.000       ms
[320.060s][info][gc,stats]    Subphase: Concurrent Mark                               0.000 / 0.000         0.000 / 0.000         0.000 / 0.000         0.000 / 0.000       ms
[320.060s][info][gc,stats]    Subphase: Concurrent Mark Idle                          0.000 / 0.000         0.000 / 0.000         0.000 / 0.000         0.000 / 0.000       ms
[320.060s][info][gc,stats]    Subphase: Concurrent Mark Try Flush                     0.000 / 0.000         0.000 / 0.000         0.000 / 0.000         0.000 / 0.000       ms
[320.060s][info][gc,stats]    Subphase: Concurrent Mark Try Terminate                 0.000 / 0.000         0.000 / 0.000         0.000 / 0.000         0.000 / 0.000       ms
[320.060s][info][gc,stats]    Subphase: Concurrent References Enqueue                 0.000 / 0.000         0.000 / 0.000         0.000 / 0.000         0.000 / 0.000       ms
[320.060s][info][gc,stats]    Subphase: Concurrent References Process                 0.000 / 0.000         0.000 / 0.000         0.000 / 0.000         0.000 / 0.000       ms
[320.060s][info][gc,stats]    Subphase: Concurrent Roots                              0.000 / 0.000         0.000 / 0.000         0.000 / 0.000         0.000 / 0.000       ms
[320.060s][info][gc,stats]    Subphase: Concurrent Roots ClassLoaderDataGraph         0.000 / 0.000         0.000 / 0.000         0.000 / 0.000         0.000 / 0.000       ms
[320.060s][info][gc,stats]    Subphase: Concurrent Roots JNIHandles                   0.000 / 0.000         0.000 / 0.000         0.000 / 0.000         0.000 / 0.000       ms
[320.060s][info][gc,stats]    Subphase: Concurrent Roots Setup                        0.000 / 0.000         0.000 / 0.000         0.000 / 0.000         0.000 / 0.000       ms
[320.060s][info][gc,stats]    Subphase: Concurrent Roots Teardown                     0.000 / 0.000         0.000 / 0.000         0.000 / 0.000         0.000 / 0.000       ms
[320.060s][info][gc,stats]    Subphase: Concurrent Weak Roots                         0.000 / 0.000         0.000 / 0.000         0.000 / 0.000         0.000 / 0.000       ms
[320.060s][info][gc,stats]    Subphase: Concurrent Weak Roots JNIWeakHandles          0.000 / 0.000         0.000 / 0.000         0.000 / 0.000         0.000 / 0.000       ms
[320.060s][info][gc,stats]    Subphase: Concurrent Weak Roots StringTable             0.000 / 0.000         0.000 / 0.000         0.000 / 0.000         0.000 / 0.000       ms
[320.060s][info][gc,stats]    Subphase: Concurrent Weak Roots VMWeakHandles           0.000 / 0.000         0.000 / 0.000         0.000 / 0.000         0.000 / 0.000       ms
[320.060s][info][gc,stats]    Subphase: Pause Mark Try Complete                       0.000 / 0.000         0.000 / 0.000         0.000 / 0.000         0.000 / 0.000       ms
[320.060s][info][gc,stats]    Subphase: Pause Roots                                   0.000 / 0.000         0.000 / 0.000         0.000 / 0.000         0.000 / 0.000       ms
[320.060s][info][gc,stats]    Subphase: Pause Roots CodeCache                         0.000 / 0.000         0.000 / 0.000         0.000 / 0.000         0.000 / 0.000       ms
[320.060s][info][gc,stats]    Subphase: Pause Roots JVMTIExport                       0.000 / 0.000         0.000 / 0.000         0.000 / 0.000         0.000 / 0.000       ms
[320.060s][info][gc,stats]    Subphase: Pause Roots JVMTIWeakExport                   0.000 / 0.000         0.000 / 0.000         0.000 / 0.000         0.000 / 0.000       ms
[320.060s][info][gc,stats]    Subphase: Pause Roots Management                        0.000 / 0.000         0.000 / 0.000         0.000 / 0.000         0.000 / 0.000       ms
[320.060s][info][gc,stats]    Subphase: Pause Roots ObjectSynchronizer                0.000 / 0.000         0.000 / 0.000         0.000 / 0.000         0.000 / 0.000       ms
[320.060s][info][gc,stats]    Subphase: Pause Roots Setup                             0.000 / 0.000         0.000 / 0.000         0.000 / 0.000         0.000 / 0.000       ms
[320.060s][info][gc,stats]    Subphase: Pause Roots SystemDictionary                  0.000 / 0.000         0.000 / 0.000         0.000 / 0.000         0.000 / 0.000       ms
[320.060s][info][gc,stats]    Subphase: Pause Roots Teardown                          0.000 / 0.000         0.000 / 0.000         0.000 / 0.000         0.000 / 0.000       ms
[320.060s][info][gc,stats]    Subphase: Pause Roots Threads                           0.000 / 0.000         0.000 / 0.000         0.000 / 0.000         0.000 / 0.000       ms
[320.060s][info][gc,stats]    Subphase: Pause Roots Universe                          0.000 / 0.000         0.000 / 0.000         0.000 / 0.000         0.000 / 0.000       ms
[320.060s][info][gc,stats]    Subphase: Pause Weak Roots                              0.000 / 0.000         0.000 / 0.000         0.000 / 0.000         0.000 / 0.000       ms
[320.060s][info][gc,stats]    Subphase: Pause Weak Roots JFRWeak                      0.000 / 0.000         0.000 / 0.000         0.000 / 0.000         0.000 / 0.000       ms
[320.060s][info][gc,stats]    Subphase: Pause Weak Roots JVMTIWeakExport              0.000 / 0.000         0.000 / 0.000         0.000 / 0.000         0.000 / 0.000       ms
[320.060s][info][gc,stats]    Subphase: Pause Weak Roots Setup                        0.000 / 0.000         0.000 / 0.000         0.000 / 0.000         0.000 / 0.000       ms
[320.060s][info][gc,stats]    Subphase: Pause Weak Roots Teardown                     0.000 / 0.000         0.000 / 0.000         0.000 / 0.000         0.000 / 0.000       ms
[320.060s][info][gc,stats]      System: Java Threads                                      0 / 0                 0 / 0                 0 / 0                 0 / 0           threads
[320.060s][info][gc,stats] =========================================================================================================================================================
[330.060s][info][gc,stats] === Garbage Collection Statistics =======================================================================================================================
[330.060s][info][gc,stats]                                                              Last 10s              Last 10m              Last 10h                Total
[330.060s][info][gc,stats]                                                              Avg / Max             Avg / Max             Avg / Max             Avg / Max
[330.060s][info][gc,stats]   Collector: Garbage Collection Cycle                      0.000 / 0.000         0.000 / 0.000         0.000 / 0.000         0.000 / 0.000       ms
[330.060s][info][gc,stats]  Contention: Mark Segment Reset Contention                     0 / 0                 0 / 0                 0 / 0                 0 / 0           ops/s
[330.060s][info][gc,stats]  Contention: Mark SeqNum Reset Contention                      0 / 0                 0 / 0                 0 / 0                 0 / 0           ops/s
[330.060s][info][gc,stats]  Contention: Relocation Contention                             0 / 0                 0 / 0                 0 / 0                 0 / 0           ops/s
[330.060s][info][gc,stats]    Critical: Allocation Stall                              0.000 / 0.000         0.000 / 0.000         0.000 / 0.000         0.000 / 0.000       ms
[330.060s][info][gc,stats]    Critical: Allocation Stall                                  0 / 0                 0 / 0                 0 / 0                 0 / 0           ops/s
[330.060s][info][gc,stats]    Critical: GC Locker Stall                               0.000 / 0.000         0.000 / 0.000         0.000 / 0.000         0.000 / 0.000       ms
[330.060s][info][gc,stats]    Critical: GC Locker Stall                                   0 / 0                 0 / 0                 0 / 0                 0 / 0           ops/s
[330.060s][info][gc,stats]      Memory: Allocation Rate                                   8 / 14               13 / 486              13 / 486              13 / 486         MB/s
[330.060s][info][gc,stats]      Memory: Heap Used After Mark                              0 / 0                 0 / 0                 0 / 0                 0 / 0           MB
[330.060s][info][gc,stats]      Memory: Heap Used After Relocation                        0 / 0                 0 / 0                 0 / 0                 0 / 0           MB
[330.060s][info][gc,stats]      Memory: Heap Used Before Mark                             0 / 0                 0 / 0                 0 / 0                 0 / 0           MB
[330.060s][info][gc,stats]      Memory: Heap Used Before Relocation                       0 / 0                 0 / 0                 0 / 0                 0 / 0           MB
[330.060s][info][gc,stats]      Memory: Out Of Memory                                     0 / 0                 0 / 0                 0 / 0                 0 / 0           ops/s
[330.060s][info][gc,stats]      Memory: Page Cache Flush                                  0 / 0                 0 / 0                 0 / 0                 0 / 0           MB/s
[330.060s][info][gc,stats]      Memory: Page Cache Hit L1                                 0 / 0                 0 / 36                0 / 36                0 / 36          ops/s
[330.060s][info][gc,stats]      Memory: Page Cache Hit L2                                 0 / 0                 0 / 30                0 / 30                0 / 30          ops/s
[330.060s][info][gc,stats]      Memory: Page Cache Miss                                   4 / 7                 6 / 240               6 / 240               6 / 240         ops/s
[330.060s][info][gc,stats]      Memory: Undo Object Allocation Failed                     0 / 0                 0 / 0                 0 / 0                 0 / 0           ops/s
[330.060s][info][gc,stats]      Memory: Undo Object Allocation Succeeded                  0 / 0                 0 / 0                 0 / 0                 0 / 0           ops/s
[330.060s][info][gc,stats]      Memory: Undo Page Allocation                              0 / 0                 0 / 66                0 / 66                0 / 66          ops/s
[330.060s][info][gc,stats]       Phase: Concurrent Destroy Detached Pages             0.000 / 0.000         0.000 / 0.000         0.000 / 0.000         0.000 / 0.000       ms
[330.060s][info][gc,stats]       Phase: Concurrent Mark                               0.000 / 0.000         0.000 / 0.000         0.000 / 0.000         0.000 / 0.000       ms
[330.060s][info][gc,stats]       Phase: Concurrent Mark Continue                      0.000 / 0.000         0.000 / 0.000         0.000 / 0.000         0.000 / 0.000       ms
[330.060s][info][gc,stats]       Phase: Concurrent Prepare Relocation Set             0.000 / 0.000         0.000 / 0.000         0.000 / 0.000         0.000 / 0.000       ms
[330.060s][info][gc,stats]       Phase: Concurrent Process Non-Strong References      0.000 / 0.000         0.000 / 0.000         0.000 / 0.000         0.000 / 0.000       ms
[330.060s][info][gc,stats]       Phase: Concurrent Relocate                           0.000 / 0.000         0.000 / 0.000         0.000 / 0.000         0.000 / 0.000       ms
[330.060s][info][gc,stats]       Phase: Concurrent Reset Relocation Set               0.000 / 0.000         0.000 / 0.000         0.000 / 0.000         0.000 / 0.000       ms
[330.060s][info][gc,stats]       Phase: Concurrent Select Relocation Set              0.000 / 0.000         0.000 / 0.000         0.000 / 0.000         0.000 / 0.000       ms
[330.060s][info][gc,stats]       Phase: Pause Mark End                                0.000 / 0.000         0.000 / 0.000         0.000 / 0.000         0.000 / 0.000       ms
[330.060s][info][gc,stats]       Phase: Pause Mark Start                              0.000 / 0.000         0.000 / 0.000         0.000 / 0.000         0.000 / 0.000       ms
[330.060s][info][gc,stats]       Phase: Pause Relocate Start                          0.000 / 0.000         0.000 / 0.000         0.000 / 0.000         0.000 / 0.000       ms
[330.060s][info][gc,stats]       Phase: Pause Verify                                  0.000 / 0.000         0.000 / 0.000         0.000 / 0.000         0.000 / 0.000       ms
[330.060s][info][gc,stats]    Subphase: Concurrent Classes Unload                     0.000 / 0.000         0.000 / 0.000         0.000 / 0.000         0.000 / 0.000       ms
[330.060s][info][gc,stats]    Subphase: Concurrent Mark                               0.000 / 0.000         0.000 / 0.000         0.000 / 0.000         0.000 / 0.000       ms
[330.060s][info][gc,stats]    Subphase: Concurrent Mark Idle                          0.000 / 0.000         0.000 / 0.000         0.000 / 0.000         0.000 / 0.000       ms
[330.060s][info][gc,stats]    Subphase: Concurrent Mark Try Flush                     0.000 / 0.000         0.000 / 0.000         0.000 / 0.000         0.000 / 0.000       ms
[330.060s][info][gc,stats]    Subphase: Concurrent Mark Try Terminate                 0.000 / 0.000         0.000 / 0.000         0.000 / 0.000         0.000 / 0.000       ms
[330.060s][info][gc,stats]    Subphase: Concurrent References Enqueue                 0.000 / 0.000         0.000 / 0.000         0.000 / 0.000         0.000 / 0.000       ms
[330.060s][info][gc,stats]    Subphase: Concurrent References Process                 0.000 / 0.000         0.000 / 0.000         0.000 / 0.000         0.000 / 0.000       ms
[330.060s][info][gc,stats]    Subphase: Concurrent Roots                              0.000 / 0.000         0.000 / 0.000         0.000 / 0.000         0.000 / 0.000       ms
[330.060s][info][gc,stats]    Subphase: Concurrent Roots ClassLoaderDataGraph         0.000 / 0.000         0.000 / 0.000         0.000 / 0.000         0.000 / 0.000       ms
[330.060s][info][gc,stats]    Subphase: Concurrent Roots JNIHandles                   0.000 / 0.000         0.000 / 0.000         0.000 / 0.000         0.000 / 0.000       ms
[330.060s][info][gc,stats]    Subphase: Concurrent Roots Setup                        0.000 / 0.000         0.000 / 0.000         0.000 / 0.000         0.000 / 0.000       ms
[330.060s][info][gc,stats]    Subphase: Concurrent Roots Teardown                     0.000 / 0.000         0.000 / 0.000         0.000 / 0.000         0.000 / 0.000       ms
[330.060s][info][gc,stats]    Subphase: Concurrent Weak Roots                         0.000 / 0.000         0.000 / 0.000         0.000 / 0.000         0.000 / 0.000       ms
[330.060s][info][gc,stats]    Subphase: Concurrent Weak Roots JNIWeakHandles          0.000 / 0.000         0.000 / 0.000         0.000 / 0.000         0.000 / 0.000       ms
[330.060s][info][gc,stats]    Subphase: Concurrent Weak Roots StringTable             0.000 / 0.000         0.000 / 0.000         0.000 / 0.000         0.000 / 0.000       ms
[330.060s][info][gc,stats]    Subphase: Concurrent Weak Roots VMWeakHandles           0.000 / 0.000         0.000 / 0.000         0.000 / 0.000         0.000 / 0.000       ms
[330.060s][info][gc,stats]    Subphase: Pause Mark Try Complete                       0.000 / 0.000         0.000 / 0.000         0.000 / 0.000         0.000 / 0.000       ms
[330.060s][info][gc,stats]    Subphase: Pause Roots                                   0.000 / 0.000         0.000 / 0.000         0.000 / 0.000         0.000 / 0.000       ms
[330.060s][info][gc,stats]    Subphase: Pause Roots CodeCache                         0.000 / 0.000         0.000 / 0.000         0.000 / 0.000         0.000 / 0.000       ms
[330.060s][info][gc,stats]    Subphase: Pause Roots JVMTIExport                       0.000 / 0.000         0.000 / 0.000         0.000 / 0.000         0.000 / 0.000       ms
[330.061s][info][gc,stats]    Subphase: Pause Roots JVMTIWeakExport                   0.000 / 0.000         0.000 / 0.000         0.000 / 0.000         0.000 / 0.000       ms
[330.061s][info][gc,stats]    Subphase: Pause Roots Management                        0.000 / 0.000         0.000 / 0.000         0.000 / 0.000         0.000 / 0.000       ms
[330.061s][info][gc,stats]    Subphase: Pause Roots ObjectSynchronizer                0.000 / 0.000         0.000 / 0.000         0.000 / 0.000         0.000 / 0.000       ms
[330.061s][info][gc,stats]    Subphase: Pause Roots Setup                             0.000 / 0.000         0.000 / 0.000         0.000 / 0.000         0.000 / 0.000       ms
[330.061s][info][gc,stats]    Subphase: Pause Roots SystemDictionary                  0.000 / 0.000         0.000 / 0.000         0.000 / 0.000         0.000 / 0.000       ms
[330.061s][info][gc,stats]    Subphase: Pause Roots Teardown                          0.000 / 0.000         0.000 / 0.000         0.000 / 0.000         0.000 / 0.000       ms
[330.061s][info][gc,stats]    Subphase: Pause Roots Threads                           0.000 / 0.000         0.000 / 0.000         0.000 / 0.000         0.000 / 0.000       ms
[330.061s][info][gc,stats]    Subphase: Pause Roots Universe                          0.000 / 0.000         0.000 / 0.000         0.000 / 0.000         0.000 / 0.000       ms
[330.061s][info][gc,stats]    Subphase: Pause Weak Roots                              0.000 / 0.000         0.000 / 0.000         0.000 / 0.000         0.000 / 0.000       ms
[330.061s][info][gc,stats]    Subphase: Pause Weak Roots JFRWeak                      0.000 / 0.000         0.000 / 0.000         0.000 / 0.000         0.000 / 0.000       ms
[330.061s][info][gc,stats]    Subphase: Pause Weak Roots JVMTIWeakExport              0.000 / 0.000         0.000 / 0.000         0.000 / 0.000         0.000 / 0.000       ms
[330.061s][info][gc,stats]    Subphase: Pause Weak Roots Setup                        0.000 / 0.000         0.000 / 0.000         0.000 / 0.000         0.000 / 0.000       ms
[330.061s][info][gc,stats]    Subphase: Pause Weak Roots Teardown                     0.000 / 0.000         0.000 / 0.000         0.000 / 0.000         0.000 / 0.000       ms
[330.061s][info][gc,stats]      System: Java Threads                                      0 / 0                 0 / 0                 0 / 0                 0 / 0           threads
[330.061s][info][gc,stats] =========================================================================================================================================================
[340.060s][info][gc,stats] === Garbage Collection Statistics =======================================================================================================================
[340.060s][info][gc,stats]                                                              Last 10s              Last 10m              Last 10h                Total
[340.060s][info][gc,stats]                                                              Avg / Max             Avg / Max             Avg / Max             Avg / Max
[340.060s][info][gc,stats]   Collector: Garbage Collection Cycle                      0.000 / 0.000         0.000 / 0.000         0.000 / 0.000         0.000 / 0.000       ms
[340.060s][info][gc,stats]  Contention: Mark Segment Reset Contention                     0 / 0                 0 / 0                 0 / 0                 0 / 0           ops/s
[340.060s][info][gc,stats]  Contention: Mark SeqNum Reset Contention                      0 / 0                 0 / 0                 0 / 0                 0 / 0           ops/s
[340.060s][info][gc,stats]  Contention: Relocation Contention                             0 / 0                 0 / 0                 0 / 0                 0 / 0           ops/s
[340.060s][info][gc,stats]    Critical: Allocation Stall                              0.000 / 0.000         0.000 / 0.000         0.000 / 0.000         0.000 / 0.000       ms
[340.060s][info][gc,stats]    Critical: Allocation Stall                                  0 / 0                 0 / 0                 0 / 0                 0 / 0           ops/s
[340.060s][info][gc,stats]    Critical: GC Locker Stall                               0.000 / 0.000         0.000 / 0.000         0.000 / 0.000         0.000 / 0.000       ms
[340.060s][info][gc,stats]    Critical: GC Locker Stall                                   0 / 0                 0 / 0                 0 / 0                 0 / 0           ops/s
[340.060s][info][gc,stats]      Memory: Allocation Rate                                   8 / 12               13 / 486              13 / 486              13 / 486         MB/s
[340.060s][info][gc,stats]      Memory: Heap Used After Mark                              0 / 0                 0 / 0                 0 / 0                 0 / 0           MB
[340.060s][info][gc,stats]      Memory: Heap Used After Relocation                        0 / 0                 0 / 0                 0 / 0                 0 / 0           MB
[340.060s][info][gc,stats]      Memory: Heap Used Before Mark                             0 / 0                 0 / 0                 0 / 0                 0 / 0           MB
[340.060s][info][gc,stats]      Memory: Heap Used Before Relocation                       0 / 0                 0 / 0                 0 / 0                 0 / 0           MB
[340.060s][info][gc,stats]      Memory: Out Of Memory                                     0 / 0                 0 / 0                 0 / 0                 0 / 0           ops/s
[340.060s][info][gc,stats]      Memory: Page Cache Flush                                  0 / 0                 0 / 0                 0 / 0                 0 / 0           MB/s
[340.060s][info][gc,stats]      Memory: Page Cache Hit L1                                 0 / 0                 0 / 36                0 / 36                0 / 36          ops/s
[340.060s][info][gc,stats]      Memory: Page Cache Hit L2                                 0 / 0                 0 / 30                0 / 30                0 / 30          ops/s
[340.060s][info][gc,stats]      Memory: Page Cache Miss                                   4 / 6                 6 / 240               6 / 240               6 / 240         ops/s
[340.060s][info][gc,stats]      Memory: Undo Object Allocation Failed                     0 / 0                 0 / 0                 0 / 0                 0 / 0           ops/s
[340.060s][info][gc,stats]      Memory: Undo Object Allocation Succeeded                  0 / 0                 0 / 0                 0 / 0                 0 / 0           ops/s
[340.060s][info][gc,stats]      Memory: Undo Page Allocation                              0 / 0                 0 / 66                0 / 66                0 / 66          ops/s
[340.060s][info][gc,stats]       Phase: Concurrent Destroy Detached Pages             0.000 / 0.000         0.000 / 0.000         0.000 / 0.000         0.000 / 0.000       ms
[340.060s][info][gc,stats]       Phase: Concurrent Mark                               0.000 / 0.000         0.000 / 0.000         0.000 / 0.000         0.000 / 0.000       ms
[340.060s][info][gc,stats]       Phase: Concurrent Mark Continue                      0.000 / 0.000         0.000 / 0.000         0.000 / 0.000         0.000 / 0.000       ms
[340.060s][info][gc,stats]       Phase: Concurrent Prepare Relocation Set             0.000 / 0.000         0.000 / 0.000         0.000 / 0.000         0.000 / 0.000       ms
[340.060s][info][gc,stats]       Phase: Concurrent Process Non-Strong References      0.000 / 0.000         0.000 / 0.000         0.000 / 0.000         0.000 / 0.000       ms
[340.060s][info][gc,stats]       Phase: Concurrent Relocate                           0.000 / 0.000         0.000 / 0.000         0.000 / 0.000         0.000 / 0.000       ms
[340.060s][info][gc,stats]       Phase: Concurrent Reset Relocation Set               0.000 / 0.000         0.000 / 0.000         0.000 / 0.000         0.000 / 0.000       ms
[340.060s][info][gc,stats]       Phase: Concurrent Select Relocation Set              0.000 / 0.000         0.000 / 0.000         0.000 / 0.000         0.000 / 0.000       ms
[340.060s][info][gc,stats]       Phase: Pause Mark End                                0.000 / 0.000         0.000 / 0.000         0.000 / 0.000         0.000 / 0.000       ms
[340.060s][info][gc,stats]       Phase: Pause Mark Start                              0.000 / 0.000         0.000 / 0.000         0.000 / 0.000         0.000 / 0.000       ms
[340.060s][info][gc,stats]       Phase: Pause Relocate Start                          0.000 / 0.000         0.000 / 0.000         0.000 / 0.000         0.000 / 0.000       ms
[340.060s][info][gc,stats]       Phase: Pause Verify                                  0.000 / 0.000         0.000 / 0.000         0.000 / 0.000         0.000 / 0.000       ms
[340.060s][info][gc,stats]    Subphase: Concurrent Classes Unload                     0.000 / 0.000         0.000 / 0.000         0.000 / 0.000         0.000 / 0.000       ms
[340.060s][info][gc,stats]    Subphase: Concurrent Mark                               0.000 / 0.000         0.000 / 0.000         0.000 / 0.000         0.000 / 0.000       ms
[340.060s][info][gc,stats]    Subphase: Concurrent Mark Idle                          0.000 / 0.000         0.000 / 0.000         0.000 / 0.000         0.000 / 0.000       ms
[340.060s][info][gc,stats]    Subphase: Concurrent Mark Try Flush                     0.000 / 0.000         0.000 / 0.000         0.000 / 0.000         0.000 / 0.000       ms
[340.060s][info][gc,stats]    Subphase: Concurrent Mark Try Terminate                 0.000 / 0.000         0.000 / 0.000         0.000 / 0.000         0.000 / 0.000       ms
[340.060s][info][gc,stats]    Subphase: Concurrent References Enqueue                 0.000 / 0.000         0.000 / 0.000         0.000 / 0.000         0.000 / 0.000       ms
[340.060s][info][gc,stats]    Subphase: Concurrent References Process                 0.000 / 0.000         0.000 / 0.000         0.000 / 0.000         0.000 / 0.000       ms
[340.060s][info][gc,stats]    Subphase: Concurrent Roots                              0.000 / 0.000         0.000 / 0.000         0.000 / 0.000         0.000 / 0.000       ms
[340.060s][info][gc,stats]    Subphase: Concurrent Roots ClassLoaderDataGraph         0.000 / 0.000         0.000 / 0.000         0.000 / 0.000         0.000 / 0.000       ms
[340.060s][info][gc,stats]    Subphase: Concurrent Roots JNIHandles                   0.000 / 0.000         0.000 / 0.000         0.000 / 0.000         0.000 / 0.000       ms
[340.060s][info][gc,stats]    Subphase: Concurrent Roots Setup                        0.000 / 0.000         0.000 / 0.000         0.000 / 0.000         0.000 / 0.000       ms
[340.060s][info][gc,stats]    Subphase: Concurrent Roots Teardown                     0.000 / 0.000         0.000 / 0.000         0.000 / 0.000         0.000 / 0.000       ms
[340.060s][info][gc,stats]    Subphase: Concurrent Weak Roots                         0.000 / 0.000         0.000 / 0.000         0.000 / 0.000         0.000 / 0.000       ms
[340.060s][info][gc,stats]    Subphase: Concurrent Weak Roots JNIWeakHandles          0.000 / 0.000         0.000 / 0.000         0.000 / 0.000         0.000 / 0.000       ms
[340.060s][info][gc,stats]    Subphase: Concurrent Weak Roots StringTable             0.000 / 0.000         0.000 / 0.000         0.000 / 0.000         0.000 / 0.000       ms
[340.060s][info][gc,stats]    Subphase: Concurrent Weak Roots VMWeakHandles           0.000 / 0.000         0.000 / 0.000         0.000 / 0.000         0.000 / 0.000       ms
[340.060s][info][gc,stats]    Subphase: Pause Mark Try Complete                       0.000 / 0.000         0.000 / 0.000         0.000 / 0.000         0.000 / 0.000       ms
[340.060s][info][gc,stats]    Subphase: Pause Roots                                   0.000 / 0.000         0.000 / 0.000         0.000 / 0.000         0.000 / 0.000       ms
[340.060s][info][gc,stats]    Subphase: Pause Roots CodeCache                         0.000 / 0.000         0.000 / 0.000         0.000 / 0.000         0.000 / 0.000       ms
[340.060s][info][gc,stats]    Subphase: Pause Roots JVMTIExport                       0.000 / 0.000         0.000 / 0.000         0.000 / 0.000         0.000 / 0.000       ms
[340.060s][info][gc,stats]    Subphase: Pause Roots JVMTIWeakExport                   0.000 / 0.000         0.000 / 0.000         0.000 / 0.000         0.000 / 0.000       ms
[340.060s][info][gc,stats]    Subphase: Pause Roots Management                        0.000 / 0.000         0.000 / 0.000         0.000 / 0.000         0.000 / 0.000       ms
[340.060s][info][gc,stats]    Subphase: Pause Roots ObjectSynchronizer                0.000 / 0.000         0.000 / 0.000         0.000 / 0.000         0.000 / 0.000       ms
[340.060s][info][gc,stats]    Subphase: Pause Roots Setup                             0.000 / 0.000         0.000 / 0.000         0.000 / 0.000         0.000 / 0.000       ms
[340.060s][info][gc,stats]    Subphase: Pause Roots SystemDictionary                  0.000 / 0.000         0.000 / 0.000         0.000 / 0.000         0.000 / 0.000       ms
[340.060s][info][gc,stats]    Subphase: Pause Roots Teardown                          0.000 / 0.000         0.000 / 0.000         0.000 / 0.000         0.000 / 0.000       ms
[340.060s][info][gc,stats]    Subphase: Pause Roots Threads                           0.000 / 0.000         0.000 / 0.000         0.000 / 0.000         0.000 / 0.000       ms
[340.060s][info][gc,stats]    Subphase: Pause Roots Universe                          0.000 / 0.000         0.000 / 0.000         0.000 / 0.000         0.000 / 0.000       ms
[340.060s][info][gc,stats]    Subphase: Pause Weak Roots                              0.000 / 0.000         0.000 / 0.000         0.000 / 0.000         0.000 / 0.000       ms
[340.060s][info][gc,stats]    Subphase: Pause Weak Roots JFRWeak                      0.000 / 0.000         0.000 / 0.000         0.000 / 0.000         0.000 / 0.000       ms
[340.060s][info][gc,stats]    Subphase: Pause Weak Roots JVMTIWeakExport              0.000 / 0.000         0.000 / 0.000         0.000 / 0.000         0.000 / 0.000       ms
[340.060s][info][gc,stats]    Subphase: Pause Weak Roots Setup                        0.000 / 0.000         0.000 / 0.000         0.000 / 0.000         0.000 / 0.000       ms
[340.060s][info][gc,stats]    Subphase: Pause Weak Roots Teardown                     0.000 / 0.000         0.000 / 0.000         0.000 / 0.000         0.000 / 0.000       ms
[340.060s][info][gc,stats]      System: Java Threads                                      0 / 0                 0 / 0                 0 / 0                 0 / 0           threads
[340.060s][info][gc,stats] =========================================================================================================================================================
[350.059s][info][gc,stats] === Garbage Collection Statistics =======================================================================================================================
[350.059s][info][gc,stats]                                                              Last 10s              Last 10m              Last 10h                Total
[350.059s][info][gc,stats]                                                              Avg / Max             Avg / Max             Avg / Max             Avg / Max
[350.059s][info][gc,stats]   Collector: Garbage Collection Cycle                      0.000 / 0.000         0.000 / 0.000         0.000 / 0.000         0.000 / 0.000       ms
[350.059s][info][gc,stats]  Contention: Mark Segment Reset Contention                     0 / 0                 0 / 0                 0 / 0                 0 / 0           ops/s
[350.059s][info][gc,stats]  Contention: Mark SeqNum Reset Contention                      0 / 0                 0 / 0                 0 / 0                 0 / 0           ops/s
[350.059s][info][gc,stats]  Contention: Relocation Contention                             0 / 0                 0 / 0                 0 / 0                 0 / 0           ops/s
[350.059s][info][gc,stats]    Critical: Allocation Stall                              0.000 / 0.000         0.000 / 0.000         0.000 / 0.000         0.000 / 0.000       ms
[350.060s][info][gc,stats]    Critical: Allocation Stall                                  0 / 0                 0 / 0                 0 / 0                 0 / 0           ops/s
[350.060s][info][gc,stats]    Critical: GC Locker Stall                               0.000 / 0.000         0.000 / 0.000         0.000 / 0.000         0.000 / 0.000       ms
[350.060s][info][gc,stats]    Critical: GC Locker Stall                                   0 / 0                 0 / 0                 0 / 0                 0 / 0           ops/s
[350.060s][info][gc,stats]      Memory: Allocation Rate                                   7 / 12               13 / 486              13 / 486              13 / 486         MB/s
[350.060s][info][gc,stats]      Memory: Heap Used After Mark                              0 / 0                 0 / 0                 0 / 0                 0 / 0           MB
[350.060s][info][gc,stats]      Memory: Heap Used After Relocation                        0 / 0                 0 / 0                 0 / 0                 0 / 0           MB
[350.060s][info][gc,stats]      Memory: Heap Used Before Mark                             0 / 0                 0 / 0                 0 / 0                 0 / 0           MB
[350.060s][info][gc,stats]      Memory: Heap Used Before Relocation                       0 / 0                 0 / 0                 0 / 0                 0 / 0           MB
[350.060s][info][gc,stats]      Memory: Out Of Memory                                     0 / 0                 0 / 0                 0 / 0                 0 / 0           ops/s
[350.060s][info][gc,stats]      Memory: Page Cache Flush                                  0 / 0                 0 / 0                 0 / 0                 0 / 0           MB/s
[350.060s][info][gc,stats]      Memory: Page Cache Hit L1                                 0 / 0                 0 / 36                0 / 36                0 / 36          ops/s
[350.060s][info][gc,stats]      Memory: Page Cache Hit L2                                 0 / 0                 0 / 30                0 / 30                0 / 30          ops/s
[350.060s][info][gc,stats]      Memory: Page Cache Miss                                   3 / 6                 6 / 240               6 / 240               6 / 240         ops/s
[350.060s][info][gc,stats]      Memory: Undo Object Allocation Failed                     0 / 0                 0 / 0                 0 / 0                 0 / 0           ops/s
[350.060s][info][gc,stats]      Memory: Undo Object Allocation Succeeded                  0 / 0                 0 / 0                 0 / 0                 0 / 0           ops/s
[350.060s][info][gc,stats]      Memory: Undo Page Allocation                              0 / 0                 0 / 66                0 / 66                0 / 66          ops/s
[350.060s][info][gc,stats]       Phase: Concurrent Destroy Detached Pages             0.000 / 0.000         0.000 / 0.000         0.000 / 0.000         0.000 / 0.000       ms
[350.060s][info][gc,stats]       Phase: Concurrent Mark                               0.000 / 0.000         0.000 / 0.000         0.000 / 0.000         0.000 / 0.000       ms
[350.060s][info][gc,stats]       Phase: Concurrent Mark Continue                      0.000 / 0.000         0.000 / 0.000         0.000 / 0.000         0.000 / 0.000       ms
[350.060s][info][gc,stats]       Phase: Concurrent Prepare Relocation Set             0.000 / 0.000         0.000 / 0.000         0.000 / 0.000         0.000 / 0.000       ms
[350.060s][info][gc,stats]       Phase: Concurrent Process Non-Strong References      0.000 / 0.000         0.000 / 0.000         0.000 / 0.000         0.000 / 0.000       ms
[350.060s][info][gc,stats]       Phase: Concurrent Relocate                           0.000 / 0.000         0.000 / 0.000         0.000 / 0.000         0.000 / 0.000       ms
[350.060s][info][gc,stats]       Phase: Concurrent Reset Relocation Set               0.000 / 0.000         0.000 / 0.000         0.000 / 0.000         0.000 / 0.000       ms
[350.060s][info][gc,stats]       Phase: Concurrent Select Relocation Set              0.000 / 0.000         0.000 / 0.000         0.000 / 0.000         0.000 / 0.000       ms
[350.060s][info][gc,stats]       Phase: Pause Mark End                                0.000 / 0.000         0.000 / 0.000         0.000 / 0.000         0.000 / 0.000       ms
[350.060s][info][gc,stats]       Phase: Pause Mark Start                              0.000 / 0.000         0.000 / 0.000         0.000 / 0.000         0.000 / 0.000       ms
[350.060s][info][gc,stats]       Phase: Pause Relocate Start                          0.000 / 0.000         0.000 / 0.000         0.000 / 0.000         0.000 / 0.000       ms
[350.060s][info][gc,stats]       Phase: Pause Verify                                  0.000 / 0.000         0.000 / 0.000         0.000 / 0.000         0.000 / 0.000       ms
[350.060s][info][gc,stats]    Subphase: Concurrent Classes Unload                     0.000 / 0.000         0.000 / 0.000         0.000 / 0.000         0.000 / 0.000       ms
[350.060s][info][gc,stats]    Subphase: Concurrent Mark                               0.000 / 0.000         0.000 / 0.000         0.000 / 0.000         0.000 / 0.000       ms
[350.060s][info][gc,stats]    Subphase: Concurrent Mark Idle                          0.000 / 0.000         0.000 / 0.000         0.000 / 0.000         0.000 / 0.000       ms
[350.060s][info][gc,stats]    Subphase: Concurrent Mark Try Flush                     0.000 / 0.000         0.000 / 0.000         0.000 / 0.000         0.000 / 0.000       ms
[350.060s][info][gc,stats]    Subphase: Concurrent Mark Try Terminate                 0.000 / 0.000         0.000 / 0.000         0.000 / 0.000         0.000 / 0.000       ms
[350.060s][info][gc,stats]    Subphase: Concurrent References Enqueue                 0.000 / 0.000         0.000 / 0.000         0.000 / 0.000         0.000 / 0.000       ms
[350.060s][info][gc,stats]    Subphase: Concurrent References Process                 0.000 / 0.000         0.000 / 0.000         0.000 / 0.000         0.000 / 0.000       ms
[350.060s][info][gc,stats]    Subphase: Concurrent Roots                              0.000 / 0.000         0.000 / 0.000         0.000 / 0.000         0.000 / 0.000       ms
[350.060s][info][gc,stats]    Subphase: Concurrent Roots ClassLoaderDataGraph         0.000 / 0.000         0.000 / 0.000         0.000 / 0.000         0.000 / 0.000       ms
[350.060s][info][gc,stats]    Subphase: Concurrent Roots JNIHandles                   0.000 / 0.000         0.000 / 0.000         0.000 / 0.000         0.000 / 0.000       ms
[350.060s][info][gc,stats]    Subphase: Concurrent Roots Setup                        0.000 / 0.000         0.000 / 0.000         0.000 / 0.000         0.000 / 0.000       ms
[350.060s][info][gc,stats]    Subphase: Concurrent Roots Teardown                     0.000 / 0.000         0.000 / 0.000         0.000 / 0.000         0.000 / 0.000       ms
[350.060s][info][gc,stats]    Subphase: Concurrent Weak Roots                         0.000 / 0.000         0.000 / 0.000         0.000 / 0.000         0.000 / 0.000       ms
[350.060s][info][gc,stats]    Subphase: Concurrent Weak Roots JNIWeakHandles          0.000 / 0.000         0.000 / 0.000         0.000 / 0.000         0.000 / 0.000       ms
[350.060s][info][gc,stats]    Subphase: Concurrent Weak Roots StringTable             0.000 / 0.000         0.000 / 0.000         0.000 / 0.000         0.000 / 0.000       ms
[350.060s][info][gc,stats]    Subphase: Concurrent Weak Roots VMWeakHandles           0.000 / 0.000         0.000 / 0.000         0.000 / 0.000         0.000 / 0.000       ms
[350.060s][info][gc,stats]    Subphase: Pause Mark Try Complete                       0.000 / 0.000         0.000 / 0.000         0.000 / 0.000         0.000 / 0.000       ms
[350.060s][info][gc,stats]    Subphase: Pause Roots                                   0.000 / 0.000         0.000 / 0.000         0.000 / 0.000         0.000 / 0.000       ms
[350.060s][info][gc,stats]    Subphase: Pause Roots CodeCache                         0.000 / 0.000         0.000 / 0.000         0.000 / 0.000         0.000 / 0.000       ms
[350.060s][info][gc,stats]    Subphase: Pause Roots JVMTIExport                       0.000 / 0.000         0.000 / 0.000         0.000 / 0.000         0.000 / 0.000       ms
[350.060s][info][gc,stats]    Subphase: Pause Roots JVMTIWeakExport                   0.000 / 0.000         0.000 / 0.000         0.000 / 0.000         0.000 / 0.000       ms
[350.060s][info][gc,stats]    Subphase: Pause Roots Management                        0.000 / 0.000         0.000 / 0.000         0.000 / 0.000         0.000 / 0.000       ms
[350.060s][info][gc,stats]    Subphase: Pause Roots ObjectSynchronizer                0.000 / 0.000         0.000 / 0.000         0.000 / 0.000         0.000 / 0.000       ms
[350.060s][info][gc,stats]    Subphase: Pause Roots Setup                             0.000 / 0.000         0.000 / 0.000         0.000 / 0.000         0.000 / 0.000       ms
[350.060s][info][gc,stats]    Subphase: Pause Roots SystemDictionary                  0.000 / 0.000         0.000 / 0.000         0.000 / 0.000         0.000 / 0.000       ms
[350.060s][info][gc,stats]    Subphase: Pause Roots Teardown                          0.000 / 0.000         0.000 / 0.000         0.000 / 0.000         0.000 / 0.000       ms
[350.060s][info][gc,stats]    Subphase: Pause Roots Threads                           0.000 / 0.000         0.000 / 0.000         0.000 / 0.000         0.000 / 0.000       ms
[350.060s][info][gc,stats]    Subphase: Pause Roots Universe                          0.000 / 0.000         0.000 / 0.000         0.000 / 0.000         0.000 / 0.000       ms
[350.060s][info][gc,stats]    Subphase: Pause Weak Roots                              0.000 / 0.000         0.000 / 0.000         0.000 / 0.000         0.000 / 0.000       ms
[350.060s][info][gc,stats]    Subphase: Pause Weak Roots JFRWeak                      0.000 / 0.000         0.000 / 0.000         0.000 / 0.000         0.000 / 0.000       ms
[350.060s][info][gc,stats]    Subphase: Pause Weak Roots JVMTIWeakExport              0.000 / 0.000         0.000 / 0.000         0.000 / 0.000         0.000 / 0.000       ms
[350.060s][info][gc,stats]    Subphase: Pause Weak Roots Setup                        0.000 / 0.000         0.000 / 0.000         0.000 / 0.000         0.000 / 0.000       ms
[350.060s][info][gc,stats]    Subphase: Pause Weak Roots Teardown                     0.000 / 0.000         0.000 / 0.000         0.000 / 0.000         0.000 / 0.000       ms
[350.060s][info][gc,stats]      System: Java Threads                                      0 / 0                 0 / 0                 0 / 0                 0 / 0           threads
[350.060s][info][gc,stats] =========================================================================================================================================================
[360.059s][info][gc,stats] === Garbage Collection Statistics =======================================================================================================================
[360.059s][info][gc,stats]                                                              Last 10s              Last 10m              Last 10h                Total
[360.059s][info][gc,stats]                                                              Avg / Max             Avg / Max             Avg / Max             Avg / Max
[360.059s][info][gc,stats]   Collector: Garbage Collection Cycle                      0.000 / 0.000         0.000 / 0.000         0.000 / 0.000         0.000 / 0.000       ms
[360.059s][info][gc,stats]  Contention: Mark Segment Reset Contention                     0 / 0                 0 / 0                 0 / 0                 0 / 0           ops/s
[360.059s][info][gc,stats]  Contention: Mark SeqNum Reset Contention                      0 / 0                 0 / 0                 0 / 0                 0 / 0           ops/s
[360.059s][info][gc,stats]  Contention: Relocation Contention                             0 / 0                 0 / 0                 0 / 0                 0 / 0           ops/s
[360.059s][info][gc,stats]    Critical: Allocation Stall                              0.000 / 0.000         0.000 / 0.000         0.000 / 0.000         0.000 / 0.000       ms
[360.059s][info][gc,stats]    Critical: Allocation Stall                                  0 / 0                 0 / 0                 0 / 0                 0 / 0           ops/s
[360.060s][info][gc,stats]    Critical: GC Locker Stall                               0.000 / 0.000         0.000 / 0.000         0.000 / 0.000         0.000 / 0.000       ms
[360.060s][info][gc,stats]    Critical: GC Locker Stall                                   0 / 0                 0 / 0                 0 / 0                 0 / 0           ops/s
[360.060s][info][gc,stats]      Memory: Allocation Rate                                   8 / 12               12 / 486              12 / 486              12 / 486         MB/s
[360.060s][info][gc,stats]      Memory: Heap Used After Mark                              0 / 0                 0 / 0                 0 / 0                 0 / 0           MB
[360.060s][info][gc,stats]      Memory: Heap Used After Relocation                        0 / 0                 0 / 0                 0 / 0                 0 / 0           MB
[360.060s][info][gc,stats]      Memory: Heap Used Before Mark                             0 / 0                 0 / 0                 0 / 0                 0 / 0           MB
[360.060s][info][gc,stats]      Memory: Heap Used Before Relocation                       0 / 0                 0 / 0                 0 / 0                 0 / 0           MB
[360.060s][info][gc,stats]      Memory: Out Of Memory                                     0 / 0                 0 / 0                 0 / 0                 0 / 0           ops/s
[360.060s][info][gc,stats]      Memory: Page Cache Flush                                  0 / 0                 0 / 0                 0 / 0                 0 / 0           MB/s
[360.060s][info][gc,stats]      Memory: Page Cache Hit L1                                 0 / 0                 0 / 36                0 / 36                0 / 36          ops/s
[360.060s][info][gc,stats]      Memory: Page Cache Hit L2                                 0 / 0                 0 / 30                0 / 30                0 / 30          ops/s
[360.060s][info][gc,stats]      Memory: Page Cache Miss                                   4 / 6                 6 / 240               6 / 240               6 / 240         ops/s
[360.060s][info][gc,stats]      Memory: Undo Object Allocation Failed                     0 / 0                 0 / 0                 0 / 0                 0 / 0           ops/s
[360.060s][info][gc,stats]      Memory: Undo Object Allocation Succeeded                  0 / 0                 0 / 0                 0 / 0                 0 / 0           ops/s
[360.060s][info][gc,stats]      Memory: Undo Page Allocation                              0 / 0                 0 / 66                0 / 66                0 / 66          ops/s
[360.060s][info][gc,stats]       Phase: Concurrent Destroy Detached Pages             0.000 / 0.000         0.000 / 0.000         0.000 / 0.000         0.000 / 0.000       ms
[360.060s][info][gc,stats]       Phase: Concurrent Mark                               0.000 / 0.000         0.000 / 0.000         0.000 / 0.000         0.000 / 0.000       ms
[360.060s][info][gc,stats]       Phase: Concurrent Mark Continue                      0.000 / 0.000         0.000 / 0.000         0.000 / 0.000         0.000 / 0.000       ms
[360.060s][info][gc,stats]       Phase: Concurrent Prepare Relocation Set             0.000 / 0.000         0.000 / 0.000         0.000 / 0.000         0.000 / 0.000       ms
[360.060s][info][gc,stats]       Phase: Concurrent Process Non-Strong References      0.000 / 0.000         0.000 / 0.000         0.000 / 0.000         0.000 / 0.000       ms
[360.060s][info][gc,stats]       Phase: Concurrent Relocate                           0.000 / 0.000         0.000 / 0.000         0.000 / 0.000         0.000 / 0.000       ms
[360.060s][info][gc,stats]       Phase: Concurrent Reset Relocation Set               0.000 / 0.000         0.000 / 0.000         0.000 / 0.000         0.000 / 0.000       ms
[360.060s][info][gc,stats]       Phase: Concurrent Select Relocation Set              0.000 / 0.000         0.000 / 0.000         0.000 / 0.000         0.000 / 0.000       ms
[360.060s][info][gc,stats]       Phase: Pause Mark End                                0.000 / 0.000         0.000 / 0.000         0.000 / 0.000         0.000 / 0.000       ms
[360.060s][info][gc,stats]       Phase: Pause Mark Start                              0.000 / 0.000         0.000 / 0.000         0.000 / 0.000         0.000 / 0.000       ms
[360.060s][info][gc,stats]       Phase: Pause Relocate Start                          0.000 / 0.000         0.000 / 0.000         0.000 / 0.000         0.000 / 0.000       ms
[360.060s][info][gc,stats]       Phase: Pause Verify                                  0.000 / 0.000         0.000 / 0.000         0.000 / 0.000         0.000 / 0.000       ms
[360.060s][info][gc,stats]    Subphase: Concurrent Classes Unload                     0.000 / 0.000         0.000 / 0.000         0.000 / 0.000         0.000 / 0.000       ms
[360.060s][info][gc,stats]    Subphase: Concurrent Mark                               0.000 / 0.000         0.000 / 0.000         0.000 / 0.000         0.000 / 0.000       ms
[360.060s][info][gc,stats]    Subphase: Concurrent Mark Idle                          0.000 / 0.000         0.000 / 0.000         0.000 / 0.000         0.000 / 0.000       ms
[360.060s][info][gc,stats]    Subphase: Concurrent Mark Try Flush                     0.000 / 0.000         0.000 / 0.000         0.000 / 0.000         0.000 / 0.000       ms
[360.060s][info][gc,stats]    Subphase: Concurrent Mark Try Terminate                 0.000 / 0.000         0.000 / 0.000         0.000 / 0.000         0.000 / 0.000       ms
[360.060s][info][gc,stats]    Subphase: Concurrent References Enqueue                 0.000 / 0.000         0.000 / 0.000         0.000 / 0.000         0.000 / 0.000       ms
[360.060s][info][gc,stats]    Subphase: Concurrent References Process                 0.000 / 0.000         0.000 / 0.000         0.000 / 0.000         0.000 / 0.000       ms
[360.060s][info][gc,stats]    Subphase: Concurrent Roots                              0.000 / 0.000         0.000 / 0.000         0.000 / 0.000         0.000 / 0.000       ms
[360.060s][info][gc,stats]    Subphase: Concurrent Roots ClassLoaderDataGraph         0.000 / 0.000         0.000 / 0.000         0.000 / 0.000         0.000 / 0.000       ms
[360.060s][info][gc,stats]    Subphase: Concurrent Roots JNIHandles                   0.000 / 0.000         0.000 / 0.000         0.000 / 0.000         0.000 / 0.000       ms
[360.060s][info][gc,stats]    Subphase: Concurrent Roots Setup                        0.000 / 0.000         0.000 / 0.000         0.000 / 0.000         0.000 / 0.000       ms
[360.060s][info][gc,stats]    Subphase: Concurrent Roots Teardown                     0.000 / 0.000         0.000 / 0.000         0.000 / 0.000         0.000 / 0.000       ms
[360.060s][info][gc,stats]    Subphase: Concurrent Weak Roots                         0.000 / 0.000         0.000 / 0.000         0.000 / 0.000         0.000 / 0.000       ms
[360.060s][info][gc,stats]    Subphase: Concurrent Weak Roots JNIWeakHandles          0.000 / 0.000         0.000 / 0.000         0.000 / 0.000         0.000 / 0.000       ms
[360.060s][info][gc,stats]    Subphase: Concurrent Weak Roots StringTable             0.000 / 0.000         0.000 / 0.000         0.000 / 0.000         0.000 / 0.000       ms
[360.060s][info][gc,stats]    Subphase: Concurrent Weak Roots VMWeakHandles           0.000 / 0.000         0.000 / 0.000         0.000 / 0.000         0.000 / 0.000       ms
[360.060s][info][gc,stats]    Subphase: Pause Mark Try Complete                       0.000 / 0.000         0.000 / 0.000         0.000 / 0.000         0.000 / 0.000       ms
[360.060s][info][gc,stats]    Subphase: Pause Roots                                   0.000 / 0.000         0.000 / 0.000         0.000 / 0.000         0.000 / 0.000       ms
[360.060s][info][gc,stats]    Subphase: Pause Roots CodeCache                         0.000 / 0.000         0.000 / 0.000         0.000 / 0.000         0.000 / 0.000       ms
[360.060s][info][gc,stats]    Subphase: Pause Roots JVMTIExport                       0.000 / 0.000         0.000 / 0.000         0.000 / 0.000         0.000 / 0.000       ms
[360.060s][info][gc,stats]    Subphase: Pause Roots JVMTIWeakExport                   0.000 / 0.000         0.000 / 0.000         0.000 / 0.000         0.000 / 0.000       ms
[360.060s][info][gc,stats]    Subphase: Pause Roots Management                        0.000 / 0.000         0.000 / 0.000         0.000 / 0.000         0.000 / 0.000       ms
[360.060s][info][gc,stats]    Subphase: Pause Roots ObjectSynchronizer                0.000 / 0.000         0.000 / 0.000         0.000 / 0.000         0.000 / 0.000       ms
[360.060s][info][gc,stats]    Subphase: Pause Roots Setup                             0.000 / 0.000         0.000 / 0.000         0.000 / 0.000         0.000 / 0.000       ms
[360.060s][info][gc,stats]    Subphase: Pause Roots SystemDictionary                  0.000 / 0.000         0.000 / 0.000         0.000 / 0.000         0.000 / 0.000       ms
[360.060s][info][gc,stats]    Subphase: Pause Roots Teardown                          0.000 / 0.000         0.000 / 0.000         0.000 / 0.000         0.000 / 0.000       ms
[360.060s][info][gc,stats]    Subphase: Pause Roots Threads                           0.000 / 0.000         0.000 / 0.000         0.000 / 0.000         0.000 / 0.000       ms
[360.060s][info][gc,stats]    Subphase: Pause Roots Universe                          0.000 / 0.000         0.000 / 0.000         0.000 / 0.000         0.000 / 0.000       ms
[360.060s][info][gc,stats]    Subphase: Pause Weak Roots                              0.000 / 0.000         0.000 / 0.000         0.000 / 0.000         0.000 / 0.000       ms
[360.060s][info][gc,stats]    Subphase: Pause Weak Roots JFRWeak                      0.000 / 0.000         0.000 / 0.000         0.000 / 0.000         0.000 / 0.000       ms
[360.060s][info][gc,stats]    Subphase: Pause Weak Roots JVMTIWeakExport              0.000 / 0.000         0.000 / 0.000         0.000 / 0.000         0.000 / 0.000       ms
[360.060s][info][gc,stats]    Subphase: Pause Weak Roots Setup                        0.000 / 0.000         0.000 / 0.000         0.000 / 0.000         0.000 / 0.000       ms
[360.060s][info][gc,stats]    Subphase: Pause Weak Roots Teardown                     0.000 / 0.000         0.000 / 0.000         0.000 / 0.000         0.000 / 0.000       ms
[360.060s][info][gc,stats]      System: Java Threads                                      0 / 0                 0 / 0                 0 / 0                 0 / 0           threads
[360.060s][info][gc,stats] =========================================================================================================================================================
[370.060s][info][gc,stats] === Garbage Collection Statistics =======================================================================================================================
[370.060s][info][gc,stats]                                                              Last 10s              Last 10m              Last 10h                Total
[370.060s][info][gc,stats]                                                              Avg / Max             Avg / Max             Avg / Max             Avg / Max
[370.060s][info][gc,stats]   Collector: Garbage Collection Cycle                      0.000 / 0.000         0.000 / 0.000         0.000 / 0.000         0.000 / 0.000       ms
[370.060s][info][gc,stats]  Contention: Mark Segment Reset Contention                     0 / 0                 0 / 0                 0 / 0                 0 / 0           ops/s
[370.060s][info][gc,stats]  Contention: Mark SeqNum Reset Contention                      0 / 0                 0 / 0                 0 / 0                 0 / 0           ops/s
[370.060s][info][gc,stats]  Contention: Relocation Contention                             0 / 0                 0 / 0                 0 / 0                 0 / 0           ops/s
[370.060s][info][gc,stats]    Critical: Allocation Stall                              0.000 / 0.000         0.000 / 0.000         0.000 / 0.000         0.000 / 0.000       ms
[370.060s][info][gc,stats]    Critical: Allocation Stall                                  0 / 0                 0 / 0                 0 / 0                 0 / 0           ops/s
[370.060s][info][gc,stats]    Critical: GC Locker Stall                               0.000 / 0.000         0.000 / 0.000         0.000 / 0.000         0.000 / 0.000       ms
[370.060s][info][gc,stats]    Critical: GC Locker Stall                                   0 / 0                 0 / 0                 0 / 0                 0 / 0           ops/s
[370.060s][info][gc,stats]      Memory: Allocation Rate                                   8 / 12               12 / 486              12 / 486              12 / 486         MB/s
[370.060s][info][gc,stats]      Memory: Heap Used After Mark                              0 / 0                 0 / 0                 0 / 0                 0 / 0           MB
[370.060s][info][gc,stats]      Memory: Heap Used After Relocation                        0 / 0                 0 / 0                 0 / 0                 0 / 0           MB
[370.060s][info][gc,stats]      Memory: Heap Used Before Mark                             0 / 0                 0 / 0                 0 / 0                 0 / 0           MB
[370.060s][info][gc,stats]      Memory: Heap Used Before Relocation                       0 / 0                 0 / 0                 0 / 0                 0 / 0           MB
[370.060s][info][gc,stats]      Memory: Out Of Memory                                     0 / 0                 0 / 0                 0 / 0                 0 / 0           ops/s
[370.060s][info][gc,stats]      Memory: Page Cache Flush                                  0 / 0                 0 / 0                 0 / 0                 0 / 0           MB/s
[370.060s][info][gc,stats]      Memory: Page Cache Hit L1                                 0 / 0                 0 / 36                0 / 36                0 / 36          ops/s
[370.060s][info][gc,stats]      Memory: Page Cache Hit L2                                 0 / 0                 0 / 30                0 / 30                0 / 30          ops/s
[370.060s][info][gc,stats]      Memory: Page Cache Miss                                   4 / 6                 6 / 240               6 / 240               6 / 240         ops/s
[370.060s][info][gc,stats]      Memory: Undo Object Allocation Failed                     0 / 0                 0 / 0                 0 / 0                 0 / 0           ops/s
[370.060s][info][gc,stats]      Memory: Undo Object Allocation Succeeded                  0 / 0                 0 / 0                 0 / 0                 0 / 0           ops/s
[370.060s][info][gc,stats]      Memory: Undo Page Allocation                              0 / 0                 0 / 66                0 / 66                0 / 66          ops/s
[370.060s][info][gc,stats]       Phase: Concurrent Destroy Detached Pages             0.000 / 0.000         0.000 / 0.000         0.000 / 0.000         0.000 / 0.000       ms
[370.061s][info][gc,stats]       Phase: Concurrent Mark                               0.000 / 0.000         0.000 / 0.000         0.000 / 0.000         0.000 / 0.000       ms
[370.061s][info][gc,stats]       Phase: Concurrent Mark Continue                      0.000 / 0.000         0.000 / 0.000         0.000 / 0.000         0.000 / 0.000       ms
[370.061s][info][gc,stats]       Phase: Concurrent Prepare Relocation Set             0.000 / 0.000         0.000 / 0.000         0.000 / 0.000         0.000 / 0.000       ms
[370.061s][info][gc,stats]       Phase: Concurrent Process Non-Strong References      0.000 / 0.000         0.000 / 0.000         0.000 / 0.000         0.000 / 0.000       ms
[370.061s][info][gc,stats]       Phase: Concurrent Relocate                           0.000 / 0.000         0.000 / 0.000         0.000 / 0.000         0.000 / 0.000       ms
[370.061s][info][gc,stats]       Phase: Concurrent Reset Relocation Set               0.000 / 0.000         0.000 / 0.000         0.000 / 0.000         0.000 / 0.000       ms
[370.061s][info][gc,stats]       Phase: Concurrent Select Relocation Set              0.000 / 0.000         0.000 / 0.000         0.000 / 0.000         0.000 / 0.000       ms
[370.061s][info][gc,stats]       Phase: Pause Mark End                                0.000 / 0.000         0.000 / 0.000         0.000 / 0.000         0.000 / 0.000       ms
[370.061s][info][gc,stats]       Phase: Pause Mark Start                              0.000 / 0.000         0.000 / 0.000         0.000 / 0.000         0.000 / 0.000       ms
[370.061s][info][gc,stats]       Phase: Pause Relocate Start                          0.000 / 0.000         0.000 / 0.000         0.000 / 0.000         0.000 / 0.000       ms
[370.061s][info][gc,stats]       Phase: Pause Verify                                  0.000 / 0.000         0.000 / 0.000         0.000 / 0.000         0.000 / 0.000       ms
[370.061s][info][gc,stats]    Subphase: Concurrent Classes Unload                     0.000 / 0.000         0.000 / 0.000         0.000 / 0.000         0.000 / 0.000       ms
[370.061s][info][gc,stats]    Subphase: Concurrent Mark                               0.000 / 0.000         0.000 / 0.000         0.000 / 0.000         0.000 / 0.000       ms
[370.061s][info][gc,stats]    Subphase: Concurrent Mark Idle                          0.000 / 0.000         0.000 / 0.000         0.000 / 0.000         0.000 / 0.000       ms
[370.061s][info][gc,stats]    Subphase: Concurrent Mark Try Flush                     0.000 / 0.000         0.000 / 0.000         0.000 / 0.000         0.000 / 0.000       ms
[370.061s][info][gc,stats]    Subphase: Concurrent Mark Try Terminate                 0.000 / 0.000         0.000 / 0.000         0.000 / 0.000         0.000 / 0.000       ms
[370.061s][info][gc,stats]    Subphase: Concurrent References Enqueue                 0.000 / 0.000         0.000 / 0.000         0.000 / 0.000         0.000 / 0.000       ms
[370.061s][info][gc,stats]    Subphase: Concurrent References Process                 0.000 / 0.000         0.000 / 0.000         0.000 / 0.000         0.000 / 0.000       ms
[370.061s][info][gc,stats]    Subphase: Concurrent Roots                              0.000 / 0.000         0.000 / 0.000         0.000 / 0.000         0.000 / 0.000       ms
[370.061s][info][gc,stats]    Subphase: Concurrent Roots ClassLoaderDataGraph         0.000 / 0.000         0.000 / 0.000         0.000 / 0.000         0.000 / 0.000       ms
[370.061s][info][gc,stats]    Subphase: Concurrent Roots JNIHandles                   0.000 / 0.000         0.000 / 0.000         0.000 / 0.000         0.000 / 0.000       ms
[370.061s][info][gc,stats]    Subphase: Concurrent Roots Setup                        0.000 / 0.000         0.000 / 0.000         0.000 / 0.000         0.000 / 0.000       ms
[370.061s][info][gc,stats]    Subphase: Concurrent Roots Teardown                     0.000 / 0.000         0.000 / 0.000         0.000 / 0.000         0.000 / 0.000       ms
[370.061s][info][gc,stats]    Subphase: Concurrent Weak Roots                         0.000 / 0.000         0.000 / 0.000         0.000 / 0.000         0.000 / 0.000       ms
[370.061s][info][gc,stats]    Subphase: Concurrent Weak Roots JNIWeakHandles          0.000 / 0.000         0.000 / 0.000         0.000 / 0.000         0.000 / 0.000       ms
[370.061s][info][gc,stats]    Subphase: Concurrent Weak Roots StringTable             0.000 / 0.000         0.000 / 0.000         0.000 / 0.000         0.000 / 0.000       ms
[370.061s][info][gc,stats]    Subphase: Concurrent Weak Roots VMWeakHandles           0.000 / 0.000         0.000 / 0.000         0.000 / 0.000         0.000 / 0.000       ms
[370.061s][info][gc,stats]    Subphase: Pause Mark Try Complete                       0.000 / 0.000         0.000 / 0.000         0.000 / 0.000         0.000 / 0.000       ms
[370.061s][info][gc,stats]    Subphase: Pause Roots                                   0.000 / 0.000         0.000 / 0.000         0.000 / 0.000         0.000 / 0.000       ms
[370.061s][info][gc,stats]    Subphase: Pause Roots CodeCache                         0.000 / 0.000         0.000 / 0.000         0.000 / 0.000         0.000 / 0.000       ms
[370.061s][info][gc,stats]    Subphase: Pause Roots JVMTIExport                       0.000 / 0.000         0.000 / 0.000         0.000 / 0.000         0.000 / 0.000       ms
[370.061s][info][gc,stats]    Subphase: Pause Roots JVMTIWeakExport                   0.000 / 0.000         0.000 / 0.000         0.000 / 0.000         0.000 / 0.000       ms
[370.061s][info][gc,stats]    Subphase: Pause Roots Management                        0.000 / 0.000         0.000 / 0.000         0.000 / 0.000         0.000 / 0.000       ms
[370.061s][info][gc,stats]    Subphase: Pause Roots ObjectSynchronizer                0.000 / 0.000         0.000 / 0.000         0.000 / 0.000         0.000 / 0.000       ms
[370.061s][info][gc,stats]    Subphase: Pause Roots Setup                             0.000 / 0.000         0.000 / 0.000         0.000 / 0.000         0.000 / 0.000       ms
[370.061s][info][gc,stats]    Subphase: Pause Roots SystemDictionary                  0.000 / 0.000         0.000 / 0.000         0.000 / 0.000         0.000 / 0.000       ms
[370.061s][info][gc,stats]    Subphase: Pause Roots Teardown                          0.000 / 0.000         0.000 / 0.000         0.000 / 0.000         0.000 / 0.000       ms
[370.061s][info][gc,stats]    Subphase: Pause Roots Threads                           0.000 / 0.000         0.000 / 0.000         0.000 / 0.000         0.000 / 0.000       ms
[370.061s][info][gc,stats]    Subphase: Pause Roots Universe                          0.000 / 0.000         0.000 / 0.000         0.000 / 0.000         0.000 / 0.000       ms
[370.061s][info][gc,stats]    Subphase: Pause Weak Roots                              0.000 / 0.000         0.000 / 0.000         0.000 / 0.000         0.000 / 0.000       ms
[370.061s][info][gc,stats]    Subphase: Pause Weak Roots JFRWeak                      0.000 / 0.000         0.000 / 0.000         0.000 / 0.000         0.000 / 0.000       ms
[370.061s][info][gc,stats]    Subphase: Pause Weak Roots JVMTIWeakExport              0.000 / 0.000         0.000 / 0.000         0.000 / 0.000         0.000 / 0.000       ms
[370.061s][info][gc,stats]    Subphase: Pause Weak Roots Setup                        0.000 / 0.000         0.000 / 0.000         0.000 / 0.000         0.000 / 0.000       ms
[370.061s][info][gc,stats]    Subphase: Pause Weak Roots Teardown                     0.000 / 0.000         0.000 / 0.000         0.000 / 0.000         0.000 / 0.000       ms
[370.061s][info][gc,stats]      System: Java Threads                                      0 / 0                 0 / 0                 0 / 0                 0 / 0           threads
[370.061s][info][gc,stats] =========================================================================================================================================================
[380.060s][info][gc,stats] === Garbage Collection Statistics =======================================================================================================================
[380.060s][info][gc,stats]                                                              Last 10s              Last 10m              Last 10h                Total
[380.060s][info][gc,stats]                                                              Avg / Max             Avg / Max             Avg / Max             Avg / Max
[380.060s][info][gc,stats]   Collector: Garbage Collection Cycle                      0.000 / 0.000         0.000 / 0.000         0.000 / 0.000         0.000 / 0.000       ms
[380.060s][info][gc,stats]  Contention: Mark Segment Reset Contention                     0 / 0                 0 / 0                 0 / 0                 0 / 0           ops/s
[380.060s][info][gc,stats]  Contention: Mark SeqNum Reset Contention                      0 / 0                 0 / 0                 0 / 0                 0 / 0           ops/s
[380.060s][info][gc,stats]  Contention: Relocation Contention                             0 / 0                 0 / 0                 0 / 0                 0 / 0           ops/s
[380.060s][info][gc,stats]    Critical: Allocation Stall                              0.000 / 0.000         0.000 / 0.000         0.000 / 0.000         0.000 / 0.000       ms
[380.060s][info][gc,stats]    Critical: Allocation Stall                                  0 / 0                 0 / 0                 0 / 0                 0 / 0           ops/s
[380.060s][info][gc,stats]    Critical: GC Locker Stall                               0.000 / 0.000         0.000 / 0.000         0.000 / 0.000         0.000 / 0.000       ms
[380.060s][info][gc,stats]    Critical: GC Locker Stall                                   0 / 0                 0 / 0                 0 / 0                 0 / 0           ops/s
[380.060s][info][gc,stats]      Memory: Allocation Rate                                   9 / 16               12 / 486              12 / 486              12 / 486         MB/s
[380.060s][info][gc,stats]      Memory: Heap Used After Mark                              0 / 0                 0 / 0                 0 / 0                 0 / 0           MB
[380.060s][info][gc,stats]      Memory: Heap Used After Relocation                        0 / 0                 0 / 0                 0 / 0                 0 / 0           MB
[380.060s][info][gc,stats]      Memory: Heap Used Before Mark                             0 / 0                 0 / 0                 0 / 0                 0 / 0           MB
[380.060s][info][gc,stats]      Memory: Heap Used Before Relocation                       0 / 0                 0 / 0                 0 / 0                 0 / 0           MB
[380.060s][info][gc,stats]      Memory: Out Of Memory                                     0 / 0                 0 / 0                 0 / 0                 0 / 0           ops/s
[380.060s][info][gc,stats]      Memory: Page Cache Flush                                  0 / 0                 0 / 0                 0 / 0                 0 / 0           MB/s
[380.060s][info][gc,stats]      Memory: Page Cache Hit L1                                 0 / 0                 0 / 36                0 / 36                0 / 36          ops/s
[380.060s][info][gc,stats]      Memory: Page Cache Hit L2                                 0 / 0                 0 / 30                0 / 30                0 / 30          ops/s
[380.060s][info][gc,stats]      Memory: Page Cache Miss                                   4 / 8                 6 / 240               6 / 240               6 / 240         ops/s
[380.060s][info][gc,stats]      Memory: Undo Object Allocation Failed                     0 / 0                 0 / 0                 0 / 0                 0 / 0           ops/s
[380.060s][info][gc,stats]      Memory: Undo Object Allocation Succeeded                  0 / 0                 0 / 0                 0 / 0                 0 / 0           ops/s
[380.060s][info][gc,stats]      Memory: Undo Page Allocation                              0 / 0                 0 / 66                0 / 66                0 / 66          ops/s
[380.060s][info][gc,stats]       Phase: Concurrent Destroy Detached Pages             0.000 / 0.000         0.000 / 0.000         0.000 / 0.000         0.000 / 0.000       ms
[380.060s][info][gc,stats]       Phase: Concurrent Mark                               0.000 / 0.000         0.000 / 0.000         0.000 / 0.000         0.000 / 0.000       ms
[380.060s][info][gc,stats]       Phase: Concurrent Mark Continue                      0.000 / 0.000         0.000 / 0.000         0.000 / 0.000         0.000 / 0.000       ms
[380.060s][info][gc,stats]       Phase: Concurrent Prepare Relocation Set             0.000 / 0.000         0.000 / 0.000         0.000 / 0.000         0.000 / 0.000       ms
[380.060s][info][gc,stats]       Phase: Concurrent Process Non-Strong References      0.000 / 0.000         0.000 / 0.000         0.000 / 0.000         0.000 / 0.000       ms
[380.060s][info][gc,stats]       Phase: Concurrent Relocate                           0.000 / 0.000         0.000 / 0.000         0.000 / 0.000         0.000 / 0.000       ms
[380.060s][info][gc,stats]       Phase: Concurrent Reset Relocation Set               0.000 / 0.000         0.000 / 0.000         0.000 / 0.000         0.000 / 0.000       ms
[380.060s][info][gc,stats]       Phase: Concurrent Select Relocation Set              0.000 / 0.000         0.000 / 0.000         0.000 / 0.000         0.000 / 0.000       ms
[380.060s][info][gc,stats]       Phase: Pause Mark End                                0.000 / 0.000         0.000 / 0.000         0.000 / 0.000         0.000 / 0.000       ms
[380.060s][info][gc,stats]       Phase: Pause Mark Start                              0.000 / 0.000         0.000 / 0.000         0.000 / 0.000         0.000 / 0.000       ms
[380.060s][info][gc,stats]       Phase: Pause Relocate Start                          0.000 / 0.000         0.000 / 0.000         0.000 / 0.000         0.000 / 0.000       ms
[380.060s][info][gc,stats]       Phase: Pause Verify                                  0.000 / 0.000         0.000 / 0.000         0.000 / 0.000         0.000 / 0.000       ms
[380.060s][info][gc,stats]    Subphase: Concurrent Classes Unload                     0.000 / 0.000         0.000 / 0.000         0.000 / 0.000         0.000 / 0.000       ms
[380.060s][info][gc,stats]    Subphase: Concurrent Mark                               0.000 / 0.000         0.000 / 0.000         0.000 / 0.000         0.000 / 0.000       ms
[380.060s][info][gc,stats]    Subphase: Concurrent Mark Idle                          0.000 / 0.000         0.000 / 0.000         0.000 / 0.000         0.000 / 0.000       ms
[380.060s][info][gc,stats]    Subphase: Concurrent Mark Try Flush                     0.000 / 0.000         0.000 / 0.000         0.000 / 0.000         0.000 / 0.000       ms
[380.060s][info][gc,stats]    Subphase: Concurrent Mark Try Terminate                 0.000 / 0.000         0.000 / 0.000         0.000 / 0.000         0.000 / 0.000       ms
[380.060s][info][gc,stats]    Subphase: Concurrent References Enqueue                 0.000 / 0.000         0.000 / 0.000         0.000 / 0.000         0.000 / 0.000       ms
[380.060s][info][gc,stats]    Subphase: Concurrent References Process                 0.000 / 0.000         0.000 / 0.000         0.000 / 0.000         0.000 / 0.000       ms
[380.060s][info][gc,stats]    Subphase: Concurrent Roots                              0.000 / 0.000         0.000 / 0.000         0.000 / 0.000         0.000 / 0.000       ms
[380.060s][info][gc,stats]    Subphase: Concurrent Roots ClassLoaderDataGraph         0.000 / 0.000         0.000 / 0.000         0.000 / 0.000         0.000 / 0.000       ms
[380.060s][info][gc,stats]    Subphase: Concurrent Roots JNIHandles                   0.000 / 0.000         0.000 / 0.000         0.000 / 0.000         0.000 / 0.000       ms
[380.060s][info][gc,stats]    Subphase: Concurrent Roots Setup                        0.000 / 0.000         0.000 / 0.000         0.000 / 0.000         0.000 / 0.000       ms
[380.060s][info][gc,stats]    Subphase: Concurrent Roots Teardown                     0.000 / 0.000         0.000 / 0.000         0.000 / 0.000         0.000 / 0.000       ms
[380.060s][info][gc,stats]    Subphase: Concurrent Weak Roots                         0.000 / 0.000         0.000 / 0.000         0.000 / 0.000         0.000 / 0.000       ms
[380.060s][info][gc,stats]    Subphase: Concurrent Weak Roots JNIWeakHandles          0.000 / 0.000         0.000 / 0.000         0.000 / 0.000         0.000 / 0.000       ms
[380.060s][info][gc,stats]    Subphase: Concurrent Weak Roots StringTable             0.000 / 0.000         0.000 / 0.000         0.000 / 0.000         0.000 / 0.000       ms
[380.060s][info][gc,stats]    Subphase: Concurrent Weak Roots VMWeakHandles           0.000 / 0.000         0.000 / 0.000         0.000 / 0.000         0.000 / 0.000       ms
[380.060s][info][gc,stats]    Subphase: Pause Mark Try Complete                       0.000 / 0.000         0.000 / 0.000         0.000 / 0.000         0.000 / 0.000       ms
[380.060s][info][gc,stats]    Subphase: Pause Roots                                   0.000 / 0.000         0.000 / 0.000         0.000 / 0.000         0.000 / 0.000       ms
[380.060s][info][gc,stats]    Subphase: Pause Roots CodeCache                         0.000 / 0.000         0.000 / 0.000         0.000 / 0.000         0.000 / 0.000       ms
[380.060s][info][gc,stats]    Subphase: Pause Roots JVMTIExport                       0.000 / 0.000         0.000 / 0.000         0.000 / 0.000         0.000 / 0.000       ms
[380.060s][info][gc,stats]    Subphase: Pause Roots JVMTIWeakExport                   0.000 / 0.000         0.000 / 0.000         0.000 / 0.000         0.000 / 0.000       ms
[380.060s][info][gc,stats]    Subphase: Pause Roots Management                        0.000 / 0.000         0.000 / 0.000         0.000 / 0.000         0.000 / 0.000       ms
[380.060s][info][gc,stats]    Subphase: Pause Roots ObjectSynchronizer                0.000 / 0.000         0.000 / 0.000         0.000 / 0.000         0.000 / 0.000       ms
[380.060s][info][gc,stats]    Subphase: Pause Roots Setup                             0.000 / 0.000         0.000 / 0.000         0.000 / 0.000         0.000 / 0.000       ms
[380.060s][info][gc,stats]    Subphase: Pause Roots SystemDictionary                  0.000 / 0.000         0.000 / 0.000         0.000 / 0.000         0.000 / 0.000       ms
[380.060s][info][gc,stats]    Subphase: Pause Roots Teardown                          0.000 / 0.000         0.000 / 0.000         0.000 / 0.000         0.000 / 0.000       ms
[380.060s][info][gc,stats]    Subphase: Pause Roots Threads                           0.000 / 0.000         0.000 / 0.000         0.000 / 0.000         0.000 / 0.000       ms
[380.060s][info][gc,stats]    Subphase: Pause Roots Universe                          0.000 / 0.000         0.000 / 0.000         0.000 / 0.000         0.000 / 0.000       ms
[380.060s][info][gc,stats]    Subphase: Pause Weak Roots                              0.000 / 0.000         0.000 / 0.000         0.000 / 0.000         0.000 / 0.000       ms
[380.060s][info][gc,stats]    Subphase: Pause Weak Roots JFRWeak                      0.000 / 0.000         0.000 / 0.000         0.000 / 0.000         0.000 / 0.000       ms
[380.060s][info][gc,stats]    Subphase: Pause Weak Roots JVMTIWeakExport              0.000 / 0.000         0.000 / 0.000         0.000 / 0.000         0.000 / 0.000       ms
[380.060s][info][gc,stats]    Subphase: Pause Weak Roots Setup                        0.000 / 0.000         0.000 / 0.000         0.000 / 0.000         0.000 / 0.000       ms
[380.060s][info][gc,stats]    Subphase: Pause Weak Roots Teardown                     0.000 / 0.000         0.000 / 0.000         0.000 / 0.000         0.000 / 0.000       ms
[380.060s][info][gc,stats]      System: Java Threads                                      0 / 0                 0 / 0                 0 / 0                 0 / 0           threads
[380.060s][info][gc,stats] =========================================================================================================================================================
[390.060s][info][gc,stats] === Garbage Collection Statistics =======================================================================================================================
[390.060s][info][gc,stats]                                                              Last 10s              Last 10m              Last 10h                Total
[390.060s][info][gc,stats]                                                              Avg / Max             Avg / Max             Avg / Max             Avg / Max
[390.060s][info][gc,stats]   Collector: Garbage Collection Cycle                      0.000 / 0.000         0.000 / 0.000         0.000 / 0.000         0.000 / 0.000       ms
[390.060s][info][gc,stats]  Contention: Mark Segment Reset Contention                     0 / 0                 0 / 0                 0 / 0                 0 / 0           ops/s
[390.060s][info][gc,stats]  Contention: Mark SeqNum Reset Contention                      0 / 0                 0 / 0                 0 / 0                 0 / 0           ops/s
[390.060s][info][gc,stats]  Contention: Relocation Contention                             0 / 0                 0 / 0                 0 / 0                 0 / 0           ops/s
[390.060s][info][gc,stats]    Critical: Allocation Stall                              0.000 / 0.000         0.000 / 0.000         0.000 / 0.000         0.000 / 0.000       ms
[390.060s][info][gc,stats]    Critical: Allocation Stall                                  0 / 0                 0 / 0                 0 / 0                 0 / 0           ops/s
[390.060s][info][gc,stats]    Critical: GC Locker Stall                               0.000 / 0.000         0.000 / 0.000         0.000 / 0.000         0.000 / 0.000       ms
[390.060s][info][gc,stats]    Critical: GC Locker Stall                                   0 / 0                 0 / 0                 0 / 0                 0 / 0           ops/s
[390.060s][info][gc,stats]      Memory: Allocation Rate                                   8 / 12               12 / 486              12 / 486              12 / 486         MB/s
[390.060s][info][gc,stats]      Memory: Heap Used After Mark                              0 / 0                 0 / 0                 0 / 0                 0 / 0           MB
[390.060s][info][gc,stats]      Memory: Heap Used After Relocation                        0 / 0                 0 / 0                 0 / 0                 0 / 0           MB
[390.060s][info][gc,stats]      Memory: Heap Used Before Mark                             0 / 0                 0 / 0                 0 / 0                 0 / 0           MB
[390.060s][info][gc,stats]      Memory: Heap Used Before Relocation                       0 / 0                 0 / 0                 0 / 0                 0 / 0           MB
[390.060s][info][gc,stats]      Memory: Out Of Memory                                     0 / 0                 0 / 0                 0 / 0                 0 / 0           ops/s
[390.060s][info][gc,stats]      Memory: Page Cache Flush                                  0 / 0                 0 / 0                 0 / 0                 0 / 0           MB/s
[390.060s][info][gc,stats]      Memory: Page Cache Hit L1                                 0 / 0                 0 / 36                0 / 36                0 / 36          ops/s
[390.060s][info][gc,stats]      Memory: Page Cache Hit L2                                 0 / 0                 0 / 30                0 / 30                0 / 30          ops/s
[390.060s][info][gc,stats]      Memory: Page Cache Miss                                   4 / 6                 6 / 240               6 / 240               6 / 240         ops/s
[390.060s][info][gc,stats]      Memory: Undo Object Allocation Failed                     0 / 0                 0 / 0                 0 / 0                 0 / 0           ops/s
[390.060s][info][gc,stats]      Memory: Undo Object Allocation Succeeded                  0 / 0                 0 / 0                 0 / 0                 0 / 0           ops/s
[390.060s][info][gc,stats]      Memory: Undo Page Allocation                              0 / 0                 0 / 66                0 / 66                0 / 66          ops/s
[390.060s][info][gc,stats]       Phase: Concurrent Destroy Detached Pages             0.000 / 0.000         0.000 / 0.000         0.000 / 0.000         0.000 / 0.000       ms
[390.060s][info][gc,stats]       Phase: Concurrent Mark                               0.000 / 0.000         0.000 / 0.000         0.000 / 0.000         0.000 / 0.000       ms
[390.060s][info][gc,stats]       Phase: Concurrent Mark Continue                      0.000 / 0.000         0.000 / 0.000         0.000 / 0.000         0.000 / 0.000       ms
[390.060s][info][gc,stats]       Phase: Concurrent Prepare Relocation Set             0.000 / 0.000         0.000 / 0.000         0.000 / 0.000         0.000 / 0.000       ms
[390.060s][info][gc,stats]       Phase: Concurrent Process Non-Strong References      0.000 / 0.000         0.000 / 0.000         0.000 / 0.000         0.000 / 0.000       ms
[390.060s][info][gc,stats]       Phase: Concurrent Relocate                           0.000 / 0.000         0.000 / 0.000         0.000 / 0.000         0.000 / 0.000       ms
[390.060s][info][gc,stats]       Phase: Concurrent Reset Relocation Set               0.000 / 0.000         0.000 / 0.000         0.000 / 0.000         0.000 / 0.000       ms
[390.060s][info][gc,stats]       Phase: Concurrent Select Relocation Set              0.000 / 0.000         0.000 / 0.000         0.000 / 0.000         0.000 / 0.000       ms
[390.060s][info][gc,stats]       Phase: Pause Mark End                                0.000 / 0.000         0.000 / 0.000         0.000 / 0.000         0.000 / 0.000       ms
[390.060s][info][gc,stats]       Phase: Pause Mark Start                              0.000 / 0.000         0.000 / 0.000         0.000 / 0.000         0.000 / 0.000       ms
[390.060s][info][gc,stats]       Phase: Pause Relocate Start                          0.000 / 0.000         0.000 / 0.000         0.000 / 0.000         0.000 / 0.000       ms
[390.060s][info][gc,stats]       Phase: Pause Verify                                  0.000 / 0.000         0.000 / 0.000         0.000 / 0.000         0.000 / 0.000       ms
[390.060s][info][gc,stats]    Subphase: Concurrent Classes Unload                     0.000 / 0.000         0.000 / 0.000         0.000 / 0.000         0.000 / 0.000       ms
[390.060s][info][gc,stats]    Subphase: Concurrent Mark                               0.000 / 0.000         0.000 / 0.000         0.000 / 0.000         0.000 / 0.000       ms
[390.060s][info][gc,stats]    Subphase: Concurrent Mark Idle                          0.000 / 0.000         0.000 / 0.000         0.000 / 0.000         0.000 / 0.000       ms
[390.060s][info][gc,stats]    Subphase: Concurrent Mark Try Flush                     0.000 / 0.000         0.000 / 0.000         0.000 / 0.000         0.000 / 0.000       ms
[390.060s][info][gc,stats]    Subphase: Concurrent Mark Try Terminate                 0.000 / 0.000         0.000 / 0.000         0.000 / 0.000         0.000 / 0.000       ms
[390.060s][info][gc,stats]    Subphase: Concurrent References Enqueue                 0.000 / 0.000         0.000 / 0.000         0.000 / 0.000         0.000 / 0.000       ms
[390.060s][info][gc,stats]    Subphase: Concurrent References Process                 0.000 / 0.000         0.000 / 0.000         0.000 / 0.000         0.000 / 0.000       ms
[390.060s][info][gc,stats]    Subphase: Concurrent Roots                              0.000 / 0.000         0.000 / 0.000         0.000 / 0.000         0.000 / 0.000       ms
[390.060s][info][gc,stats]    Subphase: Concurrent Roots ClassLoaderDataGraph         0.000 / 0.000         0.000 / 0.000         0.000 / 0.000         0.000 / 0.000       ms
[390.060s][info][gc,stats]    Subphase: Concurrent Roots JNIHandles                   0.000 / 0.000         0.000 / 0.000         0.000 / 0.000         0.000 / 0.000       ms
[390.060s][info][gc,stats]    Subphase: Concurrent Roots Setup                        0.000 / 0.000         0.000 / 0.000         0.000 / 0.000         0.000 / 0.000       ms
[390.060s][info][gc,stats]    Subphase: Concurrent Roots Teardown                     0.000 / 0.000         0.000 / 0.000         0.000 / 0.000         0.000 / 0.000       ms
[390.060s][info][gc,stats]    Subphase: Concurrent Weak Roots                         0.000 / 0.000         0.000 / 0.000         0.000 / 0.000         0.000 / 0.000       ms
[390.060s][info][gc,stats]    Subphase: Concurrent Weak Roots JNIWeakHandles          0.000 / 0.000         0.000 / 0.000         0.000 / 0.000         0.000 / 0.000       ms
[390.060s][info][gc,stats]    Subphase: Concurrent Weak Roots StringTable             0.000 / 0.000         0.000 / 0.000         0.000 / 0.000         0.000 / 0.000       ms
[390.060s][info][gc,stats]    Subphase: Concurrent Weak Roots VMWeakHandles           0.000 / 0.000         0.000 / 0.000         0.000 / 0.000         0.000 / 0.000       ms
[390.060s][info][gc,stats]    Subphase: Pause Mark Try Complete                       0.000 / 0.000         0.000 / 0.000         0.000 / 0.000         0.000 / 0.000       ms
[390.060s][info][gc,stats]    Subphase: Pause Roots                                   0.000 / 0.000         0.000 / 0.000         0.000 / 0.000         0.000 / 0.000       ms
[390.060s][info][gc,stats]    Subphase: Pause Roots CodeCache                         0.000 / 0.000         0.000 / 0.000         0.000 / 0.000         0.000 / 0.000       ms
[390.060s][info][gc,stats]    Subphase: Pause Roots JVMTIExport                       0.000 / 0.000         0.000 / 0.000         0.000 / 0.000         0.000 / 0.000       ms
[390.060s][info][gc,stats]    Subphase: Pause Roots JVMTIWeakExport                   0.000 / 0.000         0.000 / 0.000         0.000 / 0.000         0.000 / 0.000       ms
[390.060s][info][gc,stats]    Subphase: Pause Roots Management                        0.000 / 0.000         0.000 / 0.000         0.000 / 0.000         0.000 / 0.000       ms
[390.060s][info][gc,stats]    Subphase: Pause Roots ObjectSynchronizer                0.000 / 0.000         0.000 / 0.000         0.000 / 0.000         0.000 / 0.000       ms
[390.060s][info][gc,stats]    Subphase: Pause Roots Setup                             0.000 / 0.000         0.000 / 0.000         0.000 / 0.000         0.000 / 0.000       ms
[390.060s][info][gc,stats]    Subphase: Pause Roots SystemDictionary                  0.000 / 0.000         0.000 / 0.000         0.000 / 0.000         0.000 / 0.000       ms
[390.060s][info][gc,stats]    Subphase: Pause Roots Teardown                          0.000 / 0.000         0.000 / 0.000         0.000 / 0.000         0.000 / 0.000       ms
[390.060s][info][gc,stats]    Subphase: Pause Roots Threads                           0.000 / 0.000         0.000 / 0.000         0.000 / 0.000         0.000 / 0.000       ms
[390.060s][info][gc,stats]    Subphase: Pause Roots Universe                          0.000 / 0.000         0.000 / 0.000         0.000 / 0.000         0.000 / 0.000       ms
[390.060s][info][gc,stats]    Subphase: Pause Weak Roots                              0.000 / 0.000         0.000 / 0.000         0.000 / 0.000         0.000 / 0.000       ms
[390.060s][info][gc,stats]    Subphase: Pause Weak Roots JFRWeak                      0.000 / 0.000         0.000 / 0.000         0.000 / 0.000         0.000 / 0.000       ms
[390.060s][info][gc,stats]    Subphase: Pause Weak Roots JVMTIWeakExport              0.000 / 0.000         0.000 / 0.000         0.000 / 0.000         0.000 / 0.000       ms
[390.060s][info][gc,stats]    Subphase: Pause Weak Roots Setup                        0.000 / 0.000         0.000 / 0.000         0.000 / 0.000         0.000 / 0.000       ms
[390.060s][info][gc,stats]    Subphase: Pause Weak Roots Teardown                     0.000 / 0.000         0.000 / 0.000         0.000 / 0.000         0.000 / 0.000       ms
[390.060s][info][gc,stats]      System: Java Threads                                      0 / 0                 0 / 0                 0 / 0                 0 / 0           threads
[390.060s][info][gc,stats] =========================================================================================================================================================
[400.060s][info][gc,stats] === Garbage Collection Statistics =======================================================================================================================
[400.060s][info][gc,stats]                                                              Last 10s              Last 10m              Last 10h                Total
[400.060s][info][gc,stats]                                                              Avg / Max             Avg / Max             Avg / Max             Avg / Max
[400.060s][info][gc,stats]   Collector: Garbage Collection Cycle                      0.000 / 0.000         0.000 / 0.000         0.000 / 0.000         0.000 / 0.000       ms
[400.060s][info][gc,stats]  Contention: Mark Segment Reset Contention                     0 / 0                 0 / 0                 0 / 0                 0 / 0           ops/s
[400.060s][info][gc,stats]  Contention: Mark SeqNum Reset Contention                      0 / 0                 0 / 0                 0 / 0                 0 / 0           ops/s
[400.060s][info][gc,stats]  Contention: Relocation Contention                             0 / 0                 0 / 0                 0 / 0                 0 / 0           ops/s
[400.060s][info][gc,stats]    Critical: Allocation Stall                              0.000 / 0.000         0.000 / 0.000         0.000 / 0.000         0.000 / 0.000       ms
[400.060s][info][gc,stats]    Critical: Allocation Stall                                  0 / 0                 0 / 0                 0 / 0                 0 / 0           ops/s
[400.060s][info][gc,stats]    Critical: GC Locker Stall                               0.000 / 0.000         0.000 / 0.000         0.000 / 0.000         0.000 / 0.000       ms
[400.060s][info][gc,stats]    Critical: GC Locker Stall                                   0 / 0                 0 / 0                 0 / 0                 0 / 0           ops/s
[400.060s][info][gc,stats]      Memory: Allocation Rate                                   8 / 20               12 / 486              12 / 486              12 / 486         MB/s
[400.060s][info][gc,stats]      Memory: Heap Used After Mark                              0 / 0                 0 / 0                 0 / 0                 0 / 0           MB
[400.060s][info][gc,stats]      Memory: Heap Used After Relocation                        0 / 0                 0 / 0                 0 / 0                 0 / 0           MB
[400.060s][info][gc,stats]      Memory: Heap Used Before Mark                             0 / 0                 0 / 0                 0 / 0                 0 / 0           MB
[400.060s][info][gc,stats]      Memory: Heap Used Before Relocation                       0 / 0                 0 / 0                 0 / 0                 0 / 0           MB
[400.060s][info][gc,stats]      Memory: Out Of Memory                                     0 / 0                 0 / 0                 0 / 0                 0 / 0           ops/s
[400.060s][info][gc,stats]      Memory: Page Cache Flush                                  0 / 0                 0 / 0                 0 / 0                 0 / 0           MB/s
[400.060s][info][gc,stats]      Memory: Page Cache Hit L1                                 0 / 0                 0 / 36                0 / 36                0 / 36          ops/s
[400.060s][info][gc,stats]      Memory: Page Cache Hit L2                                 0 / 0                 0 / 30                0 / 30                0 / 30          ops/s
[400.060s][info][gc,stats]      Memory: Page Cache Miss                                   4 / 10                6 / 240               6 / 240               6 / 240         ops/s
[400.060s][info][gc,stats]      Memory: Undo Object Allocation Failed                     0 / 0                 0 / 0                 0 / 0                 0 / 0           ops/s
[400.060s][info][gc,stats]      Memory: Undo Object Allocation Succeeded                  0 / 0                 0 / 0                 0 / 0                 0 / 0           ops/s
[400.060s][info][gc,stats]      Memory: Undo Page Allocation                              0 / 0                 0 / 66                0 / 66                0 / 66          ops/s
[400.060s][info][gc,stats]       Phase: Concurrent Destroy Detached Pages             0.000 / 0.000         0.000 / 0.000         0.000 / 0.000         0.000 / 0.000       ms
[400.060s][info][gc,stats]       Phase: Concurrent Mark                               0.000 / 0.000         0.000 / 0.000         0.000 / 0.000         0.000 / 0.000       ms
[400.060s][info][gc,stats]       Phase: Concurrent Mark Continue                      0.000 / 0.000         0.000 / 0.000         0.000 / 0.000         0.000 / 0.000       ms
[400.060s][info][gc,stats]       Phase: Concurrent Prepare Relocation Set             0.000 / 0.000         0.000 / 0.000         0.000 / 0.000         0.000 / 0.000       ms
[400.060s][info][gc,stats]       Phase: Concurrent Process Non-Strong References      0.000 / 0.000         0.000 / 0.000         0.000 / 0.000         0.000 / 0.000       ms
[400.060s][info][gc,stats]       Phase: Concurrent Relocate                           0.000 / 0.000         0.000 / 0.000         0.000 / 0.000         0.000 / 0.000       ms
[400.060s][info][gc,stats]       Phase: Concurrent Reset Relocation Set               0.000 / 0.000         0.000 / 0.000         0.000 / 0.000         0.000 / 0.000       ms
[400.060s][info][gc,stats]       Phase: Concurrent Select Relocation Set              0.000 / 0.000         0.000 / 0.000         0.000 / 0.000         0.000 / 0.000       ms
[400.060s][info][gc,stats]       Phase: Pause Mark End                                0.000 / 0.000         0.000 / 0.000         0.000 / 0.000         0.000 / 0.000       ms
[400.060s][info][gc,stats]       Phase: Pause Mark Start                              0.000 / 0.000         0.000 / 0.000         0.000 / 0.000         0.000 / 0.000       ms
[400.060s][info][gc,stats]       Phase: Pause Relocate Start                          0.000 / 0.000         0.000 / 0.000         0.000 / 0.000         0.000 / 0.000       ms
[400.060s][info][gc,stats]       Phase: Pause Verify                                  0.000 / 0.000         0.000 / 0.000         0.000 / 0.000         0.000 / 0.000       ms
[400.060s][info][gc,stats]    Subphase: Concurrent Classes Unload                     0.000 / 0.000         0.000 / 0.000         0.000 / 0.000         0.000 / 0.000       ms
[400.060s][info][gc,stats]    Subphase: Concurrent Mark                               0.000 / 0.000         0.000 / 0.000         0.000 / 0.000         0.000 / 0.000       ms
[400.060s][info][gc,stats]    Subphase: Concurrent Mark Idle                          0.000 / 0.000         0.000 / 0.000         0.000 / 0.000         0.000 / 0.000       ms
[400.060s][info][gc,stats]    Subphase: Concurrent Mark Try Flush                     0.000 / 0.000         0.000 / 0.000         0.000 / 0.000         0.000 / 0.000       ms
[400.060s][info][gc,stats]    Subphase: Concurrent Mark Try Terminate                 0.000 / 0.000         0.000 / 0.000         0.000 / 0.000         0.000 / 0.000       ms
[400.060s][info][gc,stats]    Subphase: Concurrent References Enqueue                 0.000 / 0.000         0.000 / 0.000         0.000 / 0.000         0.000 / 0.000       ms
[400.060s][info][gc,stats]    Subphase: Concurrent References Process                 0.000 / 0.000         0.000 / 0.000         0.000 / 0.000         0.000 / 0.000       ms
[400.060s][info][gc,stats]    Subphase: Concurrent Roots                              0.000 / 0.000         0.000 / 0.000         0.000 / 0.000         0.000 / 0.000       ms
[400.060s][info][gc,stats]    Subphase: Concurrent Roots ClassLoaderDataGraph         0.000 / 0.000         0.000 / 0.000         0.000 / 0.000         0.000 / 0.000       ms
[400.060s][info][gc,stats]    Subphase: Concurrent Roots JNIHandles                   0.000 / 0.000         0.000 / 0.000         0.000 / 0.000         0.000 / 0.000       ms
[400.060s][info][gc,stats]    Subphase: Concurrent Roots Setup                        0.000 / 0.000         0.000 / 0.000         0.000 / 0.000         0.000 / 0.000       ms
[400.060s][info][gc,stats]    Subphase: Concurrent Roots Teardown                     0.000 / 0.000         0.000 / 0.000         0.000 / 0.000         0.000 / 0.000       ms
[400.060s][info][gc,stats]    Subphase: Concurrent Weak Roots                         0.000 / 0.000         0.000 / 0.000         0.000 / 0.000         0.000 / 0.000       ms
[400.060s][info][gc,stats]    Subphase: Concurrent Weak Roots JNIWeakHandles          0.000 / 0.000         0.000 / 0.000         0.000 / 0.000         0.000 / 0.000       ms
[400.060s][info][gc,stats]    Subphase: Concurrent Weak Roots StringTable             0.000 / 0.000         0.000 / 0.000         0.000 / 0.000         0.000 / 0.000       ms
[400.060s][info][gc,stats]    Subphase: Concurrent Weak Roots VMWeakHandles           0.000 / 0.000         0.000 / 0.000         0.000 / 0.000         0.000 / 0.000       ms
[400.060s][info][gc,stats]    Subphase: Pause Mark Try Complete                       0.000 / 0.000         0.000 / 0.000         0.000 / 0.000         0.000 / 0.000       ms
[400.060s][info][gc,stats]    Subphase: Pause Roots                                   0.000 / 0.000         0.000 / 0.000         0.000 / 0.000         0.000 / 0.000       ms
[400.060s][info][gc,stats]    Subphase: Pause Roots CodeCache                         0.000 / 0.000         0.000 / 0.000         0.000 / 0.000         0.000 / 0.000       ms
[400.060s][info][gc,stats]    Subphase: Pause Roots JVMTIExport                       0.000 / 0.000         0.000 / 0.000         0.000 / 0.000         0.000 / 0.000       ms
[400.060s][info][gc,stats]    Subphase: Pause Roots JVMTIWeakExport                   0.000 / 0.000         0.000 / 0.000         0.000 / 0.000         0.000 / 0.000       ms
[400.060s][info][gc,stats]    Subphase: Pause Roots Management                        0.000 / 0.000         0.000 / 0.000         0.000 / 0.000         0.000 / 0.000       ms
[400.060s][info][gc,stats]    Subphase: Pause Roots ObjectSynchronizer                0.000 / 0.000         0.000 / 0.000         0.000 / 0.000         0.000 / 0.000       ms
[400.060s][info][gc,stats]    Subphase: Pause Roots Setup                             0.000 / 0.000         0.000 / 0.000         0.000 / 0.000         0.000 / 0.000       ms
[400.060s][info][gc,stats]    Subphase: Pause Roots SystemDictionary                  0.000 / 0.000         0.000 / 0.000         0.000 / 0.000         0.000 / 0.000       ms
[400.060s][info][gc,stats]    Subphase: Pause Roots Teardown                          0.000 / 0.000         0.000 / 0.000         0.000 / 0.000         0.000 / 0.000       ms
[400.060s][info][gc,stats]    Subphase: Pause Roots Threads                           0.000 / 0.000         0.000 / 0.000         0.000 / 0.000         0.000 / 0.000       ms
[400.060s][info][gc,stats]    Subphase: Pause Roots Universe                          0.000 / 0.000         0.000 / 0.000         0.000 / 0.000         0.000 / 0.000       ms
[400.060s][info][gc,stats]    Subphase: Pause Weak Roots                              0.000 / 0.000         0.000 / 0.000         0.000 / 0.000         0.000 / 0.000       ms
[400.060s][info][gc,stats]    Subphase: Pause Weak Roots JFRWeak                      0.000 / 0.000         0.000 / 0.000         0.000 / 0.000         0.000 / 0.000       ms
[400.060s][info][gc,stats]    Subphase: Pause Weak Roots JVMTIWeakExport              0.000 / 0.000         0.000 / 0.000         0.000 / 0.000         0.000 / 0.000       ms
[400.060s][info][gc,stats]    Subphase: Pause Weak Roots Setup                        0.000 / 0.000         0.000 / 0.000         0.000 / 0.000         0.000 / 0.000       ms
[400.060s][info][gc,stats]    Subphase: Pause Weak Roots Teardown                     0.000 / 0.000         0.000 / 0.000         0.000 / 0.000         0.000 / 0.000       ms
[400.060s][info][gc,stats]      System: Java Threads                                      0 / 0                 0 / 0                 0 / 0                 0 / 0           threads
[400.060s][info][gc,stats] =========================================================================================================================================================
[410.060s][info][gc,stats] === Garbage Collection Statistics =======================================================================================================================
[410.060s][info][gc,stats]                                                              Last 10s              Last 10m              Last 10h                Total
[410.060s][info][gc,stats]                                                              Avg / Max             Avg / Max             Avg / Max             Avg / Max
[410.060s][info][gc,stats]   Collector: Garbage Collection Cycle                      0.000 / 0.000         0.000 / 0.000         0.000 / 0.000         0.000 / 0.000       ms
[410.060s][info][gc,stats]  Contention: Mark Segment Reset Contention                     0 / 0                 0 / 0                 0 / 0                 0 / 0           ops/s
[410.060s][info][gc,stats]  Contention: Mark SeqNum Reset Contention                      0 / 0                 0 / 0                 0 / 0                 0 / 0           ops/s
[410.060s][info][gc,stats]  Contention: Relocation Contention                             0 / 0                 0 / 0                 0 / 0                 0 / 0           ops/s
[410.060s][info][gc,stats]    Critical: Allocation Stall                              0.000 / 0.000         0.000 / 0.000         0.000 / 0.000         0.000 / 0.000       ms
[410.060s][info][gc,stats]    Critical: Allocation Stall                                  0 / 0                 0 / 0                 0 / 0                 0 / 0           ops/s
[410.060s][info][gc,stats]    Critical: GC Locker Stall                               0.000 / 0.000         0.000 / 0.000         0.000 / 0.000         0.000 / 0.000       ms
[410.060s][info][gc,stats]    Critical: GC Locker Stall                                   0 / 0                 0 / 0                 0 / 0                 0 / 0           ops/s
[410.060s][info][gc,stats]      Memory: Allocation Rate                                   8 / 12               12 / 486              12 / 486              12 / 486         MB/s
[410.060s][info][gc,stats]      Memory: Heap Used After Mark                              0 / 0                 0 / 0                 0 / 0                 0 / 0           MB
[410.060s][info][gc,stats]      Memory: Heap Used After Relocation                        0 / 0                 0 / 0                 0 / 0                 0 / 0           MB
[410.060s][info][gc,stats]      Memory: Heap Used Before Mark                             0 / 0                 0 / 0                 0 / 0                 0 / 0           MB
[410.060s][info][gc,stats]      Memory: Heap Used Before Relocation                       0 / 0                 0 / 0                 0 / 0                 0 / 0           MB
[410.060s][info][gc,stats]      Memory: Out Of Memory                                     0 / 0                 0 / 0                 0 / 0                 0 / 0           ops/s
[410.060s][info][gc,stats]      Memory: Page Cache Flush                                  0 / 0                 0 / 0                 0 / 0                 0 / 0           MB/s
[410.060s][info][gc,stats]      Memory: Page Cache Hit L1                                 0 / 0                 0 / 36                0 / 36                0 / 36          ops/s
[410.060s][info][gc,stats]      Memory: Page Cache Hit L2                                 0 / 0                 0 / 30                0 / 30                0 / 30          ops/s
[410.060s][info][gc,stats]      Memory: Page Cache Miss                                   4 / 6                 5 / 240               5 / 240               5 / 240         ops/s
[410.060s][info][gc,stats]      Memory: Undo Object Allocation Failed                     0 / 0                 0 / 0                 0 / 0                 0 / 0           ops/s
[410.060s][info][gc,stats]      Memory: Undo Object Allocation Succeeded                  0 / 0                 0 / 0                 0 / 0                 0 / 0           ops/s
[410.060s][info][gc,stats]      Memory: Undo Page Allocation                              0 / 0                 0 / 66                0 / 66                0 / 66          ops/s
[410.060s][info][gc,stats]       Phase: Concurrent Destroy Detached Pages             0.000 / 0.000         0.000 / 0.000         0.000 / 0.000         0.000 / 0.000       ms
[410.060s][info][gc,stats]       Phase: Concurrent Mark                               0.000 / 0.000         0.000 / 0.000         0.000 / 0.000         0.000 / 0.000       ms
[410.060s][info][gc,stats]       Phase: Concurrent Mark Continue                      0.000 / 0.000         0.000 / 0.000         0.000 / 0.000         0.000 / 0.000       ms
[410.060s][info][gc,stats]       Phase: Concurrent Prepare Relocation Set             0.000 / 0.000         0.000 / 0.000         0.000 / 0.000         0.000 / 0.000       ms
[410.060s][info][gc,stats]       Phase: Concurrent Process Non-Strong References      0.000 / 0.000         0.000 / 0.000         0.000 / 0.000         0.000 / 0.000       ms
[410.060s][info][gc,stats]       Phase: Concurrent Relocate                           0.000 / 0.000         0.000 / 0.000         0.000 / 0.000         0.000 / 0.000       ms
[410.060s][info][gc,stats]       Phase: Concurrent Reset Relocation Set               0.000 / 0.000         0.000 / 0.000         0.000 / 0.000         0.000 / 0.000       ms
[410.060s][info][gc,stats]       Phase: Concurrent Select Relocation Set              0.000 / 0.000         0.000 / 0.000         0.000 / 0.000         0.000 / 0.000       ms
[410.060s][info][gc,stats]       Phase: Pause Mark End                                0.000 / 0.000         0.000 / 0.000         0.000 / 0.000         0.000 / 0.000       ms
[410.060s][info][gc,stats]       Phase: Pause Mark Start                              0.000 / 0.000         0.000 / 0.000         0.000 / 0.000         0.000 / 0.000       ms
[410.060s][info][gc,stats]       Phase: Pause Relocate Start                          0.000 / 0.000         0.000 / 0.000         0.000 / 0.000         0.000 / 0.000       ms
[410.060s][info][gc,stats]       Phase: Pause Verify                                  0.000 / 0.000         0.000 / 0.000         0.000 / 0.000         0.000 / 0.000       ms
[410.060s][info][gc,stats]    Subphase: Concurrent Classes Unload                     0.000 / 0.000         0.000 / 0.000         0.000 / 0.000         0.000 / 0.000       ms
[410.060s][info][gc,stats]    Subphase: Concurrent Mark                               0.000 / 0.000         0.000 / 0.000         0.000 / 0.000         0.000 / 0.000       ms
[410.060s][info][gc,stats]    Subphase: Concurrent Mark Idle                          0.000 / 0.000         0.000 / 0.000         0.000 / 0.000         0.000 / 0.000       ms
[410.060s][info][gc,stats]    Subphase: Concurrent Mark Try Flush                     0.000 / 0.000         0.000 / 0.000         0.000 / 0.000         0.000 / 0.000       ms
[410.060s][info][gc,stats]    Subphase: Concurrent Mark Try Terminate                 0.000 / 0.000         0.000 / 0.000         0.000 / 0.000         0.000 / 0.000       ms
[410.060s][info][gc,stats]    Subphase: Concurrent References Enqueue                 0.000 / 0.000         0.000 / 0.000         0.000 / 0.000         0.000 / 0.000       ms
[410.060s][info][gc,stats]    Subphase: Concurrent References Process                 0.000 / 0.000         0.000 / 0.000         0.000 / 0.000         0.000 / 0.000       ms
[410.060s][info][gc,stats]    Subphase: Concurrent Roots                              0.000 / 0.000         0.000 / 0.000         0.000 / 0.000         0.000 / 0.000       ms
[410.060s][info][gc,stats]    Subphase: Concurrent Roots ClassLoaderDataGraph         0.000 / 0.000         0.000 / 0.000         0.000 / 0.000         0.000 / 0.000       ms
[410.060s][info][gc,stats]    Subphase: Concurrent Roots JNIHandles                   0.000 / 0.000         0.000 / 0.000         0.000 / 0.000         0.000 / 0.000       ms
[410.060s][info][gc,stats]    Subphase: Concurrent Roots Setup                        0.000 / 0.000         0.000 / 0.000         0.000 / 0.000         0.000 / 0.000       ms
[410.060s][info][gc,stats]    Subphase: Concurrent Roots Teardown                     0.000 / 0.000         0.000 / 0.000         0.000 / 0.000         0.000 / 0.000       ms
[410.060s][info][gc,stats]    Subphase: Concurrent Weak Roots                         0.000 / 0.000         0.000 / 0.000         0.000 / 0.000         0.000 / 0.000       ms
[410.060s][info][gc,stats]    Subphase: Concurrent Weak Roots JNIWeakHandles          0.000 / 0.000         0.000 / 0.000         0.000 / 0.000         0.000 / 0.000       ms
[410.060s][info][gc,stats]    Subphase: Concurrent Weak Roots StringTable             0.000 / 0.000         0.000 / 0.000         0.000 / 0.000         0.000 / 0.000       ms
[410.060s][info][gc,stats]    Subphase: Concurrent Weak Roots VMWeakHandles           0.000 / 0.000         0.000 / 0.000         0.000 / 0.000         0.000 / 0.000       ms
[410.060s][info][gc,stats]    Subphase: Pause Mark Try Complete                       0.000 / 0.000         0.000 / 0.000         0.000 / 0.000         0.000 / 0.000       ms
[410.060s][info][gc,stats]    Subphase: Pause Roots                                   0.000 / 0.000         0.000 / 0.000         0.000 / 0.000         0.000 / 0.000       ms
[410.060s][info][gc,stats]    Subphase: Pause Roots CodeCache                         0.000 / 0.000         0.000 / 0.000         0.000 / 0.000         0.000 / 0.000       ms
[410.060s][info][gc,stats]    Subphase: Pause Roots JVMTIExport                       0.000 / 0.000         0.000 / 0.000         0.000 / 0.000         0.000 / 0.000       ms
[410.060s][info][gc,stats]    Subphase: Pause Roots JVMTIWeakExport                   0.000 / 0.000         0.000 / 0.000         0.000 / 0.000         0.000 / 0.000       ms
[410.060s][info][gc,stats]    Subphase: Pause Roots Management                        0.000 / 0.000         0.000 / 0.000         0.000 / 0.000         0.000 / 0.000       ms
[410.060s][info][gc,stats]    Subphase: Pause Roots ObjectSynchronizer                0.000 / 0.000         0.000 / 0.000         0.000 / 0.000         0.000 / 0.000       ms
[410.060s][info][gc,stats]    Subphase: Pause Roots Setup                             0.000 / 0.000         0.000 / 0.000         0.000 / 0.000         0.000 / 0.000       ms
[410.060s][info][gc,stats]    Subphase: Pause Roots SystemDictionary                  0.000 / 0.000         0.000 / 0.000         0.000 / 0.000         0.000 / 0.000       ms
[410.060s][info][gc,stats]    Subphase: Pause Roots Teardown                          0.000 / 0.000         0.000 / 0.000         0.000 / 0.000         0.000 / 0.000       ms
[410.060s][info][gc,stats]    Subphase: Pause Roots Threads                           0.000 / 0.000         0.000 / 0.000         0.000 / 0.000         0.000 / 0.000       ms
[410.060s][info][gc,stats]    Subphase: Pause Roots Universe                          0.000 / 0.000         0.000 / 0.000         0.000 / 0.000         0.000 / 0.000       ms
[410.060s][info][gc,stats]    Subphase: Pause Weak Roots                              0.000 / 0.000         0.000 / 0.000         0.000 / 0.000         0.000 / 0.000       ms
[410.060s][info][gc,stats]    Subphase: Pause Weak Roots JFRWeak                      0.000 / 0.000         0.000 / 0.000         0.000 / 0.000         0.000 / 0.000       ms
[410.060s][info][gc,stats]    Subphase: Pause Weak Roots JVMTIWeakExport              0.000 / 0.000         0.000 / 0.000         0.000 / 0.000         0.000 / 0.000       ms
[410.060s][info][gc,stats]    Subphase: Pause Weak Roots Setup                        0.000 / 0.000         0.000 / 0.000         0.000 / 0.000         0.000 / 0.000       ms
[410.060s][info][gc,stats]    Subphase: Pause Weak Roots Teardown                     0.000 / 0.000         0.000 / 0.000         0.000 / 0.000         0.000 / 0.000       ms
[410.060s][info][gc,stats]      System: Java Threads                                      0 / 0                 0 / 0                 0 / 0                 0 / 0           threads
[410.060s][info][gc,stats] =========================================================================================================================================================
[420.059s][info][gc,stats] === Garbage Collection Statistics =======================================================================================================================
[420.059s][info][gc,stats]                                                              Last 10s              Last 10m              Last 10h                Total
[420.059s][info][gc,stats]                                                              Avg / Max             Avg / Max             Avg / Max             Avg / Max
[420.059s][info][gc,stats]   Collector: Garbage Collection Cycle                      0.000 / 0.000         0.000 / 0.000         0.000 / 0.000         0.000 / 0.000       ms
[420.059s][info][gc,stats]  Contention: Mark Segment Reset Contention                     0 / 0                 0 / 0                 0 / 0                 0 / 0           ops/s
[420.059s][info][gc,stats]  Contention: Mark SeqNum Reset Contention                      0 / 0                 0 / 0                 0 / 0                 0 / 0           ops/s
[420.059s][info][gc,stats]  Contention: Relocation Contention                             0 / 0                 0 / 0                 0 / 0                 0 / 0           ops/s
[420.059s][info][gc,stats]    Critical: Allocation Stall                              0.000 / 0.000         0.000 / 0.000         0.000 / 0.000         0.000 / 0.000       ms
[420.059s][info][gc,stats]    Critical: Allocation Stall                                  0 / 0                 0 / 0                 0 / 0                 0 / 0           ops/s
[420.059s][info][gc,stats]    Critical: GC Locker Stall                               0.000 / 0.000         0.000 / 0.000         0.000 / 0.000         0.000 / 0.000       ms
[420.059s][info][gc,stats]    Critical: GC Locker Stall                                   0 / 0                 0 / 0                 0 / 0                 0 / 0           ops/s
[420.059s][info][gc,stats]      Memory: Allocation Rate                                   8 / 12               12 / 486              12 / 486              12 / 486         MB/s
[420.059s][info][gc,stats]      Memory: Heap Used After Mark                              0 / 0                 0 / 0                 0 / 0                 0 / 0           MB
[420.059s][info][gc,stats]      Memory: Heap Used After Relocation                        0 / 0                 0 / 0                 0 / 0                 0 / 0           MB
[420.059s][info][gc,stats]      Memory: Heap Used Before Mark                             0 / 0                 0 / 0                 0 / 0                 0 / 0           MB
[420.059s][info][gc,stats]      Memory: Heap Used Before Relocation                       0 / 0                 0 / 0                 0 / 0                 0 / 0           MB
[420.059s][info][gc,stats]      Memory: Out Of Memory                                     0 / 0                 0 / 0                 0 / 0                 0 / 0           ops/s
[420.059s][info][gc,stats]      Memory: Page Cache Flush                                  0 / 0                 0 / 0                 0 / 0                 0 / 0           MB/s
[420.059s][info][gc,stats]      Memory: Page Cache Hit L1                                 0 / 0                 0 / 36                0 / 36                0 / 36          ops/s
[420.059s][info][gc,stats]      Memory: Page Cache Hit L2                                 0 / 0                 0 / 30                0 / 30                0 / 30          ops/s
[420.060s][info][gc,stats]      Memory: Page Cache Miss                                   4 / 6                 5 / 240               5 / 240               5 / 240         ops/s
[420.060s][info][gc,stats]      Memory: Undo Object Allocation Failed                     0 / 0                 0 / 0                 0 / 0                 0 / 0           ops/s
[420.060s][info][gc,stats]      Memory: Undo Object Allocation Succeeded                  0 / 0                 0 / 0                 0 / 0                 0 / 0           ops/s
[420.060s][info][gc,stats]      Memory: Undo Page Allocation                              0 / 0                 0 / 66                0 / 66                0 / 66          ops/s
[420.060s][info][gc,stats]       Phase: Concurrent Destroy Detached Pages             0.000 / 0.000         0.000 / 0.000         0.000 / 0.000         0.000 / 0.000       ms
[420.060s][info][gc,stats]       Phase: Concurrent Mark                               0.000 / 0.000         0.000 / 0.000         0.000 / 0.000         0.000 / 0.000       ms
[420.060s][info][gc,stats]       Phase: Concurrent Mark Continue                      0.000 / 0.000         0.000 / 0.000         0.000 / 0.000         0.000 / 0.000       ms
[420.060s][info][gc,stats]       Phase: Concurrent Prepare Relocation Set             0.000 / 0.000         0.000 / 0.000         0.000 / 0.000         0.000 / 0.000       ms
[420.060s][info][gc,stats]       Phase: Concurrent Process Non-Strong References      0.000 / 0.000         0.000 / 0.000         0.000 / 0.000         0.000 / 0.000       ms
[420.060s][info][gc,stats]       Phase: Concurrent Relocate                           0.000 / 0.000         0.000 / 0.000         0.000 / 0.000         0.000 / 0.000       ms
[420.060s][info][gc,stats]       Phase: Concurrent Reset Relocation Set               0.000 / 0.000         0.000 / 0.000         0.000 / 0.000         0.000 / 0.000       ms
[420.060s][info][gc,stats]       Phase: Concurrent Select Relocation Set              0.000 / 0.000         0.000 / 0.000         0.000 / 0.000         0.000 / 0.000       ms
[420.060s][info][gc,stats]       Phase: Pause Mark End                                0.000 / 0.000         0.000 / 0.000         0.000 / 0.000         0.000 / 0.000       ms
[420.060s][info][gc,stats]       Phase: Pause Mark Start                              0.000 / 0.000         0.000 / 0.000         0.000 / 0.000         0.000 / 0.000       ms
[420.060s][info][gc,stats]       Phase: Pause Relocate Start                          0.000 / 0.000         0.000 / 0.000         0.000 / 0.000         0.000 / 0.000       ms
[420.060s][info][gc,stats]       Phase: Pause Verify                                  0.000 / 0.000         0.000 / 0.000         0.000 / 0.000         0.000 / 0.000       ms
[420.060s][info][gc,stats]    Subphase: Concurrent Classes Unload                     0.000 / 0.000         0.000 / 0.000         0.000 / 0.000         0.000 / 0.000       ms
[420.060s][info][gc,stats]    Subphase: Concurrent Mark                               0.000 / 0.000         0.000 / 0.000         0.000 / 0.000         0.000 / 0.000       ms
[420.060s][info][gc,stats]    Subphase: Concurrent Mark Idle                          0.000 / 0.000         0.000 / 0.000         0.000 / 0.000         0.000 / 0.000       ms
[420.060s][info][gc,stats]    Subphase: Concurrent Mark Try Flush                     0.000 / 0.000         0.000 / 0.000         0.000 / 0.000         0.000 / 0.000       ms
[420.060s][info][gc,stats]    Subphase: Concurrent Mark Try Terminate                 0.000 / 0.000         0.000 / 0.000         0.000 / 0.000         0.000 / 0.000       ms
[420.060s][info][gc,stats]    Subphase: Concurrent References Enqueue                 0.000 / 0.000         0.000 / 0.000         0.000 / 0.000         0.000 / 0.000       ms
[420.060s][info][gc,stats]    Subphase: Concurrent References Process                 0.000 / 0.000         0.000 / 0.000         0.000 / 0.000         0.000 / 0.000       ms
[420.060s][info][gc,stats]    Subphase: Concurrent Roots                              0.000 / 0.000         0.000 / 0.000         0.000 / 0.000         0.000 / 0.000       ms
[420.060s][info][gc,stats]    Subphase: Concurrent Roots ClassLoaderDataGraph         0.000 / 0.000         0.000 / 0.000         0.000 / 0.000         0.000 / 0.000       ms
[420.060s][info][gc,stats]    Subphase: Concurrent Roots JNIHandles                   0.000 / 0.000         0.000 / 0.000         0.000 / 0.000         0.000 / 0.000       ms
[420.060s][info][gc,stats]    Subphase: Concurrent Roots Setup                        0.000 / 0.000         0.000 / 0.000         0.000 / 0.000         0.000 / 0.000       ms
[420.060s][info][gc,stats]    Subphase: Concurrent Roots Teardown                     0.000 / 0.000         0.000 / 0.000         0.000 / 0.000         0.000 / 0.000       ms
[420.060s][info][gc,stats]    Subphase: Concurrent Weak Roots                         0.000 / 0.000         0.000 / 0.000         0.000 / 0.000         0.000 / 0.000       ms
[420.060s][info][gc,stats]    Subphase: Concurrent Weak Roots JNIWeakHandles          0.000 / 0.000         0.000 / 0.000         0.000 / 0.000         0.000 / 0.000       ms
[420.060s][info][gc,stats]    Subphase: Concurrent Weak Roots StringTable             0.000 / 0.000         0.000 / 0.000         0.000 / 0.000         0.000 / 0.000       ms
[420.060s][info][gc,stats]    Subphase: Concurrent Weak Roots VMWeakHandles           0.000 / 0.000         0.000 / 0.000         0.000 / 0.000         0.000 / 0.000       ms
[420.060s][info][gc,stats]    Subphase: Pause Mark Try Complete                       0.000 / 0.000         0.000 / 0.000         0.000 / 0.000         0.000 / 0.000       ms
[420.060s][info][gc,stats]    Subphase: Pause Roots                                   0.000 / 0.000         0.000 / 0.000         0.000 / 0.000         0.000 / 0.000       ms
[420.060s][info][gc,stats]    Subphase: Pause Roots CodeCache                         0.000 / 0.000         0.000 / 0.000         0.000 / 0.000         0.000 / 0.000       ms
[420.060s][info][gc,stats]    Subphase: Pause Roots JVMTIExport                       0.000 / 0.000         0.000 / 0.000         0.000 / 0.000         0.000 / 0.000       ms
[420.060s][info][gc,stats]    Subphase: Pause Roots JVMTIWeakExport                   0.000 / 0.000         0.000 / 0.000         0.000 / 0.000         0.000 / 0.000       ms
[420.060s][info][gc,stats]    Subphase: Pause Roots Management                        0.000 / 0.000         0.000 / 0.000         0.000 / 0.000         0.000 / 0.000       ms
[420.060s][info][gc,stats]    Subphase: Pause Roots ObjectSynchronizer                0.000 / 0.000         0.000 / 0.000         0.000 / 0.000         0.000 / 0.000       ms
[420.060s][info][gc,stats]    Subphase: Pause Roots Setup                             0.000 / 0.000         0.000 / 0.000         0.000 / 0.000         0.000 / 0.000       ms
[420.060s][info][gc,stats]    Subphase: Pause Roots SystemDictionary                  0.000 / 0.000         0.000 / 0.000         0.000 / 0.000         0.000 / 0.000       ms
[420.060s][info][gc,stats]    Subphase: Pause Roots Teardown                          0.000 / 0.000         0.000 / 0.000         0.000 / 0.000         0.000 / 0.000       ms
[420.060s][info][gc,stats]    Subphase: Pause Roots Threads                           0.000 / 0.000         0.000 / 0.000         0.000 / 0.000         0.000 / 0.000       ms
[420.060s][info][gc,stats]    Subphase: Pause Roots Universe                          0.000 / 0.000         0.000 / 0.000         0.000 / 0.000         0.000 / 0.000       ms
[420.060s][info][gc,stats]    Subphase: Pause Weak Roots                              0.000 / 0.000         0.000 / 0.000         0.000 / 0.000         0.000 / 0.000       ms
[420.060s][info][gc,stats]    Subphase: Pause Weak Roots JFRWeak                      0.000 / 0.000         0.000 / 0.000         0.000 / 0.000         0.000 / 0.000       ms
[420.060s][info][gc,stats]    Subphase: Pause Weak Roots JVMTIWeakExport              0.000 / 0.000         0.000 / 0.000         0.000 / 0.000         0.000 / 0.000       ms
[420.060s][info][gc,stats]    Subphase: Pause Weak Roots Setup                        0.000 / 0.000         0.000 / 0.000         0.000 / 0.000         0.000 / 0.000       ms
[420.060s][info][gc,stats]    Subphase: Pause Weak Roots Teardown                     0.000 / 0.000         0.000 / 0.000         0.000 / 0.000         0.000 / 0.000       ms
[420.060s][info][gc,stats]      System: Java Threads                                      0 / 0                 0 / 0                 0 / 0                 0 / 0           threads
[420.060s][info][gc,stats] =========================================================================================================================================================
[430.060s][info][gc,stats] === Garbage Collection Statistics =======================================================================================================================
[430.060s][info][gc,stats]                                                              Last 10s              Last 10m              Last 10h                Total
[430.060s][info][gc,stats]                                                              Avg / Max             Avg / Max             Avg / Max             Avg / Max
[430.060s][info][gc,stats]   Collector: Garbage Collection Cycle                      0.000 / 0.000         0.000 / 0.000         0.000 / 0.000         0.000 / 0.000       ms
[430.060s][info][gc,stats]  Contention: Mark Segment Reset Contention                     0 / 0                 0 / 0                 0 / 0                 0 / 0           ops/s
[430.060s][info][gc,stats]  Contention: Mark SeqNum Reset Contention                      0 / 0                 0 / 0                 0 / 0                 0 / 0           ops/s
[430.060s][info][gc,stats]  Contention: Relocation Contention                             0 / 0                 0 / 0                 0 / 0                 0 / 0           ops/s
[430.060s][info][gc,stats]    Critical: Allocation Stall                              0.000 / 0.000         0.000 / 0.000         0.000 / 0.000         0.000 / 0.000       ms
[430.060s][info][gc,stats]    Critical: Allocation Stall                                  0 / 0                 0 / 0                 0 / 0                 0 / 0           ops/s
[430.060s][info][gc,stats]    Critical: GC Locker Stall                               0.000 / 0.000         0.000 / 0.000         0.000 / 0.000         0.000 / 0.000       ms
[430.060s][info][gc,stats]    Critical: GC Locker Stall                                   0 / 0                 0 / 0                 0 / 0                 0 / 0           ops/s
[430.060s][info][gc,stats]      Memory: Allocation Rate                                  27 / 36               12 / 486              12 / 486              12 / 486         MB/s
[430.060s][info][gc,stats]      Memory: Heap Used After Mark                              0 / 0                 0 / 0                 0 / 0                 0 / 0           MB
[430.060s][info][gc,stats]      Memory: Heap Used After Relocation                        0 / 0                 0 / 0                 0 / 0                 0 / 0           MB
[430.060s][info][gc,stats]      Memory: Heap Used Before Mark                             0 / 0                 0 / 0                 0 / 0                 0 / 0           MB
[430.060s][info][gc,stats]      Memory: Heap Used Before Relocation                       0 / 0                 0 / 0                 0 / 0                 0 / 0           MB
[430.060s][info][gc,stats]      Memory: Out Of Memory                                     0 / 0                 0 / 0                 0 / 0                 0 / 0           ops/s
[430.060s][info][gc,stats]      Memory: Page Cache Flush                                  0 / 0                 0 / 0                 0 / 0                 0 / 0           MB/s
[430.060s][info][gc,stats]      Memory: Page Cache Hit L1                                 0 / 0                 0 / 36                0 / 36                0 / 36          ops/s
[430.060s][info][gc,stats]      Memory: Page Cache Hit L2                                 0 / 0                 0 / 30                0 / 30                0 / 30          ops/s
[430.060s][info][gc,stats]      Memory: Page Cache Miss                                  13 / 18                6 / 240               6 / 240               6 / 240         ops/s
[430.060s][info][gc,stats]      Memory: Undo Object Allocation Failed                     0 / 0                 0 / 0                 0 / 0                 0 / 0           ops/s
[430.060s][info][gc,stats]      Memory: Undo Object Allocation Succeeded                  0 / 0                 0 / 0                 0 / 0                 0 / 0           ops/s
[430.060s][info][gc,stats]      Memory: Undo Page Allocation                              0 / 0                 0 / 66                0 / 66                0 / 66          ops/s
[430.060s][info][gc,stats]       Phase: Concurrent Destroy Detached Pages             0.000 / 0.000         0.000 / 0.000         0.000 / 0.000         0.000 / 0.000       ms
[430.060s][info][gc,stats]       Phase: Concurrent Mark                               0.000 / 0.000         0.000 / 0.000         0.000 / 0.000         0.000 / 0.000       ms
[430.060s][info][gc,stats]       Phase: Concurrent Mark Continue                      0.000 / 0.000         0.000 / 0.000         0.000 / 0.000         0.000 / 0.000       ms
[430.060s][info][gc,stats]       Phase: Concurrent Prepare Relocation Set             0.000 / 0.000         0.000 / 0.000         0.000 / 0.000         0.000 / 0.000       ms
[430.060s][info][gc,stats]       Phase: Concurrent Process Non-Strong References      0.000 / 0.000         0.000 / 0.000         0.000 / 0.000         0.000 / 0.000       ms
[430.060s][info][gc,stats]       Phase: Concurrent Relocate                           0.000 / 0.000         0.000 / 0.000         0.000 / 0.000         0.000 / 0.000       ms
[430.060s][info][gc,stats]       Phase: Concurrent Reset Relocation Set               0.000 / 0.000         0.000 / 0.000         0.000 / 0.000         0.000 / 0.000       ms
[430.060s][info][gc,stats]       Phase: Concurrent Select Relocation Set              0.000 / 0.000         0.000 / 0.000         0.000 / 0.000         0.000 / 0.000       ms
[430.060s][info][gc,stats]       Phase: Pause Mark End                                0.000 / 0.000         0.000 / 0.000         0.000 / 0.000         0.000 / 0.000       ms
[430.060s][info][gc,stats]       Phase: Pause Mark Start                              0.000 / 0.000         0.000 / 0.000         0.000 / 0.000         0.000 / 0.000       ms
[430.060s][info][gc,stats]       Phase: Pause Relocate Start                          0.000 / 0.000         0.000 / 0.000         0.000 / 0.000         0.000 / 0.000       ms
[430.060s][info][gc,stats]       Phase: Pause Verify                                  0.000 / 0.000         0.000 / 0.000         0.000 / 0.000         0.000 / 0.000       ms
[430.060s][info][gc,stats]    Subphase: Concurrent Classes Unload                     0.000 / 0.000         0.000 / 0.000         0.000 / 0.000         0.000 / 0.000       ms
[430.060s][info][gc,stats]    Subphase: Concurrent Mark                               0.000 / 0.000         0.000 / 0.000         0.000 / 0.000         0.000 / 0.000       ms
[430.060s][info][gc,stats]    Subphase: Concurrent Mark Idle                          0.000 / 0.000         0.000 / 0.000         0.000 / 0.000         0.000 / 0.000       ms
[430.060s][info][gc,stats]    Subphase: Concurrent Mark Try Flush                     0.000 / 0.000         0.000 / 0.000         0.000 / 0.000         0.000 / 0.000       ms
[430.060s][info][gc,stats]    Subphase: Concurrent Mark Try Terminate                 0.000 / 0.000         0.000 / 0.000         0.000 / 0.000         0.000 / 0.000       ms
[430.060s][info][gc,stats]    Subphase: Concurrent References Enqueue                 0.000 / 0.000         0.000 / 0.000         0.000 / 0.000         0.000 / 0.000       ms
[430.060s][info][gc,stats]    Subphase: Concurrent References Process                 0.000 / 0.000         0.000 / 0.000         0.000 / 0.000         0.000 / 0.000       ms
[430.060s][info][gc,stats]    Subphase: Concurrent Roots                              0.000 / 0.000         0.000 / 0.000         0.000 / 0.000         0.000 / 0.000       ms
[430.060s][info][gc,stats]    Subphase: Concurrent Roots ClassLoaderDataGraph         0.000 / 0.000         0.000 / 0.000         0.000 / 0.000         0.000 / 0.000       ms
[430.060s][info][gc,stats]    Subphase: Concurrent Roots JNIHandles                   0.000 / 0.000         0.000 / 0.000         0.000 / 0.000         0.000 / 0.000       ms
[430.060s][info][gc,stats]    Subphase: Concurrent Roots Setup                        0.000 / 0.000         0.000 / 0.000         0.000 / 0.000         0.000 / 0.000       ms
[430.060s][info][gc,stats]    Subphase: Concurrent Roots Teardown                     0.000 / 0.000         0.000 / 0.000         0.000 / 0.000         0.000 / 0.000       ms
[430.060s][info][gc,stats]    Subphase: Concurrent Weak Roots                         0.000 / 0.000         0.000 / 0.000         0.000 / 0.000         0.000 / 0.000       ms
[430.060s][info][gc,stats]    Subphase: Concurrent Weak Roots JNIWeakHandles          0.000 / 0.000         0.000 / 0.000         0.000 / 0.000         0.000 / 0.000       ms
[430.060s][info][gc,stats]    Subphase: Concurrent Weak Roots StringTable             0.000 / 0.000         0.000 / 0.000         0.000 / 0.000         0.000 / 0.000       ms
[430.060s][info][gc,stats]    Subphase: Concurrent Weak Roots VMWeakHandles           0.000 / 0.000         0.000 / 0.000         0.000 / 0.000         0.000 / 0.000       ms
[430.060s][info][gc,stats]    Subphase: Pause Mark Try Complete                       0.000 / 0.000         0.000 / 0.000         0.000 / 0.000         0.000 / 0.000       ms
[430.060s][info][gc,stats]    Subphase: Pause Roots                                   0.000 / 0.000         0.000 / 0.000         0.000 / 0.000         0.000 / 0.000       ms
[430.060s][info][gc,stats]    Subphase: Pause Roots CodeCache                         0.000 / 0.000         0.000 / 0.000         0.000 / 0.000         0.000 / 0.000       ms
[430.060s][info][gc,stats]    Subphase: Pause Roots JVMTIExport                       0.000 / 0.000         0.000 / 0.000         0.000 / 0.000         0.000 / 0.000       ms
[430.060s][info][gc,stats]    Subphase: Pause Roots JVMTIWeakExport                   0.000 / 0.000         0.000 / 0.000         0.000 / 0.000         0.000 / 0.000       ms
[430.060s][info][gc,stats]    Subphase: Pause Roots Management                        0.000 / 0.000         0.000 / 0.000         0.000 / 0.000         0.000 / 0.000       ms
[430.060s][info][gc,stats]    Subphase: Pause Roots ObjectSynchronizer                0.000 / 0.000         0.000 / 0.000         0.000 / 0.000         0.000 / 0.000       ms
[430.060s][info][gc,stats]    Subphase: Pause Roots Setup                             0.000 / 0.000         0.000 / 0.000         0.000 / 0.000         0.000 / 0.000       ms
[430.060s][info][gc,stats]    Subphase: Pause Roots SystemDictionary                  0.000 / 0.000         0.000 / 0.000         0.000 / 0.000         0.000 / 0.000       ms
[430.060s][info][gc,stats]    Subphase: Pause Roots Teardown                          0.000 / 0.000         0.000 / 0.000         0.000 / 0.000         0.000 / 0.000       ms
[430.060s][info][gc,stats]    Subphase: Pause Roots Threads                           0.000 / 0.000         0.000 / 0.000         0.000 / 0.000         0.000 / 0.000       ms
[430.060s][info][gc,stats]    Subphase: Pause Roots Universe                          0.000 / 0.000         0.000 / 0.000         0.000 / 0.000         0.000 / 0.000       ms
[430.060s][info][gc,stats]    Subphase: Pause Weak Roots                              0.000 / 0.000         0.000 / 0.000         0.000 / 0.000         0.000 / 0.000       ms
[430.060s][info][gc,stats]    Subphase: Pause Weak Roots JFRWeak                      0.000 / 0.000         0.000 / 0.000         0.000 / 0.000         0.000 / 0.000       ms
[430.060s][info][gc,stats]    Subphase: Pause Weak Roots JVMTIWeakExport              0.000 / 0.000         0.000 / 0.000         0.000 / 0.000         0.000 / 0.000       ms
[430.060s][info][gc,stats]    Subphase: Pause Weak Roots Setup                        0.000 / 0.000         0.000 / 0.000         0.000 / 0.000         0.000 / 0.000       ms
[430.060s][info][gc,stats]    Subphase: Pause Weak Roots Teardown                     0.000 / 0.000         0.000 / 0.000         0.000 / 0.000         0.000 / 0.000       ms
[430.060s][info][gc,stats]      System: Java Threads                                      0 / 0                 0 / 0                 0 / 0                 0 / 0           threads
[430.060s][info][gc,stats] =========================================================================================================================================================
[440.059s][info][gc,stats] === Garbage Collection Statistics =======================================================================================================================
[440.059s][info][gc,stats]                                                              Last 10s              Last 10m              Last 10h                Total
[440.059s][info][gc,stats]                                                              Avg / Max             Avg / Max             Avg / Max             Avg / Max
[440.059s][info][gc,stats]   Collector: Garbage Collection Cycle                      0.000 / 0.000         0.000 / 0.000         0.000 / 0.000         0.000 / 0.000       ms
[440.059s][info][gc,stats]  Contention: Mark Segment Reset Contention                     0 / 0                 0 / 0                 0 / 0                 0 / 0           ops/s
[440.059s][info][gc,stats]  Contention: Mark SeqNum Reset Contention                      0 / 0                 0 / 0                 0 / 0                 0 / 0           ops/s
[440.059s][info][gc,stats]  Contention: Relocation Contention                             0 / 0                 0 / 0                 0 / 0                 0 / 0           ops/s
[440.059s][info][gc,stats]    Critical: Allocation Stall                              0.000 / 0.000         0.000 / 0.000         0.000 / 0.000         0.000 / 0.000       ms
[440.059s][info][gc,stats]    Critical: Allocation Stall                                  0 / 0                 0 / 0                 0 / 0                 0 / 0           ops/s
[440.059s][info][gc,stats]    Critical: GC Locker Stall                               0.000 / 0.000         0.000 / 0.000         0.000 / 0.000         0.000 / 0.000       ms
[440.059s][info][gc,stats]    Critical: GC Locker Stall                                   0 / 0                 0 / 0                 0 / 0                 0 / 0           ops/s
[440.059s][info][gc,stats]      Memory: Allocation Rate                                  31 / 36               13 / 486              13 / 486              13 / 486         MB/s
[440.060s][info][gc,stats]      Memory: Heap Used After Mark                              0 / 0                 0 / 0                 0 / 0                 0 / 0           MB
[440.060s][info][gc,stats]      Memory: Heap Used After Relocation                        0 / 0                 0 / 0                 0 / 0                 0 / 0           MB
[440.060s][info][gc,stats]      Memory: Heap Used Before Mark                             0 / 0                 0 / 0                 0 / 0                 0 / 0           MB
[440.060s][info][gc,stats]      Memory: Heap Used Before Relocation                       0 / 0                 0 / 0                 0 / 0                 0 / 0           MB
[440.060s][info][gc,stats]      Memory: Out Of Memory                                     0 / 0                 0 / 0                 0 / 0                 0 / 0           ops/s
[440.060s][info][gc,stats]      Memory: Page Cache Flush                                  0 / 0                 0 / 0                 0 / 0                 0 / 0           MB/s
[440.060s][info][gc,stats]      Memory: Page Cache Hit L1                                 0 / 0                 0 / 36                0 / 36                0 / 36          ops/s
[440.060s][info][gc,stats]      Memory: Page Cache Hit L2                                 0 / 0                 0 / 30                0 / 30                0 / 30          ops/s
[440.060s][info][gc,stats]      Memory: Page Cache Miss                                  15 / 18                6 / 240               6 / 240               6 / 240         ops/s
[440.060s][info][gc,stats]      Memory: Undo Object Allocation Failed                     0 / 0                 0 / 0                 0 / 0                 0 / 0           ops/s
[440.060s][info][gc,stats]      Memory: Undo Object Allocation Succeeded                  0 / 0                 0 / 0                 0 / 0                 0 / 0           ops/s
[440.060s][info][gc,stats]      Memory: Undo Page Allocation                              0 / 0                 0 / 66                0 / 66                0 / 66          ops/s
[440.060s][info][gc,stats]       Phase: Concurrent Destroy Detached Pages             0.000 / 0.000         0.000 / 0.000         0.000 / 0.000         0.000 / 0.000       ms
[440.060s][info][gc,stats]       Phase: Concurrent Mark                               0.000 / 0.000         0.000 / 0.000         0.000 / 0.000         0.000 / 0.000       ms
[440.060s][info][gc,stats]       Phase: Concurrent Mark Continue                      0.000 / 0.000         0.000 / 0.000         0.000 / 0.000         0.000 / 0.000       ms
[440.060s][info][gc,stats]       Phase: Concurrent Prepare Relocation Set             0.000 / 0.000         0.000 / 0.000         0.000 / 0.000         0.000 / 0.000       ms
[440.060s][info][gc,stats]       Phase: Concurrent Process Non-Strong References      0.000 / 0.000         0.000 / 0.000         0.000 / 0.000         0.000 / 0.000       ms
[440.060s][info][gc,stats]       Phase: Concurrent Relocate                           0.000 / 0.000         0.000 / 0.000         0.000 / 0.000         0.000 / 0.000       ms
[440.060s][info][gc,stats]       Phase: Concurrent Reset Relocation Set               0.000 / 0.000         0.000 / 0.000         0.000 / 0.000         0.000 / 0.000       ms
[440.060s][info][gc,stats]       Phase: Concurrent Select Relocation Set              0.000 / 0.000         0.000 / 0.000         0.000 / 0.000         0.000 / 0.000       ms
[440.060s][info][gc,stats]       Phase: Pause Mark End                                0.000 / 0.000         0.000 / 0.000         0.000 / 0.000         0.000 / 0.000       ms
[440.060s][info][gc,stats]       Phase: Pause Mark Start                              0.000 / 0.000         0.000 / 0.000         0.000 / 0.000         0.000 / 0.000       ms
[440.060s][info][gc,stats]       Phase: Pause Relocate Start                          0.000 / 0.000         0.000 / 0.000         0.000 / 0.000         0.000 / 0.000       ms
[440.060s][info][gc,stats]       Phase: Pause Verify                                  0.000 / 0.000         0.000 / 0.000         0.000 / 0.000         0.000 / 0.000       ms
[440.060s][info][gc,stats]    Subphase: Concurrent Classes Unload                     0.000 / 0.000         0.000 / 0.000         0.000 / 0.000         0.000 / 0.000       ms
[440.060s][info][gc,stats]    Subphase: Concurrent Mark                               0.000 / 0.000         0.000 / 0.000         0.000 / 0.000         0.000 / 0.000       ms
[440.060s][info][gc,stats]    Subphase: Concurrent Mark Idle                          0.000 / 0.000         0.000 / 0.000         0.000 / 0.000         0.000 / 0.000       ms
[440.060s][info][gc,stats]    Subphase: Concurrent Mark Try Flush                     0.000 / 0.000         0.000 / 0.000         0.000 / 0.000         0.000 / 0.000       ms
[440.060s][info][gc,stats]    Subphase: Concurrent Mark Try Terminate                 0.000 / 0.000         0.000 / 0.000         0.000 / 0.000         0.000 / 0.000       ms
[440.060s][info][gc,stats]    Subphase: Concurrent References Enqueue                 0.000 / 0.000         0.000 / 0.000         0.000 / 0.000         0.000 / 0.000       ms
[440.060s][info][gc,stats]    Subphase: Concurrent References Process                 0.000 / 0.000         0.000 / 0.000         0.000 / 0.000         0.000 / 0.000       ms
[440.060s][info][gc,stats]    Subphase: Concurrent Roots                              0.000 / 0.000         0.000 / 0.000         0.000 / 0.000         0.000 / 0.000       ms
[440.060s][info][gc,stats]    Subphase: Concurrent Roots ClassLoaderDataGraph         0.000 / 0.000         0.000 / 0.000         0.000 / 0.000         0.000 / 0.000       ms
[440.060s][info][gc,stats]    Subphase: Concurrent Roots JNIHandles                   0.000 / 0.000         0.000 / 0.000         0.000 / 0.000         0.000 / 0.000       ms
[440.060s][info][gc,stats]    Subphase: Concurrent Roots Setup                        0.000 / 0.000         0.000 / 0.000         0.000 / 0.000         0.000 / 0.000       ms
[440.060s][info][gc,stats]    Subphase: Concurrent Roots Teardown                     0.000 / 0.000         0.000 / 0.000         0.000 / 0.000         0.000 / 0.000       ms
[440.060s][info][gc,stats]    Subphase: Concurrent Weak Roots                         0.000 / 0.000         0.000 / 0.000         0.000 / 0.000         0.000 / 0.000       ms
[440.060s][info][gc,stats]    Subphase: Concurrent Weak Roots JNIWeakHandles          0.000 / 0.000         0.000 / 0.000         0.000 / 0.000         0.000 / 0.000       ms
[440.060s][info][gc,stats]    Subphase: Concurrent Weak Roots StringTable             0.000 / 0.000         0.000 / 0.000         0.000 / 0.000         0.000 / 0.000       ms
[440.060s][info][gc,stats]    Subphase: Concurrent Weak Roots VMWeakHandles           0.000 / 0.000         0.000 / 0.000         0.000 / 0.000         0.000 / 0.000       ms
[440.060s][info][gc,stats]    Subphase: Pause Mark Try Complete                       0.000 / 0.000         0.000 / 0.000         0.000 / 0.000         0.000 / 0.000       ms
[440.060s][info][gc,stats]    Subphase: Pause Roots                                   0.000 / 0.000         0.000 / 0.000         0.000 / 0.000         0.000 / 0.000       ms
[440.060s][info][gc,stats]    Subphase: Pause Roots CodeCache                         0.000 / 0.000         0.000 / 0.000         0.000 / 0.000         0.000 / 0.000       ms
[440.060s][info][gc,stats]    Subphase: Pause Roots JVMTIExport                       0.000 / 0.000         0.000 / 0.000         0.000 / 0.000         0.000 / 0.000       ms
[440.060s][info][gc,stats]    Subphase: Pause Roots JVMTIWeakExport                   0.000 / 0.000         0.000 / 0.000         0.000 / 0.000         0.000 / 0.000       ms
[440.060s][info][gc,stats]    Subphase: Pause Roots Management                        0.000 / 0.000         0.000 / 0.000         0.000 / 0.000         0.000 / 0.000       ms
[440.060s][info][gc,stats]    Subphase: Pause Roots ObjectSynchronizer                0.000 / 0.000         0.000 / 0.000         0.000 / 0.000         0.000 / 0.000       ms
[440.060s][info][gc,stats]    Subphase: Pause Roots Setup                             0.000 / 0.000         0.000 / 0.000         0.000 / 0.000         0.000 / 0.000       ms
[440.060s][info][gc,stats]    Subphase: Pause Roots SystemDictionary                  0.000 / 0.000         0.000 / 0.000         0.000 / 0.000         0.000 / 0.000       ms
[440.060s][info][gc,stats]    Subphase: Pause Roots Teardown                          0.000 / 0.000         0.000 / 0.000         0.000 / 0.000         0.000 / 0.000       ms
[440.060s][info][gc,stats]    Subphase: Pause Roots Threads                           0.000 / 0.000         0.000 / 0.000         0.000 / 0.000         0.000 / 0.000       ms
[440.060s][info][gc,stats]    Subphase: Pause Roots Universe                          0.000 / 0.000         0.000 / 0.000         0.000 / 0.000         0.000 / 0.000       ms
[440.060s][info][gc,stats]    Subphase: Pause Weak Roots                              0.000 / 0.000         0.000 / 0.000         0.000 / 0.000         0.000 / 0.000       ms
[440.060s][info][gc,stats]    Subphase: Pause Weak Roots JFRWeak                      0.000 / 0.000         0.000 / 0.000         0.000 / 0.000         0.000 / 0.000       ms
[440.060s][info][gc,stats]    Subphase: Pause Weak Roots JVMTIWeakExport              0.000 / 0.000         0.000 / 0.000         0.000 / 0.000         0.000 / 0.000       ms
[440.060s][info][gc,stats]    Subphase: Pause Weak Roots Setup                        0.000 / 0.000         0.000 / 0.000         0.000 / 0.000         0.000 / 0.000       ms
[440.060s][info][gc,stats]    Subphase: Pause Weak Roots Teardown                     0.000 / 0.000         0.000 / 0.000         0.000 / 0.000         0.000 / 0.000       ms
[440.060s][info][gc,stats]      System: Java Threads                                      0 / 0                 0 / 0                 0 / 0                 0 / 0           threads
[440.060s][info][gc,stats] =========================================================================================================================================================
[450.060s][info][gc,stats] === Garbage Collection Statistics =======================================================================================================================
[450.060s][info][gc,stats]                                                              Last 10s              Last 10m              Last 10h                Total
[450.060s][info][gc,stats]                                                              Avg / Max             Avg / Max             Avg / Max             Avg / Max
[450.060s][info][gc,stats]   Collector: Garbage Collection Cycle                      0.000 / 0.000         0.000 / 0.000         0.000 / 0.000         0.000 / 0.000       ms
[450.060s][info][gc,stats]  Contention: Mark Segment Reset Contention                     0 / 0                 0 / 0                 0 / 0                 0 / 0           ops/s
[450.060s][info][gc,stats]  Contention: Mark SeqNum Reset Contention                      0 / 0                 0 / 0                 0 / 0                 0 / 0           ops/s
[450.060s][info][gc,stats]  Contention: Relocation Contention                             0 / 0                 0 / 0                 0 / 0                 0 / 0           ops/s
[450.060s][info][gc,stats]    Critical: Allocation Stall                              0.000 / 0.000         0.000 / 0.000         0.000 / 0.000         0.000 / 0.000       ms
[450.060s][info][gc,stats]    Critical: Allocation Stall                                  0 / 0                 0 / 0                 0 / 0                 0 / 0           ops/s
[450.060s][info][gc,stats]    Critical: GC Locker Stall                               0.000 / 0.000         0.000 / 0.000         0.000 / 0.000         0.000 / 0.000       ms
[450.060s][info][gc,stats]    Critical: GC Locker Stall                                   0 / 0                 0 / 0                 0 / 0                 0 / 0           ops/s
[450.060s][info][gc,stats]      Memory: Allocation Rate                                  31 / 36               13 / 486              13 / 486              13 / 486         MB/s
[450.060s][info][gc,stats]      Memory: Heap Used After Mark                              0 / 0                 0 / 0                 0 / 0                 0 / 0           MB
[450.060s][info][gc,stats]      Memory: Heap Used After Relocation                        0 / 0                 0 / 0                 0 / 0                 0 / 0           MB
[450.060s][info][gc,stats]      Memory: Heap Used Before Mark                             0 / 0                 0 / 0                 0 / 0                 0 / 0           MB
[450.060s][info][gc,stats]      Memory: Heap Used Before Relocation                       0 / 0                 0 / 0                 0 / 0                 0 / 0           MB
[450.060s][info][gc,stats]      Memory: Out Of Memory                                     0 / 0                 0 / 0                 0 / 0                 0 / 0           ops/s
[450.060s][info][gc,stats]      Memory: Page Cache Flush                                  0 / 0                 0 / 0                 0 / 0                 0 / 0           MB/s
[450.060s][info][gc,stats]      Memory: Page Cache Hit L1                                 0 / 0                 0 / 36                0 / 36                0 / 36          ops/s
[450.060s][info][gc,stats]      Memory: Page Cache Hit L2                                 0 / 0                 0 / 30                0 / 30                0 / 30          ops/s
[450.060s][info][gc,stats]      Memory: Page Cache Miss                                  15 / 18                6 / 240               6 / 240               6 / 240         ops/s
[450.060s][info][gc,stats]      Memory: Undo Object Allocation Failed                     0 / 0                 0 / 0                 0 / 0                 0 / 0           ops/s
[450.060s][info][gc,stats]      Memory: Undo Object Allocation Succeeded                  0 / 0                 0 / 0                 0 / 0                 0 / 0           ops/s
[450.060s][info][gc,stats]      Memory: Undo Page Allocation                              0 / 0                 0 / 66                0 / 66                0 / 66          ops/s
[450.060s][info][gc,stats]       Phase: Concurrent Destroy Detached Pages             0.000 / 0.000         0.000 / 0.000         0.000 / 0.000         0.000 / 0.000       ms
[450.060s][info][gc,stats]       Phase: Concurrent Mark                               0.000 / 0.000         0.000 / 0.000         0.000 / 0.000         0.000 / 0.000       ms
[450.060s][info][gc,stats]       Phase: Concurrent Mark Continue                      0.000 / 0.000         0.000 / 0.000         0.000 / 0.000         0.000 / 0.000       ms
[450.060s][info][gc,stats]       Phase: Concurrent Prepare Relocation Set             0.000 / 0.000         0.000 / 0.000         0.000 / 0.000         0.000 / 0.000       ms
[450.060s][info][gc,stats]       Phase: Concurrent Process Non-Strong References      0.000 / 0.000         0.000 / 0.000         0.000 / 0.000         0.000 / 0.000       ms
[450.060s][info][gc,stats]       Phase: Concurrent Relocate                           0.000 / 0.000         0.000 / 0.000         0.000 / 0.000         0.000 / 0.000       ms
[450.060s][info][gc,stats]       Phase: Concurrent Reset Relocation Set               0.000 / 0.000         0.000 / 0.000         0.000 / 0.000         0.000 / 0.000       ms
[450.060s][info][gc,stats]       Phase: Concurrent Select Relocation Set              0.000 / 0.000         0.000 / 0.000         0.000 / 0.000         0.000 / 0.000       ms
[450.060s][info][gc,stats]       Phase: Pause Mark End                                0.000 / 0.000         0.000 / 0.000         0.000 / 0.000         0.000 / 0.000       ms
[450.060s][info][gc,stats]       Phase: Pause Mark Start                              0.000 / 0.000         0.000 / 0.000         0.000 / 0.000         0.000 / 0.000       ms
[450.060s][info][gc,stats]       Phase: Pause Relocate Start                          0.000 / 0.000         0.000 / 0.000         0.000 / 0.000         0.000 / 0.000       ms
[450.060s][info][gc,stats]       Phase: Pause Verify                                  0.000 / 0.000         0.000 / 0.000         0.000 / 0.000         0.000 / 0.000       ms
[450.060s][info][gc,stats]    Subphase: Concurrent Classes Unload                     0.000 / 0.000         0.000 / 0.000         0.000 / 0.000         0.000 / 0.000       ms
[450.060s][info][gc,stats]    Subphase: Concurrent Mark                               0.000 / 0.000         0.000 / 0.000         0.000 / 0.000         0.000 / 0.000       ms
[450.060s][info][gc,stats]    Subphase: Concurrent Mark Idle                          0.000 / 0.000         0.000 / 0.000         0.000 / 0.000         0.000 / 0.000       ms
[450.060s][info][gc,stats]    Subphase: Concurrent Mark Try Flush                     0.000 / 0.000         0.000 / 0.000         0.000 / 0.000         0.000 / 0.000       ms
[450.060s][info][gc,stats]    Subphase: Concurrent Mark Try Terminate                 0.000 / 0.000         0.000 / 0.000         0.000 / 0.000         0.000 / 0.000       ms
[450.060s][info][gc,stats]    Subphase: Concurrent References Enqueue                 0.000 / 0.000         0.000 / 0.000         0.000 / 0.000         0.000 / 0.000       ms
[450.060s][info][gc,stats]    Subphase: Concurrent References Process                 0.000 / 0.000         0.000 / 0.000         0.000 / 0.000         0.000 / 0.000       ms
[450.060s][info][gc,stats]    Subphase: Concurrent Roots                              0.000 / 0.000         0.000 / 0.000         0.000 / 0.000         0.000 / 0.000       ms
[450.060s][info][gc,stats]    Subphase: Concurrent Roots ClassLoaderDataGraph         0.000 / 0.000         0.000 / 0.000         0.000 / 0.000         0.000 / 0.000       ms
[450.060s][info][gc,stats]    Subphase: Concurrent Roots JNIHandles                   0.000 / 0.000         0.000 / 0.000         0.000 / 0.000         0.000 / 0.000       ms
[450.060s][info][gc,stats]    Subphase: Concurrent Roots Setup                        0.000 / 0.000         0.000 / 0.000         0.000 / 0.000         0.000 / 0.000       ms
[450.060s][info][gc,stats]    Subphase: Concurrent Roots Teardown                     0.000 / 0.000         0.000 / 0.000         0.000 / 0.000         0.000 / 0.000       ms
[450.060s][info][gc,stats]    Subphase: Concurrent Weak Roots                         0.000 / 0.000         0.000 / 0.000         0.000 / 0.000         0.000 / 0.000       ms
[450.060s][info][gc,stats]    Subphase: Concurrent Weak Roots JNIWeakHandles          0.000 / 0.000         0.000 / 0.000         0.000 / 0.000         0.000 / 0.000       ms
[450.060s][info][gc,stats]    Subphase: Concurrent Weak Roots StringTable             0.000 / 0.000         0.000 / 0.000         0.000 / 0.000         0.000 / 0.000       ms
[450.060s][info][gc,stats]    Subphase: Concurrent Weak Roots VMWeakHandles           0.000 / 0.000         0.000 / 0.000         0.000 / 0.000         0.000 / 0.000       ms
[450.060s][info][gc,stats]    Subphase: Pause Mark Try Complete                       0.000 / 0.000         0.000 / 0.000         0.000 / 0.000         0.000 / 0.000       ms
[450.060s][info][gc,stats]    Subphase: Pause Roots                                   0.000 / 0.000         0.000 / 0.000         0.000 / 0.000         0.000 / 0.000       ms
[450.060s][info][gc,stats]    Subphase: Pause Roots CodeCache                         0.000 / 0.000         0.000 / 0.000         0.000 / 0.000         0.000 / 0.000       ms
[450.060s][info][gc,stats]    Subphase: Pause Roots JVMTIExport                       0.000 / 0.000         0.000 / 0.000         0.000 / 0.000         0.000 / 0.000       ms
[450.060s][info][gc,stats]    Subphase: Pause Roots JVMTIWeakExport                   0.000 / 0.000         0.000 / 0.000         0.000 / 0.000         0.000 / 0.000       ms
[450.060s][info][gc,stats]    Subphase: Pause Roots Management                        0.000 / 0.000         0.000 / 0.000         0.000 / 0.000         0.000 / 0.000       ms
[450.060s][info][gc,stats]    Subphase: Pause Roots ObjectSynchronizer                0.000 / 0.000         0.000 / 0.000         0.000 / 0.000         0.000 / 0.000       ms
[450.060s][info][gc,stats]    Subphase: Pause Roots Setup                             0.000 / 0.000         0.000 / 0.000         0.000 / 0.000         0.000 / 0.000       ms
[450.060s][info][gc,stats]    Subphase: Pause Roots SystemDictionary                  0.000 / 0.000         0.000 / 0.000         0.000 / 0.000         0.000 / 0.000       ms
[450.060s][info][gc,stats]    Subphase: Pause Roots Teardown                          0.000 / 0.000         0.000 / 0.000         0.000 / 0.000         0.000 / 0.000       ms
[450.060s][info][gc,stats]    Subphase: Pause Roots Threads                           0.000 / 0.000         0.000 / 0.000         0.000 / 0.000         0.000 / 0.000       ms
[450.060s][info][gc,stats]    Subphase: Pause Roots Universe                          0.000 / 0.000         0.000 / 0.000         0.000 / 0.000         0.000 / 0.000       ms
[450.060s][info][gc,stats]    Subphase: Pause Weak Roots                              0.000 / 0.000         0.000 / 0.000         0.000 / 0.000         0.000 / 0.000       ms
[450.060s][info][gc,stats]    Subphase: Pause Weak Roots JFRWeak                      0.000 / 0.000         0.000 / 0.000         0.000 / 0.000         0.000 / 0.000       ms
[450.060s][info][gc,stats]    Subphase: Pause Weak Roots JVMTIWeakExport              0.000 / 0.000         0.000 / 0.000         0.000 / 0.000         0.000 / 0.000       ms
[450.060s][info][gc,stats]    Subphase: Pause Weak Roots Setup                        0.000 / 0.000         0.000 / 0.000         0.000 / 0.000         0.000 / 0.000       ms
[450.060s][info][gc,stats]    Subphase: Pause Weak Roots Teardown                     0.000 / 0.000         0.000 / 0.000         0.000 / 0.000         0.000 / 0.000       ms
[450.060s][info][gc,stats]      System: Java Threads                                      0 / 0                 0 / 0                 0 / 0                 0 / 0           threads
[450.060s][info][gc,stats] =========================================================================================================================================================
[460.060s][info][gc,stats] === Garbage Collection Statistics =======================================================================================================================
[460.060s][info][gc,stats]                                                              Last 10s              Last 10m              Last 10h                Total
[460.060s][info][gc,stats]                                                              Avg / Max             Avg / Max             Avg / Max             Avg / Max
[460.060s][info][gc,stats]   Collector: Garbage Collection Cycle                      0.000 / 0.000         0.000 / 0.000         0.000 / 0.000         0.000 / 0.000       ms
[460.060s][info][gc,stats]  Contention: Mark Segment Reset Contention                     0 / 0                 0 / 0                 0 / 0                 0 / 0           ops/s
[460.060s][info][gc,stats]  Contention: Mark SeqNum Reset Contention                      0 / 0                 0 / 0                 0 / 0                 0 / 0           ops/s
[460.060s][info][gc,stats]  Contention: Relocation Contention                             0 / 0                 0 / 0                 0 / 0                 0 / 0           ops/s
[460.060s][info][gc,stats]    Critical: Allocation Stall                              0.000 / 0.000         0.000 / 0.000         0.000 / 0.000         0.000 / 0.000       ms
[460.060s][info][gc,stats]    Critical: Allocation Stall                                  0 / 0                 0 / 0                 0 / 0                 0 / 0           ops/s
[460.060s][info][gc,stats]    Critical: GC Locker Stall                               0.000 / 0.000         0.000 / 0.000         0.000 / 0.000         0.000 / 0.000       ms
[460.060s][info][gc,stats]    Critical: GC Locker Stall                                   0 / 0                 0 / 0                 0 / 0                 0 / 0           ops/s
[460.060s][info][gc,stats]      Memory: Allocation Rate                                  31 / 34               13 / 486              13 / 486              13 / 486         MB/s
[460.060s][info][gc,stats]      Memory: Heap Used After Mark                              0 / 0                 0 / 0                 0 / 0                 0 / 0           MB
[460.060s][info][gc,stats]      Memory: Heap Used After Relocation                        0 / 0                 0 / 0                 0 / 0                 0 / 0           MB
[460.060s][info][gc,stats]      Memory: Heap Used Before Mark                             0 / 0                 0 / 0                 0 / 0                 0 / 0           MB
[460.060s][info][gc,stats]      Memory: Heap Used Before Relocation                       0 / 0                 0 / 0                 0 / 0                 0 / 0           MB
[460.060s][info][gc,stats]      Memory: Out Of Memory                                     0 / 0                 0 / 0                 0 / 0                 0 / 0           ops/s
[460.060s][info][gc,stats]      Memory: Page Cache Flush                                  0 / 0                 0 / 0                 0 / 0                 0 / 0           MB/s
[460.060s][info][gc,stats]      Memory: Page Cache Hit L1                                 0 / 0                 0 / 36                0 / 36                0 / 36          ops/s
[460.060s][info][gc,stats]      Memory: Page Cache Hit L2                                 0 / 0                 0 / 30                0 / 30                0 / 30          ops/s
[460.060s][info][gc,stats]      Memory: Page Cache Miss                                  15 / 17                6 / 240               6 / 240               6 / 240         ops/s
[460.060s][info][gc,stats]      Memory: Undo Object Allocation Failed                     0 / 0                 0 / 0                 0 / 0                 0 / 0           ops/s
[460.060s][info][gc,stats]      Memory: Undo Object Allocation Succeeded                  0 / 0                 0 / 0                 0 / 0                 0 / 0           ops/s
[460.060s][info][gc,stats]      Memory: Undo Page Allocation                              0 / 0                 0 / 66                0 / 66                0 / 66          ops/s
[460.060s][info][gc,stats]       Phase: Concurrent Destroy Detached Pages             0.000 / 0.000         0.000 / 0.000         0.000 / 0.000         0.000 / 0.000       ms
[460.060s][info][gc,stats]       Phase: Concurrent Mark                               0.000 / 0.000         0.000 / 0.000         0.000 / 0.000         0.000 / 0.000       ms
[460.060s][info][gc,stats]       Phase: Concurrent Mark Continue                      0.000 / 0.000         0.000 / 0.000         0.000 / 0.000         0.000 / 0.000       ms
[460.060s][info][gc,stats]       Phase: Concurrent Prepare Relocation Set             0.000 / 0.000         0.000 / 0.000         0.000 / 0.000         0.000 / 0.000       ms
[460.060s][info][gc,stats]       Phase: Concurrent Process Non-Strong References      0.000 / 0.000         0.000 / 0.000         0.000 / 0.000         0.000 / 0.000       ms
[460.060s][info][gc,stats]       Phase: Concurrent Relocate                           0.000 / 0.000         0.000 / 0.000         0.000 / 0.000         0.000 / 0.000       ms
[460.060s][info][gc,stats]       Phase: Concurrent Reset Relocation Set               0.000 / 0.000         0.000 / 0.000         0.000 / 0.000         0.000 / 0.000       ms
[460.060s][info][gc,stats]       Phase: Concurrent Select Relocation Set              0.000 / 0.000         0.000 / 0.000         0.000 / 0.000         0.000 / 0.000       ms
[460.060s][info][gc,stats]       Phase: Pause Mark End                                0.000 / 0.000         0.000 / 0.000         0.000 / 0.000         0.000 / 0.000       ms
[460.060s][info][gc,stats]       Phase: Pause Mark Start                              0.000 / 0.000         0.000 / 0.000         0.000 / 0.000         0.000 / 0.000       ms
[460.060s][info][gc,stats]       Phase: Pause Relocate Start                          0.000 / 0.000         0.000 / 0.000         0.000 / 0.000         0.000 / 0.000       ms
[460.060s][info][gc,stats]       Phase: Pause Verify                                  0.000 / 0.000         0.000 / 0.000         0.000 / 0.000         0.000 / 0.000       ms
[460.060s][info][gc,stats]    Subphase: Concurrent Classes Unload                     0.000 / 0.000         0.000 / 0.000         0.000 / 0.000         0.000 / 0.000       ms
[460.060s][info][gc,stats]    Subphase: Concurrent Mark                               0.000 / 0.000         0.000 / 0.000         0.000 / 0.000         0.000 / 0.000       ms
[460.060s][info][gc,stats]    Subphase: Concurrent Mark Idle                          0.000 / 0.000         0.000 / 0.000         0.000 / 0.000         0.000 / 0.000       ms
[460.060s][info][gc,stats]    Subphase: Concurrent Mark Try Flush                     0.000 / 0.000         0.000 / 0.000         0.000 / 0.000         0.000 / 0.000       ms
[460.060s][info][gc,stats]    Subphase: Concurrent Mark Try Terminate                 0.000 / 0.000         0.000 / 0.000         0.000 / 0.000         0.000 / 0.000       ms
[460.060s][info][gc,stats]    Subphase: Concurrent References Enqueue                 0.000 / 0.000         0.000 / 0.000         0.000 / 0.000         0.000 / 0.000       ms
[460.060s][info][gc,stats]    Subphase: Concurrent References Process                 0.000 / 0.000         0.000 / 0.000         0.000 / 0.000         0.000 / 0.000       ms
[460.060s][info][gc,stats]    Subphase: Concurrent Roots                              0.000 / 0.000         0.000 / 0.000         0.000 / 0.000         0.000 / 0.000       ms
[460.060s][info][gc,stats]    Subphase: Concurrent Roots ClassLoaderDataGraph         0.000 / 0.000         0.000 / 0.000         0.000 / 0.000         0.000 / 0.000       ms
[460.060s][info][gc,stats]    Subphase: Concurrent Roots JNIHandles                   0.000 / 0.000         0.000 / 0.000         0.000 / 0.000         0.000 / 0.000       ms
[460.060s][info][gc,stats]    Subphase: Concurrent Roots Setup                        0.000 / 0.000         0.000 / 0.000         0.000 / 0.000         0.000 / 0.000       ms
[460.060s][info][gc,stats]    Subphase: Concurrent Roots Teardown                     0.000 / 0.000         0.000 / 0.000         0.000 / 0.000         0.000 / 0.000       ms
[460.060s][info][gc,stats]    Subphase: Concurrent Weak Roots                         0.000 / 0.000         0.000 / 0.000         0.000 / 0.000         0.000 / 0.000       ms
[460.060s][info][gc,stats]    Subphase: Concurrent Weak Roots JNIWeakHandles          0.000 / 0.000         0.000 / 0.000         0.000 / 0.000         0.000 / 0.000       ms
[460.060s][info][gc,stats]    Subphase: Concurrent Weak Roots StringTable             0.000 / 0.000         0.000 / 0.000         0.000 / 0.000         0.000 / 0.000       ms
[460.060s][info][gc,stats]    Subphase: Concurrent Weak Roots VMWeakHandles           0.000 / 0.000         0.000 / 0.000         0.000 / 0.000         0.000 / 0.000       ms
[460.060s][info][gc,stats]    Subphase: Pause Mark Try Complete                       0.000 / 0.000         0.000 / 0.000         0.000 / 0.000         0.000 / 0.000       ms
[460.060s][info][gc,stats]    Subphase: Pause Roots                                   0.000 / 0.000         0.000 / 0.000         0.000 / 0.000         0.000 / 0.000       ms
[460.060s][info][gc,stats]    Subphase: Pause Roots CodeCache                         0.000 / 0.000         0.000 / 0.000         0.000 / 0.000         0.000 / 0.000       ms
[460.060s][info][gc,stats]    Subphase: Pause Roots JVMTIExport                       0.000 / 0.000         0.000 / 0.000         0.000 / 0.000         0.000 / 0.000       ms
[460.060s][info][gc,stats]    Subphase: Pause Roots JVMTIWeakExport                   0.000 / 0.000         0.000 / 0.000         0.000 / 0.000         0.000 / 0.000       ms
[460.060s][info][gc,stats]    Subphase: Pause Roots Management                        0.000 / 0.000         0.000 / 0.000         0.000 / 0.000         0.000 / 0.000       ms
[460.060s][info][gc,stats]    Subphase: Pause Roots ObjectSynchronizer                0.000 / 0.000         0.000 / 0.000         0.000 / 0.000         0.000 / 0.000       ms
[460.060s][info][gc,stats]    Subphase: Pause Roots Setup                             0.000 / 0.000         0.000 / 0.000         0.000 / 0.000         0.000 / 0.000       ms
[460.060s][info][gc,stats]    Subphase: Pause Roots SystemDictionary                  0.000 / 0.000         0.000 / 0.000         0.000 / 0.000         0.000 / 0.000       ms
[460.060s][info][gc,stats]    Subphase: Pause Roots Teardown                          0.000 / 0.000         0.000 / 0.000         0.000 / 0.000         0.000 / 0.000       ms
[460.060s][info][gc,stats]    Subphase: Pause Roots Threads                           0.000 / 0.000         0.000 / 0.000         0.000 / 0.000         0.000 / 0.000       ms
[460.060s][info][gc,stats]    Subphase: Pause Roots Universe                          0.000 / 0.000         0.000 / 0.000         0.000 / 0.000         0.000 / 0.000       ms
[460.060s][info][gc,stats]    Subphase: Pause Weak Roots                              0.000 / 0.000         0.000 / 0.000         0.000 / 0.000         0.000 / 0.000       ms
[460.060s][info][gc,stats]    Subphase: Pause Weak Roots JFRWeak                      0.000 / 0.000         0.000 / 0.000         0.000 / 0.000         0.000 / 0.000       ms
[460.060s][info][gc,stats]    Subphase: Pause Weak Roots JVMTIWeakExport              0.000 / 0.000         0.000 / 0.000         0.000 / 0.000         0.000 / 0.000       ms
[460.060s][info][gc,stats]    Subphase: Pause Weak Roots Setup                        0.000 / 0.000         0.000 / 0.000         0.000 / 0.000         0.000 / 0.000       ms
[460.060s][info][gc,stats]    Subphase: Pause Weak Roots Teardown                     0.000 / 0.000         0.000 / 0.000         0.000 / 0.000         0.000 / 0.000       ms
[460.060s][info][gc,stats]      System: Java Threads                                      0 / 0                 0 / 0                 0 / 0                 0 / 0           threads
[460.060s][info][gc,stats] =========================================================================================================================================================
[470.060s][info][gc,stats] === Garbage Collection Statistics =======================================================================================================================
[470.060s][info][gc,stats]                                                              Last 10s              Last 10m              Last 10h                Total
[470.060s][info][gc,stats]                                                              Avg / Max             Avg / Max             Avg / Max             Avg / Max
[470.060s][info][gc,stats]   Collector: Garbage Collection Cycle                      0.000 / 0.000         0.000 / 0.000         0.000 / 0.000         0.000 / 0.000       ms
[470.060s][info][gc,stats]  Contention: Mark Segment Reset Contention                     0 / 0                 0 / 0                 0 / 0                 0 / 0           ops/s
[470.060s][info][gc,stats]  Contention: Mark SeqNum Reset Contention                      0 / 0                 0 / 0                 0 / 0                 0 / 0           ops/s
[470.060s][info][gc,stats]  Contention: Relocation Contention                             0 / 0                 0 / 0                 0 / 0                 0 / 0           ops/s
[470.060s][info][gc,stats]    Critical: Allocation Stall                              0.000 / 0.000         0.000 / 0.000         0.000 / 0.000         0.000 / 0.000       ms
[470.060s][info][gc,stats]    Critical: Allocation Stall                                  0 / 0                 0 / 0                 0 / 0                 0 / 0           ops/s
[470.060s][info][gc,stats]    Critical: GC Locker Stall                               0.000 / 0.000         0.000 / 0.000         0.000 / 0.000         0.000 / 0.000       ms
[470.060s][info][gc,stats]    Critical: GC Locker Stall                                   0 / 0                 0 / 0                 0 / 0                 0 / 0           ops/s
[470.060s][info][gc,stats]      Memory: Allocation Rate                                  31 / 34               14 / 486              14 / 486              14 / 486         MB/s
[470.060s][info][gc,stats]      Memory: Heap Used After Mark                              0 / 0                 0 / 0                 0 / 0                 0 / 0           MB
[470.060s][info][gc,stats]      Memory: Heap Used After Relocation                        0 / 0                 0 / 0                 0 / 0                 0 / 0           MB
[470.060s][info][gc,stats]      Memory: Heap Used Before Mark                             0 / 0                 0 / 0                 0 / 0                 0 / 0           MB
[470.060s][info][gc,stats]      Memory: Heap Used Before Relocation                       0 / 0                 0 / 0                 0 / 0                 0 / 0           MB
[470.060s][info][gc,stats]      Memory: Out Of Memory                                     0 / 0                 0 / 0                 0 / 0                 0 / 0           ops/s
[470.060s][info][gc,stats]      Memory: Page Cache Flush                                  0 / 0                 0 / 0                 0 / 0                 0 / 0           MB/s
[470.060s][info][gc,stats]      Memory: Page Cache Hit L1                                 0 / 0                 0 / 36                0 / 36                0 / 36          ops/s
[470.060s][info][gc,stats]      Memory: Page Cache Hit L2                                 0 / 0                 0 / 30                0 / 30                0 / 30          ops/s
[470.060s][info][gc,stats]      Memory: Page Cache Miss                                  15 / 17                6 / 240               6 / 240               6 / 240         ops/s
[470.060s][info][gc,stats]      Memory: Undo Object Allocation Failed                     0 / 0                 0 / 0                 0 / 0                 0 / 0           ops/s
[470.060s][info][gc,stats]      Memory: Undo Object Allocation Succeeded                  0 / 0                 0 / 0                 0 / 0                 0 / 0           ops/s
[470.060s][info][gc,stats]      Memory: Undo Page Allocation                              0 / 0                 0 / 66                0 / 66                0 / 66          ops/s
[470.060s][info][gc,stats]       Phase: Concurrent Destroy Detached Pages             0.000 / 0.000         0.000 / 0.000         0.000 / 0.000         0.000 / 0.000       ms
[470.060s][info][gc,stats]       Phase: Concurrent Mark                               0.000 / 0.000         0.000 / 0.000         0.000 / 0.000         0.000 / 0.000       ms
[470.060s][info][gc,stats]       Phase: Concurrent Mark Continue                      0.000 / 0.000         0.000 / 0.000         0.000 / 0.000         0.000 / 0.000       ms
[470.060s][info][gc,stats]       Phase: Concurrent Prepare Relocation Set             0.000 / 0.000         0.000 / 0.000         0.000 / 0.000         0.000 / 0.000       ms
[470.060s][info][gc,stats]       Phase: Concurrent Process Non-Strong References      0.000 / 0.000         0.000 / 0.000         0.000 / 0.000         0.000 / 0.000       ms
[470.060s][info][gc,stats]       Phase: Concurrent Relocate                           0.000 / 0.000         0.000 / 0.000         0.000 / 0.000         0.000 / 0.000       ms
[470.060s][info][gc,stats]       Phase: Concurrent Reset Relocation Set               0.000 / 0.000         0.000 / 0.000         0.000 / 0.000         0.000 / 0.000       ms
[470.060s][info][gc,stats]       Phase: Concurrent Select Relocation Set              0.000 / 0.000         0.000 / 0.000         0.000 / 0.000         0.000 / 0.000       ms
[470.060s][info][gc,stats]       Phase: Pause Mark End                                0.000 / 0.000         0.000 / 0.000         0.000 / 0.000         0.000 / 0.000       ms
[470.060s][info][gc,stats]       Phase: Pause Mark Start                              0.000 / 0.000         0.000 / 0.000         0.000 / 0.000         0.000 / 0.000       ms
[470.060s][info][gc,stats]       Phase: Pause Relocate Start                          0.000 / 0.000         0.000 / 0.000         0.000 / 0.000         0.000 / 0.000       ms
[470.060s][info][gc,stats]       Phase: Pause Verify                                  0.000 / 0.000         0.000 / 0.000         0.000 / 0.000         0.000 / 0.000       ms
[470.060s][info][gc,stats]    Subphase: Concurrent Classes Unload                     0.000 / 0.000         0.000 / 0.000         0.000 / 0.000         0.000 / 0.000       ms
[470.060s][info][gc,stats]    Subphase: Concurrent Mark                               0.000 / 0.000         0.000 / 0.000         0.000 / 0.000         0.000 / 0.000       ms
[470.060s][info][gc,stats]    Subphase: Concurrent Mark Idle                          0.000 / 0.000         0.000 / 0.000         0.000 / 0.000         0.000 / 0.000       ms
[470.060s][info][gc,stats]    Subphase: Concurrent Mark Try Flush                     0.000 / 0.000         0.000 / 0.000         0.000 / 0.000         0.000 / 0.000       ms
[470.060s][info][gc,stats]    Subphase: Concurrent Mark Try Terminate                 0.000 / 0.000         0.000 / 0.000         0.000 / 0.000         0.000 / 0.000       ms
[470.060s][info][gc,stats]    Subphase: Concurrent References Enqueue                 0.000 / 0.000         0.000 / 0.000         0.000 / 0.000         0.000 / 0.000       ms
[470.060s][info][gc,stats]    Subphase: Concurrent References Process                 0.000 / 0.000         0.000 / 0.000         0.000 / 0.000         0.000 / 0.000       ms
[470.060s][info][gc,stats]    Subphase: Concurrent Roots                              0.000 / 0.000         0.000 / 0.000         0.000 / 0.000         0.000 / 0.000       ms
[470.060s][info][gc,stats]    Subphase: Concurrent Roots ClassLoaderDataGraph         0.000 / 0.000         0.000 / 0.000         0.000 / 0.000         0.000 / 0.000       ms
[470.060s][info][gc,stats]    Subphase: Concurrent Roots JNIHandles                   0.000 / 0.000         0.000 / 0.000         0.000 / 0.000         0.000 / 0.000       ms
[470.060s][info][gc,stats]    Subphase: Concurrent Roots Setup                        0.000 / 0.000         0.000 / 0.000         0.000 / 0.000         0.000 / 0.000       ms
[470.060s][info][gc,stats]    Subphase: Concurrent Roots Teardown                     0.000 / 0.000         0.000 / 0.000         0.000 / 0.000         0.000 / 0.000       ms
[470.060s][info][gc,stats]    Subphase: Concurrent Weak Roots                         0.000 / 0.000         0.000 / 0.000         0.000 / 0.000         0.000 / 0.000       ms
[470.060s][info][gc,stats]    Subphase: Concurrent Weak Roots JNIWeakHandles          0.000 / 0.000         0.000 / 0.000         0.000 / 0.000         0.000 / 0.000       ms
[470.060s][info][gc,stats]    Subphase: Concurrent Weak Roots StringTable             0.000 / 0.000         0.000 / 0.000         0.000 / 0.000         0.000 / 0.000       ms
[470.060s][info][gc,stats]    Subphase: Concurrent Weak Roots VMWeakHandles           0.000 / 0.000         0.000 / 0.000         0.000 / 0.000         0.000 / 0.000       ms
[470.060s][info][gc,stats]    Subphase: Pause Mark Try Complete                       0.000 / 0.000         0.000 / 0.000         0.000 / 0.000         0.000 / 0.000       ms
[470.060s][info][gc,stats]    Subphase: Pause Roots                                   0.000 / 0.000         0.000 / 0.000         0.000 / 0.000         0.000 / 0.000       ms
[470.060s][info][gc,stats]    Subphase: Pause Roots CodeCache                         0.000 / 0.000         0.000 / 0.000         0.000 / 0.000         0.000 / 0.000       ms
[470.060s][info][gc,stats]    Subphase: Pause Roots JVMTIExport                       0.000 / 0.000         0.000 / 0.000         0.000 / 0.000         0.000 / 0.000       ms
[470.060s][info][gc,stats]    Subphase: Pause Roots JVMTIWeakExport                   0.000 / 0.000         0.000 / 0.000         0.000 / 0.000         0.000 / 0.000       ms
[470.060s][info][gc,stats]    Subphase: Pause Roots Management                        0.000 / 0.000         0.000 / 0.000         0.000 / 0.000         0.000 / 0.000       ms
[470.060s][info][gc,stats]    Subphase: Pause Roots ObjectSynchronizer                0.000 / 0.000         0.000 / 0.000         0.000 / 0.000         0.000 / 0.000       ms
[470.061s][info][gc,stats]    Subphase: Pause Roots Setup                             0.000 / 0.000         0.000 / 0.000         0.000 / 0.000         0.000 / 0.000       ms
[470.061s][info][gc,stats]    Subphase: Pause Roots SystemDictionary                  0.000 / 0.000         0.000 / 0.000         0.000 / 0.000         0.000 / 0.000       ms
[470.061s][info][gc,stats]    Subphase: Pause Roots Teardown                          0.000 / 0.000         0.000 / 0.000         0.000 / 0.000         0.000 / 0.000       ms
[470.061s][info][gc,stats]    Subphase: Pause Roots Threads                           0.000 / 0.000         0.000 / 0.000         0.000 / 0.000         0.000 / 0.000       ms
[470.061s][info][gc,stats]    Subphase: Pause Roots Universe                          0.000 / 0.000         0.000 / 0.000         0.000 / 0.000         0.000 / 0.000       ms
[470.061s][info][gc,stats]    Subphase: Pause Weak Roots                              0.000 / 0.000         0.000 / 0.000         0.000 / 0.000         0.000 / 0.000       ms
[470.061s][info][gc,stats]    Subphase: Pause Weak Roots JFRWeak                      0.000 / 0.000         0.000 / 0.000         0.000 / 0.000         0.000 / 0.000       ms
[470.061s][info][gc,stats]    Subphase: Pause Weak Roots JVMTIWeakExport              0.000 / 0.000         0.000 / 0.000         0.000 / 0.000         0.000 / 0.000       ms
[470.061s][info][gc,stats]    Subphase: Pause Weak Roots Setup                        0.000 / 0.000         0.000 / 0.000         0.000 / 0.000         0.000 / 0.000       ms
[470.061s][info][gc,stats]    Subphase: Pause Weak Roots Teardown                     0.000 / 0.000         0.000 / 0.000         0.000 / 0.000         0.000 / 0.000       ms
[470.061s][info][gc,stats]      System: Java Threads                                      0 / 0                 0 / 0                 0 / 0                 0 / 0           threads
[470.061s][info][gc,stats] =========================================================================================================================================================
[480.060s][info][gc,stats] === Garbage Collection Statistics =======================================================================================================================
[480.060s][info][gc,stats]                                                              Last 10s              Last 10m              Last 10h                Total
[480.060s][info][gc,stats]                                                              Avg / Max             Avg / Max             Avg / Max             Avg / Max
[480.060s][info][gc,stats]   Collector: Garbage Collection Cycle                      0.000 / 0.000         0.000 / 0.000         0.000 / 0.000         0.000 / 0.000       ms
[480.060s][info][gc,stats]  Contention: Mark Segment Reset Contention                     0 / 0                 0 / 0                 0 / 0                 0 / 0           ops/s
[480.060s][info][gc,stats]  Contention: Mark SeqNum Reset Contention                      0 / 0                 0 / 0                 0 / 0                 0 / 0           ops/s
[480.060s][info][gc,stats]  Contention: Relocation Contention                             0 / 0                 0 / 0                 0 / 0                 0 / 0           ops/s
[480.060s][info][gc,stats]    Critical: Allocation Stall                              0.000 / 0.000         0.000 / 0.000         0.000 / 0.000         0.000 / 0.000       ms
[480.060s][info][gc,stats]    Critical: Allocation Stall                                  0 / 0                 0 / 0                 0 / 0                 0 / 0           ops/s
[480.060s][info][gc,stats]    Critical: GC Locker Stall                               0.000 / 0.000         0.000 / 0.000         0.000 / 0.000         0.000 / 0.000       ms
[480.060s][info][gc,stats]    Critical: GC Locker Stall                                   0 / 0                 0 / 0                 0 / 0                 0 / 0           ops/s
[480.060s][info][gc,stats]      Memory: Allocation Rate                                  31 / 36               14 / 486              14 / 486              14 / 486         MB/s
[480.060s][info][gc,stats]      Memory: Heap Used After Mark                              0 / 0                 0 / 0                 0 / 0                 0 / 0           MB
[480.060s][info][gc,stats]      Memory: Heap Used After Relocation                        0 / 0                 0 / 0                 0 / 0                 0 / 0           MB
[480.060s][info][gc,stats]      Memory: Heap Used Before Mark                             0 / 0                 0 / 0                 0 / 0                 0 / 0           MB
[480.060s][info][gc,stats]      Memory: Heap Used Before Relocation                       0 / 0                 0 / 0                 0 / 0                 0 / 0           MB
[480.060s][info][gc,stats]      Memory: Out Of Memory                                     0 / 0                 0 / 0                 0 / 0                 0 / 0           ops/s
[480.060s][info][gc,stats]      Memory: Page Cache Flush                                  0 / 0                 0 / 0                 0 / 0                 0 / 0           MB/s
[480.060s][info][gc,stats]      Memory: Page Cache Hit L1                                 0 / 0                 0 / 36                0 / 36                0 / 36          ops/s
[480.060s][info][gc,stats]      Memory: Page Cache Hit L2                                 0 / 0                 0 / 30                0 / 30                0 / 30          ops/s
[480.060s][info][gc,stats]      Memory: Page Cache Miss                                  15 / 18                7 / 240               7 / 240               7 / 240         ops/s
[480.060s][info][gc,stats]      Memory: Undo Object Allocation Failed                     0 / 0                 0 / 0                 0 / 0                 0 / 0           ops/s
[480.060s][info][gc,stats]      Memory: Undo Object Allocation Succeeded                  0 / 0                 0 / 0                 0 / 0                 0 / 0           ops/s
[480.060s][info][gc,stats]      Memory: Undo Page Allocation                              0 / 0                 0 / 66                0 / 66                0 / 66          ops/s
[480.060s][info][gc,stats]       Phase: Concurrent Destroy Detached Pages             0.000 / 0.000         0.000 / 0.000         0.000 / 0.000         0.000 / 0.000       ms
[480.060s][info][gc,stats]       Phase: Concurrent Mark                               0.000 / 0.000         0.000 / 0.000         0.000 / 0.000         0.000 / 0.000       ms
[480.060s][info][gc,stats]       Phase: Concurrent Mark Continue                      0.000 / 0.000         0.000 / 0.000         0.000 / 0.000         0.000 / 0.000       ms
[480.060s][info][gc,stats]       Phase: Concurrent Prepare Relocation Set             0.000 / 0.000         0.000 / 0.000         0.000 / 0.000         0.000 / 0.000       ms
[480.060s][info][gc,stats]       Phase: Concurrent Process Non-Strong References      0.000 / 0.000         0.000 / 0.000         0.000 / 0.000         0.000 / 0.000       ms
[480.060s][info][gc,stats]       Phase: Concurrent Relocate                           0.000 / 0.000         0.000 / 0.000         0.000 / 0.000         0.000 / 0.000       ms
[480.060s][info][gc,stats]       Phase: Concurrent Reset Relocation Set               0.000 / 0.000         0.000 / 0.000         0.000 / 0.000         0.000 / 0.000       ms
[480.060s][info][gc,stats]       Phase: Concurrent Select Relocation Set              0.000 / 0.000         0.000 / 0.000         0.000 / 0.000         0.000 / 0.000       ms
[480.060s][info][gc,stats]       Phase: Pause Mark End                                0.000 / 0.000         0.000 / 0.000         0.000 / 0.000         0.000 / 0.000       ms
[480.060s][info][gc,stats]       Phase: Pause Mark Start                              0.000 / 0.000         0.000 / 0.000         0.000 / 0.000         0.000 / 0.000       ms
[480.060s][info][gc,stats]       Phase: Pause Relocate Start                          0.000 / 0.000         0.000 / 0.000         0.000 / 0.000         0.000 / 0.000       ms
[480.060s][info][gc,stats]       Phase: Pause Verify                                  0.000 / 0.000         0.000 / 0.000         0.000 / 0.000         0.000 / 0.000       ms
[480.060s][info][gc,stats]    Subphase: Concurrent Classes Unload                     0.000 / 0.000         0.000 / 0.000         0.000 / 0.000         0.000 / 0.000       ms
[480.060s][info][gc,stats]    Subphase: Concurrent Mark                               0.000 / 0.000         0.000 / 0.000         0.000 / 0.000         0.000 / 0.000       ms
[480.060s][info][gc,stats]    Subphase: Concurrent Mark Idle                          0.000 / 0.000         0.000 / 0.000         0.000 / 0.000         0.000 / 0.000       ms
[480.060s][info][gc,stats]    Subphase: Concurrent Mark Try Flush                     0.000 / 0.000         0.000 / 0.000         0.000 / 0.000         0.000 / 0.000       ms
[480.060s][info][gc,stats]    Subphase: Concurrent Mark Try Terminate                 0.000 / 0.000         0.000 / 0.000         0.000 / 0.000         0.000 / 0.000       ms
[480.060s][info][gc,stats]    Subphase: Concurrent References Enqueue                 0.000 / 0.000         0.000 / 0.000         0.000 / 0.000         0.000 / 0.000       ms
[480.060s][info][gc,stats]    Subphase: Concurrent References Process                 0.000 / 0.000         0.000 / 0.000         0.000 / 0.000         0.000 / 0.000       ms
[480.060s][info][gc,stats]    Subphase: Concurrent Roots                              0.000 / 0.000         0.000 / 0.000         0.000 / 0.000         0.000 / 0.000       ms
[480.060s][info][gc,stats]    Subphase: Concurrent Roots ClassLoaderDataGraph         0.000 / 0.000         0.000 / 0.000         0.000 / 0.000         0.000 / 0.000       ms
[480.060s][info][gc,stats]    Subphase: Concurrent Roots JNIHandles                   0.000 / 0.000         0.000 / 0.000         0.000 / 0.000         0.000 / 0.000       ms
[480.060s][info][gc,stats]    Subphase: Concurrent Roots Setup                        0.000 / 0.000         0.000 / 0.000         0.000 / 0.000         0.000 / 0.000       ms
[480.060s][info][gc,stats]    Subphase: Concurrent Roots Teardown                     0.000 / 0.000         0.000 / 0.000         0.000 / 0.000         0.000 / 0.000       ms
[480.060s][info][gc,stats]    Subphase: Concurrent Weak Roots                         0.000 / 0.000         0.000 / 0.000         0.000 / 0.000         0.000 / 0.000       ms
[480.060s][info][gc,stats]    Subphase: Concurrent Weak Roots JNIWeakHandles          0.000 / 0.000         0.000 / 0.000         0.000 / 0.000         0.000 / 0.000       ms
[480.060s][info][gc,stats]    Subphase: Concurrent Weak Roots StringTable             0.000 / 0.000         0.000 / 0.000         0.000 / 0.000         0.000 / 0.000       ms
[480.060s][info][gc,stats]    Subphase: Concurrent Weak Roots VMWeakHandles           0.000 / 0.000         0.000 / 0.000         0.000 / 0.000         0.000 / 0.000       ms
[480.060s][info][gc,stats]    Subphase: Pause Mark Try Complete                       0.000 / 0.000         0.000 / 0.000         0.000 / 0.000         0.000 / 0.000       ms
[480.060s][info][gc,stats]    Subphase: Pause Roots                                   0.000 / 0.000         0.000 / 0.000         0.000 / 0.000         0.000 / 0.000       ms
[480.060s][info][gc,stats]    Subphase: Pause Roots CodeCache                         0.000 / 0.000         0.000 / 0.000         0.000 / 0.000         0.000 / 0.000       ms
[480.060s][info][gc,stats]    Subphase: Pause Roots JVMTIExport                       0.000 / 0.000         0.000 / 0.000         0.000 / 0.000         0.000 / 0.000       ms
[480.060s][info][gc,stats]    Subphase: Pause Roots JVMTIWeakExport                   0.000 / 0.000         0.000 / 0.000         0.000 / 0.000         0.000 / 0.000       ms
[480.060s][info][gc,stats]    Subphase: Pause Roots Management                        0.000 / 0.000         0.000 / 0.000         0.000 / 0.000         0.000 / 0.000       ms
[480.060s][info][gc,stats]    Subphase: Pause Roots ObjectSynchronizer                0.000 / 0.000         0.000 / 0.000         0.000 / 0.000         0.000 / 0.000       ms
[480.060s][info][gc,stats]    Subphase: Pause Roots Setup                             0.000 / 0.000         0.000 / 0.000         0.000 / 0.000         0.000 / 0.000       ms
[480.060s][info][gc,stats]    Subphase: Pause Roots SystemDictionary                  0.000 / 0.000         0.000 / 0.000         0.000 / 0.000         0.000 / 0.000       ms
[480.060s][info][gc,stats]    Subphase: Pause Roots Teardown                          0.000 / 0.000         0.000 / 0.000         0.000 / 0.000         0.000 / 0.000       ms
[480.060s][info][gc,stats]    Subphase: Pause Roots Threads                           0.000 / 0.000         0.000 / 0.000         0.000 / 0.000         0.000 / 0.000       ms
[480.060s][info][gc,stats]    Subphase: Pause Roots Universe                          0.000 / 0.000         0.000 / 0.000         0.000 / 0.000         0.000 / 0.000       ms
[480.060s][info][gc,stats]    Subphase: Pause Weak Roots                              0.000 / 0.000         0.000 / 0.000         0.000 / 0.000         0.000 / 0.000       ms
[480.060s][info][gc,stats]    Subphase: Pause Weak Roots JFRWeak                      0.000 / 0.000         0.000 / 0.000         0.000 / 0.000         0.000 / 0.000       ms
[480.060s][info][gc,stats]    Subphase: Pause Weak Roots JVMTIWeakExport              0.000 / 0.000         0.000 / 0.000         0.000 / 0.000         0.000 / 0.000       ms
[480.060s][info][gc,stats]    Subphase: Pause Weak Roots Setup                        0.000 / 0.000         0.000 / 0.000         0.000 / 0.000         0.000 / 0.000       ms
[480.060s][info][gc,stats]    Subphase: Pause Weak Roots Teardown                     0.000 / 0.000         0.000 / 0.000         0.000 / 0.000         0.000 / 0.000       ms
[480.060s][info][gc,stats]      System: Java Threads                                      0 / 0                 0 / 0                 0 / 0                 0 / 0           threads
[480.060s][info][gc,stats] =========================================================================================================================================================
[490.060s][info][gc,stats] === Garbage Collection Statistics =======================================================================================================================
[490.060s][info][gc,stats]                                                              Last 10s              Last 10m              Last 10h                Total
[490.060s][info][gc,stats]                                                              Avg / Max             Avg / Max             Avg / Max             Avg / Max
[490.060s][info][gc,stats]   Collector: Garbage Collection Cycle                      0.000 / 0.000         0.000 / 0.000         0.000 / 0.000         0.000 / 0.000       ms
[490.060s][info][gc,stats]  Contention: Mark Segment Reset Contention                     0 / 0                 0 / 0                 0 / 0                 0 / 0           ops/s
[490.060s][info][gc,stats]  Contention: Mark SeqNum Reset Contention                      0 / 0                 0 / 0                 0 / 0                 0 / 0           ops/s
[490.060s][info][gc,stats]  Contention: Relocation Contention                             0 / 0                 0 / 0                 0 / 0                 0 / 0           ops/s
[490.060s][info][gc,stats]    Critical: Allocation Stall                              0.000 / 0.000         0.000 / 0.000         0.000 / 0.000         0.000 / 0.000       ms
[490.060s][info][gc,stats]    Critical: Allocation Stall                                  0 / 0                 0 / 0                 0 / 0                 0 / 0           ops/s
[490.060s][info][gc,stats]    Critical: GC Locker Stall                               0.000 / 0.000         0.000 / 0.000         0.000 / 0.000         0.000 / 0.000       ms
[490.060s][info][gc,stats]    Critical: GC Locker Stall                                   0 / 0                 0 / 0                 0 / 0                 0 / 0           ops/s
[490.060s][info][gc,stats]      Memory: Allocation Rate                                  31 / 34               15 / 486              15 / 486              15 / 486         MB/s
[490.060s][info][gc,stats]      Memory: Heap Used After Mark                              0 / 0                 0 / 0                 0 / 0                 0 / 0           MB
[490.060s][info][gc,stats]      Memory: Heap Used After Relocation                        0 / 0                 0 / 0                 0 / 0                 0 / 0           MB
[490.060s][info][gc,stats]      Memory: Heap Used Before Mark                             0 / 0                 0 / 0                 0 / 0                 0 / 0           MB
[490.060s][info][gc,stats]      Memory: Heap Used Before Relocation                       0 / 0                 0 / 0                 0 / 0                 0 / 0           MB
[490.060s][info][gc,stats]      Memory: Out Of Memory                                     0 / 0                 0 / 0                 0 / 0                 0 / 0           ops/s
[490.060s][info][gc,stats]      Memory: Page Cache Flush                                  0 / 0                 0 / 0                 0 / 0                 0 / 0           MB/s
[490.060s][info][gc,stats]      Memory: Page Cache Hit L1                                 0 / 0                 0 / 36                0 / 36                0 / 36          ops/s
[490.060s][info][gc,stats]      Memory: Page Cache Hit L2                                 0 / 0                 0 / 30                0 / 30                0 / 30          ops/s
[490.060s][info][gc,stats]      Memory: Page Cache Miss                                  15 / 17                7 / 240               7 / 240               7 / 240         ops/s
[490.060s][info][gc,stats]      Memory: Undo Object Allocation Failed                     0 / 0                 0 / 0                 0 / 0                 0 / 0           ops/s
[490.060s][info][gc,stats]      Memory: Undo Object Allocation Succeeded                  0 / 0                 0 / 0                 0 / 0                 0 / 0           ops/s
[490.060s][info][gc,stats]      Memory: Undo Page Allocation                              0 / 0                 0 / 66                0 / 66                0 / 66          ops/s
[490.060s][info][gc,stats]       Phase: Concurrent Destroy Detached Pages             0.000 / 0.000         0.000 / 0.000         0.000 / 0.000         0.000 / 0.000       ms
[490.060s][info][gc,stats]       Phase: Concurrent Mark                               0.000 / 0.000         0.000 / 0.000         0.000 / 0.000         0.000 / 0.000       ms
[490.060s][info][gc,stats]       Phase: Concurrent Mark Continue                      0.000 / 0.000         0.000 / 0.000         0.000 / 0.000         0.000 / 0.000       ms
[490.060s][info][gc,stats]       Phase: Concurrent Prepare Relocation Set             0.000 / 0.000         0.000 / 0.000         0.000 / 0.000         0.000 / 0.000       ms
[490.060s][info][gc,stats]       Phase: Concurrent Process Non-Strong References      0.000 / 0.000         0.000 / 0.000         0.000 / 0.000         0.000 / 0.000       ms
[490.060s][info][gc,stats]       Phase: Concurrent Relocate                           0.000 / 0.000         0.000 / 0.000         0.000 / 0.000         0.000 / 0.000       ms
[490.060s][info][gc,stats]       Phase: Concurrent Reset Relocation Set               0.000 / 0.000         0.000 / 0.000         0.000 / 0.000         0.000 / 0.000       ms
[490.060s][info][gc,stats]       Phase: Concurrent Select Relocation Set              0.000 / 0.000         0.000 / 0.000         0.000 / 0.000         0.000 / 0.000       ms
[490.060s][info][gc,stats]       Phase: Pause Mark End                                0.000 / 0.000         0.000 / 0.000         0.000 / 0.000         0.000 / 0.000       ms
[490.060s][info][gc,stats]       Phase: Pause Mark Start                              0.000 / 0.000         0.000 / 0.000         0.000 / 0.000         0.000 / 0.000       ms
[490.060s][info][gc,stats]       Phase: Pause Relocate Start                          0.000 / 0.000         0.000 / 0.000         0.000 / 0.000         0.000 / 0.000       ms
[490.060s][info][gc,stats]       Phase: Pause Verify                                  0.000 / 0.000         0.000 / 0.000         0.000 / 0.000         0.000 / 0.000       ms
[490.060s][info][gc,stats]    Subphase: Concurrent Classes Unload                     0.000 / 0.000         0.000 / 0.000         0.000 / 0.000         0.000 / 0.000       ms
[490.060s][info][gc,stats]    Subphase: Concurrent Mark                               0.000 / 0.000         0.000 / 0.000         0.000 / 0.000         0.000 / 0.000       ms
[490.060s][info][gc,stats]    Subphase: Concurrent Mark Idle                          0.000 / 0.000         0.000 / 0.000         0.000 / 0.000         0.000 / 0.000       ms
[490.060s][info][gc,stats]    Subphase: Concurrent Mark Try Flush                     0.000 / 0.000         0.000 / 0.000         0.000 / 0.000         0.000 / 0.000       ms
[490.060s][info][gc,stats]    Subphase: Concurrent Mark Try Terminate                 0.000 / 0.000         0.000 / 0.000         0.000 / 0.000         0.000 / 0.000       ms
[490.060s][info][gc,stats]    Subphase: Concurrent References Enqueue                 0.000 / 0.000         0.000 / 0.000         0.000 / 0.000         0.000 / 0.000       ms
[490.060s][info][gc,stats]    Subphase: Concurrent References Process                 0.000 / 0.000         0.000 / 0.000         0.000 / 0.000         0.000 / 0.000       ms
[490.060s][info][gc,stats]    Subphase: Concurrent Roots                              0.000 / 0.000         0.000 / 0.000         0.000 / 0.000         0.000 / 0.000       ms
[490.060s][info][gc,stats]    Subphase: Concurrent Roots ClassLoaderDataGraph         0.000 / 0.000         0.000 / 0.000         0.000 / 0.000         0.000 / 0.000       ms
[490.060s][info][gc,stats]    Subphase: Concurrent Roots JNIHandles                   0.000 / 0.000         0.000 / 0.000         0.000 / 0.000         0.000 / 0.000       ms
[490.060s][info][gc,stats]    Subphase: Concurrent Roots Setup                        0.000 / 0.000         0.000 / 0.000         0.000 / 0.000         0.000 / 0.000       ms
[490.060s][info][gc,stats]    Subphase: Concurrent Roots Teardown                     0.000 / 0.000         0.000 / 0.000         0.000 / 0.000         0.000 / 0.000       ms
[490.060s][info][gc,stats]    Subphase: Concurrent Weak Roots                         0.000 / 0.000         0.000 / 0.000         0.000 / 0.000         0.000 / 0.000       ms
[490.060s][info][gc,stats]    Subphase: Concurrent Weak Roots JNIWeakHandles          0.000 / 0.000         0.000 / 0.000         0.000 / 0.000         0.000 / 0.000       ms
[490.060s][info][gc,stats]    Subphase: Concurrent Weak Roots StringTable             0.000 / 0.000         0.000 / 0.000         0.000 / 0.000         0.000 / 0.000       ms
[490.060s][info][gc,stats]    Subphase: Concurrent Weak Roots VMWeakHandles           0.000 / 0.000         0.000 / 0.000         0.000 / 0.000         0.000 / 0.000       ms
[490.060s][info][gc,stats]    Subphase: Pause Mark Try Complete                       0.000 / 0.000         0.000 / 0.000         0.000 / 0.000         0.000 / 0.000       ms
[490.060s][info][gc,stats]    Subphase: Pause Roots                                   0.000 / 0.000         0.000 / 0.000         0.000 / 0.000         0.000 / 0.000       ms
[490.060s][info][gc,stats]    Subphase: Pause Roots CodeCache                         0.000 / 0.000         0.000 / 0.000         0.000 / 0.000         0.000 / 0.000       ms
[490.060s][info][gc,stats]    Subphase: Pause Roots JVMTIExport                       0.000 / 0.000         0.000 / 0.000         0.000 / 0.000         0.000 / 0.000       ms
[490.060s][info][gc,stats]    Subphase: Pause Roots JVMTIWeakExport                   0.000 / 0.000         0.000 / 0.000         0.000 / 0.000         0.000 / 0.000       ms
[490.060s][info][gc,stats]    Subphase: Pause Roots Management                        0.000 / 0.000         0.000 / 0.000         0.000 / 0.000         0.000 / 0.000       ms
[490.060s][info][gc,stats]    Subphase: Pause Roots ObjectSynchronizer                0.000 / 0.000         0.000 / 0.000         0.000 / 0.000         0.000 / 0.000       ms
[490.060s][info][gc,stats]    Subphase: Pause Roots Setup                             0.000 / 0.000         0.000 / 0.000         0.000 / 0.000         0.000 / 0.000       ms
[490.060s][info][gc,stats]    Subphase: Pause Roots SystemDictionary                  0.000 / 0.000         0.000 / 0.000         0.000 / 0.000         0.000 / 0.000       ms
[490.060s][info][gc,stats]    Subphase: Pause Roots Teardown                          0.000 / 0.000         0.000 / 0.000         0.000 / 0.000         0.000 / 0.000       ms
[490.060s][info][gc,stats]    Subphase: Pause Roots Threads                           0.000 / 0.000         0.000 / 0.000         0.000 / 0.000         0.000 / 0.000       ms
[490.060s][info][gc,stats]    Subphase: Pause Roots Universe                          0.000 / 0.000         0.000 / 0.000         0.000 / 0.000         0.000 / 0.000       ms
[490.060s][info][gc,stats]    Subphase: Pause Weak Roots                              0.000 / 0.000         0.000 / 0.000         0.000 / 0.000         0.000 / 0.000       ms
[490.060s][info][gc,stats]    Subphase: Pause Weak Roots JFRWeak                      0.000 / 0.000         0.000 / 0.000         0.000 / 0.000         0.000 / 0.000       ms
[490.060s][info][gc,stats]    Subphase: Pause Weak Roots JVMTIWeakExport              0.000 / 0.000         0.000 / 0.000         0.000 / 0.000         0.000 / 0.000       ms
[490.060s][info][gc,stats]    Subphase: Pause Weak Roots Setup                        0.000 / 0.000         0.000 / 0.000         0.000 / 0.000         0.000 / 0.000       ms
[490.060s][info][gc,stats]    Subphase: Pause Weak Roots Teardown                     0.000 / 0.000         0.000 / 0.000         0.000 / 0.000         0.000 / 0.000       ms
[490.060s][info][gc,stats]      System: Java Threads                                      0 / 0                 0 / 0                 0 / 0                 0 / 0           threads
[490.060s][info][gc,stats] =========================================================================================================================================================
[500.060s][info][gc,stats] === Garbage Collection Statistics =======================================================================================================================
[500.060s][info][gc,stats]                                                              Last 10s              Last 10m              Last 10h                Total
[500.060s][info][gc,stats]                                                              Avg / Max             Avg / Max             Avg / Max             Avg / Max
[500.060s][info][gc,stats]   Collector: Garbage Collection Cycle                      0.000 / 0.000         0.000 / 0.000         0.000 / 0.000         0.000 / 0.000       ms
[500.060s][info][gc,stats]  Contention: Mark Segment Reset Contention                     0 / 0                 0 / 0                 0 / 0                 0 / 0           ops/s
[500.060s][info][gc,stats]  Contention: Mark SeqNum Reset Contention                      0 / 0                 0 / 0                 0 / 0                 0 / 0           ops/s
[500.060s][info][gc,stats]  Contention: Relocation Contention                             0 / 0                 0 / 0                 0 / 0                 0 / 0           ops/s
[500.060s][info][gc,stats]    Critical: Allocation Stall                              0.000 / 0.000         0.000 / 0.000         0.000 / 0.000         0.000 / 0.000       ms
[500.060s][info][gc,stats]    Critical: Allocation Stall                                  0 / 0                 0 / 0                 0 / 0                 0 / 0           ops/s
[500.060s][info][gc,stats]    Critical: GC Locker Stall                               0.000 / 0.000         0.000 / 0.000         0.000 / 0.000         0.000 / 0.000       ms
[500.060s][info][gc,stats]    Critical: GC Locker Stall                                   0 / 0                 0 / 0                 0 / 0                 0 / 0           ops/s
[500.060s][info][gc,stats]      Memory: Allocation Rate                                  31 / 36               15 / 486              15 / 486              15 / 486         MB/s
[500.060s][info][gc,stats]      Memory: Heap Used After Mark                              0 / 0                 0 / 0                 0 / 0                 0 / 0           MB
[500.060s][info][gc,stats]      Memory: Heap Used After Relocation                        0 / 0                 0 / 0                 0 / 0                 0 / 0           MB
[500.060s][info][gc,stats]      Memory: Heap Used Before Mark                             0 / 0                 0 / 0                 0 / 0                 0 / 0           MB
[500.060s][info][gc,stats]      Memory: Heap Used Before Relocation                       0 / 0                 0 / 0                 0 / 0                 0 / 0           MB
[500.060s][info][gc,stats]      Memory: Out Of Memory                                     0 / 0                 0 / 0                 0 / 0                 0 / 0           ops/s
[500.060s][info][gc,stats]      Memory: Page Cache Flush                                  0 / 0                 0 / 0                 0 / 0                 0 / 0           MB/s
[500.060s][info][gc,stats]      Memory: Page Cache Hit L1                                 0 / 0                 0 / 36                0 / 36                0 / 36          ops/s
[500.060s][info][gc,stats]      Memory: Page Cache Hit L2                                 0 / 0                 0 / 30                0 / 30                0 / 30          ops/s
[500.060s][info][gc,stats]      Memory: Page Cache Miss                                  15 / 18                7 / 240               7 / 240               7 / 240         ops/s
[500.060s][info][gc,stats]      Memory: Undo Object Allocation Failed                     0 / 0                 0 / 0                 0 / 0                 0 / 0           ops/s
[500.060s][info][gc,stats]      Memory: Undo Object Allocation Succeeded                  0 / 0                 0 / 0                 0 / 0                 0 / 0           ops/s
[500.060s][info][gc,stats]      Memory: Undo Page Allocation                              0 / 0                 0 / 66                0 / 66                0 / 66          ops/s
[500.060s][info][gc,stats]       Phase: Concurrent Destroy Detached Pages             0.000 / 0.000         0.000 / 0.000         0.000 / 0.000         0.000 / 0.000       ms
[500.060s][info][gc,stats]       Phase: Concurrent Mark                               0.000 / 0.000         0.000 / 0.000         0.000 / 0.000         0.000 / 0.000       ms
[500.060s][info][gc,stats]       Phase: Concurrent Mark Continue                      0.000 / 0.000         0.000 / 0.000         0.000 / 0.000         0.000 / 0.000       ms
[500.060s][info][gc,stats]       Phase: Concurrent Prepare Relocation Set             0.000 / 0.000         0.000 / 0.000         0.000 / 0.000         0.000 / 0.000       ms
[500.060s][info][gc,stats]       Phase: Concurrent Process Non-Strong References      0.000 / 0.000         0.000 / 0.000         0.000 / 0.000         0.000 / 0.000       ms
[500.060s][info][gc,stats]       Phase: Concurrent Relocate                           0.000 / 0.000         0.000 / 0.000         0.000 / 0.000         0.000 / 0.000       ms
[500.060s][info][gc,stats]       Phase: Concurrent Reset Relocation Set               0.000 / 0.000         0.000 / 0.000         0.000 / 0.000         0.000 / 0.000       ms
[500.060s][info][gc,stats]       Phase: Concurrent Select Relocation Set              0.000 / 0.000         0.000 / 0.000         0.000 / 0.000         0.000 / 0.000       ms
[500.060s][info][gc,stats]       Phase: Pause Mark End                                0.000 / 0.000         0.000 / 0.000         0.000 / 0.000         0.000 / 0.000       ms
[500.060s][info][gc,stats]       Phase: Pause Mark Start                              0.000 / 0.000         0.000 / 0.000         0.000 / 0.000         0.000 / 0.000       ms
[500.060s][info][gc,stats]       Phase: Pause Relocate Start                          0.000 / 0.000         0.000 / 0.000         0.000 / 0.000         0.000 / 0.000       ms
[500.060s][info][gc,stats]       Phase: Pause Verify                                  0.000 / 0.000         0.000 / 0.000         0.000 / 0.000         0.000 / 0.000       ms
[500.060s][info][gc,stats]    Subphase: Concurrent Classes Unload                     0.000 / 0.000         0.000 / 0.000         0.000 / 0.000         0.000 / 0.000       ms
[500.060s][info][gc,stats]    Subphase: Concurrent Mark                               0.000 / 0.000         0.000 / 0.000         0.000 / 0.000         0.000 / 0.000       ms
[500.060s][info][gc,stats]    Subphase: Concurrent Mark Idle                          0.000 / 0.000         0.000 / 0.000         0.000 / 0.000         0.000 / 0.000       ms
[500.060s][info][gc,stats]    Subphase: Concurrent Mark Try Flush                     0.000 / 0.000         0.000 / 0.000         0.000 / 0.000         0.000 / 0.000       ms
[500.060s][info][gc,stats]    Subphase: Concurrent Mark Try Terminate                 0.000 / 0.000         0.000 / 0.000         0.000 / 0.000         0.000 / 0.000       ms
[500.060s][info][gc,stats]    Subphase: Concurrent References Enqueue                 0.000 / 0.000         0.000 / 0.000         0.000 / 0.000         0.000 / 0.000       ms
[500.060s][info][gc,stats]    Subphase: Concurrent References Process                 0.000 / 0.000         0.000 / 0.000         0.000 / 0.000         0.000 / 0.000       ms
[500.060s][info][gc,stats]    Subphase: Concurrent Roots                              0.000 / 0.000         0.000 / 0.000         0.000 / 0.000         0.000 / 0.000       ms
[500.060s][info][gc,stats]    Subphase: Concurrent Roots ClassLoaderDataGraph         0.000 / 0.000         0.000 / 0.000         0.000 / 0.000         0.000 / 0.000       ms
[500.060s][info][gc,stats]    Subphase: Concurrent Roots JNIHandles                   0.000 / 0.000         0.000 / 0.000         0.000 / 0.000         0.000 / 0.000       ms
[500.060s][info][gc,stats]    Subphase: Concurrent Roots Setup                        0.000 / 0.000         0.000 / 0.000         0.000 / 0.000         0.000 / 0.000       ms
[500.060s][info][gc,stats]    Subphase: Concurrent Roots Teardown                     0.000 / 0.000         0.000 / 0.000         0.000 / 0.000         0.000 / 0.000       ms
[500.060s][info][gc,stats]    Subphase: Concurrent Weak Roots                         0.000 / 0.000         0.000 / 0.000         0.000 / 0.000         0.000 / 0.000       ms
[500.060s][info][gc,stats]    Subphase: Concurrent Weak Roots JNIWeakHandles          0.000 / 0.000         0.000 / 0.000         0.000 / 0.000         0.000 / 0.000       ms
[500.060s][info][gc,stats]    Subphase: Concurrent Weak Roots StringTable             0.000 / 0.000         0.000 / 0.000         0.000 / 0.000         0.000 / 0.000       ms
[500.060s][info][gc,stats]    Subphase: Concurrent Weak Roots VMWeakHandles           0.000 / 0.000         0.000 / 0.000         0.000 / 0.000         0.000 / 0.000       ms
[500.060s][info][gc,stats]    Subphase: Pause Mark Try Complete                       0.000 / 0.000         0.000 / 0.000         0.000 / 0.000         0.000 / 0.000       ms
[500.060s][info][gc,stats]    Subphase: Pause Roots                                   0.000 / 0.000         0.000 / 0.000         0.000 / 0.000         0.000 / 0.000       ms
[500.060s][info][gc,stats]    Subphase: Pause Roots CodeCache                         0.000 / 0.000         0.000 / 0.000         0.000 / 0.000         0.000 / 0.000       ms
[500.060s][info][gc,stats]    Subphase: Pause Roots JVMTIExport                       0.000 / 0.000         0.000 / 0.000         0.000 / 0.000         0.000 / 0.000       ms
[500.060s][info][gc,stats]    Subphase: Pause Roots JVMTIWeakExport                   0.000 / 0.000         0.000 / 0.000         0.000 / 0.000         0.000 / 0.000       ms
[500.060s][info][gc,stats]    Subphase: Pause Roots Management                        0.000 / 0.000         0.000 / 0.000         0.000 / 0.000         0.000 / 0.000       ms
[500.060s][info][gc,stats]    Subphase: Pause Roots ObjectSynchronizer                0.000 / 0.000         0.000 / 0.000         0.000 / 0.000         0.000 / 0.000       ms
[500.060s][info][gc,stats]    Subphase: Pause Roots Setup                             0.000 / 0.000         0.000 / 0.000         0.000 / 0.000         0.000 / 0.000       ms
[500.060s][info][gc,stats]    Subphase: Pause Roots SystemDictionary                  0.000 / 0.000         0.000 / 0.000         0.000 / 0.000         0.000 / 0.000       ms
[500.060s][info][gc,stats]    Subphase: Pause Roots Teardown                          0.000 / 0.000         0.000 / 0.000         0.000 / 0.000         0.000 / 0.000       ms
[500.060s][info][gc,stats]    Subphase: Pause Roots Threads                           0.000 / 0.000         0.000 / 0.000         0.000 / 0.000         0.000 / 0.000       ms
[500.060s][info][gc,stats]    Subphase: Pause Roots Universe                          0.000 / 0.000         0.000 / 0.000         0.000 / 0.000         0.000 / 0.000       ms
[500.060s][info][gc,stats]    Subphase: Pause Weak Roots                              0.000 / 0.000         0.000 / 0.000         0.000 / 0.000         0.000 / 0.000       ms
[500.060s][info][gc,stats]    Subphase: Pause Weak Roots JFRWeak                      0.000 / 0.000         0.000 / 0.000         0.000 / 0.000         0.000 / 0.000       ms
[500.060s][info][gc,stats]    Subphase: Pause Weak Roots JVMTIWeakExport              0.000 / 0.000         0.000 / 0.000         0.000 / 0.000         0.000 / 0.000       ms
[500.060s][info][gc,stats]    Subphase: Pause Weak Roots Setup                        0.000 / 0.000         0.000 / 0.000         0.000 / 0.000         0.000 / 0.000       ms
[500.060s][info][gc,stats]    Subphase: Pause Weak Roots Teardown                     0.000 / 0.000         0.000 / 0.000         0.000 / 0.000         0.000 / 0.000       ms
[500.060s][info][gc,stats]      System: Java Threads                                      0 / 0                 0 / 0                 0 / 0                 0 / 0           threads
[500.060s][info][gc,stats] =========================================================================================================================================================
[510.060s][info][gc,stats] === Garbage Collection Statistics =======================================================================================================================
[510.060s][info][gc,stats]                                                              Last 10s              Last 10m              Last 10h                Total
[510.060s][info][gc,stats]                                                              Avg / Max             Avg / Max             Avg / Max             Avg / Max
[510.060s][info][gc,stats]   Collector: Garbage Collection Cycle                      0.000 / 0.000         0.000 / 0.000         0.000 / 0.000         0.000 / 0.000       ms
[510.060s][info][gc,stats]  Contention: Mark Segment Reset Contention                     0 / 0                 0 / 0                 0 / 0                 0 / 0           ops/s
[510.060s][info][gc,stats]  Contention: Mark SeqNum Reset Contention                      0 / 0                 0 / 0                 0 / 0                 0 / 0           ops/s
[510.060s][info][gc,stats]  Contention: Relocation Contention                             0 / 0                 0 / 0                 0 / 0                 0 / 0           ops/s
[510.060s][info][gc,stats]    Critical: Allocation Stall                              0.000 / 0.000         0.000 / 0.000         0.000 / 0.000         0.000 / 0.000       ms
[510.060s][info][gc,stats]    Critical: Allocation Stall                                  0 / 0                 0 / 0                 0 / 0                 0 / 0           ops/s
[510.060s][info][gc,stats]    Critical: GC Locker Stall                               0.000 / 0.000         0.000 / 0.000         0.000 / 0.000         0.000 / 0.000       ms
[510.060s][info][gc,stats]    Critical: GC Locker Stall                                   0 / 0                 0 / 0                 0 / 0                 0 / 0           ops/s
[510.060s][info][gc,stats]      Memory: Allocation Rate                                  31 / 34               15 / 486              15 / 486              15 / 486         MB/s
[510.060s][info][gc,stats]      Memory: Heap Used After Mark                              0 / 0                 0 / 0                 0 / 0                 0 / 0           MB
[510.060s][info][gc,stats]      Memory: Heap Used After Relocation                        0 / 0                 0 / 0                 0 / 0                 0 / 0           MB
[510.060s][info][gc,stats]      Memory: Heap Used Before Mark                             0 / 0                 0 / 0                 0 / 0                 0 / 0           MB
[510.060s][info][gc,stats]      Memory: Heap Used Before Relocation                       0 / 0                 0 / 0                 0 / 0                 0 / 0           MB
[510.060s][info][gc,stats]      Memory: Out Of Memory                                     0 / 0                 0 / 0                 0 / 0                 0 / 0           ops/s
[510.060s][info][gc,stats]      Memory: Page Cache Flush                                  0 / 0                 0 / 0                 0 / 0                 0 / 0           MB/s
[510.060s][info][gc,stats]      Memory: Page Cache Hit L1                                 0 / 0                 0 / 36                0 / 36                0 / 36          ops/s
[510.060s][info][gc,stats]      Memory: Page Cache Hit L2                                 0 / 0                 0 / 30                0 / 30                0 / 30          ops/s
[510.061s][info][gc,stats]      Memory: Page Cache Miss                                  15 / 17                7 / 240               7 / 240               7 / 240         ops/s
[510.061s][info][gc,stats]      Memory: Undo Object Allocation Failed                     0 / 0                 0 / 0                 0 / 0                 0 / 0           ops/s
[510.061s][info][gc,stats]      Memory: Undo Object Allocation Succeeded                  0 / 0                 0 / 0                 0 / 0                 0 / 0           ops/s
[510.061s][info][gc,stats]      Memory: Undo Page Allocation                              0 / 0                 0 / 66                0 / 66                0 / 66          ops/s
[510.061s][info][gc,stats]       Phase: Concurrent Destroy Detached Pages             0.000 / 0.000         0.000 / 0.000         0.000 / 0.000         0.000 / 0.000       ms
[510.061s][info][gc,stats]       Phase: Concurrent Mark                               0.000 / 0.000         0.000 / 0.000         0.000 / 0.000         0.000 / 0.000       ms
[510.061s][info][gc,stats]       Phase: Concurrent Mark Continue                      0.000 / 0.000         0.000 / 0.000         0.000 / 0.000         0.000 / 0.000       ms
[510.061s][info][gc,stats]       Phase: Concurrent Prepare Relocation Set             0.000 / 0.000         0.000 / 0.000         0.000 / 0.000         0.000 / 0.000       ms
[510.061s][info][gc,stats]       Phase: Concurrent Process Non-Strong References      0.000 / 0.000         0.000 / 0.000         0.000 / 0.000         0.000 / 0.000       ms
[510.061s][info][gc,stats]       Phase: Concurrent Relocate                           0.000 / 0.000         0.000 / 0.000         0.000 / 0.000         0.000 / 0.000       ms
[510.061s][info][gc,stats]       Phase: Concurrent Reset Relocation Set               0.000 / 0.000         0.000 / 0.000         0.000 / 0.000         0.000 / 0.000       ms
[510.061s][info][gc,stats]       Phase: Concurrent Select Relocation Set              0.000 / 0.000         0.000 / 0.000         0.000 / 0.000         0.000 / 0.000       ms
[510.061s][info][gc,stats]       Phase: Pause Mark End                                0.000 / 0.000         0.000 / 0.000         0.000 / 0.000         0.000 / 0.000       ms
[510.061s][info][gc,stats]       Phase: Pause Mark Start                              0.000 / 0.000         0.000 / 0.000         0.000 / 0.000         0.000 / 0.000       ms
[510.061s][info][gc,stats]       Phase: Pause Relocate Start                          0.000 / 0.000         0.000 / 0.000         0.000 / 0.000         0.000 / 0.000       ms
[510.061s][info][gc,stats]       Phase: Pause Verify                                  0.000 / 0.000         0.000 / 0.000         0.000 / 0.000         0.000 / 0.000       ms
[510.061s][info][gc,stats]    Subphase: Concurrent Classes Unload                     0.000 / 0.000         0.000 / 0.000         0.000 / 0.000         0.000 / 0.000       ms
[510.061s][info][gc,stats]    Subphase: Concurrent Mark                               0.000 / 0.000         0.000 / 0.000         0.000 / 0.000         0.000 / 0.000       ms
[510.061s][info][gc,stats]    Subphase: Concurrent Mark Idle                          0.000 / 0.000         0.000 / 0.000         0.000 / 0.000         0.000 / 0.000       ms
[510.061s][info][gc,stats]    Subphase: Concurrent Mark Try Flush                     0.000 / 0.000         0.000 / 0.000         0.000 / 0.000         0.000 / 0.000       ms
[510.061s][info][gc,stats]    Subphase: Concurrent Mark Try Terminate                 0.000 / 0.000         0.000 / 0.000         0.000 / 0.000         0.000 / 0.000       ms
[510.061s][info][gc,stats]    Subphase: Concurrent References Enqueue                 0.000 / 0.000         0.000 / 0.000         0.000 / 0.000         0.000 / 0.000       ms
[510.061s][info][gc,stats]    Subphase: Concurrent References Process                 0.000 / 0.000         0.000 / 0.000         0.000 / 0.000         0.000 / 0.000       ms
[510.061s][info][gc,stats]    Subphase: Concurrent Roots                              0.000 / 0.000         0.000 / 0.000         0.000 / 0.000         0.000 / 0.000       ms
[510.061s][info][gc,stats]    Subphase: Concurrent Roots ClassLoaderDataGraph         0.000 / 0.000         0.000 / 0.000         0.000 / 0.000         0.000 / 0.000       ms
[510.061s][info][gc,stats]    Subphase: Concurrent Roots JNIHandles                   0.000 / 0.000         0.000 / 0.000         0.000 / 0.000         0.000 / 0.000       ms
[510.061s][info][gc,stats]    Subphase: Concurrent Roots Setup                        0.000 / 0.000         0.000 / 0.000         0.000 / 0.000         0.000 / 0.000       ms
[510.061s][info][gc,stats]    Subphase: Concurrent Roots Teardown                     0.000 / 0.000         0.000 / 0.000         0.000 / 0.000         0.000 / 0.000       ms
[510.061s][info][gc,stats]    Subphase: Concurrent Weak Roots                         0.000 / 0.000         0.000 / 0.000         0.000 / 0.000         0.000 / 0.000       ms
[510.061s][info][gc,stats]    Subphase: Concurrent Weak Roots JNIWeakHandles          0.000 / 0.000         0.000 / 0.000         0.000 / 0.000         0.000 / 0.000       ms
[510.061s][info][gc,stats]    Subphase: Concurrent Weak Roots StringTable             0.000 / 0.000         0.000 / 0.000         0.000 / 0.000         0.000 / 0.000       ms
[510.061s][info][gc,stats]    Subphase: Concurrent Weak Roots VMWeakHandles           0.000 / 0.000         0.000 / 0.000         0.000 / 0.000         0.000 / 0.000       ms
[510.061s][info][gc,stats]    Subphase: Pause Mark Try Complete                       0.000 / 0.000         0.000 / 0.000         0.000 / 0.000         0.000 / 0.000       ms
[510.061s][info][gc,stats]    Subphase: Pause Roots                                   0.000 / 0.000         0.000 / 0.000         0.000 / 0.000         0.000 / 0.000       ms
[510.061s][info][gc,stats]    Subphase: Pause Roots CodeCache                         0.000 / 0.000         0.000 / 0.000         0.000 / 0.000         0.000 / 0.000       ms
[510.061s][info][gc,stats]    Subphase: Pause Roots JVMTIExport                       0.000 / 0.000         0.000 / 0.000         0.000 / 0.000         0.000 / 0.000       ms
[510.061s][info][gc,stats]    Subphase: Pause Roots JVMTIWeakExport                   0.000 / 0.000         0.000 / 0.000         0.000 / 0.000         0.000 / 0.000       ms
[510.061s][info][gc,stats]    Subphase: Pause Roots Management                        0.000 / 0.000         0.000 / 0.000         0.000 / 0.000         0.000 / 0.000       ms
[510.061s][info][gc,stats]    Subphase: Pause Roots ObjectSynchronizer                0.000 / 0.000         0.000 / 0.000         0.000 / 0.000         0.000 / 0.000       ms
[510.061s][info][gc,stats]    Subphase: Pause Roots Setup                             0.000 / 0.000         0.000 / 0.000         0.000 / 0.000         0.000 / 0.000       ms
[510.061s][info][gc,stats]    Subphase: Pause Roots SystemDictionary                  0.000 / 0.000         0.000 / 0.000         0.000 / 0.000         0.000 / 0.000       ms
[510.061s][info][gc,stats]    Subphase: Pause Roots Teardown                          0.000 / 0.000         0.000 / 0.000         0.000 / 0.000         0.000 / 0.000       ms
[510.061s][info][gc,stats]    Subphase: Pause Roots Threads                           0.000 / 0.000         0.000 / 0.000         0.000 / 0.000         0.000 / 0.000       ms
[510.061s][info][gc,stats]    Subphase: Pause Roots Universe                          0.000 / 0.000         0.000 / 0.000         0.000 / 0.000         0.000 / 0.000       ms
[510.061s][info][gc,stats]    Subphase: Pause Weak Roots                              0.000 / 0.000         0.000 / 0.000         0.000 / 0.000         0.000 / 0.000       ms
[510.061s][info][gc,stats]    Subphase: Pause Weak Roots JFRWeak                      0.000 / 0.000         0.000 / 0.000         0.000 / 0.000         0.000 / 0.000       ms
[510.061s][info][gc,stats]    Subphase: Pause Weak Roots JVMTIWeakExport              0.000 / 0.000         0.000 / 0.000         0.000 / 0.000         0.000 / 0.000       ms
[510.061s][info][gc,stats]    Subphase: Pause Weak Roots Setup                        0.000 / 0.000         0.000 / 0.000         0.000 / 0.000         0.000 / 0.000       ms
[510.061s][info][gc,stats]    Subphase: Pause Weak Roots Teardown                     0.000 / 0.000         0.000 / 0.000         0.000 / 0.000         0.000 / 0.000       ms
[510.061s][info][gc,stats]      System: Java Threads                                      0 / 0                 0 / 0                 0 / 0                 0 / 0           threads
[510.061s][info][gc,stats] =========================================================================================================================================================
[520.060s][info][gc,stats] === Garbage Collection Statistics =======================================================================================================================
[520.060s][info][gc,stats]                                                              Last 10s              Last 10m              Last 10h                Total
[520.060s][info][gc,stats]                                                              Avg / Max             Avg / Max             Avg / Max             Avg / Max
[520.060s][info][gc,stats]   Collector: Garbage Collection Cycle                      0.000 / 0.000         0.000 / 0.000         0.000 / 0.000         0.000 / 0.000       ms
[520.060s][info][gc,stats]  Contention: Mark Segment Reset Contention                     0 / 0                 0 / 0                 0 / 0                 0 / 0           ops/s
[520.060s][info][gc,stats]  Contention: Mark SeqNum Reset Contention                      0 / 0                 0 / 0                 0 / 0                 0 / 0           ops/s
[520.060s][info][gc,stats]  Contention: Relocation Contention                             0 / 0                 0 / 0                 0 / 0                 0 / 0           ops/s
[520.060s][info][gc,stats]    Critical: Allocation Stall                              0.000 / 0.000         0.000 / 0.000         0.000 / 0.000         0.000 / 0.000       ms
[520.060s][info][gc,stats]    Critical: Allocation Stall                                  0 / 0                 0 / 0                 0 / 0                 0 / 0           ops/s
[520.060s][info][gc,stats]    Critical: GC Locker Stall                               0.000 / 0.000         0.000 / 0.000         0.000 / 0.000         0.000 / 0.000       ms
[520.060s][info][gc,stats]    Critical: GC Locker Stall                                   0 / 0                 0 / 0                 0 / 0                 0 / 0           ops/s
[520.060s][info][gc,stats]      Memory: Allocation Rate                                  32 / 34               15 / 486              15 / 486              15 / 486         MB/s
[520.060s][info][gc,stats]      Memory: Heap Used After Mark                              0 / 0                 0 / 0                 0 / 0                 0 / 0           MB
[520.060s][info][gc,stats]      Memory: Heap Used After Relocation                        0 / 0                 0 / 0                 0 / 0                 0 / 0           MB
[520.060s][info][gc,stats]      Memory: Heap Used Before Mark                             0 / 0                 0 / 0                 0 / 0                 0 / 0           MB
[520.060s][info][gc,stats]      Memory: Heap Used Before Relocation                       0 / 0                 0 / 0                 0 / 0                 0 / 0           MB
[520.060s][info][gc,stats]      Memory: Out Of Memory                                     0 / 0                 0 / 0                 0 / 0                 0 / 0           ops/s
[520.060s][info][gc,stats]      Memory: Page Cache Flush                                  0 / 0                 0 / 0                 0 / 0                 0 / 0           MB/s
[520.060s][info][gc,stats]      Memory: Page Cache Hit L1                                 0 / 0                 0 / 36                0 / 36                0 / 36          ops/s
[520.060s][info][gc,stats]      Memory: Page Cache Hit L2                                 0 / 0                 0 / 30                0 / 30                0 / 30          ops/s
[520.060s][info][gc,stats]      Memory: Page Cache Miss                                  16 / 17                7 / 240               7 / 240               7 / 240         ops/s
[520.060s][info][gc,stats]      Memory: Undo Object Allocation Failed                     0 / 0                 0 / 0                 0 / 0                 0 / 0           ops/s
[520.060s][info][gc,stats]      Memory: Undo Object Allocation Succeeded                  0 / 0                 0 / 0                 0 / 0                 0 / 0           ops/s
[520.060s][info][gc,stats]      Memory: Undo Page Allocation                              0 / 0                 0 / 66                0 / 66                0 / 66          ops/s
[520.060s][info][gc,stats]       Phase: Concurrent Destroy Detached Pages             0.000 / 0.000         0.000 / 0.000         0.000 / 0.000         0.000 / 0.000       ms
[520.060s][info][gc,stats]       Phase: Concurrent Mark                               0.000 / 0.000         0.000 / 0.000         0.000 / 0.000         0.000 / 0.000       ms
[520.060s][info][gc,stats]       Phase: Concurrent Mark Continue                      0.000 / 0.000         0.000 / 0.000         0.000 / 0.000         0.000 / 0.000       ms
[520.060s][info][gc,stats]       Phase: Concurrent Prepare Relocation Set             0.000 / 0.000         0.000 / 0.000         0.000 / 0.000         0.000 / 0.000       ms
[520.060s][info][gc,stats]       Phase: Concurrent Process Non-Strong References      0.000 / 0.000         0.000 / 0.000         0.000 / 0.000         0.000 / 0.000       ms
[520.060s][info][gc,stats]       Phase: Concurrent Relocate                           0.000 / 0.000         0.000 / 0.000         0.000 / 0.000         0.000 / 0.000       ms
[520.060s][info][gc,stats]       Phase: Concurrent Reset Relocation Set               0.000 / 0.000         0.000 / 0.000         0.000 / 0.000         0.000 / 0.000       ms
[520.060s][info][gc,stats]       Phase: Concurrent Select Relocation Set              0.000 / 0.000         0.000 / 0.000         0.000 / 0.000         0.000 / 0.000       ms
[520.060s][info][gc,stats]       Phase: Pause Mark End                                0.000 / 0.000         0.000 / 0.000         0.000 / 0.000         0.000 / 0.000       ms
[520.060s][info][gc,stats]       Phase: Pause Mark Start                              0.000 / 0.000         0.000 / 0.000         0.000 / 0.000         0.000 / 0.000       ms
[520.060s][info][gc,stats]       Phase: Pause Relocate Start                          0.000 / 0.000         0.000 / 0.000         0.000 / 0.000         0.000 / 0.000       ms
[520.060s][info][gc,stats]       Phase: Pause Verify                                  0.000 / 0.000         0.000 / 0.000         0.000 / 0.000         0.000 / 0.000       ms
[520.060s][info][gc,stats]    Subphase: Concurrent Classes Unload                     0.000 / 0.000         0.000 / 0.000         0.000 / 0.000         0.000 / 0.000       ms
[520.060s][info][gc,stats]    Subphase: Concurrent Mark                               0.000 / 0.000         0.000 / 0.000         0.000 / 0.000         0.000 / 0.000       ms
[520.060s][info][gc,stats]    Subphase: Concurrent Mark Idle                          0.000 / 0.000         0.000 / 0.000         0.000 / 0.000         0.000 / 0.000       ms
[520.060s][info][gc,stats]    Subphase: Concurrent Mark Try Flush                     0.000 / 0.000         0.000 / 0.000         0.000 / 0.000         0.000 / 0.000       ms
[520.060s][info][gc,stats]    Subphase: Concurrent Mark Try Terminate                 0.000 / 0.000         0.000 / 0.000         0.000 / 0.000         0.000 / 0.000       ms
[520.060s][info][gc,stats]    Subphase: Concurrent References Enqueue                 0.000 / 0.000         0.000 / 0.000         0.000 / 0.000         0.000 / 0.000       ms
[520.060s][info][gc,stats]    Subphase: Concurrent References Process                 0.000 / 0.000         0.000 / 0.000         0.000 / 0.000         0.000 / 0.000       ms
[520.060s][info][gc,stats]    Subphase: Concurrent Roots                              0.000 / 0.000         0.000 / 0.000         0.000 / 0.000         0.000 / 0.000       ms
[520.060s][info][gc,stats]    Subphase: Concurrent Roots ClassLoaderDataGraph         0.000 / 0.000         0.000 / 0.000         0.000 / 0.000         0.000 / 0.000       ms
[520.060s][info][gc,stats]    Subphase: Concurrent Roots JNIHandles                   0.000 / 0.000         0.000 / 0.000         0.000 / 0.000         0.000 / 0.000       ms
[520.060s][info][gc,stats]    Subphase: Concurrent Roots Setup                        0.000 / 0.000         0.000 / 0.000         0.000 / 0.000         0.000 / 0.000       ms
[520.060s][info][gc,stats]    Subphase: Concurrent Roots Teardown                     0.000 / 0.000         0.000 / 0.000         0.000 / 0.000         0.000 / 0.000       ms
[520.060s][info][gc,stats]    Subphase: Concurrent Weak Roots                         0.000 / 0.000         0.000 / 0.000         0.000 / 0.000         0.000 / 0.000       ms
[520.060s][info][gc,stats]    Subphase: Concurrent Weak Roots JNIWeakHandles          0.000 / 0.000         0.000 / 0.000         0.000 / 0.000         0.000 / 0.000       ms
[520.060s][info][gc,stats]    Subphase: Concurrent Weak Roots StringTable             0.000 / 0.000         0.000 / 0.000         0.000 / 0.000         0.000 / 0.000       ms
[520.060s][info][gc,stats]    Subphase: Concurrent Weak Roots VMWeakHandles           0.000 / 0.000         0.000 / 0.000         0.000 / 0.000         0.000 / 0.000       ms
[520.060s][info][gc,stats]    Subphase: Pause Mark Try Complete                       0.000 / 0.000         0.000 / 0.000         0.000 / 0.000         0.000 / 0.000       ms
[520.060s][info][gc,stats]    Subphase: Pause Roots                                   0.000 / 0.000         0.000 / 0.000         0.000 / 0.000         0.000 / 0.000       ms
[520.060s][info][gc,stats]    Subphase: Pause Roots CodeCache                         0.000 / 0.000         0.000 / 0.000         0.000 / 0.000         0.000 / 0.000       ms
[520.060s][info][gc,stats]    Subphase: Pause Roots JVMTIExport                       0.000 / 0.000         0.000 / 0.000         0.000 / 0.000         0.000 / 0.000       ms
[520.060s][info][gc,stats]    Subphase: Pause Roots JVMTIWeakExport                   0.000 / 0.000         0.000 / 0.000         0.000 / 0.000         0.000 / 0.000       ms
[520.060s][info][gc,stats]    Subphase: Pause Roots Management                        0.000 / 0.000         0.000 / 0.000         0.000 / 0.000         0.000 / 0.000       ms
[520.060s][info][gc,stats]    Subphase: Pause Roots ObjectSynchronizer                0.000 / 0.000         0.000 / 0.000         0.000 / 0.000         0.000 / 0.000       ms
[520.060s][info][gc,stats]    Subphase: Pause Roots Setup                             0.000 / 0.000         0.000 / 0.000         0.000 / 0.000         0.000 / 0.000       ms
[520.060s][info][gc,stats]    Subphase: Pause Roots SystemDictionary                  0.000 / 0.000         0.000 / 0.000         0.000 / 0.000         0.000 / 0.000       ms
[520.060s][info][gc,stats]    Subphase: Pause Roots Teardown                          0.000 / 0.000         0.000 / 0.000         0.000 / 0.000         0.000 / 0.000       ms
[520.060s][info][gc,stats]    Subphase: Pause Roots Threads                           0.000 / 0.000         0.000 / 0.000         0.000 / 0.000         0.000 / 0.000       ms
[520.060s][info][gc,stats]    Subphase: Pause Roots Universe                          0.000 / 0.000         0.000 / 0.000         0.000 / 0.000         0.000 / 0.000       ms
[520.060s][info][gc,stats]    Subphase: Pause Weak Roots                              0.000 / 0.000         0.000 / 0.000         0.000 / 0.000         0.000 / 0.000       ms
[520.060s][info][gc,stats]    Subphase: Pause Weak Roots JFRWeak                      0.000 / 0.000         0.000 / 0.000         0.000 / 0.000         0.000 / 0.000       ms
[520.060s][info][gc,stats]    Subphase: Pause Weak Roots JVMTIWeakExport              0.000 / 0.000         0.000 / 0.000         0.000 / 0.000         0.000 / 0.000       ms
[520.060s][info][gc,stats]    Subphase: Pause Weak Roots Setup                        0.000 / 0.000         0.000 / 0.000         0.000 / 0.000         0.000 / 0.000       ms
[520.060s][info][gc,stats]    Subphase: Pause Weak Roots Teardown                     0.000 / 0.000         0.000 / 0.000         0.000 / 0.000         0.000 / 0.000       ms
[520.060s][info][gc,stats]      System: Java Threads                                      0 / 0                 0 / 0                 0 / 0                 0 / 0           threads
[520.060s][info][gc,stats] =========================================================================================================================================================
[530.059s][info][gc,stats] === Garbage Collection Statistics =======================================================================================================================
[530.059s][info][gc,stats]                                                              Last 10s              Last 10m              Last 10h                Total
[530.059s][info][gc,stats]                                                              Avg / Max             Avg / Max             Avg / Max             Avg / Max
[530.059s][info][gc,stats]   Collector: Garbage Collection Cycle                      0.000 / 0.000         0.000 / 0.000         0.000 / 0.000         0.000 / 0.000       ms
[530.060s][info][gc,stats]  Contention: Mark Segment Reset Contention                     0 / 0                 0 / 0                 0 / 0                 0 / 0           ops/s
[530.060s][info][gc,stats]  Contention: Mark SeqNum Reset Contention                      0 / 0                 0 / 0                 0 / 0                 0 / 0           ops/s
[530.060s][info][gc,stats]  Contention: Relocation Contention                             0 / 0                 0 / 0                 0 / 0                 0 / 0           ops/s
[530.060s][info][gc,stats]    Critical: Allocation Stall                              0.000 / 0.000         0.000 / 0.000         0.000 / 0.000         0.000 / 0.000       ms
[530.060s][info][gc,stats]    Critical: Allocation Stall                                  0 / 0                 0 / 0                 0 / 0                 0 / 0           ops/s
[530.060s][info][gc,stats]    Critical: GC Locker Stall                               0.000 / 0.000         0.000 / 0.000         0.000 / 0.000         0.000 / 0.000       ms
[530.060s][info][gc,stats]    Critical: GC Locker Stall                                   0 / 0                 0 / 0                 0 / 0                 0 / 0           ops/s
[530.060s][info][gc,stats]      Memory: Allocation Rate                                  32 / 36               16 / 486              16 / 486              16 / 486         MB/s
[530.060s][info][gc,stats]      Memory: Heap Used After Mark                              0 / 0                 0 / 0                 0 / 0                 0 / 0           MB
[530.060s][info][gc,stats]      Memory: Heap Used After Relocation                        0 / 0                 0 / 0                 0 / 0                 0 / 0           MB
[530.060s][info][gc,stats]      Memory: Heap Used Before Mark                             0 / 0                 0 / 0                 0 / 0                 0 / 0           MB
[530.060s][info][gc,stats]      Memory: Heap Used Before Relocation                       0 / 0                 0 / 0                 0 / 0                 0 / 0           MB
[530.060s][info][gc,stats]      Memory: Out Of Memory                                     0 / 0                 0 / 0                 0 / 0                 0 / 0           ops/s
[530.060s][info][gc,stats]      Memory: Page Cache Flush                                  0 / 0                 0 / 0                 0 / 0                 0 / 0           MB/s
[530.060s][info][gc,stats]      Memory: Page Cache Hit L1                                 0 / 0                 0 / 36                0 / 36                0 / 36          ops/s
[530.060s][info][gc,stats]      Memory: Page Cache Hit L2                                 0 / 0                 0 / 30                0 / 30                0 / 30          ops/s
[530.060s][info][gc,stats]      Memory: Page Cache Miss                                  16 / 18                7 / 240               7 / 240               7 / 240         ops/s
[530.060s][info][gc,stats]      Memory: Undo Object Allocation Failed                     0 / 0                 0 / 0                 0 / 0                 0 / 0           ops/s
[530.060s][info][gc,stats]      Memory: Undo Object Allocation Succeeded                  0 / 0                 0 / 0                 0 / 0                 0 / 0           ops/s
[530.060s][info][gc,stats]      Memory: Undo Page Allocation                              0 / 0                 0 / 66                0 / 66                0 / 66          ops/s
[530.060s][info][gc,stats]       Phase: Concurrent Destroy Detached Pages             0.000 / 0.000         0.000 / 0.000         0.000 / 0.000         0.000 / 0.000       ms
[530.060s][info][gc,stats]       Phase: Concurrent Mark                               0.000 / 0.000         0.000 / 0.000         0.000 / 0.000         0.000 / 0.000       ms
[530.060s][info][gc,stats]       Phase: Concurrent Mark Continue                      0.000 / 0.000         0.000 / 0.000         0.000 / 0.000         0.000 / 0.000       ms
[530.060s][info][gc,stats]       Phase: Concurrent Prepare Relocation Set             0.000 / 0.000         0.000 / 0.000         0.000 / 0.000         0.000 / 0.000       ms
[530.060s][info][gc,stats]       Phase: Concurrent Process Non-Strong References      0.000 / 0.000         0.000 / 0.000         0.000 / 0.000         0.000 / 0.000       ms
[530.060s][info][gc,stats]       Phase: Concurrent Relocate                           0.000 / 0.000         0.000 / 0.000         0.000 / 0.000         0.000 / 0.000       ms
[530.060s][info][gc,stats]       Phase: Concurrent Reset Relocation Set               0.000 / 0.000         0.000 / 0.000         0.000 / 0.000         0.000 / 0.000       ms
[530.060s][info][gc,stats]       Phase: Concurrent Select Relocation Set              0.000 / 0.000         0.000 / 0.000         0.000 / 0.000         0.000 / 0.000       ms
[530.060s][info][gc,stats]       Phase: Pause Mark End                                0.000 / 0.000         0.000 / 0.000         0.000 / 0.000         0.000 / 0.000       ms
[530.060s][info][gc,stats]       Phase: Pause Mark Start                              0.000 / 0.000         0.000 / 0.000         0.000 / 0.000         0.000 / 0.000       ms
[530.060s][info][gc,stats]       Phase: Pause Relocate Start                          0.000 / 0.000         0.000 / 0.000         0.000 / 0.000         0.000 / 0.000       ms
[530.060s][info][gc,stats]       Phase: Pause Verify                                  0.000 / 0.000         0.000 / 0.000         0.000 / 0.000         0.000 / 0.000       ms
[530.060s][info][gc,stats]    Subphase: Concurrent Classes Unload                     0.000 / 0.000         0.000 / 0.000         0.000 / 0.000         0.000 / 0.000       ms
[530.060s][info][gc,stats]    Subphase: Concurrent Mark                               0.000 / 0.000         0.000 / 0.000         0.000 / 0.000         0.000 / 0.000       ms
[530.060s][info][gc,stats]    Subphase: Concurrent Mark Idle                          0.000 / 0.000         0.000 / 0.000         0.000 / 0.000         0.000 / 0.000       ms
[530.060s][info][gc,stats]    Subphase: Concurrent Mark Try Flush                     0.000 / 0.000         0.000 / 0.000         0.000 / 0.000         0.000 / 0.000       ms
[530.060s][info][gc,stats]    Subphase: Concurrent Mark Try Terminate                 0.000 / 0.000         0.000 / 0.000         0.000 / 0.000         0.000 / 0.000       ms
[530.060s][info][gc,stats]    Subphase: Concurrent References Enqueue                 0.000 / 0.000         0.000 / 0.000         0.000 / 0.000         0.000 / 0.000       ms
[530.060s][info][gc,stats]    Subphase: Concurrent References Process                 0.000 / 0.000         0.000 / 0.000         0.000 / 0.000         0.000 / 0.000       ms
[530.060s][info][gc,stats]    Subphase: Concurrent Roots                              0.000 / 0.000         0.000 / 0.000         0.000 / 0.000         0.000 / 0.000       ms
[530.060s][info][gc,stats]    Subphase: Concurrent Roots ClassLoaderDataGraph         0.000 / 0.000         0.000 / 0.000         0.000 / 0.000         0.000 / 0.000       ms
[530.060s][info][gc,stats]    Subphase: Concurrent Roots JNIHandles                   0.000 / 0.000         0.000 / 0.000         0.000 / 0.000         0.000 / 0.000       ms
[530.060s][info][gc,stats]    Subphase: Concurrent Roots Setup                        0.000 / 0.000         0.000 / 0.000         0.000 / 0.000         0.000 / 0.000       ms
[530.060s][info][gc,stats]    Subphase: Concurrent Roots Teardown                     0.000 / 0.000         0.000 / 0.000         0.000 / 0.000         0.000 / 0.000       ms
[530.060s][info][gc,stats]    Subphase: Concurrent Weak Roots                         0.000 / 0.000         0.000 / 0.000         0.000 / 0.000         0.000 / 0.000       ms
[530.060s][info][gc,stats]    Subphase: Concurrent Weak Roots JNIWeakHandles          0.000 / 0.000         0.000 / 0.000         0.000 / 0.000         0.000 / 0.000       ms
[530.060s][info][gc,stats]    Subphase: Concurrent Weak Roots StringTable             0.000 / 0.000         0.000 / 0.000         0.000 / 0.000         0.000 / 0.000       ms
[530.060s][info][gc,stats]    Subphase: Concurrent Weak Roots VMWeakHandles           0.000 / 0.000         0.000 / 0.000         0.000 / 0.000         0.000 / 0.000       ms
[530.060s][info][gc,stats]    Subphase: Pause Mark Try Complete                       0.000 / 0.000         0.000 / 0.000         0.000 / 0.000         0.000 / 0.000       ms
[530.060s][info][gc,stats]    Subphase: Pause Roots                                   0.000 / 0.000         0.000 / 0.000         0.000 / 0.000         0.000 / 0.000       ms
[530.060s][info][gc,stats]    Subphase: Pause Roots CodeCache                         0.000 / 0.000         0.000 / 0.000         0.000 / 0.000         0.000 / 0.000       ms
[530.060s][info][gc,stats]    Subphase: Pause Roots JVMTIExport                       0.000 / 0.000         0.000 / 0.000         0.000 / 0.000         0.000 / 0.000       ms
[530.060s][info][gc,stats]    Subphase: Pause Roots JVMTIWeakExport                   0.000 / 0.000         0.000 / 0.000         0.000 / 0.000         0.000 / 0.000       ms
[530.060s][info][gc,stats]    Subphase: Pause Roots Management                        0.000 / 0.000         0.000 / 0.000         0.000 / 0.000         0.000 / 0.000       ms
[530.060s][info][gc,stats]    Subphase: Pause Roots ObjectSynchronizer                0.000 / 0.000         0.000 / 0.000         0.000 / 0.000         0.000 / 0.000       ms
[530.060s][info][gc,stats]    Subphase: Pause Roots Setup                             0.000 / 0.000         0.000 / 0.000         0.000 / 0.000         0.000 / 0.000       ms
[530.060s][info][gc,stats]    Subphase: Pause Roots SystemDictionary                  0.000 / 0.000         0.000 / 0.000         0.000 / 0.000         0.000 / 0.000       ms
[530.060s][info][gc,stats]    Subphase: Pause Roots Teardown                          0.000 / 0.000         0.000 / 0.000         0.000 / 0.000         0.000 / 0.000       ms
[530.060s][info][gc,stats]    Subphase: Pause Roots Threads                           0.000 / 0.000         0.000 / 0.000         0.000 / 0.000         0.000 / 0.000       ms
[530.060s][info][gc,stats]    Subphase: Pause Roots Universe                          0.000 / 0.000         0.000 / 0.000         0.000 / 0.000         0.000 / 0.000       ms
[530.060s][info][gc,stats]    Subphase: Pause Weak Roots                              0.000 / 0.000         0.000 / 0.000         0.000 / 0.000         0.000 / 0.000       ms
[530.060s][info][gc,stats]    Subphase: Pause Weak Roots JFRWeak                      0.000 / 0.000         0.000 / 0.000         0.000 / 0.000         0.000 / 0.000       ms
[530.060s][info][gc,stats]    Subphase: Pause Weak Roots JVMTIWeakExport              0.000 / 0.000         0.000 / 0.000         0.000 / 0.000         0.000 / 0.000       ms
[530.060s][info][gc,stats]    Subphase: Pause Weak Roots Setup                        0.000 / 0.000         0.000 / 0.000         0.000 / 0.000         0.000 / 0.000       ms
[530.060s][info][gc,stats]    Subphase: Pause Weak Roots Teardown                     0.000 / 0.000         0.000 / 0.000         0.000 / 0.000         0.000 / 0.000       ms
[530.060s][info][gc,stats]      System: Java Threads                                      0 / 0                 0 / 0                 0 / 0                 0 / 0           threads
[530.060s][info][gc,stats] =========================================================================================================================================================
[540.060s][info][gc,stats] === Garbage Collection Statistics =======================================================================================================================
[540.060s][info][gc,stats]                                                              Last 10s              Last 10m              Last 10h                Total
[540.060s][info][gc,stats]                                                              Avg / Max             Avg / Max             Avg / Max             Avg / Max
[540.060s][info][gc,stats]   Collector: Garbage Collection Cycle                      0.000 / 0.000         0.000 / 0.000         0.000 / 0.000         0.000 / 0.000       ms
[540.060s][info][gc,stats]  Contention: Mark Segment Reset Contention                     0 / 0                 0 / 0                 0 / 0                 0 / 0           ops/s
[540.060s][info][gc,stats]  Contention: Mark SeqNum Reset Contention                      0 / 0                 0 / 0                 0 / 0                 0 / 0           ops/s
[540.060s][info][gc,stats]  Contention: Relocation Contention                             0 / 0                 0 / 0                 0 / 0                 0 / 0           ops/s
[540.060s][info][gc,stats]    Critical: Allocation Stall                              0.000 / 0.000         0.000 / 0.000         0.000 / 0.000         0.000 / 0.000       ms
[540.060s][info][gc,stats]    Critical: Allocation Stall                                  0 / 0                 0 / 0                 0 / 0                 0 / 0           ops/s
[540.060s][info][gc,stats]    Critical: GC Locker Stall                               0.000 / 0.000         0.000 / 0.000         0.000 / 0.000         0.000 / 0.000       ms
[540.060s][info][gc,stats]    Critical: GC Locker Stall                                   0 / 0                 0 / 0                 0 / 0                 0 / 0           ops/s
[540.060s][info][gc,stats]      Memory: Allocation Rate                                  31 / 34               16 / 486              16 / 486              16 / 486         MB/s
[540.060s][info][gc,stats]      Memory: Heap Used After Mark                              0 / 0                 0 / 0                 0 / 0                 0 / 0           MB
[540.060s][info][gc,stats]      Memory: Heap Used After Relocation                        0 / 0                 0 / 0                 0 / 0                 0 / 0           MB
[540.060s][info][gc,stats]      Memory: Heap Used Before Mark                             0 / 0                 0 / 0                 0 / 0                 0 / 0           MB
[540.060s][info][gc,stats]      Memory: Heap Used Before Relocation                       0 / 0                 0 / 0                 0 / 0                 0 / 0           MB
[540.060s][info][gc,stats]      Memory: Out Of Memory                                     0 / 0                 0 / 0                 0 / 0                 0 / 0           ops/s
[540.060s][info][gc,stats]      Memory: Page Cache Flush                                  0 / 0                 0 / 0                 0 / 0                 0 / 0           MB/s
[540.060s][info][gc,stats]      Memory: Page Cache Hit L1                                 0 / 0                 0 / 36                0 / 36                0 / 36          ops/s
[540.060s][info][gc,stats]      Memory: Page Cache Hit L2                                 0 / 0                 0 / 30                0 / 30                0 / 30          ops/s
[540.060s][info][gc,stats]      Memory: Page Cache Miss                                  15 / 17                8 / 240               8 / 240               8 / 240         ops/s
[540.060s][info][gc,stats]      Memory: Undo Object Allocation Failed                     0 / 0                 0 / 0                 0 / 0                 0 / 0           ops/s
[540.060s][info][gc,stats]      Memory: Undo Object Allocation Succeeded                  0 / 0                 0 / 0                 0 / 0                 0 / 0           ops/s
[540.060s][info][gc,stats]      Memory: Undo Page Allocation                              0 / 0                 0 / 66                0 / 66                0 / 66          ops/s
[540.060s][info][gc,stats]       Phase: Concurrent Destroy Detached Pages             0.000 / 0.000         0.000 / 0.000         0.000 / 0.000         0.000 / 0.000       ms
[540.060s][info][gc,stats]       Phase: Concurrent Mark                               0.000 / 0.000         0.000 / 0.000         0.000 / 0.000         0.000 / 0.000       ms
[540.060s][info][gc,stats]       Phase: Concurrent Mark Continue                      0.000 / 0.000         0.000 / 0.000         0.000 / 0.000         0.000 / 0.000       ms
[540.060s][info][gc,stats]       Phase: Concurrent Prepare Relocation Set             0.000 / 0.000         0.000 / 0.000         0.000 / 0.000         0.000 / 0.000       ms
[540.060s][info][gc,stats]       Phase: Concurrent Process Non-Strong References      0.000 / 0.000         0.000 / 0.000         0.000 / 0.000         0.000 / 0.000       ms
[540.060s][info][gc,stats]       Phase: Concurrent Relocate                           0.000 / 0.000         0.000 / 0.000         0.000 / 0.000         0.000 / 0.000       ms
[540.060s][info][gc,stats]       Phase: Concurrent Reset Relocation Set               0.000 / 0.000         0.000 / 0.000         0.000 / 0.000         0.000 / 0.000       ms
[540.060s][info][gc,stats]       Phase: Concurrent Select Relocation Set              0.000 / 0.000         0.000 / 0.000         0.000 / 0.000         0.000 / 0.000       ms
[540.060s][info][gc,stats]       Phase: Pause Mark End                                0.000 / 0.000         0.000 / 0.000         0.000 / 0.000         0.000 / 0.000       ms
[540.060s][info][gc,stats]       Phase: Pause Mark Start                              0.000 / 0.000         0.000 / 0.000         0.000 / 0.000         0.000 / 0.000       ms
[540.060s][info][gc,stats]       Phase: Pause Relocate Start                          0.000 / 0.000         0.000 / 0.000         0.000 / 0.000         0.000 / 0.000       ms
[540.060s][info][gc,stats]       Phase: Pause Verify                                  0.000 / 0.000         0.000 / 0.000         0.000 / 0.000         0.000 / 0.000       ms
[540.060s][info][gc,stats]    Subphase: Concurrent Classes Unload                     0.000 / 0.000         0.000 / 0.000         0.000 / 0.000         0.000 / 0.000       ms
[540.060s][info][gc,stats]    Subphase: Concurrent Mark                               0.000 / 0.000         0.000 / 0.000         0.000 / 0.000         0.000 / 0.000       ms
[540.060s][info][gc,stats]    Subphase: Concurrent Mark Idle                          0.000 / 0.000         0.000 / 0.000         0.000 / 0.000         0.000 / 0.000       ms
[540.060s][info][gc,stats]    Subphase: Concurrent Mark Try Flush                     0.000 / 0.000         0.000 / 0.000         0.000 / 0.000         0.000 / 0.000       ms
[540.060s][info][gc,stats]    Subphase: Concurrent Mark Try Terminate                 0.000 / 0.000         0.000 / 0.000         0.000 / 0.000         0.000 / 0.000       ms
[540.060s][info][gc,stats]    Subphase: Concurrent References Enqueue                 0.000 / 0.000         0.000 / 0.000         0.000 / 0.000         0.000 / 0.000       ms
[540.060s][info][gc,stats]    Subphase: Concurrent References Process                 0.000 / 0.000         0.000 / 0.000         0.000 / 0.000         0.000 / 0.000       ms
[540.060s][info][gc,stats]    Subphase: Concurrent Roots                              0.000 / 0.000         0.000 / 0.000         0.000 / 0.000         0.000 / 0.000       ms
[540.060s][info][gc,stats]    Subphase: Concurrent Roots ClassLoaderDataGraph         0.000 / 0.000         0.000 / 0.000         0.000 / 0.000         0.000 / 0.000       ms
[540.060s][info][gc,stats]    Subphase: Concurrent Roots JNIHandles                   0.000 / 0.000         0.000 / 0.000         0.000 / 0.000         0.000 / 0.000       ms
[540.060s][info][gc,stats]    Subphase: Concurrent Roots Setup                        0.000 / 0.000         0.000 / 0.000         0.000 / 0.000         0.000 / 0.000       ms
[540.060s][info][gc,stats]    Subphase: Concurrent Roots Teardown                     0.000 / 0.000         0.000 / 0.000         0.000 / 0.000         0.000 / 0.000       ms
[540.060s][info][gc,stats]    Subphase: Concurrent Weak Roots                         0.000 / 0.000         0.000 / 0.000         0.000 / 0.000         0.000 / 0.000       ms
[540.060s][info][gc,stats]    Subphase: Concurrent Weak Roots JNIWeakHandles          0.000 / 0.000         0.000 / 0.000         0.000 / 0.000         0.000 / 0.000       ms
[540.060s][info][gc,stats]    Subphase: Concurrent Weak Roots StringTable             0.000 / 0.000         0.000 / 0.000         0.000 / 0.000         0.000 / 0.000       ms
[540.060s][info][gc,stats]    Subphase: Concurrent Weak Roots VMWeakHandles           0.000 / 0.000         0.000 / 0.000         0.000 / 0.000         0.000 / 0.000       ms
[540.060s][info][gc,stats]    Subphase: Pause Mark Try Complete                       0.000 / 0.000         0.000 / 0.000         0.000 / 0.000         0.000 / 0.000       ms
[540.060s][info][gc,stats]    Subphase: Pause Roots                                   0.000 / 0.000         0.000 / 0.000         0.000 / 0.000         0.000 / 0.000       ms
[540.060s][info][gc,stats]    Subphase: Pause Roots CodeCache                         0.000 / 0.000         0.000 / 0.000         0.000 / 0.000         0.000 / 0.000       ms
[540.060s][info][gc,stats]    Subphase: Pause Roots JVMTIExport                       0.000 / 0.000         0.000 / 0.000         0.000 / 0.000         0.000 / 0.000       ms
[540.060s][info][gc,stats]    Subphase: Pause Roots JVMTIWeakExport                   0.000 / 0.000         0.000 / 0.000         0.000 / 0.000         0.000 / 0.000       ms
[540.060s][info][gc,stats]    Subphase: Pause Roots Management                        0.000 / 0.000         0.000 / 0.000         0.000 / 0.000         0.000 / 0.000       ms
[540.060s][info][gc,stats]    Subphase: Pause Roots ObjectSynchronizer                0.000 / 0.000         0.000 / 0.000         0.000 / 0.000         0.000 / 0.000       ms
[540.060s][info][gc,stats]    Subphase: Pause Roots Setup                             0.000 / 0.000         0.000 / 0.000         0.000 / 0.000         0.000 / 0.000       ms
[540.060s][info][gc,stats]    Subphase: Pause Roots SystemDictionary                  0.000 / 0.000         0.000 / 0.000         0.000 / 0.000         0.000 / 0.000       ms
[540.060s][info][gc,stats]    Subphase: Pause Roots Teardown                          0.000 / 0.000         0.000 / 0.000         0.000 / 0.000         0.000 / 0.000       ms
[540.060s][info][gc,stats]    Subphase: Pause Roots Threads                           0.000 / 0.000         0.000 / 0.000         0.000 / 0.000         0.000 / 0.000       ms
[540.060s][info][gc,stats]    Subphase: Pause Roots Universe                          0.000 / 0.000         0.000 / 0.000         0.000 / 0.000         0.000 / 0.000       ms
[540.060s][info][gc,stats]    Subphase: Pause Weak Roots                              0.000 / 0.000         0.000 / 0.000         0.000 / 0.000         0.000 / 0.000       ms
[540.060s][info][gc,stats]    Subphase: Pause Weak Roots JFRWeak                      0.000 / 0.000         0.000 / 0.000         0.000 / 0.000         0.000 / 0.000       ms
[540.060s][info][gc,stats]    Subphase: Pause Weak Roots JVMTIWeakExport              0.000 / 0.000         0.000 / 0.000         0.000 / 0.000         0.000 / 0.000       ms
[540.060s][info][gc,stats]    Subphase: Pause Weak Roots Setup                        0.000 / 0.000         0.000 / 0.000         0.000 / 0.000         0.000 / 0.000       ms
[540.060s][info][gc,stats]    Subphase: Pause Weak Roots Teardown                     0.000 / 0.000         0.000 / 0.000         0.000 / 0.000         0.000 / 0.000       ms
[540.060s][info][gc,stats]      System: Java Threads                                      0 / 0                 0 / 0                 0 / 0                 0 / 0           threads
[540.060s][info][gc,stats] =========================================================================================================================================================
[550.059s][info][gc,stats] === Garbage Collection Statistics =======================================================================================================================
[550.059s][info][gc,stats]                                                              Last 10s              Last 10m              Last 10h                Total
[550.059s][info][gc,stats]                                                              Avg / Max             Avg / Max             Avg / Max             Avg / Max
[550.059s][info][gc,stats]   Collector: Garbage Collection Cycle                      0.000 / 0.000         0.000 / 0.000         0.000 / 0.000         0.000 / 0.000       ms
[550.059s][info][gc,stats]  Contention: Mark Segment Reset Contention                     0 / 0                 0 / 0                 0 / 0                 0 / 0           ops/s
[550.059s][info][gc,stats]  Contention: Mark SeqNum Reset Contention                      0 / 0                 0 / 0                 0 / 0                 0 / 0           ops/s
[550.060s][info][gc,stats]  Contention: Relocation Contention                             0 / 0                 0 / 0                 0 / 0                 0 / 0           ops/s
[550.060s][info][gc,stats]    Critical: Allocation Stall                              0.000 / 0.000         0.000 / 0.000         0.000 / 0.000         0.000 / 0.000       ms
[550.060s][info][gc,stats]    Critical: Allocation Stall                                  0 / 0                 0 / 0                 0 / 0                 0 / 0           ops/s
[550.060s][info][gc,stats]    Critical: GC Locker Stall                               0.000 / 0.000         0.000 / 0.000         0.000 / 0.000         0.000 / 0.000       ms
[550.060s][info][gc,stats]    Critical: GC Locker Stall                                   0 / 0                 0 / 0                 0 / 0                 0 / 0           ops/s
[550.060s][info][gc,stats]      Memory: Allocation Rate                                  32 / 36               16 / 486              16 / 486              16 / 486         MB/s
[550.060s][info][gc,stats]      Memory: Heap Used After Mark                              0 / 0                 0 / 0                 0 / 0                 0 / 0           MB
[550.060s][info][gc,stats]      Memory: Heap Used After Relocation                        0 / 0                 0 / 0                 0 / 0                 0 / 0           MB
[550.060s][info][gc,stats]      Memory: Heap Used Before Mark                             0 / 0                 0 / 0                 0 / 0                 0 / 0           MB
[550.060s][info][gc,stats]      Memory: Heap Used Before Relocation                       0 / 0                 0 / 0                 0 / 0                 0 / 0           MB
[550.060s][info][gc,stats]      Memory: Out Of Memory                                     0 / 0                 0 / 0                 0 / 0                 0 / 0           ops/s
[550.060s][info][gc,stats]      Memory: Page Cache Flush                                  0 / 0                 0 / 0                 0 / 0                 0 / 0           MB/s
[550.060s][info][gc,stats]      Memory: Page Cache Hit L1                                 0 / 0                 0 / 36                0 / 36                0 / 36          ops/s
[550.060s][info][gc,stats]      Memory: Page Cache Hit L2                                 0 / 0                 0 / 30                0 / 30                0 / 30          ops/s
[550.060s][info][gc,stats]      Memory: Page Cache Miss                                  16 / 18                8 / 240               8 / 240               8 / 240         ops/s
[550.060s][info][gc,stats]      Memory: Undo Object Allocation Failed                     0 / 0                 0 / 0                 0 / 0                 0 / 0           ops/s
[550.060s][info][gc,stats]      Memory: Undo Object Allocation Succeeded                  0 / 0                 0 / 0                 0 / 0                 0 / 0           ops/s
[550.060s][info][gc,stats]      Memory: Undo Page Allocation                              0 / 0                 0 / 66                0 / 66                0 / 66          ops/s
[550.060s][info][gc,stats]       Phase: Concurrent Destroy Detached Pages             0.000 / 0.000         0.000 / 0.000         0.000 / 0.000         0.000 / 0.000       ms
[550.060s][info][gc,stats]       Phase: Concurrent Mark                               0.000 / 0.000         0.000 / 0.000         0.000 / 0.000         0.000 / 0.000       ms
[550.060s][info][gc,stats]       Phase: Concurrent Mark Continue                      0.000 / 0.000         0.000 / 0.000         0.000 / 0.000         0.000 / 0.000       ms
[550.060s][info][gc,stats]       Phase: Concurrent Prepare Relocation Set             0.000 / 0.000         0.000 / 0.000         0.000 / 0.000         0.000 / 0.000       ms
[550.060s][info][gc,stats]       Phase: Concurrent Process Non-Strong References      0.000 / 0.000         0.000 / 0.000         0.000 / 0.000         0.000 / 0.000       ms
[550.060s][info][gc,stats]       Phase: Concurrent Relocate                           0.000 / 0.000         0.000 / 0.000         0.000 / 0.000         0.000 / 0.000       ms
[550.060s][info][gc,stats]       Phase: Concurrent Reset Relocation Set               0.000 / 0.000         0.000 / 0.000         0.000 / 0.000         0.000 / 0.000       ms
[550.060s][info][gc,stats]       Phase: Concurrent Select Relocation Set              0.000 / 0.000         0.000 / 0.000         0.000 / 0.000         0.000 / 0.000       ms
[550.060s][info][gc,stats]       Phase: Pause Mark End                                0.000 / 0.000         0.000 / 0.000         0.000 / 0.000         0.000 / 0.000       ms
[550.060s][info][gc,stats]       Phase: Pause Mark Start                              0.000 / 0.000         0.000 / 0.000         0.000 / 0.000         0.000 / 0.000       ms
[550.060s][info][gc,stats]       Phase: Pause Relocate Start                          0.000 / 0.000         0.000 / 0.000         0.000 / 0.000         0.000 / 0.000       ms
[550.060s][info][gc,stats]       Phase: Pause Verify                                  0.000 / 0.000         0.000 / 0.000         0.000 / 0.000         0.000 / 0.000       ms
[550.060s][info][gc,stats]    Subphase: Concurrent Classes Unload                     0.000 / 0.000         0.000 / 0.000         0.000 / 0.000         0.000 / 0.000       ms
[550.060s][info][gc,stats]    Subphase: Concurrent Mark                               0.000 / 0.000         0.000 / 0.000         0.000 / 0.000         0.000 / 0.000       ms
[550.060s][info][gc,stats]    Subphase: Concurrent Mark Idle                          0.000 / 0.000         0.000 / 0.000         0.000 / 0.000         0.000 / 0.000       ms
[550.060s][info][gc,stats]    Subphase: Concurrent Mark Try Flush                     0.000 / 0.000         0.000 / 0.000         0.000 / 0.000         0.000 / 0.000       ms
[550.060s][info][gc,stats]    Subphase: Concurrent Mark Try Terminate                 0.000 / 0.000         0.000 / 0.000         0.000 / 0.000         0.000 / 0.000       ms
[550.060s][info][gc,stats]    Subphase: Concurrent References Enqueue                 0.000 / 0.000         0.000 / 0.000         0.000 / 0.000         0.000 / 0.000       ms
[550.060s][info][gc,stats]    Subphase: Concurrent References Process                 0.000 / 0.000         0.000 / 0.000         0.000 / 0.000         0.000 / 0.000       ms
[550.060s][info][gc,stats]    Subphase: Concurrent Roots                              0.000 / 0.000         0.000 / 0.000         0.000 / 0.000         0.000 / 0.000       ms
[550.060s][info][gc,stats]    Subphase: Concurrent Roots ClassLoaderDataGraph         0.000 / 0.000         0.000 / 0.000         0.000 / 0.000         0.000 / 0.000       ms
[550.060s][info][gc,stats]    Subphase: Concurrent Roots JNIHandles                   0.000 / 0.000         0.000 / 0.000         0.000 / 0.000         0.000 / 0.000       ms
[550.060s][info][gc,stats]    Subphase: Concurrent Roots Setup                        0.000 / 0.000         0.000 / 0.000         0.000 / 0.000         0.000 / 0.000       ms
[550.060s][info][gc,stats]    Subphase: Concurrent Roots Teardown                     0.000 / 0.000         0.000 / 0.000         0.000 / 0.000         0.000 / 0.000       ms
[550.060s][info][gc,stats]    Subphase: Concurrent Weak Roots                         0.000 / 0.000         0.000 / 0.000         0.000 / 0.000         0.000 / 0.000       ms
[550.060s][info][gc,stats]    Subphase: Concurrent Weak Roots JNIWeakHandles          0.000 / 0.000         0.000 / 0.000         0.000 / 0.000         0.000 / 0.000       ms
[550.060s][info][gc,stats]    Subphase: Concurrent Weak Roots StringTable             0.000 / 0.000         0.000 / 0.000         0.000 / 0.000         0.000 / 0.000       ms
[550.060s][info][gc,stats]    Subphase: Concurrent Weak Roots VMWeakHandles           0.000 / 0.000         0.000 / 0.000         0.000 / 0.000         0.000 / 0.000       ms
[550.060s][info][gc,stats]    Subphase: Pause Mark Try Complete                       0.000 / 0.000         0.000 / 0.000         0.000 / 0.000         0.000 / 0.000       ms
[550.060s][info][gc,stats]    Subphase: Pause Roots                                   0.000 / 0.000         0.000 / 0.000         0.000 / 0.000         0.000 / 0.000       ms
[550.060s][info][gc,stats]    Subphase: Pause Roots CodeCache                         0.000 / 0.000         0.000 / 0.000         0.000 / 0.000         0.000 / 0.000       ms
[550.060s][info][gc,stats]    Subphase: Pause Roots JVMTIExport                       0.000 / 0.000         0.000 / 0.000         0.000 / 0.000         0.000 / 0.000       ms
[550.060s][info][gc,stats]    Subphase: Pause Roots JVMTIWeakExport                   0.000 / 0.000         0.000 / 0.000         0.000 / 0.000         0.000 / 0.000       ms
[550.060s][info][gc,stats]    Subphase: Pause Roots Management                        0.000 / 0.000         0.000 / 0.000         0.000 / 0.000         0.000 / 0.000       ms
[550.060s][info][gc,stats]    Subphase: Pause Roots ObjectSynchronizer                0.000 / 0.000         0.000 / 0.000         0.000 / 0.000         0.000 / 0.000       ms
[550.060s][info][gc,stats]    Subphase: Pause Roots Setup                             0.000 / 0.000         0.000 / 0.000         0.000 / 0.000         0.000 / 0.000       ms
[550.060s][info][gc,stats]    Subphase: Pause Roots SystemDictionary                  0.000 / 0.000         0.000 / 0.000         0.000 / 0.000         0.000 / 0.000       ms
[550.060s][info][gc,stats]    Subphase: Pause Roots Teardown                          0.000 / 0.000         0.000 / 0.000         0.000 / 0.000         0.000 / 0.000       ms
[550.060s][info][gc,stats]    Subphase: Pause Roots Threads                           0.000 / 0.000         0.000 / 0.000         0.000 / 0.000         0.000 / 0.000       ms
[550.060s][info][gc,stats]    Subphase: Pause Roots Universe                          0.000 / 0.000         0.000 / 0.000         0.000 / 0.000         0.000 / 0.000       ms
[550.060s][info][gc,stats]    Subphase: Pause Weak Roots                              0.000 / 0.000         0.000 / 0.000         0.000 / 0.000         0.000 / 0.000       ms
[550.060s][info][gc,stats]    Subphase: Pause Weak Roots JFRWeak                      0.000 / 0.000         0.000 / 0.000         0.000 / 0.000         0.000 / 0.000       ms
[550.060s][info][gc,stats]    Subphase: Pause Weak Roots JVMTIWeakExport              0.000 / 0.000         0.000 / 0.000         0.000 / 0.000         0.000 / 0.000       ms
[550.060s][info][gc,stats]    Subphase: Pause Weak Roots Setup                        0.000 / 0.000         0.000 / 0.000         0.000 / 0.000         0.000 / 0.000       ms
[550.060s][info][gc,stats]    Subphase: Pause Weak Roots Teardown                     0.000 / 0.000         0.000 / 0.000         0.000 / 0.000         0.000 / 0.000       ms
[550.060s][info][gc,stats]      System: Java Threads                                      0 / 0                 0 / 0                 0 / 0                 0 / 0           threads
[550.060s][info][gc,stats] =========================================================================================================================================================
[560.060s][info][gc,stats] === Garbage Collection Statistics =======================================================================================================================
[560.060s][info][gc,stats]                                                              Last 10s              Last 10m              Last 10h                Total
[560.060s][info][gc,stats]                                                              Avg / Max             Avg / Max             Avg / Max             Avg / Max
[560.060s][info][gc,stats]   Collector: Garbage Collection Cycle                      0.000 / 0.000         0.000 / 0.000         0.000 / 0.000         0.000 / 0.000       ms
[560.060s][info][gc,stats]  Contention: Mark Segment Reset Contention                     0 / 0                 0 / 0                 0 / 0                 0 / 0           ops/s
[560.060s][info][gc,stats]  Contention: Mark SeqNum Reset Contention                      0 / 0                 0 / 0                 0 / 0                 0 / 0           ops/s
[560.060s][info][gc,stats]  Contention: Relocation Contention                             0 / 0                 0 / 0                 0 / 0                 0 / 0           ops/s
[560.060s][info][gc,stats]    Critical: Allocation Stall                              0.000 / 0.000         0.000 / 0.000         0.000 / 0.000         0.000 / 0.000       ms
[560.060s][info][gc,stats]    Critical: Allocation Stall                                  0 / 0                 0 / 0                 0 / 0                 0 / 0           ops/s
[560.060s][info][gc,stats]    Critical: GC Locker Stall                               0.000 / 0.000         0.000 / 0.000         0.000 / 0.000         0.000 / 0.000       ms
[560.060s][info][gc,stats]    Critical: GC Locker Stall                                   0 / 0                 0 / 0                 0 / 0                 0 / 0           ops/s
[560.060s][info][gc,stats]      Memory: Allocation Rate                                  31 / 34               17 / 486              17 / 486              17 / 486         MB/s
[560.060s][info][gc,stats]      Memory: Heap Used After Mark                              0 / 0                 0 / 0                 0 / 0                 0 / 0           MB
[560.060s][info][gc,stats]      Memory: Heap Used After Relocation                        0 / 0                 0 / 0                 0 / 0                 0 / 0           MB
[560.060s][info][gc,stats]      Memory: Heap Used Before Mark                             0 / 0                 0 / 0                 0 / 0                 0 / 0           MB
[560.060s][info][gc,stats]      Memory: Heap Used Before Relocation                       0 / 0                 0 / 0                 0 / 0                 0 / 0           MB
[560.060s][info][gc,stats]      Memory: Out Of Memory                                     0 / 0                 0 / 0                 0 / 0                 0 / 0           ops/s
[560.060s][info][gc,stats]      Memory: Page Cache Flush                                  0 / 0                 0 / 0                 0 / 0                 0 / 0           MB/s
[560.060s][info][gc,stats]      Memory: Page Cache Hit L1                                 0 / 0                 0 / 36                0 / 36                0 / 36          ops/s
[560.060s][info][gc,stats]      Memory: Page Cache Hit L2                                 0 / 0                 0 / 30                0 / 30                0 / 30          ops/s
[560.060s][info][gc,stats]      Memory: Page Cache Miss                                  15 / 17                8 / 240               8 / 240               8 / 240         ops/s
[560.060s][info][gc,stats]      Memory: Undo Object Allocation Failed                     0 / 0                 0 / 0                 0 / 0                 0 / 0           ops/s
[560.060s][info][gc,stats]      Memory: Undo Object Allocation Succeeded                  0 / 0                 0 / 0                 0 / 0                 0 / 0           ops/s
[560.060s][info][gc,stats]      Memory: Undo Page Allocation                              0 / 0                 0 / 66                0 / 66                0 / 66          ops/s
[560.060s][info][gc,stats]       Phase: Concurrent Destroy Detached Pages             0.000 / 0.000         0.000 / 0.000         0.000 / 0.000         0.000 / 0.000       ms
[560.060s][info][gc,stats]       Phase: Concurrent Mark                               0.000 / 0.000         0.000 / 0.000         0.000 / 0.000         0.000 / 0.000       ms
[560.060s][info][gc,stats]       Phase: Concurrent Mark Continue                      0.000 / 0.000         0.000 / 0.000         0.000 / 0.000         0.000 / 0.000       ms
[560.060s][info][gc,stats]       Phase: Concurrent Prepare Relocation Set             0.000 / 0.000         0.000 / 0.000         0.000 / 0.000         0.000 / 0.000       ms
[560.060s][info][gc,stats]       Phase: Concurrent Process Non-Strong References      0.000 / 0.000         0.000 / 0.000         0.000 / 0.000         0.000 / 0.000       ms
[560.060s][info][gc,stats]       Phase: Concurrent Relocate                           0.000 / 0.000         0.000 / 0.000         0.000 / 0.000         0.000 / 0.000       ms
[560.060s][info][gc,stats]       Phase: Concurrent Reset Relocation Set               0.000 / 0.000         0.000 / 0.000         0.000 / 0.000         0.000 / 0.000       ms
[560.060s][info][gc,stats]       Phase: Concurrent Select Relocation Set              0.000 / 0.000         0.000 / 0.000         0.000 / 0.000         0.000 / 0.000       ms
[560.060s][info][gc,stats]       Phase: Pause Mark End                                0.000 / 0.000         0.000 / 0.000         0.000 / 0.000         0.000 / 0.000       ms
[560.060s][info][gc,stats]       Phase: Pause Mark Start                              0.000 / 0.000         0.000 / 0.000         0.000 / 0.000         0.000 / 0.000       ms
[560.060s][info][gc,stats]       Phase: Pause Relocate Start                          0.000 / 0.000         0.000 / 0.000         0.000 / 0.000         0.000 / 0.000       ms
[560.060s][info][gc,stats]       Phase: Pause Verify                                  0.000 / 0.000         0.000 / 0.000         0.000 / 0.000         0.000 / 0.000       ms
[560.060s][info][gc,stats]    Subphase: Concurrent Classes Unload                     0.000 / 0.000         0.000 / 0.000         0.000 / 0.000         0.000 / 0.000       ms
[560.060s][info][gc,stats]    Subphase: Concurrent Mark                               0.000 / 0.000         0.000 / 0.000         0.000 / 0.000         0.000 / 0.000       ms
[560.060s][info][gc,stats]    Subphase: Concurrent Mark Idle                          0.000 / 0.000         0.000 / 0.000         0.000 / 0.000         0.000 / 0.000       ms
[560.060s][info][gc,stats]    Subphase: Concurrent Mark Try Flush                     0.000 / 0.000         0.000 / 0.000         0.000 / 0.000         0.000 / 0.000       ms
[560.060s][info][gc,stats]    Subphase: Concurrent Mark Try Terminate                 0.000 / 0.000         0.000 / 0.000         0.000 / 0.000         0.000 / 0.000       ms
[560.060s][info][gc,stats]    Subphase: Concurrent References Enqueue                 0.000 / 0.000         0.000 / 0.000         0.000 / 0.000         0.000 / 0.000       ms
[560.060s][info][gc,stats]    Subphase: Concurrent References Process                 0.000 / 0.000         0.000 / 0.000         0.000 / 0.000         0.000 / 0.000       ms
[560.060s][info][gc,stats]    Subphase: Concurrent Roots                              0.000 / 0.000         0.000 / 0.000         0.000 / 0.000         0.000 / 0.000       ms
[560.060s][info][gc,stats]    Subphase: Concurrent Roots ClassLoaderDataGraph         0.000 / 0.000         0.000 / 0.000         0.000 / 0.000         0.000 / 0.000       ms
[560.060s][info][gc,stats]    Subphase: Concurrent Roots JNIHandles                   0.000 / 0.000         0.000 / 0.000         0.000 / 0.000         0.000 / 0.000       ms
[560.060s][info][gc,stats]    Subphase: Concurrent Roots Setup                        0.000 / 0.000         0.000 / 0.000         0.000 / 0.000         0.000 / 0.000       ms
[560.060s][info][gc,stats]    Subphase: Concurrent Roots Teardown                     0.000 / 0.000         0.000 / 0.000         0.000 / 0.000         0.000 / 0.000       ms
[560.060s][info][gc,stats]    Subphase: Concurrent Weak Roots                         0.000 / 0.000         0.000 / 0.000         0.000 / 0.000         0.000 / 0.000       ms
[560.060s][info][gc,stats]    Subphase: Concurrent Weak Roots JNIWeakHandles          0.000 / 0.000         0.000 / 0.000         0.000 / 0.000         0.000 / 0.000       ms
[560.060s][info][gc,stats]    Subphase: Concurrent Weak Roots StringTable             0.000 / 0.000         0.000 / 0.000         0.000 / 0.000         0.000 / 0.000       ms
[560.060s][info][gc,stats]    Subphase: Concurrent Weak Roots VMWeakHandles           0.000 / 0.000         0.000 / 0.000         0.000 / 0.000         0.000 / 0.000       ms
[560.060s][info][gc,stats]    Subphase: Pause Mark Try Complete                       0.000 / 0.000         0.000 / 0.000         0.000 / 0.000         0.000 / 0.000       ms
[560.060s][info][gc,stats]    Subphase: Pause Roots                                   0.000 / 0.000         0.000 / 0.000         0.000 / 0.000         0.000 / 0.000       ms
[560.060s][info][gc,stats]    Subphase: Pause Roots CodeCache                         0.000 / 0.000         0.000 / 0.000         0.000 / 0.000         0.000 / 0.000       ms
[560.060s][info][gc,stats]    Subphase: Pause Roots JVMTIExport                       0.000 / 0.000         0.000 / 0.000         0.000 / 0.000         0.000 / 0.000       ms
[560.061s][info][gc,stats]    Subphase: Pause Roots JVMTIWeakExport                   0.000 / 0.000         0.000 / 0.000         0.000 / 0.000         0.000 / 0.000       ms
[560.061s][info][gc,stats]    Subphase: Pause Roots Management                        0.000 / 0.000         0.000 / 0.000         0.000 / 0.000         0.000 / 0.000       ms
[560.061s][info][gc,stats]    Subphase: Pause Roots ObjectSynchronizer                0.000 / 0.000         0.000 / 0.000         0.000 / 0.000         0.000 / 0.000       ms
[560.061s][info][gc,stats]    Subphase: Pause Roots Setup                             0.000 / 0.000         0.000 / 0.000         0.000 / 0.000         0.000 / 0.000       ms
[560.061s][info][gc,stats]    Subphase: Pause Roots SystemDictionary                  0.000 / 0.000         0.000 / 0.000         0.000 / 0.000         0.000 / 0.000       ms
[560.061s][info][gc,stats]    Subphase: Pause Roots Teardown                          0.000 / 0.000         0.000 / 0.000         0.000 / 0.000         0.000 / 0.000       ms
[560.061s][info][gc,stats]    Subphase: Pause Roots Threads                           0.000 / 0.000         0.000 / 0.000         0.000 / 0.000         0.000 / 0.000       ms
[560.061s][info][gc,stats]    Subphase: Pause Roots Universe                          0.000 / 0.000         0.000 / 0.000         0.000 / 0.000         0.000 / 0.000       ms
[560.061s][info][gc,stats]    Subphase: Pause Weak Roots                              0.000 / 0.000         0.000 / 0.000         0.000 / 0.000         0.000 / 0.000       ms
[560.061s][info][gc,stats]    Subphase: Pause Weak Roots JFRWeak                      0.000 / 0.000         0.000 / 0.000         0.000 / 0.000         0.000 / 0.000       ms
[560.061s][info][gc,stats]    Subphase: Pause Weak Roots JVMTIWeakExport              0.000 / 0.000         0.000 / 0.000         0.000 / 0.000         0.000 / 0.000       ms
[560.061s][info][gc,stats]    Subphase: Pause Weak Roots Setup                        0.000 / 0.000         0.000 / 0.000         0.000 / 0.000         0.000 / 0.000       ms
[560.061s][info][gc,stats]    Subphase: Pause Weak Roots Teardown                     0.000 / 0.000         0.000 / 0.000         0.000 / 0.000         0.000 / 0.000       ms
[560.061s][info][gc,stats]      System: Java Threads                                      0 / 0                 0 / 0                 0 / 0                 0 / 0           threads
[560.061s][info][gc,stats] =========================================================================================================================================================
[570.060s][info][gc,stats] === Garbage Collection Statistics =======================================================================================================================
[570.060s][info][gc,stats]                                                              Last 10s              Last 10m              Last 10h                Total
[570.060s][info][gc,stats]                                                              Avg / Max             Avg / Max             Avg / Max             Avg / Max
[570.060s][info][gc,stats]   Collector: Garbage Collection Cycle                      0.000 / 0.000         0.000 / 0.000         0.000 / 0.000         0.000 / 0.000       ms
[570.060s][info][gc,stats]  Contention: Mark Segment Reset Contention                     0 / 0                 0 / 0                 0 / 0                 0 / 0           ops/s
[570.060s][info][gc,stats]  Contention: Mark SeqNum Reset Contention                      0 / 0                 0 / 0                 0 / 0                 0 / 0           ops/s
[570.060s][info][gc,stats]  Contention: Relocation Contention                             0 / 0                 0 / 0                 0 / 0                 0 / 0           ops/s
[570.060s][info][gc,stats]    Critical: Allocation Stall                              0.000 / 0.000         0.000 / 0.000         0.000 / 0.000         0.000 / 0.000       ms
[570.060s][info][gc,stats]    Critical: Allocation Stall                                  0 / 0                 0 / 0                 0 / 0                 0 / 0           ops/s
[570.060s][info][gc,stats]    Critical: GC Locker Stall                               0.000 / 0.000         0.000 / 0.000         0.000 / 0.000         0.000 / 0.000       ms
[570.060s][info][gc,stats]    Critical: GC Locker Stall                                   0 / 0                 0 / 0                 0 / 0                 0 / 0           ops/s
[570.060s][info][gc,stats]      Memory: Allocation Rate                                  31 / 36               17 / 486              17 / 486              17 / 486         MB/s
[570.060s][info][gc,stats]      Memory: Heap Used After Mark                              0 / 0                 0 / 0                 0 / 0                 0 / 0           MB
[570.060s][info][gc,stats]      Memory: Heap Used After Relocation                        0 / 0                 0 / 0                 0 / 0                 0 / 0           MB
[570.060s][info][gc,stats]      Memory: Heap Used Before Mark                             0 / 0                 0 / 0                 0 / 0                 0 / 0           MB
[570.060s][info][gc,stats]      Memory: Heap Used Before Relocation                       0 / 0                 0 / 0                 0 / 0                 0 / 0           MB
[570.060s][info][gc,stats]      Memory: Out Of Memory                                     0 / 0                 0 / 0                 0 / 0                 0 / 0           ops/s
[570.060s][info][gc,stats]      Memory: Page Cache Flush                                  0 / 0                 0 / 0                 0 / 0                 0 / 0           MB/s
[570.060s][info][gc,stats]      Memory: Page Cache Hit L1                                 0 / 0                 0 / 36                0 / 36                0 / 36          ops/s
[570.060s][info][gc,stats]      Memory: Page Cache Hit L2                                 0 / 0                 0 / 30                0 / 30                0 / 30          ops/s
[570.060s][info][gc,stats]      Memory: Page Cache Miss                                  15 / 18                8 / 240               8 / 240               8 / 240         ops/s
[570.060s][info][gc,stats]      Memory: Undo Object Allocation Failed                     0 / 0                 0 / 0                 0 / 0                 0 / 0           ops/s
[570.060s][info][gc,stats]      Memory: Undo Object Allocation Succeeded                  0 / 0                 0 / 0                 0 / 0                 0 / 0           ops/s
[570.060s][info][gc,stats]      Memory: Undo Page Allocation                              0 / 0                 0 / 66                0 / 66                0 / 66          ops/s
[570.060s][info][gc,stats]       Phase: Concurrent Destroy Detached Pages             0.000 / 0.000         0.000 / 0.000         0.000 / 0.000         0.000 / 0.000       ms
[570.060s][info][gc,stats]       Phase: Concurrent Mark                               0.000 / 0.000         0.000 / 0.000         0.000 / 0.000         0.000 / 0.000       ms
[570.060s][info][gc,stats]       Phase: Concurrent Mark Continue                      0.000 / 0.000         0.000 / 0.000         0.000 / 0.000         0.000 / 0.000       ms
[570.060s][info][gc,stats]       Phase: Concurrent Prepare Relocation Set             0.000 / 0.000         0.000 / 0.000         0.000 / 0.000         0.000 / 0.000       ms
[570.060s][info][gc,stats]       Phase: Concurrent Process Non-Strong References      0.000 / 0.000         0.000 / 0.000         0.000 / 0.000         0.000 / 0.000       ms
[570.060s][info][gc,stats]       Phase: Concurrent Relocate                           0.000 / 0.000         0.000 / 0.000         0.000 / 0.000         0.000 / 0.000       ms
[570.060s][info][gc,stats]       Phase: Concurrent Reset Relocation Set               0.000 / 0.000         0.000 / 0.000         0.000 / 0.000         0.000 / 0.000       ms
[570.060s][info][gc,stats]       Phase: Concurrent Select Relocation Set              0.000 / 0.000         0.000 / 0.000         0.000 / 0.000         0.000 / 0.000       ms
[570.060s][info][gc,stats]       Phase: Pause Mark End                                0.000 / 0.000         0.000 / 0.000         0.000 / 0.000         0.000 / 0.000       ms
[570.060s][info][gc,stats]       Phase: Pause Mark Start                              0.000 / 0.000         0.000 / 0.000         0.000 / 0.000         0.000 / 0.000       ms
[570.060s][info][gc,stats]       Phase: Pause Relocate Start                          0.000 / 0.000         0.000 / 0.000         0.000 / 0.000         0.000 / 0.000       ms
[570.060s][info][gc,stats]       Phase: Pause Verify                                  0.000 / 0.000         0.000 / 0.000         0.000 / 0.000         0.000 / 0.000       ms
[570.060s][info][gc,stats]    Subphase: Concurrent Classes Unload                     0.000 / 0.000         0.000 / 0.000         0.000 / 0.000         0.000 / 0.000       ms
[570.060s][info][gc,stats]    Subphase: Concurrent Mark                               0.000 / 0.000         0.000 / 0.000         0.000 / 0.000         0.000 / 0.000       ms
[570.060s][info][gc,stats]    Subphase: Concurrent Mark Idle                          0.000 / 0.000         0.000 / 0.000         0.000 / 0.000         0.000 / 0.000       ms
[570.060s][info][gc,stats]    Subphase: Concurrent Mark Try Flush                     0.000 / 0.000         0.000 / 0.000         0.000 / 0.000         0.000 / 0.000       ms
[570.060s][info][gc,stats]    Subphase: Concurrent Mark Try Terminate                 0.000 / 0.000         0.000 / 0.000         0.000 / 0.000         0.000 / 0.000       ms
[570.060s][info][gc,stats]    Subphase: Concurrent References Enqueue                 0.000 / 0.000         0.000 / 0.000         0.000 / 0.000         0.000 / 0.000       ms
[570.060s][info][gc,stats]    Subphase: Concurrent References Process                 0.000 / 0.000         0.000 / 0.000         0.000 / 0.000         0.000 / 0.000       ms
[570.060s][info][gc,stats]    Subphase: Concurrent Roots                              0.000 / 0.000         0.000 / 0.000         0.000 / 0.000         0.000 / 0.000       ms
[570.060s][info][gc,stats]    Subphase: Concurrent Roots ClassLoaderDataGraph         0.000 / 0.000         0.000 / 0.000         0.000 / 0.000         0.000 / 0.000       ms
[570.060s][info][gc,stats]    Subphase: Concurrent Roots JNIHandles                   0.000 / 0.000         0.000 / 0.000         0.000 / 0.000         0.000 / 0.000       ms
[570.060s][info][gc,stats]    Subphase: Concurrent Roots Setup                        0.000 / 0.000         0.000 / 0.000         0.000 / 0.000         0.000 / 0.000       ms
[570.060s][info][gc,stats]    Subphase: Concurrent Roots Teardown                     0.000 / 0.000         0.000 / 0.000         0.000 / 0.000         0.000 / 0.000       ms
[570.060s][info][gc,stats]    Subphase: Concurrent Weak Roots                         0.000 / 0.000         0.000 / 0.000         0.000 / 0.000         0.000 / 0.000       ms
[570.060s][info][gc,stats]    Subphase: Concurrent Weak Roots JNIWeakHandles          0.000 / 0.000         0.000 / 0.000         0.000 / 0.000         0.000 / 0.000       ms
[570.060s][info][gc,stats]    Subphase: Concurrent Weak Roots StringTable             0.000 / 0.000         0.000 / 0.000         0.000 / 0.000         0.000 / 0.000       ms
[570.060s][info][gc,stats]    Subphase: Concurrent Weak Roots VMWeakHandles           0.000 / 0.000         0.000 / 0.000         0.000 / 0.000         0.000 / 0.000       ms
[570.060s][info][gc,stats]    Subphase: Pause Mark Try Complete                       0.000 / 0.000         0.000 / 0.000         0.000 / 0.000         0.000 / 0.000       ms
[570.060s][info][gc,stats]    Subphase: Pause Roots                                   0.000 / 0.000         0.000 / 0.000         0.000 / 0.000         0.000 / 0.000       ms
[570.060s][info][gc,stats]    Subphase: Pause Roots CodeCache                         0.000 / 0.000         0.000 / 0.000         0.000 / 0.000         0.000 / 0.000       ms
[570.060s][info][gc,stats]    Subphase: Pause Roots JVMTIExport                       0.000 / 0.000         0.000 / 0.000         0.000 / 0.000         0.000 / 0.000       ms
[570.060s][info][gc,stats]    Subphase: Pause Roots JVMTIWeakExport                   0.000 / 0.000         0.000 / 0.000         0.000 / 0.000         0.000 / 0.000       ms
[570.060s][info][gc,stats]    Subphase: Pause Roots Management                        0.000 / 0.000         0.000 / 0.000         0.000 / 0.000         0.000 / 0.000       ms
[570.060s][info][gc,stats]    Subphase: Pause Roots ObjectSynchronizer                0.000 / 0.000         0.000 / 0.000         0.000 / 0.000         0.000 / 0.000       ms
[570.060s][info][gc,stats]    Subphase: Pause Roots Setup                             0.000 / 0.000         0.000 / 0.000         0.000 / 0.000         0.000 / 0.000       ms
[570.060s][info][gc,stats]    Subphase: Pause Roots SystemDictionary                  0.000 / 0.000         0.000 / 0.000         0.000 / 0.000         0.000 / 0.000       ms
[570.060s][info][gc,stats]    Subphase: Pause Roots Teardown                          0.000 / 0.000         0.000 / 0.000         0.000 / 0.000         0.000 / 0.000       ms
[570.060s][info][gc,stats]    Subphase: Pause Roots Threads                           0.000 / 0.000         0.000 / 0.000         0.000 / 0.000         0.000 / 0.000       ms
[570.060s][info][gc,stats]    Subphase: Pause Roots Universe                          0.000 / 0.000         0.000 / 0.000         0.000 / 0.000         0.000 / 0.000       ms
[570.060s][info][gc,stats]    Subphase: Pause Weak Roots                              0.000 / 0.000         0.000 / 0.000         0.000 / 0.000         0.000 / 0.000       ms
[570.060s][info][gc,stats]    Subphase: Pause Weak Roots JFRWeak                      0.000 / 0.000         0.000 / 0.000         0.000 / 0.000         0.000 / 0.000       ms
[570.060s][info][gc,stats]    Subphase: Pause Weak Roots JVMTIWeakExport              0.000 / 0.000         0.000 / 0.000         0.000 / 0.000         0.000 / 0.000       ms
[570.060s][info][gc,stats]    Subphase: Pause Weak Roots Setup                        0.000 / 0.000         0.000 / 0.000         0.000 / 0.000         0.000 / 0.000       ms
[570.060s][info][gc,stats]    Subphase: Pause Weak Roots Teardown                     0.000 / 0.000         0.000 / 0.000         0.000 / 0.000         0.000 / 0.000       ms
[570.060s][info][gc,stats]      System: Java Threads                                      0 / 0                 0 / 0                 0 / 0                 0 / 0           threads
[570.060s][info][gc,stats] =========================================================================================================================================================
[578.860s][info][gc,start] GC(0) Garbage Collection (Warmup)
[578.861s][info][gc,phases] GC(0) Pause Mark Start 1.474ms
[578.965s][info][gc,phases] GC(0) Concurrent Mark 103.126ms
[578.966s][info][gc,phases] GC(0) Pause Mark End 1.249ms
[578.970s][info][gc,phases] GC(0) Concurrent Mark Continue 3.657ms
[578.970s][info][gc,phases] GC(0) Pause Mark End 0.252ms
[578.994s][info][gc,phases] GC(0) Concurrent Process Non-Strong References 23.259ms
[578.994s][info][gc,phases] GC(0) Concurrent Reset Relocation Set 0.001ms
[578.994s][info][gc,phases] GC(0) Concurrent Destroy Detached Pages 0.001ms
[579.006s][info][gc,phases] GC(0) Concurrent Select Relocation Set 11.944ms
[579.102s][info][gc,phases] GC(0) Concurrent Prepare Relocation Set 96.801ms
[579.103s][info][gc,phases] GC(0) Pause Relocate Start 0.224ms
[579.194s][info][gc,phases] GC(0) Concurrent Relocate 91.205ms
[579.194s][info][gc,load  ] GC(0) Load: 0.20/0.62/0.52
[579.194s][info][gc,mmu   ] GC(0) MMU: 2ms/26.3%, 5ms/70.5%, 10ms/85.0%, 20ms/92.5%, 50ms/97.0%, 100ms/98.5%
[579.194s][info][gc,marking] GC(0) Mark: 8 stripe(s), 9 proactive flush(es), 2 terminate flush(es), 1 completion(s), 1 continuation(s) 
[579.194s][info][gc,reloc  ] GC(0) Relocation: Successful, 606M relocated
[579.194s][info][gc,nmethod] GC(0) NMethods: 6093 registered, 865 unregistered
[579.194s][info][gc,metaspace] GC(0) Metaspace: 41M used, 42M capacity, 42M committed, 44M reserved
[579.194s][info][gc,ref      ] GC(0) Soft: 3428 encountered, 0 discovered, 0 enqueued
[579.194s][info][gc,ref      ] GC(0) Weak: 231961 encountered, 230981 discovered, 230384 enqueued
[579.194s][info][gc,ref      ] GC(0) Final: 5206 encountered, 5179 discovered, 5179 enqueued
[579.194s][info][gc,ref      ] GC(0) Phantom: 818 encountered, 777 discovered, 636 enqueued
[579.194s][info][gc,heap     ] GC(0)                Mark Start          Mark End        Relocate Start      Relocate End           High               Low         
[579.194s][info][gc,heap     ] GC(0)  Capacity:    10320M (10%)       10320M (10%)       10320M (10%)       10320M (10%)       10320M (10%)       10320M (10%)    
[579.194s][info][gc,heap     ] GC(0)   Reserve:       80M (0%)           80M (0%)           80M (0%)           80M (0%)           80M (0%)           80M (0%)     
[579.194s][info][gc,heap     ] GC(0)      Free:    90234M (90%)       90216M (90%)       96426M (96%)       99532M (99%)       99532M (99%)       90212M (90%)    
[579.194s][info][gc,heap     ] GC(0)      Used:    10038M (10%)       10056M (10%)        3846M (4%)          740M (1%)        10060M (10%)         740M (1%)     
[579.194s][info][gc,heap     ] GC(0)      Live:         -               646M (1%)          646M (1%)          646M (1%)             -                  -          
[579.194s][info][gc,heap     ] GC(0) Allocated:         -                18M (0%)           28M (0%)          668M (1%)             -                  -          
[579.194s][info][gc,heap     ] GC(0)   Garbage:         -              9391M (9%)         3171M (3%)           61M (0%)             -                  -          
[579.194s][info][gc,heap     ] GC(0) Reclaimed:         -                  -              6220M (6%)         9330M (9%)             -                  -          
[579.194s][info][gc          ] GC(0) Garbage Collection (Warmup) 10038M(10%)->740M(1%)
[580.059s][info][gc,stats    ] === Garbage Collection Statistics =======================================================================================================================
[580.059s][info][gc,stats    ]                                                              Last 10s              Last 10m              Last 10h                Total
[580.059s][info][gc,stats    ]                                                              Avg / Max             Avg / Max             Avg / Max             Avg / Max
[580.059s][info][gc,stats    ]   Collector: Garbage Collection Cycle                    334.467 / 334.467     334.467 / 334.467     334.467 / 334.467     334.467 / 334.467     ms
[580.059s][info][gc,stats    ]  Contention: Mark Segment Reset Contention                     2 / 24                0 / 24                0 / 24                0 / 24          ops/s
[580.059s][info][gc,stats    ]  Contention: Mark SeqNum Reset Contention                      0 / 0                 0 / 0                 0 / 0                 0 / 0           ops/s
[580.059s][info][gc,stats    ]  Contention: Relocation Contention                             1 / 10                0 / 10                0 / 10                0 / 10          ops/s
[580.059s][info][gc,stats    ]    Critical: Allocation Stall                              0.000 / 0.000         0.000 / 0.000         0.000 / 0.000         0.000 / 0.000       ms
[580.059s][info][gc,stats    ]    Critical: Allocation Stall                                  0 / 0                 0 / 0                 0 / 0                 0 / 0           ops/s
[580.059s][info][gc,stats    ]    Critical: GC Locker Stall                               0.000 / 0.000         0.000 / 0.000         0.000 / 0.000         0.000 / 0.000       ms
[580.059s][info][gc,stats    ]    Critical: GC Locker Stall                                   0 / 0                 0 / 0                 0 / 0                 0 / 0           ops/s
[580.059s][info][gc,stats    ]      Memory: Allocation Rate                                  34 / 50               17 / 486              17 / 486              17 / 486         MB/s
[580.059s][info][gc,stats    ]      Memory: Heap Used After Mark                          10056 / 10056         10056 / 10056         10056 / 10056         10056 / 10056       MB
[580.059s][info][gc,stats    ]      Memory: Heap Used After Relocation                      740 / 740             740 / 740             740 / 740             740 / 740         MB
[580.059s][info][gc,stats    ]      Memory: Heap Used Before Mark                         10038 / 10038         10038 / 10038         10038 / 10038         10038 / 10038       MB
[580.059s][info][gc,stats    ]      Memory: Heap Used Before Relocation                    3846 / 3846           3846 / 3846           3846 / 3846           3846 / 3846        MB
[580.059s][info][gc,stats    ]      Memory: Out Of Memory                                     0 / 0                 0 / 0                 0 / 0                 0 / 0           ops/s
[580.059s][info][gc,stats    ]      Memory: Page Cache Flush                                  0 / 0                 0 / 0                 0 / 0                 0 / 0           MB/s
[580.059s][info][gc,stats    ]      Memory: Page Cache Hit L1                                33 / 337               0 / 337               0 / 337               0 / 337         ops/s
[580.059s][info][gc,stats    ]      Memory: Page Cache Hit L2                                 0 / 0                 0 / 30                0 / 30                0 / 30          ops/s
[580.059s][info][gc,stats    ]      Memory: Page Cache Miss                                  15 / 23                8 / 240               8 / 240               8 / 240         ops/s
[580.059s][info][gc,stats    ]      Memory: Undo Object Allocation Failed                     0 / 0                 0 / 0                 0 / 0                 0 / 0           ops/s
[580.059s][info][gc,stats    ]      Memory: Undo Object Allocation Succeeded                  1 / 10                0 / 10                0 / 10                0 / 10          ops/s
[580.059s][info][gc,stats    ]      Memory: Undo Page Allocation                              0 / 0                 0 / 66                0 / 66                0 / 66          ops/s
[580.059s][info][gc,stats    ]       Phase: Concurrent Destroy Detached Pages             0.001 / 0.001         0.001 / 0.001         0.001 / 0.001         0.001 / 0.001       ms
[580.059s][info][gc,stats    ]       Phase: Concurrent Mark                             103.126 / 103.126     103.126 / 103.126     103.126 / 103.126     103.126 / 103.126     ms
[580.059s][info][gc,stats    ]       Phase: Concurrent Mark Continue                      3.657 / 3.657         3.657 / 3.657         3.657 / 3.657         3.657 / 3.657       ms
[580.059s][info][gc,stats    ]       Phase: Concurrent Prepare Relocation Set            96.801 / 96.801       96.801 / 96.801       96.801 / 96.801       96.801 / 96.801      ms
[580.059s][info][gc,stats    ]       Phase: Concurrent Process Non-Strong References     23.259 / 23.259       23.259 / 23.259       23.259 / 23.259       23.259 / 23.259      ms
[580.059s][info][gc,stats    ]       Phase: Concurrent Relocate                          91.205 / 91.205       91.205 / 91.205       91.205 / 91.205       91.205 / 91.205      ms
[580.059s][info][gc,stats    ]       Phase: Concurrent Reset Relocation Set               0.001 / 0.001         0.001 / 0.001         0.001 / 0.001         0.001 / 0.001       ms
[580.059s][info][gc,stats    ]       Phase: Concurrent Select Relocation Set             11.944 / 11.944       11.944 / 11.944       11.944 / 11.944       11.944 / 11.944      ms
[580.059s][info][gc,stats    ]       Phase: Pause Mark End                                0.750 / 1.249         0.750 / 1.249         0.750 / 1.249         0.750 / 1.249       ms
[580.059s][info][gc,stats    ]       Phase: Pause Mark Start                              1.474 / 1.474         1.474 / 1.474         1.474 / 1.474         1.474 / 1.474       ms
[580.059s][info][gc,stats    ]       Phase: Pause Relocate Start                          0.224 / 0.224         0.224 / 0.224         0.224 / 0.224         0.224 / 0.224       ms
[580.059s][info][gc,stats    ]       Phase: Pause Verify                                  0.000 / 0.000         0.000 / 0.000         0.000 / 0.000         0.000 / 0.000       ms
[580.059s][info][gc,stats    ]    Subphase: Concurrent Classes Unload                    17.423 / 17.423       17.423 / 17.423       17.423 / 17.423       17.423 / 17.423      ms
[580.059s][info][gc,stats    ]    Subphase: Concurrent Mark                              52.447 / 101.978      52.447 / 101.978      52.447 / 101.978      52.447 / 101.978     ms
[580.059s][info][gc,stats    ]    Subphase: Concurrent Mark Idle                          1.144 / 1.184         1.144 / 1.184         1.144 / 1.184         1.144 / 1.184       ms
[580.059s][info][gc,stats    ]    Subphase: Concurrent Mark Try Flush                     0.064 / 0.101         0.064 / 0.101         0.064 / 0.101         0.064 / 0.101       ms
[580.059s][info][gc,stats    ]    Subphase: Concurrent Mark Try Terminate                 1.090 / 1.189         1.090 / 1.189         1.090 / 1.189         1.090 / 1.189       ms
[580.060s][info][gc,stats    ]    Subphase: Concurrent References Enqueue                 0.004 / 0.004         0.004 / 0.004         0.004 / 0.004         0.004 / 0.004       ms
[580.060s][info][gc,stats    ]    Subphase: Concurrent References Process                 5.587 / 5.587         5.587 / 5.587         5.587 / 5.587         5.587 / 5.587       ms
[580.060s][info][gc,stats    ]    Subphase: Concurrent Roots                              0.111 / 0.460         0.111 / 0.460         0.111 / 0.460         0.111 / 0.460       ms
[580.060s][info][gc,stats    ]    Subphase: Concurrent Roots ClassLoaderDataGraph         0.103 / 0.432         0.103 / 0.432         0.103 / 0.432         0.103 / 0.432       ms
[580.060s][info][gc,stats    ]    Subphase: Concurrent Roots JNIHandles                   0.018 / 0.024         0.018 / 0.024         0.018 / 0.024         0.018 / 0.024       ms
[580.060s][info][gc,stats    ]    Subphase: Concurrent Roots Setup                        0.463 / 0.463         0.463 / 0.463         0.463 / 0.463         0.463 / 0.463       ms
[580.060s][info][gc,stats    ]    Subphase: Concurrent Roots Teardown                     0.001 / 0.001         0.001 / 0.001         0.001 / 0.001         0.001 / 0.001       ms
[580.060s][info][gc,stats    ]    Subphase: Concurrent Weak Roots                         0.148 / 0.191         0.148 / 0.191         0.148 / 0.191         0.148 / 0.191       ms
[580.060s][info][gc,stats    ]    Subphase: Concurrent Weak Roots JNIWeakHandles          0.002 / 0.007         0.002 / 0.007         0.002 / 0.007         0.002 / 0.007       ms
[580.060s][info][gc,stats    ]    Subphase: Concurrent Weak Roots StringTable             0.126 / 0.129         0.126 / 0.129         0.126 / 0.129         0.126 / 0.129       ms
[580.060s][info][gc,stats    ]    Subphase: Concurrent Weak Roots VMWeakHandles           0.022 / 0.060         0.022 / 0.060         0.022 / 0.060         0.022 / 0.060       ms
[580.060s][info][gc,stats    ]    Subphase: Pause Mark Try Complete                       0.300 / 1.020         0.300 / 1.020         0.300 / 1.020         0.300 / 1.020       ms
[580.060s][info][gc,stats    ]    Subphase: Pause Roots                                   0.079 / 1.184         0.079 / 1.184         0.079 / 1.184         0.079 / 1.184       ms
[580.060s][info][gc,stats    ]    Subphase: Pause Roots CodeCache                         0.000 / 0.000         0.000 / 0.000         0.000 / 0.000         0.000 / 0.000       ms
[580.060s][info][gc,stats    ]    Subphase: Pause Roots JVMTIExport                       0.001 / 0.002         0.001 / 0.002         0.001 / 0.002         0.001 / 0.002       ms
[580.060s][info][gc,stats    ]    Subphase: Pause Roots JVMTIWeakExport                   0.002 / 0.002         0.002 / 0.002         0.002 / 0.002         0.002 / 0.002       ms
[580.060s][info][gc,stats    ]    Subphase: Pause Roots Management                        0.007 / 0.010         0.007 / 0.010         0.007 / 0.010         0.007 / 0.010       ms
[580.060s][info][gc,stats    ]    Subphase: Pause Roots ObjectSynchronizer                0.001 / 0.001         0.001 / 0.001         0.001 / 0.001         0.001 / 0.001       ms
[580.060s][info][gc,stats    ]    Subphase: Pause Roots Setup                             0.001 / 0.002         0.001 / 0.002         0.001 / 0.002         0.001 / 0.002       ms
[580.060s][info][gc,stats    ]    Subphase: Pause Roots SystemDictionary                  0.606 / 1.166         0.606 / 1.166         0.606 / 1.166         0.606 / 1.166       ms
[580.060s][info][gc,stats    ]    Subphase: Pause Roots Teardown                          0.003 / 0.006         0.003 / 0.006         0.003 / 0.006         0.003 / 0.006       ms
[580.060s][info][gc,stats    ]    Subphase: Pause Roots Threads                           0.113 / 0.789         0.113 / 0.789         0.113 / 0.789         0.113 / 0.789       ms
[580.060s][info][gc,stats    ]    Subphase: Pause Roots Universe                          0.009 / 0.014         0.009 / 0.014         0.009 / 0.014         0.009 / 0.014       ms
[580.060s][info][gc,stats    ]    Subphase: Pause Weak Roots                              0.002 / 0.009         0.002 / 0.009         0.002 / 0.009         0.002 / 0.009       ms
[580.060s][info][gc,stats    ]    Subphase: Pause Weak Roots JFRWeak                      0.001 / 0.001         0.001 / 0.001         0.001 / 0.001         0.001 / 0.001       ms
[580.060s][info][gc,stats    ]    Subphase: Pause Weak Roots JVMTIWeakExport              0.007 / 0.007         0.007 / 0.007         0.007 / 0.007         0.007 / 0.007       ms
[580.060s][info][gc,stats    ]    Subphase: Pause Weak Roots Setup                        0.001 / 0.001         0.001 / 0.001         0.001 / 0.001         0.001 / 0.001       ms
[580.060s][info][gc,stats    ]    Subphase: Pause Weak Roots Teardown                     0.001 / 0.001         0.001 / 0.001         0.001 / 0.001         0.001 / 0.001       ms
[580.060s][info][gc,stats    ]      System: Java Threads                                     71 / 73               71 / 73               71 / 73               71 / 73          threads
[580.060s][info][gc,stats    ] =========================================================================================================================================================
[590.060s][info][gc,stats    ] === Garbage Collection Statistics =======================================================================================================================
[590.060s][info][gc,stats    ]                                                              Last 10s              Last 10m              Last 10h                Total
[590.060s][info][gc,stats    ]                                                              Avg / Max             Avg / Max             Avg / Max             Avg / Max
[590.060s][info][gc,stats    ]   Collector: Garbage Collection Cycle                      0.000 / 0.000       334.467 / 334.467     334.467 / 334.467     334.467 / 334.467     ms
[590.060s][info][gc,stats    ]  Contention: Mark Segment Reset Contention                     0 / 0                 0 / 24                0 / 24                0 / 24          ops/s
[590.060s][info][gc,stats    ]  Contention: Mark SeqNum Reset Contention                      0 / 0                 0 / 0                 0 / 0                 0 / 0           ops/s
[590.060s][info][gc,stats    ]  Contention: Relocation Contention                             0 / 0                 0 / 10                0 / 10                0 / 10          ops/s
[590.060s][info][gc,stats    ]    Critical: Allocation Stall                              0.000 / 0.000         0.000 / 0.000         0.000 / 0.000         0.000 / 0.000       ms
[590.060s][info][gc,stats    ]    Critical: Allocation Stall                                  0 / 0                 0 / 0                 0 / 0                 0 / 0           ops/s
[590.060s][info][gc,stats    ]    Critical: GC Locker Stall                               0.000 / 0.000         0.000 / 0.000         0.000 / 0.000         0.000 / 0.000       ms
[590.060s][info][gc,stats    ]    Critical: GC Locker Stall                                   0 / 0                 0 / 0                 0 / 0                 0 / 0           ops/s
[590.060s][info][gc,stats    ]      Memory: Allocation Rate                                  32 / 36               17 / 486              17 / 486              17 / 486         MB/s
[590.060s][info][gc,stats    ]      Memory: Heap Used After Mark                              0 / 0             10056 / 10056         10056 / 10056         10056 / 10056       MB
[590.060s][info][gc,stats    ]      Memory: Heap Used After Relocation                        0 / 0               740 / 740             740 / 740             740 / 740         MB
[590.060s][info][gc,stats    ]      Memory: Heap Used Before Mark                             0 / 0             10038 / 10038         10038 / 10038         10038 / 10038       MB
[590.060s][info][gc,stats    ]      Memory: Heap Used Before Relocation                       0 / 0              3846 / 3846           3846 / 3846           3846 / 3846        MB
[590.060s][info][gc,stats    ]      Memory: Out Of Memory                                     0 / 0                 0 / 0                 0 / 0                 0 / 0           ops/s
[590.060s][info][gc,stats    ]      Memory: Page Cache Flush                                  0 / 0                 0 / 0                 0 / 0                 0 / 0           MB/s
[590.060s][info][gc,stats    ]      Memory: Page Cache Hit L1                                16 / 18                0 / 337               0 / 337               0 / 337         ops/s
[590.060s][info][gc,stats    ]      Memory: Page Cache Hit L2                                 0 / 0                 0 / 30                0 / 30                0 / 30          ops/s
[590.060s][info][gc,stats    ]      Memory: Page Cache Miss                                   0 / 0                 8 / 240               8 / 240               8 / 240         ops/s
[590.060s][info][gc,stats    ]      Memory: Undo Object Allocation Failed                     0 / 0                 0 / 0                 0 / 0                 0 / 0           ops/s
[590.060s][info][gc,stats    ]      Memory: Undo Object Allocation Succeeded                  0 / 0                 0 / 10                0 / 10                0 / 10          ops/s
[590.060s][info][gc,stats    ]      Memory: Undo Page Allocation                              0 / 0                 0 / 66                0 / 66                0 / 66          ops/s
[590.060s][info][gc,stats    ]       Phase: Concurrent Destroy Detached Pages             0.000 / 0.000         0.001 / 0.001         0.001 / 0.001         0.001 / 0.001       ms
[590.060s][info][gc,stats    ]       Phase: Concurrent Mark                               0.000 / 0.000       103.126 / 103.126     103.126 / 103.126     103.126 / 103.126     ms
[590.060s][info][gc,stats    ]       Phase: Concurrent Mark Continue                      0.000 / 0.000         3.657 / 3.657         3.657 / 3.657         3.657 / 3.657       ms
[590.060s][info][gc,stats    ]       Phase: Concurrent Prepare Relocation Set             0.000 / 0.000        96.801 / 96.801       96.801 / 96.801       96.801 / 96.801      ms
[590.060s][info][gc,stats    ]       Phase: Concurrent Process Non-Strong References      0.000 / 0.000        23.259 / 23.259       23.259 / 23.259       23.259 / 23.259      ms
[590.060s][info][gc,stats    ]       Phase: Concurrent Relocate                           0.000 / 0.000        91.205 / 91.205       91.205 / 91.205       91.205 / 91.205      ms
[590.060s][info][gc,stats    ]       Phase: Concurrent Reset Relocation Set               0.000 / 0.000         0.001 / 0.001         0.001 / 0.001         0.001 / 0.001       ms
[590.060s][info][gc,stats    ]       Phase: Concurrent Select Relocation Set              0.000 / 0.000        11.944 / 11.944       11.944 / 11.944       11.944 / 11.944      ms
[590.060s][info][gc,stats    ]       Phase: Pause Mark End                                0.000 / 0.000         0.750 / 1.249         0.750 / 1.249         0.750 / 1.249       ms
[590.060s][info][gc,stats    ]       Phase: Pause Mark Start                              0.000 / 0.000         1.474 / 1.474         1.474 / 1.474         1.474 / 1.474       ms
[590.060s][info][gc,stats    ]       Phase: Pause Relocate Start                          0.000 / 0.000         0.224 / 0.224         0.224 / 0.224         0.224 / 0.224       ms
[590.060s][info][gc,stats    ]       Phase: Pause Verify                                  0.000 / 0.000         0.000 / 0.000         0.000 / 0.000         0.000 / 0.000       ms
[590.060s][info][gc,stats    ]    Subphase: Concurrent Classes Unload                     0.000 / 0.000        17.423 / 17.423       17.423 / 17.423       17.423 / 17.423      ms
[590.060s][info][gc,stats    ]    Subphase: Concurrent Mark                               0.000 / 0.000        52.447 / 101.978      52.447 / 101.978      52.447 / 101.978     ms
[590.060s][info][gc,stats    ]    Subphase: Concurrent Mark Idle                          0.000 / 0.000         1.144 / 1.184         1.144 / 1.184         1.144 / 1.184       ms
[590.060s][info][gc,stats    ]    Subphase: Concurrent Mark Try Flush                     0.000 / 0.000         0.064 / 0.101         0.064 / 0.101         0.064 / 0.101       ms
[590.060s][info][gc,stats    ]    Subphase: Concurrent Mark Try Terminate                 0.000 / 0.000         1.090 / 1.189         1.090 / 1.189         1.090 / 1.189       ms
[590.060s][info][gc,stats    ]    Subphase: Concurrent References Enqueue                 0.000 / 0.000         0.004 / 0.004         0.004 / 0.004         0.004 / 0.004       ms
[590.060s][info][gc,stats    ]    Subphase: Concurrent References Process                 0.000 / 0.000         5.587 / 5.587         5.587 / 5.587         5.587 / 5.587       ms
[590.060s][info][gc,stats    ]    Subphase: Concurrent Roots                              0.000 / 0.000         0.111 / 0.460         0.111 / 0.460         0.111 / 0.460       ms
[590.060s][info][gc,stats    ]    Subphase: Concurrent Roots ClassLoaderDataGraph         0.000 / 0.000         0.103 / 0.432         0.103 / 0.432         0.103 / 0.432       ms
[590.060s][info][gc,stats    ]    Subphase: Concurrent Roots JNIHandles                   0.000 / 0.000         0.018 / 0.024         0.018 / 0.024         0.018 / 0.024       ms
[590.060s][info][gc,stats    ]    Subphase: Concurrent Roots Setup                        0.000 / 0.000         0.463 / 0.463         0.463 / 0.463         0.463 / 0.463       ms
[590.060s][info][gc,stats    ]    Subphase: Concurrent Roots Teardown                     0.000 / 0.000         0.001 / 0.001         0.001 / 0.001         0.001 / 0.001       ms
[590.060s][info][gc,stats    ]    Subphase: Concurrent Weak Roots                         0.000 / 0.000         0.148 / 0.191         0.148 / 0.191         0.148 / 0.191       ms
[590.060s][info][gc,stats    ]    Subphase: Concurrent Weak Roots JNIWeakHandles          0.000 / 0.000         0.002 / 0.007         0.002 / 0.007         0.002 / 0.007       ms
[590.060s][info][gc,stats    ]    Subphase: Concurrent Weak Roots StringTable             0.000 / 0.000         0.126 / 0.129         0.126 / 0.129         0.126 / 0.129       ms
[590.060s][info][gc,stats    ]    Subphase: Concurrent Weak Roots VMWeakHandles           0.000 / 0.000         0.022 / 0.060         0.022 / 0.060         0.022 / 0.060       ms
[590.060s][info][gc,stats    ]    Subphase: Pause Mark Try Complete                       0.000 / 0.000         0.300 / 1.020         0.300 / 1.020         0.300 / 1.020       ms
[590.060s][info][gc,stats    ]    Subphase: Pause Roots                                   0.000 / 0.000         0.079 / 1.184         0.079 / 1.184         0.079 / 1.184       ms
[590.060s][info][gc,stats    ]    Subphase: Pause Roots CodeCache                         0.000 / 0.000         0.000 / 0.000         0.000 / 0.000         0.000 / 0.000       ms
[590.060s][info][gc,stats    ]    Subphase: Pause Roots JVMTIExport                       0.000 / 0.000         0.001 / 0.002         0.001 / 0.002         0.001 / 0.002       ms
[590.060s][info][gc,stats    ]    Subphase: Pause Roots JVMTIWeakExport                   0.000 / 0.000         0.002 / 0.002         0.002 / 0.002         0.002 / 0.002       ms
[590.060s][info][gc,stats    ]    Subphase: Pause Roots Management                        0.000 / 0.000         0.007 / 0.010         0.007 / 0.010         0.007 / 0.010       ms
[590.060s][info][gc,stats    ]    Subphase: Pause Roots ObjectSynchronizer                0.000 / 0.000         0.001 / 0.001         0.001 / 0.001         0.001 / 0.001       ms
[590.060s][info][gc,stats    ]    Subphase: Pause Roots Setup                             0.000 / 0.000         0.001 / 0.002         0.001 / 0.002         0.001 / 0.002       ms
[590.060s][info][gc,stats    ]    Subphase: Pause Roots SystemDictionary                  0.000 / 0.000         0.606 / 1.166         0.606 / 1.166         0.606 / 1.166       ms
[590.060s][info][gc,stats    ]    Subphase: Pause Roots Teardown                          0.000 / 0.000         0.003 / 0.006         0.003 / 0.006         0.003 / 0.006       ms
[590.060s][info][gc,stats    ]    Subphase: Pause Roots Threads                           0.000 / 0.000         0.113 / 0.789         0.113 / 0.789         0.113 / 0.789       ms
[590.060s][info][gc,stats    ]    Subphase: Pause Roots Universe                          0.000 / 0.000         0.009 / 0.014         0.009 / 0.014         0.009 / 0.014       ms
[590.060s][info][gc,stats    ]    Subphase: Pause Weak Roots                              0.000 / 0.000         0.002 / 0.009         0.002 / 0.009         0.002 / 0.009       ms
[590.060s][info][gc,stats    ]    Subphase: Pause Weak Roots JFRWeak                      0.000 / 0.000         0.001 / 0.001         0.001 / 0.001         0.001 / 0.001       ms
[590.060s][info][gc,stats    ]    Subphase: Pause Weak Roots JVMTIWeakExport              0.000 / 0.000         0.007 / 0.007         0.007 / 0.007         0.007 / 0.007       ms
[590.060s][info][gc,stats    ]    Subphase: Pause Weak Roots Setup                        0.000 / 0.000         0.001 / 0.001         0.001 / 0.001         0.001 / 0.001       ms
[590.060s][info][gc,stats    ]    Subphase: Pause Weak Roots Teardown                     0.000 / 0.000         0.001 / 0.001         0.001 / 0.001         0.001 / 0.001       ms
[590.060s][info][gc,stats    ]      System: Java Threads                                      0 / 0                71 / 73               71 / 73               71 / 73          threads
[590.060s][info][gc,stats    ] =========================================================================================================================================================
[600.059s][info][gc,stats    ] === Garbage Collection Statistics =======================================================================================================================
[600.060s][info][gc,stats    ]                                                              Last 10s              Last 10m              Last 10h                Total
[600.060s][info][gc,stats    ]                                                              Avg / Max             Avg / Max             Avg / Max             Avg / Max
[600.060s][info][gc,stats    ]   Collector: Garbage Collection Cycle                      0.000 / 0.000       334.467 / 334.467     334.467 / 334.467     334.467 / 334.467     ms
[600.060s][info][gc,stats    ]  Contention: Mark Segment Reset Contention                     0 / 0                 0 / 24                0 / 24                0 / 24          ops/s
[600.060s][info][gc,stats    ]  Contention: Mark SeqNum Reset Contention                      0 / 0                 0 / 0                 0 / 0                 0 / 0           ops/s
[600.060s][info][gc,stats    ]  Contention: Relocation Contention                             0 / 0                 0 / 10                0 / 10                0 / 10          ops/s
[600.060s][info][gc,stats    ]    Critical: Allocation Stall                              0.000 / 0.000         0.000 / 0.000         0.000 / 0.000         0.000 / 0.000       ms
[600.060s][info][gc,stats    ]    Critical: Allocation Stall                                  0 / 0                 0 / 0                 0 / 0                 0 / 0           ops/s
[600.060s][info][gc,stats    ]    Critical: GC Locker Stall                               0.000 / 0.000         0.000 / 0.000         0.000 / 0.000         0.000 / 0.000       ms
[600.060s][info][gc,stats    ]    Critical: GC Locker Stall                                   0 / 0                 0 / 0                 0 / 0                 0 / 0           ops/s
[600.060s][info][gc,stats    ]      Memory: Allocation Rate                                  31 / 34               18 / 486              18 / 486              18 / 486         MB/s
[600.060s][info][gc,stats    ]      Memory: Heap Used After Mark                              0 / 0             10056 / 10056         10056 / 10056         10056 / 10056       MB
[600.060s][info][gc,stats    ]      Memory: Heap Used After Relocation                        0 / 0               740 / 740             740 / 740             740 / 740         MB
[600.060s][info][gc,stats    ]      Memory: Heap Used Before Mark                             0 / 0             10038 / 10038         10038 / 10038         10038 / 10038       MB
[600.060s][info][gc,stats    ]      Memory: Heap Used Before Relocation                       0 / 0              3846 / 3846           3846 / 3846           3846 / 3846        MB
[600.060s][info][gc,stats    ]      Memory: Out Of Memory                                     0 / 0                 0 / 0                 0 / 0                 0 / 0           ops/s
[600.060s][info][gc,stats    ]      Memory: Page Cache Flush                                  0 / 0                 0 / 0                 0 / 0                 0 / 0           MB/s
[600.060s][info][gc,stats    ]      Memory: Page Cache Hit L1                                15 / 17                1 / 337               1 / 337               1 / 337         ops/s
[600.060s][info][gc,stats    ]      Memory: Page Cache Hit L2                                 0 / 0                 0 / 30                0 / 30                0 / 30          ops/s
[600.060s][info][gc,stats    ]      Memory: Page Cache Miss                                   0 / 0                 8 / 240               8 / 240               8 / 240         ops/s
[600.060s][info][gc,stats    ]      Memory: Undo Object Allocation Failed                     0 / 0                 0 / 0                 0 / 0                 0 / 0           ops/s
[600.060s][info][gc,stats    ]      Memory: Undo Object Allocation Succeeded                  0 / 0                 0 / 10                0 / 10                0 / 10          ops/s
[600.060s][info][gc,stats    ]      Memory: Undo Page Allocation                              0 / 0                 0 / 66                0 / 66                0 / 66          ops/s
[600.060s][info][gc,stats    ]       Phase: Concurrent Destroy Detached Pages             0.000 / 0.000         0.001 / 0.001         0.001 / 0.001         0.001 / 0.001       ms
[600.060s][info][gc,stats    ]       Phase: Concurrent Mark                               0.000 / 0.000       103.126 / 103.126     103.126 / 103.126     103.126 / 103.126     ms
[600.060s][info][gc,stats    ]       Phase: Concurrent Mark Continue                      0.000 / 0.000         3.657 / 3.657         3.657 / 3.657         3.657 / 3.657       ms
[600.060s][info][gc,stats    ]       Phase: Concurrent Prepare Relocation Set             0.000 / 0.000        96.801 / 96.801       96.801 / 96.801       96.801 / 96.801      ms
[600.060s][info][gc,stats    ]       Phase: Concurrent Process Non-Strong References      0.000 / 0.000        23.259 / 23.259       23.259 / 23.259       23.259 / 23.259      ms
[600.060s][info][gc,stats    ]       Phase: Concurrent Relocate                           0.000 / 0.000        91.205 / 91.205       91.205 / 91.205       91.205 / 91.205      ms
[600.060s][info][gc,stats    ]       Phase: Concurrent Reset Relocation Set               0.000 / 0.000         0.001 / 0.001         0.001 / 0.001         0.001 / 0.001       ms
[600.060s][info][gc,stats    ]       Phase: Concurrent Select Relocation Set              0.000 / 0.000        11.944 / 11.944       11.944 / 11.944       11.944 / 11.944      ms
[600.060s][info][gc,stats    ]       Phase: Pause Mark End                                0.000 / 0.000         0.750 / 1.249         0.750 / 1.249         0.750 / 1.249       ms
[600.060s][info][gc,stats    ]       Phase: Pause Mark Start                              0.000 / 0.000         1.474 / 1.474         1.474 / 1.474         1.474 / 1.474       ms
[600.060s][info][gc,stats    ]       Phase: Pause Relocate Start                          0.000 / 0.000         0.224 / 0.224         0.224 / 0.224         0.224 / 0.224       ms
[600.060s][info][gc,stats    ]       Phase: Pause Verify                                  0.000 / 0.000         0.000 / 0.000         0.000 / 0.000         0.000 / 0.000       ms
[600.060s][info][gc,stats    ]    Subphase: Concurrent Classes Unload                     0.000 / 0.000        17.423 / 17.423       17.423 / 17.423       17.423 / 17.423      ms
[600.060s][info][gc,stats    ]    Subphase: Concurrent Mark                               0.000 / 0.000        52.447 / 101.978      52.447 / 101.978      52.447 / 101.978     ms
[600.060s][info][gc,stats    ]    Subphase: Concurrent Mark Idle                          0.000 / 0.000         1.144 / 1.184         1.144 / 1.184         1.144 / 1.184       ms
[600.060s][info][gc,stats    ]    Subphase: Concurrent Mark Try Flush                     0.000 / 0.000         0.064 / 0.101         0.064 / 0.101         0.064 / 0.101       ms
[600.060s][info][gc,stats    ]    Subphase: Concurrent Mark Try Terminate                 0.000 / 0.000         1.090 / 1.189         1.090 / 1.189         1.090 / 1.189       ms
[600.060s][info][gc,stats    ]    Subphase: Concurrent References Enqueue                 0.000 / 0.000         0.004 / 0.004         0.004 / 0.004         0.004 / 0.004       ms
[600.060s][info][gc,stats    ]    Subphase: Concurrent References Process                 0.000 / 0.000         5.587 / 5.587         5.587 / 5.587         5.587 / 5.587       ms
[600.060s][info][gc,stats    ]    Subphase: Concurrent Roots                              0.000 / 0.000         0.111 / 0.460         0.111 / 0.460         0.111 / 0.460       ms
[600.060s][info][gc,stats    ]    Subphase: Concurrent Roots ClassLoaderDataGraph         0.000 / 0.000         0.103 / 0.432         0.103 / 0.432         0.103 / 0.432       ms
[600.060s][info][gc,stats    ]    Subphase: Concurrent Roots JNIHandles                   0.000 / 0.000         0.018 / 0.024         0.018 / 0.024         0.018 / 0.024       ms
[600.060s][info][gc,stats    ]    Subphase: Concurrent Roots Setup                        0.000 / 0.000         0.463 / 0.463         0.463 / 0.463         0.463 / 0.463       ms
[600.060s][info][gc,stats    ]    Subphase: Concurrent Roots Teardown                     0.000 / 0.000         0.001 / 0.001         0.001 / 0.001         0.001 / 0.001       ms
[600.060s][info][gc,stats    ]    Subphase: Concurrent Weak Roots                         0.000 / 0.000         0.148 / 0.191         0.148 / 0.191         0.148 / 0.191       ms
[600.060s][info][gc,stats    ]    Subphase: Concurrent Weak Roots JNIWeakHandles          0.000 / 0.000         0.002 / 0.007         0.002 / 0.007         0.002 / 0.007       ms
[600.060s][info][gc,stats    ]    Subphase: Concurrent Weak Roots StringTable             0.000 / 0.000         0.126 / 0.129         0.126 / 0.129         0.126 / 0.129       ms
[600.060s][info][gc,stats    ]    Subphase: Concurrent Weak Roots VMWeakHandles           0.000 / 0.000         0.022 / 0.060         0.022 / 0.060         0.022 / 0.060       ms
[600.060s][info][gc,stats    ]    Subphase: Pause Mark Try Complete                       0.000 / 0.000         0.300 / 1.020         0.300 / 1.020         0.300 / 1.020       ms
[600.060s][info][gc,stats    ]    Subphase: Pause Roots                                   0.000 / 0.000         0.079 / 1.184         0.079 / 1.184         0.079 / 1.184       ms
[600.060s][info][gc,stats    ]    Subphase: Pause Roots CodeCache                         0.000 / 0.000         0.000 / 0.000         0.000 / 0.000         0.000 / 0.000       ms
[600.060s][info][gc,stats    ]    Subphase: Pause Roots JVMTIExport                       0.000 / 0.000         0.001 / 0.002         0.001 / 0.002         0.001 / 0.002       ms
[600.060s][info][gc,stats    ]    Subphase: Pause Roots JVMTIWeakExport                   0.000 / 0.000         0.002 / 0.002         0.002 / 0.002         0.002 / 0.002       ms
[600.060s][info][gc,stats    ]    Subphase: Pause Roots Management                        0.000 / 0.000         0.007 / 0.010         0.007 / 0.010         0.007 / 0.010       ms
[600.060s][info][gc,stats    ]    Subphase: Pause Roots ObjectSynchronizer                0.000 / 0.000         0.001 / 0.001         0.001 / 0.001         0.001 / 0.001       ms
[600.060s][info][gc,stats    ]    Subphase: Pause Roots Setup                             0.000 / 0.000         0.001 / 0.002         0.001 / 0.002         0.001 / 0.002       ms
[600.060s][info][gc,stats    ]    Subphase: Pause Roots SystemDictionary                  0.000 / 0.000         0.606 / 1.166         0.606 / 1.166         0.606 / 1.166       ms
[600.060s][info][gc,stats    ]    Subphase: Pause Roots Teardown                          0.000 / 0.000         0.003 / 0.006         0.003 / 0.006         0.003 / 0.006       ms
[600.060s][info][gc,stats    ]    Subphase: Pause Roots Threads                           0.000 / 0.000         0.113 / 0.789         0.113 / 0.789         0.113 / 0.789       ms
[600.060s][info][gc,stats    ]    Subphase: Pause Roots Universe                          0.000 / 0.000         0.009 / 0.014         0.009 / 0.014         0.009 / 0.014       ms
[600.060s][info][gc,stats    ]    Subphase: Pause Weak Roots                              0.000 / 0.000         0.002 / 0.009         0.002 / 0.009         0.002 / 0.009       ms
[600.060s][info][gc,stats    ]    Subphase: Pause Weak Roots JFRWeak                      0.000 / 0.000         0.001 / 0.001         0.001 / 0.001         0.001 / 0.001       ms
[600.060s][info][gc,stats    ]    Subphase: Pause Weak Roots JVMTIWeakExport              0.000 / 0.000         0.007 / 0.007         0.007 / 0.007         0.007 / 0.007       ms
[600.060s][info][gc,stats    ]    Subphase: Pause Weak Roots Setup                        0.000 / 0.000         0.001 / 0.001         0.001 / 0.001         0.001 / 0.001       ms
[600.060s][info][gc,stats    ]    Subphase: Pause Weak Roots Teardown                     0.000 / 0.000         0.001 / 0.001         0.001 / 0.001         0.001 / 0.001       ms
[600.060s][info][gc,stats    ]      System: Java Threads                                      0 / 0                71 / 73               71 / 73               71 / 73          threads
[600.060s][info][gc,stats    ] =========================================================================================================================================================
[609.127s][info][gc,heap,exit] Heap
[609.127s][info][gc,heap,exit]  ZHeap           used 1702M, capacity 10320M, max capacity 100352M
[609.127s][info][gc,heap,exit]  Metaspace       used 42741K, capacity 43524K, committed 43776K, reserved 45056K
